
  [30;43;1m WARN [39;49;22m Metadata found in doc-comment for class Tests\Unit\Filament\Concerns\FiltersEmptyLanguageValuesTest. Metadata in doc-comments is deprecated and will no longer be supported in PHPUnit 12. Update your test code to use attributes instead.

  [30;43;1m WARN [39;49;22m Metadata found in doc-comment for method Tests\Unit\Filament\Concerns\FiltersEmptyLanguageValuesTest::test_preserves_valid_language_values(). Metadata in doc-comments is deprecated and will no longer be supported in PHPUnit 12. Update your test code to use attributes instead.

  [30;43;1m WARN [39;49;22m Metadata found in doc-comment for method Tests\Unit\Filament\Concerns\FiltersEmptyLanguageValuesTest::test_filters_null_values(). Metadata in doc-comments is deprecated and will no longer be supported in PHPUnit 12. Update your test code to use attributes instead.

  [30;43;1m WARN [39;49;22m Metadata found in doc-comment for method Tests\Unit\Filament\Concerns\FiltersEmptyLanguageValuesTest::test_filters_empty_string_values(). Metadata in doc-comments is deprecated and will no longer be supported in PHPUnit 12. Update your test code to use attributes instead.

  [30;43;1m WARN [39;49;22m Metadata found in doc-comment for method Tests\Unit\Filament\Concerns\FiltersEmptyLanguageValuesTest::test_filters_whitespace_only_values(). Metadata in doc-comments is deprecated and will no longer be supported in PHPUnit 12. Update your test code to use attributes instead.

  [30;43;1m WARN [39;49;22m Metadata found in doc-comment for method Tests\Unit\Filament\Concerns\FiltersEmptyLanguageValuesTest::test_filters_mixed_empty_and_valid_values(). Metadata in doc-comments is deprecated and will no longer be supported in PHPUnit 12. Update your test code to use attributes instead.

  [30;43;1m WARN [39;49;22m Metadata found in doc-comment for method Tests\Unit\Filament\Concerns\FiltersEmptyLanguageValuesTest::test_all_empty_values_results_in_empty_array(). Metadata in doc-comments is deprecated and will no longer be supported in PHPUnit 12. Update your test code to use attributes instead.

  [30;43;1m WARN [39;49;22m Metadata found in doc-comment for method Tests\Unit\Filament\Concerns\FiltersEmptyLanguageValuesTest::test_data_without_values_key_unchanged(). Metadata in doc-comments is deprecated and will no longer be supported in PHPUnit 12. Update your test code to use attributes instead.

  [30;43;1m WARN [39;49;22m Metadata found in doc-comment for method Tests\Unit\Filament\Concerns\FiltersEmptyLanguageValuesTest::test_non_array_values_key_unchanged(). Metadata in doc-comments is deprecated and will no longer be supported in PHPUnit 12. Update your test code to use attributes instead.

  [30;43;1m WARN [39;49;22m Metadata found in doc-comment for method Tests\Unit\Filament\Concerns\FiltersEmptyLanguageValuesTest::test_empty_values_array_preserved(). Metadata in doc-comments is deprecated and will no longer be supported in PHPUnit 12. Update your test code to use attributes instead.

  [30;43;1m WARN [39;49;22m Metadata found in doc-comment for method Tests\Unit\Filament\Concerns\FiltersEmptyLanguageValuesTest::test_preserves_values_with_meaningful_spaces(). Metadata in doc-comments is deprecated and will no longer be supported in PHPUnit 12. Update your test code to use attributes instead.

  [30;43;1m WARN [39;49;22m Metadata found in doc-comment for method Tests\Unit\Filament\Concerns\FiltersEmptyLanguageValuesTest::test_preserves_numeric_string_values(). Metadata in doc-comments is deprecated and will no longer be supported in PHPUnit 12. Update your test code to use attributes instead.

  [30;43;1m WARN [39;49;22m Metadata found in doc-comment for method Tests\Unit\Filament\Concerns\FiltersEmptyLanguageValuesTest::test_preserves_special_characters(). Metadata in doc-comments is deprecated and will no longer be supported in PHPUnit 12. Update your test code to use attributes instead.

  [30;43;1m WARN [39;49;22m Metadata found in doc-comment for method Tests\Unit\Filament\Concerns\FiltersEmptyLanguageValuesTest::test_preserves_multiline_values(). Metadata in doc-comments is deprecated and will no longer be supported in PHPUnit 12. Update your test code to use attributes instead.

  [30;43;1m WARN [39;49;22m Metadata found in doc-comment for method Tests\Unit\Filament\Concerns\FiltersEmptyLanguageValuesTest::test_preserves_other_form_fields(). Metadata in doc-comments is deprecated and will no longer be supported in PHPUnit 12. Update your test code to use attributes instead.

  [30;43;1m WARN [39;49;22m Metadata found in doc-comment for method Tests\Unit\Filament\Concerns\FiltersEmptyLanguageValuesTest::test_preserves_boolean_false(). Metadata in doc-comments is deprecated and will no longer be supported in PHPUnit 12. Update your test code to use attributes instead.

  [30;43;1m WARN [39;49;22m Metadata found in doc-comment for method Tests\Unit\Filament\Concerns\FiltersEmptyLanguageValuesTest::test_preserves_zero_string(). Metadata in doc-comments is deprecated and will no longer be supported in PHPUnit 12. Update your test code to use attributes instead.

  [30;43;1m WARN [39;49;22m Metadata found in doc-comment for method Tests\Unit\Services\BillingServiceTest::it_generates_invoice_with_electricity_consumption(). Metadata in doc-comments is deprecated and will no longer be supported in PHPUnit 12. Update your test code to use attributes instead.

  [30;43;1m WARN [39;49;22m Metadata found in doc-comment for method Tests\Unit\Services\BillingServiceTest::it_generates_invoice_with_water_consumption_including_supply_and_sewage(). Metadata in doc-comments is deprecated and will no longer be supported in PHPUnit 12. Update your test code to use attributes instead.

  [30;43;1m WARN [39;49;22m Metadata found in doc-comment for method Tests\Unit\Services\BillingServiceTest::it_generates_invoice_with_multi_zone_electricity_meter(). Metadata in doc-comments is deprecated and will no longer be supported in PHPUnit 12. Update your test code to use attributes instead.

  [30;43;1m WARN [39;49;22m Metadata found in doc-comment for method Tests\Unit\Services\BillingServiceTest::it_throws_exception_when_tenant_has_no_property(). Metadata in doc-comments is deprecated and will no longer be supported in PHPUnit 12. Update your test code to use attributes instead.

  [30;43;1m WARN [39;49;22m Metadata found in doc-comment for method Tests\Unit\Services\BillingServiceTest::it_throws_exception_when_property_has_no_meters(). Metadata in doc-comments is deprecated and will no longer be supported in PHPUnit 12. Update your test code to use attributes instead.

  [30;43;1m WARN [39;49;22m Metadata found in doc-comment for method Tests\Unit\Services\BillingServiceTest::it_throws_exception_when_meter_readings_are_missing(). Metadata in doc-comments is deprecated and will no longer be supported in PHPUnit 12. Update your test code to use attributes instead.

  [30;43;1m WARN [39;49;22m Metadata found in doc-comment for method Tests\Unit\Services\BillingServiceTest::it_finalizes_draft_invoice(). Metadata in doc-comments is deprecated and will no longer be supported in PHPUnit 12. Update your test code to use attributes instead.

  [30;43;1m WARN [39;49;22m Metadata found in doc-comment for method Tests\Unit\Services\BillingServiceTest::it_throws_exception_when_finalizing_already_finalized_invoice(). Metadata in doc-comments is deprecated and will no longer be supported in PHPUnit 12. Update your test code to use attributes instead.

  [30;43;1m WARN [39;49;22m Metadata found in doc-comment for method Tests\Unit\Services\BillingServiceTest::it_snapshots_tariff_configuration_in_invoice_items(). Metadata in doc-comments is deprecated and will no longer be supported in PHPUnit 12. Update your test code to use attributes instead.

  [30;43;1m WARN [39;49;22m Metadata found in doc-comment for method Tests\Unit\Services\BillingServiceTest::it_calculates_correct_total_amount_for_invoice(). Metadata in doc-comments is deprecated and will no longer be supported in PHPUnit 12. Update your test code to use attributes instead.

  [30;43;1m WARN [39;49;22m Metadata found in doc-comment for method Tests\Feature\Filament\LanguageResourceNavigationTest::superadmin_can_navigate_to_languages_index(). Metadata in doc-comments is deprecated and will no longer be supported in PHPUnit 12. Update your test code to use attributes instead.

  [30;43;1m WARN [39;49;22m Metadata found in doc-comment for method Tests\Feature\Filament\LanguageResourceNavigationTest::admin_cannot_navigate_to_languages_index(). Metadata in doc-comments is deprecated and will no longer be supported in PHPUnit 12. Update your test code to use attributes instead.

  [30;43;1m WARN [39;49;22m Metadata found in doc-comment for method Tests\Feature\Filament\LanguageResourceNavigationTest::manager_cannot_navigate_to_languages_index(). Metadata in doc-comments is deprecated and will no longer be supported in PHPUnit 12. Update your test code to use attributes instead.

  [30;43;1m WARN [39;49;22m Metadata found in doc-comment for method Tests\Feature\Filament\LanguageResourceNavigationTest::tenant_cannot_navigate_to_languages_index(). Metadata in doc-comments is deprecated and will no longer be supported in PHPUnit 12. Update your test code to use attributes instead.

  [30;43;1m WARN [39;49;22m Metadata found in doc-comment for method Tests\Feature\Filament\LanguageResourceNavigationTest::language_resource_uses_consolidated_namespace(). Metadata in doc-comments is deprecated and will no longer be supported in PHPUnit 12. Update your test code to use attributes instead.

  [30;43;1m WARN [39;49;22m Metadata found in doc-comment for method Tests\Feature\Filament\LanguageResourceNavigationTest::navigation_only_visible_to_superadmin(). Metadata in doc-comments is deprecated and will no longer be supported in PHPUnit 12. Update your test code to use attributes instead.

  [30;43;1m WARN [39;49;22m Metadata found in doc-comment for method Tests\Feature\Filament\LanguageResourceNavigationTest::superadmin_can_navigate_to_create_language(). Metadata in doc-comments is deprecated and will no longer be supported in PHPUnit 12. Update your test code to use attributes instead.

  [30;43;1m WARN [39;49;22m Metadata found in doc-comment for method Tests\Feature\Filament\LanguageResourceNavigationTest::superadmin_can_navigate_to_edit_language(). Metadata in doc-comments is deprecated and will no longer be supported in PHPUnit 12. Update your test code to use attributes instead.

  [30;43;1m WARN [39;49;22m Metadata found in doc-comment for method Tests\Feature\Filament\LanguageResourceSetDefaultTest::set_default_action_uses_consolidated_namespace(). Metadata in doc-comments is deprecated and will no longer be supported in PHPUnit 12. Update your test code to use attributes instead.

  [30;43;1m WARN [39;49;22m Metadata found in doc-comment for class Tests\Feature\Filament\LanguageResourceSetDefaultTest. Metadata in doc-comments is deprecated and will no longer be supported in PHPUnit 12. Update your test code to use attributes instead.

  [30;43;1m WARN [39;49;22m Metadata found in doc-comment for method Tests\Feature\Filament\LanguageResourceSetDefaultTest::superadmin_can_set_language_as_default(). Metadata in doc-comments is deprecated and will no longer be supported in PHPUnit 12. Update your test code to use attributes instead.

  [30;43;1m WARN [39;49;22m Metadata found in doc-comment for method Tests\Feature\Filament\LanguageResourceSetDefaultTest::setting_default_unsets_previous_default(). Metadata in doc-comments is deprecated and will no longer be supported in PHPUnit 12. Update your test code to use attributes instead.

  [30;43;1m WARN [39;49;22m Metadata found in doc-comment for method Tests\Feature\Filament\LanguageResourceSetDefaultTest::action_is_hidden_for_already_default_language(). Metadata in doc-comments is deprecated and will no longer be supported in PHPUnit 12. Update your test code to use attributes instead.

  [30;43;1m WARN [39;49;22m Metadata found in doc-comment for method Tests\Feature\Filament\LanguageResourceSetDefaultTest::action_is_visible_for_non_default_language(). Metadata in doc-comments is deprecated and will no longer be supported in PHPUnit 12. Update your test code to use attributes instead.

  [30;43;1m WARN [39;49;22m Metadata found in doc-comment for method Tests\Feature\Filament\LanguageResourceSetDefaultTest::action_has_correct_label(). Metadata in doc-comments is deprecated and will no longer be supported in PHPUnit 12. Update your test code to use attributes instead.

  [30;43;1m WARN [39;49;22m Metadata found in doc-comment for method Tests\Feature\Filament\LanguageResourceSetDefaultTest::action_has_correct_icon(). Metadata in doc-comments is deprecated and will no longer be supported in PHPUnit 12. Update your test code to use attributes instead.

  [30;43;1m WARN [39;49;22m Metadata found in doc-comment for method Tests\Feature\Filament\LanguageResourceSetDefaultTest::action_has_correct_color(). Metadata in doc-comments is deprecated and will no longer be supported in PHPUnit 12. Update your test code to use attributes instead.

  [30;43;1m WARN [39;49;22m Metadata found in doc-comment for method Tests\Feature\Filament\LanguageResourceSetDefaultTest::action_requires_confirmation(). Metadata in doc-comments is deprecated and will no longer be supported in PHPUnit 12. Update your test code to use attributes instead.

  [30;43;1m WARN [39;49;22m Metadata found in doc-comment for method Tests\Feature\Filament\LanguageResourceSetDefaultTest::only_superadmin_can_access_set_default_action(). Metadata in doc-comments is deprecated and will no longer be supported in PHPUnit 12. Update your test code to use attributes instead.

  [30;43;1m WARN [39;49;22m Metadata found in doc-comment for method Tests\Feature\Filament\LanguageResourceSetDefaultTest::cannot_set_inactive_language_as_default(). Metadata in doc-comments is deprecated and will no longer be supported in PHPUnit 12. Update your test code to use attributes instead.

  [30;43;1m WARN [39;49;22m Metadata found in doc-comment for method Tests\Feature\Filament\LanguageResourceSetDefaultTest::setting_default_activates_inactive_language(). Metadata in doc-comments is deprecated and will no longer be supported in PHPUnit 12. Update your test code to use attributes instead.

  [30;43;1m WARN [39;49;22m Metadata found in doc-comment for method Tests\Feature\Filament\LanguageResourceSetDefaultTest::set_default_action_performs_efficiently(). Metadata in doc-comments is deprecated and will no longer be supported in PHPUnit 12. Update your test code to use attributes instead.

  [30;43;1m WARN [39;49;22m Metadata found in doc-comment for method Tests\Feature\Filament\LanguageResourceSetDefaultTest::only_one_default_language_exists_after_action(). Metadata in doc-comments is deprecated and will no longer be supported in PHPUnit 12. Update your test code to use attributes instead.

  [30;43;1m WARN [39;49;22m Metadata found in doc-comment for method Tests\Feature\Filament\LanguageResourceToggleActiveTest::toggle_active_action_uses_consolidated_namespace(). Metadata in doc-comments is deprecated and will no longer be supported in PHPUnit 12. Update your test code to use attributes instead.

  [30;43;1m WARN [39;49;22m Metadata found in doc-comment for class Tests\Feature\Filament\LanguageResourceToggleActiveTest. Metadata in doc-comments is deprecated and will no longer be supported in PHPUnit 12. Update your test code to use attributes instead.

  [30;43;1m WARN [39;49;22m Metadata found in doc-comment for method Tests\Feature\Filament\LanguageResourceToggleActiveTest::can_toggle_active_language_to_inactive(). Metadata in doc-comments is deprecated and will no longer be supported in PHPUnit 12. Update your test code to use attributes instead.

  [30;43;1m WARN [39;49;22m Metadata found in doc-comment for method Tests\Feature\Filament\LanguageResourceToggleActiveTest::can_toggle_inactive_language_to_active(). Metadata in doc-comments is deprecated and will no longer be supported in PHPUnit 12. Update your test code to use attributes instead.

  [30;43;1m WARN [39;49;22m Metadata found in doc-comment for method Tests\Feature\Filament\LanguageResourceToggleActiveTest::cannot_deactivate_default_language_via_toggle(). Metadata in doc-comments is deprecated and will no longer be supported in PHPUnit 12. Update your test code to use attributes instead.

  [30;43;1m WARN [39;49;22m Metadata found in doc-comment for method Tests\Feature\Filament\LanguageResourceToggleActiveTest::bulk_activate_action_uses_consolidated_namespace(). Metadata in doc-comments is deprecated and will no longer be supported in PHPUnit 12. Update your test code to use attributes instead.

  [30;43;1m WARN [39;49;22m Metadata found in doc-comment for method Tests\Feature\Filament\LanguageResourceToggleActiveTest::can_bulk_activate_multiple_languages(). Metadata in doc-comments is deprecated and will no longer be supported in PHPUnit 12. Update your test code to use attributes instead.

  [30;43;1m WARN [39;49;22m Metadata found in doc-comment for method Tests\Feature\Filament\LanguageResourceToggleActiveTest::bulk_deactivate_action_uses_consolidated_namespace(). Metadata in doc-comments is deprecated and will no longer be supported in PHPUnit 12. Update your test code to use attributes instead.

  [30;43;1m WARN [39;49;22m Metadata found in doc-comment for method Tests\Feature\Filament\LanguageResourceToggleActiveTest::can_bulk_deactivate_multiple_languages(). Metadata in doc-comments is deprecated and will no longer be supported in PHPUnit 12. Update your test code to use attributes instead.

  [30;43;1m WARN [39;49;22m Metadata found in doc-comment for method Tests\Feature\Filament\LanguageResourceToggleActiveTest::bulk_deactivate_prevents_deactivating_default_language(). Metadata in doc-comments is deprecated and will no longer be supported in PHPUnit 12. Update your test code to use attributes instead.

  [30;43;1m WARN [39;49;22m Metadata found in doc-comment for method Tests\Feature\Filament\LanguageResourceToggleActiveTest::toggle_action_shows_deactivate_label_for_active_language(). Metadata in doc-comments is deprecated and will no longer be supported in PHPUnit 12. Update your test code to use attributes instead.

  [30;43;1m WARN [39;49;22m Metadata found in doc-comment for method Tests\Feature\Filament\LanguageResourceToggleActiveTest::toggle_action_shows_activate_label_for_inactive_language(). Metadata in doc-comments is deprecated and will no longer be supported in PHPUnit 12. Update your test code to use attributes instead.

  [30;43;1m WARN [39;49;22m Metadata found in doc-comment for method Tests\Feature\Filament\LanguageResourceToggleActiveTest::toggle_action_uses_correct_icon_for_active_language(). Metadata in doc-comments is deprecated and will no longer be supported in PHPUnit 12. Update your test code to use attributes instead.

  [30;43;1m WARN [39;49;22m Metadata found in doc-comment for method Tests\Feature\Filament\LanguageResourceToggleActiveTest::toggle_action_uses_correct_icon_for_inactive_language(). Metadata in doc-comments is deprecated and will no longer be supported in PHPUnit 12. Update your test code to use attributes instead.

  [30;43;1m WARN [39;49;22m Metadata found in doc-comment for method Tests\Feature\Filament\LanguageResourceToggleActiveTest::toggle_action_uses_correct_color_for_active_language(). Metadata in doc-comments is deprecated and will no longer be supported in PHPUnit 12. Update your test code to use attributes instead.

  [30;43;1m WARN [39;49;22m Metadata found in doc-comment for method Tests\Feature\Filament\LanguageResourceToggleActiveTest::toggle_action_uses_correct_color_for_inactive_language(). Metadata in doc-comments is deprecated and will no longer be supported in PHPUnit 12. Update your test code to use attributes instead.

  [30;43;1m WARN [39;49;22m Metadata found in doc-comment for method Tests\Feature\Filament\LanguageResourceToggleActiveTest::only_superadmin_can_access_toggle_actions(). Metadata in doc-comments is deprecated and will no longer be supported in PHPUnit 12. Update your test code to use attributes instead.

  [30;43;1m WARN [39;49;22m Metadata found in doc-comment for class Tests\Feature\Filament\TranslationResourceDeleteTest. Metadata in doc-comments is deprecated and will no longer be supported in PHPUnit 12. Update your test code to use attributes instead.

  [30;43;1m WARN [39;49;22m Metadata found in doc-comment for class Tests\Feature\Http\Controllers\MeterReadingUpdateControllerTest. Metadata in doc-comments is deprecated and will no longer be supported in PHPUnit 12. Update your test code to use attributes instead.

  [30;43;1m WARN [39;49;22m Metadata found in doc-comment for method Tests\Feature\Security\PanelAccessAuthorizationTest::superadmin_can_access_admin_panel(). Metadata in doc-comments is deprecated and will no longer be supported in PHPUnit 12. Update your test code to use attributes instead.

  [30;43;1m WARN [39;49;22m Metadata found in doc-comment for method Tests\Feature\Security\PanelAccessAuthorizationTest::admin_can_access_admin_panel(). Metadata in doc-comments is deprecated and will no longer be supported in PHPUnit 12. Update your test code to use attributes instead.

  [30;43;1m WARN [39;49;22m Metadata found in doc-comment for method Tests\Feature\Security\PanelAccessAuthorizationTest::manager_can_access_admin_panel(). Metadata in doc-comments is deprecated and will no longer be supported in PHPUnit 12. Update your test code to use attributes instead.

  [30;43;1m WARN [39;49;22m Metadata found in doc-comment for method Tests\Feature\Security\PanelAccessAuthorizationTest::tenant_cannot_access_admin_panel(). Metadata in doc-comments is deprecated and will no longer be supported in PHPUnit 12. Update your test code to use attributes instead.

  [30;43;1m WARN [39;49;22m Metadata found in doc-comment for method Tests\Feature\Security\PanelAccessAuthorizationTest::inactive_user_cannot_access_admin_panel(). Metadata in doc-comments is deprecated and will no longer be supported in PHPUnit 12. Update your test code to use attributes instead.

  [30;43;1m WARN [39;49;22m Metadata found in doc-comment for method Tests\Feature\Security\PanelAccessAuthorizationTest::inactive_superadmin_cannot_access_admin_panel(). Metadata in doc-comments is deprecated and will no longer be supported in PHPUnit 12. Update your test code to use attributes instead.

  [30;43;1m WARN [39;49;22m Metadata found in doc-comment for method Tests\Feature\Security\PanelAccessAuthorizationTest::only_superadmin_can_access_other_panels(). Metadata in doc-comments is deprecated and will no longer be supported in PHPUnit 12. Update your test code to use attributes instead.

  [30;43;1m WARN [39;49;22m Metadata found in doc-comment for method Tests\Feature\Security\PanelAccessAuthorizationTest::middleware_blocks_tenant_from_admin_routes(). Metadata in doc-comments is deprecated and will no longer be supported in PHPUnit 12. Update your test code to use attributes instead.

  [30;43;1m WARN [39;49;22m Metadata found in doc-comment for method Tests\Feature\Security\PanelAccessAuthorizationTest::middleware_allows_admin_to_access_admin_routes(). Metadata in doc-comments is deprecated and will no longer be supported in PHPUnit 12. Update your test code to use attributes instead.

  [30;43;1m WARN [39;49;22m Metadata found in doc-comment for method Tests\Feature\Security\PanelAccessAuthorizationTest::middleware_allows_manager_to_access_admin_routes(). Metadata in doc-comments is deprecated and will no longer be supported in PHPUnit 12. Update your test code to use attributes instead.

  [30;43;1m WARN [39;49;22m Metadata found in doc-comment for method Tests\Feature\Security\PanelAccessAuthorizationTest::middleware_allows_superadmin_to_access_admin_routes(). Metadata in doc-comments is deprecated and will no longer be supported in PHPUnit 12. Update your test code to use attributes instead.

  [30;43;1m WARN [39;49;22m Metadata found in doc-comment for method Tests\Feature\Security\PanelAccessAuthorizationTest::unauthenticated_users_cannot_access_admin_panel(). Metadata in doc-comments is deprecated and will no longer be supported in PHPUnit 12. Update your test code to use attributes instead.

  [30;43;1m WARN [39;49;22m Metadata found in doc-comment for method Tests\Feature\Security\PanelAccessAuthorizationTest::role_helper_methods_work_correctly(). Metadata in doc-comments is deprecated and will no longer be supported in PHPUnit 12. Update your test code to use attributes instead.

  [30;43;1m WARN [39;49;22m Metadata found in doc-comment for method Tests\Feature\Security\TariffResourceSecurityEnhancedTest::rate_limiting_prevents_excessive_tariff_operations(). Metadata in doc-comments is deprecated and will no longer be supported in PHPUnit 12. Update your test code to use attributes instead.

  [30;43;1m WARN [39;49;22m Metadata found in doc-comment for method Tests\Feature\Security\TariffResourceSecurityEnhancedTest::xss_attempts_in_tariff_name_are_sanitized(). Metadata in doc-comments is deprecated and will no longer be supported in PHPUnit 12. Update your test code to use attributes instead.

  [30;43;1m WARN [39;49;22m Metadata found in doc-comment for method Tests\Feature\Security\TariffResourceSecurityEnhancedTest::security_headers_are_present_in_response(). Metadata in doc-comments is deprecated and will no longer be supported in PHPUnit 12. Update your test code to use attributes instead.

  [30;43;1m WARN [39;49;22m Metadata found in doc-comment for method Tests\Feature\Security\TariffResourceSecurityEnhancedTest::csrf_protection_prevents_unauthorized_requests(). Metadata in doc-comments is deprecated and will no longer be supported in PHPUnit 12. Update your test code to use attributes instead.

  [30;43;1m WARN [39;49;22m Metadata found in doc-comment for method Tests\Feature\Security\TariffResourceSecurityEnhancedTest::numeric_overflow_is_prevented_in_rate_field(). Metadata in doc-comments is deprecated and will no longer be supported in PHPUnit 12. Update your test code to use attributes instead.

  [30;43;1m WARN [39;49;22m Metadata found in doc-comment for method Tests\Feature\Security\TariffResourceSecurityEnhancedTest::sql_injection_attempts_are_prevented(). Metadata in doc-comments is deprecated and will no longer be supported in PHPUnit 12. Update your test code to use attributes instead.

  [30;43;1m WARN [39;49;22m Metadata found in doc-comment for method Tests\Feature\Security\TariffResourceSecurityEnhancedTest::unauthorized_users_cannot_access_tariff_operations(). Metadata in doc-comments is deprecated and will no longer be supported in PHPUnit 12. Update your test code to use attributes instead.

  [30;43;1m WARN [39;49;22m Metadata found in doc-comment for method Tests\Feature\Security\TariffResourceSecurityEnhancedTest::zone_id_injection_is_prevented(). Metadata in doc-comments is deprecated and will no longer be supported in PHPUnit 12. Update your test code to use attributes instead.

  [30;43;1m WARN [39;49;22m Metadata found in doc-comment for method Tests\Feature\SuperadminAuthenticationTest::test_superadmin_can_login_and_redirects_to_superadmin_dashboard(). Metadata in doc-comments is deprecated and will no longer be supported in PHPUnit 12. Update your test code to use attributes instead.

  [30;43;1m WARN [39;49;22m Metadata found in doc-comment for method Tests\Feature\SuperadminAuthenticationTest::test_deactivated_superadmin_cannot_login(). Metadata in doc-comments is deprecated and will no longer be supported in PHPUnit 12. Update your test code to use attributes instead.

  [30;43;1m WARN [39;49;22m Metadata found in doc-comment for method Tests\Feature\SuperadminAuthenticationTest::test_deactivated_admin_cannot_login(). Metadata in doc-comments is deprecated and will no longer be supported in PHPUnit 12. Update your test code to use attributes instead.

  [30;43;1m WARN [39;49;22m Metadata found in doc-comment for method Tests\Feature\SuperadminAuthenticationTest::test_deactivated_tenant_cannot_login(). Metadata in doc-comments is deprecated and will no longer be supported in PHPUnit 12. Update your test code to use attributes instead.

  [30;43;1m WARN [39;49;22m Metadata found in doc-comment for method Tests\Feature\SuperadminAuthenticationTest::test_all_active_roles_can_login(). Metadata in doc-comments is deprecated and will no longer be supported in PHPUnit 12. Update your test code to use attributes instead.

  [30;43;1m WARN [39;49;22m Metadata found in doc-comment for method Tests\Feature\SuperadminAuthenticationTest::test_invalid_credentials_are_rejected(). Metadata in doc-comments is deprecated and will no longer be supported in PHPUnit 12. Update your test code to use attributes instead.

  [30;43;1m WARN [39;49;22m Metadata found in doc-comment for method Tests\Feature\SuperadminAuthenticationTest::test_session_is_regenerated_on_login(). Metadata in doc-comments is deprecated and will no longer be supported in PHPUnit 12. Update your test code to use attributes instead.

  [30;43;1m WARN [39;49;22m Metadata found in doc-comment for method Tests\Feature\SuperadminAuthenticationTest::test_remember_me_functionality(). Metadata in doc-comments is deprecated and will no longer be supported in PHPUnit 12. Update your test code to use attributes instead.

  [30;43;1m WARN [39;49;22m Metadata found in doc-comment for method Tests\Feature\View\Components\StatusBadgeRenderTest::it_renders_badge_with_enum_status(). Metadata in doc-comments is deprecated and will no longer be supported in PHPUnit 12. Update your test code to use attributes instead.

  [30;43;1m WARN [39;49;22m Metadata found in doc-comment for method Tests\Feature\View\Components\StatusBadgeRenderTest::it_renders_badge_with_string_status(). Metadata in doc-comments is deprecated and will no longer be supported in PHPUnit 12. Update your test code to use attributes instead.

  [30;43;1m WARN [39;49;22m Metadata found in doc-comment for method Tests\Feature\View\Components\StatusBadgeRenderTest::it_renders_label_text(). Metadata in doc-comments is deprecated and will no longer be supported in PHPUnit 12. Update your test code to use attributes instead.

  [30;43;1m WARN [39;49;22m Metadata found in doc-comment for method Tests\Feature\View\Components\StatusBadgeRenderTest::it_renders_status_dot(). Metadata in doc-comments is deprecated and will no longer be supported in PHPUnit 12. Update your test code to use attributes instead.

  [30;43;1m WARN [39;49;22m Metadata found in doc-comment for method Tests\Feature\View\Components\StatusBadgeRenderTest::it_merges_additional_classes(). Metadata in doc-comments is deprecated and will no longer be supported in PHPUnit 12. Update your test code to use attributes instead.

  [30;43;1m WARN [39;49;22m Metadata found in doc-comment for method Tests\Feature\View\Components\StatusBadgeRenderTest::it_renders_all_invoice_statuses_correctly(). Metadata in doc-comments is deprecated and will no longer be supported in PHPUnit 12. Update your test code to use attributes instead.

  [30;43;1m WARN [39;49;22m Metadata found in doc-comment for method Tests\Feature\View\Components\StatusBadgeRenderTest::it_renders_all_subscription_statuses_correctly(). Metadata in doc-comments is deprecated and will no longer be supported in PHPUnit 12. Update your test code to use attributes instead.

  [30;43;1m WARN [39;49;22m Metadata found in doc-comment for method Tests\Feature\View\Components\StatusBadgeRenderTest::it_renders_without_php_blocks(). Metadata in doc-comments is deprecated and will no longer be supported in PHPUnit 12. Update your test code to use attributes instead.

  [30;43;1m WARN [39;49;22m Metadata found in doc-comment for method Tests\Feature\View\Components\StatusBadgeRenderTest::it_has_proper_accessibility_structure(). Metadata in doc-comments is deprecated and will no longer be supported in PHPUnit 12. Update your test code to use attributes instead.

  [30;42;1m PASS [39;49;22m[39m Tests\Unit\AccountManagementServicePerformanceTest[39m
  [32;1m✓[39;22m[90m [39m[90mcreate admin account query count[39m[90m                                                                            [39m [90m1.01s[39m  
  [32;1m✓[39;22m[90m [39m[90mcreate admin account performance[39m[90m                                                                            [39m [90m0.26s[39m  
  [32;1m✓[39;22m[90m [39m[90mcreate tenant account query count[39m[90m                                                                           [39m [90m0.28s[39m  
  [32;1m✓[39;22m[90m [39m[90mreassign tenant no n plus one[39m[90m                                                                               [39m [90m0.08s[39m  
  [32;1m✓[39;22m[90m [39m[90mdelete account dependency check performance[39m[90m                                                                 [39m [90m0.09s[39m  
  [32;1m✓[39;22m[90m [39m[90mconcurrent admin creation performance[39m[90m                                                                       [39m [90m2.25s[39m  
  [32;1m✓[39;22m[90m [39m[90mvalidation happens before transaction[39m[90m                                                                       [39m [90m0.07s[39m  
  [32;1m✓[39;22m[90m [39m[90mpassword hashing before transaction[39m[90m                                                                         [39m [90m0.48s[39m  
  [32;1m✓[39;22m[90m [39m[90mproperty fetching uses select optimization[39m[90m                                                                  [39m [90m0.29s[39m  

  [30;42;1m PASS [39;49;22m[39m Tests\Unit\AccountManagementServiceTest[39m
  [32;1m✓[39;22m[90m [39m[90mcreateAdminAccount creates admin with unique tenant_id and subscription[39m[90m                                     [39m [90m0.30s[39m  
  [32;1m✓[39;22m[90m [39m[90mcreateTenantAccount creates tenant inheriting admin tenant_id[39m[90m                                               [39m [90m0.33s[39m  
  [32;1m✓[39;22m[90m [39m[90mcreateTenantAccount throws exception for property from different tenant[39m[90m                                     [39m [90m0.08s[39m  
  [32;1m✓[39;22m[90m [39m[90mreassignTenant updates property and creates audit log[39m[90m                                                       [39m [90m0.08s[39m  
  [32;1m✓[39;22m[90m [39m[90mdeactivateAccount sets is_active to false and creates audit log[39m[90m                                             [39m [90m0.09s[39m  
  [32;1m✓[39;22m[90m [39m[90mreactivateAccount sets is_active to true[39m[90m                                                                    [39m [90m0.08s[39m  
  [32;1m✓[39;22m[90m [39m[90mdeleteAccount throws exception when user has dependencies[39m[90m                                                   [39m [90m0.08s[39m  
  [32;1m✓[39;22m[90m [39m[90mdeleteAccount succeeds when user has no dependencies[39m[90m                                                        [39m [90m0.08s[39m  

  [30;42;1m PASS [39;49;22m[39m Tests\Unit\AuthorizationPolicyTest[39m
  [32;1m✓[39;22m[90m [39m[37mTariffPolicy[39m[90m → only admins can view any tariffs[39m[90m                                                             [39m [90m0.09s[39m  
  [32;1m✓[39;22m[90m [39m[37mTariffPolicy[39m[90m → only admins can view individual tariffs[39m[90m                                                      [39m [90m0.10s[39m  
  [32;1m✓[39;22m[90m [39m[37mTariffPolicy[39m[90m → only admins can create tariffs[39m[90m                                                               [39m [90m0.08s[39m  
  [32;1m✓[39;22m[90m [39m[37mTariffPolicy[39m[90m → only admins can update tariffs[39m[90m                                                               [39m [90m0.09s[39m  
  [32;1m✓[39;22m[90m [39m[37mTariffPolicy[39m[90m → only admins can delete tariffs[39m[90m                                                               [39m [90m0.12s[39m  
  [32;1m✓[39;22m[90m [39m[37mInvoicePolicy[39m[90m → all users can view any invoices[39m[90m                                                             [39m [90m0.09s[39m  
  [32;1m✓[39;22m[90m [39m[37mInvoicePolicy[39m[90m → admins and managers can view all invoices[39m[90m                                                   [39m [90m0.10s[39m  
  [32;1m✓[39;22m[90m [39m[37mInvoicePolicy[39m[90m → tenants can only view their own invoices[39m[90m                                                    [39m [90m0.09s[39m  
  [32;1m✓[39;22m[90m [39m[37mInvoicePolicy[39m[90m → tenants cannot view other tenants invoices[39m[90m                                                  [39m [90m0.09s[39m  
  [32;1m✓[39;22m[90m [39m[37mInvoicePolicy[39m[90m → admins and managers can create invoices[39m[90m                                                     [39m [90m0.08s[39m  
  [32;1m✓[39;22m[90m [39m[37mInvoicePolicy[39m[90m → admins and managers can update draft invoices[39m[90m                                               [39m [90m0.09s[39m  
  [32;1m✓[39;22m[90m [39m[37mInvoicePolicy[39m[90m → finalized invoices cannot be updated[39m[90m                                                        [39m [90m0.08s[39m  
  [32;1m✓[39;22m[90m [39m[37mInvoicePolicy[39m[90m → admins and managers can finalize draft invoices[39m[90m                                             [39m [90m0.08s[39m  
  [32;1m✓[39;22m[90m [39m[37mInvoicePolicy[39m[90m → finalized invoices cannot be finalized again[39m[90m                                                [39m [90m0.08s[39m  
  [32;1m✓[39;22m[90m [39m[37mInvoicePolicy[39m[90m → only admins can delete draft invoices[39m[90m                                                       [39m [90m0.09s[39m  
  [32;1m✓[39;22m[90m [39m[37mInvoicePolicy[39m[90m → finalized invoices cannot be deleted[39m[90m                                                        [39m [90m0.08s[39m  
  [32;1m✓[39;22m[90m [39m[37mMeterReadingPolicy[39m[90m → all users can view any meter readings[39m[90m                                                  [39m [90m0.09s[39m  
  [32;1m✓[39;22m[90m [39m[37mMeterReadingPolicy[39m[90m → admins and managers can view all meter readings[39m[90m                                        [39m [90m0.09s[39m  
  [32;1m✓[39;22m[90m [39m[37mMeterReadingPolicy[39m[90m → tenants can view meter readings for their properties[39m[90m                                   [39m [90m0.09s[39m  
  [32;1m✓[39;22m[90m [39m[37mMeterReadingPolicy[39m[90m → admins and managers can create meter readings[39m[90m                                          [39m [90m0.08s[39m  
  [32;1m✓[39;22m[90m [39m[37mMeterReadingPolicy[39m[90m → admins and managers can update meter readings[39m[90m                                          [39m [90m0.09s[39m  
  [32;1m✓[39;22m[90m [39m[37mMeterReadingPolicy[39m[90m → only admins can delete meter readings[39m[90m                                                  [39m [90m0.09s[39m  
  [32;1m✓[39;22m[90m [39m[37mUserPolicy[39m[90m → only admins can view any users[39m[90m                                                                 [39m [90m0.08s[39m  
  [32;1m✓[39;22m[90m [39m[37mUserPolicy[39m[90m → admins can view any user[39m[90m                                                                       [39m [90m0.08s[39m  
  [32;1m✓[39;22m[90m [39m[37mUserPolicy[39m[90m → users can view their own profile[39m[90m                                                               [39m [90m0.08s[39m  
  [32;1m✓[39;22m[90m [39m[37mUserPolicy[39m[90m → users cannot view other users profiles[39m[90m                                                         [39m [90m0.08s[39m  
  [32;1m✓[39;22m[90m [39m[37mUserPolicy[39m[90m → admins and managers can create users[39m[90m                                                           [39m [90m0.08s[39m  
  [32;1m✓[39;22m[90m [39m[37mUserPolicy[39m[90m → admins can update any user[39m[90m                                                                     [39m [90m0.08s[39m  
  [32;1m✓[39;22m[90m [39m[37mUserPolicy[39m[90m → users can update their own profile[39m[90m                                                             [39m [90m0.08s[39m  
  [32;1m✓[39;22m[90m [39m[37mUserPolicy[39m[90m → admins and managers can delete users within their tenant[39m[90m                                       [39m [90m0.08s[39m  
  [32;1m✓[39;22m[90m [39m[37mUserPolicy[39m[90m → admins cannot delete themselves[39m[90m                                                                [39m [90m0.08s[39m  
  [32;1m✓[39;22m[90m [39m[37mPropertyPolicy[39m[90m → admins and managers can view any properties[39m[90m                                                [39m [90m0.08s[39m  
  [32;1m✓[39;22m[90m [39m[37mPropertyPolicy[39m[90m → admins and managers can view properties within their tenant[39m[90m                                [39m [90m0.08s[39m  
  [32;1m✓[39;22m[90m [39m[37mPropertyPolicy[39m[90m → tenants can view their own property[39m[90m                                                        [39m [90m0.08s[39m  
  [32;1m✓[39;22m[90m [39m[37mPropertyPolicy[39m[90m → admins and managers can create properties[39m[90m                                                  [39m [90m0.08s[39m  
  [32;1m✓[39;22m[90m [39m[37mPropertyPolicy[39m[90m → admins and managers can update properties within their tenant[39m[90m                              [39m [90m0.08s[39m  
  [32;1m✓[39;22m[90m [39m[37mPropertyPolicy[39m[90m → admins and managers can delete properties[39m[90m                                                  [39m [90m0.08s[39m  
  [32;1m✓[39;22m[90m [39m[37mBuildingPolicy[39m[90m → admins and managers can view any buildings[39m[90m                                                 [39m [90m0.08s[39m  
  [32;1m✓[39;22m[90m [39m[37mBuildingPolicy[39m[90m → admins and managers can view buildings within their tenant[39m[90m                                 [39m [90m0.08s[39m  
  [32;1m✓[39;22m[90m [39m[37mBuildingPolicy[39m[90m → admins and managers can create buildings[39m[90m                                                   [39m [90m0.08s[39m  
  [32;1m✓[39;22m[90m [39m[37mBuildingPolicy[39m[90m → admins and managers can update buildings within their tenant[39m[90m                               [39m [90m0.08s[39m  
  [32;1m✓[39;22m[90m [39m[37mBuildingPolicy[39m[90m → admins and managers can delete buildings within their tenant[39m[90m                               [39m [90m0.08s[39m  
  [32;1m✓[39;22m[90m [39m[37mMeterPolicy[39m[90m → all users can view any meters[39m[90m                                                                 [39m [90m0.08s[39m  
  [32;1m✓[39;22m[90m [39m[37mMeterPolicy[39m[90m → admins and managers can view meters within their tenant[39m[90m                                       [39m [90m0.08s[39m  
  [32;1m✓[39;22m[90m [39m[37mMeterPolicy[39m[90m → tenants can view meters for their properties[39m[90m                                                  [39m [90m0.09s[39m  
  [32;1m✓[39;22m[90m [39m[37mMeterPolicy[39m[90m → admins and managers can create meters[39m[90m                                                         [39m [90m0.08s[39m  
  [32;1m✓[39;22m[90m [39m[37mMeterPolicy[39m[90m → admins and managers can update meters within their tenant[39m[90m                                     [39m [90m0.08s[39m  
  [32;1m✓[39;22m[90m [39m[37mMeterPolicy[39m[90m → admins and managers can delete meters within their tenant[39m[90m                                     [39m [90m0.08s[39m  
  [32;1m✓[39;22m[90m [39m[37mProviderPolicy[39m[90m → all users can view any providers[39m[90m                                                           [39m [90m0.08s[39m  
  [32;1m✓[39;22m[90m [39m[37mProviderPolicy[39m[90m → all users can view individual providers[39m[90m                                                    [39m [90m0.08s[39m  
  [32;1m✓[39;22m[90m [39m[37mProviderPolicy[39m[90m → only admins can create providers[39m[90m                                                           [39m [90m0.08s[39m  
  [32;1m✓[39;22m[90m [39m[37mProviderPolicy[39m[90m → only admins can update providers[39m[90m                                                           [39m [90m0.08s[39m  
  [32;1m✓[39;22m[90m [39m[37mProviderPolicy[39m[90m → only admins can delete providers[39m[90m                                                           [39m [90m0.08s[39m  

  [30;42;1m PASS [39;49;22m[39m Tests\Unit\BillingServiceTest[39m
  [32;1m✓[39;22m[90m [39m[90mgenerateInvoice creates draft invoice with correct structure[39m[90m                                                [39m [90m0.12s[39m  
  [32;1m✓[39;22m[90m [39m[90mgenerateInvoice calculates electricity consumption correctly[39m[90m                                                [39m [90m0.09s[39m  
  [32;1m✓[39;22m[90m [39m[90mgenerateInvoice handles water billing with supply, sewage, and fixed fee[39m[90m                                    [39m [90m0.09s[39m  
  [32;1m✓[39;22m[90m [39m[90mgenerateInvoice snapshots meter readings and tariff configuration[39m[90m                                           [39m [90m0.09s[39m  
  [32;1m✓[39;22m[90m [39m[90mfinalizeInvoice sets status and timestamp[39m[90m                                                                   [39m [90m0.09s[39m  
  [32;1m✓[39;22m[90m [39m[90mfinalizeInvoice throws exception if already finalized[39m[90m                                                       [39m [90m0.08s[39m  
  [32;1m✓[39;22m[90m [39m[90mgenerateInvoice handles multi-zone electricity meters[39m[90m                                                       [39m [90m0.09s[39m  

  [30;42;1m PASS [39;49;22m[39m Tests\Unit\CorrectnessPropertiesTest[39m
  [32;1m✓[39;22m[90m [39m[90mmeter readings with future dates are rejected @ repetition 1 of 100[39m[90m                                         [39m [90m0.09s[39m  
  [32;1m✓[39;22m[90m [39m[90mmeter readings with future dates are rejected @ repetition 2 of 100[39m[90m                                         [39m [90m0.09s[39m  
  [32;1m✓[39;22m[90m [39m[90mmeter readings with future dates are rejected @ repetition 3 of 100[39m[90m                                         [39m [90m0.08s[39m  
  [32;1m✓[39;22m[90m [39m[90mmeter readings with future dates are rejected @ repetition 4 of 100[39m[90m                                         [39m [90m0.08s[39m  
  [32;1m✓[39;22m[90m [39m[90mmeter readings with future dates are rejected @ repetition 5 of 100[39m[90m                                         [39m [90m0.10s[39m  
  [32;1m✓[39;22m[90m [39m[90mmeter readings with future dates are rejected @ repetition 6 of 100[39m[90m                                         [39m [90m0.10s[39m  
  [32;1m✓[39;22m[90m [39m[90mmeter readings with future dates are rejected @ repetition 7 of 100[39m[90m                                         [39m [90m0.09s[39m  
  [32;1m✓[39;22m[90m [39m[90mmeter readings with future dates are rejected @ repetition 8 of 100[39m[90m                                         [39m [90m0.09s[39m  
  [32;1m✓[39;22m[90m [39m[90mmeter readings with future dates are rejected @ repetition 9 of 100[39m[90m                                         [39m [90m0.09s[39m  
  [32;1m✓[39;22m[90m [39m[90mmeter readings with future dates are rejected @ repetition 10 of 100[39m[90m                                        [39m [90m0.09s[39m  
  [32;1m✓[39;22m[90m [39m[90mmeter readings with future dates are rejected @ repetition 11 of 100[39m[90m                                        [39m [90m0.09s[39m  
  [32;1m✓[39;22m[90m [39m[90mmeter readings with future dates are rejected @ repetition 12 of 100[39m[90m                                        [39m [90m0.09s[39m  
  [32;1m✓[39;22m[90m [39m[90mmeter readings with future dates are rejected @ repetition 13 of 100[39m[90m                                        [39m [90m0.09s[39m  
  [32;1m✓[39;22m[90m [39m[90mmeter readings with future dates are rejected @ repetition 14 of 100[39m[90m                                        [39m [90m0.14s[39m  
  [32;1m✓[39;22m[90m [39m[90mmeter readings with future dates are rejected @ repetition 15 of 100[39m[90m                                        [39m [90m0.08s[39m  
  [32;1m✓[39;22m[90m [39m[90mmeter readings with future dates are rejected @ repetition 16 of 100[39m[90m                                        [39m [90m0.09s[39m  
  [32;1m✓[39;22m[90m [39m[90mmeter readings with future dates are rejected @ repetition 17 of 100[39m[90m                                        [39m [90m0.08s[39m  
  [32;1m✓[39;22m[90m [39m[90mmeter readings with future dates are rejected @ repetition 18 of 100[39m[90m                                        [39m [90m0.08s[39m  
  [32;1m✓[39;22m[90m [39m[90mmeter readings with future dates are rejected @ repetition 19 of 100[39m[90m                                        [39m [90m0.08s[39m  
  [32;1m✓[39;22m[90m [39m[90mmeter readings with future dates are rejected @ repetition 20 of 100[39m[90m                                        [39m [90m0.08s[39m  
  [32;1m✓[39;22m[90m [39m[90mmeter readings with future dates are rejected @ repetition 21 of 100[39m[90m                                        [39m [90m0.08s[39m  
  [32;1m✓[39;22m[90m [39m[90mmeter readings with future dates are rejected @ repetition 22 of 100[39m[90m                                        [39m [90m0.08s[39m  
  [32;1m✓[39;22m[90m [39m[90mmeter readings with future dates are rejected @ repetition 23 of 100[39m[90m                                        [39m [90m0.08s[39m  
  [32;1m✓[39;22m[90m [39m[90mmeter readings with future dates are rejected @ repetition 24 of 100[39m[90m                                        [39m [90m0.08s[39m  
  [32;1m✓[39;22m[90m [39m[90mmeter readings with future dates are rejected @ repetition 25 of 100[39m[90m                                        [39m [90m0.08s[39m  
  [32;1m✓[39;22m[90m [39m[90mmeter readings with future dates are rejected @ repetition 26 of 100[39m[90m                                        [39m [90m0.08s[39m  
  [32;1m✓[39;22m[90m [39m[90mmeter readings with future dates are rejected @ repetition 27 of 100[39m[90m                                        [39m [90m0.08s[39m  
  [32;1m✓[39;22m[90m [39m[90mmeter readings with future dates are rejected @ repetition 28 of 100[39m[90m                                        [39m [90m0.08s[39m  
  [32;1m✓[39;22m[90m [39m[90mmeter readings with future dates are rejected @ repetition 29 of 100[39m[90m                                        [39m [90m0.08s[39m  
  [32;1m✓[39;22m[90m [39m[90mmeter readings with future dates are rejected @ repetition 30 of 100[39m[90m                                        [39m [90m0.08s[39m  
  [32;1m✓[39;22m[90m [39m[90mmeter readings with future dates are rejected @ repetition 31 of 100[39m[90m                                        [39m [90m0.08s[39m  
  [32;1m✓[39;22m[90m [39m[90mmeter readings with future dates are rejected @ repetition 32 of 100[39m[90m                                        [39m [90m0.08s[39m  
  [32;1m✓[39;22m[90m [39m[90mmeter readings with future dates are rejected @ repetition 33 of 100[39m[90m                                        [39m [90m0.08s[39m  
  [32;1m✓[39;22m[90m [39m[90mmeter readings with future dates are rejected @ repetition 34 of 100[39m[90m                                        [39m [90m0.08s[39m  
  [32;1m✓[39;22m[90m [39m[90mmeter readings with future dates are rejected @ repetition 35 of 100[39m[90m                                        [39m [90m0.08s[39m  
  [32;1m✓[39;22m[90m [39m[90mmeter readings with future dates are rejected @ repetition 36 of 100[39m[90m                                        [39m [90m0.08s[39m  
  [32;1m✓[39;22m[90m [39m[90mmeter readings with future dates are rejected @ repetition 37 of 100[39m[90m                                        [39m [90m0.08s[39m  
  [32;1m✓[39;22m[90m [39m[90mmeter readings with future dates are rejected @ repetition 38 of 100[39m[90m                                        [39m [90m0.08s[39m  
  [32;1m✓[39;22m[90m [39m[90mmeter readings with future dates are rejected @ repetition 39 of 100[39m[90m                                        [39m [90m0.08s[39m  
  [32;1m✓[39;22m[90m [39m[90mmeter readings with future dates are rejected @ repetition 40 of 100[39m[90m                                        [39m [90m0.08s[39m  
  [32;1m✓[39;22m[90m [39m[90mmeter readings with future dates are rejected @ repetition 41 of 100[39m[90m                                        [39m [90m0.08s[39m  
  [32;1m✓[39;22m[90m [39m[90mmeter readings with future dates are rejected @ repetition 42 of 100[39m[90m                                        [39m [90m0.08s[39m  
  [32;1m✓[39;22m[90m [39m[90mmeter readings with future dates are rejected @ repetition 43 of 100[39m[90m                                        [39m [90m0.08s[39m  
  [32;1m✓[39;22m[90m [39m[90mmeter readings with future dates are rejected @ repetition 44 of 100[39m[90m                                        [39m [90m0.08s[39m  
  [32;1m✓[39;22m[90m [39m[90mmeter readings with future dates are rejected @ repetition 45 of 100[39m[90m                                        [39m [90m0.08s[39m  
  [32;1m✓[39;22m[90m [39m[90mmeter readings with future dates are rejected @ repetition 46 of 100[39m[90m                                        [39m [90m0.08s[39m  
  [32;1m✓[39;22m[90m [39m[90mmeter readings with future dates are rejected @ repetition 47 of 100[39m[90m                                        [39m [90m0.08s[39m  
  [32;1m✓[39;22m[90m [39m[90mmeter readings with future dates are rejected @ repetition 48 of 100[39m[90m                                        [39m [90m0.08s[39m  
  [32;1m✓[39;22m[90m [39m[90mmeter readings with future dates are rejected @ repetition 49 of 100[39m[90m                                        [39m [90m0.08s[39m  
  [32;1m✓[39;22m[90m [39m[90mmeter readings with future dates are rejected @ repetition 50 of 100[39m[90m                                        [39m [90m0.08s[39m  
  [32;1m✓[39;22m[90m [39m[90mmeter readings with future dates are rejected @ repetition 51 of 100[39m[90m                                        [39m [90m0.08s[39m  
  [32;1m✓[39;22m[90m [39m[90mmeter readings with future dates are rejected @ repetition 52 of 100[39m[90m                                        [39m [90m0.08s[39m  
  [32;1m✓[39;22m[90m [39m[90mmeter readings with future dates are rejected @ repetition 53 of 100[39m[90m                                        [39m [90m0.08s[39m  
  [32;1m✓[39;22m[90m [39m[90mmeter readings with future dates are rejected @ repetition 54 of 100[39m[90m                                        [39m [90m0.08s[39m  
  [32;1m✓[39;22m[90m [39m[90mmeter readings with future dates are rejected @ repetition 55 of 100[39m[90m                                        [39m [90m0.08s[39m  
  [32;1m✓[39;22m[90m [39m[90mmeter readings with future dates are rejected @ repetition 56 of 100[39m[90m                                        [39m [90m0.08s[39m  
  [32;1m✓[39;22m[90m [39m[90mmeter readings with future dates are rejected @ repetition 57 of 100[39m[90m                                        [39m [90m0.08s[39m  
  [32;1m✓[39;22m[90m [39m[90mmeter readings with future dates are rejected @ repetition 58 of 100[39m[90m                                        [39m [90m0.08s[39m  
  [32;1m✓[39;22m[90m [39m[90mmeter readings with future dates are rejected @ repetition 59 of 100[39m[90m                                        [39m [90m0.08s[39m  
  [32;1m✓[39;22m[90m [39m[90mmeter readings with future dates are rejected @ repetition 60 of 100[39m[90m                                        [39m [90m0.08s[39m  
  [32;1m✓[39;22m[90m [39m[90mmeter readings with future dates are rejected @ repetition 61 of 100[39m[90m                                        [39m [90m0.08s[39m  
  [32;1m✓[39;22m[90m [39m[90mmeter readings with future dates are rejected @ repetition 62 of 100[39m[90m                                        [39m [90m0.08s[39m  
  [32;1m✓[39;22m[90m [39m[90mmeter readings with future dates are rejected @ repetition 63 of 100[39m[90m                                        [39m [90m0.08s[39m  
  [32;1m✓[39;22m[90m [39m[90mmeter readings with future dates are rejected @ repetition 64 of 100[39m[90m                                        [39m [90m0.08s[39m  
  [32;1m✓[39;22m[90m [39m[90mmeter readings with future dates are rejected @ repetition 65 of 100[39m[90m                                        [39m [90m0.08s[39m  
  [32;1m✓[39;22m[90m [39m[90mmeter readings with future dates are rejected @ repetition 66 of 100[39m[90m                                        [39m [90m0.08s[39m  
  [32;1m✓[39;22m[90m [39m[90mmeter readings with future dates are rejected @ repetition 67 of 100[39m[90m                                        [39m [90m0.11s[39m  
  [32;1m✓[39;22m[90m [39m[90mmeter readings with future dates are rejected @ repetition 68 of 100[39m[90m                                        [39m [90m0.09s[39m  
  [32;1m✓[39;22m[90m [39m[90mmeter readings with future dates are rejected @ repetition 69 of 100[39m[90m                                        [39m [90m0.09s[39m  
  [32;1m✓[39;22m[90m [39m[90mmeter readings with future dates are rejected @ repetition 70 of 100[39m[90m                                        [39m [90m0.09s[39m  
  [32;1m✓[39;22m[90m [39m[90mmeter readings with future dates are rejected @ repetition 71 of 100[39m[90m                                        [39m [90m0.09s[39m  
  [32;1m✓[39;22m[90m [39m[90mmeter readings with future dates are rejected @ repetition 72 of 100[39m[90m                                        [39m [90m0.09s[39m  
  [32;1m✓[39;22m[90m [39m[90mmeter readings with future dates are rejected @ repetition 73 of 100[39m[90m                                        [39m [90m0.08s[39m  
  [32;1m✓[39;22m[90m [39m[90mmeter readings with future dates are rejected @ repetition 74 of 100[39m[90m                                        [39m [90m0.08s[39m  
  [32;1m✓[39;22m[90m [39m[90mmeter readings with future dates are rejected @ repetition 75 of 100[39m[90m                                        [39m [90m0.08s[39m  
  [32;1m✓[39;22m[90m [39m[90mmeter readings with future dates are rejected @ repetition 76 of 100[39m[90m                                        [39m [90m0.08s[39m  
  [32;1m✓[39;22m[90m [39m[90mmeter readings with future dates are rejected @ repetition 77 of 100[39m[90m                                        [39m [90m0.08s[39m  
  [32;1m✓[39;22m[90m [39m[90mmeter readings with future dates are rejected @ repetition 78 of 100[39m[90m                                        [39m [90m0.08s[39m  
  [32;1m✓[39;22m[90m [39m[90mmeter readings with future dates are rejected @ repetition 79 of 100[39m[90m                                        [39m [90m0.08s[39m  
  [32;1m✓[39;22m[90m [39m[90mmeter readings with future dates are rejected @ repetition 80 of 100[39m[90m                                        [39m [90m0.08s[39m  
  [32;1m✓[39;22m[90m [39m[90mmeter readings with future dates are rejected @ repetition 81 of 100[39m[90m                                        [39m [90m0.08s[39m  
  [32;1m✓[39;22m[90m [39m[90mmeter readings with future dates are rejected @ repetition 82 of 100[39m[90m                                        [39m [90m0.08s[39m  
  [32;1m✓[39;22m[90m [39m[90mmeter readings with future dates are rejected @ repetition 83 of 100[39m[90m                                        [39m [90m0.08s[39m  
  [32;1m✓[39;22m[90m [39m[90mmeter readings with future dates are rejected @ repetition 84 of 100[39m[90m                                        [39m [90m0.08s[39m  
  [32;1m✓[39;22m[90m [39m[90mmeter readings with future dates are rejected @ repetition 85 of 100[39m[90m                                        [39m [90m0.08s[39m  
  [32;1m✓[39;22m[90m [39m[90mmeter readings with future dates are rejected @ repetition 86 of 100[39m[90m                                        [39m [90m0.08s[39m  
  [32;1m✓[39;22m[90m [39m[90mmeter readings with future dates are rejected @ repetition 87 of 100[39m[90m                                        [39m [90m0.08s[39m  
  [32;1m✓[39;22m[90m [39m[90mmeter readings with future dates are rejected @ repetition 88 of 100[39m[90m                                        [39m [90m0.08s[39m  
  [32;1m✓[39;22m[90m [39m[90mmeter readings with future dates are rejected @ repetition 89 of 100[39m[90m                                        [39m [90m0.08s[39m  
  [32;1m✓[39;22m[90m [39m[90mmeter readings with future dates are rejected @ repetition 90 of 100[39m[90m                                        [39m [90m0.08s[39m  
  [32;1m✓[39;22m[90m [39m[90mmeter readings with future dates are rejected @ repetition 91 of 100[39m[90m                                        [39m [90m0.08s[39m  
  [32;1m✓[39;22m[90m [39m[90mmeter readings with future dates are rejected @ repetition 92 of 100[39m[90m                                        [39m [90m0.08s[39m  
  [32;1m✓[39;22m[90m [39m[90mmeter readings with future dates are rejected @ repetition 93 of 100[39m[90m                                        [39m [90m0.08s[39m  
  [32;1m✓[39;22m[90m [39m[90mmeter readings with future dates are rejected @ repetition 94 of 100[39m[90m                                        [39m [90m0.13s[39m  
  [32;1m✓[39;22m[90m [39m[90mmeter readings with future dates are rejected @ repetition 95 of 100[39m[90m                                        [39m [90m0.08s[39m  
  [32;1m✓[39;22m[90m [39m[90mmeter readings with future dates are rejected @ repetition 96 of 100[39m[90m                                        [39m [90m0.08s[39m  
  [32;1m✓[39;22m[90m [39m[90mmeter readings with future dates are rejected @ repetition 97 of 100[39m[90m                                        [39m [90m0.08s[39m  
  [32;1m✓[39;22m[90m [39m[90mmeter readings with future dates are rejected @ repetition 98 of 100[39m[90m                                        [39m [90m0.08s[39m  
  [32;1m✓[39;22m[90m [39m[90mmeter readings with future dates are rejected @ repetition 99 of 100[39m[90m                                        [39m [90m0.08s[39m  
  [32;1m✓[39;22m[90m [39m[90mmeter readings with future dates are rejected @ repetition 100 of 100[39m[90m                                       [39m [90m0.08s[39m  
  [32;1m✓[39;22m[90m [39m[90mmeter readings contain entered_by and timestamp @ repetition 1 of 100[39m[90m                                       [39m [90m0.08s[39m  
  [32;1m✓[39;22m[90m [39m[90mmeter readings contain entered_by and timestamp @ repetition 2 of 100[39m[90m                                       [39m [90m0.08s[39m  
  [32;1m✓[39;22m[90m [39m[90mmeter readings contain entered_by and timestamp @ repetition 3 of 100[39m[90m                                       [39m [90m0.08s[39m  
  [32;1m✓[39;22m[90m [39m[90mmeter readings contain entered_by and timestamp @ repetition 4 of 100[39m[90m                                       [39m [90m0.08s[39m  
  [32;1m✓[39;22m[90m [39m[90mmeter readings contain entered_by and timestamp @ repetition 5 of 100[39m[90m                                       [39m [90m0.08s[39m  
  [32;1m✓[39;22m[90m [39m[90mmeter readings contain entered_by and timestamp @ repetition 6 of 100[39m[90m                                       [39m [90m0.08s[39m  
  [32;1m✓[39;22m[90m [39m[90mmeter readings contain entered_by and timestamp @ repetition 7 of 100[39m[90m                                       [39m [90m0.08s[39m  
  [32;1m✓[39;22m[90m [39m[90mmeter readings contain entered_by and timestamp @ repetition 8 of 100[39m[90m                                       [39m [90m0.08s[39m  
  [32;1m✓[39;22m[90m [39m[90mmeter readings contain entered_by and timestamp @ repetition 9 of 100[39m[90m                                       [39m [90m0.08s[39m  
  [32;1m✓[39;22m[90m [39m[90mmeter readings contain entered_by and timestamp @ repetition 10 of 100[39m[90m                                      [39m [90m0.08s[39m  
  [32;1m✓[39;22m[90m [39m[90mmeter readings contain entered_by and timestamp @ repetition 11 of 100[39m[90m                                      [39m [90m0.08s[39m  
  [32;1m✓[39;22m[90m [39m[90mmeter readings contain entered_by and timestamp @ repetition 12 of 100[39m[90m                                      [39m [90m0.08s[39m  
  [32;1m✓[39;22m[90m [39m[90mmeter readings contain entered_by and timestamp @ repetition 13 of 100[39m[90m                                      [39m [90m0.08s[39m  
  [32;1m✓[39;22m[90m [39m[90mmeter readings contain entered_by and timestamp @ repetition 14 of 100[39m[90m                                      [39m [90m0.08s[39m  
  [32;1m✓[39;22m[90m [39m[90mmeter readings contain entered_by and timestamp @ repetition 15 of 100[39m[90m                                      [39m [90m0.08s[39m  
  [32;1m✓[39;22m[90m [39m[90mmeter readings contain entered_by and timestamp @ repetition 16 of 100[39m[90m                                      [39m [90m0.08s[39m  
  [32;1m✓[39;22m[90m [39m[90mmeter readings contain entered_by and timestamp @ repetition 17 of 100[39m[90m                                      [39m [90m0.08s[39m  
  [32;1m✓[39;22m[90m [39m[90mmeter readings contain entered_by and timestamp @ repetition 18 of 100[39m[90m                                      [39m [90m0.08s[39m  
  [32;1m✓[39;22m[90m [39m[90mmeter readings contain entered_by and timestamp @ repetition 19 of 100[39m[90m                                      [39m [90m0.08s[39m  
  [32;1m✓[39;22m[90m [39m[90mmeter readings contain entered_by and timestamp @ repetition 20 of 100[39m[90m                                      [39m [90m0.08s[39m  
  [32;1m✓[39;22m[90m [39m[90mmeter readings contain entered_by and timestamp @ repetition 21 of 100[39m[90m                                      [39m [90m0.08s[39m  
  [32;1m✓[39;22m[90m [39m[90mmeter readings contain entered_by and timestamp @ repetition 22 of 100[39m[90m                                      [39m [90m0.08s[39m  
  [32;1m✓[39;22m[90m [39m[90mmeter readings contain entered_by and timestamp @ repetition 23 of 100[39m[90m                                      [39m [90m0.08s[39m  
  [32;1m✓[39;22m[90m [39m[90mmeter readings contain entered_by and timestamp @ repetition 24 of 100[39m[90m                                      [39m [90m0.08s[39m  
  [32;1m✓[39;22m[90m [39m[90mmeter readings contain entered_by and timestamp @ repetition 25 of 100[39m[90m                                      [39m [90m0.08s[39m  
  [32;1m✓[39;22m[90m [39m[90mmeter readings contain entered_by and timestamp @ repetition 26 of 100[39m[90m                                      [39m [90m0.08s[39m  
  [32;1m✓[39;22m[90m [39m[90mmeter readings contain entered_by and timestamp @ repetition 27 of 100[39m[90m                                      [39m [90m0.08s[39m  
  [32;1m✓[39;22m[90m [39m[90mmeter readings contain entered_by and timestamp @ repetition 28 of 100[39m[90m                                      [39m [90m0.08s[39m  
  [32;1m✓[39;22m[90m [39m[90mmeter readings contain entered_by and timestamp @ repetition 29 of 100[39m[90m                                      [39m [90m0.11s[39m  
  [32;1m✓[39;22m[90m [39m[90mmeter readings contain entered_by and timestamp @ repetition 30 of 100[39m[90m                                      [39m [90m0.10s[39m  
  [32;1m✓[39;22m[90m [39m[90mmeter readings contain entered_by and timestamp @ repetition 31 of 100[39m[90m                                      [39m [90m0.09s[39m  
  [32;1m✓[39;22m[90m [39m[90mmeter readings contain entered_by and timestamp @ repetition 32 of 100[39m[90m                                      [39m [90m0.09s[39m  
  [32;1m✓[39;22m[90m [39m[90mmeter readings contain entered_by and timestamp @ repetition 33 of 100[39m[90m                                      [39m [90m0.09s[39m  
  [32;1m✓[39;22m[90m [39m[90mmeter readings contain entered_by and timestamp @ repetition 34 of 100[39m[90m                                      [39m [90m0.09s[39m  
  [32;1m✓[39;22m[90m [39m[90mmeter readings contain entered_by and timestamp @ repetition 35 of 100[39m[90m                                      [39m [90m0.08s[39m  
  [32;1m✓[39;22m[90m [39m[90mmeter readings contain entered_by and timestamp @ repetition 36 of 100[39m[90m                                      [39m [90m0.08s[39m  
  [32;1m✓[39;22m[90m [39m[90mmeter readings contain entered_by and timestamp @ repetition 37 of 100[39m[90m                                      [39m [90m0.08s[39m  
  [32;1m✓[39;22m[90m [39m[90mmeter readings contain entered_by and timestamp @ repetition 38 of 100[39m[90m                                      [39m [90m0.08s[39m  
  [32;1m✓[39;22m[90m [39m[90mmeter readings contain entered_by and timestamp @ repetition 39 of 100[39m[90m                                      [39m [90m0.08s[39m  
  [32;1m✓[39;22m[90m [39m[90mmeter readings contain entered_by and timestamp @ repetition 40 of 100[39m[90m                                      [39m [90m0.08s[39m  
  [32;1m✓[39;22m[90m [39m[90mmeter readings contain entered_by and timestamp @ repetition 41 of 100[39m[90m                                      [39m [90m0.08s[39m  
  [32;1m✓[39;22m[90m [39m[90mmeter readings contain entered_by and timestamp @ repetition 42 of 100[39m[90m                                      [39m [90m0.08s[39m  
  [32;1m✓[39;22m[90m [39m[90mmeter readings contain entered_by and timestamp @ repetition 43 of 100[39m[90m                                      [39m [90m0.08s[39m  
  [32;1m✓[39;22m[90m [39m[90mmeter readings contain entered_by and timestamp @ repetition 44 of 100[39m[90m                                      [39m [90m0.08s[39m  
  [32;1m✓[39;22m[90m [39m[90mmeter readings contain entered_by and timestamp @ repetition 45 of 100[39m[90m                                      [39m [90m0.08s[39m  
  [32;1m✓[39;22m[90m [39m[90mmeter readings contain entered_by and timestamp @ repetition 46 of 100[39m[90m                                      [39m [90m0.08s[39m  
  [32;1m✓[39;22m[90m [39m[90mmeter readings contain entered_by and timestamp @ repetition 47 of 100[39m[90m                                      [39m [90m0.08s[39m  
  [32;1m✓[39;22m[90m [39m[90mmeter readings contain entered_by and timestamp @ repetition 48 of 100[39m[90m                                      [39m [90m0.08s[39m  
  [32;1m✓[39;22m[90m [39m[90mmeter readings contain entered_by and timestamp @ repetition 49 of 100[39m[90m                                      [39m [90m0.08s[39m  
  [32;1m✓[39;22m[90m [39m[90mmeter readings contain entered_by and timestamp @ repetition 50 of 100[39m[90m                                      [39m [90m0.08s[39m  
  [32;1m✓[39;22m[90m [39m[90mmeter readings contain entered_by and timestamp @ repetition 51 of 100[39m[90m                                      [39m [90m0.08s[39m  
  [32;1m✓[39;22m[90m [39m[90mmeter readings contain entered_by and timestamp @ repetition 52 of 100[39m[90m                                      [39m [90m0.08s[39m  
  [32;1m✓[39;22m[90m [39m[90mmeter readings contain entered_by and timestamp @ repetition 53 of 100[39m[90m                                      [39m [90m0.08s[39m  
  [32;1m✓[39;22m[90m [39m[90mmeter readings contain entered_by and timestamp @ repetition 54 of 100[39m[90m                                      [39m [90m0.08s[39m  
  [32;1m✓[39;22m[90m [39m[90mmeter readings contain entered_by and timestamp @ repetition 55 of 100[39m[90m                                      [39m [90m0.08s[39m  
  [32;1m✓[39;22m[90m [39m[90mmeter readings contain entered_by and timestamp @ repetition 56 of 100[39m[90m                                      [39m [90m0.08s[39m  
  [32;1m✓[39;22m[90m [39m[90mmeter readings contain entered_by and timestamp @ repetition 57 of 100[39m[90m                                      [39m [90m0.08s[39m  
  [32;1m✓[39;22m[90m [39m[90mmeter readings contain entered_by and timestamp @ repetition 58 of 100[39m[90m                                      [39m [90m0.08s[39m  
  [32;1m✓[39;22m[90m [39m[90mmeter readings contain entered_by and timestamp @ repetition 59 of 100[39m[90m                                      [39m [90m0.08s[39m  
  [32;1m✓[39;22m[90m [39m[90mmeter readings contain entered_by and timestamp @ repetition 60 of 100[39m[90m                                      [39m [90m0.08s[39m  
  [32;1m✓[39;22m[90m [39m[90mmeter readings contain entered_by and timestamp @ repetition 61 of 100[39m[90m                                      [39m [90m0.08s[39m  
  [32;1m✓[39;22m[90m [39m[90mmeter readings contain entered_by and timestamp @ repetition 62 of 100[39m[90m                                      [39m [90m0.08s[39m  
  [32;1m✓[39;22m[90m [39m[90mmeter readings contain entered_by and timestamp @ repetition 63 of 100[39m[90m                                      [39m [90m0.08s[39m  
  [32;1m✓[39;22m[90m [39m[90mmeter readings contain entered_by and timestamp @ repetition 64 of 100[39m[90m                                      [39m [90m0.13s[39m  
  [32;1m✓[39;22m[90m [39m[90mmeter readings contain entered_by and timestamp @ repetition 65 of 100[39m[90m                                      [39m [90m0.08s[39m  
  [32;1m✓[39;22m[90m [39m[90mmeter readings contain entered_by and timestamp @ repetition 66 of 100[39m[90m                                      [39m [90m0.08s[39m  
  [32;1m✓[39;22m[90m [39m[90mmeter readings contain entered_by and timestamp @ repetition 67 of 100[39m[90m                                      [39m [90m0.08s[39m  
  [32;1m✓[39;22m[90m [39m[90mmeter readings contain entered_by and timestamp @ repetition 68 of 100[39m[90m                                      [39m [90m0.08s[39m  
  [32;1m✓[39;22m[90m [39m[90mmeter readings contain entered_by and timestamp @ repetition 69 of 100[39m[90m                                      [39m [90m0.08s[39m  
  [32;1m✓[39;22m[90m [39m[90mmeter readings contain entered_by and timestamp @ repetition 70 of 100[39m[90m                                      [39m [90m0.08s[39m  
  [32;1m✓[39;22m[90m [39m[90mmeter readings contain entered_by and timestamp @ repetition 71 of 100[39m[90m                                      [39m [90m0.08s[39m  
  [32;1m✓[39;22m[90m [39m[90mmeter readings contain entered_by and timestamp @ repetition 72 of 100[39m[90m                                      [39m [90m0.08s[39m  
  [32;1m✓[39;22m[90m [39m[90mmeter readings contain entered_by and timestamp @ repetition 73 of 100[39m[90m                                      [39m [90m0.08s[39m  
  [32;1m✓[39;22m[90m [39m[90mmeter readings contain entered_by and timestamp @ repetition 74 of 100[39m[90m                                      [39m [90m0.08s[39m  
  [32;1m✓[39;22m[90m [39m[90mmeter readings contain entered_by and timestamp @ repetition 75 of 100[39m[90m                                      [39m [90m0.08s[39m  
  [32;1m✓[39;22m[90m [39m[90mmeter readings contain entered_by and timestamp @ repetition 76 of 100[39m[90m                                      [39m [90m0.08s[39m  
  [32;1m✓[39;22m[90m [39m[90mmeter readings contain entered_by and timestamp @ repetition 77 of 100[39m[90m                                      [39m [90m0.08s[39m  
  [32;1m✓[39;22m[90m [39m[90mmeter readings contain entered_by and timestamp @ repetition 78 of 100[39m[90m                                      [39m [90m0.08s[39m  
  [32;1m✓[39;22m[90m [39m[90mmeter readings contain entered_by and timestamp @ repetition 79 of 100[39m[90m                                      [39m [90m0.08s[39m  
  [32;1m✓[39;22m[90m [39m[90mmeter readings contain entered_by and timestamp @ repetition 80 of 100[39m[90m                                      [39m [90m0.08s[39m  
  [32;1m✓[39;22m[90m [39m[90mmeter readings contain entered_by and timestamp @ repetition 81 of 100[39m[90m                                      [39m [90m0.08s[39m  
  [32;1m✓[39;22m[90m [39m[90mmeter readings contain entered_by and timestamp @ repetition 82 of 100[39m[90m                                      [39m [90m0.08s[39m  
  [32;1m✓[39;22m[90m [39m[90mmeter readings contain entered_by and timestamp @ repetition 83 of 100[39m[90m                                      [39m [90m0.08s[39m  
  [32;1m✓[39;22m[90m [39m[90mmeter readings contain entered_by and timestamp @ repetition 84 of 100[39m[90m                                      [39m [90m0.08s[39m  
  [32;1m✓[39;22m[90m [39m[90mmeter readings contain entered_by and timestamp @ repetition 85 of 100[39m[90m                                      [39m [90m0.08s[39m  
  [32;1m✓[39;22m[90m [39m[90mmeter readings contain entered_by and timestamp @ repetition 86 of 100[39m[90m                                      [39m [90m0.08s[39m  
  [32;1m✓[39;22m[90m [39m[90mmeter readings contain entered_by and timestamp @ repetition 87 of 100[39m[90m                                      [39m [90m0.08s[39m  
  [32;1m✓[39;22m[90m [39m[90mmeter readings contain entered_by and timestamp @ repetition 88 of 100[39m[90m                                      [39m [90m0.08s[39m  
  [32;1m✓[39;22m[90m [39m[90mmeter readings contain entered_by and timestamp @ repetition 89 of 100[39m[90m                                      [39m [90m0.08s[39m  
  [32;1m✓[39;22m[90m [39m[90mmeter readings contain entered_by and timestamp @ repetition 90 of 100[39m[90m                                      [39m [90m0.08s[39m  
  [32;1m✓[39;22m[90m [39m[90mmeter readings contain entered_by and timestamp @ repetition 91 of 100[39m[90m                                      [39m [90m0.11s[39m  
  [32;1m✓[39;22m[90m [39m[90mmeter readings contain entered_by and timestamp @ repetition 92 of 100[39m[90m                                      [39m [90m0.10s[39m  
  [32;1m✓[39;22m[90m [39m[90mmeter readings contain entered_by and timestamp @ repetition 93 of 100[39m[90m                                      [39m [90m0.09s[39m  
  [32;1m✓[39;22m[90m [39m[90mmeter readings contain entered_by and timestamp @ repetition 94 of 100[39m[90m                                      [39m [90m0.09s[39m  
  [32;1m✓[39;22m[90m [39m[90mmeter readings contain entered_by and timestamp @ repetition 95 of 100[39m[90m                                      [39m [90m0.09s[39m  
  [32;1m✓[39;22m[90m [39m[90mmeter readings contain entered_by and timestamp @ repetition 96 of 100[39m[90m                                      [39m [90m0.09s[39m  
  [32;1m✓[39;22m[90m [39m[90mmeter readings contain entered_by and timestamp @ repetition 97 of 100[39m[90m                                      [39m [90m0.08s[39m  
  [32;1m✓[39;22m[90m [39m[90mmeter readings contain entered_by and timestamp @ repetition 98 of 100[39m[90m                                      [39m [90m0.08s[39m  
  [32;1m✓[39;22m[90m [39m[90mmeter readings contain entered_by and timestamp @ repetition 99 of 100[39m[90m                                      [39m [90m0.08s[39m  
  [32;1m✓[39;22m[90m [39m[90mmeter readings contain entered_by and timestamp @ repetition 100 of 100[39m[90m                                     [39m [90m0.08s[39m  
  [32;1m✓[39;22m[90m [39m[90mmeters supporting zones accept zone-specific readings @ repetition 1 of 100[39m[90m                                 [39m [90m0.08s[39m  
  [32;1m✓[39;22m[90m [39m[90mmeters supporting zones accept zone-specific readings @ repetition 2 of 100[39m[90m                                 [39m [90m0.08s[39m  
  [32;1m✓[39;22m[90m [39m[90mmeters supporting zones accept zone-specific readings @ repetition 3 of 100[39m[90m                                 [39m [90m0.09s[39m  
  [32;1m✓[39;22m[90m [39m[90mmeters supporting zones accept zone-specific readings @ repetition 4 of 100[39m[90m                                 [39m [90m0.08s[39m  
  [32;1m✓[39;22m[90m [39m[90mmeters supporting zones accept zone-specific readings @ repetition 5 of 100[39m[90m                                 [39m [90m0.08s[39m  
  [32;1m✓[39;22m[90m [39m[90mmeters supporting zones accept zone-specific readings @ repetition 6 of 100[39m[90m                                 [39m [90m0.08s[39m  
  [32;1m✓[39;22m[90m [39m[90mmeters supporting zones accept zone-specific readings @ repetition 7 of 100[39m[90m                                 [39m [90m0.08s[39m  
  [32;1m✓[39;22m[90m [39m[90mmeters supporting zones accept zone-specific readings @ repetition 8 of 100[39m[90m                                 [39m [90m0.08s[39m  
  [32;1m✓[39;22m[90m [39m[90mmeters supporting zones accept zone-specific readings @ repetition 9 of 100[39m[90m                                 [39m [90m0.08s[39m  
  [32;1m✓[39;22m[90m [39m[90mmeters supporting zones accept zone-specific readings @ repetition 10 of 100[39m[90m                                [39m [90m0.08s[39m  
  [32;1m✓[39;22m[90m [39m[90mmeters supporting zones accept zone-specific readings @ repetition 11 of 100[39m[90m                                [39m [90m0.08s[39m  
  [32;1m✓[39;22m[90m [39m[90mmeters supporting zones accept zone-specific readings @ repetition 12 of 100[39m[90m                                [39m [90m0.08s[39m  
  [32;1m✓[39;22m[90m [39m[90mmeters supporting zones accept zone-specific readings @ repetition 13 of 100[39m[90m                                [39m [90m0.08s[39m  
  [32;1m✓[39;22m[90m [39m[90mmeters supporting zones accept zone-specific readings @ repetition 14 of 100[39m[90m                                [39m [90m0.08s[39m  
  [32;1m✓[39;22m[90m [39m[90mmeters supporting zones accept zone-specific readings @ repetition 15 of 100[39m[90m                                [39m [90m0.08s[39m  
  [32;1m✓[39;22m[90m [39m[90mmeters supporting zones accept zone-specific readings @ repetition 16 of 100[39m[90m                                [39m [90m0.08s[39m  
  [32;1m✓[39;22m[90m [39m[90mmeters supporting zones accept zone-specific readings @ repetition 17 of 100[39m[90m                                [39m [90m0.08s[39m  
  [32;1m✓[39;22m[90m [39m[90mmeters supporting zones accept zone-specific readings @ repetition 18 of 100[39m[90m                                [39m [90m0.08s[39m  
  [32;1m✓[39;22m[90m [39m[90mmeters supporting zones accept zone-specific readings @ repetition 19 of 100[39m[90m                                [39m [90m0.08s[39m  
  [32;1m✓[39;22m[90m [39m[90mmeters supporting zones accept zone-specific readings @ repetition 20 of 100[39m[90m                                [39m [90m0.08s[39m  
  [32;1m✓[39;22m[90m [39m[90mmeters supporting zones accept zone-specific readings @ repetition 21 of 100[39m[90m                                [39m [90m0.08s[39m  
  [32;1m✓[39;22m[90m [39m[90mmeters supporting zones accept zone-specific readings @ repetition 22 of 100[39m[90m                                [39m [90m0.08s[39m  
  [32;1m✓[39;22m[90m [39m[90mmeters supporting zones accept zone-specific readings @ repetition 23 of 100[39m[90m                                [39m [90m0.13s[39m  
  [32;1m✓[39;22m[90m [39m[90mmeters supporting zones accept zone-specific readings @ repetition 24 of 100[39m[90m                                [39m [90m0.08s[39m  
  [32;1m✓[39;22m[90m [39m[90mmeters supporting zones accept zone-specific readings @ repetition 25 of 100[39m[90m                                [39m [90m0.09s[39m  
  [32;1m✓[39;22m[90m [39m[90mmeters supporting zones accept zone-specific readings @ repetition 26 of 100[39m[90m                                [39m [90m0.09s[39m  
  [32;1m✓[39;22m[90m [39m[90mmeters supporting zones accept zone-specific readings @ repetition 27 of 100[39m[90m                                [39m [90m0.09s[39m  
  [32;1m✓[39;22m[90m [39m[90mmeters supporting zones accept zone-specific readings @ repetition 28 of 100[39m[90m                                [39m [90m0.09s[39m  
  [32;1m✓[39;22m[90m [39m[90mmeters supporting zones accept zone-specific readings @ repetition 29 of 100[39m[90m                                [39m [90m0.09s[39m  
  [32;1m✓[39;22m[90m [39m[90mmeters supporting zones accept zone-specific readings @ repetition 30 of 100[39m[90m                                [39m [90m0.09s[39m  
  [32;1m✓[39;22m[90m [39m[90mmeters supporting zones accept zone-specific readings @ repetition 31 of 100[39m[90m                                [39m [90m0.08s[39m  
  [32;1m✓[39;22m[90m [39m[90mmeters supporting zones accept zone-specific readings @ repetition 32 of 100[39m[90m                                [39m [90m0.08s[39m  
  [32;1m✓[39;22m[90m [39m[90mmeters supporting zones accept zone-specific readings @ repetition 33 of 100[39m[90m                                [39m [90m0.08s[39m  
  [32;1m✓[39;22m[90m [39m[90mmeters supporting zones accept zone-specific readings @ repetition 34 of 100[39m[90m                                [39m [90m0.08s[39m  
  [32;1m✓[39;22m[90m [39m[90mmeters supporting zones accept zone-specific readings @ repetition 35 of 100[39m[90m                                [39m [90m0.08s[39m  
  [32;1m✓[39;22m[90m [39m[90mmeters supporting zones accept zone-specific readings @ repetition 36 of 100[39m[90m                                [39m [90m0.08s[39m  
  [32;1m✓[39;22m[90m [39m[90mmeters supporting zones accept zone-specific readings @ repetition 37 of 100[39m[90m                                [39m [90m0.08s[39m  
  [32;1m✓[39;22m[90m [39m[90mmeters supporting zones accept zone-specific readings @ repetition 38 of 100[39m[90m                                [39m [90m0.08s[39m  
  [32;1m✓[39;22m[90m [39m[90mmeters supporting zones accept zone-specific readings @ repetition 39 of 100[39m[90m                                [39m [90m0.08s[39m  
  [32;1m✓[39;22m[90m [39m[90mmeters supporting zones accept zone-specific readings @ repetition 40 of 100[39m[90m                                [39m [90m0.08s[39m  
  [32;1m✓[39;22m[90m [39m[90mmeters supporting zones accept zone-specific readings @ repetition 41 of 100[39m[90m                                [39m [90m0.08s[39m  
  [32;1m✓[39;22m[90m [39m[90mmeters supporting zones accept zone-specific readings @ repetition 42 of 100[39m[90m                                [39m [90m0.08s[39m  
  [32;1m✓[39;22m[90m [39m[90mmeters supporting zones accept zone-specific readings @ repetition 43 of 100[39m[90m                                [39m [90m0.08s[39m  
  [32;1m✓[39;22m[90m [39m[90mmeters supporting zones accept zone-specific readings @ repetition 44 of 100[39m[90m                                [39m [90m0.09s[39m  
  [32;1m✓[39;22m[90m [39m[90mmeters supporting zones accept zone-specific readings @ repetition 45 of 100[39m[90m                                [39m [90m0.08s[39m  
  [32;1m✓[39;22m[90m [39m[90mmeters supporting zones accept zone-specific readings @ repetition 46 of 100[39m[90m                                [39m [90m0.09s[39m  
  [32;1m✓[39;22m[90m [39m[90mmeters supporting zones accept zone-specific readings @ repetition 47 of 100[39m[90m                                [39m [90m0.08s[39m  
  [32;1m✓[39;22m[90m [39m[90mmeters supporting zones accept zone-specific readings @ repetition 48 of 100[39m[90m                                [39m [90m0.08s[39m  
  [32;1m✓[39;22m[90m [39m[90mmeters supporting zones accept zone-specific readings @ repetition 49 of 100[39m[90m                                [39m [90m0.09s[39m  
  [32;1m✓[39;22m[90m [39m[90mmeters supporting zones accept zone-specific readings @ repetition 50 of 100[39m[90m                                [39m [90m0.08s[39m  
  [32;1m✓[39;22m[90m [39m[90mmeters supporting zones accept zone-specific readings @ repetition 51 of 100[39m[90m                                [39m [90m0.11s[39m  
  [32;1m✓[39;22m[90m [39m[90mmeters supporting zones accept zone-specific readings @ repetition 52 of 100[39m[90m                                [39m [90m0.10s[39m  
  [32;1m✓[39;22m[90m [39m[90mmeters supporting zones accept zone-specific readings @ repetition 53 of 100[39m[90m                                [39m [90m0.11s[39m  
  [32;1m✓[39;22m[90m [39m[90mmeters supporting zones accept zone-specific readings @ repetition 54 of 100[39m[90m                                [39m [90m0.10s[39m  
  [32;1m✓[39;22m[90m [39m[90mmeters supporting zones accept zone-specific readings @ repetition 55 of 100[39m[90m                                [39m [90m0.09s[39m  
  [32;1m✓[39;22m[90m [39m[90mmeters supporting zones accept zone-specific readings @ repetition 56 of 100[39m[90m                                [39m [90m0.09s[39m  
  [32;1m✓[39;22m[90m [39m[90mmeters supporting zones accept zone-specific readings @ repetition 57 of 100[39m[90m                                [39m [90m0.09s[39m  
  [32;1m✓[39;22m[90m [39m[90mmeters supporting zones accept zone-specific readings @ repetition 58 of 100[39m[90m                                [39m [90m0.10s[39m  
  [32;1m✓[39;22m[90m [39m[90mmeters supporting zones accept zone-specific readings @ repetition 59 of 100[39m[90m                                [39m [90m0.09s[39m  
  [32;1m✓[39;22m[90m [39m[90mmeters supporting zones accept zone-specific readings @ repetition 60 of 100[39m[90m                                [39m [90m0.09s[39m  
  [32;1m✓[39;22m[90m [39m[90mmeters supporting zones accept zone-specific readings @ repetition 61 of 100[39m[90m                                [39m [90m0.09s[39m  
  [32;1m✓[39;22m[90m [39m[90mmeters supporting zones accept zone-specific readings @ repetition 62 of 100[39m[90m                                [39m [90m0.09s[39m  
  [32;1m✓[39;22m[90m [39m[90mmeters supporting zones accept zone-specific readings @ repetition 63 of 100[39m[90m                                [39m [90m0.09s[39m  
  [32;1m✓[39;22m[90m [39m[90mmeters supporting zones accept zone-specific readings @ repetition 64 of 100[39m[90m                                [39m [90m0.09s[39m  
  [32;1m✓[39;22m[90m [39m[90mmeters supporting zones accept zone-specific readings @ repetition 65 of 100[39m[90m                                [39m [90m0.09s[39m  
  [32;1m✓[39;22m[90m [39m[90mmeters supporting zones accept zone-specific readings @ repetition 66 of 100[39m[90m                                [39m [90m0.09s[39m  
  [32;1m✓[39;22m[90m [39m[90mmeters supporting zones accept zone-specific readings @ repetition 67 of 100[39m[90m                                [39m [90m0.09s[39m  
  [32;1m✓[39;22m[90m [39m[90mmeters supporting zones accept zone-specific readings @ repetition 68 of 100[39m[90m                                [39m [90m0.09s[39m  
  [32;1m✓[39;22m[90m [39m[90mmeters supporting zones accept zone-specific readings @ repetition 69 of 100[39m[90m                                [39m [90m0.09s[39m  
  [32;1m✓[39;22m[90m [39m[90mmeters supporting zones accept zone-specific readings @ repetition 70 of 100[39m[90m                                [39m [90m0.09s[39m  
  [32;1m✓[39;22m[90m [39m[90mmeters supporting zones accept zone-specific readings @ repetition 71 of 100[39m[90m                                [39m [90m0.09s[39m  
  [32;1m✓[39;22m[90m [39m[90mmeters supporting zones accept zone-specific readings @ repetition 72 of 100[39m[90m                                [39m [90m0.13s[39m  
  [32;1m✓[39;22m[90m [39m[90mmeters supporting zones accept zone-specific readings @ repetition 73 of 100[39m[90m                                [39m [90m0.09s[39m  
  [32;1m✓[39;22m[90m [39m[90mmeters supporting zones accept zone-specific readings @ repetition 74 of 100[39m[90m                                [39m [90m0.09s[39m  
  [32;1m✓[39;22m[90m [39m[90mmeters supporting zones accept zone-specific readings @ repetition 75 of 100[39m[90m                                [39m [90m0.09s[39m  
  [32;1m✓[39;22m[90m [39m[90mmeters supporting zones accept zone-specific readings @ repetition 76 of 100[39m[90m                                [39m [90m0.09s[39m  
  [32;1m✓[39;22m[90m [39m[90mmeters supporting zones accept zone-specific readings @ repetition 77 of 100[39m[90m                                [39m [90m0.09s[39m  
  [32;1m✓[39;22m[90m [39m[90mmeters supporting zones accept zone-specific readings @ repetition 78 of 100[39m[90m                                [39m [90m0.09s[39m  
  [32;1m✓[39;22m[90m [39m[90mmeters supporting zones accept zone-specific readings @ repetition 79 of 100[39m[90m                                [39m [90m0.09s[39m  
  [32;1m✓[39;22m[90m [39m[90mmeters supporting zones accept zone-specific readings @ repetition 80 of 100[39m[90m                                [39m [90m0.08s[39m  
  [32;1m✓[39;22m[90m [39m[90mmeters supporting zones accept zone-specific readings @ repetition 81 of 100[39m[90m                                [39m [90m0.08s[39m  
  [32;1m✓[39;22m[90m [39m[90mmeters supporting zones accept zone-specific readings @ repetition 82 of 100[39m[90m                                [39m [90m0.08s[39m  
  [32;1m✓[39;22m[90m [39m[90mmeters supporting zones accept zone-specific readings @ repetition 83 of 100[39m[90m                                [39m [90m0.08s[39m  
  [32;1m✓[39;22m[90m [39m[90mmeters supporting zones accept zone-specific readings @ repetition 84 of 100[39m[90m                                [39m [90m0.08s[39m  
  [32;1m✓[39;22m[90m [39m[90mmeters supporting zones accept zone-specific readings @ repetition 85 of 100[39m[90m                                [39m [90m0.08s[39m  
  [32;1m✓[39;22m[90m [39m[90mmeters supporting zones accept zone-specific readings @ repetition 86 of 100[39m[90m                                [39m [90m0.08s[39m  
  [32;1m✓[39;22m[90m [39m[90mmeters supporting zones accept zone-specific readings @ repetition 87 of 100[39m[90m                                [39m [90m0.08s[39m  
  [32;1m✓[39;22m[90m [39m[90mmeters supporting zones accept zone-specific readings @ repetition 88 of 100[39m[90m                                [39m [90m0.08s[39m  
  [32;1m✓[39;22m[90m [39m[90mmeters supporting zones accept zone-specific readings @ repetition 89 of 100[39m[90m                                [39m [90m0.08s[39m  
  [32;1m✓[39;22m[90m [39m[90mmeters supporting zones accept zone-specific readings @ repetition 90 of 100[39m[90m                                [39m [90m0.08s[39m  
  [32;1m✓[39;22m[90m [39m[90mmeters supporting zones accept zone-specific readings @ repetition 91 of 100[39m[90m                                [39m [90m0.08s[39m  
  [32;1m✓[39;22m[90m [39m[90mmeters supporting zones accept zone-specific readings @ repetition 92 of 100[39m[90m                                [39m [90m0.08s[39m  
  [32;1m✓[39;22m[90m [39m[90mmeters supporting zones accept zone-specific readings @ repetition 93 of 100[39m[90m                                [39m [90m0.09s[39m  
  [32;1m✓[39;22m[90m [39m[90mmeters supporting zones accept zone-specific readings @ repetition 94 of 100[39m[90m                                [39m [90m0.09s[39m  
  [32;1m✓[39;22m[90m [39m[90mmeters supporting zones accept zone-specific readings @ repetition 95 of 100[39m[90m                                [39m [90m0.08s[39m  
  [32;1m✓[39;22m[90m [39m[90mmeters supporting zones accept zone-specific readings @ repetition 96 of 100[39m[90m                                [39m [90m0.09s[39m  
  [32;1m✓[39;22m[90m [39m[90mmeters supporting zones accept zone-specific readings @ repetition 97 of 100[39m[90m                                [39m [90m0.09s[39m  
  [32;1m✓[39;22m[90m [39m[90mmeters supporting zones accept zone-specific readings @ repetition 98 of 100[39m[90m                                [39m [90m0.09s[39m  
  [32;1m✓[39;22m[90m [39m[90mmeters supporting zones accept zone-specific readings @ repetition 99 of 100[39m[90m                                [39m [90m0.09s[39m  
  [32;1m✓[39;22m[90m [39m[90mmeters supporting zones accept zone-specific readings @ repetition 100 of 100[39m[90m                               [39m [90m0.09s[39m  
  [32;1m✓[39;22m[90m [39m[90mtariff configuration survives JSON round-trip @ repetition 1 of 100[39m[90m                                         [39m [90m0.09s[39m  
  [32;1m✓[39;22m[90m [39m[90mtariff configuration survives JSON round-trip @ repetition 2 of 100[39m[90m                                         [39m [90m0.09s[39m  
  [32;1m✓[39;22m[90m [39m[90mtariff configuration survives JSON round-trip @ repetition 3 of 100[39m[90m                                         [39m [90m0.09s[39m  
  [32;1m✓[39;22m[90m [39m[90mtariff configuration survives JSON round-trip @ repetition 4 of 100[39m[90m                                         [39m [90m0.09s[39m  
  [32;1m✓[39;22m[90m [39m[90mtariff configuration survives JSON round-trip @ repetition 5 of 100[39m[90m                                         [39m [90m0.09s[39m  
  [32;1m✓[39;22m[90m [39m[90mtariff configuration survives JSON round-trip @ repetition 6 of 100[39m[90m                                         [39m [90m0.09s[39m  
  [32;1m✓[39;22m[90m [39m[90mtariff configuration survives JSON round-trip @ repetition 7 of 100[39m[90m                                         [39m [90m0.09s[39m  
  [32;1m✓[39;22m[90m [39m[90mtariff configuration survives JSON round-trip @ repetition 8 of 100[39m[90m                                         [39m [90m0.10s[39m  
  [32;1m✓[39;22m[90m [39m[90mtariff configuration survives JSON round-trip @ repetition 9 of 100[39m[90m                                         [39m [90m0.11s[39m  
  [32;1m✓[39;22m[90m [39m[90mtariff configuration survives JSON round-trip @ repetition 10 of 100[39m[90m                                        [39m [90m0.10s[39m  
  [32;1m✓[39;22m[90m [39m[90mtariff configuration survives JSON round-trip @ repetition 11 of 100[39m[90m                                        [39m [90m0.13s[39m  
  [32;1m✓[39;22m[90m [39m[90mtariff configuration survives JSON round-trip @ repetition 12 of 100[39m[90m                                        [39m [90m0.09s[39m  
  [32;1m✓[39;22m[90m [39m[90mtariff configuration survives JSON round-trip @ repetition 13 of 100[39m[90m                                        [39m [90m0.09s[39m  
  [32;1m✓[39;22m[90m [39m[90mtariff configuration survives JSON round-trip @ repetition 14 of 100[39m[90m                                        [39m [90m0.09s[39m  
  [32;1m✓[39;22m[90m [39m[90mtariff configuration survives JSON round-trip @ repetition 15 of 100[39m[90m                                        [39m [90m0.09s[39m  
  [32;1m✓[39;22m[90m [39m[90mtariff configuration survives JSON round-trip @ repetition 16 of 100[39m[90m                                        [39m [90m0.09s[39m  
  [32;1m✓[39;22m[90m [39m[90mtariff configuration survives JSON round-trip @ repetition 17 of 100[39m[90m                                        [39m [90m0.08s[39m  
  [32;1m✓[39;22m[90m [39m[90mtariff configuration survives JSON round-trip @ repetition 18 of 100[39m[90m                                        [39m [90m0.08s[39m  
  [32;1m✓[39;22m[90m [39m[90mtariff configuration survives JSON round-trip @ repetition 19 of 100[39m[90m                                        [39m [90m0.08s[39m  
  [32;1m✓[39;22m[90m [39m[90mtariff configuration survives JSON round-trip @ repetition 20 of 100[39m[90m                                        [39m [90m0.08s[39m  
  [32;1m✓[39;22m[90m [39m[90mtariff configuration survives JSON round-trip @ repetition 21 of 100[39m[90m                                        [39m [90m0.08s[39m  
  [32;1m✓[39;22m[90m [39m[90mtariff configuration survives JSON round-trip @ repetition 22 of 100[39m[90m                                        [39m [90m0.08s[39m  
  [32;1m✓[39;22m[90m [39m[90mtariff configuration survives JSON round-trip @ repetition 23 of 100[39m[90m                                        [39m [90m0.08s[39m  
  [32;1m✓[39;22m[90m [39m[90mtariff configuration survives JSON round-trip @ repetition 24 of 100[39m[90m                                        [39m [90m0.08s[39m  
  [32;1m✓[39;22m[90m [39m[90mtariff configuration survives JSON round-trip @ repetition 25 of 100[39m[90m                                        [39m [90m0.08s[39m  
  [32;1m✓[39;22m[90m [39m[90mtariff configuration survives JSON round-trip @ repetition 26 of 100[39m[90m                                        [39m [90m0.08s[39m  
  [32;1m✓[39;22m[90m [39m[90mtariff configuration survives JSON round-trip @ repetition 27 of 100[39m[90m                                        [39m [90m0.08s[39m  
  [32;1m✓[39;22m[90m [39m[90mtariff configuration survives JSON round-trip @ repetition 28 of 100[39m[90m                                        [39m [90m0.08s[39m  
  [32;1m✓[39;22m[90m [39m[90mtariff configuration survives JSON round-trip @ repetition 29 of 100[39m[90m                                        [39m [90m0.08s[39m  
  [32;1m✓[39;22m[90m [39m[90mtariff configuration survives JSON round-trip @ repetition 30 of 100[39m[90m                                        [39m [90m0.08s[39m  
  [32;1m✓[39;22m[90m [39m[90mtariff configuration survives JSON round-trip @ repetition 31 of 100[39m[90m                                        [39m [90m0.08s[39m  
  [32;1m✓[39;22m[90m [39m[90mtariff configuration survives JSON round-trip @ repetition 32 of 100[39m[90m                                        [39m [90m0.08s[39m  
  [32;1m✓[39;22m[90m [39m[90mtariff configuration survives JSON round-trip @ repetition 33 of 100[39m[90m                                        [39m [90m0.08s[39m  
  [32;1m✓[39;22m[90m [39m[90mtariff configuration survives JSON round-trip @ repetition 34 of 100[39m[90m                                        [39m [90m0.08s[39m  
  [32;1m✓[39;22m[90m [39m[90mtariff configuration survives JSON round-trip @ repetition 35 of 100[39m[90m                                        [39m [90m0.08s[39m  
  [32;1m✓[39;22m[90m [39m[90mtariff configuration survives JSON round-trip @ repetition 36 of 100[39m[90m                                        [39m [90m0.08s[39m  
  [32;1m✓[39;22m[90m [39m[90mtariff configuration survives JSON round-trip @ repetition 37 of 100[39m[90m                                        [39m [90m0.08s[39m  
  [32;1m✓[39;22m[90m [39m[90mtariff configuration survives JSON round-trip @ repetition 38 of 100[39m[90m                                        [39m [90m0.08s[39m  
  [32;1m✓[39;22m[90m [39m[90mtariff configuration survives JSON round-trip @ repetition 39 of 100[39m[90m                                        [39m [90m0.08s[39m  
  [32;1m✓[39;22m[90m [39m[90mtariff configuration survives JSON round-trip @ repetition 40 of 100[39m[90m                                        [39m [90m0.11s[39m  
  [32;1m✓[39;22m[90m [39m[90mtariff configuration survives JSON round-trip @ repetition 41 of 100[39m[90m                                        [39m [90m0.08s[39m  
  [32;1m✓[39;22m[90m [39m[90mtariff configuration survives JSON round-trip @ repetition 42 of 100[39m[90m                                        [39m [90m0.08s[39m  
  [32;1m✓[39;22m[90m [39m[90mtariff configuration survives JSON round-trip @ repetition 43 of 100[39m[90m                                        [39m [90m0.08s[39m  
  [32;1m✓[39;22m[90m [39m[90mtariff configuration survives JSON round-trip @ repetition 44 of 100[39m[90m                                        [39m [90m0.08s[39m  
  [32;1m✓[39;22m[90m [39m[90mtariff configuration survives JSON round-trip @ repetition 45 of 100[39m[90m                                        [39m [90m0.08s[39m  
  [32;1m✓[39;22m[90m [39m[90mtariff configuration survives JSON round-trip @ repetition 46 of 100[39m[90m                                        [39m [90m0.08s[39m  
  [32;1m✓[39;22m[90m [39m[90mtariff configuration survives JSON round-trip @ repetition 47 of 100[39m[90m                                        [39m [90m0.08s[39m  
  [32;1m✓[39;22m[90m [39m[90mtariff configuration survives JSON round-trip @ repetition 48 of 100[39m[90m                                        [39m [90m0.08s[39m  
  [32;1m✓[39;22m[90m [39m[90mtariff configuration survives JSON round-trip @ repetition 49 of 100[39m[90m                                        [39m [90m0.08s[39m  
  [32;1m✓[39;22m[90m [39m[90mtariff configuration survives JSON round-trip @ repetition 50 of 100[39m[90m                                        [39m [90m0.08s[39m  
  [32;1m✓[39;22m[90m [39m[90mtariff configuration survives JSON round-trip @ repetition 51 of 100[39m[90m                                        [39m [90m0.08s[39m  
  [32;1m✓[39;22m[90m [39m[90mtariff configuration survives JSON round-trip @ repetition 52 of 100[39m[90m                                        [39m [90m0.08s[39m  
  [32;1m✓[39;22m[90m [39m[90mtariff configuration survives JSON round-trip @ repetition 53 of 100[39m[90m                                        [39m [90m0.08s[39m  
  [32;1m✓[39;22m[90m [39m[90mtariff configuration survives JSON round-trip @ repetition 54 of 100[39m[90m                                        [39m [90m0.08s[39m  
  [32;1m✓[39;22m[90m [39m[90mtariff configuration survives JSON round-trip @ repetition 55 of 100[39m[90m                                        [39m [90m0.08s[39m  
  [32;1m✓[39;22m[90m [39m[90mtariff configuration survives JSON round-trip @ repetition 56 of 100[39m[90m                                        [39m [90m0.08s[39m  
  [32;1m✓[39;22m[90m [39m[90mtariff configuration survives JSON round-trip @ repetition 57 of 100[39m[90m                                        [39m [90m0.08s[39m  
  [32;1m✓[39;22m[90m [39m[90mtariff configuration survives JSON round-trip @ repetition 58 of 100[39m[90m                                        [39m [90m0.11s[39m  
  [32;1m✓[39;22m[90m [39m[90mtariff configuration survives JSON round-trip @ repetition 59 of 100[39m[90m                                        [39m [90m0.08s[39m  
  [32;1m✓[39;22m[90m [39m[90mtariff configuration survives JSON round-trip @ repetition 60 of 100[39m[90m                                        [39m [90m0.09s[39m  
  [32;1m✓[39;22m[90m [39m[90mtariff configuration survives JSON round-trip @ repetition 61 of 100[39m[90m                                        [39m [90m0.08s[39m  
  [32;1m✓[39;22m[90m [39m[90mtariff configuration survives JSON round-trip @ repetition 62 of 100[39m[90m                                        [39m [90m0.08s[39m  
  [32;1m✓[39;22m[90m [39m[90mtariff configuration survives JSON round-trip @ repetition 63 of 100[39m[90m                                        [39m [90m0.08s[39m  
  [32;1m✓[39;22m[90m [39m[90mtariff configuration survives JSON round-trip @ repetition 64 of 100[39m[90m                                        [39m [90m0.08s[39m  
  [32;1m✓[39;22m[90m [39m[90mtariff configuration survives JSON round-trip @ repetition 65 of 100[39m[90m                                        [39m [90m0.08s[39m  
  [32;1m✓[39;22m[90m [39m[90mtariff configuration survives JSON round-trip @ repetition 66 of 100[39m[90m                                        [39m [90m0.10s[39m  
  [32;1m✓[39;22m[90m [39m[90mtariff configuration survives JSON round-trip @ repetition 67 of 100[39m[90m                                        [39m [90m0.08s[39m  
  [32;1m✓[39;22m[90m [39m[90mtariff configuration survives JSON round-trip @ repetition 68 of 100[39m[90m                                        [39m [90m0.08s[39m  
  [32;1m✓[39;22m[90m [39m[90mtariff configuration survives JSON round-trip @ repetition 69 of 100[39m[90m                                        [39m [90m0.08s[39m  
  [32;1m✓[39;22m[90m [39m[90mtariff configuration survives JSON round-trip @ repetition 70 of 100[39m[90m                                        [39m [90m0.08s[39m  
  [32;1m✓[39;22m[90m [39m[90mtariff configuration survives JSON round-trip @ repetition 71 of 100[39m[90m                                        [39m [90m0.08s[39m  
  [32;1m✓[39;22m[90m [39m[90mtariff configuration survives JSON round-trip @ repetition 72 of 100[39m[90m                                        [39m [90m0.08s[39m  
  [32;1m✓[39;22m[90m [39m[90mtariff configuration survives JSON round-trip @ repetition 73 of 100[39m[90m                                        [39m [90m0.08s[39m  
  [32;1m✓[39;22m[90m [39m[90mtariff configuration survives JSON round-trip @ repetition 74 of 100[39m[90m                                        [39m [90m0.10s[39m  
  [32;1m✓[39;22m[90m [39m[90mtariff configuration survives JSON round-trip @ repetition 75 of 100[39m[90m                                        [39m [90m0.08s[39m  
  [32;1m✓[39;22m[90m [39m[90mtariff configuration survives JSON round-trip @ repetition 76 of 100[39m[90m                                        [39m [90m0.08s[39m  
  [32;1m✓[39;22m[90m [39m[90mtariff configuration survives JSON round-trip @ repetition 77 of 100[39m[90m                                        [39m [90m0.08s[39m  
  [32;1m✓[39;22m[90m [39m[90mtariff configuration survives JSON round-trip @ repetition 78 of 100[39m[90m                                        [39m [90m0.08s[39m  
  [32;1m✓[39;22m[90m [39m[90mtariff configuration survives JSON round-trip @ repetition 79 of 100[39m[90m                                        [39m [90m0.08s[39m  
  [32;1m✓[39;22m[90m [39m[90mtariff configuration survives JSON round-trip @ repetition 80 of 100[39m[90m                                        [39m [90m0.08s[39m  
  [32;1m✓[39;22m[90m [39m[90mtariff configuration survives JSON round-trip @ repetition 81 of 100[39m[90m                                        [39m [90m0.08s[39m  
  [32;1m✓[39;22m[90m [39m[90mtariff configuration survives JSON round-trip @ repetition 82 of 100[39m[90m                                        [39m [90m0.10s[39m  
  [32;1m✓[39;22m[90m [39m[90mtariff configuration survives JSON round-trip @ repetition 83 of 100[39m[90m                                        [39m [90m0.08s[39m  
  [32;1m✓[39;22m[90m [39m[90mtariff configuration survives JSON round-trip @ repetition 84 of 100[39m[90m                                        [39m [90m0.08s[39m  
  [32;1m✓[39;22m[90m [39m[90mtariff configuration survives JSON round-trip @ repetition 85 of 100[39m[90m                                        [39m [90m0.08s[39m  
  [32;1m✓[39;22m[90m [39m[90mtariff configuration survives JSON round-trip @ repetition 86 of 100[39m[90m                                        [39m [90m0.08s[39m  
  [32;1m✓[39;22m[90m [39m[90mtariff configuration survives JSON round-trip @ repetition 87 of 100[39m[90m                                        [39m [90m0.08s[39m  
  [32;1m✓[39;22m[90m [39m[90mtariff configuration survives JSON round-trip @ repetition 88 of 100[39m[90m                                        [39m [90m0.08s[39m  
  [32;1m✓[39;22m[90m [39m[90mtariff configuration survives JSON round-trip @ repetition 89 of 100[39m[90m                                        [39m [90m0.08s[39m  
  [32;1m✓[39;22m[90m [39m[90mtariff configuration survives JSON round-trip @ repetition 90 of 100[39m[90m                                        [39m [90m0.10s[39m  
  [32;1m✓[39;22m[90m [39m[90mtariff configuration survives JSON round-trip @ repetition 91 of 100[39m[90m                                        [39m [90m0.08s[39m  
  [32;1m✓[39;22m[90m [39m[90mtariff configuration survives JSON round-trip @ repetition 92 of 100[39m[90m                                        [39m [90m0.08s[39m  
  [32;1m✓[39;22m[90m [39m[90mtariff configuration survives JSON round-trip @ repetition 93 of 100[39m[90m                                        [39m [90m0.08s[39m  
  [32;1m✓[39;22m[90m [39m[90mtariff configuration survives JSON round-trip @ repetition 94 of 100[39m[90m                                        [39m [90m0.08s[39m  
  [32;1m✓[39;22m[90m [39m[90mtariff configuration survives JSON round-trip @ repetition 95 of 100[39m[90m                                        [39m [90m0.08s[39m  
  [32;1m✓[39;22m[90m [39m[90mtariff configuration survives JSON round-trip @ repetition 96 of 100[39m[90m                                        [39m [90m0.08s[39m  
  [32;1m✓[39;22m[90m [39m[90mtariff configuration survives JSON round-trip @ repetition 97 of 100[39m[90m                                        [39m [90m0.08s[39m  
  [32;1m✓[39;22m[90m [39m[90mtariff configuration survives JSON round-trip @ repetition 98 of 100[39m[90m                                        [39m [90m0.09s[39m  
  [32;1m✓[39;22m[90m [39m[90mtariff configuration survives JSON round-trip @ repetition 99 of 100[39m[90m                                        [39m [90m0.08s[39m  
  [32;1m✓[39;22m[90m [39m[90mtariff configuration survives JSON round-trip @ repetition 100 of 100[39m[90m                                       [39m [90m0.08s[39m  
  [32;1m✓[39;22m[90m [39m[90mfinalized invoices cannot be modified @ repetition 1 of 100[39m[90m                                                 [39m [90m0.08s[39m  
  [32;1m✓[39;22m[90m [39m[90mfinalized invoices cannot be modified @ repetition 2 of 100[39m[90m                                                 [39m [90m0.08s[39m  
  [32;1m✓[39;22m[90m [39m[90mfinalized invoices cannot be modified @ repetition 3 of 100[39m[90m                                                 [39m [90m0.08s[39m  
  [32;1m✓[39;22m[90m [39m[90mfinalized invoices cannot be modified @ repetition 4 of 100[39m[90m                                                 [39m [90m0.08s[39m  
  [32;1m✓[39;22m[90m [39m[90mfinalized invoices cannot be modified @ repetition 5 of 100[39m[90m                                                 [39m [90m0.08s[39m  
  [32;1m✓[39;22m[90m [39m[90mfinalized invoices cannot be modified @ repetition 6 of 100[39m[90m                                                 [39m [90m0.10s[39m  
  [32;1m✓[39;22m[90m [39m[90mfinalized invoices cannot be modified @ repetition 7 of 100[39m[90m                                                 [39m [90m0.08s[39m  
  [32;1m✓[39;22m[90m [39m[90mfinalized invoices cannot be modified @ repetition 8 of 100[39m[90m                                                 [39m [90m0.08s[39m  
  [32;1m✓[39;22m[90m [39m[90mfinalized invoices cannot be modified @ repetition 9 of 100[39m[90m                                                 [39m [90m0.08s[39m  
  [32;1m✓[39;22m[90m [39m[90mfinalized invoices cannot be modified @ repetition 10 of 100[39m[90m                                                [39m [90m0.08s[39m  
  [32;1m✓[39;22m[90m [39m[90mfinalized invoices cannot be modified @ repetition 11 of 100[39m[90m                                                [39m [90m0.08s[39m  
  [32;1m✓[39;22m[90m [39m[90mfinalized invoices cannot be modified @ repetition 12 of 100[39m[90m                                                [39m [90m0.08s[39m  
  [32;1m✓[39;22m[90m [39m[90mfinalized invoices cannot be modified @ repetition 13 of 100[39m[90m                                                [39m [90m0.09s[39m  
  [32;1m✓[39;22m[90m [39m[90mfinalized invoices cannot be modified @ repetition 14 of 100[39m[90m                                                [39m [90m0.10s[39m  
  [32;1m✓[39;22m[90m [39m[90mfinalized invoices cannot be modified @ repetition 15 of 100[39m[90m                                                [39m [90m0.08s[39m  
  [32;1m✓[39;22m[90m [39m[90mfinalized invoices cannot be modified @ repetition 16 of 100[39m[90m                                                [39m [90m0.08s[39m  
  [32;1m✓[39;22m[90m [39m[90mfinalized invoices cannot be modified @ repetition 17 of 100[39m[90m                                                [39m [90m0.08s[39m  
  [32;1m✓[39;22m[90m [39m[90mfinalized invoices cannot be modified @ repetition 18 of 100[39m[90m                                                [39m [90m0.08s[39m  
  [32;1m✓[39;22m[90m [39m[90mfinalized invoices cannot be modified @ repetition 19 of 100[39m[90m                                                [39m [90m0.08s[39m  
  [32;1m✓[39;22m[90m [39m[90mfinalized invoices cannot be modified @ repetition 20 of 100[39m[90m                                                [39m [90m0.10s[39m  
  [32;1m✓[39;22m[90m [39m[90mfinalized invoices cannot be modified @ repetition 21 of 100[39m[90m                                                [39m [90m0.10s[39m  
  [32;1m✓[39;22m[90m [39m[90mfinalized invoices cannot be modified @ repetition 22 of 100[39m[90m                                                [39m [90m0.10s[39m  
  [32;1m✓[39;22m[90m [39m[90mfinalized invoices cannot be modified @ repetition 23 of 100[39m[90m                                                [39m [90m0.09s[39m  
  [32;1m✓[39;22m[90m [39m[90mfinalized invoices cannot be modified @ repetition 24 of 100[39m[90m                                                [39m [90m0.09s[39m  
  [32;1m✓[39;22m[90m [39m[90mfinalized invoices cannot be modified @ repetition 25 of 100[39m[90m                                                [39m [90m0.09s[39m  
  [32;1m✓[39;22m[90m [39m[90mfinalized invoices cannot be modified @ repetition 26 of 100[39m[90m                                                [39m [90m0.09s[39m  
  [32;1m✓[39;22m[90m [39m[90mfinalized invoices cannot be modified @ repetition 27 of 100[39m[90m                                                [39m [90m0.09s[39m  
  [32;1m✓[39;22m[90m [39m[90mfinalized invoices cannot be modified @ repetition 28 of 100[39m[90m                                                [39m [90m0.09s[39m  
  [32;1m✓[39;22m[90m [39m[90mfinalized invoices cannot be modified @ repetition 29 of 100[39m[90m                                                [39m [90m0.09s[39m  
  [32;1m✓[39;22m[90m [39m[90mfinalized invoices cannot be modified @ repetition 30 of 100[39m[90m                                                [39m [90m0.10s[39m  
  [32;1m✓[39;22m[90m [39m[90mfinalized invoices cannot be modified @ repetition 31 of 100[39m[90m                                                [39m [90m0.08s[39m  
  [32;1m✓[39;22m[90m [39m[90mfinalized invoices cannot be modified @ repetition 32 of 100[39m[90m                                                [39m [90m0.08s[39m  
  [32;1m✓[39;22m[90m [39m[90mfinalized invoices cannot be modified @ repetition 33 of 100[39m[90m                                                [39m [90m0.08s[39m  
  [32;1m✓[39;22m[90m [39m[90mfinalized invoices cannot be modified @ repetition 34 of 100[39m[90m                                                [39m [90m0.08s[39m  
  [32;1m✓[39;22m[90m [39m[90mfinalized invoices cannot be modified @ repetition 35 of 100[39m[90m                                                [39m [90m0.08s[39m  
  [32;1m✓[39;22m[90m [39m[90mfinalized invoices cannot be modified @ repetition 36 of 100[39m[90m                                                [39m [90m0.09s[39m  
  [32;1m✓[39;22m[90m [39m[90mfinalized invoices cannot be modified @ repetition 37 of 100[39m[90m                                                [39m [90m0.09s[39m  
  [32;1m✓[39;22m[90m [39m[90mfinalized invoices cannot be modified @ repetition 38 of 100[39m[90m                                                [39m [90m0.10s[39m  
  [32;1m✓[39;22m[90m [39m[90mfinalized invoices cannot be modified @ repetition 39 of 100[39m[90m                                                [39m [90m0.08s[39m  
  [32;1m✓[39;22m[90m [39m[90mfinalized invoices cannot be modified @ repetition 40 of 100[39m[90m                                                [39m [90m0.08s[39m  
  [32;1m✓[39;22m[90m [39m[90mfinalized invoices cannot be modified @ repetition 41 of 100[39m[90m                                                [39m [90m0.08s[39m  
  [32;1m✓[39;22m[90m [39m[90mfinalized invoices cannot be modified @ repetition 42 of 100[39m[90m                                                [39m [90m0.08s[39m  
  [32;1m✓[39;22m[90m [39m[90mfinalized invoices cannot be modified @ repetition 43 of 100[39m[90m                                                [39m [90m0.08s[39m  
  [32;1m✓[39;22m[90m [39m[90mfinalized invoices cannot be modified @ repetition 44 of 100[39m[90m                                                [39m [90m0.08s[39m  
  [32;1m✓[39;22m[90m [39m[90mfinalized invoices cannot be modified @ repetition 45 of 100[39m[90m                                                [39m [90m0.08s[39m  
  [32;1m✓[39;22m[90m [39m[90mfinalized invoices cannot be modified @ repetition 46 of 100[39m[90m                                                [39m [90m0.09s[39m  
  [32;1m✓[39;22m[90m [39m[90mfinalized invoices cannot be modified @ repetition 47 of 100[39m[90m                                                [39m [90m0.09s[39m  
  [32;1m✓[39;22m[90m [39m[90mfinalized invoices cannot be modified @ repetition 48 of 100[39m[90m                                                [39m [90m0.08s[39m  
  [32;1m✓[39;22m[90m [39m[90mfinalized invoices cannot be modified @ repetition 49 of 100[39m[90m                                                [39m [90m0.09s[39m  
  [32;1m✓[39;22m[90m [39m[90mfinalized invoices cannot be modified @ repetition 50 of 100[39m[90m                                                [39m [90m0.08s[39m  
  [32;1m✓[39;22m[90m [39m[90mfinalized invoices cannot be modified @ repetition 51 of 100[39m[90m                                                [39m [90m0.08s[39m  
  [32;1m✓[39;22m[90m [39m[90mfinalized invoices cannot be modified @ repetition 52 of 100[39m[90m                                                [39m [90m0.08s[39m  
  [32;1m✓[39;22m[90m [39m[90mfinalized invoices cannot be modified @ repetition 53 of 100[39m[90m                                                [39m [90m0.08s[39m  
  [32;1m✓[39;22m[90m [39m[90mfinalized invoices cannot be modified @ repetition 54 of 100[39m[90m                                                [39m [90m0.09s[39m  
  [32;1m✓[39;22m[90m [39m[90mfinalized invoices cannot be modified @ repetition 55 of 100[39m[90m                                                [39m [90m0.08s[39m  
  [32;1m✓[39;22m[90m [39m[90mfinalized invoices cannot be modified @ repetition 56 of 100[39m[90m                                                [39m [90m0.08s[39m  
  [32;1m✓[39;22m[90m [39m[90mfinalized invoices cannot be modified @ repetition 57 of 100[39m[90m                                                [39m [90m0.08s[39m  
  [32;1m✓[39;22m[90m [39m[90mfinalized invoices cannot be modified @ repetition 58 of 100[39m[90m                                                [39m [90m0.08s[39m  
  [32;1m✓[39;22m[90m [39m[90mfinalized invoices cannot be modified @ repetition 59 of 100[39m[90m                                                [39m [90m0.08s[39m  
  [32;1m✓[39;22m[90m [39m[90mfinalized invoices cannot be modified @ repetition 60 of 100[39m[90m                                                [39m [90m0.08s[39m  
  [32;1m✓[39;22m[90m [39m[90mfinalized invoices cannot be modified @ repetition 61 of 100[39m[90m                                                [39m [90m0.08s[39m  
  [32;1m✓[39;22m[90m [39m[90mfinalized invoices cannot be modified @ repetition 62 of 100[39m[90m                                                [39m [90m0.10s[39m  
  [32;1m✓[39;22m[90m [39m[90mfinalized invoices cannot be modified @ repetition 63 of 100[39m[90m                                                [39m [90m0.08s[39m  
  [32;1m✓[39;22m[90m [39m[90mfinalized invoices cannot be modified @ repetition 64 of 100[39m[90m                                                [39m [90m0.08s[39m  
  [32;1m✓[39;22m[90m [39m[90mfinalized invoices cannot be modified @ repetition 65 of 100[39m[90m                                                [39m [90m0.08s[39m  
  [32;1m✓[39;22m[90m [39m[90mfinalized invoices cannot be modified @ repetition 66 of 100[39m[90m                                                [39m [90m0.08s[39m  
  [32;1m✓[39;22m[90m [39m[90mfinalized invoices cannot be modified @ repetition 67 of 100[39m[90m                                                [39m [90m0.08s[39m  
  [32;1m✓[39;22m[90m [39m[90mfinalized invoices cannot be modified @ repetition 68 of 100[39m[90m                                                [39m [90m0.08s[39m  
  [32;1m✓[39;22m[90m [39m[90mfinalized invoices cannot be modified @ repetition 69 of 100[39m[90m                                                [39m [90m0.08s[39m  
  [32;1m✓[39;22m[90m [39m[90mfinalized invoices cannot be modified @ repetition 70 of 100[39m[90m                                                [39m [90m0.10s[39m  
  [32;1m✓[39;22m[90m [39m[90mfinalized invoices cannot be modified @ repetition 71 of 100[39m[90m                                                [39m [90m0.09s[39m  
  [32;1m✓[39;22m[90m [39m[90mfinalized invoices cannot be modified @ repetition 72 of 100[39m[90m                                                [39m [90m0.08s[39m  
  [32;1m✓[39;22m[90m [39m[90mfinalized invoices cannot be modified @ repetition 73 of 100[39m[90m                                                [39m [90m0.08s[39m  
  [32;1m✓[39;22m[90m [39m[90mfinalized invoices cannot be modified @ repetition 74 of 100[39m[90m                                                [39m [90m0.08s[39m  
  [32;1m✓[39;22m[90m [39m[90mfinalized invoices cannot be modified @ repetition 75 of 100[39m[90m                                                [39m [90m0.08s[39m  
  [32;1m✓[39;22m[90m [39m[90mfinalized invoices cannot be modified @ repetition 76 of 100[39m[90m                                                [39m [90m0.08s[39m  
  [32;1m✓[39;22m[90m [39m[90mfinalized invoices cannot be modified @ repetition 77 of 100[39m[90m                                                [39m [90m0.08s[39m  
  [32;1m✓[39;22m[90m [39m[90mfinalized invoices cannot be modified @ repetition 78 of 100[39m[90m                                                [39m [90m0.10s[39m  
  [32;1m✓[39;22m[90m [39m[90mfinalized invoices cannot be modified @ repetition 79 of 100[39m[90m                                                [39m [90m0.08s[39m  
  [32;1m✓[39;22m[90m [39m[90mfinalized invoices cannot be modified @ repetition 80 of 100[39m[90m                                                [39m [90m0.08s[39m  
  [32;1m✓[39;22m[90m [39m[90mfinalized invoices cannot be modified @ repetition 81 of 100[39m[90m                                                [39m [90m0.08s[39m  
  [32;1m✓[39;22m[90m [39m[90mfinalized invoices cannot be modified @ repetition 82 of 100[39m[90m                                                [39m [90m0.08s[39m  
  [32;1m✓[39;22m[90m [39m[90mfinalized invoices cannot be modified @ repetition 83 of 100[39m[90m                                                [39m [90m0.09s[39m  
  [32;1m✓[39;22m[90m [39m[90mfinalized invoices cannot be modified @ repetition 84 of 100[39m[90m                                                [39m [90m0.09s[39m  
  [32;1m✓[39;22m[90m [39m[90mfinalized invoices cannot be modified @ repetition 85 of 100[39m[90m                                                [39m [90m0.08s[39m  
  [32;1m✓[39;22m[90m [39m[90mfinalized invoices cannot be modified @ repetition 86 of 100[39m[90m                                                [39m [90m0.10s[39m  
  [32;1m✓[39;22m[90m [39m[90mfinalized invoices cannot be modified @ repetition 87 of 100[39m[90m                                                [39m [90m0.08s[39m  
  [32;1m✓[39;22m[90m [39m[90mfinalized invoices cannot be modified @ repetition 88 of 100[39m[90m                                                [39m [90m0.08s[39m  
  [32;1m✓[39;22m[90m [39m[90mfinalized invoices cannot be modified @ repetition 89 of 100[39m[90m                                                [39m [90m0.09s[39m  
  [32;1m✓[39;22m[90m [39m[90mfinalized invoices cannot be modified @ repetition 90 of 100[39m[90m                                                [39m [90m0.08s[39m  
  [32;1m✓[39;22m[90m [39m[90mfinalized invoices cannot be modified @ repetition 91 of 100[39m[90m                                                [39m [90m0.08s[39m  
  [32;1m✓[39;22m[90m [39m[90mfinalized invoices cannot be modified @ repetition 92 of 100[39m[90m                                                [39m [90m0.09s[39m  
  [32;1m✓[39;22m[90m [39m[90mfinalized invoices cannot be modified @ repetition 93 of 100[39m[90m                                                [39m [90m0.08s[39m  
  [32;1m✓[39;22m[90m [39m[90mfinalized invoices cannot be modified @ repetition 94 of 100[39m[90m                                                [39m [90m0.10s[39m  
  [32;1m✓[39;22m[90m [39m[90mfinalized invoices cannot be modified @ repetition 95 of 100[39m[90m                                                [39m [90m0.08s[39m  
  [32;1m✓[39;22m[90m [39m[90mfinalized invoices cannot be modified @ repetition 96 of 100[39m[90m                                                [39m [90m0.09s[39m  
  [32;1m✓[39;22m[90m [39m[90mfinalized invoices cannot be modified @ repetition 97 of 100[39m[90m                                                [39m [90m0.09s[39m  
  [32;1m✓[39;22m[90m [39m[90mfinalized invoices cannot be modified @ repetition 98 of 100[39m[90m                                                [39m [90m0.09s[39m  
  [32;1m✓[39;22m[90m [39m[90mfinalized invoices cannot be modified @ repetition 99 of 100[39m[90m                                                [39m [90m0.09s[39m  
  [32;1m✓[39;22m[90m [39m[90mfinalized invoices cannot be modified @ repetition 100 of 100[39m[90m                                               [39m [90m0.09s[39m  
  [32;1m✓[39;22m[90m [39m[90mnew tenant accounts have isolated data structures @ repetition 1 of 100[39m[90m                                     [39m [90m0.08s[39m  
  [32;1m✓[39;22m[90m [39m[90mnew tenant accounts have isolated data structures @ repetition 2 of 100[39m[90m                                     [39m [90m0.09s[39m  
  [32;1m✓[39;22m[90m [39m[90mnew tenant accounts have isolated data structures @ repetition 3 of 100[39m[90m                                     [39m [90m0.08s[39m  
  [32;1m✓[39;22m[90m [39m[90mnew tenant accounts have isolated data structures @ repetition 4 of 100[39m[90m                                     [39m [90m0.08s[39m  
  [32;1m✓[39;22m[90m [39m[90mnew tenant accounts have isolated data structures @ repetition 5 of 100[39m[90m                                     [39m [90m0.08s[39m  
  [32;1m✓[39;22m[90m [39m[90mnew tenant accounts have isolated data structures @ repetition 6 of 100[39m[90m                                     [39m [90m0.08s[39m  
  [32;1m✓[39;22m[90m [39m[90mnew tenant accounts have isolated data structures @ repetition 7 of 100[39m[90m                                     [39m [90m0.08s[39m  
  [32;1m✓[39;22m[90m [39m[90mnew tenant accounts have isolated data structures @ repetition 8 of 100[39m[90m                                     [39m [90m0.08s[39m  
  [32;1m✓[39;22m[90m [39m[90mnew tenant accounts have isolated data structures @ repetition 9 of 100[39m[90m                                     [39m [90m0.08s[39m  
  [32;1m✓[39;22m[90m [39m[90mnew tenant accounts have isolated data structures @ repetition 10 of 100[39m[90m                                    [39m [90m0.10s[39m  
  [32;1m✓[39;22m[90m [39m[90mnew tenant accounts have isolated data structures @ repetition 11 of 100[39m[90m                                    [39m [90m0.08s[39m  
  [32;1m✓[39;22m[90m [39m[90mnew tenant accounts have isolated data structures @ repetition 12 of 100[39m[90m                                    [39m [90m0.08s[39m  
  [32;1m✓[39;22m[90m [39m[90mnew tenant accounts have isolated data structures @ repetition 13 of 100[39m[90m                                    [39m [90m0.08s[39m  
  [32;1m✓[39;22m[90m [39m[90mnew tenant accounts have isolated data structures @ repetition 14 of 100[39m[90m                                    [39m [90m0.08s[39m  
  [32;1m✓[39;22m[90m [39m[90mnew tenant accounts have isolated data structures @ repetition 15 of 100[39m[90m                                    [39m [90m0.08s[39m  
  [32;1m✓[39;22m[90m [39m[90mnew tenant accounts have isolated data structures @ repetition 16 of 100[39m[90m                                    [39m [90m0.08s[39m  
  [32;1m✓[39;22m[90m [39m[90mnew tenant accounts have isolated data structures @ repetition 17 of 100[39m[90m                                    [39m [90m0.08s[39m  
  [32;1m✓[39;22m[90m [39m[90mnew tenant accounts have isolated data structures @ repetition 18 of 100[39m[90m                                    [39m [90m0.10s[39m  
  [32;1m✓[39;22m[90m [39m[90mnew tenant accounts have isolated data structures @ repetition 19 of 100[39m[90m                                    [39m [90m0.08s[39m  
  [32;1m✓[39;22m[90m [39m[90mnew tenant accounts have isolated data structures @ repetition 20 of 100[39m[90m                                    [39m [90m0.08s[39m  
  [32;1m✓[39;22m[90m [39m[90mnew tenant accounts have isolated data structures @ repetition 21 of 100[39m[90m                                    [39m [90m0.08s[39m  
  [32;1m✓[39;22m[90m [39m[90mnew tenant accounts have isolated data structures @ repetition 22 of 100[39m[90m                                    [39m [90m0.08s[39m  
  [32;1m✓[39;22m[90m [39m[90mnew tenant accounts have isolated data structures @ repetition 23 of 100[39m[90m                                    [39m [90m0.08s[39m  
  [32;1m✓[39;22m[90m [39m[90mnew tenant accounts have isolated data structures @ repetition 24 of 100[39m[90m                                    [39m [90m0.08s[39m  
  [32;1m✓[39;22m[90m [39m[90mnew tenant accounts have isolated data structures @ repetition 25 of 100[39m[90m                                    [39m [90m0.08s[39m  
  [32;1m✓[39;22m[90m [39m[90mnew tenant accounts have isolated data structures @ repetition 26 of 100[39m[90m                                    [39m [90m0.09s[39m  
  [32;1m✓[39;22m[90m [39m[90mnew tenant accounts have isolated data structures @ repetition 27 of 100[39m[90m                                    [39m [90m0.08s[39m  
  [32;1m✓[39;22m[90m [39m[90mnew tenant accounts have isolated data structures @ repetition 28 of 100[39m[90m                                    [39m [90m0.08s[39m  
  [32;1m✓[39;22m[90m [39m[90mnew tenant accounts have isolated data structures @ repetition 29 of 100[39m[90m                                    [39m [90m0.08s[39m  
  [32;1m✓[39;22m[90m [39m[90mnew tenant accounts have isolated data structures @ repetition 30 of 100[39m[90m                                    [39m [90m0.09s[39m  
  [32;1m✓[39;22m[90m [39m[90mnew tenant accounts have isolated data structures @ repetition 31 of 100[39m[90m                                    [39m [90m0.08s[39m  
  [32;1m✓[39;22m[90m [39m[90mnew tenant accounts have isolated data structures @ repetition 32 of 100[39m[90m                                    [39m [90m0.08s[39m  
  [32;1m✓[39;22m[90m [39m[90mnew tenant accounts have isolated data structures @ repetition 33 of 100[39m[90m                                    [39m [90m0.08s[39m  
  [32;1m✓[39;22m[90m [39m[90mnew tenant accounts have isolated data structures @ repetition 34 of 100[39m[90m                                    [39m [90m0.10s[39m  
  [32;1m✓[39;22m[90m [39m[90mnew tenant accounts have isolated data structures @ repetition 35 of 100[39m[90m                                    [39m [90m0.08s[39m  
  [32;1m✓[39;22m[90m [39m[90mnew tenant accounts have isolated data structures @ repetition 36 of 100[39m[90m                                    [39m [90m0.08s[39m  
  [32;1m✓[39;22m[90m [39m[90mnew tenant accounts have isolated data structures @ repetition 37 of 100[39m[90m                                    [39m [90m0.08s[39m  
  [32;1m✓[39;22m[90m [39m[90mnew tenant accounts have isolated data structures @ repetition 38 of 100[39m[90m                                    [39m [90m0.08s[39m  
  [32;1m✓[39;22m[90m [39m[90mnew tenant accounts have isolated data structures @ repetition 39 of 100[39m[90m                                    [39m [90m0.08s[39m  
  [32;1m✓[39;22m[90m [39m[90mnew tenant accounts have isolated data structures @ repetition 40 of 100[39m[90m                                    [39m [90m0.08s[39m  
  [32;1m✓[39;22m[90m [39m[90mnew tenant accounts have isolated data structures @ repetition 41 of 100[39m[90m                                    [39m [90m0.08s[39m  
  [32;1m✓[39;22m[90m [39m[90mnew tenant accounts have isolated data structures @ repetition 42 of 100[39m[90m                                    [39m [90m0.10s[39m  
  [32;1m✓[39;22m[90m [39m[90mnew tenant accounts have isolated data structures @ repetition 43 of 100[39m[90m                                    [39m [90m0.08s[39m  
  [32;1m✓[39;22m[90m [39m[90mnew tenant accounts have isolated data structures @ repetition 44 of 100[39m[90m                                    [39m [90m0.08s[39m  
  [32;1m✓[39;22m[90m [39m[90mnew tenant accounts have isolated data structures @ repetition 45 of 100[39m[90m                                    [39m [90m0.08s[39m  
  [32;1m✓[39;22m[90m [39m[90mnew tenant accounts have isolated data structures @ repetition 46 of 100[39m[90m                                    [39m [90m0.08s[39m  
  [32;1m✓[39;22m[90m [39m[90mnew tenant accounts have isolated data structures @ repetition 47 of 100[39m[90m                                    [39m [90m0.08s[39m  
  [32;1m✓[39;22m[90m [39m[90mnew tenant accounts have isolated data structures @ repetition 48 of 100[39m[90m                                    [39m [90m0.08s[39m  
  [32;1m✓[39;22m[90m [39m[90mnew tenant accounts have isolated data structures @ repetition 49 of 100[39m[90m                                    [39m [90m0.08s[39m  
  [32;1m✓[39;22m[90m [39m[90mnew tenant accounts have isolated data structures @ repetition 50 of 100[39m[90m                                    [39m [90m0.10s[39m  
  [32;1m✓[39;22m[90m [39m[90mnew tenant accounts have isolated data structures @ repetition 51 of 100[39m[90m                                    [39m [90m0.08s[39m  
  [32;1m✓[39;22m[90m [39m[90mnew tenant accounts have isolated data structures @ repetition 52 of 100[39m[90m                                    [39m [90m0.08s[39m  
  [32;1m✓[39;22m[90m [39m[90mnew tenant accounts have isolated data structures @ repetition 53 of 100[39m[90m                                    [39m [90m0.08s[39m  
  [32;1m✓[39;22m[90m [39m[90mnew tenant accounts have isolated data structures @ repetition 54 of 100[39m[90m                                    [39m [90m0.08s[39m  
  [32;1m✓[39;22m[90m [39m[90mnew tenant accounts have isolated data structures @ repetition 55 of 100[39m[90m                                    [39m [90m0.08s[39m  
  [32;1m✓[39;22m[90m [39m[90mnew tenant accounts have isolated data structures @ repetition 56 of 100[39m[90m                                    [39m [90m0.08s[39m  
  [32;1m✓[39;22m[90m [39m[90mnew tenant accounts have isolated data structures @ repetition 57 of 100[39m[90m                                    [39m [90m0.08s[39m  
  [32;1m✓[39;22m[90m [39m[90mnew tenant accounts have isolated data structures @ repetition 58 of 100[39m[90m                                    [39m [90m0.09s[39m  
  [32;1m✓[39;22m[90m [39m[90mnew tenant accounts have isolated data structures @ repetition 59 of 100[39m[90m                                    [39m [90m0.08s[39m  
  [32;1m✓[39;22m[90m [39m[90mnew tenant accounts have isolated data structures @ repetition 60 of 100[39m[90m                                    [39m [90m0.08s[39m  
  [32;1m✓[39;22m[90m [39m[90mnew tenant accounts have isolated data structures @ repetition 61 of 100[39m[90m                                    [39m [90m0.08s[39m  
  [32;1m✓[39;22m[90m [39m[90mnew tenant accounts have isolated data structures @ repetition 62 of 100[39m[90m                                    [39m [90m0.08s[39m  
  [32;1m✓[39;22m[90m [39m[90mnew tenant accounts have isolated data structures @ repetition 63 of 100[39m[90m                                    [39m [90m0.08s[39m  
  [32;1m✓[39;22m[90m [39m[90mnew tenant accounts have isolated data structures @ repetition 64 of 100[39m[90m                                    [39m [90m0.08s[39m  
  [32;1m✓[39;22m[90m [39m[90mnew tenant accounts have isolated data structures @ repetition 65 of 100[39m[90m                                    [39m [90m0.08s[39m  
  [32;1m✓[39;22m[90m [39m[90mnew tenant accounts have isolated data structures @ repetition 66 of 100[39m[90m                                    [39m [90m0.10s[39m  
  [32;1m✓[39;22m[90m [39m[90mnew tenant accounts have isolated data structures @ repetition 67 of 100[39m[90m                                    [39m [90m0.08s[39m  
  [32;1m✓[39;22m[90m [39m[90mnew tenant accounts have isolated data structures @ repetition 68 of 100[39m[90m                                    [39m [90m0.08s[39m  
  [32;1m✓[39;22m[90m [39m[90mnew tenant accounts have isolated data structures @ repetition 69 of 100[39m[90m                                    [39m [90m0.08s[39m  
  [32;1m✓[39;22m[90m [39m[90mnew tenant accounts have isolated data structures @ repetition 70 of 100[39m[90m                                    [39m [90m0.08s[39m  
  [32;1m✓[39;22m[90m [39m[90mnew tenant accounts have isolated data structures @ repetition 71 of 100[39m[90m                                    [39m [90m0.08s[39m  
  [32;1m✓[39;22m[90m [39m[90mnew tenant accounts have isolated data structures @ repetition 72 of 100[39m[90m                                    [39m [90m0.08s[39m  
  [32;1m✓[39;22m[90m [39m[90mnew tenant accounts have isolated data structures @ repetition 73 of 100[39m[90m                                    [39m [90m0.08s[39m  
  [32;1m✓[39;22m[90m [39m[90mnew tenant accounts have isolated data structures @ repetition 74 of 100[39m[90m                                    [39m [90m0.09s[39m  
  [32;1m✓[39;22m[90m [39m[90mnew tenant accounts have isolated data structures @ repetition 75 of 100[39m[90m                                    [39m [90m0.08s[39m  
  [32;1m✓[39;22m[90m [39m[90mnew tenant accounts have isolated data structures @ repetition 76 of 100[39m[90m                                    [39m [90m0.08s[39m  
  [32;1m✓[39;22m[90m [39m[90mnew tenant accounts have isolated data structures @ repetition 77 of 100[39m[90m                                    [39m [90m0.08s[39m  
  [32;1m✓[39;22m[90m [39m[90mnew tenant accounts have isolated data structures @ repetition 78 of 100[39m[90m                                    [39m [90m0.08s[39m  
  [32;1m✓[39;22m[90m [39m[90mnew tenant accounts have isolated data structures @ repetition 79 of 100[39m[90m                                    [39m [90m0.08s[39m  
  [32;1m✓[39;22m[90m [39m[90mnew tenant accounts have isolated data structures @ repetition 80 of 100[39m[90m                                    [39m [90m0.08s[39m  
  [32;1m✓[39;22m[90m [39m[90mnew tenant accounts have isolated data structures @ repetition 81 of 100[39m[90m                                    [39m [90m0.08s[39m  
  [32;1m✓[39;22m[90m [39m[90mnew tenant accounts have isolated data structures @ repetition 82 of 100[39m[90m                                    [39m [90m0.09s[39m  
  [32;1m✓[39;22m[90m [39m[90mnew tenant accounts have isolated data structures @ repetition 83 of 100[39m[90m                                    [39m [90m0.08s[39m  
  [32;1m✓[39;22m[90m [39m[90mnew tenant accounts have isolated data structures @ repetition 84 of 100[39m[90m                                    [39m [90m0.08s[39m  
  [32;1m✓[39;22m[90m [39m[90mnew tenant accounts have isolated data structures @ repetition 85 of 100[39m[90m                                    [39m [90m0.08s[39m  
  [32;1m✓[39;22m[90m [39m[90mnew tenant accounts have isolated data structures @ repetition 86 of 100[39m[90m                                    [39m [90m0.08s[39m  
  [32;1m✓[39;22m[90m [39m[90mnew tenant accounts have isolated data structures @ repetition 87 of 100[39m[90m                                    [39m [90m0.08s[39m  
  [32;1m✓[39;22m[90m [39m[90mnew tenant accounts have isolated data structures @ repetition 88 of 100[39m[90m                                    [39m [90m0.08s[39m  
  [32;1m✓[39;22m[90m [39m[90mnew tenant accounts have isolated data structures @ repetition 89 of 100[39m[90m                                    [39m [90m0.08s[39m  
  [32;1m✓[39;22m[90m [39m[90mnew tenant accounts have isolated data structures @ repetition 90 of 100[39m[90m                                    [39m [90m0.10s[39m  
  [32;1m✓[39;22m[90m [39m[90mnew tenant accounts have isolated data structures @ repetition 91 of 100[39m[90m                                    [39m [90m0.08s[39m  
  [32;1m✓[39;22m[90m [39m[90mnew tenant accounts have isolated data structures @ repetition 92 of 100[39m[90m                                    [39m [90m0.08s[39m  
  [32;1m✓[39;22m[90m [39m[90mnew tenant accounts have isolated data structures @ repetition 93 of 100[39m[90m                                    [39m [90m0.08s[39m  
  [32;1m✓[39;22m[90m [39m[90mnew tenant accounts have isolated data structures @ repetition 94 of 100[39m[90m                                    [39m [90m0.08s[39m  
  [32;1m✓[39;22m[90m [39m[90mnew tenant accounts have isolated data structures @ repetition 95 of 100[39m[90m                                    [39m [90m0.08s[39m  
  [32;1m✓[39;22m[90m [39m[90mnew tenant accounts have isolated data structures @ repetition 96 of 100[39m[90m                                    [39m [90m0.08s[39m  
  [32;1m✓[39;22m[90m [39m[90mnew tenant accounts have isolated data structures @ repetition 97 of 100[39m[90m                                    [39m [90m0.08s[39m  
  [32;1m✓[39;22m[90m [39m[90mnew tenant accounts have isolated data structures @ repetition 98 of 100[39m[90m                                    [39m [90m0.09s[39m  
  [32;1m✓[39;22m[90m [39m[90mnew tenant accounts have isolated data structures @ repetition 99 of 100[39m[90m                                    [39m [90m0.08s[39m  
  [32;1m✓[39;22m[90m [39m[90mnew tenant accounts have isolated data structures @ repetition 100 of 100[39m[90m                                   [39m [90m0.08s[39m  
  [32;1m✓[39;22m[90m [39m[90mmeter reading modifications create audit records @ repetition 1 of 100[39m[90m                                      [39m [90m0.08s[39m  
  [32;1m✓[39;22m[90m [39m[90mmeter reading modifications create audit records @ repetition 2 of 100[39m[90m                                      [39m [90m0.08s[39m  
  [32;1m✓[39;22m[90m [39m[90mmeter reading modifications create audit records @ repetition 3 of 100[39m[90m                                      [39m [90m0.08s[39m  
  [32;1m✓[39;22m[90m [39m[90mmeter reading modifications create audit records @ repetition 4 of 100[39m[90m                                      [39m [90m0.08s[39m  
  [32;1m✓[39;22m[90m [39m[90mmeter reading modifications create audit records @ repetition 5 of 100[39m[90m                                      [39m [90m0.10s[39m  
  [32;1m✓[39;22m[90m [39m[90mmeter reading modifications create audit records @ repetition 6 of 100[39m[90m                                      [39m [90m0.09s[39m  
  [32;1m✓[39;22m[90m [39m[90mmeter reading modifications create audit records @ repetition 7 of 100[39m[90m                                      [39m [90m0.08s[39m  
  [32;1m✓[39;22m[90m [39m[90mmeter reading modifications create audit records @ repetition 8 of 100[39m[90m                                      [39m [90m0.09s[39m  
  [32;1m✓[39;22m[90m [39m[90mmeter reading modifications create audit records @ repetition 9 of 100[39m[90m                                      [39m [90m0.08s[39m  
  [32;1m✓[39;22m[90m [39m[90mmeter reading modifications create audit records @ repetition 10 of 100[39m[90m                                     [39m [90m0.09s[39m  
  [32;1m✓[39;22m[90m [39m[90mmeter reading modifications create audit records @ repetition 11 of 100[39m[90m                                     [39m [90m0.09s[39m  
  [32;1m✓[39;22m[90m [39m[90mmeter reading modifications create audit records @ repetition 12 of 100[39m[90m                                     [39m [90m0.09s[39m  
  [32;1m✓[39;22m[90m [39m[90mmeter reading modifications create audit records @ repetition 13 of 100[39m[90m                                     [39m [90m0.10s[39m  
  [32;1m✓[39;22m[90m [39m[90mmeter reading modifications create audit records @ repetition 14 of 100[39m[90m                                     [39m [90m0.09s[39m  
  [32;1m✓[39;22m[90m [39m[90mmeter reading modifications create audit records @ repetition 15 of 100[39m[90m                                     [39m [90m0.09s[39m  
  [32;1m✓[39;22m[90m [39m[90mmeter reading modifications create audit records @ repetition 16 of 100[39m[90m                                     [39m [90m0.09s[39m  
  [32;1m✓[39;22m[90m [39m[90mmeter reading modifications create audit records @ repetition 17 of 100[39m[90m                                     [39m [90m0.09s[39m  
  [32;1m✓[39;22m[90m [39m[90mmeter reading modifications create audit records @ repetition 18 of 100[39m[90m                                     [39m [90m0.09s[39m  
  [32;1m✓[39;22m[90m [39m[90mmeter reading modifications create audit records @ repetition 19 of 100[39m[90m                                     [39m [90m0.09s[39m  
  [32;1m✓[39;22m[90m [39m[90mmeter reading modifications create audit records @ repetition 20 of 100[39m[90m                                     [39m [90m0.09s[39m  
  [32;1m✓[39;22m[90m [39m[90mmeter reading modifications create audit records @ repetition 21 of 100[39m[90m                                     [39m [90m0.10s[39m  
  [32;1m✓[39;22m[90m [39m[90mmeter reading modifications create audit records @ repetition 22 of 100[39m[90m                                     [39m [90m0.08s[39m  
  [32;1m✓[39;22m[90m [39m[90mmeter reading modifications create audit records @ repetition 23 of 100[39m[90m                                     [39m [90m0.09s[39m  
  [32;1m✓[39;22m[90m [39m[90mmeter reading modifications create audit records @ repetition 24 of 100[39m[90m                                     [39m [90m0.08s[39m  
  [32;1m✓[39;22m[90m [39m[90mmeter reading modifications create audit records @ repetition 25 of 100[39m[90m                                     [39m [90m0.09s[39m  
  [32;1m✓[39;22m[90m [39m[90mmeter reading modifications create audit records @ repetition 26 of 100[39m[90m                                     [39m [90m0.09s[39m  
  [32;1m✓[39;22m[90m [39m[90mmeter reading modifications create audit records @ repetition 27 of 100[39m[90m                                     [39m [90m0.09s[39m  
  [32;1m✓[39;22m[90m [39m[90mmeter reading modifications create audit records @ repetition 28 of 100[39m[90m                                     [39m [90m0.09s[39m  
  [32;1m✓[39;22m[90m [39m[90mmeter reading modifications create audit records @ repetition 29 of 100[39m[90m                                     [39m [90m0.10s[39m  
  [32;1m✓[39;22m[90m [39m[90mmeter reading modifications create audit records @ repetition 30 of 100[39m[90m                                     [39m [90m0.09s[39m  
  [32;1m✓[39;22m[90m [39m[90mmeter reading modifications create audit records @ repetition 31 of 100[39m[90m                                     [39m [90m0.09s[39m  
  [32;1m✓[39;22m[90m [39m[90mmeter reading modifications create audit records @ repetition 32 of 100[39m[90m                                     [39m [90m0.09s[39m  
  [32;1m✓[39;22m[90m [39m[90mmeter reading modifications create audit records @ repetition 33 of 100[39m[90m                                     [39m [90m0.09s[39m  
  [32;1m✓[39;22m[90m [39m[90mmeter reading modifications create audit records @ repetition 34 of 100[39m[90m                                     [39m [90m0.08s[39m  
  [32;1m✓[39;22m[90m [39m[90mmeter reading modifications create audit records @ repetition 35 of 100[39m[90m                                     [39m [90m0.09s[39m  
  [32;1m✓[39;22m[90m [39m[90mmeter reading modifications create audit records @ repetition 36 of 100[39m[90m                                     [39m [90m0.09s[39m  
  [32;1m✓[39;22m[90m [39m[90mmeter reading modifications create audit records @ repetition 37 of 100[39m[90m                                     [39m [90m0.11s[39m  
  [32;1m✓[39;22m[90m [39m[90mmeter reading modifications create audit records @ repetition 38 of 100[39m[90m                                     [39m [90m0.09s[39m  
  [32;1m✓[39;22m[90m [39m[90mmeter reading modifications create audit records @ repetition 39 of 100[39m[90m                                     [39m [90m0.09s[39m  
  [32;1m✓[39;22m[90m [39m[90mmeter reading modifications create audit records @ repetition 40 of 100[39m[90m                                     [39m [90m0.09s[39m  
  [32;1m✓[39;22m[90m [39m[90mmeter reading modifications create audit records @ repetition 41 of 100[39m[90m                                     [39m [90m0.09s[39m  
  [32;1m✓[39;22m[90m [39m[90mmeter reading modifications create audit records @ repetition 42 of 100[39m[90m                                     [39m [90m0.09s[39m  
  [32;1m✓[39;22m[90m [39m[90mmeter reading modifications create audit records @ repetition 43 of 100[39m[90m                                     [39m [90m0.09s[39m  
  [32;1m✓[39;22m[90m [39m[90mmeter reading modifications create audit records @ repetition 44 of 100[39m[90m                                     [39m [90m0.09s[39m  
  [32;1m✓[39;22m[90m [39m[90mmeter reading modifications create audit records @ repetition 45 of 100[39m[90m                                     [39m [90m0.11s[39m  
  [32;1m✓[39;22m[90m [39m[90mmeter reading modifications create audit records @ repetition 46 of 100[39m[90m                                     [39m [90m0.09s[39m  
  [32;1m✓[39;22m[90m [39m[90mmeter reading modifications create audit records @ repetition 47 of 100[39m[90m                                     [39m [90m0.09s[39m  
  [32;1m✓[39;22m[90m [39m[90mmeter reading modifications create audit records @ repetition 48 of 100[39m[90m                                     [39m [90m0.09s[39m  
  [32;1m✓[39;22m[90m [39m[90mmeter reading modifications create audit records @ repetition 49 of 100[39m[90m                                     [39m [90m0.09s[39m  
  [32;1m✓[39;22m[90m [39m[90mmeter reading modifications create audit records @ repetition 50 of 100[39m[90m                                     [39m [90m0.09s[39m  
  [32;1m✓[39;22m[90m [39m[90mmeter reading modifications create audit records @ repetition 51 of 100[39m[90m                                     [39m [90m0.09s[39m  
  [32;1m✓[39;22m[90m [39m[90mmeter reading modifications create audit records @ repetition 52 of 100[39m[90m                                     [39m [90m0.09s[39m  
  [32;1m✓[39;22m[90m [39m[90mmeter reading modifications create audit records @ repetition 53 of 100[39m[90m                                     [39m [90m0.11s[39m  
  [32;1m✓[39;22m[90m [39m[90mmeter reading modifications create audit records @ repetition 54 of 100[39m[90m                                     [39m [90m0.09s[39m  
  [32;1m✓[39;22m[90m [39m[90mmeter reading modifications create audit records @ repetition 55 of 100[39m[90m                                     [39m [90m0.09s[39m  
  [32;1m✓[39;22m[90m [39m[90mmeter reading modifications create audit records @ repetition 56 of 100[39m[90m                                     [39m [90m0.09s[39m  
  [32;1m✓[39;22m[90m [39m[90mmeter reading modifications create audit records @ repetition 57 of 100[39m[90m                                     [39m [90m0.09s[39m  
  [32;1m✓[39;22m[90m [39m[90mmeter reading modifications create audit records @ repetition 58 of 100[39m[90m                                     [39m [90m0.09s[39m  
  [32;1m✓[39;22m[90m [39m[90mmeter reading modifications create audit records @ repetition 59 of 100[39m[90m                                     [39m [90m0.09s[39m  
  [32;1m✓[39;22m[90m [39m[90mmeter reading modifications create audit records @ repetition 60 of 100[39m[90m                                     [39m [90m0.09s[39m  
  [32;1m✓[39;22m[90m [39m[90mmeter reading modifications create audit records @ repetition 61 of 100[39m[90m                                     [39m [90m0.10s[39m  
  [32;1m✓[39;22m[90m [39m[90mmeter reading modifications create audit records @ repetition 62 of 100[39m[90m                                     [39m [90m0.09s[39m  
  [32;1m✓[39;22m[90m [39m[90mmeter reading modifications create audit records @ repetition 63 of 100[39m[90m                                     [39m [90m0.09s[39m  
  [32;1m✓[39;22m[90m [39m[90mmeter reading modifications create audit records @ repetition 64 of 100[39m[90m                                     [39m [90m0.09s[39m  
  [32;1m✓[39;22m[90m [39m[90mmeter reading modifications create audit records @ repetition 65 of 100[39m[90m                                     [39m [90m0.09s[39m  
  [32;1m✓[39;22m[90m [39m[90mmeter reading modifications create audit records @ repetition 66 of 100[39m[90m                                     [39m [90m0.09s[39m  
  [32;1m✓[39;22m[90m [39m[90mmeter reading modifications create audit records @ repetition 67 of 100[39m[90m                                     [39m [90m0.09s[39m  
  [32;1m✓[39;22m[90m [39m[90mmeter reading modifications create audit records @ repetition 68 of 100[39m[90m                                     [39m [90m0.09s[39m  
  [32;1m✓[39;22m[90m [39m[90mmeter reading modifications create audit records @ repetition 69 of 100[39m[90m                                     [39m [90m0.10s[39m  
  [32;1m✓[39;22m[90m [39m[90mmeter reading modifications create audit records @ repetition 70 of 100[39m[90m                                     [39m [90m0.09s[39m  
  [32;1m✓[39;22m[90m [39m[90mmeter reading modifications create audit records @ repetition 71 of 100[39m[90m                                     [39m [90m0.09s[39m  
  [32;1m✓[39;22m[90m [39m[90mmeter reading modifications create audit records @ repetition 72 of 100[39m[90m                                     [39m [90m0.09s[39m  
  [32;1m✓[39;22m[90m [39m[90mmeter reading modifications create audit records @ repetition 73 of 100[39m[90m                                     [39m [90m0.09s[39m  
  [32;1m✓[39;22m[90m [39m[90mmeter reading modifications create audit records @ repetition 74 of 100[39m[90m                                     [39m [90m0.09s[39m  
  [32;1m✓[39;22m[90m [39m[90mmeter reading modifications create audit records @ repetition 75 of 100[39m[90m                                     [39m [90m0.09s[39m  
  [32;1m✓[39;22m[90m [39m[90mmeter reading modifications create audit records @ repetition 76 of 100[39m[90m                                     [39m [90m0.09s[39m  
  [32;1m✓[39;22m[90m [39m[90mmeter reading modifications create audit records @ repetition 77 of 100[39m[90m                                     [39m [90m0.11s[39m  
  [32;1m✓[39;22m[90m [39m[90mmeter reading modifications create audit records @ repetition 78 of 100[39m[90m                                     [39m [90m0.09s[39m  
  [32;1m✓[39;22m[90m [39m[90mmeter reading modifications create audit records @ repetition 79 of 100[39m[90m                                     [39m [90m0.09s[39m  
  [32;1m✓[39;22m[90m [39m[90mmeter reading modifications create audit records @ repetition 80 of 100[39m[90m                                     [39m [90m0.09s[39m  
  [32;1m✓[39;22m[90m [39m[90mmeter reading modifications create audit records @ repetition 81 of 100[39m[90m                                     [39m [90m0.09s[39m  
  [32;1m✓[39;22m[90m [39m[90mmeter reading modifications create audit records @ repetition 82 of 100[39m[90m                                     [39m [90m0.09s[39m  
  [32;1m✓[39;22m[90m [39m[90mmeter reading modifications create audit records @ repetition 83 of 100[39m[90m                                     [39m [90m0.09s[39m  
  [32;1m✓[39;22m[90m [39m[90mmeter reading modifications create audit records @ repetition 84 of 100[39m[90m                                     [39m [90m0.09s[39m  
  [32;1m✓[39;22m[90m [39m[90mmeter reading modifications create audit records @ repetition 85 of 100[39m[90m                                     [39m [90m0.11s[39m  
  [32;1m✓[39;22m[90m [39m[90mmeter reading modifications create audit records @ repetition 86 of 100[39m[90m                                     [39m [90m0.09s[39m  
  [32;1m✓[39;22m[90m [39m[90mmeter reading modifications create audit records @ repetition 87 of 100[39m[90m                                     [39m [90m0.09s[39m  
  [32;1m✓[39;22m[90m [39m[90mmeter reading modifications create audit records @ repetition 88 of 100[39m[90m                                     [39m [90m0.09s[39m  
  [32;1m✓[39;22m[90m [39m[90mmeter reading modifications create audit records @ repetition 89 of 100[39m[90m                                     [39m [90m0.09s[39m  
  [32;1m✓[39;22m[90m [39m[90mmeter reading modifications create audit records @ repetition 90 of 100[39m[90m                                     [39m [90m0.09s[39m  
  [32;1m✓[39;22m[90m [39m[90mmeter reading modifications create audit records @ repetition 91 of 100[39m[90m                                     [39m [90m0.09s[39m  
  [32;1m✓[39;22m[90m [39m[90mmeter reading modifications create audit records @ repetition 92 of 100[39m[90m                                     [39m [90m0.09s[39m  
  [32;1m✓[39;22m[90m [39m[90mmeter reading modifications create audit records @ repetition 93 of 100[39m[90m                                     [39m [90m0.11s[39m  
  [32;1m✓[39;22m[90m [39m[90mmeter reading modifications create audit records @ repetition 94 of 100[39m[90m                                     [39m [90m0.09s[39m  
  [32;1m✓[39;22m[90m [39m[90mmeter reading modifications create audit records @ repetition 95 of 100[39m[90m                                     [39m [90m0.09s[39m  
  [32;1m✓[39;22m[90m [39m[90mmeter reading modifications create audit records @ repetition 96 of 100[39m[90m                                     [39m [90m0.09s[39m  
  [32;1m✓[39;22m[90m [39m[90mmeter reading modifications create audit records @ repetition 97 of 100[39m[90m                                     [39m [90m0.09s[39m  
  [32;1m✓[39;22m[90m [39m[90mmeter reading modifications create audit records @ repetition 98 of 100[39m[90m                                     [39m [90m0.09s[39m  
  [32;1m✓[39;22m[90m [39m[90mmeter reading modifications create audit records @ repetition 99 of 100[39m[90m                                     [39m [90m0.09s[39m  
  [32;1m✓[39;22m[90m [39m[90mmeter reading modifications create audit records @ repetition 100 of 100[39m[90m                                    [39m [90m0.09s[39m  
  [32;1m✓[39;22m[90m [39m[90minvoices contain items with quantity and unit_price @ repetition 1 of 100[39m[90m                                   [39m [90m0.10s[39m  
  [32;1m✓[39;22m[90m [39m[90minvoices contain items with quantity and unit_price @ repetition 2 of 100[39m[90m                                   [39m [90m0.09s[39m  
  [32;1m✓[39;22m[90m [39m[90minvoices contain items with quantity and unit_price @ repetition 3 of 100[39m[90m                                   [39m [90m0.09s[39m  
  [32;1m✓[39;22m[90m [39m[90minvoices contain items with quantity and unit_price @ repetition 4 of 100[39m[90m                                   [39m [90m0.09s[39m  
  [32;1m✓[39;22m[90m [39m[90minvoices contain items with quantity and unit_price @ repetition 5 of 100[39m[90m                                   [39m [90m0.09s[39m  
  [32;1m✓[39;22m[90m [39m[90minvoices contain items with quantity and unit_price @ repetition 6 of 100[39m[90m                                   [39m [90m0.09s[39m  
  [32;1m✓[39;22m[90m [39m[90minvoices contain items with quantity and unit_price @ repetition 7 of 100[39m[90m                                   [39m [90m0.09s[39m  
  [32;1m✓[39;22m[90m [39m[90minvoices contain items with quantity and unit_price @ repetition 8 of 100[39m[90m                                   [39m [90m0.09s[39m  
  [32;1m✓[39;22m[90m [39m[90minvoices contain items with quantity and unit_price @ repetition 9 of 100[39m[90m                                   [39m [90m0.10s[39m  
  [32;1m✓[39;22m[90m [39m[90minvoices contain items with quantity and unit_price @ repetition 10 of 100[39m[90m                                  [39m [90m0.09s[39m  
  [32;1m✓[39;22m[90m [39m[90minvoices contain items with quantity and unit_price @ repetition 11 of 100[39m[90m                                  [39m [90m0.09s[39m  
  [32;1m✓[39;22m[90m [39m[90minvoices contain items with quantity and unit_price @ repetition 12 of 100[39m[90m                                  [39m [90m0.09s[39m  
  [32;1m✓[39;22m[90m [39m[90minvoices contain items with quantity and unit_price @ repetition 13 of 100[39m[90m                                  [39m [90m0.09s[39m  
  [32;1m✓[39;22m[90m [39m[90minvoices contain items with quantity and unit_price @ repetition 14 of 100[39m[90m                                  [39m [90m0.12s[39m  
  [32;1m✓[39;22m[90m [39m[90minvoices contain items with quantity and unit_price @ repetition 15 of 100[39m[90m                                  [39m [90m0.10s[39m  
  [32;1m✓[39;22m[90m [39m[90minvoices contain items with quantity and unit_price @ repetition 16 of 100[39m[90m                                  [39m [90m0.10s[39m  
  [32;1m✓[39;22m[90m [39m[90minvoices contain items with quantity and unit_price @ repetition 17 of 100[39m[90m                                  [39m [90m0.12s[39m  
  [32;1m✓[39;22m[90m [39m[90minvoices contain items with quantity and unit_price @ repetition 18 of 100[39m[90m                                  [39m [90m0.09s[39m  
  [32;1m✓[39;22m[90m [39m[90minvoices contain items with quantity and unit_price @ repetition 19 of 100[39m[90m                                  [39m [90m0.09s[39m  
  [32;1m✓[39;22m[90m [39m[90minvoices contain items with quantity and unit_price @ repetition 20 of 100[39m[90m                                  [39m [90m0.09s[39m  
  [32;1m✓[39;22m[90m [39m[90minvoices contain items with quantity and unit_price @ repetition 21 of 100[39m[90m                                  [39m [90m0.09s[39m  
  [32;1m✓[39;22m[90m [39m[90minvoices contain items with quantity and unit_price @ repetition 22 of 100[39m[90m                                  [39m [90m0.09s[39m  
  [32;1m✓[39;22m[90m [39m[90minvoices contain items with quantity and unit_price @ repetition 23 of 100[39m[90m                                  [39m [90m0.09s[39m  
  [32;1m✓[39;22m[90m [39m[90minvoices contain items with quantity and unit_price @ repetition 24 of 100[39m[90m                                  [39m [90m0.09s[39m  
  [32;1m✓[39;22m[90m [39m[90minvoices contain items with quantity and unit_price @ repetition 25 of 100[39m[90m                                  [39m [90m0.10s[39m  
  [32;1m✓[39;22m[90m [39m[90minvoices contain items with quantity and unit_price @ repetition 26 of 100[39m[90m                                  [39m [90m0.08s[39m  
  [32;1m✓[39;22m[90m [39m[90minvoices contain items with quantity and unit_price @ repetition 27 of 100[39m[90m                                  [39m [90m0.08s[39m  
  [32;1m✓[39;22m[90m [39m[90minvoices contain items with quantity and unit_price @ repetition 28 of 100[39m[90m                                  [39m [90m0.09s[39m  
  [32;1m✓[39;22m[90m [39m[90minvoices contain items with quantity and unit_price @ repetition 29 of 100[39m[90m                                  [39m [90m0.08s[39m  
  [32;1m✓[39;22m[90m [39m[90minvoices contain items with quantity and unit_price @ repetition 30 of 100[39m[90m                                  [39m [90m0.08s[39m  
  [32;1m✓[39;22m[90m [39m[90minvoices contain items with quantity and unit_price @ repetition 31 of 100[39m[90m                                  [39m [90m0.08s[39m  
  [32;1m✓[39;22m[90m [39m[90minvoices contain items with quantity and unit_price @ repetition 32 of 100[39m[90m                                  [39m [90m0.08s[39m  
  [32;1m✓[39;22m[90m [39m[90minvoices contain items with quantity and unit_price @ repetition 33 of 100[39m[90m                                  [39m [90m0.10s[39m  
  [32;1m✓[39;22m[90m [39m[90minvoices contain items with quantity and unit_price @ repetition 34 of 100[39m[90m                                  [39m [90m0.08s[39m  
  [32;1m✓[39;22m[90m [39m[90minvoices contain items with quantity and unit_price @ repetition 35 of 100[39m[90m                                  [39m [90m0.08s[39m  
  [32;1m✓[39;22m[90m [39m[90minvoices contain items with quantity and unit_price @ repetition 36 of 100[39m[90m                                  [39m [90m0.08s[39m  
  [32;1m✓[39;22m[90m [39m[90minvoices contain items with quantity and unit_price @ repetition 37 of 100[39m[90m                                  [39m [90m0.08s[39m  
  [32;1m✓[39;22m[90m [39m[90minvoices contain items with quantity and unit_price @ repetition 38 of 100[39m[90m                                  [39m [90m0.08s[39m  
  [32;1m✓[39;22m[90m [39m[90minvoices contain items with quantity and unit_price @ repetition 39 of 100[39m[90m                                  [39m [90m0.09s[39m  
  [32;1m✓[39;22m[90m [39m[90minvoices contain items with quantity and unit_price @ repetition 40 of 100[39m[90m                                  [39m [90m0.08s[39m  
  [32;1m✓[39;22m[90m [39m[90minvoices contain items with quantity and unit_price @ repetition 41 of 100[39m[90m                                  [39m [90m0.10s[39m  
  [32;1m✓[39;22m[90m [39m[90minvoices contain items with quantity and unit_price @ repetition 42 of 100[39m[90m                                  [39m [90m0.08s[39m  
  [32;1m✓[39;22m[90m [39m[90minvoices contain items with quantity and unit_price @ repetition 43 of 100[39m[90m                                  [39m [90m0.08s[39m  
  [32;1m✓[39;22m[90m [39m[90minvoices contain items with quantity and unit_price @ repetition 44 of 100[39m[90m                                  [39m [90m0.08s[39m  
  [32;1m✓[39;22m[90m [39m[90minvoices contain items with quantity and unit_price @ repetition 45 of 100[39m[90m                                  [39m [90m0.08s[39m  
  [32;1m✓[39;22m[90m [39m[90minvoices contain items with quantity and unit_price @ repetition 46 of 100[39m[90m                                  [39m [90m0.08s[39m  
  [32;1m✓[39;22m[90m [39m[90minvoices contain items with quantity and unit_price @ repetition 47 of 100[39m[90m                                  [39m [90m0.08s[39m  
  [32;1m✓[39;22m[90m [39m[90minvoices contain items with quantity and unit_price @ repetition 48 of 100[39m[90m                                  [39m [90m0.09s[39m  
  [32;1m✓[39;22m[90m [39m[90minvoices contain items with quantity and unit_price @ repetition 49 of 100[39m[90m                                  [39m [90m0.10s[39m  
  [32;1m✓[39;22m[90m [39m[90minvoices contain items with quantity and unit_price @ repetition 50 of 100[39m[90m                                  [39m [90m0.08s[39m  
  [32;1m✓[39;22m[90m [39m[90minvoices contain items with quantity and unit_price @ repetition 51 of 100[39m[90m                                  [39m [90m0.08s[39m  
  [32;1m✓[39;22m[90m [39m[90minvoices contain items with quantity and unit_price @ repetition 52 of 100[39m[90m                                  [39m [90m0.08s[39m  
  [32;1m✓[39;22m[90m [39m[90minvoices contain items with quantity and unit_price @ repetition 53 of 100[39m[90m                                  [39m [90m0.08s[39m  
  [32;1m✓[39;22m[90m [39m[90minvoices contain items with quantity and unit_price @ repetition 54 of 100[39m[90m                                  [39m [90m0.08s[39m  
  [32;1m✓[39;22m[90m [39m[90minvoices contain items with quantity and unit_price @ repetition 55 of 100[39m[90m                                  [39m [90m0.08s[39m  
  [32;1m✓[39;22m[90m [39m[90minvoices contain items with quantity and unit_price @ repetition 56 of 100[39m[90m                                  [39m [90m0.08s[39m  
  [32;1m✓[39;22m[90m [39m[90minvoices contain items with quantity and unit_price @ repetition 57 of 100[39m[90m                                  [39m [90m0.10s[39m  
  [32;1m✓[39;22m[90m [39m[90minvoices contain items with quantity and unit_price @ repetition 58 of 100[39m[90m                                  [39m [90m0.08s[39m  
  [32;1m✓[39;22m[90m [39m[90minvoices contain items with quantity and unit_price @ repetition 59 of 100[39m[90m                                  [39m [90m0.09s[39m  
  [32;1m✓[39;22m[90m [39m[90minvoices contain items with quantity and unit_price @ repetition 60 of 100[39m[90m                                  [39m [90m0.08s[39m  
  [32;1m✓[39;22m[90m [39m[90minvoices contain items with quantity and unit_price @ repetition 61 of 100[39m[90m                                  [39m [90m0.08s[39m  
  [32;1m✓[39;22m[90m [39m[90minvoices contain items with quantity and unit_price @ repetition 62 of 100[39m[90m                                  [39m [90m0.08s[39m  
  [32;1m✓[39;22m[90m [39m[90minvoices contain items with quantity and unit_price @ repetition 63 of 100[39m[90m                                  [39m [90m0.08s[39m  
  [32;1m✓[39;22m[90m [39m[90minvoices contain items with quantity and unit_price @ repetition 64 of 100[39m[90m                                  [39m [90m0.08s[39m  
  [32;1m✓[39;22m[90m [39m[90minvoices contain items with quantity and unit_price @ repetition 65 of 100[39m[90m                                  [39m [90m0.10s[39m  
  [32;1m✓[39;22m[90m [39m[90minvoices contain items with quantity and unit_price @ repetition 66 of 100[39m[90m                                  [39m [90m0.08s[39m  
  [32;1m✓[39;22m[90m [39m[90minvoices contain items with quantity and unit_price @ repetition 67 of 100[39m[90m                                  [39m [90m0.08s[39m  
  [32;1m✓[39;22m[90m [39m[90minvoices contain items with quantity and unit_price @ repetition 68 of 100[39m[90m                                  [39m [90m0.08s[39m  
  [32;1m✓[39;22m[90m [39m[90minvoices contain items with quantity and unit_price @ repetition 69 of 100[39m[90m                                  [39m [90m0.08s[39m  
  [32;1m✓[39;22m[90m [39m[90minvoices contain items with quantity and unit_price @ repetition 70 of 100[39m[90m                                  [39m [90m0.08s[39m  
  [32;1m✓[39;22m[90m [39m[90minvoices contain items with quantity and unit_price @ repetition 71 of 100[39m[90m                                  [39m [90m0.08s[39m  
  [32;1m✓[39;22m[90m [39m[90minvoices contain items with quantity and unit_price @ repetition 72 of 100[39m[90m                                  [39m [90m0.08s[39m  
  [32;1m✓[39;22m[90m [39m[90minvoices contain items with quantity and unit_price @ repetition 73 of 100[39m[90m                                  [39m [90m0.10s[39m  
  [32;1m✓[39;22m[90m [39m[90minvoices contain items with quantity and unit_price @ repetition 74 of 100[39m[90m                                  [39m [90m0.08s[39m  
  [32;1m✓[39;22m[90m [39m[90minvoices contain items with quantity and unit_price @ repetition 75 of 100[39m[90m                                  [39m [90m0.08s[39m  
  [32;1m✓[39;22m[90m [39m[90minvoices contain items with quantity and unit_price @ repetition 76 of 100[39m[90m                                  [39m [90m0.08s[39m  
  [32;1m✓[39;22m[90m [39m[90minvoices contain items with quantity and unit_price @ repetition 77 of 100[39m[90m                                  [39m [90m0.08s[39m  
  [32;1m✓[39;22m[90m [39m[90minvoices contain items with quantity and unit_price @ repetition 78 of 100[39m[90m                                  [39m [90m0.08s[39m  
  [32;1m✓[39;22m[90m [39m[90minvoices contain items with quantity and unit_price @ repetition 79 of 100[39m[90m                                  [39m [90m0.08s[39m  
  [32;1m✓[39;22m[90m [39m[90minvoices contain items with quantity and unit_price @ repetition 80 of 100[39m[90m                                  [39m [90m0.08s[39m  
  [32;1m✓[39;22m[90m [39m[90minvoices contain items with quantity and unit_price @ repetition 81 of 100[39m[90m                                  [39m [90m0.10s[39m  
  [32;1m✓[39;22m[90m [39m[90minvoices contain items with quantity and unit_price @ repetition 82 of 100[39m[90m                                  [39m [90m0.08s[39m  
  [32;1m✓[39;22m[90m [39m[90minvoices contain items with quantity and unit_price @ repetition 83 of 100[39m[90m                                  [39m [90m0.09s[39m  
  [32;1m✓[39;22m[90m [39m[90minvoices contain items with quantity and unit_price @ repetition 84 of 100[39m[90m                                  [39m [90m0.09s[39m  
  [32;1m✓[39;22m[90m [39m[90minvoices contain items with quantity and unit_price @ repetition 85 of 100[39m[90m                                  [39m [90m0.09s[39m  
  [32;1m✓[39;22m[90m [39m[90minvoices contain items with quantity and unit_price @ repetition 86 of 100[39m[90m                                  [39m [90m0.09s[39m  
  [32;1m✓[39;22m[90m [39m[90minvoices contain items with quantity and unit_price @ repetition 87 of 100[39m[90m                                  [39m [90m0.09s[39m  
  [32;1m✓[39;22m[90m [39m[90minvoices contain items with quantity and unit_price @ repetition 88 of 100[39m[90m                                  [39m [90m0.09s[39m  
  [32;1m✓[39;22m[90m [39m[90minvoices contain items with quantity and unit_price @ repetition 89 of 100[39m[90m                                  [39m [90m0.10s[39m  
  [32;1m✓[39;22m[90m [39m[90minvoices contain items with quantity and unit_price @ repetition 90 of 100[39m[90m                                  [39m [90m0.09s[39m  
  [32;1m✓[39;22m[90m [39m[90minvoices contain items with quantity and unit_price @ repetition 91 of 100[39m[90m                                  [39m [90m0.08s[39m  
  [32;1m✓[39;22m[90m [39m[90minvoices contain items with quantity and unit_price @ repetition 92 of 100[39m[90m                                  [39m [90m0.08s[39m  
  [32;1m✓[39;22m[90m [39m[90minvoices contain items with quantity and unit_price @ repetition 93 of 100[39m[90m                                  [39m [90m0.08s[39m  
  [32;1m✓[39;22m[90m [39m[90minvoices contain items with quantity and unit_price @ repetition 94 of 100[39m[90m                                  [39m [90m0.09s[39m  
  [32;1m✓[39;22m[90m [39m[90minvoices contain items with quantity and unit_price @ repetition 95 of 100[39m[90m                                  [39m [90m0.08s[39m  
  [32;1m✓[39;22m[90m [39m[90minvoices contain items with quantity and unit_price @ repetition 96 of 100[39m[90m                                  [39m [90m0.08s[39m  
  [32;1m✓[39;22m[90m [39m[90minvoices contain items with quantity and unit_price @ repetition 97 of 100[39m[90m                                  [39m [90m0.10s[39m  
  [32;1m✓[39;22m[90m [39m[90minvoices contain items with quantity and unit_price @ repetition 98 of 100[39m[90m                                  [39m [90m0.09s[39m  
  [32;1m✓[39;22m[90m [39m[90minvoices contain items with quantity and unit_price @ repetition 99 of 100[39m[90m                                  [39m [90m0.08s[39m  
  [32;1m✓[39;22m[90m [39m[90minvoices contain items with quantity and unit_price @ repetition 100 of 100[39m[90m                                 [39m [90m0.08s[39m  
  [32;1m✓[39;22m[90m [39m[90mmeter readings are ordered chronologically @ repetition 1 of 100[39m[90m                                            [39m [90m0.08s[39m  
  [32;1m✓[39;22m[90m [39m[90mmeter readings are ordered chronologically @ repetition 2 of 100[39m[90m                                            [39m [90m0.08s[39m  
  [32;1m✓[39;22m[90m [39m[90mmeter readings are ordered chronologically @ repetition 3 of 100[39m[90m                                            [39m [90m0.08s[39m  
  [32;1m✓[39;22m[90m [39m[90mmeter readings are ordered chronologically @ repetition 4 of 100[39m[90m                                            [39m [90m0.11s[39m  
  [32;1m✓[39;22m[90m [39m[90mmeter readings are ordered chronologically @ repetition 5 of 100[39m[90m                                            [39m [90m0.09s[39m  
  [32;1m✓[39;22m[90m [39m[90mmeter readings are ordered chronologically @ repetition 6 of 100[39m[90m                                            [39m [90m0.09s[39m  
  [32;1m✓[39;22m[90m [39m[90mmeter readings are ordered chronologically @ repetition 7 of 100[39m[90m                                            [39m [90m0.09s[39m  
  [32;1m✓[39;22m[90m [39m[90mmeter readings are ordered chronologically @ repetition 8 of 100[39m[90m                                            [39m [90m0.09s[39m  
  [32;1m✓[39;22m[90m [39m[90mmeter readings are ordered chronologically @ repetition 9 of 100[39m[90m                                            [39m [90m0.09s[39m  
  [32;1m✓[39;22m[90m [39m[90mmeter readings are ordered chronologically @ repetition 10 of 100[39m[90m                                           [39m [90m0.09s[39m  
  [32;1m✓[39;22m[90m [39m[90mmeter readings are ordered chronologically @ repetition 11 of 100[39m[90m                                           [39m [90m0.10s[39m  
  [32;1m✓[39;22m[90m [39m[90mmeter readings are ordered chronologically @ repetition 12 of 100[39m[90m                                           [39m [90m0.09s[39m  
  [32;1m✓[39;22m[90m [39m[90mmeter readings are ordered chronologically @ repetition 13 of 100[39m[90m                                           [39m [90m0.09s[39m  
  [32;1m✓[39;22m[90m [39m[90mmeter readings are ordered chronologically @ repetition 14 of 100[39m[90m                                           [39m [90m0.09s[39m  
  [32;1m✓[39;22m[90m [39m[90mmeter readings are ordered chronologically @ repetition 15 of 100[39m[90m                                           [39m [90m0.09s[39m  
  [32;1m✓[39;22m[90m [39m[90mmeter readings are ordered chronologically @ repetition 16 of 100[39m[90m                                           [39m [90m0.10s[39m  
  [32;1m✓[39;22m[90m [39m[90mmeter readings are ordered chronologically @ repetition 17 of 100[39m[90m                                           [39m [90m0.08s[39m  
  [32;1m✓[39;22m[90m [39m[90mmeter readings are ordered chronologically @ repetition 18 of 100[39m[90m                                           [39m [90m0.09s[39m  
  [32;1m✓[39;22m[90m [39m[90mmeter readings are ordered chronologically @ repetition 19 of 100[39m[90m                                           [39m [90m0.10s[39m  
  [32;1m✓[39;22m[90m [39m[90mmeter readings are ordered chronologically @ repetition 20 of 100[39m[90m                                           [39m [90m0.08s[39m  
  [32;1m✓[39;22m[90m [39m[90mmeter readings are ordered chronologically @ repetition 21 of 100[39m[90m                                           [39m [90m0.09s[39m  
  [32;1m✓[39;22m[90m [39m[90mmeter readings are ordered chronologically @ repetition 22 of 100[39m[90m                                           [39m [90m0.09s[39m  
  [32;1m✓[39;22m[90m [39m[90mmeter readings are ordered chronologically @ repetition 23 of 100[39m[90m                                           [39m [90m0.09s[39m  
  [32;1m✓[39;22m[90m [39m[90mmeter readings are ordered chronologically @ repetition 24 of 100[39m[90m                                           [39m [90m0.09s[39m  
  [32;1m✓[39;22m[90m [39m[90mmeter readings are ordered chronologically @ repetition 25 of 100[39m[90m                                           [39m [90m0.09s[39m  
  [32;1m✓[39;22m[90m [39m[90mmeter readings are ordered chronologically @ repetition 26 of 100[39m[90m                                           [39m [90m0.09s[39m  
  [32;1m✓[39;22m[90m [39m[90mmeter readings are ordered chronologically @ repetition 27 of 100[39m[90m                                           [39m [90m0.11s[39m  
  [32;1m✓[39;22m[90m [39m[90mmeter readings are ordered chronologically @ repetition 28 of 100[39m[90m                                           [39m [90m0.09s[39m  
  [32;1m✓[39;22m[90m [39m[90mmeter readings are ordered chronologically @ repetition 29 of 100[39m[90m                                           [39m [90m0.09s[39m  
  [32;1m✓[39;22m[90m [39m[90mmeter readings are ordered chronologically @ repetition 30 of 100[39m[90m                                           [39m [90m0.09s[39m  
  [32;1m✓[39;22m[90m [39m[90mmeter readings are ordered chronologically @ repetition 31 of 100[39m[90m                                           [39m [90m0.09s[39m  
  [32;1m✓[39;22m[90m [39m[90mmeter readings are ordered chronologically @ repetition 32 of 100[39m[90m                                           [39m [90m0.09s[39m  
  [32;1m✓[39;22m[90m [39m[90mmeter readings are ordered chronologically @ repetition 33 of 100[39m[90m                                           [39m [90m0.09s[39m  
  [32;1m✓[39;22m[90m [39m[90mmeter readings are ordered chronologically @ repetition 34 of 100[39m[90m                                           [39m [90m0.09s[39m  
  [32;1m✓[39;22m[90m [39m[90mmeter readings are ordered chronologically @ repetition 35 of 100[39m[90m                                           [39m [90m0.11s[39m  
  [32;1m✓[39;22m[90m [39m[90mmeter readings are ordered chronologically @ repetition 36 of 100[39m[90m                                           [39m [90m0.09s[39m  
  [32;1m✓[39;22m[90m [39m[90mmeter readings are ordered chronologically @ repetition 37 of 100[39m[90m                                           [39m [90m0.09s[39m  
  [32;1m✓[39;22m[90m [39m[90mmeter readings are ordered chronologically @ repetition 38 of 100[39m[90m                                           [39m [90m0.09s[39m  
  [32;1m✓[39;22m[90m [39m[90mmeter readings are ordered chronologically @ repetition 39 of 100[39m[90m                                           [39m [90m0.09s[39m  
  [32;1m✓[39;22m[90m [39m[90mmeter readings are ordered chronologically @ repetition 40 of 100[39m[90m                                           [39m [90m0.09s[39m  
  [32;1m✓[39;22m[90m [39m[90mmeter readings are ordered chronologically @ repetition 41 of 100[39m[90m                                           [39m [90m0.09s[39m  
  [32;1m✓[39;22m[90m [39m[90mmeter readings are ordered chronologically @ repetition 42 of 100[39m[90m                                           [39m [90m0.09s[39m  
  [32;1m✓[39;22m[90m [39m[90mmeter readings are ordered chronologically @ repetition 43 of 100[39m[90m                                           [39m [90m0.11s[39m  
  [32;1m✓[39;22m[90m [39m[90mmeter readings are ordered chronologically @ repetition 44 of 100[39m[90m                                           [39m [90m0.09s[39m  
  [32;1m✓[39;22m[90m [39m[90mmeter readings are ordered chronologically @ repetition 45 of 100[39m[90m                                           [39m [90m0.09s[39m  
  [32;1m✓[39;22m[90m [39m[90mmeter readings are ordered chronologically @ repetition 46 of 100[39m[90m                                           [39m [90m0.09s[39m  
  [32;1m✓[39;22m[90m [39m[90mmeter readings are ordered chronologically @ repetition 47 of 100[39m[90m                                           [39m [90m0.09s[39m  
  [32;1m✓[39;22m[90m [39m[90mmeter readings are ordered chronologically @ repetition 48 of 100[39m[90m                                           [39m [90m0.08s[39m  
  [32;1m✓[39;22m[90m [39m[90mmeter readings are ordered chronologically @ repetition 49 of 100[39m[90m                                           [39m [90m0.08s[39m  
  [32;1m✓[39;22m[90m [39m[90mmeter readings are ordered chronologically @ repetition 50 of 100[39m[90m                                           [39m [90m0.09s[39m  
  [32;1m✓[39;22m[90m [39m[90mmeter readings are ordered chronologically @ repetition 51 of 100[39m[90m                                           [39m [90m0.11s[39m  
  [32;1m✓[39;22m[90m [39m[90mmeter readings are ordered chronologically @ repetition 52 of 100[39m[90m                                           [39m [90m0.09s[39m  
  [32;1m✓[39;22m[90m [39m[90mmeter readings are ordered chronologically @ repetition 53 of 100[39m[90m                                           [39m [90m0.09s[39m  
  [32;1m✓[39;22m[90m [39m[90mmeter readings are ordered chronologically @ repetition 54 of 100[39m[90m                                           [39m [90m0.09s[39m  
  [32;1m✓[39;22m[90m [39m[90mmeter readings are ordered chronologically @ repetition 55 of 100[39m[90m                                           [39m [90m0.09s[39m  
  [32;1m✓[39;22m[90m [39m[90mmeter readings are ordered chronologically @ repetition 56 of 100[39m[90m                                           [39m [90m0.09s[39m  
  [32;1m✓[39;22m[90m [39m[90mmeter readings are ordered chronologically @ repetition 57 of 100[39m[90m                                           [39m [90m0.08s[39m  
  [32;1m✓[39;22m[90m [39m[90mmeter readings are ordered chronologically @ repetition 58 of 100[39m[90m                                           [39m [90m0.09s[39m  
  [32;1m✓[39;22m[90m [39m[90mmeter readings are ordered chronologically @ repetition 59 of 100[39m[90m                                           [39m [90m0.10s[39m  
  [32;1m✓[39;22m[90m [39m[90mmeter readings are ordered chronologically @ repetition 60 of 100[39m[90m                                           [39m [90m0.08s[39m  
  [32;1m✓[39;22m[90m [39m[90mmeter readings are ordered chronologically @ repetition 61 of 100[39m[90m                                           [39m [90m0.09s[39m  
  [32;1m✓[39;22m[90m [39m[90mmeter readings are ordered chronologically @ repetition 62 of 100[39m[90m                                           [39m [90m0.09s[39m  
  [32;1m✓[39;22m[90m [39m[90mmeter readings are ordered chronologically @ repetition 63 of 100[39m[90m                                           [39m [90m0.09s[39m  
  [32;1m✓[39;22m[90m [39m[90mmeter readings are ordered chronologically @ repetition 64 of 100[39m[90m                                           [39m [90m0.08s[39m  
  [32;1m✓[39;22m[90m [39m[90mmeter readings are ordered chronologically @ repetition 65 of 100[39m[90m                                           [39m [90m0.09s[39m  
  [32;1m✓[39;22m[90m [39m[90mmeter readings are ordered chronologically @ repetition 66 of 100[39m[90m                                           [39m [90m0.09s[39m  
  [32;1m✓[39;22m[90m [39m[90mmeter readings are ordered chronologically @ repetition 67 of 100[39m[90m                                           [39m [90m0.10s[39m  
  [32;1m✓[39;22m[90m [39m[90mmeter readings are ordered chronologically @ repetition 68 of 100[39m[90m                                           [39m [90m0.08s[39m  
  [32;1m✓[39;22m[90m [39m[90mmeter readings are ordered chronologically @ repetition 69 of 100[39m[90m                                           [39m [90m0.09s[39m  
  [32;1m✓[39;22m[90m [39m[90mmeter readings are ordered chronologically @ repetition 70 of 100[39m[90m                                           [39m [90m0.09s[39m  
  [32;1m✓[39;22m[90m [39m[90mmeter readings are ordered chronologically @ repetition 71 of 100[39m[90m                                           [39m [90m0.08s[39m  
  [32;1m✓[39;22m[90m [39m[90mmeter readings are ordered chronologically @ repetition 72 of 100[39m[90m                                           [39m [90m0.09s[39m  
  [32;1m✓[39;22m[90m [39m[90mmeter readings are ordered chronologically @ repetition 73 of 100[39m[90m                                           [39m [90m0.08s[39m  
  [32;1m✓[39;22m[90m [39m[90mmeter readings are ordered chronologically @ repetition 74 of 100[39m[90m                                           [39m [90m0.08s[39m  
  [32;1m✓[39;22m[90m [39m[90mmeter readings are ordered chronologically @ repetition 75 of 100[39m[90m                                           [39m [90m0.10s[39m  
  [32;1m✓[39;22m[90m [39m[90mmeter readings are ordered chronologically @ repetition 76 of 100[39m[90m                                           [39m [90m0.08s[39m  
  [32;1m✓[39;22m[90m [39m[90mmeter readings are ordered chronologically @ repetition 77 of 100[39m[90m                                           [39m [90m0.09s[39m  
  [32;1m✓[39;22m[90m [39m[90mmeter readings are ordered chronologically @ repetition 78 of 100[39m[90m                                           [39m [90m0.08s[39m  
  [32;1m✓[39;22m[90m [39m[90mmeter readings are ordered chronologically @ repetition 79 of 100[39m[90m                                           [39m [90m0.08s[39m  
  [32;1m✓[39;22m[90m [39m[90mmeter readings are ordered chronologically @ repetition 80 of 100[39m[90m                                           [39m [90m0.08s[39m  
  [32;1m✓[39;22m[90m [39m[90mmeter readings are ordered chronologically @ repetition 81 of 100[39m[90m                                           [39m [90m0.09s[39m  
  [32;1m✓[39;22m[90m [39m[90mmeter readings are ordered chronologically @ repetition 82 of 100[39m[90m                                           [39m [90m0.08s[39m  
  [32;1m✓[39;22m[90m [39m[90mmeter readings are ordered chronologically @ repetition 83 of 100[39m[90m                                           [39m [90m0.10s[39m  
  [32;1m✓[39;22m[90m [39m[90mmeter readings are ordered chronologically @ repetition 84 of 100[39m[90m                                           [39m [90m0.09s[39m  
  [32;1m✓[39;22m[90m [39m[90mmeter readings are ordered chronologically @ repetition 85 of 100[39m[90m                                           [39m [90m0.09s[39m  
  [32;1m✓[39;22m[90m [39m[90mmeter readings are ordered chronologically @ repetition 86 of 100[39m[90m                                           [39m [90m0.08s[39m  
  [32;1m✓[39;22m[90m [39m[90mmeter readings are ordered chronologically @ repetition 87 of 100[39m[90m                                           [39m [90m0.09s[39m  
  [32;1m✓[39;22m[90m [39m[90mmeter readings are ordered chronologically @ repetition 88 of 100[39m[90m                                           [39m [90m0.08s[39m  
  [32;1m✓[39;22m[90m [39m[90mmeter readings are ordered chronologically @ repetition 89 of 100[39m[90m                                           [39m [90m0.08s[39m  
  [32;1m✓[39;22m[90m [39m[90mmeter readings are ordered chronologically @ repetition 90 of 100[39m[90m                                           [39m [90m0.09s[39m  
  [32;1m✓[39;22m[90m [39m[90mmeter readings are ordered chronologically @ repetition 91 of 100[39m[90m                                           [39m [90m0.11s[39m  
  [32;1m✓[39;22m[90m [39m[90mmeter readings are ordered chronologically @ repetition 92 of 100[39m[90m                                           [39m [90m0.09s[39m  
  [32;1m✓[39;22m[90m [39m[90mmeter readings are ordered chronologically @ repetition 93 of 100[39m[90m                                           [39m [90m0.08s[39m  
  [32;1m✓[39;22m[90m [39m[90mmeter readings are ordered chronologically @ repetition 94 of 100[39m[90m                                           [39m [90m0.09s[39m  
  [32;1m✓[39;22m[90m [39m[90mmeter readings are ordered chronologically @ repetition 95 of 100[39m[90m                                           [39m [90m0.09s[39m  
  [32;1m✓[39;22m[90m [39m[90mmeter readings are ordered chronologically @ repetition 96 of 100[39m[90m                                           [39m [90m0.09s[39m  
  [32;1m✓[39;22m[90m [39m[90mmeter readings are ordered chronologically @ repetition 97 of 100[39m[90m                                           [39m [90m0.09s[39m  
  [32;1m✓[39;22m[90m [39m[90mmeter readings are ordered chronologically @ repetition 98 of 100[39m[90m                                           [39m [90m0.11s[39m  
  [32;1m✓[39;22m[90m [39m[90mmeter readings are ordered chronologically @ repetition 99 of 100[39m[90m                                           [39m [90m0.09s[39m  
  [32;1m✓[39;22m[90m [39m[90mmeter readings are ordered chronologically @ repetition 100 of 100[39m[90m                                          [39m [90m0.09s[39m  
  [32;1m✓[39;22m[90m [39m[90mtenants with multiple properties can filter by property @ repetition 1 of 100[39m[90m                               [39m [90m0.08s[39m  
  [32;1m✓[39;22m[90m [39m[90mtenants with multiple properties can filter by property @ repetition 2 of 100[39m[90m                               [39m [90m0.09s[39m  
  [32;1m✓[39;22m[90m [39m[90mtenants with multiple properties can filter by property @ repetition 3 of 100[39m[90m                               [39m [90m0.08s[39m  
  [32;1m✓[39;22m[90m [39m[90mtenants with multiple properties can filter by property @ repetition 4 of 100[39m[90m                               [39m [90m0.08s[39m  
  [32;1m✓[39;22m[90m [39m[90mtenants with multiple properties can filter by property @ repetition 5 of 100[39m[90m                               [39m [90m0.11s[39m  
  [32;1m✓[39;22m[90m [39m[90mtenants with multiple properties can filter by property @ repetition 6 of 100[39m[90m                               [39m [90m0.09s[39m  
  [32;1m✓[39;22m[90m [39m[90mtenants with multiple properties can filter by property @ repetition 7 of 100[39m[90m                               [39m [90m0.08s[39m  
  [32;1m✓[39;22m[90m [39m[90mtenants with multiple properties can filter by property @ repetition 8 of 100[39m[90m                               [39m [90m0.08s[39m  
  [32;1m✓[39;22m[90m [39m[90mtenants with multiple properties can filter by property @ repetition 9 of 100[39m[90m                               [39m [90m0.08s[39m  
  [32;1m✓[39;22m[90m [39m[90mtenants with multiple properties can filter by property @ repetition 10 of 100[39m[90m                              [39m [90m0.09s[39m  
  [32;1m✓[39;22m[90m [39m[90mtenants with multiple properties can filter by property @ repetition 11 of 100[39m[90m                              [39m [90m0.08s[39m  
  [32;1m✓[39;22m[90m [39m[90mtenants with multiple properties can filter by property @ repetition 12 of 100[39m[90m                              [39m [90m0.08s[39m  
  [32;1m✓[39;22m[90m [39m[90mtenants with multiple properties can filter by property @ repetition 13 of 100[39m[90m                              [39m [90m0.10s[39m  
  [32;1m✓[39;22m[90m [39m[90mtenants with multiple properties can filter by property @ repetition 14 of 100[39m[90m                              [39m [90m0.08s[39m  
  [32;1m✓[39;22m[90m [39m[90mtenants with multiple properties can filter by property @ repetition 15 of 100[39m[90m                              [39m [90m0.08s[39m  
  [32;1m✓[39;22m[90m [39m[90mtenants with multiple properties can filter by property @ repetition 16 of 100[39m[90m                              [39m [90m0.08s[39m  
  [32;1m✓[39;22m[90m [39m[90mtenants with multiple properties can filter by property @ repetition 17 of 100[39m[90m                              [39m [90m0.09s[39m  
  [32;1m✓[39;22m[90m [39m[90mtenants with multiple properties can filter by property @ repetition 18 of 100[39m[90m                              [39m [90m0.11s[39m  
  [32;1m✓[39;22m[90m [39m[90mtenants with multiple properties can filter by property @ repetition 19 of 100[39m[90m                              [39m [90m0.10s[39m  
  [32;1m✓[39;22m[90m [39m[90mtenants with multiple properties can filter by property @ repetition 20 of 100[39m[90m                              [39m [90m0.09s[39m  
  [32;1m✓[39;22m[90m [39m[90mtenants with multiple properties can filter by property @ repetition 21 of 100[39m[90m                              [39m [90m0.12s[39m  
  [32;1m✓[39;22m[90m [39m[90mtenants with multiple properties can filter by property @ repetition 22 of 100[39m[90m                              [39m [90m0.09s[39m  
  [32;1m✓[39;22m[90m [39m[90mtenants with multiple properties can filter by property @ repetition 23 of 100[39m[90m                              [39m [90m0.09s[39m  
  [32;1m✓[39;22m[90m [39m[90mtenants with multiple properties can filter by property @ repetition 24 of 100[39m[90m                              [39m [90m0.09s[39m  
  [32;1m✓[39;22m[90m [39m[90mtenants with multiple properties can filter by property @ repetition 25 of 100[39m[90m                              [39m [90m0.09s[39m  
  [32;1m✓[39;22m[90m [39m[90mtenants with multiple properties can filter by property @ repetition 26 of 100[39m[90m                              [39m [90m0.08s[39m  
  [32;1m✓[39;22m[90m [39m[90mtenants with multiple properties can filter by property @ repetition 27 of 100[39m[90m                              [39m [90m0.08s[39m  
  [32;1m✓[39;22m[90m [39m[90mtenants with multiple properties can filter by property @ repetition 28 of 100[39m[90m                              [39m [90m0.09s[39m  
  [32;1m✓[39;22m[90m [39m[90mtenants with multiple properties can filter by property @ repetition 29 of 100[39m[90m                              [39m [90m0.11s[39m  
  [32;1m✓[39;22m[90m [39m[90mtenants with multiple properties can filter by property @ repetition 30 of 100[39m[90m                              [39m [90m0.08s[39m  
  [32;1m✓[39;22m[90m [39m[90mtenants with multiple properties can filter by property @ repetition 31 of 100[39m[90m                              [39m [90m0.08s[39m  
  [32;1m✓[39;22m[90m [39m[90mtenants with multiple properties can filter by property @ repetition 32 of 100[39m[90m                              [39m [90m0.08s[39m  
  [32;1m✓[39;22m[90m [39m[90mtenants with multiple properties can filter by property @ repetition 33 of 100[39m[90m                              [39m [90m0.08s[39m  
  [32;1m✓[39;22m[90m [39m[90mtenants with multiple properties can filter by property @ repetition 34 of 100[39m[90m                              [39m [90m0.08s[39m  
  [32;1m✓[39;22m[90m [39m[90mtenants with multiple properties can filter by property @ repetition 35 of 100[39m[90m                              [39m [90m0.09s[39m  
  [32;1m✓[39;22m[90m [39m[90mtenants with multiple properties can filter by property @ repetition 36 of 100[39m[90m                              [39m [90m0.08s[39m  
  [32;1m✓[39;22m[90m [39m[90mtenants with multiple properties can filter by property @ repetition 37 of 100[39m[90m                              [39m [90m0.10s[39m  
  [32;1m✓[39;22m[90m [39m[90mtenants with multiple properties can filter by property @ repetition 38 of 100[39m[90m                              [39m [90m0.08s[39m  
  [32;1m✓[39;22m[90m [39m[90mtenants with multiple properties can filter by property @ repetition 39 of 100[39m[90m                              [39m [90m0.09s[39m  
  [32;1m✓[39;22m[90m [39m[90mtenants with multiple properties can filter by property @ repetition 40 of 100[39m[90m                              [39m [90m0.09s[39m  
  [32;1m✓[39;22m[90m [39m[90mtenants with multiple properties can filter by property @ repetition 41 of 100[39m[90m                              [39m [90m0.09s[39m  
  [32;1m✓[39;22m[90m [39m[90mtenants with multiple properties can filter by property @ repetition 42 of 100[39m[90m                              [39m [90m0.08s[39m  
  [32;1m✓[39;22m[90m [39m[90mtenants with multiple properties can filter by property @ repetition 43 of 100[39m[90m                              [39m [90m0.08s[39m  
  [32;1m✓[39;22m[90m [39m[90mtenants with multiple properties can filter by property @ repetition 44 of 100[39m[90m                              [39m [90m0.10s[39m  
  [32;1m✓[39;22m[90m [39m[90mtenants with multiple properties can filter by property @ repetition 45 of 100[39m[90m                              [39m [90m0.12s[39m  
  [32;1m✓[39;22m[90m [39m[90mtenants with multiple properties can filter by property @ repetition 46 of 100[39m[90m                              [39m [90m0.10s[39m  
  [32;1m✓[39;22m[90m [39m[90mtenants with multiple properties can filter by property @ repetition 47 of 100[39m[90m                              [39m [90m0.12s[39m  
  [32;1m✓[39;22m[90m [39m[90mtenants with multiple properties can filter by property @ repetition 48 of 100[39m[90m                              [39m [90m0.11s[39m  
  [32;1m✓[39;22m[90m [39m[90mtenants with multiple properties can filter by property @ repetition 49 of 100[39m[90m                              [39m [90m0.10s[39m  
  [32;1m✓[39;22m[90m [39m[90mtenants with multiple properties can filter by property @ repetition 50 of 100[39m[90m                              [39m [90m0.10s[39m  
  [32;1m✓[39;22m[90m [39m[90mtenants with multiple properties can filter by property @ repetition 51 of 100[39m[90m                              [39m [90m0.09s[39m  
  [32;1m✓[39;22m[90m [39m[90mtenants with multiple properties can filter by property @ repetition 52 of 100[39m[90m                              [39m [90m0.09s[39m  
  [32;1m✓[39;22m[90m [39m[90mtenants with multiple properties can filter by property @ repetition 53 of 100[39m[90m                              [39m [90m0.11s[39m  
  [32;1m✓[39;22m[90m [39m[90mtenants with multiple properties can filter by property @ repetition 54 of 100[39m[90m                              [39m [90m0.08s[39m  
  [32;1m✓[39;22m[90m [39m[90mtenants with multiple properties can filter by property @ repetition 55 of 100[39m[90m                              [39m [90m0.09s[39m  
  [32;1m✓[39;22m[90m [39m[90mtenants with multiple properties can filter by property @ repetition 56 of 100[39m[90m                              [39m [90m0.08s[39m  
  [32;1m✓[39;22m[90m [39m[90mtenants with multiple properties can filter by property @ repetition 57 of 100[39m[90m                              [39m [90m0.08s[39m  
  [32;1m✓[39;22m[90m [39m[90mtenants with multiple properties can filter by property @ repetition 58 of 100[39m[90m                              [39m [90m0.08s[39m  
  [32;1m✓[39;22m[90m [39m[90mtenants with multiple properties can filter by property @ repetition 59 of 100[39m[90m                              [39m [90m0.08s[39m  
  [32;1m✓[39;22m[90m [39m[90mtenants with multiple properties can filter by property @ repetition 60 of 100[39m[90m                              [39m [90m0.08s[39m  
  [32;1m✓[39;22m[90m [39m[90mtenants with multiple properties can filter by property @ repetition 61 of 100[39m[90m                              [39m [90m0.10s[39m  
  [32;1m✓[39;22m[90m [39m[90mtenants with multiple properties can filter by property @ repetition 62 of 100[39m[90m                              [39m [90m0.08s[39m  
  [32;1m✓[39;22m[90m [39m[90mtenants with multiple properties can filter by property @ repetition 63 of 100[39m[90m                              [39m [90m0.08s[39m  
  [32;1m✓[39;22m[90m [39m[90mtenants with multiple properties can filter by property @ repetition 64 of 100[39m[90m                              [39m [90m0.08s[39m  
  [32;1m✓[39;22m[90m [39m[90mtenants with multiple properties can filter by property @ repetition 65 of 100[39m[90m                              [39m [90m0.08s[39m  
  [32;1m✓[39;22m[90m [39m[90mtenants with multiple properties can filter by property @ repetition 66 of 100[39m[90m                              [39m [90m0.08s[39m  
  [32;1m✓[39;22m[90m [39m[90mtenants with multiple properties can filter by property @ repetition 67 of 100[39m[90m                              [39m [90m0.08s[39m  
  [32;1m✓[39;22m[90m [39m[90mtenants with multiple properties can filter by property @ repetition 68 of 100[39m[90m                              [39m [90m0.08s[39m  
  [32;1m✓[39;22m[90m [39m[90mtenants with multiple properties can filter by property @ repetition 69 of 100[39m[90m                              [39m [90m0.10s[39m  
  [32;1m✓[39;22m[90m [39m[90mtenants with multiple properties can filter by property @ repetition 70 of 100[39m[90m                              [39m [90m0.08s[39m  
  [32;1m✓[39;22m[90m [39m[90mtenants with multiple properties can filter by property @ repetition 71 of 100[39m[90m                              [39m [90m0.08s[39m  
  [32;1m✓[39;22m[90m [39m[90mtenants with multiple properties can filter by property @ repetition 72 of 100[39m[90m                              [39m [90m0.08s[39m  
  [32;1m✓[39;22m[90m [39m[90mtenants with multiple properties can filter by property @ repetition 73 of 100[39m[90m                              [39m [90m0.08s[39m  
  [32;1m✓[39;22m[90m [39m[90mtenants with multiple properties can filter by property @ repetition 74 of 100[39m[90m                              [39m [90m0.08s[39m  
  [32;1m✓[39;22m[90m [39m[90mtenants with multiple properties can filter by property @ repetition 75 of 100[39m[90m                              [39m [90m0.08s[39m  
  [32;1m✓[39;22m[90m [39m[90mtenants with multiple properties can filter by property @ repetition 76 of 100[39m[90m                              [39m [90m0.08s[39m  
  [32;1m✓[39;22m[90m [39m[90mtenants with multiple properties can filter by property @ repetition 77 of 100[39m[90m                              [39m [90m0.10s[39m  
  [32;1m✓[39;22m[90m [39m[90mtenants with multiple properties can filter by property @ repetition 78 of 100[39m[90m                              [39m [90m0.08s[39m  
  [32;1m✓[39;22m[90m [39m[90mtenants with multiple properties can filter by property @ repetition 79 of 100[39m[90m                              [39m [90m0.08s[39m  
  [32;1m✓[39;22m[90m [39m[90mtenants with multiple properties can filter by property @ repetition 80 of 100[39m[90m                              [39m [90m0.08s[39m  
  [32;1m✓[39;22m[90m [39m[90mtenants with multiple properties can filter by property @ repetition 81 of 100[39m[90m                              [39m [90m0.08s[39m  
  [32;1m✓[39;22m[90m [39m[90mtenants with multiple properties can filter by property @ repetition 82 of 100[39m[90m                              [39m [90m0.08s[39m  
  [32;1m✓[39;22m[90m [39m[90mtenants with multiple properties can filter by property @ repetition 83 of 100[39m[90m                              [39m [90m0.08s[39m  
  [32;1m✓[39;22m[90m [39m[90mtenants with multiple properties can filter by property @ repetition 84 of 100[39m[90m                              [39m [90m0.08s[39m  
  [32;1m✓[39;22m[90m [39m[90mtenants with multiple properties can filter by property @ repetition 85 of 100[39m[90m                              [39m [90m0.10s[39m  
  [32;1m✓[39;22m[90m [39m[90mtenants with multiple properties can filter by property @ repetition 86 of 100[39m[90m                              [39m [90m0.08s[39m  
  [32;1m✓[39;22m[90m [39m[90mtenants with multiple properties can filter by property @ repetition 87 of 100[39m[90m                              [39m [90m0.08s[39m  
  [32;1m✓[39;22m[90m [39m[90mtenants with multiple properties can filter by property @ repetition 88 of 100[39m[90m                              [39m [90m0.08s[39m  
  [32;1m✓[39;22m[90m [39m[90mtenants with multiple properties can filter by property @ repetition 89 of 100[39m[90m                              [39m [90m0.08s[39m  
  [32;1m✓[39;22m[90m [39m[90mtenants with multiple properties can filter by property @ repetition 90 of 100[39m[90m                              [39m [90m0.08s[39m  
  [32;1m✓[39;22m[90m [39m[90mtenants with multiple properties can filter by property @ repetition 91 of 100[39m[90m                              [39m [90m0.08s[39m  
  [32;1m✓[39;22m[90m [39m[90mtenants with multiple properties can filter by property @ repetition 92 of 100[39m[90m                              [39m [90m0.08s[39m  
  [32;1m✓[39;22m[90m [39m[90mtenants with multiple properties can filter by property @ repetition 93 of 100[39m[90m                              [39m [90m0.10s[39m  
  [32;1m✓[39;22m[90m [39m[90mtenants with multiple properties can filter by property @ repetition 94 of 100[39m[90m                              [39m [90m0.08s[39m  
  [32;1m✓[39;22m[90m [39m[90mtenants with multiple properties can filter by property @ repetition 95 of 100[39m[90m                              [39m [90m0.09s[39m  
  [32;1m✓[39;22m[90m [39m[90mtenants with multiple properties can filter by property @ repetition 96 of 100[39m[90m                              [39m [90m0.08s[39m  
  [32;1m✓[39;22m[90m [39m[90mtenants with multiple properties can filter by property @ repetition 97 of 100[39m[90m                              [39m [90m0.08s[39m  
  [32;1m✓[39;22m[90m [39m[90mtenants with multiple properties can filter by property @ repetition 98 of 100[39m[90m                              [39m [90m0.09s[39m  
  [32;1m✓[39;22m[90m [39m[90mtenants with multiple properties can filter by property @ repetition 99 of 100[39m[90m                              [39m [90m0.09s[39m  
  [32;1m✓[39;22m[90m [39m[90mtenants with multiple properties can filter by property @ repetition 100 of 100[39m[90m                             [39m [90m0.09s[39m  
  [32;1m✓[39;22m[90m [39m[90mtime-of-use tariffs validate zone coverage @ repetition 1 of 100[39m[90m                                            [39m [90m0.11s[39m  
  [32;1m✓[39;22m[90m [39m[90mtime-of-use tariffs validate zone coverage @ repetition 2 of 100[39m[90m                                            [39m [90m0.09s[39m  
  [32;1m✓[39;22m[90m [39m[90mtime-of-use tariffs validate zone coverage @ repetition 3 of 100[39m[90m                                            [39m [90m0.08s[39m  
  [32;1m✓[39;22m[90m [39m[90mtime-of-use tariffs validate zone coverage @ repetition 4 of 100[39m[90m                                            [39m [90m0.08s[39m  
  [32;1m✓[39;22m[90m [39m[90mtime-of-use tariffs validate zone coverage @ repetition 5 of 100[39m[90m                                            [39m [90m0.08s[39m  
  [32;1m✓[39;22m[90m [39m[90mtime-of-use tariffs validate zone coverage @ repetition 6 of 100[39m[90m                                            [39m [90m0.08s[39m  
  [32;1m✓[39;22m[90m [39m[90mtime-of-use tariffs validate zone coverage @ repetition 7 of 100[39m[90m                                            [39m [90m0.08s[39m  
  [32;1m✓[39;22m[90m [39m[90mtime-of-use tariffs validate zone coverage @ repetition 8 of 100[39m[90m                                            [39m [90m0.08s[39m  
  [32;1m✓[39;22m[90m [39m[90mtime-of-use tariffs validate zone coverage @ repetition 9 of 100[39m[90m                                            [39m [90m0.10s[39m  
  [32;1m✓[39;22m[90m [39m[90mtime-of-use tariffs validate zone coverage @ repetition 10 of 100[39m[90m                                           [39m [90m0.08s[39m  
  [32;1m✓[39;22m[90m [39m[90mtime-of-use tariffs validate zone coverage @ repetition 11 of 100[39m[90m                                           [39m [90m0.08s[39m  
  [32;1m✓[39;22m[90m [39m[90mtime-of-use tariffs validate zone coverage @ repetition 12 of 100[39m[90m                                           [39m [90m0.08s[39m  
  [32;1m✓[39;22m[90m [39m[90mtime-of-use tariffs validate zone coverage @ repetition 13 of 100[39m[90m                                           [39m [90m0.08s[39m  
  [32;1m✓[39;22m[90m [39m[90mtime-of-use tariffs validate zone coverage @ repetition 14 of 100[39m[90m                                           [39m [90m0.08s[39m  
  [32;1m✓[39;22m[90m [39m[90mtime-of-use tariffs validate zone coverage @ repetition 15 of 100[39m[90m                                           [39m [90m0.08s[39m  
  [32;1m✓[39;22m[90m [39m[90mtime-of-use tariffs validate zone coverage @ repetition 16 of 100[39m[90m                                           [39m [90m0.08s[39m  
  [32;1m✓[39;22m[90m [39m[90mtime-of-use tariffs validate zone coverage @ repetition 17 of 100[39m[90m                                           [39m [90m0.10s[39m  
  [32;1m✓[39;22m[90m [39m[90mtime-of-use tariffs validate zone coverage @ repetition 18 of 100[39m[90m                                           [39m [90m0.08s[39m  
  [32;1m✓[39;22m[90m [39m[90mtime-of-use tariffs validate zone coverage @ repetition 19 of 100[39m[90m                                           [39m [90m0.08s[39m  
  [32;1m✓[39;22m[90m [39m[90mtime-of-use tariffs validate zone coverage @ repetition 20 of 100[39m[90m                                           [39m [90m0.08s[39m  
  [32;1m✓[39;22m[90m [39m[90mtime-of-use tariffs validate zone coverage @ repetition 21 of 100[39m[90m                                           [39m [90m0.08s[39m  
  [32;1m✓[39;22m[90m [39m[90mtime-of-use tariffs validate zone coverage @ repetition 22 of 100[39m[90m                                           [39m [90m0.08s[39m  
  [32;1m✓[39;22m[90m [39m[90mtime-of-use tariffs validate zone coverage @ repetition 23 of 100[39m[90m                                           [39m [90m0.08s[39m  
  [32;1m✓[39;22m[90m [39m[90mtime-of-use tariffs validate zone coverage @ repetition 24 of 100[39m[90m                                           [39m [90m0.08s[39m  
  [32;1m✓[39;22m[90m [39m[90mtime-of-use tariffs validate zone coverage @ repetition 25 of 100[39m[90m                                           [39m [90m0.10s[39m  
  [32;1m✓[39;22m[90m [39m[90mtime-of-use tariffs validate zone coverage @ repetition 26 of 100[39m[90m                                           [39m [90m0.08s[39m  
  [32;1m✓[39;22m[90m [39m[90mtime-of-use tariffs validate zone coverage @ repetition 27 of 100[39m[90m                                           [39m [90m0.08s[39m  
  [32;1m✓[39;22m[90m [39m[90mtime-of-use tariffs validate zone coverage @ repetition 28 of 100[39m[90m                                           [39m [90m0.08s[39m  
  [32;1m✓[39;22m[90m [39m[90mtime-of-use tariffs validate zone coverage @ repetition 29 of 100[39m[90m                                           [39m [90m0.08s[39m  
  [32;1m✓[39;22m[90m [39m[90mtime-of-use tariffs validate zone coverage @ repetition 30 of 100[39m[90m                                           [39m [90m0.08s[39m  
  [32;1m✓[39;22m[90m [39m[90mtime-of-use tariffs validate zone coverage @ repetition 31 of 100[39m[90m                                           [39m [90m0.09s[39m  
  [32;1m✓[39;22m[90m [39m[90mtime-of-use tariffs validate zone coverage @ repetition 32 of 100[39m[90m                                           [39m [90m0.08s[39m  
  [32;1m✓[39;22m[90m [39m[90mtime-of-use tariffs validate zone coverage @ repetition 33 of 100[39m[90m                                           [39m [90m0.11s[39m  
  [32;1m✓[39;22m[90m [39m[90mtime-of-use tariffs validate zone coverage @ repetition 34 of 100[39m[90m                                           [39m [90m0.10s[39m  
  [32;1m✓[39;22m[90m [39m[90mtime-of-use tariffs validate zone coverage @ repetition 35 of 100[39m[90m                                           [39m [90m0.10s[39m  
  [32;1m✓[39;22m[90m [39m[90mtime-of-use tariffs validate zone coverage @ repetition 36 of 100[39m[90m                                           [39m [90m0.11s[39m  
  [32;1m✓[39;22m[90m [39m[90mtime-of-use tariffs validate zone coverage @ repetition 37 of 100[39m[90m                                           [39m [90m0.11s[39m  
  [32;1m✓[39;22m[90m [39m[90mtime-of-use tariffs validate zone coverage @ repetition 38 of 100[39m[90m                                           [39m [90m0.11s[39m  
  [32;1m✓[39;22m[90m [39m[90mtime-of-use tariffs validate zone coverage @ repetition 39 of 100[39m[90m                                           [39m [90m0.12s[39m  
  [32;1m✓[39;22m[90m [39m[90mtime-of-use tariffs validate zone coverage @ repetition 40 of 100[39m[90m                                           [39m [90m0.11s[39m  
  [32;1m✓[39;22m[90m [39m[90mtime-of-use tariffs validate zone coverage @ repetition 41 of 100[39m[90m                                           [39m [90m0.14s[39m  
  [32;1m✓[39;22m[90m [39m[90mtime-of-use tariffs validate zone coverage @ repetition 42 of 100[39m[90m                                           [39m [90m0.11s[39m  
  [32;1m✓[39;22m[90m [39m[90mtime-of-use tariffs validate zone coverage @ repetition 43 of 100[39m[90m                                           [39m [90m0.15s[39m  
  [32;1m✓[39;22m[90m [39m[90mtime-of-use tariffs validate zone coverage @ repetition 44 of 100[39m[90m                                           [39m [90m0.13s[39m  
  [32;1m✓[39;22m[90m [39m[90mtime-of-use tariffs validate zone coverage @ repetition 45 of 100[39m[90m                                           [39m [90m0.11s[39m  
  [32;1m✓[39;22m[90m [39m[90mtime-of-use tariffs validate zone coverage @ repetition 46 of 100[39m[90m                                           [39m [90m0.11s[39m  
  [32;1m✓[39;22m[90m [39m[90mtime-of-use tariffs validate zone coverage @ repetition 47 of 100[39m[90m                                           [39m [90m0.10s[39m  
  [32;1m✓[39;22m[90m [39m[90mtime-of-use tariffs validate zone coverage @ repetition 48 of 100[39m[90m                                           [39m [90m0.10s[39m  
  [32;1m✓[39;22m[90m [39m[90mtime-of-use tariffs validate zone coverage @ repetition 49 of 100[39m[90m                                           [39m [90m0.12s[39m  
  [32;1m✓[39;22m[90m [39m[90mtime-of-use tariffs validate zone coverage @ repetition 50 of 100[39m[90m                                           [39m [90m0.10s[39m  
  [32;1m✓[39;22m[90m [39m[90mtime-of-use tariffs validate zone coverage @ repetition 51 of 100[39m[90m                                           [39m [90m0.10s[39m  
  [32;1m✓[39;22m[90m [39m[90mtime-of-use tariffs validate zone coverage @ repetition 52 of 100[39m[90m                                           [39m [90m0.10s[39m  
  [32;1m✓[39;22m[90m [39m[90mtime-of-use tariffs validate zone coverage @ repetition 53 of 100[39m[90m                                           [39m [90m0.09s[39m  
  [32;1m✓[39;22m[90m [39m[90mtime-of-use tariffs validate zone coverage @ repetition 54 of 100[39m[90m                                           [39m [90m0.09s[39m  
  [32;1m✓[39;22m[90m [39m[90mtime-of-use tariffs validate zone coverage @ repetition 55 of 100[39m[90m                                           [39m [90m0.09s[39m  
  [32;1m✓[39;22m[90m [39m[90mtime-of-use tariffs validate zone coverage @ repetition 56 of 100[39m[90m                                           [39m [90m0.10s[39m  
  [32;1m✓[39;22m[90m [39m[90mtime-of-use tariffs validate zone coverage @ repetition 57 of 100[39m[90m                                           [39m [90m0.11s[39m  
  [32;1m✓[39;22m[90m [39m[90mtime-of-use tariffs validate zone coverage @ repetition 58 of 100[39m[90m                                           [39m [90m0.09s[39m  
  [32;1m✓[39;22m[90m [39m[90mtime-of-use tariffs validate zone coverage @ repetition 59 of 100[39m[90m                                           [39m [90m0.09s[39m  
  [32;1m✓[39;22m[90m [39m[90mtime-of-use tariffs validate zone coverage @ repetition 60 of 100[39m[90m                                           [39m [90m0.09s[39m  
  [32;1m✓[39;22m[90m [39m[90mtime-of-use tariffs validate zone coverage @ repetition 61 of 100[39m[90m                                           [39m [90m0.09s[39m  
  [32;1m✓[39;22m[90m [39m[90mtime-of-use tariffs validate zone coverage @ repetition 62 of 100[39m[90m                                           [39m [90m0.08s[39m  
  [32;1m✓[39;22m[90m [39m[90mtime-of-use tariffs validate zone coverage @ repetition 63 of 100[39m[90m                                           [39m [90m0.08s[39m  
  [32;1m✓[39;22m[90m [39m[90mtime-of-use tariffs validate zone coverage @ repetition 64 of 100[39m[90m                                           [39m [90m0.08s[39m  
  [32;1m✓[39;22m[90m [39m[90mtime-of-use tariffs validate zone coverage @ repetition 65 of 100[39m[90m                                           [39m [90m0.10s[39m  
  [32;1m✓[39;22m[90m [39m[90mtime-of-use tariffs validate zone coverage @ repetition 66 of 100[39m[90m                                           [39m [90m0.08s[39m  
  [32;1m✓[39;22m[90m [39m[90mtime-of-use tariffs validate zone coverage @ repetition 67 of 100[39m[90m                                           [39m [90m0.08s[39m  
  [32;1m✓[39;22m[90m [39m[90mtime-of-use tariffs validate zone coverage @ repetition 68 of 100[39m[90m                                           [39m [90m0.08s[39m  
  [32;1m✓[39;22m[90m [39m[90mtime-of-use tariffs validate zone coverage @ repetition 69 of 100[39m[90m                                           [39m [90m0.08s[39m  
  [32;1m✓[39;22m[90m [39m[90mtime-of-use tariffs validate zone coverage @ repetition 70 of 100[39m[90m                                           [39m [90m0.07s[39m  
  [32;1m✓[39;22m[90m [39m[90mtime-of-use tariffs validate zone coverage @ repetition 71 of 100[39m[90m                                           [39m [90m0.08s[39m  
  [32;1m✓[39;22m[90m [39m[90mtime-of-use tariffs validate zone coverage @ repetition 72 of 100[39m[90m                                           [39m [90m0.08s[39m  
  [32;1m✓[39;22m[90m [39m[90mtime-of-use tariffs validate zone coverage @ repetition 73 of 100[39m[90m                                           [39m [90m0.09s[39m  
  [32;1m✓[39;22m[90m [39m[90mtime-of-use tariffs validate zone coverage @ repetition 74 of 100[39m[90m                                           [39m [90m0.08s[39m  
  [32;1m✓[39;22m[90m [39m[90mtime-of-use tariffs validate zone coverage @ repetition 75 of 100[39m[90m                                           [39m [90m0.08s[39m  
  [32;1m✓[39;22m[90m [39m[90mtime-of-use tariffs validate zone coverage @ repetition 76 of 100[39m[90m                                           [39m [90m0.07s[39m  
  [32;1m✓[39;22m[90m [39m[90mtime-of-use tariffs validate zone coverage @ repetition 77 of 100[39m[90m                                           [39m [90m0.08s[39m  
  [32;1m✓[39;22m[90m [39m[90mtime-of-use tariffs validate zone coverage @ repetition 78 of 100[39m[90m                                           [39m [90m0.09s[39m  
  [32;1m✓[39;22m[90m [39m[90mtime-of-use tariffs validate zone coverage @ repetition 79 of 100[39m[90m                                           [39m [90m0.08s[39m  
  [32;1m✓[39;22m[90m [39m[90mtime-of-use tariffs validate zone coverage @ repetition 80 of 100[39m[90m                                           [39m [90m0.08s[39m  
  [32;1m✓[39;22m[90m [39m[90mtime-of-use tariffs validate zone coverage @ repetition 81 of 100[39m[90m                                           [39m [90m0.11s[39m  
  [32;1m✓[39;22m[90m [39m[90mtime-of-use tariffs validate zone coverage @ repetition 82 of 100[39m[90m                                           [39m [90m0.08s[39m  
  [32;1m✓[39;22m[90m [39m[90mtime-of-use tariffs validate zone coverage @ repetition 83 of 100[39m[90m                                           [39m [90m0.10s[39m  
  [32;1m✓[39;22m[90m [39m[90mtime-of-use tariffs validate zone coverage @ repetition 84 of 100[39m[90m                                           [39m [90m0.11s[39m  
  [32;1m✓[39;22m[90m [39m[90mtime-of-use tariffs validate zone coverage @ repetition 85 of 100[39m[90m                                           [39m [90m0.10s[39m  
  [32;1m✓[39;22m[90m [39m[90mtime-of-use tariffs validate zone coverage @ repetition 86 of 100[39m[90m                                           [39m [90m0.11s[39m  
  [32;1m✓[39;22m[90m [39m[90mtime-of-use tariffs validate zone coverage @ repetition 87 of 100[39m[90m                                           [39m [90m0.11s[39m  
  [32;1m✓[39;22m[90m [39m[90mtime-of-use tariffs validate zone coverage @ repetition 88 of 100[39m[90m                                           [39m [90m0.10s[39m  
  [32;1m✓[39;22m[90m [39m[90mtime-of-use tariffs validate zone coverage @ repetition 89 of 100[39m[90m                                           [39m [90m0.13s[39m  
  [32;1m✓[39;22m[90m [39m[90mtime-of-use tariffs validate zone coverage @ repetition 90 of 100[39m[90m                                           [39m [90m0.11s[39m  
  [32;1m✓[39;22m[90m [39m[90mtime-of-use tariffs validate zone coverage @ repetition 91 of 100[39m[90m                                           [39m [90m0.11s[39m  
  [32;1m✓[39;22m[90m [39m[90mtime-of-use tariffs validate zone coverage @ repetition 92 of 100[39m[90m                                           [39m [90m0.11s[39m  
  [32;1m✓[39;22m[90m [39m[90mtime-of-use tariffs validate zone coverage @ repetition 93 of 100[39m[90m                                           [39m [90m0.11s[39m  
  [32;1m✓[39;22m[90m [39m[90mtime-of-use tariffs validate zone coverage @ repetition 94 of 100[39m[90m                                           [39m [90m0.12s[39m  
  [32;1m✓[39;22m[90m [39m[90mtime-of-use tariffs validate zone coverage @ repetition 95 of 100[39m[90m                                           [39m [90m0.11s[39m  
  [32;1m✓[39;22m[90m [39m[90mtime-of-use tariffs validate zone coverage @ repetition 96 of 100[39m[90m                                           [39m [90m0.11s[39m  
  [32;1m✓[39;22m[90m [39m[90mtime-of-use tariffs validate zone coverage @ repetition 97 of 100[39m[90m                                           [39m [90m0.11s[39m  
  [32;1m✓[39;22m[90m [39m[90mtime-of-use tariffs validate zone coverage @ repetition 98 of 100[39m[90m                                           [39m [90m0.09s[39m  
  [32;1m✓[39;22m[90m [39m[90mtime-of-use tariffs validate zone coverage @ repetition 99 of 100[39m[90m                                           [39m [90m0.09s[39m  
  [32;1m✓[39;22m[90m [39m[90mtime-of-use tariffs validate zone coverage @ repetition 100 of 100[39m[90m                                          [39m [90m0.08s[39m  
  [32;1m✓[39;22m[90m [39m[90mtariff resolver selects active tariff for date @ repetition 1 of 100[39m[90m                                        [39m [90m0.08s[39m  
  [32;1m✓[39;22m[90m [39m[90mtariff resolver selects active tariff for date @ repetition 2 of 100[39m[90m                                        [39m [90m0.08s[39m  
  [32;1m✓[39;22m[90m [39m[90mtariff resolver selects active tariff for date @ repetition 3 of 100[39m[90m                                        [39m [90m0.08s[39m  
  [32;1m✓[39;22m[90m [39m[90mtariff resolver selects active tariff for date @ repetition 4 of 100[39m[90m                                        [39m [90m0.08s[39m  
  [32;1m✓[39;22m[90m [39m[90mtariff resolver selects active tariff for date @ repetition 5 of 100[39m[90m                                        [39m [90m0.10s[39m  
  [32;1m✓[39;22m[90m [39m[90mtariff resolver selects active tariff for date @ repetition 6 of 100[39m[90m                                        [39m [90m0.08s[39m  
  [32;1m✓[39;22m[90m [39m[90mtariff resolver selects active tariff for date @ repetition 7 of 100[39m[90m                                        [39m [90m0.08s[39m  
  [32;1m✓[39;22m[90m [39m[90mtariff resolver selects active tariff for date @ repetition 8 of 100[39m[90m                                        [39m [90m0.08s[39m  
  [32;1m✓[39;22m[90m [39m[90mtariff resolver selects active tariff for date @ repetition 9 of 100[39m[90m                                        [39m [90m0.08s[39m  
  [32;1m✓[39;22m[90m [39m[90mtariff resolver selects active tariff for date @ repetition 10 of 100[39m[90m                                       [39m [90m0.09s[39m  
  [32;1m✓[39;22m[90m [39m[90mtariff resolver selects active tariff for date @ repetition 11 of 100[39m[90m                                       [39m [90m0.08s[39m  
  [32;1m✓[39;22m[90m [39m[90mtariff resolver selects active tariff for date @ repetition 12 of 100[39m[90m                                       [39m [90m0.09s[39m  
  [32;1m✓[39;22m[90m [39m[90mtariff resolver selects active tariff for date @ repetition 13 of 100[39m[90m                                       [39m [90m0.11s[39m  
  [32;1m✓[39;22m[90m [39m[90mtariff resolver selects active tariff for date @ repetition 14 of 100[39m[90m                                       [39m [90m0.08s[39m  
  [32;1m✓[39;22m[90m [39m[90mtariff resolver selects active tariff for date @ repetition 15 of 100[39m[90m                                       [39m [90m0.09s[39m  
  [32;1m✓[39;22m[90m [39m[90mtariff resolver selects active tariff for date @ repetition 16 of 100[39m[90m                                       [39m [90m0.08s[39m  
  [32;1m✓[39;22m[90m [39m[90mtariff resolver selects active tariff for date @ repetition 17 of 100[39m[90m                                       [39m [90m0.08s[39m  
  [32;1m✓[39;22m[90m [39m[90mtariff resolver selects active tariff for date @ repetition 18 of 100[39m[90m                                       [39m [90m0.08s[39m  
  [32;1m✓[39;22m[90m [39m[90mtariff resolver selects active tariff for date @ repetition 19 of 100[39m[90m                                       [39m [90m0.08s[39m  
  [32;1m✓[39;22m[90m [39m[90mtariff resolver selects active tariff for date @ repetition 20 of 100[39m[90m                                       [39m [90m0.08s[39m  
  [32;1m✓[39;22m[90m [39m[90mtariff resolver selects active tariff for date @ repetition 21 of 100[39m[90m                                       [39m [90m0.10s[39m  
  [32;1m✓[39;22m[90m [39m[90mtariff resolver selects active tariff for date @ repetition 22 of 100[39m[90m                                       [39m [90m0.08s[39m  
  [32;1m✓[39;22m[90m [39m[90mtariff resolver selects active tariff for date @ repetition 23 of 100[39m[90m                                       [39m [90m0.08s[39m  
  [32;1m✓[39;22m[90m [39m[90mtariff resolver selects active tariff for date @ repetition 24 of 100[39m[90m                                       [39m [90m0.08s[39m  
  [32;1m✓[39;22m[90m [39m[90mtariff resolver selects active tariff for date @ repetition 25 of 100[39m[90m                                       [39m [90m0.08s[39m  
  [32;1m✓[39;22m[90m [39m[90mtariff resolver selects active tariff for date @ repetition 26 of 100[39m[90m                                       [39m [90m0.08s[39m  
  [32;1m✓[39;22m[90m [39m[90mtariff resolver selects active tariff for date @ repetition 27 of 100[39m[90m                                       [39m [90m0.08s[39m  
  [32;1m✓[39;22m[90m [39m[90mtariff resolver selects active tariff for date @ repetition 28 of 100[39m[90m                                       [39m [90m0.08s[39m  
  [32;1m✓[39;22m[90m [39m[90mtariff resolver selects active tariff for date @ repetition 29 of 100[39m[90m                                       [39m [90m0.10s[39m  
  [32;1m✓[39;22m[90m [39m[90mtariff resolver selects active tariff for date @ repetition 30 of 100[39m[90m                                       [39m [90m0.08s[39m  
  [32;1m✓[39;22m[90m [39m[90mtariff resolver selects active tariff for date @ repetition 31 of 100[39m[90m                                       [39m [90m0.08s[39m  
  [32;1m✓[39;22m[90m [39m[90mtariff resolver selects active tariff for date @ repetition 32 of 100[39m[90m                                       [39m [90m0.08s[39m  
  [32;1m✓[39;22m[90m [39m[90mtariff resolver selects active tariff for date @ repetition 33 of 100[39m[90m                                       [39m [90m0.08s[39m  
  [32;1m✓[39;22m[90m [39m[90mtariff resolver selects active tariff for date @ repetition 34 of 100[39m[90m                                       [39m [90m0.08s[39m  
  [32;1m✓[39;22m[90m [39m[90mtariff resolver selects active tariff for date @ repetition 35 of 100[39m[90m                                       [39m [90m0.08s[39m  
  [32;1m✓[39;22m[90m [39m[90mtariff resolver selects active tariff for date @ repetition 36 of 100[39m[90m                                       [39m [90m0.08s[39m  
  [32;1m✓[39;22m[90m [39m[90mtariff resolver selects active tariff for date @ repetition 37 of 100[39m[90m                                       [39m [90m0.10s[39m  
  [32;1m✓[39;22m[90m [39m[90mtariff resolver selects active tariff for date @ repetition 38 of 100[39m[90m                                       [39m [90m0.08s[39m  
  [32;1m✓[39;22m[90m [39m[90mtariff resolver selects active tariff for date @ repetition 39 of 100[39m[90m                                       [39m [90m0.08s[39m  
  [32;1m✓[39;22m[90m [39m[90mtariff resolver selects active tariff for date @ repetition 40 of 100[39m[90m                                       [39m [90m0.08s[39m  
  [32;1m✓[39;22m[90m [39m[90mtariff resolver selects active tariff for date @ repetition 41 of 100[39m[90m                                       [39m [90m0.08s[39m  
  [32;1m✓[39;22m[90m [39m[90mtariff resolver selects active tariff for date @ repetition 42 of 100[39m[90m                                       [39m [90m0.08s[39m  
  [32;1m✓[39;22m[90m [39m[90mtariff resolver selects active tariff for date @ repetition 43 of 100[39m[90m                                       [39m [90m0.08s[39m  
  [32;1m✓[39;22m[90m [39m[90mtariff resolver selects active tariff for date @ repetition 44 of 100[39m[90m                                       [39m [90m0.08s[39m  
  [32;1m✓[39;22m[90m [39m[90mtariff resolver selects active tariff for date @ repetition 45 of 100[39m[90m                                       [39m [90m0.10s[39m  
  [32;1m✓[39;22m[90m [39m[90mtariff resolver selects active tariff for date @ repetition 46 of 100[39m[90m                                       [39m [90m0.08s[39m  
  [32;1m✓[39;22m[90m [39m[90mtariff resolver selects active tariff for date @ repetition 47 of 100[39m[90m                                       [39m [90m0.08s[39m  
  [32;1m✓[39;22m[90m [39m[90mtariff resolver selects active tariff for date @ repetition 48 of 100[39m[90m                                       [39m [90m0.08s[39m  
  [32;1m✓[39;22m[90m [39m[90mtariff resolver selects active tariff for date @ repetition 49 of 100[39m[90m                                       [39m [90m0.08s[39m  
  [32;1m✓[39;22m[90m [39m[90mtariff resolver selects active tariff for date @ repetition 50 of 100[39m[90m                                       [39m [90m0.08s[39m  
  [32;1m✓[39;22m[90m [39m[90mtariff resolver selects active tariff for date @ repetition 51 of 100[39m[90m                                       [39m [90m0.08s[39m  
  [32;1m✓[39;22m[90m [39m[90mtariff resolver selects active tariff for date @ repetition 52 of 100[39m[90m                                       [39m [90m0.08s[39m  
  [32;1m✓[39;22m[90m [39m[90mtariff resolver selects active tariff for date @ repetition 53 of 100[39m[90m                                       [39m [90m0.10s[39m  
  [32;1m✓[39;22m[90m [39m[90mtariff resolver selects active tariff for date @ repetition 54 of 100[39m[90m                                       [39m [90m0.08s[39m  
  [32;1m✓[39;22m[90m [39m[90mtariff resolver selects active tariff for date @ repetition 55 of 100[39m[90m                                       [39m [90m0.08s[39m  
  [32;1m✓[39;22m[90m [39m[90mtariff resolver selects active tariff for date @ repetition 56 of 100[39m[90m                                       [39m [90m0.08s[39m  
  [32;1m✓[39;22m[90m [39m[90mtariff resolver selects active tariff for date @ repetition 57 of 100[39m[90m                                       [39m [90m0.08s[39m  
  [32;1m✓[39;22m[90m [39m[90mtariff resolver selects active tariff for date @ repetition 58 of 100[39m[90m                                       [39m [90m0.08s[39m  
  [32;1m✓[39;22m[90m [39m[90mtariff resolver selects active tariff for date @ repetition 59 of 100[39m[90m                                       [39m [90m0.09s[39m  
  [32;1m✓[39;22m[90m [39m[90mtariff resolver selects active tariff for date @ repetition 60 of 100[39m[90m                                       [39m [90m0.08s[39m  
  [32;1m✓[39;22m[90m [39m[90mtariff resolver selects active tariff for date @ repetition 61 of 100[39m[90m                                       [39m [90m0.10s[39m  
  [32;1m✓[39;22m[90m [39m[90mtariff resolver selects active tariff for date @ repetition 62 of 100[39m[90m                                       [39m [90m0.08s[39m  
  [32;1m✓[39;22m[90m [39m[90mtariff resolver selects active tariff for date @ repetition 63 of 100[39m[90m                                       [39m [90m0.08s[39m  
  [32;1m✓[39;22m[90m [39m[90mtariff resolver selects active tariff for date @ repetition 64 of 100[39m[90m                                       [39m [90m0.08s[39m  
  [32;1m✓[39;22m[90m [39m[90mtariff resolver selects active tariff for date @ repetition 65 of 100[39m[90m                                       [39m [90m0.08s[39m  
  [32;1m✓[39;22m[90m [39m[90mtariff resolver selects active tariff for date @ repetition 66 of 100[39m[90m                                       [39m [90m0.08s[39m  
  [32;1m✓[39;22m[90m [39m[90mtariff resolver selects active tariff for date @ repetition 67 of 100[39m[90m                                       [39m [90m0.08s[39m  
  [32;1m✓[39;22m[90m [39m[90mtariff resolver selects active tariff for date @ repetition 68 of 100[39m[90m                                       [39m [90m0.08s[39m  
  [32;1m✓[39;22m[90m [39m[90mtariff resolver selects active tariff for date @ repetition 69 of 100[39m[90m                                       [39m [90m0.10s[39m  
  [32;1m✓[39;22m[90m [39m[90mtariff resolver selects active tariff for date @ repetition 70 of 100[39m[90m                                       [39m [90m0.08s[39m  
  [32;1m✓[39;22m[90m [39m[90mtariff resolver selects active tariff for date @ repetition 71 of 100[39m[90m                                       [39m [90m0.08s[39m  
  [32;1m✓[39;22m[90m [39m[90mtariff resolver selects active tariff for date @ repetition 72 of 100[39m[90m                                       [39m [90m0.08s[39m  
  [32;1m✓[39;22m[90m [39m[90mtariff resolver selects active tariff for date @ repetition 73 of 100[39m[90m                                       [39m [90m0.08s[39m  
  [32;1m✓[39;22m[90m [39m[90mtariff resolver selects active tariff for date @ repetition 74 of 100[39m[90m                                       [39m [90m0.08s[39m  
  [32;1m✓[39;22m[90m [39m[90mtariff resolver selects active tariff for date @ repetition 75 of 100[39m[90m                                       [39m [90m0.08s[39m  
  [32;1m✓[39;22m[90m [39m[90mtariff resolver selects active tariff for date @ repetition 76 of 100[39m[90m                                       [39m [90m0.08s[39m  
  [32;1m✓[39;22m[90m [39m[90mtariff resolver selects active tariff for date @ repetition 77 of 100[39m[90m                                       [39m [90m0.10s[39m  
  [32;1m✓[39;22m[90m [39m[90mtariff resolver selects active tariff for date @ repetition 78 of 100[39m[90m                                       [39m [90m0.08s[39m  
  [32;1m✓[39;22m[90m [39m[90mtariff resolver selects active tariff for date @ repetition 79 of 100[39m[90m                                       [39m [90m0.08s[39m  
  [32;1m✓[39;22m[90m [39m[90mtariff resolver selects active tariff for date @ repetition 80 of 100[39m[90m                                       [39m [90m0.08s[39m  
  [32;1m✓[39;22m[90m [39m[90mtariff resolver selects active tariff for date @ repetition 81 of 100[39m[90m                                       [39m [90m0.08s[39m  
  [32;1m✓[39;22m[90m [39m[90mtariff resolver selects active tariff for date @ repetition 82 of 100[39m[90m                                       [39m [90m0.08s[39m  
  [32;1m✓[39;22m[90m [39m[90mtariff resolver selects active tariff for date @ repetition 83 of 100[39m[90m                                       [39m [90m0.08s[39m  
  [32;1m✓[39;22m[90m [39m[90mtariff resolver selects active tariff for date @ repetition 84 of 100[39m[90m                                       [39m [90m0.08s[39m  
  [32;1m✓[39;22m[90m [39m[90mtariff resolver selects active tariff for date @ repetition 85 of 100[39m[90m                                       [39m [90m0.10s[39m  
  [32;1m✓[39;22m[90m [39m[90mtariff resolver selects active tariff for date @ repetition 86 of 100[39m[90m                                       [39m [90m0.08s[39m  
  [32;1m✓[39;22m[90m [39m[90mtariff resolver selects active tariff for date @ repetition 87 of 100[39m[90m                                       [39m [90m0.08s[39m  
  [32;1m✓[39;22m[90m [39m[90mtariff resolver selects active tariff for date @ repetition 88 of 100[39m[90m                                       [39m [90m0.08s[39m  
  [32;1m✓[39;22m[90m [39m[90mtariff resolver selects active tariff for date @ repetition 89 of 100[39m[90m                                       [39m [90m0.08s[39m  
  [32;1m✓[39;22m[90m [39m[90mtariff resolver selects active tariff for date @ repetition 90 of 100[39m[90m                                       [39m [90m0.08s[39m  
  [32;1m✓[39;22m[90m [39m[90mtariff resolver selects active tariff for date @ repetition 91 of 100[39m[90m                                       [39m [90m0.08s[39m  
  [32;1m✓[39;22m[90m [39m[90mtariff resolver selects active tariff for date @ repetition 92 of 100[39m[90m                                       [39m [90m0.08s[39m  
  [32;1m✓[39;22m[90m [39m[90mtariff resolver selects active tariff for date @ repetition 93 of 100[39m[90m                                       [39m [90m0.10s[39m  
  [32;1m✓[39;22m[90m [39m[90mtariff resolver selects active tariff for date @ repetition 94 of 100[39m[90m                                       [39m [90m0.08s[39m  
  [32;1m✓[39;22m[90m [39m[90mtariff resolver selects active tariff for date @ repetition 95 of 100[39m[90m                                       [39m [90m0.08s[39m  
  [32;1m✓[39;22m[90m [39m[90mtariff resolver selects active tariff for date @ repetition 96 of 100[39m[90m                                       [39m [90m0.08s[39m  
  [32;1m✓[39;22m[90m [39m[90mtariff resolver selects active tariff for date @ repetition 97 of 100[39m[90m                                       [39m [90m0.08s[39m  
  [32;1m✓[39;22m[90m [39m[90mtariff resolver selects active tariff for date @ repetition 98 of 100[39m[90m                                       [39m [90m0.08s[39m  
  [32;1m✓[39;22m[90m [39m[90mtariff resolver selects active tariff for date @ repetition 99 of 100[39m[90m                                       [39m [90m0.08s[39m  
  [32;1m✓[39;22m[90m [39m[90mtariff resolver selects active tariff for date @ repetition 100 of 100[39m[90m                                      [39m [90m0.08s[39m  
  [32;1m✓[39;22m[90m [39m[90mwater bill includes supply, sewage, and fixed fee @ repetition 1 of 100[39m[90m                                     [39m [90m0.10s[39m  
  [32;1m✓[39;22m[90m [39m[90mwater bill includes supply, sewage, and fixed fee @ repetition 2 of 100[39m[90m                                     [39m [90m0.07s[39m  
  [32;1m✓[39;22m[90m [39m[90mwater bill includes supply, sewage, and fixed fee @ repetition 3 of 100[39m[90m                                     [39m [90m0.08s[39m  
  [32;1m✓[39;22m[90m [39m[90mwater bill includes supply, sewage, and fixed fee @ repetition 4 of 100[39m[90m                                     [39m [90m0.07s[39m  
  [32;1m✓[39;22m[90m [39m[90mwater bill includes supply, sewage, and fixed fee @ repetition 5 of 100[39m[90m                                     [39m [90m0.07s[39m  
  [32;1m✓[39;22m[90m [39m[90mwater bill includes supply, sewage, and fixed fee @ repetition 6 of 100[39m[90m                                     [39m [90m0.08s[39m  
  [32;1m✓[39;22m[90m [39m[90mwater bill includes supply, sewage, and fixed fee @ repetition 7 of 100[39m[90m                                     [39m [90m0.07s[39m  
  [32;1m✓[39;22m[90m [39m[90mwater bill includes supply, sewage, and fixed fee @ repetition 8 of 100[39m[90m                                     [39m [90m0.08s[39m  
  [32;1m✓[39;22m[90m [39m[90mwater bill includes supply, sewage, and fixed fee @ repetition 9 of 100[39m[90m                                     [39m [90m0.10s[39m  
  [32;1m✓[39;22m[90m [39m[90mwater bill includes supply, sewage, and fixed fee @ repetition 10 of 100[39m[90m                                    [39m [90m0.07s[39m  
  [32;1m✓[39;22m[90m [39m[90mwater bill includes supply, sewage, and fixed fee @ repetition 11 of 100[39m[90m                                    [39m [90m0.07s[39m  
  [32;1m✓[39;22m[90m [39m[90mwater bill includes supply, sewage, and fixed fee @ repetition 12 of 100[39m[90m                                    [39m [90m0.07s[39m  
  [32;1m✓[39;22m[90m [39m[90mwater bill includes supply, sewage, and fixed fee @ repetition 13 of 100[39m[90m                                    [39m [90m0.08s[39m  
  [32;1m✓[39;22m[90m [39m[90mwater bill includes supply, sewage, and fixed fee @ repetition 14 of 100[39m[90m                                    [39m [90m0.08s[39m  
  [32;1m✓[39;22m[90m [39m[90mwater bill includes supply, sewage, and fixed fee @ repetition 15 of 100[39m[90m                                    [39m [90m0.07s[39m  
  [32;1m✓[39;22m[90m [39m[90mwater bill includes supply, sewage, and fixed fee @ repetition 16 of 100[39m[90m                                    [39m [90m0.09s[39m  
  [32;1m✓[39;22m[90m [39m[90mwater bill includes supply, sewage, and fixed fee @ repetition 17 of 100[39m[90m                                    [39m [90m0.11s[39m  
  [32;1m✓[39;22m[90m [39m[90mwater bill includes supply, sewage, and fixed fee @ repetition 18 of 100[39m[90m                                    [39m [90m0.09s[39m  
  [32;1m✓[39;22m[90m [39m[90mwater bill includes supply, sewage, and fixed fee @ repetition 19 of 100[39m[90m                                    [39m [90m0.08s[39m  
  [32;1m✓[39;22m[90m [39m[90mwater bill includes supply, sewage, and fixed fee @ repetition 20 of 100[39m[90m                                    [39m [90m0.08s[39m  
  [32;1m✓[39;22m[90m [39m[90mwater bill includes supply, sewage, and fixed fee @ repetition 21 of 100[39m[90m                                    [39m [90m0.08s[39m  
  [32;1m✓[39;22m[90m [39m[90mwater bill includes supply, sewage, and fixed fee @ repetition 22 of 100[39m[90m                                    [39m [90m0.08s[39m  
  [32;1m✓[39;22m[90m [39m[90mwater bill includes supply, sewage, and fixed fee @ repetition 23 of 100[39m[90m                                    [39m [90m0.08s[39m  
  [32;1m✓[39;22m[90m [39m[90mwater bill includes supply, sewage, and fixed fee @ repetition 24 of 100[39m[90m                                    [39m [90m0.08s[39m  
  [32;1m✓[39;22m[90m [39m[90mwater bill includes supply, sewage, and fixed fee @ repetition 25 of 100[39m[90m                                    [39m [90m0.10s[39m  
  [32;1m✓[39;22m[90m [39m[90mwater bill includes supply, sewage, and fixed fee @ repetition 26 of 100[39m[90m                                    [39m [90m0.08s[39m  
  [32;1m✓[39;22m[90m [39m[90mwater bill includes supply, sewage, and fixed fee @ repetition 27 of 100[39m[90m                                    [39m [90m0.08s[39m  
  [32;1m✓[39;22m[90m [39m[90mwater bill includes supply, sewage, and fixed fee @ repetition 28 of 100[39m[90m                                    [39m [90m0.08s[39m  
  [32;1m✓[39;22m[90m [39m[90mwater bill includes supply, sewage, and fixed fee @ repetition 29 of 100[39m[90m                                    [39m [90m0.08s[39m  
  [32;1m✓[39;22m[90m [39m[90mwater bill includes supply, sewage, and fixed fee @ repetition 30 of 100[39m[90m                                    [39m [90m0.08s[39m  
  [32;1m✓[39;22m[90m [39m[90mwater bill includes supply, sewage, and fixed fee @ repetition 31 of 100[39m[90m                                    [39m [90m0.08s[39m  
  [32;1m✓[39;22m[90m [39m[90mwater bill includes supply, sewage, and fixed fee @ repetition 32 of 100[39m[90m                                    [39m [90m0.08s[39m  
  [32;1m✓[39;22m[90m [39m[90mwater bill includes supply, sewage, and fixed fee @ repetition 33 of 100[39m[90m                                    [39m [90m0.10s[39m  
  [32;1m✓[39;22m[90m [39m[90mwater bill includes supply, sewage, and fixed fee @ repetition 34 of 100[39m[90m                                    [39m [90m0.08s[39m  
  [32;1m✓[39;22m[90m [39m[90mwater bill includes supply, sewage, and fixed fee @ repetition 35 of 100[39m[90m                                    [39m [90m0.08s[39m  
  [32;1m✓[39;22m[90m [39m[90mwater bill includes supply, sewage, and fixed fee @ repetition 36 of 100[39m[90m                                    [39m [90m0.08s[39m  
  [32;1m✓[39;22m[90m [39m[90mwater bill includes supply, sewage, and fixed fee @ repetition 37 of 100[39m[90m                                    [39m [90m0.08s[39m  
  [32;1m✓[39;22m[90m [39m[90mwater bill includes supply, sewage, and fixed fee @ repetition 38 of 100[39m[90m                                    [39m [90m0.08s[39m  
  [32;1m✓[39;22m[90m [39m[90mwater bill includes supply, sewage, and fixed fee @ repetition 39 of 100[39m[90m                                    [39m [90m0.08s[39m  
  [32;1m✓[39;22m[90m [39m[90mwater bill includes supply, sewage, and fixed fee @ repetition 40 of 100[39m[90m                                    [39m [90m0.08s[39m  
  [32;1m✓[39;22m[90m [39m[90mwater bill includes supply, sewage, and fixed fee @ repetition 41 of 100[39m[90m                                    [39m [90m0.10s[39m  
  [32;1m✓[39;22m[90m [39m[90mwater bill includes supply, sewage, and fixed fee @ repetition 42 of 100[39m[90m                                    [39m [90m0.08s[39m  
  [32;1m✓[39;22m[90m [39m[90mwater bill includes supply, sewage, and fixed fee @ repetition 43 of 100[39m[90m                                    [39m [90m0.08s[39m  
  [32;1m✓[39;22m[90m [39m[90mwater bill includes supply, sewage, and fixed fee @ repetition 44 of 100[39m[90m                                    [39m [90m0.08s[39m  
  [32;1m✓[39;22m[90m [39m[90mwater bill includes supply, sewage, and fixed fee @ repetition 45 of 100[39m[90m                                    [39m [90m0.08s[39m  
  [32;1m✓[39;22m[90m [39m[90mwater bill includes supply, sewage, and fixed fee @ repetition 46 of 100[39m[90m                                    [39m [90m0.08s[39m  
  [32;1m✓[39;22m[90m [39m[90mwater bill includes supply, sewage, and fixed fee @ repetition 47 of 100[39m[90m                                    [39m [90m0.08s[39m  
  [32;1m✓[39;22m[90m [39m[90mwater bill includes supply, sewage, and fixed fee @ repetition 48 of 100[39m[90m                                    [39m [90m0.08s[39m  
  [32;1m✓[39;22m[90m [39m[90mwater bill includes supply, sewage, and fixed fee @ repetition 49 of 100[39m[90m                                    [39m [90m0.10s[39m  
  [32;1m✓[39;22m[90m [39m[90mwater bill includes supply, sewage, and fixed fee @ repetition 50 of 100[39m[90m                                    [39m [90m0.08s[39m  
  [32;1m✓[39;22m[90m [39m[90mwater bill includes supply, sewage, and fixed fee @ repetition 51 of 100[39m[90m                                    [39m [90m0.08s[39m  
  [32;1m✓[39;22m[90m [39m[90mwater bill includes supply, sewage, and fixed fee @ repetition 52 of 100[39m[90m                                    [39m [90m0.08s[39m  
  [32;1m✓[39;22m[90m [39m[90mwater bill includes supply, sewage, and fixed fee @ repetition 53 of 100[39m[90m                                    [39m [90m0.08s[39m  
  [32;1m✓[39;22m[90m [39m[90mwater bill includes supply, sewage, and fixed fee @ repetition 54 of 100[39m[90m                                    [39m [90m0.08s[39m  
  [32;1m✓[39;22m[90m [39m[90mwater bill includes supply, sewage, and fixed fee @ repetition 55 of 100[39m[90m                                    [39m [90m0.08s[39m  
  [32;1m✓[39;22m[90m [39m[90mwater bill includes supply, sewage, and fixed fee @ repetition 56 of 100[39m[90m                                    [39m [90m0.08s[39m  
  [32;1m✓[39;22m[90m [39m[90mwater bill includes supply, sewage, and fixed fee @ repetition 57 of 100[39m[90m                                    [39m [90m0.10s[39m  
  [32;1m✓[39;22m[90m [39m[90mwater bill includes supply, sewage, and fixed fee @ repetition 58 of 100[39m[90m                                    [39m [90m0.08s[39m  
  [32;1m✓[39;22m[90m [39m[90mwater bill includes supply, sewage, and fixed fee @ repetition 59 of 100[39m[90m                                    [39m [90m0.08s[39m  
  [32;1m✓[39;22m[90m [39m[90mwater bill includes supply, sewage, and fixed fee @ repetition 60 of 100[39m[90m                                    [39m [90m0.08s[39m  
  [32;1m✓[39;22m[90m [39m[90mwater bill includes supply, sewage, and fixed fee @ repetition 61 of 100[39m[90m                                    [39m [90m0.08s[39m  
  [32;1m✓[39;22m[90m [39m[90mwater bill includes supply, sewage, and fixed fee @ repetition 62 of 100[39m[90m                                    [39m [90m0.08s[39m  
  [32;1m✓[39;22m[90m [39m[90mwater bill includes supply, sewage, and fixed fee @ repetition 63 of 100[39m[90m                                    [39m [90m0.08s[39m  
  [32;1m✓[39;22m[90m [39m[90mwater bill includes supply, sewage, and fixed fee @ repetition 64 of 100[39m[90m                                    [39m [90m0.08s[39m  
  [32;1m✓[39;22m[90m [39m[90mwater bill includes supply, sewage, and fixed fee @ repetition 65 of 100[39m[90m                                    [39m [90m0.10s[39m  
  [32;1m✓[39;22m[90m [39m[90mwater bill includes supply, sewage, and fixed fee @ repetition 66 of 100[39m[90m                                    [39m [90m0.08s[39m  
  [32;1m✓[39;22m[90m [39m[90mwater bill includes supply, sewage, and fixed fee @ repetition 67 of 100[39m[90m                                    [39m [90m0.11s[39m  
  [32;1m✓[39;22m[90m [39m[90mwater bill includes supply, sewage, and fixed fee @ repetition 68 of 100[39m[90m                                    [39m [90m0.08s[39m  
  [32;1m✓[39;22m[90m [39m[90mwater bill includes supply, sewage, and fixed fee @ repetition 69 of 100[39m[90m                                    [39m [90m0.08s[39m  
  [32;1m✓[39;22m[90m [39m[90mwater bill includes supply, sewage, and fixed fee @ repetition 70 of 100[39m[90m                                    [39m [90m0.08s[39m  
  [32;1m✓[39;22m[90m [39m[90mwater bill includes supply, sewage, and fixed fee @ repetition 71 of 100[39m[90m                                    [39m [90m0.08s[39m  
  [32;1m✓[39;22m[90m [39m[90mwater bill includes supply, sewage, and fixed fee @ repetition 72 of 100[39m[90m                                    [39m [90m0.07s[39m  
  [32;1m✓[39;22m[90m [39m[90mwater bill includes supply, sewage, and fixed fee @ repetition 73 of 100[39m[90m                                    [39m [90m0.10s[39m  
  [32;1m✓[39;22m[90m [39m[90mwater bill includes supply, sewage, and fixed fee @ repetition 74 of 100[39m[90m                                    [39m [90m0.08s[39m  
  [32;1m✓[39;22m[90m [39m[90mwater bill includes supply, sewage, and fixed fee @ repetition 75 of 100[39m[90m                                    [39m [90m0.08s[39m  
  [32;1m✓[39;22m[90m [39m[90mwater bill includes supply, sewage, and fixed fee @ repetition 76 of 100[39m[90m                                    [39m [90m0.07s[39m  
  [32;1m✓[39;22m[90m [39m[90mwater bill includes supply, sewage, and fixed fee @ repetition 77 of 100[39m[90m                                    [39m [90m0.08s[39m  
  [32;1m✓[39;22m[90m [39m[90mwater bill includes supply, sewage, and fixed fee @ repetition 78 of 100[39m[90m                                    [39m [90m0.08s[39m  
  [32;1m✓[39;22m[90m [39m[90mwater bill includes supply, sewage, and fixed fee @ repetition 79 of 100[39m[90m                                    [39m [90m0.08s[39m  
  [32;1m✓[39;22m[90m [39m[90mwater bill includes supply, sewage, and fixed fee @ repetition 80 of 100[39m[90m                                    [39m [90m0.08s[39m  
  [32;1m✓[39;22m[90m [39m[90mwater bill includes supply, sewage, and fixed fee @ repetition 81 of 100[39m[90m                                    [39m [90m0.10s[39m  
  [32;1m✓[39;22m[90m [39m[90mwater bill includes supply, sewage, and fixed fee @ repetition 82 of 100[39m[90m                                    [39m [90m0.07s[39m  
  [32;1m✓[39;22m[90m [39m[90mwater bill includes supply, sewage, and fixed fee @ repetition 83 of 100[39m[90m                                    [39m [90m0.08s[39m  
  [32;1m✓[39;22m[90m [39m[90mwater bill includes supply, sewage, and fixed fee @ repetition 84 of 100[39m[90m                                    [39m [90m0.08s[39m  
  [32;1m✓[39;22m[90m [39m[90mwater bill includes supply, sewage, and fixed fee @ repetition 85 of 100[39m[90m                                    [39m [90m0.12s[39m  
  [32;1m✓[39;22m[90m [39m[90mwater bill includes supply, sewage, and fixed fee @ repetition 86 of 100[39m[90m                                    [39m [90m0.11s[39m  
  [32;1m✓[39;22m[90m [39m[90mwater bill includes supply, sewage, and fixed fee @ repetition 87 of 100[39m[90m                                    [39m [90m0.10s[39m  
  [32;1m✓[39;22m[90m [39m[90mwater bill includes supply, sewage, and fixed fee @ repetition 88 of 100[39m[90m                                    [39m [90m0.13s[39m  
  [32;1m✓[39;22m[90m [39m[90mwater bill includes supply, sewage, and fixed fee @ repetition 89 of 100[39m[90m                                    [39m [90m0.12s[39m  
  [32;1m✓[39;22m[90m [39m[90mwater bill includes supply, sewage, and fixed fee @ repetition 90 of 100[39m[90m                                    [39m [90m0.10s[39m  
  [32;1m✓[39;22m[90m [39m[90mwater bill includes supply, sewage, and fixed fee @ repetition 91 of 100[39m[90m                                    [39m [90m0.09s[39m  
  [32;1m✓[39;22m[90m [39m[90mwater bill includes supply, sewage, and fixed fee @ repetition 92 of 100[39m[90m                                    [39m [90m0.10s[39m  
  [32;1m✓[39;22m[90m [39m[90mwater bill includes supply, sewage, and fixed fee @ repetition 93 of 100[39m[90m                                    [39m [90m0.09s[39m  
  [32;1m✓[39;22m[90m [39m[90mwater bill includes supply, sewage, and fixed fee @ repetition 94 of 100[39m[90m                                    [39m [90m0.16s[39m  
  [32;1m✓[39;22m[90m [39m[90mwater bill includes supply, sewage, and fixed fee @ repetition 95 of 100[39m[90m                                    [39m [90m0.11s[39m  
  [32;1m✓[39;22m[90m [39m[90mwater bill includes supply, sewage, and fixed fee @ repetition 96 of 100[39m[90m                                    [39m [90m0.12s[39m  
  [32;1m✓[39;22m[90m [39m[90mwater bill includes supply, sewage, and fixed fee @ repetition 97 of 100[39m[90m                                    [39m [90m0.12s[39m  
  [32;1m✓[39;22m[90m [39m[90mwater bill includes supply, sewage, and fixed fee @ repetition 98 of 100[39m[90m                                    [39m [90m0.09s[39m  
  [32;1m✓[39;22m[90m [39m[90mwater bill includes supply, sewage, and fixed fee @ repetition 99 of 100[39m[90m                                    [39m [90m0.09s[39m  
  [32;1m✓[39;22m[90m [39m[90mwater bill includes supply, sewage, and fixed fee @ repetition 100 of 100[39m[90m                                   [39m [90m0.08s[39m  
  [32;1m✓[39;22m[90m [39m[90mforeign key constraints prevent orphaned records @ repetition 1 of 100[39m[90m                                      [39m [90m0.09s[39m  
  [32;1m✓[39;22m[90m [39m[90mforeign key constraints prevent orphaned records @ repetition 2 of 100[39m[90m                                      [39m [90m0.08s[39m  
  [32;1m✓[39;22m[90m [39m[90mforeign key constraints prevent orphaned records @ repetition 3 of 100[39m[90m                                      [39m [90m0.08s[39m  
  [32;1m✓[39;22m[90m [39m[90mforeign key constraints prevent orphaned records @ repetition 4 of 100[39m[90m                                      [39m [90m0.08s[39m  
  [32;1m✓[39;22m[90m [39m[90mforeign key constraints prevent orphaned records @ repetition 5 of 100[39m[90m                                      [39m [90m0.10s[39m  
  [32;1m✓[39;22m[90m [39m[90mforeign key constraints prevent orphaned records @ repetition 6 of 100[39m[90m                                      [39m [90m0.08s[39m  
  [32;1m✓[39;22m[90m [39m[90mforeign key constraints prevent orphaned records @ repetition 7 of 100[39m[90m                                      [39m [90m0.08s[39m  
  [32;1m✓[39;22m[90m [39m[90mforeign key constraints prevent orphaned records @ repetition 8 of 100[39m[90m                                      [39m [90m0.08s[39m  
  [32;1m✓[39;22m[90m [39m[90mforeign key constraints prevent orphaned records @ repetition 9 of 100[39m[90m                                      [39m [90m0.08s[39m  
  [32;1m✓[39;22m[90m [39m[90mforeign key constraints prevent orphaned records @ repetition 10 of 100[39m[90m                                     [39m [90m0.08s[39m  
  [32;1m✓[39;22m[90m [39m[90mforeign key constraints prevent orphaned records @ repetition 11 of 100[39m[90m                                     [39m [90m0.08s[39m  
  [32;1m✓[39;22m[90m [39m[90mforeign key constraints prevent orphaned records @ repetition 12 of 100[39m[90m                                     [39m [90m0.08s[39m  
  [32;1m✓[39;22m[90m [39m[90mforeign key constraints prevent orphaned records @ repetition 13 of 100[39m[90m                                     [39m [90m0.10s[39m  
  [32;1m✓[39;22m[90m [39m[90mforeign key constraints prevent orphaned records @ repetition 14 of 100[39m[90m                                     [39m [90m0.08s[39m  
  [32;1m✓[39;22m[90m [39m[90mforeign key constraints prevent orphaned records @ repetition 15 of 100[39m[90m                                     [39m [90m0.08s[39m  
  [32;1m✓[39;22m[90m [39m[90mforeign key constraints prevent orphaned records @ repetition 16 of 100[39m[90m                                     [39m [90m0.08s[39m  
  [32;1m✓[39;22m[90m [39m[90mforeign key constraints prevent orphaned records @ repetition 17 of 100[39m[90m                                     [39m [90m0.08s[39m  
  [32;1m✓[39;22m[90m [39m[90mforeign key constraints prevent orphaned records @ repetition 18 of 100[39m[90m                                     [39m [90m0.09s[39m  
  [32;1m✓[39;22m[90m [39m[90mforeign key constraints prevent orphaned records @ repetition 19 of 100[39m[90m                                     [39m [90m0.09s[39m  
  [32;1m✓[39;22m[90m [39m[90mforeign key constraints prevent orphaned records @ repetition 20 of 100[39m[90m                                     [39m [90m0.09s[39m  
  [32;1m✓[39;22m[90m [39m[90mforeign key constraints prevent orphaned records @ repetition 21 of 100[39m[90m                                     [39m [90m0.11s[39m  
  [32;1m✓[39;22m[90m [39m[90mforeign key constraints prevent orphaned records @ repetition 22 of 100[39m[90m                                     [39m [90m0.09s[39m  
  [32;1m✓[39;22m[90m [39m[90mforeign key constraints prevent orphaned records @ repetition 23 of 100[39m[90m                                     [39m [90m0.09s[39m  
  [32;1m✓[39;22m[90m [39m[90mforeign key constraints prevent orphaned records @ repetition 24 of 100[39m[90m                                     [39m [90m0.08s[39m  
  [32;1m✓[39;22m[90m [39m[90mforeign key constraints prevent orphaned records @ repetition 25 of 100[39m[90m                                     [39m [90m0.08s[39m  
  [32;1m✓[39;22m[90m [39m[90mforeign key constraints prevent orphaned records @ repetition 26 of 100[39m[90m                                     [39m [90m0.08s[39m  
  [32;1m✓[39;22m[90m [39m[90mforeign key constraints prevent orphaned records @ repetition 27 of 100[39m[90m                                     [39m [90m0.08s[39m  
  [32;1m✓[39;22m[90m [39m[90mforeign key constraints prevent orphaned records @ repetition 28 of 100[39m[90m                                     [39m [90m0.08s[39m  
  [32;1m✓[39;22m[90m [39m[90mforeign key constraints prevent orphaned records @ repetition 29 of 100[39m[90m                                     [39m [90m0.10s[39m  
  [32;1m✓[39;22m[90m [39m[90mforeign key constraints prevent orphaned records @ repetition 30 of 100[39m[90m                                     [39m [90m0.09s[39m  
  [32;1m✓[39;22m[90m [39m[90mforeign key constraints prevent orphaned records @ repetition 31 of 100[39m[90m                                     [39m [90m0.08s[39m  
  [32;1m✓[39;22m[90m [39m[90mforeign key constraints prevent orphaned records @ repetition 32 of 100[39m[90m                                     [39m [90m0.08s[39m  
  [32;1m✓[39;22m[90m [39m[90mforeign key constraints prevent orphaned records @ repetition 33 of 100[39m[90m                                     [39m [90m0.08s[39m  
  [32;1m✓[39;22m[90m [39m[90mforeign key constraints prevent orphaned records @ repetition 34 of 100[39m[90m                                     [39m [90m0.08s[39m  
  [32;1m✓[39;22m[90m [39m[90mforeign key constraints prevent orphaned records @ repetition 35 of 100[39m[90m                                     [39m [90m0.08s[39m  
  [32;1m✓[39;22m[90m [39m[90mforeign key constraints prevent orphaned records @ repetition 36 of 100[39m[90m                                     [39m [90m0.08s[39m  
  [32;1m✓[39;22m[90m [39m[90mforeign key constraints prevent orphaned records @ repetition 37 of 100[39m[90m                                     [39m [90m0.10s[39m  
  [32;1m✓[39;22m[90m [39m[90mforeign key constraints prevent orphaned records @ repetition 38 of 100[39m[90m                                     [39m [90m0.09s[39m  
  [32;1m✓[39;22m[90m [39m[90mforeign key constraints prevent orphaned records @ repetition 39 of 100[39m[90m                                     [39m [90m0.08s[39m  
  [32;1m✓[39;22m[90m [39m[90mforeign key constraints prevent orphaned records @ repetition 40 of 100[39m[90m                                     [39m [90m0.08s[39m  
  [32;1m✓[39;22m[90m [39m[90mforeign key constraints prevent orphaned records @ repetition 41 of 100[39m[90m                                     [39m [90m0.08s[39m  
  [32;1m✓[39;22m[90m [39m[90mforeign key constraints prevent orphaned records @ repetition 42 of 100[39m[90m                                     [39m [90m0.08s[39m  
  [32;1m✓[39;22m[90m [39m[90mforeign key constraints prevent orphaned records @ repetition 43 of 100[39m[90m                                     [39m [90m0.08s[39m  
  [32;1m✓[39;22m[90m [39m[90mforeign key constraints prevent orphaned records @ repetition 44 of 100[39m[90m                                     [39m [90m0.09s[39m  
  [32;1m✓[39;22m[90m [39m[90mforeign key constraints prevent orphaned records @ repetition 45 of 100[39m[90m                                     [39m [90m0.11s[39m  
  [32;1m✓[39;22m[90m [39m[90mforeign key constraints prevent orphaned records @ repetition 46 of 100[39m[90m                                     [39m [90m0.08s[39m  
  [32;1m✓[39;22m[90m [39m[90mforeign key constraints prevent orphaned records @ repetition 47 of 100[39m[90m                                     [39m [90m0.08s[39m  
  [32;1m✓[39;22m[90m [39m[90mforeign key constraints prevent orphaned records @ repetition 48 of 100[39m[90m                                     [39m [90m0.09s[39m  
  [32;1m✓[39;22m[90m [39m[90mforeign key constraints prevent orphaned records @ repetition 49 of 100[39m[90m                                     [39m [90m0.08s[39m  
  [32;1m✓[39;22m[90m [39m[90mforeign key constraints prevent orphaned records @ repetition 50 of 100[39m[90m                                     [39m [90m0.08s[39m  
  [32;1m✓[39;22m[90m [39m[90mforeign key constraints prevent orphaned records @ repetition 51 of 100[39m[90m                                     [39m [90m0.09s[39m  
  [32;1m✓[39;22m[90m [39m[90mforeign key constraints prevent orphaned records @ repetition 52 of 100[39m[90m                                     [39m [90m0.10s[39m  
  [32;1m✓[39;22m[90m [39m[90mforeign key constraints prevent orphaned records @ repetition 53 of 100[39m[90m                                     [39m [90m0.14s[39m  
  [32;1m✓[39;22m[90m [39m[90mforeign key constraints prevent orphaned records @ repetition 54 of 100[39m[90m                                     [39m [90m0.11s[39m  
  [32;1m✓[39;22m[90m [39m[90mforeign key constraints prevent orphaned records @ repetition 55 of 100[39m[90m                                     [39m [90m0.11s[39m  
  [32;1m✓[39;22m[90m [39m[90mforeign key constraints prevent orphaned records @ repetition 56 of 100[39m[90m                                     [39m [90m0.11s[39m  
  [32;1m✓[39;22m[90m [39m[90mforeign key constraints prevent orphaned records @ repetition 57 of 100[39m[90m                                     [39m [90m0.10s[39m  
  [32;1m✓[39;22m[90m [39m[90mforeign key constraints prevent orphaned records @ repetition 58 of 100[39m[90m                                     [39m [90m0.12s[39m  
  [32;1m✓[39;22m[90m [39m[90mforeign key constraints prevent orphaned records @ repetition 59 of 100[39m[90m                                     [39m [90m0.10s[39m  
  [32;1m✓[39;22m[90m [39m[90mforeign key constraints prevent orphaned records @ repetition 60 of 100[39m[90m                                     [39m [90m0.10s[39m  
  [32;1m✓[39;22m[90m [39m[90mforeign key constraints prevent orphaned records @ repetition 61 of 100[39m[90m                                     [39m [90m0.11s[39m  
  [32;1m✓[39;22m[90m [39m[90mforeign key constraints prevent orphaned records @ repetition 62 of 100[39m[90m                                     [39m [90m0.09s[39m  
  [32;1m✓[39;22m[90m [39m[90mforeign key constraints prevent orphaned records @ repetition 63 of 100[39m[90m                                     [39m [90m0.08s[39m  
  [32;1m✓[39;22m[90m [39m[90mforeign key constraints prevent orphaned records @ repetition 64 of 100[39m[90m                                     [39m [90m0.08s[39m  
  [32;1m✓[39;22m[90m [39m[90mforeign key constraints prevent orphaned records @ repetition 65 of 100[39m[90m                                     [39m [90m0.08s[39m  
  [32;1m✓[39;22m[90m [39m[90mforeign key constraints prevent orphaned records @ repetition 66 of 100[39m[90m                                     [39m [90m0.09s[39m  
  [32;1m✓[39;22m[90m [39m[90mforeign key constraints prevent orphaned records @ repetition 67 of 100[39m[90m                                     [39m [90m0.08s[39m  
  [32;1m✓[39;22m[90m [39m[90mforeign key constraints prevent orphaned records @ repetition 68 of 100[39m[90m                                     [39m [90m0.08s[39m  
  [32;1m✓[39;22m[90m [39m[90mforeign key constraints prevent orphaned records @ repetition 69 of 100[39m[90m                                     [39m [90m0.10s[39m  
  [32;1m✓[39;22m[90m [39m[90mforeign key constraints prevent orphaned records @ repetition 70 of 100[39m[90m                                     [39m [90m0.08s[39m  
  [32;1m✓[39;22m[90m [39m[90mforeign key constraints prevent orphaned records @ repetition 71 of 100[39m[90m                                     [39m [90m0.08s[39m  
  [32;1m✓[39;22m[90m [39m[90mforeign key constraints prevent orphaned records @ repetition 72 of 100[39m[90m                                     [39m [90m0.08s[39m  
  [32;1m✓[39;22m[90m [39m[90mforeign key constraints prevent orphaned records @ repetition 73 of 100[39m[90m                                     [39m [90m0.08s[39m  
  [32;1m✓[39;22m[90m [39m[90mforeign key constraints prevent orphaned records @ repetition 74 of 100[39m[90m                                     [39m [90m0.08s[39m  
  [32;1m✓[39;22m[90m [39m[90mforeign key constraints prevent orphaned records @ repetition 75 of 100[39m[90m                                     [39m [90m0.08s[39m  
  [32;1m✓[39;22m[90m [39m[90mforeign key constraints prevent orphaned records @ repetition 76 of 100[39m[90m                                     [39m [90m0.08s[39m  
  [32;1m✓[39;22m[90m [39m[90mforeign key constraints prevent orphaned records @ repetition 77 of 100[39m[90m                                     [39m [90m0.10s[39m  
  [32;1m✓[39;22m[90m [39m[90mforeign key constraints prevent orphaned records @ repetition 78 of 100[39m[90m                                     [39m [90m0.08s[39m  
  [32;1m✓[39;22m[90m [39m[90mforeign key constraints prevent orphaned records @ repetition 79 of 100[39m[90m                                     [39m [90m0.08s[39m  
  [32;1m✓[39;22m[90m [39m[90mforeign key constraints prevent orphaned records @ repetition 80 of 100[39m[90m                                     [39m [90m0.08s[39m  
  [32;1m✓[39;22m[90m [39m[90mforeign key constraints prevent orphaned records @ repetition 81 of 100[39m[90m                                     [39m [90m0.08s[39m  
  [32;1m✓[39;22m[90m [39m[90mforeign key constraints prevent orphaned records @ repetition 82 of 100[39m[90m                                     [39m [90m0.08s[39m  
  [32;1m✓[39;22m[90m [39m[90mforeign key constraints prevent orphaned records @ repetition 83 of 100[39m[90m                                     [39m [90m0.08s[39m  
  [32;1m✓[39;22m[90m [39m[90mforeign key constraints prevent orphaned records @ repetition 84 of 100[39m[90m                                     [39m [90m0.08s[39m  
  [32;1m✓[39;22m[90m [39m[90mforeign key constraints prevent orphaned records @ repetition 85 of 100[39m[90m                                     [39m [90m0.10s[39m  
  [32;1m✓[39;22m[90m [39m[90mforeign key constraints prevent orphaned records @ repetition 86 of 100[39m[90m                                     [39m [90m0.09s[39m  
  [32;1m✓[39;22m[90m [39m[90mforeign key constraints prevent orphaned records @ repetition 87 of 100[39m[90m                                     [39m [90m0.09s[39m  
  [32;1m✓[39;22m[90m [39m[90mforeign key constraints prevent orphaned records @ repetition 88 of 100[39m[90m                                     [39m [90m0.09s[39m  
  [32;1m✓[39;22m[90m [39m[90mforeign key constraints prevent orphaned records @ repetition 89 of 100[39m[90m                                     [39m [90m0.09s[39m  
  [32;1m✓[39;22m[90m [39m[90mforeign key constraints prevent orphaned records @ repetition 90 of 100[39m[90m                                     [39m [90m0.09s[39m  
  [32;1m✓[39;22m[90m [39m[90mforeign key constraints prevent orphaned records @ repetition 91 of 100[39m[90m                                     [39m [90m0.08s[39m  
  [32;1m✓[39;22m[90m [39m[90mforeign key constraints prevent orphaned records @ repetition 92 of 100[39m[90m                                     [39m [90m0.08s[39m  
  [32;1m✓[39;22m[90m [39m[90mforeign key constraints prevent orphaned records @ repetition 93 of 100[39m[90m                                     [39m [90m0.11s[39m  
  [32;1m✓[39;22m[90m [39m[90mforeign key constraints prevent orphaned records @ repetition 94 of 100[39m[90m                                     [39m [90m0.08s[39m  
  [32;1m✓[39;22m[90m [39m[90mforeign key constraints prevent orphaned records @ repetition 95 of 100[39m[90m                                     [39m [90m0.08s[39m  
  [32;1m✓[39;22m[90m [39m[90mforeign key constraints prevent orphaned records @ repetition 96 of 100[39m[90m                                     [39m [90m0.08s[39m  
  [32;1m✓[39;22m[90m [39m[90mforeign key constraints prevent orphaned records @ repetition 97 of 100[39m[90m                                     [39m [90m0.08s[39m  
  [32;1m✓[39;22m[90m [39m[90mforeign key constraints prevent orphaned records @ repetition 98 of 100[39m[90m                                     [39m [90m0.09s[39m  
  [32;1m✓[39;22m[90m [39m[90mforeign key constraints prevent orphaned records @ repetition 99 of 100[39m[90m                                     [39m [90m0.08s[39m  
  [32;1m✓[39;22m[90m [39m[90mforeign key constraints prevent orphaned records @ repetition 100 of 100[39m[90m                                    [39m [90m0.08s[39m  
  [32;1m✓[39;22m[90m [39m[90mrole-based policies control resource access @ repetition 1 of 100[39m[90m                                           [39m [90m0.11s[39m  
  [32;1m✓[39;22m[90m [39m[90mrole-based policies control resource access @ repetition 2 of 100[39m[90m                                           [39m [90m0.08s[39m  
  [32;1m✓[39;22m[90m [39m[90mrole-based policies control resource access @ repetition 3 of 100[39m[90m                                           [39m [90m0.08s[39m  
  [32;1m✓[39;22m[90m [39m[90mrole-based policies control resource access @ repetition 4 of 100[39m[90m                                           [39m [90m0.08s[39m  
  [32;1m✓[39;22m[90m [39m[90mrole-based policies control resource access @ repetition 5 of 100[39m[90m                                           [39m [90m0.08s[39m  
  [32;1m✓[39;22m[90m [39m[90mrole-based policies control resource access @ repetition 6 of 100[39m[90m                                           [39m [90m0.08s[39m  
  [32;1m✓[39;22m[90m [39m[90mrole-based policies control resource access @ repetition 7 of 100[39m[90m                                           [39m [90m0.08s[39m  
  [32;1m✓[39;22m[90m [39m[90mrole-based policies control resource access @ repetition 8 of 100[39m[90m                                           [39m [90m0.08s[39m  
  [32;1m✓[39;22m[90m [39m[90mrole-based policies control resource access @ repetition 9 of 100[39m[90m                                           [39m [90m0.11s[39m  
  [32;1m✓[39;22m[90m [39m[90mrole-based policies control resource access @ repetition 10 of 100[39m[90m                                          [39m [90m0.08s[39m  
  [32;1m✓[39;22m[90m [39m[90mrole-based policies control resource access @ repetition 11 of 100[39m[90m                                          [39m [90m0.09s[39m  
  [32;1m✓[39;22m[90m [39m[90mrole-based policies control resource access @ repetition 12 of 100[39m[90m                                          [39m [90m0.09s[39m  
  [32;1m✓[39;22m[90m [39m[90mrole-based policies control resource access @ repetition 13 of 100[39m[90m                                          [39m [90m0.09s[39m  
  [32;1m✓[39;22m[90m [39m[90mrole-based policies control resource access @ repetition 14 of 100[39m[90m                                          [39m [90m0.09s[39m  
  [32;1m✓[39;22m[90m [39m[90mrole-based policies control resource access @ repetition 15 of 100[39m[90m                                          [39m [90m0.09s[39m  
  [32;1m✓[39;22m[90m [39m[90mrole-based policies control resource access @ repetition 16 of 100[39m[90m                                          [39m [90m0.09s[39m  
  [32;1m✓[39;22m[90m [39m[90mrole-based policies control resource access @ repetition 17 of 100[39m[90m                                          [39m [90m0.11s[39m  
  [32;1m✓[39;22m[90m [39m[90mrole-based policies control resource access @ repetition 18 of 100[39m[90m                                          [39m [90m0.09s[39m  
  [32;1m✓[39;22m[90m [39m[90mrole-based policies control resource access @ repetition 19 of 100[39m[90m                                          [39m [90m0.09s[39m  
  [32;1m✓[39;22m[90m [39m[90mrole-based policies control resource access @ repetition 20 of 100[39m[90m                                          [39m [90m0.09s[39m  
  [32;1m✓[39;22m[90m [39m[90mrole-based policies control resource access @ repetition 21 of 100[39m[90m                                          [39m [90m0.12s[39m  
  [32;1m✓[39;22m[90m [39m[90mrole-based policies control resource access @ repetition 22 of 100[39m[90m                                          [39m [90m0.12s[39m  
  [32;1m✓[39;22m[90m [39m[90mrole-based policies control resource access @ repetition 23 of 100[39m[90m                                          [39m [90m0.10s[39m  
  [32;1m✓[39;22m[90m [39m[90mrole-based policies control resource access @ repetition 24 of 100[39m[90m                                          [39m [90m0.10s[39m  
  [32;1m✓[39;22m[90m [39m[90mrole-based policies control resource access @ repetition 25 of 100[39m[90m                                          [39m [90m0.13s[39m  
  [32;1m✓[39;22m[90m [39m[90mrole-based policies control resource access @ repetition 26 of 100[39m[90m                                          [39m [90m0.09s[39m  
  [32;1m✓[39;22m[90m [39m[90mrole-based policies control resource access @ repetition 27 of 100[39m[90m                                          [39m [90m0.09s[39m  
  [32;1m✓[39;22m[90m [39m[90mrole-based policies control resource access @ repetition 28 of 100[39m[90m                                          [39m [90m0.09s[39m  
  [32;1m✓[39;22m[90m [39m[90mrole-based policies control resource access @ repetition 29 of 100[39m[90m                                          [39m [90m0.09s[39m  
  [32;1m✓[39;22m[90m [39m[90mrole-based policies control resource access @ repetition 30 of 100[39m[90m                                          [39m [90m0.09s[39m  
  [32;1m✓[39;22m[90m [39m[90mrole-based policies control resource access @ repetition 31 of 100[39m[90m                                          [39m [90m0.09s[39m  
  [32;1m✓[39;22m[90m [39m[90mrole-based policies control resource access @ repetition 32 of 100[39m[90m                                          [39m [90m0.09s[39m  
  [32;1m✓[39;22m[90m [39m[90mrole-based policies control resource access @ repetition 33 of 100[39m[90m                                          [39m [90m0.12s[39m  
  [32;1m✓[39;22m[90m [39m[90mrole-based policies control resource access @ repetition 34 of 100[39m[90m                                          [39m [90m0.10s[39m  
  [32;1m✓[39;22m[90m [39m[90mrole-based policies control resource access @ repetition 35 of 100[39m[90m                                          [39m [90m0.09s[39m  
  [32;1m✓[39;22m[90m [39m[90mrole-based policies control resource access @ repetition 36 of 100[39m[90m                                          [39m [90m0.09s[39m  
  [32;1m✓[39;22m[90m [39m[90mrole-based policies control resource access @ repetition 37 of 100[39m[90m                                          [39m [90m0.09s[39m  
  [32;1m✓[39;22m[90m [39m[90mrole-based policies control resource access @ repetition 38 of 100[39m[90m                                          [39m [90m0.10s[39m  
  [32;1m✓[39;22m[90m [39m[90mrole-based policies control resource access @ repetition 39 of 100[39m[90m                                          [39m [90m0.09s[39m  
  [32;1m✓[39;22m[90m [39m[90mrole-based policies control resource access @ repetition 40 of 100[39m[90m                                          [39m [90m0.09s[39m  
  [32;1m✓[39;22m[90m [39m[90mrole-based policies control resource access @ repetition 41 of 100[39m[90m                                          [39m [90m0.12s[39m  
  [32;1m✓[39;22m[90m [39m[90mrole-based policies control resource access @ repetition 42 of 100[39m[90m                                          [39m [90m0.09s[39m  
  [32;1m✓[39;22m[90m [39m[90mrole-based policies control resource access @ repetition 43 of 100[39m[90m                                          [39m [90m0.09s[39m  
  [32;1m✓[39;22m[90m [39m[90mrole-based policies control resource access @ repetition 44 of 100[39m[90m                                          [39m [90m0.09s[39m  
  [32;1m✓[39;22m[90m [39m[90mrole-based policies control resource access @ repetition 45 of 100[39m[90m                                          [39m [90m0.08s[39m  
  [32;1m✓[39;22m[90m [39m[90mrole-based policies control resource access @ repetition 46 of 100[39m[90m                                          [39m [90m0.08s[39m  
  [32;1m✓[39;22m[90m [39m[90mrole-based policies control resource access @ repetition 47 of 100[39m[90m                                          [39m [90m0.08s[39m  
  [32;1m✓[39;22m[90m [39m[90mrole-based policies control resource access @ repetition 48 of 100[39m[90m                                          [39m [90m0.08s[39m  
  [32;1m✓[39;22m[90m [39m[90mrole-based policies control resource access @ repetition 49 of 100[39m[90m                                          [39m [90m0.11s[39m  
  [32;1m✓[39;22m[90m [39m[90mrole-based policies control resource access @ repetition 50 of 100[39m[90m                                          [39m [90m0.08s[39m  
  [32;1m✓[39;22m[90m [39m[90mrole-based policies control resource access @ repetition 51 of 100[39m[90m                                          [39m [90m0.08s[39m  
  [32;1m✓[39;22m[90m [39m[90mrole-based policies control resource access @ repetition 52 of 100[39m[90m                                          [39m [90m0.08s[39m  
  [32;1m✓[39;22m[90m [39m[90mrole-based policies control resource access @ repetition 53 of 100[39m[90m                                          [39m [90m0.08s[39m  
  [32;1m✓[39;22m[90m [39m[90mrole-based policies control resource access @ repetition 54 of 100[39m[90m                                          [39m [90m0.08s[39m  
  [32;1m✓[39;22m[90m [39m[90mrole-based policies control resource access @ repetition 55 of 100[39m[90m                                          [39m [90m0.08s[39m  
  [32;1m✓[39;22m[90m [39m[90mrole-based policies control resource access @ repetition 56 of 100[39m[90m                                          [39m [90m0.08s[39m  
  [32;1m✓[39;22m[90m [39m[90mrole-based policies control resource access @ repetition 57 of 100[39m[90m                                          [39m [90m0.11s[39m  
  [32;1m✓[39;22m[90m [39m[90mrole-based policies control resource access @ repetition 58 of 100[39m[90m                                          [39m [90m0.08s[39m  
  [32;1m✓[39;22m[90m [39m[90mrole-based policies control resource access @ repetition 59 of 100[39m[90m                                          [39m [90m0.08s[39m  
  [32;1m✓[39;22m[90m [39m[90mrole-based policies control resource access @ repetition 60 of 100[39m[90m                                          [39m [90m0.08s[39m  
  [32;1m✓[39;22m[90m [39m[90mrole-based policies control resource access @ repetition 61 of 100[39m[90m                                          [39m [90m0.09s[39m  
  [32;1m✓[39;22m[90m [39m[90mrole-based policies control resource access @ repetition 62 of 100[39m[90m                                          [39m [90m0.08s[39m  
  [32;1m✓[39;22m[90m [39m[90mrole-based policies control resource access @ repetition 63 of 100[39m[90m                                          [39m [90m0.08s[39m  
  [32;1m✓[39;22m[90m [39m[90mrole-based policies control resource access @ repetition 64 of 100[39m[90m                                          [39m [90m0.08s[39m  
  [32;1m✓[39;22m[90m [39m[90mrole-based policies control resource access @ repetition 65 of 100[39m[90m                                          [39m [90m0.10s[39m  
  [32;1m✓[39;22m[90m [39m[90mrole-based policies control resource access @ repetition 66 of 100[39m[90m                                          [39m [90m0.08s[39m  
  [32;1m✓[39;22m[90m [39m[90mrole-based policies control resource access @ repetition 67 of 100[39m[90m                                          [39m [90m0.08s[39m  
  [32;1m✓[39;22m[90m [39m[90mrole-based policies control resource access @ repetition 68 of 100[39m[90m                                          [39m [90m0.08s[39m  
  [32;1m✓[39;22m[90m [39m[90mrole-based policies control resource access @ repetition 69 of 100[39m[90m                                          [39m [90m0.08s[39m  
  [32;1m✓[39;22m[90m [39m[90mrole-based policies control resource access @ repetition 70 of 100[39m[90m                                          [39m [90m0.08s[39m  
  [32;1m✓[39;22m[90m [39m[90mrole-based policies control resource access @ repetition 71 of 100[39m[90m                                          [39m [90m0.08s[39m  
  [32;1m✓[39;22m[90m [39m[90mrole-based policies control resource access @ repetition 72 of 100[39m[90m                                          [39m [90m0.08s[39m  
  [32;1m✓[39;22m[90m [39m[90mrole-based policies control resource access @ repetition 73 of 100[39m[90m                                          [39m [90m0.11s[39m  
  [32;1m✓[39;22m[90m [39m[90mrole-based policies control resource access @ repetition 74 of 100[39m[90m                                          [39m [90m0.08s[39m  
  [32;1m✓[39;22m[90m [39m[90mrole-based policies control resource access @ repetition 75 of 100[39m[90m                                          [39m [90m0.08s[39m  
  [32;1m✓[39;22m[90m [39m[90mrole-based policies control resource access @ repetition 76 of 100[39m[90m                                          [39m [90m0.09s[39m  
  [32;1m✓[39;22m[90m [39m[90mrole-based policies control resource access @ repetition 77 of 100[39m[90m                                          [39m [90m0.08s[39m  
  [32;1m✓[39;22m[90m [39m[90mrole-based policies control resource access @ repetition 78 of 100[39m[90m                                          [39m [90m0.08s[39m  
  [32;1m✓[39;22m[90m [39m[90mrole-based policies control resource access @ repetition 79 of 100[39m[90m                                          [39m [90m0.08s[39m  
  [32;1m✓[39;22m[90m [39m[90mrole-based policies control resource access @ repetition 80 of 100[39m[90m                                          [39m [90m0.08s[39m  
  [32;1m✓[39;22m[90m [39m[90mrole-based policies control resource access @ repetition 81 of 100[39m[90m                                          [39m [90m0.11s[39m  
  [32;1m✓[39;22m[90m [39m[90mrole-based policies control resource access @ repetition 82 of 100[39m[90m                                          [39m [90m0.08s[39m  
  [32;1m✓[39;22m[90m [39m[90mrole-based policies control resource access @ repetition 83 of 100[39m[90m                                          [39m [90m0.08s[39m  
  [32;1m✓[39;22m[90m [39m[90mrole-based policies control resource access @ repetition 84 of 100[39m[90m                                          [39m [90m0.08s[39m  
  [32;1m✓[39;22m[90m [39m[90mrole-based policies control resource access @ repetition 85 of 100[39m[90m                                          [39m [90m0.08s[39m  
  [32;1m✓[39;22m[90m [39m[90mrole-based policies control resource access @ repetition 86 of 100[39m[90m                                          [39m [90m0.08s[39m  
  [32;1m✓[39;22m[90m [39m[90mrole-based policies control resource access @ repetition 87 of 100[39m[90m                                          [39m [90m0.08s[39m  
  [32;1m✓[39;22m[90m [39m[90mrole-based policies control resource access @ repetition 88 of 100[39m[90m                                          [39m [90m0.09s[39m  
  [32;1m✓[39;22m[90m [39m[90mrole-based policies control resource access @ repetition 89 of 100[39m[90m                                          [39m [90m0.11s[39m  
  [32;1m✓[39;22m[90m [39m[90mrole-based policies control resource access @ repetition 90 of 100[39m[90m                                          [39m [90m0.08s[39m  
  [32;1m✓[39;22m[90m [39m[90mrole-based policies control resource access @ repetition 91 of 100[39m[90m                                          [39m [90m0.08s[39m  
  [32;1m✓[39;22m[90m [39m[90mrole-based policies control resource access @ repetition 92 of 100[39m[90m                                          [39m [90m0.08s[39m  
  [32;1m✓[39;22m[90m [39m[90mrole-based policies control resource access @ repetition 93 of 100[39m[90m                                          [39m [90m0.08s[39m  
  [32;1m✓[39;22m[90m [39m[90mrole-based policies control resource access @ repetition 94 of 100[39m[90m                                          [39m [90m0.08s[39m  
  [32;1m✓[39;22m[90m [39m[90mrole-based policies control resource access @ repetition 95 of 100[39m[90m                                          [39m [90m0.08s[39m  
  [32;1m✓[39;22m[90m [39m[90mrole-based policies control resource access @ repetition 96 of 100[39m[90m                                          [39m [90m0.08s[39m  
  [32;1m✓[39;22m[90m [39m[90mrole-based policies control resource access @ repetition 97 of 100[39m[90m                                          [39m [90m0.10s[39m  
  [32;1m✓[39;22m[90m [39m[90mrole-based policies control resource access @ repetition 98 of 100[39m[90m                                          [39m [90m0.08s[39m  
  [32;1m✓[39;22m[90m [39m[90mrole-based policies control resource access @ repetition 99 of 100[39m[90m                                          [39m [90m0.08s[39m  
  [32;1m✓[39;22m[90m [39m[90mrole-based policies control resource access @ repetition 100 of 100[39m[90m                                         [39m [90m0.08s[39m  
  [32;1m✓[39;22m[90m [39m[90mtenant role users can only view their own data @ repetition 1 of 100[39m[90m                                        [39m [90m0.08s[39m  
  [32;1m✓[39;22m[90m [39m[90mtenant role users can only view their own data @ repetition 2 of 100[39m[90m                                        [39m [90m0.08s[39m  
  [32;1m✓[39;22m[90m [39m[90mtenant role users can only view their own data @ repetition 3 of 100[39m[90m                                        [39m [90m0.08s[39m  
  [32;1m✓[39;22m[90m [39m[90mtenant role users can only view their own data @ repetition 4 of 100[39m[90m                                        [39m [90m0.11s[39m  
  [32;1m✓[39;22m[90m [39m[90mtenant role users can only view their own data @ repetition 5 of 100[39m[90m                                        [39m [90m0.08s[39m  
  [32;1m✓[39;22m[90m [39m[90mtenant role users can only view their own data @ repetition 6 of 100[39m[90m                                        [39m [90m0.08s[39m  
  [32;1m✓[39;22m[90m [39m[90mtenant role users can only view their own data @ repetition 7 of 100[39m[90m                                        [39m [90m0.08s[39m  
  [32;1m✓[39;22m[90m [39m[90mtenant role users can only view their own data @ repetition 8 of 100[39m[90m                                        [39m [90m0.08s[39m  
  [32;1m✓[39;22m[90m [39m[90mtenant role users can only view their own data @ repetition 9 of 100[39m[90m                                        [39m [90m0.08s[39m  
  [32;1m✓[39;22m[90m [39m[90mtenant role users can only view their own data @ repetition 10 of 100[39m[90m                                       [39m [90m0.08s[39m  
  [32;1m✓[39;22m[90m [39m[90mtenant role users can only view their own data @ repetition 11 of 100[39m[90m                                       [39m [90m0.08s[39m  
  [32;1m✓[39;22m[90m [39m[90mtenant role users can only view their own data @ repetition 12 of 100[39m[90m                                       [39m [90m0.12s[39m  
  [32;1m✓[39;22m[90m [39m[90mtenant role users can only view their own data @ repetition 13 of 100[39m[90m                                       [39m [90m0.09s[39m  
  [32;1m✓[39;22m[90m [39m[90mtenant role users can only view their own data @ repetition 14 of 100[39m[90m                                       [39m [90m0.08s[39m  
  [32;1m✓[39;22m[90m [39m[90mtenant role users can only view their own data @ repetition 15 of 100[39m[90m                                       [39m [90m0.09s[39m  
  [32;1m✓[39;22m[90m [39m[90mtenant role users can only view their own data @ repetition 16 of 100[39m[90m                                       [39m [90m0.08s[39m  
  [32;1m✓[39;22m[90m [39m[90mtenant role users can only view their own data @ repetition 17 of 100[39m[90m                                       [39m [90m0.08s[39m  
  [32;1m✓[39;22m[90m [39m[90mtenant role users can only view their own data @ repetition 18 of 100[39m[90m                                       [39m [90m0.08s[39m  
  [32;1m✓[39;22m[90m [39m[90mtenant role users can only view their own data @ repetition 19 of 100[39m[90m                                       [39m [90m0.08s[39m  
  [32;1m✓[39;22m[90m [39m[90mtenant role users can only view their own data @ repetition 20 of 100[39m[90m                                       [39m [90m0.11s[39m  
  [32;1m✓[39;22m[90m [39m[90mtenant role users can only view their own data @ repetition 21 of 100[39m[90m                                       [39m [90m0.08s[39m  
  [32;1m✓[39;22m[90m [39m[90mtenant role users can only view their own data @ repetition 22 of 100[39m[90m                                       [39m [90m0.08s[39m  
  [32;1m✓[39;22m[90m [39m[90mtenant role users can only view their own data @ repetition 23 of 100[39m[90m                                       [39m [90m0.09s[39m  
  [32;1m✓[39;22m[90m [39m[90mtenant role users can only view their own data @ repetition 24 of 100[39m[90m                                       [39m [90m0.08s[39m  
  [32;1m✓[39;22m[90m [39m[90mtenant role users can only view their own data @ repetition 25 of 100[39m[90m                                       [39m [90m0.09s[39m  
  [32;1m✓[39;22m[90m [39m[90mtenant role users can only view their own data @ repetition 26 of 100[39m[90m                                       [39m [90m0.09s[39m  
  [32;1m✓[39;22m[90m [39m[90mtenant role users can only view their own data @ repetition 27 of 100[39m[90m                                       [39m [90m0.09s[39m  
  [32;1m✓[39;22m[90m [39m[90mtenant role users can only view their own data @ repetition 28 of 100[39m[90m                                       [39m [90m0.11s[39m  
  [32;1m✓[39;22m[90m [39m[90mtenant role users can only view their own data @ repetition 29 of 100[39m[90m                                       [39m [90m0.08s[39m  
  [32;1m✓[39;22m[90m [39m[90mtenant role users can only view their own data @ repetition 30 of 100[39m[90m                                       [39m [90m0.08s[39m  
  [32;1m✓[39;22m[90m [39m[90mtenant role users can only view their own data @ repetition 31 of 100[39m[90m                                       [39m [90m0.08s[39m  
  [32;1m✓[39;22m[90m [39m[90mtenant role users can only view their own data @ repetition 32 of 100[39m[90m                                       [39m [90m0.08s[39m  
  [32;1m✓[39;22m[90m [39m[90mtenant role users can only view their own data @ repetition 33 of 100[39m[90m                                       [39m [90m0.08s[39m  
  [32;1m✓[39;22m[90m [39m[90mtenant role users can only view their own data @ repetition 34 of 100[39m[90m                                       [39m [90m0.08s[39m  
  [32;1m✓[39;22m[90m [39m[90mtenant role users can only view their own data @ repetition 35 of 100[39m[90m                                       [39m [90m0.08s[39m  
  [32;1m✓[39;22m[90m [39m[90mtenant role users can only view their own data @ repetition 36 of 100[39m[90m                                       [39m [90m0.11s[39m  
  [32;1m✓[39;22m[90m [39m[90mtenant role users can only view their own data @ repetition 37 of 100[39m[90m                                       [39m [90m0.08s[39m  
  [32;1m✓[39;22m[90m [39m[90mtenant role users can only view their own data @ repetition 38 of 100[39m[90m                                       [39m [90m0.09s[39m  
  [32;1m✓[39;22m[90m [39m[90mtenant role users can only view their own data @ repetition 39 of 100[39m[90m                                       [39m [90m0.09s[39m  
  [32;1m✓[39;22m[90m [39m[90mtenant role users can only view their own data @ repetition 40 of 100[39m[90m                                       [39m [90m0.09s[39m  
  [32;1m✓[39;22m[90m [39m[90mtenant role users can only view their own data @ repetition 41 of 100[39m[90m                                       [39m [90m0.09s[39m  
  [32;1m✓[39;22m[90m [39m[90mtenant role users can only view their own data @ repetition 42 of 100[39m[90m                                       [39m [90m0.08s[39m  
  [32;1m✓[39;22m[90m [39m[90mtenant role users can only view their own data @ repetition 43 of 100[39m[90m                                       [39m [90m0.08s[39m  
  [32;1m✓[39;22m[90m [39m[90mtenant role users can only view their own data @ repetition 44 of 100[39m[90m                                       [39m [90m0.11s[39m  
  [32;1m✓[39;22m[90m [39m[90mtenant role users can only view their own data @ repetition 45 of 100[39m[90m                                       [39m [90m0.08s[39m  
  [32;1m✓[39;22m[90m [39m[90mtenant role users can only view their own data @ repetition 46 of 100[39m[90m                                       [39m [90m0.08s[39m  
  [32;1m✓[39;22m[90m [39m[90mtenant role users can only view their own data @ repetition 47 of 100[39m[90m                                       [39m [90m0.08s[39m  
  [32;1m✓[39;22m[90m [39m[90mtenant role users can only view their own data @ repetition 48 of 100[39m[90m                                       [39m [90m0.08s[39m  
  [32;1m✓[39;22m[90m [39m[90mtenant role users can only view their own data @ repetition 49 of 100[39m[90m                                       [39m [90m0.08s[39m  
  [32;1m✓[39;22m[90m [39m[90mtenant role users can only view their own data @ repetition 50 of 100[39m[90m                                       [39m [90m0.08s[39m  
  [32;1m✓[39;22m[90m [39m[90mtenant role users can only view their own data @ repetition 51 of 100[39m[90m                                       [39m [90m0.08s[39m  
  [32;1m✓[39;22m[90m [39m[90mtenant role users can only view their own data @ repetition 52 of 100[39m[90m                                       [39m [90m0.10s[39m  
  [32;1m✓[39;22m[90m [39m[90mtenant role users can only view their own data @ repetition 53 of 100[39m[90m                                       [39m [90m0.08s[39m  
  [32;1m✓[39;22m[90m [39m[90mtenant role users can only view their own data @ repetition 54 of 100[39m[90m                                       [39m [90m0.08s[39m  
  [32;1m✓[39;22m[90m [39m[90mtenant role users can only view their own data @ repetition 55 of 100[39m[90m                                       [39m [90m0.08s[39m  
  [32;1m✓[39;22m[90m [39m[90mtenant role users can only view their own data @ repetition 56 of 100[39m[90m                                       [39m [90m0.08s[39m  
  [32;1m✓[39;22m[90m [39m[90mtenant role users can only view their own data @ repetition 57 of 100[39m[90m                                       [39m [90m0.08s[39m  
  [32;1m✓[39;22m[90m [39m[90mtenant role users can only view their own data @ repetition 58 of 100[39m[90m                                       [39m [90m0.08s[39m  
  [32;1m✓[39;22m[90m [39m[90mtenant role users can only view their own data @ repetition 59 of 100[39m[90m                                       [39m [90m0.08s[39m  
  [32;1m✓[39;22m[90m [39m[90mtenant role users can only view their own data @ repetition 60 of 100[39m[90m                                       [39m [90m0.11s[39m  
  [32;1m✓[39;22m[90m [39m[90mtenant role users can only view their own data @ repetition 61 of 100[39m[90m                                       [39m [90m0.08s[39m  
  [32;1m✓[39;22m[90m [39m[90mtenant role users can only view their own data @ repetition 62 of 100[39m[90m                                       [39m [90m0.08s[39m  
  [32;1m✓[39;22m[90m [39m[90mtenant role users can only view their own data @ repetition 63 of 100[39m[90m                                       [39m [90m0.08s[39m  
  [32;1m✓[39;22m[90m [39m[90mtenant role users can only view their own data @ repetition 64 of 100[39m[90m                                       [39m [90m0.08s[39m  
  [32;1m✓[39;22m[90m [39m[90mtenant role users can only view their own data @ repetition 65 of 100[39m[90m                                       [39m [90m0.08s[39m  
  [32;1m✓[39;22m[90m [39m[90mtenant role users can only view their own data @ repetition 66 of 100[39m[90m                                       [39m [90m0.08s[39m  
  [32;1m✓[39;22m[90m [39m[90mtenant role users can only view their own data @ repetition 67 of 100[39m[90m                                       [39m [90m0.08s[39m  
  [32;1m✓[39;22m[90m [39m[90mtenant role users can only view their own data @ repetition 68 of 100[39m[90m                                       [39m [90m0.11s[39m  
  [32;1m✓[39;22m[90m [39m[90mtenant role users can only view their own data @ repetition 69 of 100[39m[90m                                       [39m [90m0.08s[39m  
  [32;1m✓[39;22m[90m [39m[90mtenant role users can only view their own data @ repetition 70 of 100[39m[90m                                       [39m [90m0.08s[39m  
  [32;1m✓[39;22m[90m [39m[90mtenant role users can only view their own data @ repetition 71 of 100[39m[90m                                       [39m [90m0.08s[39m  
  [32;1m✓[39;22m[90m [39m[90mtenant role users can only view their own data @ repetition 72 of 100[39m[90m                                       [39m [90m0.08s[39m  
  [32;1m✓[39;22m[90m [39m[90mtenant role users can only view their own data @ repetition 73 of 100[39m[90m                                       [39m [90m0.08s[39m  
  [32;1m✓[39;22m[90m [39m[90mtenant role users can only view their own data @ repetition 74 of 100[39m[90m                                       [39m [90m0.08s[39m  
  [32;1m✓[39;22m[90m [39m[90mtenant role users can only view their own data @ repetition 75 of 100[39m[90m                                       [39m [90m0.08s[39m  
  [32;1m✓[39;22m[90m [39m[90mtenant role users can only view their own data @ repetition 76 of 100[39m[90m                                       [39m [90m0.11s[39m  
  [32;1m✓[39;22m[90m [39m[90mtenant role users can only view their own data @ repetition 77 of 100[39m[90m                                       [39m [90m0.08s[39m  
  [32;1m✓[39;22m[90m [39m[90mtenant role users can only view their own data @ repetition 78 of 100[39m[90m                                       [39m [90m0.08s[39m  
  [32;1m✓[39;22m[90m [39m[90mtenant role users can only view their own data @ repetition 79 of 100[39m[90m                                       [39m [90m0.08s[39m  
  [32;1m✓[39;22m[90m [39m[90mtenant role users can only view their own data @ repetition 80 of 100[39m[90m                                       [39m [90m0.08s[39m  
  [32;1m✓[39;22m[90m [39m[90mtenant role users can only view their own data @ repetition 81 of 100[39m[90m                                       [39m [90m0.08s[39m  
  [32;1m✓[39;22m[90m [39m[90mtenant role users can only view their own data @ repetition 82 of 100[39m[90m                                       [39m [90m0.08s[39m  
  [32;1m✓[39;22m[90m [39m[90mtenant role users can only view their own data @ repetition 83 of 100[39m[90m                                       [39m [90m0.08s[39m  
  [32;1m✓[39;22m[90m [39m[90mtenant role users can only view their own data @ repetition 84 of 100[39m[90m                                       [39m [90m0.11s[39m  
  [32;1m✓[39;22m[90m [39m[90mtenant role users can only view their own data @ repetition 85 of 100[39m[90m                                       [39m [90m0.08s[39m  
  [32;1m✓[39;22m[90m [39m[90mtenant role users can only view their own data @ repetition 86 of 100[39m[90m                                       [39m [90m0.08s[39m  
  [32;1m✓[39;22m[90m [39m[90mtenant role users can only view their own data @ repetition 87 of 100[39m[90m                                       [39m [90m0.08s[39m  
  [32;1m✓[39;22m[90m [39m[90mtenant role users can only view their own data @ repetition 88 of 100[39m[90m                                       [39m [90m0.08s[39m  
  [32;1m✓[39;22m[90m [39m[90mtenant role users can only view their own data @ repetition 89 of 100[39m[90m                                       [39m [90m0.08s[39m  
  [32;1m✓[39;22m[90m [39m[90mtenant role users can only view their own data @ repetition 90 of 100[39m[90m                                       [39m [90m0.08s[39m  
  [32;1m✓[39;22m[90m [39m[90mtenant role users can only view their own data @ repetition 91 of 100[39m[90m                                       [39m [90m0.08s[39m  
  [32;1m✓[39;22m[90m [39m[90mtenant role users can only view their own data @ repetition 92 of 100[39m[90m                                       [39m [90m0.11s[39m  
  [32;1m✓[39;22m[90m [39m[90mtenant role users can only view their own data @ repetition 93 of 100[39m[90m                                       [39m [90m0.09s[39m  
  [32;1m✓[39;22m[90m [39m[90mtenant role users can only view their own data @ repetition 94 of 100[39m[90m                                       [39m [90m0.08s[39m  
  [32;1m✓[39;22m[90m [39m[90mtenant role users can only view their own data @ repetition 95 of 100[39m[90m                                       [39m [90m0.08s[39m  
  [32;1m✓[39;22m[90m [39m[90mtenant role users can only view their own data @ repetition 96 of 100[39m[90m                                       [39m [90m0.08s[39m  
  [32;1m✓[39;22m[90m [39m[90mtenant role users can only view their own data @ repetition 97 of 100[39m[90m                                       [39m [90m0.08s[39m  
  [32;1m✓[39;22m[90m [39m[90mtenant role users can only view their own data @ repetition 98 of 100[39m[90m                                       [39m [90m0.08s[39m  
  [32;1m✓[39;22m[90m [39m[90mtenant role users can only view their own data @ repetition 99 of 100[39m[90m                                       [39m [90m0.08s[39m  
  [32;1m✓[39;22m[90m [39m[90mtenant role users can only view their own data @ repetition 100 of 100[39m[90m                                      [39m [90m0.11s[39m  
  [32;1m✓[39;22m[90m [39m[90mweekend tariff rates apply on Saturday and Sunday @ repetition 1 of 100[39m[90m                                     [39m [90m0.08s[39m  
  [32;1m✓[39;22m[90m [39m[90mweekend tariff rates apply on Saturday and Sunday @ repetition 2 of 100[39m[90m                                     [39m [90m0.08s[39m  
  [32;1m✓[39;22m[90m [39m[90mweekend tariff rates apply on Saturday and Sunday @ repetition 3 of 100[39m[90m                                     [39m [90m0.08s[39m  
  [32;1m✓[39;22m[90m [39m[90mweekend tariff rates apply on Saturday and Sunday @ repetition 4 of 100[39m[90m                                     [39m [90m0.08s[39m  
  [32;1m✓[39;22m[90m [39m[90mweekend tariff rates apply on Saturday and Sunday @ repetition 5 of 100[39m[90m                                     [39m [90m0.08s[39m  
  [32;1m✓[39;22m[90m [39m[90mweekend tariff rates apply on Saturday and Sunday @ repetition 6 of 100[39m[90m                                     [39m [90m0.08s[39m  
  [32;1m✓[39;22m[90m [39m[90mweekend tariff rates apply on Saturday and Sunday @ repetition 7 of 100[39m[90m                                     [39m [90m0.08s[39m  
  [32;1m✓[39;22m[90m [39m[90mweekend tariff rates apply on Saturday and Sunday @ repetition 8 of 100[39m[90m                                     [39m [90m0.11s[39m  
  [32;1m✓[39;22m[90m [39m[90mweekend tariff rates apply on Saturday and Sunday @ repetition 9 of 100[39m[90m                                     [39m [90m0.08s[39m  
  [32;1m✓[39;22m[90m [39m[90mweekend tariff rates apply on Saturday and Sunday @ repetition 10 of 100[39m[90m                                    [39m [90m0.08s[39m  
  [32;1m✓[39;22m[90m [39m[90mweekend tariff rates apply on Saturday and Sunday @ repetition 11 of 100[39m[90m                                    [39m [90m0.08s[39m  
  [32;1m✓[39;22m[90m [39m[90mweekend tariff rates apply on Saturday and Sunday @ repetition 12 of 100[39m[90m                                    [39m [90m0.08s[39m  
  [32;1m✓[39;22m[90m [39m[90mweekend tariff rates apply on Saturday and Sunday @ repetition 13 of 100[39m[90m                                    [39m [90m0.08s[39m  
  [32;1m✓[39;22m[90m [39m[90mweekend tariff rates apply on Saturday and Sunday @ repetition 14 of 100[39m[90m                                    [39m [90m0.08s[39m  
  [32;1m✓[39;22m[90m [39m[90mweekend tariff rates apply on Saturday and Sunday @ repetition 15 of 100[39m[90m                                    [39m [90m0.08s[39m  
  [32;1m✓[39;22m[90m [39m[90mweekend tariff rates apply on Saturday and Sunday @ repetition 16 of 100[39m[90m                                    [39m [90m0.10s[39m  
  [32;1m✓[39;22m[90m [39m[90mweekend tariff rates apply on Saturday and Sunday @ repetition 17 of 100[39m[90m                                    [39m [90m0.08s[39m  
  [32;1m✓[39;22m[90m [39m[90mweekend tariff rates apply on Saturday and Sunday @ repetition 18 of 100[39m[90m                                    [39m [90m0.08s[39m  
  [32;1m✓[39;22m[90m [39m[90mweekend tariff rates apply on Saturday and Sunday @ repetition 19 of 100[39m[90m                                    [39m [90m0.08s[39m  
  [32;1m✓[39;22m[90m [39m[90mweekend tariff rates apply on Saturday and Sunday @ repetition 20 of 100[39m[90m                                    [39m [90m0.08s[39m  
  [32;1m✓[39;22m[90m [39m[90mweekend tariff rates apply on Saturday and Sunday @ repetition 21 of 100[39m[90m                                    [39m [90m0.08s[39m  
  [32;1m✓[39;22m[90m [39m[90mweekend tariff rates apply on Saturday and Sunday @ repetition 22 of 100[39m[90m                                    [39m [90m0.08s[39m  
  [32;1m✓[39;22m[90m [39m[90mweekend tariff rates apply on Saturday and Sunday @ repetition 23 of 100[39m[90m                                    [39m [90m0.08s[39m  
  [32;1m✓[39;22m[90m [39m[90mweekend tariff rates apply on Saturday and Sunday @ repetition 24 of 100[39m[90m                                    [39m [90m0.10s[39m  
  [32;1m✓[39;22m[90m [39m[90mweekend tariff rates apply on Saturday and Sunday @ repetition 25 of 100[39m[90m                                    [39m [90m0.08s[39m  
  [32;1m✓[39;22m[90m [39m[90mweekend tariff rates apply on Saturday and Sunday @ repetition 26 of 100[39m[90m                                    [39m [90m0.08s[39m  
  [32;1m✓[39;22m[90m [39m[90mweekend tariff rates apply on Saturday and Sunday @ repetition 27 of 100[39m[90m                                    [39m [90m0.08s[39m  
  [32;1m✓[39;22m[90m [39m[90mweekend tariff rates apply on Saturday and Sunday @ repetition 28 of 100[39m[90m                                    [39m [90m0.08s[39m  
  [32;1m✓[39;22m[90m [39m[90mweekend tariff rates apply on Saturday and Sunday @ repetition 29 of 100[39m[90m                                    [39m [90m0.08s[39m  
  [32;1m✓[39;22m[90m [39m[90mweekend tariff rates apply on Saturday and Sunday @ repetition 30 of 100[39m[90m                                    [39m [90m0.08s[39m  
  [32;1m✓[39;22m[90m [39m[90mweekend tariff rates apply on Saturday and Sunday @ repetition 31 of 100[39m[90m                                    [39m [90m0.08s[39m  
  [32;1m✓[39;22m[90m [39m[90mweekend tariff rates apply on Saturday and Sunday @ repetition 32 of 100[39m[90m                                    [39m [90m0.10s[39m  
  [32;1m✓[39;22m[90m [39m[90mweekend tariff rates apply on Saturday and Sunday @ repetition 33 of 100[39m[90m                                    [39m [90m0.08s[39m  
  [32;1m✓[39;22m[90m [39m[90mweekend tariff rates apply on Saturday and Sunday @ repetition 34 of 100[39m[90m                                    [39m [90m0.08s[39m  
  [32;1m✓[39;22m[90m [39m[90mweekend tariff rates apply on Saturday and Sunday @ repetition 35 of 100[39m[90m                                    [39m [90m0.08s[39m  
  [32;1m✓[39;22m[90m [39m[90mweekend tariff rates apply on Saturday and Sunday @ repetition 36 of 100[39m[90m                                    [39m [90m0.08s[39m  
  [32;1m✓[39;22m[90m [39m[90mweekend tariff rates apply on Saturday and Sunday @ repetition 37 of 100[39m[90m                                    [39m [90m0.08s[39m  
  [32;1m✓[39;22m[90m [39m[90mweekend tariff rates apply on Saturday and Sunday @ repetition 38 of 100[39m[90m                                    [39m [90m0.08s[39m  
  [32;1m✓[39;22m[90m [39m[90mweekend tariff rates apply on Saturday and Sunday @ repetition 39 of 100[39m[90m                                    [39m [90m0.08s[39m  
  [32;1m✓[39;22m[90m [39m[90mweekend tariff rates apply on Saturday and Sunday @ repetition 40 of 100[39m[90m                                    [39m [90m0.10s[39m  
  [32;1m✓[39;22m[90m [39m[90mweekend tariff rates apply on Saturday and Sunday @ repetition 41 of 100[39m[90m                                    [39m [90m0.08s[39m  
  [32;1m✓[39;22m[90m [39m[90mweekend tariff rates apply on Saturday and Sunday @ repetition 42 of 100[39m[90m                                    [39m [90m0.08s[39m  
  [32;1m✓[39;22m[90m [39m[90mweekend tariff rates apply on Saturday and Sunday @ repetition 43 of 100[39m[90m                                    [39m [90m0.08s[39m  
  [32;1m✓[39;22m[90m [39m[90mweekend tariff rates apply on Saturday and Sunday @ repetition 44 of 100[39m[90m                                    [39m [90m0.08s[39m  
  [32;1m✓[39;22m[90m [39m[90mweekend tariff rates apply on Saturday and Sunday @ repetition 45 of 100[39m[90m                                    [39m [90m0.08s[39m  
  [32;1m✓[39;22m[90m [39m[90mweekend tariff rates apply on Saturday and Sunday @ repetition 46 of 100[39m[90m                                    [39m [90m0.08s[39m  
  [32;1m✓[39;22m[90m [39m[90mweekend tariff rates apply on Saturday and Sunday @ repetition 47 of 100[39m[90m                                    [39m [90m0.08s[39m  
  [32;1m✓[39;22m[90m [39m[90mweekend tariff rates apply on Saturday and Sunday @ repetition 48 of 100[39m[90m                                    [39m [90m0.11s[39m  
  [32;1m✓[39;22m[90m [39m[90mweekend tariff rates apply on Saturday and Sunday @ repetition 49 of 100[39m[90m                                    [39m [90m0.08s[39m  
  [32;1m✓[39;22m[90m [39m[90mweekend tariff rates apply on Saturday and Sunday @ repetition 50 of 100[39m[90m                                    [39m [90m0.08s[39m  
  [32;1m✓[39;22m[90m [39m[90mweekend tariff rates apply on Saturday and Sunday @ repetition 51 of 100[39m[90m                                    [39m [90m0.08s[39m  
  [32;1m✓[39;22m[90m [39m[90mweekend tariff rates apply on Saturday and Sunday @ repetition 52 of 100[39m[90m                                    [39m [90m0.08s[39m  
  [32;1m✓[39;22m[90m [39m[90mweekend tariff rates apply on Saturday and Sunday @ repetition 53 of 100[39m[90m                                    [39m [90m0.08s[39m  
  [32;1m✓[39;22m[90m [39m[90mweekend tariff rates apply on Saturday and Sunday @ repetition 54 of 100[39m[90m                                    [39m [90m0.08s[39m  
  [32;1m✓[39;22m[90m [39m[90mweekend tariff rates apply on Saturday and Sunday @ repetition 55 of 100[39m[90m                                    [39m [90m0.08s[39m  
  [32;1m✓[39;22m[90m [39m[90mweekend tariff rates apply on Saturday and Sunday @ repetition 56 of 100[39m[90m                                    [39m [90m0.11s[39m  
  [32;1m✓[39;22m[90m [39m[90mweekend tariff rates apply on Saturday and Sunday @ repetition 57 of 100[39m[90m                                    [39m [90m0.08s[39m  
  [32;1m✓[39;22m[90m [39m[90mweekend tariff rates apply on Saturday and Sunday @ repetition 58 of 100[39m[90m                                    [39m [90m0.08s[39m  
  [32;1m✓[39;22m[90m [39m[90mweekend tariff rates apply on Saturday and Sunday @ repetition 59 of 100[39m[90m                                    [39m [90m0.08s[39m  
  [32;1m✓[39;22m[90m [39m[90mweekend tariff rates apply on Saturday and Sunday @ repetition 60 of 100[39m[90m                                    [39m [90m0.08s[39m  
  [32;1m✓[39;22m[90m [39m[90mweekend tariff rates apply on Saturday and Sunday @ repetition 61 of 100[39m[90m                                    [39m [90m0.08s[39m  
  [32;1m✓[39;22m[90m [39m[90mweekend tariff rates apply on Saturday and Sunday @ repetition 62 of 100[39m[90m                                    [39m [90m0.08s[39m  
  [32;1m✓[39;22m[90m [39m[90mweekend tariff rates apply on Saturday and Sunday @ repetition 63 of 100[39m[90m                                    [39m [90m0.08s[39m  
  [32;1m✓[39;22m[90m [39m[90mweekend tariff rates apply on Saturday and Sunday @ repetition 64 of 100[39m[90m                                    [39m [90m0.10s[39m  
  [32;1m✓[39;22m[90m [39m[90mweekend tariff rates apply on Saturday and Sunday @ repetition 65 of 100[39m[90m                                    [39m [90m0.08s[39m  
  [32;1m✓[39;22m[90m [39m[90mweekend tariff rates apply on Saturday and Sunday @ repetition 66 of 100[39m[90m                                    [39m [90m0.08s[39m  
  [32;1m✓[39;22m[90m [39m[90mweekend tariff rates apply on Saturday and Sunday @ repetition 67 of 100[39m[90m                                    [39m [90m0.08s[39m  
  [32;1m✓[39;22m[90m [39m[90mweekend tariff rates apply on Saturday and Sunday @ repetition 68 of 100[39m[90m                                    [39m [90m0.08s[39m  
  [32;1m✓[39;22m[90m [39m[90mweekend tariff rates apply on Saturday and Sunday @ repetition 69 of 100[39m[90m                                    [39m [90m0.08s[39m  
  [32;1m✓[39;22m[90m [39m[90mweekend tariff rates apply on Saturday and Sunday @ repetition 70 of 100[39m[90m                                    [39m [90m0.08s[39m  
  [32;1m✓[39;22m[90m [39m[90mweekend tariff rates apply on Saturday and Sunday @ repetition 71 of 100[39m[90m                                    [39m [90m0.08s[39m  
  [32;1m✓[39;22m[90m [39m[90mweekend tariff rates apply on Saturday and Sunday @ repetition 72 of 100[39m[90m                                    [39m [90m0.10s[39m  
  [32;1m✓[39;22m[90m [39m[90mweekend tariff rates apply on Saturday and Sunday @ repetition 73 of 100[39m[90m                                    [39m [90m0.08s[39m  
  [32;1m✓[39;22m[90m [39m[90mweekend tariff rates apply on Saturday and Sunday @ repetition 74 of 100[39m[90m                                    [39m [90m0.08s[39m  
  [32;1m✓[39;22m[90m [39m[90mweekend tariff rates apply on Saturday and Sunday @ repetition 75 of 100[39m[90m                                    [39m [90m0.08s[39m  
  [32;1m✓[39;22m[90m [39m[90mweekend tariff rates apply on Saturday and Sunday @ repetition 76 of 100[39m[90m                                    [39m [90m0.08s[39m  
  [32;1m✓[39;22m[90m [39m[90mweekend tariff rates apply on Saturday and Sunday @ repetition 77 of 100[39m[90m                                    [39m [90m0.08s[39m  
  [32;1m✓[39;22m[90m [39m[90mweekend tariff rates apply on Saturday and Sunday @ repetition 78 of 100[39m[90m                                    [39m [90m0.08s[39m  
  [32;1m✓[39;22m[90m [39m[90mweekend tariff rates apply on Saturday and Sunday @ repetition 79 of 100[39m[90m                                    [39m [90m0.09s[39m  
  [32;1m✓[39;22m[90m [39m[90mweekend tariff rates apply on Saturday and Sunday @ repetition 80 of 100[39m[90m                                    [39m [90m0.12s[39m  
  [32;1m✓[39;22m[90m [39m[90mweekend tariff rates apply on Saturday and Sunday @ repetition 81 of 100[39m[90m                                    [39m [90m0.08s[39m  
  [32;1m✓[39;22m[90m [39m[90mweekend tariff rates apply on Saturday and Sunday @ repetition 82 of 100[39m[90m                                    [39m [90m0.08s[39m  
  [32;1m✓[39;22m[90m [39m[90mweekend tariff rates apply on Saturday and Sunday @ repetition 83 of 100[39m[90m                                    [39m [90m0.08s[39m  
  [32;1m✓[39;22m[90m [39m[90mweekend tariff rates apply on Saturday and Sunday @ repetition 84 of 100[39m[90m                                    [39m [90m0.08s[39m  
  [32;1m✓[39;22m[90m [39m[90mweekend tariff rates apply on Saturday and Sunday @ repetition 85 of 100[39m[90m                                    [39m [90m0.08s[39m  
  [32;1m✓[39;22m[90m [39m[90mweekend tariff rates apply on Saturday and Sunday @ repetition 86 of 100[39m[90m                                    [39m [90m0.08s[39m  
  [32;1m✓[39;22m[90m [39m[90mweekend tariff rates apply on Saturday and Sunday @ repetition 87 of 100[39m[90m                                    [39m [90m0.08s[39m  
  [32;1m✓[39;22m[90m [39m[90mweekend tariff rates apply on Saturday and Sunday @ repetition 88 of 100[39m[90m                                    [39m [90m0.10s[39m  
  [32;1m✓[39;22m[90m [39m[90mweekend tariff rates apply on Saturday and Sunday @ repetition 89 of 100[39m[90m                                    [39m [90m0.08s[39m  
  [32;1m✓[39;22m[90m [39m[90mweekend tariff rates apply on Saturday and Sunday @ repetition 90 of 100[39m[90m                                    [39m [90m0.09s[39m  
  [32;1m✓[39;22m[90m [39m[90mweekend tariff rates apply on Saturday and Sunday @ repetition 91 of 100[39m[90m                                    [39m [90m0.08s[39m  
  [32;1m✓[39;22m[90m [39m[90mweekend tariff rates apply on Saturday and Sunday @ repetition 92 of 100[39m[90m                                    [39m [90m0.08s[39m  
  [32;1m✓[39;22m[90m [39m[90mweekend tariff rates apply on Saturday and Sunday @ repetition 93 of 100[39m[90m                                    [39m [90m0.08s[39m  
  [32;1m✓[39;22m[90m [39m[90mweekend tariff rates apply on Saturday and Sunday @ repetition 94 of 100[39m[90m                                    [39m [90m0.08s[39m  
  [32;1m✓[39;22m[90m [39m[90mweekend tariff rates apply on Saturday and Sunday @ repetition 95 of 100[39m[90m                                    [39m [90m0.08s[39m  
  [32;1m✓[39;22m[90m [39m[90mweekend tariff rates apply on Saturday and Sunday @ repetition 96 of 100[39m[90m                                    [39m [90m0.10s[39m  
  [32;1m✓[39;22m[90m [39m[90mweekend tariff rates apply on Saturday and Sunday @ repetition 97 of 100[39m[90m                                    [39m [90m0.08s[39m  
  [32;1m✓[39;22m[90m [39m[90mweekend tariff rates apply on Saturday and Sunday @ repetition 98 of 100[39m[90m                                    [39m [90m0.08s[39m  
  [32;1m✓[39;22m[90m [39m[90mweekend tariff rates apply on Saturday and Sunday @ repetition 99 of 100[39m[90m                                    [39m [90m0.08s[39m  
  [32;1m✓[39;22m[90m [39m[90mweekend tariff rates apply on Saturday and Sunday @ repetition 100 of 100[39m[90m                                   [39m [90m0.08s[39m  
  [32;1m✓[39;22m[90m [39m[90mproperty types receive appropriate tariffs @ repetition 1 of 100[39m[90m                                            [39m [90m0.08s[39m  
  [32;1m✓[39;22m[90m [39m[90mproperty types receive appropriate tariffs @ repetition 2 of 100[39m[90m                                            [39m [90m0.08s[39m  
  [32;1m✓[39;22m[90m [39m[90mproperty types receive appropriate tariffs @ repetition 3 of 100[39m[90m                                            [39m [90m0.08s[39m  
  [32;1m✓[39;22m[90m [39m[90mproperty types receive appropriate tariffs @ repetition 4 of 100[39m[90m                                            [39m [90m0.11s[39m  
  [32;1m✓[39;22m[90m [39m[90mproperty types receive appropriate tariffs @ repetition 5 of 100[39m[90m                                            [39m [90m0.08s[39m  
  [32;1m✓[39;22m[90m [39m[90mproperty types receive appropriate tariffs @ repetition 6 of 100[39m[90m                                            [39m [90m0.08s[39m  
  [32;1m✓[39;22m[90m [39m[90mproperty types receive appropriate tariffs @ repetition 7 of 100[39m[90m                                            [39m [90m0.08s[39m  
  [32;1m✓[39;22m[90m [39m[90mproperty types receive appropriate tariffs @ repetition 8 of 100[39m[90m                                            [39m [90m0.08s[39m  
  [32;1m✓[39;22m[90m [39m[90mproperty types receive appropriate tariffs @ repetition 9 of 100[39m[90m                                            [39m [90m0.09s[39m  
  [32;1m✓[39;22m[90m [39m[90mproperty types receive appropriate tariffs @ repetition 10 of 100[39m[90m                                           [39m [90m0.09s[39m  
  [32;1m✓[39;22m[90m [39m[90mproperty types receive appropriate tariffs @ repetition 11 of 100[39m[90m                                           [39m [90m0.12s[39m  
  [32;1m✓[39;22m[90m [39m[90mproperty types receive appropriate tariffs @ repetition 12 of 100[39m[90m                                           [39m [90m0.12s[39m  
  [32;1m✓[39;22m[90m [39m[90mproperty types receive appropriate tariffs @ repetition 13 of 100[39m[90m                                           [39m [90m0.10s[39m  
  [32;1m✓[39;22m[90m [39m[90mproperty types receive appropriate tariffs @ repetition 14 of 100[39m[90m                                           [39m [90m0.09s[39m  
  [32;1m✓[39;22m[90m [39m[90mproperty types receive appropriate tariffs @ repetition 15 of 100[39m[90m                                           [39m [90m0.08s[39m  
  [32;1m✓[39;22m[90m [39m[90mproperty types receive appropriate tariffs @ repetition 16 of 100[39m[90m                                           [39m [90m0.08s[39m  
  [32;1m✓[39;22m[90m [39m[90mproperty types receive appropriate tariffs @ repetition 17 of 100[39m[90m                                           [39m [90m0.11s[39m  
  [32;1m✓[39;22m[90m [39m[90mproperty types receive appropriate tariffs @ repetition 18 of 100[39m[90m                                           [39m [90m0.09s[39m  
  [32;1m✓[39;22m[90m [39m[90mproperty types receive appropriate tariffs @ repetition 19 of 100[39m[90m                                           [39m [90m0.09s[39m  
  [32;1m✓[39;22m[90m [39m[90mproperty types receive appropriate tariffs @ repetition 20 of 100[39m[90m                                           [39m [90m0.11s[39m  
  [32;1m✓[39;22m[90m [39m[90mproperty types receive appropriate tariffs @ repetition 21 of 100[39m[90m                                           [39m [90m0.08s[39m  
  [32;1m✓[39;22m[90m [39m[90mproperty types receive appropriate tariffs @ repetition 22 of 100[39m[90m                                           [39m [90m0.08s[39m  
  [32;1m✓[39;22m[90m [39m[90mproperty types receive appropriate tariffs @ repetition 23 of 100[39m[90m                                           [39m [90m0.08s[39m  
  [32;1m✓[39;22m[90m [39m[90mproperty types receive appropriate tariffs @ repetition 24 of 100[39m[90m                                           [39m [90m0.08s[39m  
  [32;1m✓[39;22m[90m [39m[90mproperty types receive appropriate tariffs @ repetition 25 of 100[39m[90m                                           [39m [90m0.08s[39m  
  [32;1m✓[39;22m[90m [39m[90mproperty types receive appropriate tariffs @ repetition 26 of 100[39m[90m                                           [39m [90m0.08s[39m  
  [32;1m✓[39;22m[90m [39m[90mproperty types receive appropriate tariffs @ repetition 27 of 100[39m[90m                                           [39m [90m0.07s[39m  
  [32;1m✓[39;22m[90m [39m[90mproperty types receive appropriate tariffs @ repetition 28 of 100[39m[90m                                           [39m [90m0.10s[39m  
  [32;1m✓[39;22m[90m [39m[90mproperty types receive appropriate tariffs @ repetition 29 of 100[39m[90m                                           [39m [90m0.08s[39m  
  [32;1m✓[39;22m[90m [39m[90mproperty types receive appropriate tariffs @ repetition 30 of 100[39m[90m                                           [39m [90m0.07s[39m  
  [32;1m✓[39;22m[90m [39m[90mproperty types receive appropriate tariffs @ repetition 31 of 100[39m[90m                                           [39m [90m0.08s[39m  
  [32;1m✓[39;22m[90m [39m[90mproperty types receive appropriate tariffs @ repetition 32 of 100[39m[90m                                           [39m [90m0.08s[39m  
  [32;1m✓[39;22m[90m [39m[90mproperty types receive appropriate tariffs @ repetition 33 of 100[39m[90m                                           [39m [90m0.07s[39m  
  [32;1m✓[39;22m[90m [39m[90mproperty types receive appropriate tariffs @ repetition 34 of 100[39m[90m                                           [39m [90m0.08s[39m  
  [32;1m✓[39;22m[90m [39m[90mproperty types receive appropriate tariffs @ repetition 35 of 100[39m[90m                                           [39m [90m0.07s[39m  
  [32;1m✓[39;22m[90m [39m[90mproperty types receive appropriate tariffs @ repetition 36 of 100[39m[90m                                           [39m [90m0.10s[39m  
  [32;1m✓[39;22m[90m [39m[90mproperty types receive appropriate tariffs @ repetition 37 of 100[39m[90m                                           [39m [90m0.08s[39m  
  [32;1m✓[39;22m[90m [39m[90mproperty types receive appropriate tariffs @ repetition 38 of 100[39m[90m                                           [39m [90m0.08s[39m  
  [32;1m✓[39;22m[90m [39m[90mproperty types receive appropriate tariffs @ repetition 39 of 100[39m[90m                                           [39m [90m0.08s[39m  
  [32;1m✓[39;22m[90m [39m[90mproperty types receive appropriate tariffs @ repetition 40 of 100[39m[90m                                           [39m [90m0.08s[39m  
  [32;1m✓[39;22m[90m [39m[90mproperty types receive appropriate tariffs @ repetition 41 of 100[39m[90m                                           [39m [90m0.08s[39m  
  [32;1m✓[39;22m[90m [39m[90mproperty types receive appropriate tariffs @ repetition 42 of 100[39m[90m                                           [39m [90m0.08s[39m  
  [32;1m✓[39;22m[90m [39m[90mproperty types receive appropriate tariffs @ repetition 43 of 100[39m[90m                                           [39m [90m0.08s[39m  
  [32;1m✓[39;22m[90m [39m[90mproperty types receive appropriate tariffs @ repetition 44 of 100[39m[90m                                           [39m [90m0.10s[39m  
  [32;1m✓[39;22m[90m [39m[90mproperty types receive appropriate tariffs @ repetition 45 of 100[39m[90m                                           [39m [90m0.08s[39m  
  [32;1m✓[39;22m[90m [39m[90mproperty types receive appropriate tariffs @ repetition 46 of 100[39m[90m                                           [39m [90m0.07s[39m  
  [32;1m✓[39;22m[90m [39m[90mproperty types receive appropriate tariffs @ repetition 47 of 100[39m[90m                                           [39m [90m0.08s[39m  
  [32;1m✓[39;22m[90m [39m[90mproperty types receive appropriate tariffs @ repetition 48 of 100[39m[90m                                           [39m [90m0.07s[39m  
  [32;1m✓[39;22m[90m [39m[90mproperty types receive appropriate tariffs @ repetition 49 of 100[39m[90m                                           [39m [90m0.08s[39m  
  [32;1m✓[39;22m[90m [39m[90mproperty types receive appropriate tariffs @ repetition 50 of 100[39m[90m                                           [39m [90m0.08s[39m  
  [32;1m✓[39;22m[90m [39m[90mproperty types receive appropriate tariffs @ repetition 51 of 100[39m[90m                                           [39m [90m0.08s[39m  
  [32;1m✓[39;22m[90m [39m[90mproperty types receive appropriate tariffs @ repetition 52 of 100[39m[90m                                           [39m [90m0.10s[39m  
  [32;1m✓[39;22m[90m [39m[90mproperty types receive appropriate tariffs @ repetition 53 of 100[39m[90m                                           [39m [90m0.08s[39m  
  [32;1m✓[39;22m[90m [39m[90mproperty types receive appropriate tariffs @ repetition 54 of 100[39m[90m                                           [39m [90m0.08s[39m  
  [32;1m✓[39;22m[90m [39m[90mproperty types receive appropriate tariffs @ repetition 55 of 100[39m[90m                                           [39m [90m0.08s[39m  
  [32;1m✓[39;22m[90m [39m[90mproperty types receive appropriate tariffs @ repetition 56 of 100[39m[90m                                           [39m [90m0.08s[39m  
  [32;1m✓[39;22m[90m [39m[90mproperty types receive appropriate tariffs @ repetition 57 of 100[39m[90m                                           [39m [90m0.08s[39m  
  [32;1m✓[39;22m[90m [39m[90mproperty types receive appropriate tariffs @ repetition 58 of 100[39m[90m                                           [39m [90m0.08s[39m  
  [32;1m✓[39;22m[90m [39m[90mproperty types receive appropriate tariffs @ repetition 59 of 100[39m[90m                                           [39m [90m0.08s[39m  
  [32;1m✓[39;22m[90m [39m[90mproperty types receive appropriate tariffs @ repetition 60 of 100[39m[90m                                           [39m [90m0.10s[39m  
  [32;1m✓[39;22m[90m [39m[90mproperty types receive appropriate tariffs @ repetition 61 of 100[39m[90m                                           [39m [90m0.08s[39m  
  [32;1m✓[39;22m[90m [39m[90mproperty types receive appropriate tariffs @ repetition 62 of 100[39m[90m                                           [39m [90m0.08s[39m  
  [32;1m✓[39;22m[90m [39m[90mproperty types receive appropriate tariffs @ repetition 63 of 100[39m[90m                                           [39m [90m0.08s[39m  
  [32;1m✓[39;22m[90m [39m[90mproperty types receive appropriate tariffs @ repetition 64 of 100[39m[90m                                           [39m [90m0.08s[39m  
  [32;1m✓[39;22m[90m [39m[90mproperty types receive appropriate tariffs @ repetition 65 of 100[39m[90m                                           [39m [90m0.08s[39m  
  [32;1m✓[39;22m[90m [39m[90mproperty types receive appropriate tariffs @ repetition 66 of 100[39m[90m                                           [39m [90m0.08s[39m  
  [32;1m✓[39;22m[90m [39m[90mproperty types receive appropriate tariffs @ repetition 67 of 100[39m[90m                                           [39m [90m0.10s[39m  
  [32;1m✓[39;22m[90m [39m[90mproperty types receive appropriate tariffs @ repetition 68 of 100[39m[90m                                           [39m [90m0.13s[39m  
  [32;1m✓[39;22m[90m [39m[90mproperty types receive appropriate tariffs @ repetition 69 of 100[39m[90m                                           [39m [90m0.10s[39m  
  [32;1m✓[39;22m[90m [39m[90mproperty types receive appropriate tariffs @ repetition 70 of 100[39m[90m                                           [39m [90m0.10s[39m  
  [32;1m✓[39;22m[90m [39m[90mproperty types receive appropriate tariffs @ repetition 71 of 100[39m[90m                                           [39m [90m0.10s[39m  
  [32;1m✓[39;22m[90m [39m[90mproperty types receive appropriate tariffs @ repetition 72 of 100[39m[90m                                           [39m [90m0.11s[39m  
  [32;1m✓[39;22m[90m [39m[90mproperty types receive appropriate tariffs @ repetition 73 of 100[39m[90m                                           [39m [90m0.12s[39m  
  [32;1m✓[39;22m[90m [39m[90mproperty types receive appropriate tariffs @ repetition 74 of 100[39m[90m                                           [39m [90m0.10s[39m  
  [32;1m✓[39;22m[90m [39m[90mproperty types receive appropriate tariffs @ repetition 75 of 100[39m[90m                                           [39m [90m0.11s[39m  
  [32;1m✓[39;22m[90m [39m[90mproperty types receive appropriate tariffs @ repetition 76 of 100[39m[90m                                           [39m [90m0.14s[39m  
  [32;1m✓[39;22m[90m [39m[90mproperty types receive appropriate tariffs @ repetition 77 of 100[39m[90m                                           [39m [90m0.13s[39m  
  [32;1m✓[39;22m[90m [39m[90mproperty types receive appropriate tariffs @ repetition 78 of 100[39m[90m                                           [39m [90m0.11s[39m  
  [32;1m✓[39;22m[90m [39m[90mproperty types receive appropriate tariffs @ repetition 79 of 100[39m[90m                                           [39m [90m0.10s[39m  
  [32;1m✓[39;22m[90m [39m[90mproperty types receive appropriate tariffs @ repetition 80 of 100[39m[90m                                           [39m [90m0.09s[39m  
  [32;1m✓[39;22m[90m [39m[90mproperty types receive appropriate tariffs @ repetition 81 of 100[39m[90m                                           [39m [90m0.09s[39m  
  [32;1m✓[39;22m[90m [39m[90mproperty types receive appropriate tariffs @ repetition 82 of 100[39m[90m                                           [39m [90m0.09s[39m  
  [32;1m✓[39;22m[90m [39m[90mproperty types receive appropriate tariffs @ repetition 83 of 100[39m[90m                                           [39m [90m0.08s[39m  
  [32;1m✓[39;22m[90m [39m[90mproperty types receive appropriate tariffs @ repetition 84 of 100[39m[90m                                           [39m [90m0.11s[39m  
  [32;1m✓[39;22m[90m [39m[90mproperty types receive appropriate tariffs @ repetition 85 of 100[39m[90m                                           [39m [90m0.08s[39m  
  [32;1m✓[39;22m[90m [39m[90mproperty types receive appropriate tariffs @ repetition 86 of 100[39m[90m                                           [39m [90m0.08s[39m  
  [32;1m✓[39;22m[90m [39m[90mproperty types receive appropriate tariffs @ repetition 87 of 100[39m[90m                                           [39m [90m0.08s[39m  
  [32;1m✓[39;22m[90m [39m[90mproperty types receive appropriate tariffs @ repetition 88 of 100[39m[90m                                           [39m [90m0.08s[39m  
  [32;1m✓[39;22m[90m [39m[90mproperty types receive appropriate tariffs @ repetition 89 of 100[39m[90m                                           [39m [90m0.08s[39m  
  [32;1m✓[39;22m[90m [39m[90mproperty types receive appropriate tariffs @ repetition 90 of 100[39m[90m                                           [39m [90m0.08s[39m  
  [32;1m✓[39;22m[90m [39m[90mproperty types receive appropriate tariffs @ repetition 91 of 100[39m[90m                                           [39m [90m0.08s[39m  
  [32;1m✓[39;22m[90m [39m[90mproperty types receive appropriate tariffs @ repetition 92 of 100[39m[90m                                           [39m [90m0.10s[39m  
  [32;1m✓[39;22m[90m [39m[90mproperty types receive appropriate tariffs @ repetition 93 of 100[39m[90m                                           [39m [90m0.08s[39m  
  [32;1m✓[39;22m[90m [39m[90mproperty types receive appropriate tariffs @ repetition 94 of 100[39m[90m                                           [39m [90m0.08s[39m  
  [32;1m✓[39;22m[90m [39m[90mproperty types receive appropriate tariffs @ repetition 95 of 100[39m[90m                                           [39m [90m0.08s[39m  
  [32;1m✓[39;22m[90m [39m[90mproperty types receive appropriate tariffs @ repetition 96 of 100[39m[90m                                           [39m [90m0.07s[39m  
  [32;1m✓[39;22m[90m [39m[90mproperty types receive appropriate tariffs @ repetition 97 of 100[39m[90m                                           [39m [90m0.08s[39m  
  [32;1m✓[39;22m[90m [39m[90mproperty types receive appropriate tariffs @ repetition 98 of 100[39m[90m                                           [39m [90m0.07s[39m  
  [32;1m✓[39;22m[90m [39m[90mproperty types receive appropriate tariffs @ repetition 99 of 100[39m[90m                                           [39m [90m0.08s[39m  
  [32;1m✓[39;22m[90m [39m[90mproperty types receive appropriate tariffs @ repetition 100 of 100[39m[90m                                          [39m [90m0.10s[39m  
  [32;1m✓[39;22m[90m [39m[90msummer gyvatukas follows calculation formula @ repetition 1 of 100[39m[90m                                          [39m [90m0.07s[39m  
  [32;1m✓[39;22m[90m [39m[90msummer gyvatukas follows calculation formula @ repetition 2 of 100[39m[90m                                          [39m [90m0.07s[39m  
  [32;1m✓[39;22m[90m [39m[90msummer gyvatukas follows calculation formula @ repetition 3 of 100[39m[90m                                          [39m [90m0.07s[39m  
  [32;1m✓[39;22m[90m [39m[90msummer gyvatukas follows calculation formula @ repetition 4 of 100[39m[90m                                          [39m [90m0.07s[39m  
  [32;1m✓[39;22m[90m [39m[90msummer gyvatukas follows calculation formula @ repetition 5 of 100[39m[90m                                          [39m [90m0.07s[39m  
  [32;1m✓[39;22m[90m [39m[90msummer gyvatukas follows calculation formula @ repetition 6 of 100[39m[90m                                          [39m [90m0.07s[39m  
  [32;1m✓[39;22m[90m [39m[90msummer gyvatukas follows calculation formula @ repetition 7 of 100[39m[90m                                          [39m [90m0.07s[39m  
  [32;1m✓[39;22m[90m [39m[90msummer gyvatukas follows calculation formula @ repetition 8 of 100[39m[90m                                          [39m [90m0.10s[39m  
  [32;1m✓[39;22m[90m [39m[90msummer gyvatukas follows calculation formula @ repetition 9 of 100[39m[90m                                          [39m [90m0.07s[39m  
  [32;1m✓[39;22m[90m [39m[90msummer gyvatukas follows calculation formula @ repetition 10 of 100[39m[90m                                         [39m [90m0.08s[39m  
  [32;1m✓[39;22m[90m [39m[90msummer gyvatukas follows calculation formula @ repetition 11 of 100[39m[90m                                         [39m [90m0.07s[39m  
  [32;1m✓[39;22m[90m [39m[90msummer gyvatukas follows calculation formula @ repetition 12 of 100[39m[90m                                         [39m [90m0.07s[39m  
  [32;1m✓[39;22m[90m [39m[90msummer gyvatukas follows calculation formula @ repetition 13 of 100[39m[90m                                         [39m [90m0.09s[39m  
  [32;1m✓[39;22m[90m [39m[90msummer gyvatukas follows calculation formula @ repetition 14 of 100[39m[90m                                         [39m [90m0.16s[39m  
  [32;1m✓[39;22m[90m [39m[90msummer gyvatukas follows calculation formula @ repetition 15 of 100[39m[90m                                         [39m [90m0.18s[39m  
  [32;1m✓[39;22m[90m [39m[90msummer gyvatukas follows calculation formula @ repetition 16 of 100[39m[90m                                         [39m [90m0.21s[39m  
  [32;1m✓[39;22m[90m [39m[90msummer gyvatukas follows calculation formula @ repetition 17 of 100[39m[90m                                         [39m [90m0.15s[39m  
  [32;1m✓[39;22m[90m [39m[90msummer gyvatukas follows calculation formula @ repetition 18 of 100[39m[90m                                         [39m [90m0.23s[39m  
  [32;1m✓[39;22m[90m [39m[90msummer gyvatukas follows calculation formula @ repetition 19 of 100[39m[90m                                         [39m [90m0.18s[39m  
  [32;1m✓[39;22m[90m [39m[90msummer gyvatukas follows calculation formula @ repetition 20 of 100[39m[90m                                         [39m [90m0.22s[39m  
  [32;1m✓[39;22m[90m [39m[90msummer gyvatukas follows calculation formula @ repetition 21 of 100[39m[90m                                         [39m [90m0.17s[39m  
  [32;1m✓[39;22m[90m [39m[90msummer gyvatukas follows calculation formula @ repetition 22 of 100[39m[90m                                         [39m [90m0.17s[39m  
  [32;1m✓[39;22m[90m [39m[90msummer gyvatukas follows calculation formula @ repetition 23 of 100[39m[90m                                         [39m [90m0.19s[39m  
  [32;1m✓[39;22m[90m [39m[90msummer gyvatukas follows calculation formula @ repetition 24 of 100[39m[90m                                         [39m [90m0.13s[39m  
  [32;1m✓[39;22m[90m [39m[90msummer gyvatukas follows calculation formula @ repetition 25 of 100[39m[90m                                         [39m [90m0.14s[39m  
  [32;1m✓[39;22m[90m [39m[90msummer gyvatukas follows calculation formula @ repetition 26 of 100[39m[90m                                         [39m [90m0.09s[39m  
  [32;1m✓[39;22m[90m [39m[90msummer gyvatukas follows calculation formula @ repetition 27 of 100[39m[90m                                         [39m [90m0.09s[39m  
  [32;1m✓[39;22m[90m [39m[90msummer gyvatukas follows calculation formula @ repetition 28 of 100[39m[90m                                         [39m [90m0.09s[39m  
  [32;1m✓[39;22m[90m [39m[90msummer gyvatukas follows calculation formula @ repetition 29 of 100[39m[90m                                         [39m [90m0.09s[39m  
  [32;1m✓[39;22m[90m [39m[90msummer gyvatukas follows calculation formula @ repetition 30 of 100[39m[90m                                         [39m [90m0.12s[39m  
  [32;1m✓[39;22m[90m [39m[90msummer gyvatukas follows calculation formula @ repetition 31 of 100[39m[90m                                         [39m [90m0.13s[39m  
  [32;1m✓[39;22m[90m [39m[90msummer gyvatukas follows calculation formula @ repetition 32 of 100[39m[90m                                         [39m [90m0.15s[39m  
  [32;1m✓[39;22m[90m [39m[90msummer gyvatukas follows calculation formula @ repetition 33 of 100[39m[90m                                         [39m [90m0.13s[39m  
  [32;1m✓[39;22m[90m [39m[90msummer gyvatukas follows calculation formula @ repetition 34 of 100[39m[90m                                         [39m [90m0.16s[39m  
  [32;1m✓[39;22m[90m [39m[90msummer gyvatukas follows calculation formula @ repetition 35 of 100[39m[90m                                         [39m [90m0.11s[39m  
  [32;1m✓[39;22m[90m [39m[90msummer gyvatukas follows calculation formula @ repetition 36 of 100[39m[90m                                         [39m [90m0.10s[39m  
  [32;1m✓[39;22m[90m [39m[90msummer gyvatukas follows calculation formula @ repetition 37 of 100[39m[90m                                         [39m [90m0.12s[39m  
  [32;1m✓[39;22m[90m [39m[90msummer gyvatukas follows calculation formula @ repetition 38 of 100[39m[90m                                         [39m [90m0.10s[39m  
  [32;1m✓[39;22m[90m [39m[90msummer gyvatukas follows calculation formula @ repetition 39 of 100[39m[90m                                         [39m [90m0.09s[39m  
  [32;1m✓[39;22m[90m [39m[90msummer gyvatukas follows calculation formula @ repetition 40 of 100[39m[90m                                         [39m [90m0.15s[39m  
  [32;1m✓[39;22m[90m [39m[90msummer gyvatukas follows calculation formula @ repetition 41 of 100[39m[90m                                         [39m [90m0.14s[39m  
  [32;1m✓[39;22m[90m [39m[90msummer gyvatukas follows calculation formula @ repetition 42 of 100[39m[90m                                         [39m [90m0.13s[39m  
  [32;1m✓[39;22m[90m [39m[90msummer gyvatukas follows calculation formula @ repetition 43 of 100[39m[90m                                         [39m [90m0.14s[39m  
  [32;1m✓[39;22m[90m [39m[90msummer gyvatukas follows calculation formula @ repetition 44 of 100[39m[90m                                         [39m [90m0.11s[39m  
  [32;1m✓[39;22m[90m [39m[90msummer gyvatukas follows calculation formula @ repetition 45 of 100[39m[90m                                         [39m [90m0.12s[39m  
  [32;1m✓[39;22m[90m [39m[90msummer gyvatukas follows calculation formula @ repetition 46 of 100[39m[90m                                         [39m [90m0.12s[39m  
  [32;1m✓[39;22m[90m [39m[90msummer gyvatukas follows calculation formula @ repetition 47 of 100[39m[90m                                         [39m [90m0.12s[39m  
  [32;1m✓[39;22m[90m [39m[90msummer gyvatukas follows calculation formula @ repetition 48 of 100[39m[90m                                         [39m [90m0.17s[39m  
  [32;1m✓[39;22m[90m [39m[90msummer gyvatukas follows calculation formula @ repetition 49 of 100[39m[90m                                         [39m [90m0.12s[39m  
  [32;1m✓[39;22m[90m [39m[90msummer gyvatukas follows calculation formula @ repetition 50 of 100[39m[90m                                         [39m [90m0.10s[39m  
  [32;1m✓[39;22m[90m [39m[90msummer gyvatukas follows calculation formula @ repetition 51 of 100[39m[90m                                         [39m [90m0.09s[39m  
  [32;1m✓[39;22m[90m [39m[90msummer gyvatukas follows calculation formula @ repetition 52 of 100[39m[90m                                         [39m [90m0.14s[39m  
  [32;1m✓[39;22m[90m [39m[90msummer gyvatukas follows calculation formula @ repetition 53 of 100[39m[90m                                         [39m [90m0.14s[39m  
  [32;1m✓[39;22m[90m [39m[90msummer gyvatukas follows calculation formula @ repetition 54 of 100[39m[90m                                         [39m [90m0.14s[39m  
  [32;1m✓[39;22m[90m [39m[90msummer gyvatukas follows calculation formula @ repetition 55 of 100[39m[90m                                         [39m [90m0.14s[39m  
  [32;1m✓[39;22m[90m [39m[90msummer gyvatukas follows calculation formula @ repetition 56 of 100[39m[90m                                         [39m [90m0.12s[39m  
  [32;1m✓[39;22m[90m [39m[90msummer gyvatukas follows calculation formula @ repetition 57 of 100[39m[90m                                         [39m [90m0.09s[39m  
  [32;1m✓[39;22m[90m [39m[90msummer gyvatukas follows calculation formula @ repetition 58 of 100[39m[90m                                         [39m [90m0.08s[39m  
  [32;1m✓[39;22m[90m [39m[90msummer gyvatukas follows calculation formula @ repetition 59 of 100[39m[90m                                         [39m [90m0.09s[39m  
  [32;1m✓[39;22m[90m [39m[90msummer gyvatukas follows calculation formula @ repetition 60 of 100[39m[90m                                         [39m [90m0.10s[39m  
  [32;1m✓[39;22m[90m [39m[90msummer gyvatukas follows calculation formula @ repetition 61 of 100[39m[90m                                         [39m [90m0.09s[39m  
  [32;1m✓[39;22m[90m [39m[90msummer gyvatukas follows calculation formula @ repetition 62 of 100[39m[90m                                         [39m [90m0.09s[39m  
  [32;1m✓[39;22m[90m [39m[90msummer gyvatukas follows calculation formula @ repetition 63 of 100[39m[90m                                         [39m [90m0.17s[39m  
  [32;1m✓[39;22m[90m [39m[90msummer gyvatukas follows calculation formula @ repetition 64 of 100[39m[90m                                         [39m [90m0.22s[39m  
  [32;1m✓[39;22m[90m [39m[90msummer gyvatukas follows calculation formula @ repetition 65 of 100[39m[90m                                         [39m [90m0.14s[39m  
  [32;1m✓[39;22m[90m [39m[90msummer gyvatukas follows calculation formula @ repetition 66 of 100[39m[90m                                         [39m [90m0.14s[39m  
  [32;1m✓[39;22m[90m [39m[90msummer gyvatukas follows calculation formula @ repetition 67 of 100[39m[90m                                         [39m [90m0.15s[39m  
  [32;1m✓[39;22m[90m [39m[90msummer gyvatukas follows calculation formula @ repetition 68 of 100[39m[90m                                         [39m [90m0.14s[39m  
  [32;1m✓[39;22m[90m [39m[90msummer gyvatukas follows calculation formula @ repetition 69 of 100[39m[90m                                         [39m [90m0.12s[39m  
  [32;1m✓[39;22m[90m [39m[90msummer gyvatukas follows calculation formula @ repetition 70 of 100[39m[90m                                         [39m [90m0.10s[39m  
  [32;1m✓[39;22m[90m [39m[90msummer gyvatukas follows calculation formula @ repetition 71 of 100[39m[90m                                         [39m [90m0.12s[39m  
  [32;1m✓[39;22m[90m [39m[90msummer gyvatukas follows calculation formula @ repetition 72 of 100[39m[90m                                         [39m [90m0.16s[39m  
  [32;1m✓[39;22m[90m [39m[90msummer gyvatukas follows calculation formula @ repetition 73 of 100[39m[90m                                         [39m [90m0.12s[39m  
  [32;1m✓[39;22m[90m [39m[90msummer gyvatukas follows calculation formula @ repetition 74 of 100[39m[90m                                         [39m [90m0.13s[39m  
  [32;1m✓[39;22m[90m [39m[90msummer gyvatukas follows calculation formula @ repetition 75 of 100[39m[90m                                         [39m [90m0.12s[39m  
  [32;1m✓[39;22m[90m [39m[90msummer gyvatukas follows calculation formula @ repetition 76 of 100[39m[90m                                         [39m [90m0.11s[39m  
  [32;1m✓[39;22m[90m [39m[90msummer gyvatukas follows calculation formula @ repetition 77 of 100[39m[90m                                         [39m [90m0.15s[39m  
  [32;1m✓[39;22m[90m [39m[90msummer gyvatukas follows calculation formula @ repetition 78 of 100[39m[90m                                         [39m [90m0.09s[39m  
  [32;1m✓[39;22m[90m [39m[90msummer gyvatukas follows calculation formula @ repetition 79 of 100[39m[90m                                         [39m [90m0.10s[39m  
  [32;1m✓[39;22m[90m [39m[90msummer gyvatukas follows calculation formula @ repetition 80 of 100[39m[90m                                         [39m [90m0.14s[39m  
  [32;1m✓[39;22m[90m [39m[90msummer gyvatukas follows calculation formula @ repetition 81 of 100[39m[90m                                         [39m [90m0.08s[39m  
  [32;1m✓[39;22m[90m [39m[90msummer gyvatukas follows calculation formula @ repetition 82 of 100[39m[90m                                         [39m [90m0.08s[39m  
  [32;1m✓[39;22m[90m [39m[90msummer gyvatukas follows calculation formula @ repetition 83 of 100[39m[90m                                         [39m [90m0.10s[39m  
  [32;1m✓[39;22m[90m [39m[90msummer gyvatukas follows calculation formula @ repetition 84 of 100[39m[90m                                         [39m [90m0.14s[39m  
  [32;1m✓[39;22m[90m [39m[90msummer gyvatukas follows calculation formula @ repetition 85 of 100[39m[90m                                         [39m [90m0.09s[39m  
  [32;1m✓[39;22m[90m [39m[90msummer gyvatukas follows calculation formula @ repetition 86 of 100[39m[90m                                         [39m [90m0.09s[39m  
  [32;1m✓[39;22m[90m [39m[90msummer gyvatukas follows calculation formula @ repetition 87 of 100[39m[90m                                         [39m [90m0.11s[39m  
  [32;1m✓[39;22m[90m [39m[90msummer gyvatukas follows calculation formula @ repetition 88 of 100[39m[90m                                         [39m [90m0.16s[39m  
  [32;1m✓[39;22m[90m [39m[90msummer gyvatukas follows calculation formula @ repetition 89 of 100[39m[90m                                         [39m [90m0.13s[39m  
  [32;1m✓[39;22m[90m [39m[90msummer gyvatukas follows calculation formula @ repetition 90 of 100[39m[90m                                         [39m [90m0.08s[39m  
  [32;1m✓[39;22m[90m [39m[90msummer gyvatukas follows calculation formula @ repetition 91 of 100[39m[90m                                         [39m [90m0.09s[39m  
  [32;1m✓[39;22m[90m [39m[90msummer gyvatukas follows calculation formula @ repetition 92 of 100[39m[90m                                         [39m [90m0.08s[39m  
  [32;1m✓[39;22m[90m [39m[90msummer gyvatukas follows calculation formula @ repetition 93 of 100[39m[90m                                         [39m [90m0.11s[39m  
  [32;1m✓[39;22m[90m [39m[90msummer gyvatukas follows calculation formula @ repetition 94 of 100[39m[90m                                         [39m [90m0.14s[39m  
  [32;1m✓[39;22m[90m [39m[90msummer gyvatukas follows calculation formula @ repetition 95 of 100[39m[90m                                         [39m [90m0.13s[39m  
  [32;1m✓[39;22m[90m [39m[90msummer gyvatukas follows calculation formula @ repetition 96 of 100[39m[90m                                         [39m [90m0.13s[39m  
  [32;1m✓[39;22m[90m [39m[90msummer gyvatukas follows calculation formula @ repetition 97 of 100[39m[90m                                         [39m [90m0.12s[39m  
  [32;1m✓[39;22m[90m [39m[90msummer gyvatukas follows calculation formula @ repetition 98 of 100[39m[90m                                         [39m [90m0.09s[39m  
  [32;1m✓[39;22m[90m [39m[90msummer gyvatukas follows calculation formula @ repetition 99 of 100[39m[90m                                         [39m [90m0.13s[39m  
  [32;1m✓[39;22m[90m [39m[90msummer gyvatukas follows calculation formula @ repetition 100 of 100[39m[90m                                        [39m [90m0.08s[39m  
  [32;1m✓[39;22m[90m [39m[90mwinter gyvatukas uses stored summer average @ repetition 1 of 100[39m[90m                                           [39m [90m0.12s[39m  
  [32;1m✓[39;22m[90m [39m[90mwinter gyvatukas uses stored summer average @ repetition 2 of 100[39m[90m                                           [39m [90m0.10s[39m  
  [32;1m✓[39;22m[90m [39m[90mwinter gyvatukas uses stored summer average @ repetition 3 of 100[39m[90m                                           [39m [90m0.11s[39m  
  [32;1m✓[39;22m[90m [39m[90mwinter gyvatukas uses stored summer average @ repetition 4 of 100[39m[90m                                           [39m [90m0.15s[39m  
  [32;1m✓[39;22m[90m [39m[90mwinter gyvatukas uses stored summer average @ repetition 5 of 100[39m[90m                                           [39m [90m0.13s[39m  
  [32;1m✓[39;22m[90m [39m[90mwinter gyvatukas uses stored summer average @ repetition 6 of 100[39m[90m                                           [39m [90m0.11s[39m  
  [32;1m✓[39;22m[90m [39m[90mwinter gyvatukas uses stored summer average @ repetition 7 of 100[39m[90m                                           [39m [90m0.13s[39m  
  [32;1m✓[39;22m[90m [39m[90mwinter gyvatukas uses stored summer average @ repetition 8 of 100[39m[90m                                           [39m [90m0.10s[39m  
  [32;1m✓[39;22m[90m [39m[90mwinter gyvatukas uses stored summer average @ repetition 9 of 100[39m[90m                                           [39m [90m0.10s[39m  
  [32;1m✓[39;22m[90m [39m[90mwinter gyvatukas uses stored summer average @ repetition 10 of 100[39m[90m                                          [39m [90m0.08s[39m  
  [32;1m✓[39;22m[90m [39m[90mwinter gyvatukas uses stored summer average @ repetition 11 of 100[39m[90m                                          [39m [90m0.12s[39m  
  [32;1m✓[39;22m[90m [39m[90mwinter gyvatukas uses stored summer average @ repetition 12 of 100[39m[90m                                          [39m [90m0.14s[39m  
  [32;1m✓[39;22m[90m [39m[90mwinter gyvatukas uses stored summer average @ repetition 13 of 100[39m[90m                                          [39m [90m0.13s[39m  
  [32;1m✓[39;22m[90m [39m[90mwinter gyvatukas uses stored summer average @ repetition 14 of 100[39m[90m                                          [39m [90m0.10s[39m  
  [32;1m✓[39;22m[90m [39m[90mwinter gyvatukas uses stored summer average @ repetition 15 of 100[39m[90m                                          [39m [90m0.10s[39m  
  [32;1m✓[39;22m[90m [39m[90mwinter gyvatukas uses stored summer average @ repetition 16 of 100[39m[90m                                          [39m [90m0.11s[39m  
  [32;1m✓[39;22m[90m [39m[90mwinter gyvatukas uses stored summer average @ repetition 17 of 100[39m[90m                                          [39m [90m0.10s[39m  
  [32;1m✓[39;22m[90m [39m[90mwinter gyvatukas uses stored summer average @ repetition 18 of 100[39m[90m                                          [39m [90m0.09s[39m  
  [32;1m✓[39;22m[90m [39m[90mwinter gyvatukas uses stored summer average @ repetition 19 of 100[39m[90m                                          [39m [90m0.10s[39m  
  [32;1m✓[39;22m[90m [39m[90mwinter gyvatukas uses stored summer average @ repetition 20 of 100[39m[90m                                          [39m [90m0.15s[39m  
  [32;1m✓[39;22m[90m [39m[90mwinter gyvatukas uses stored summer average @ repetition 21 of 100[39m[90m                                          [39m [90m0.08s[39m  
  [32;1m✓[39;22m[90m [39m[90mwinter gyvatukas uses stored summer average @ repetition 22 of 100[39m[90m                                          [39m [90m0.10s[39m  
  [32;1m✓[39;22m[90m [39m[90mwinter gyvatukas uses stored summer average @ repetition 23 of 100[39m[90m                                          [39m [90m0.12s[39m  
  [32;1m✓[39;22m[90m [39m[90mwinter gyvatukas uses stored summer average @ repetition 24 of 100[39m[90m                                          [39m [90m0.09s[39m  
  [32;1m✓[39;22m[90m [39m[90mwinter gyvatukas uses stored summer average @ repetition 25 of 100[39m[90m                                          [39m [90m0.10s[39m  
  [32;1m✓[39;22m[90m [39m[90mwinter gyvatukas uses stored summer average @ repetition 26 of 100[39m[90m                                          [39m [90m0.15s[39m  
  [32;1m✓[39;22m[90m [39m[90mwinter gyvatukas uses stored summer average @ repetition 27 of 100[39m[90m                                          [39m [90m0.14s[39m  
  [32;1m✓[39;22m[90m [39m[90mwinter gyvatukas uses stored summer average @ repetition 28 of 100[39m[90m                                          [39m [90m0.14s[39m  
  [32;1m✓[39;22m[90m [39m[90mwinter gyvatukas uses stored summer average @ repetition 29 of 100[39m[90m                                          [39m [90m0.10s[39m  
  [32;1m✓[39;22m[90m [39m[90mwinter gyvatukas uses stored summer average @ repetition 30 of 100[39m[90m                                          [39m [90m0.09s[39m  
  [32;1m✓[39;22m[90m [39m[90mwinter gyvatukas uses stored summer average @ repetition 31 of 100[39m[90m                                          [39m [90m0.13s[39m  
  [32;1m✓[39;22m[90m [39m[90mwinter gyvatukas uses stored summer average @ repetition 32 of 100[39m[90m                                          [39m [90m0.10s[39m  
  [32;1m✓[39;22m[90m [39m[90mwinter gyvatukas uses stored summer average @ repetition 33 of 100[39m[90m                                          [39m [90m0.12s[39m  
  [32;1m✓[39;22m[90m [39m[90mwinter gyvatukas uses stored summer average @ repetition 34 of 100[39m[90m                                          [39m [90m0.12s[39m  
  [32;1m✓[39;22m[90m [39m[90mwinter gyvatukas uses stored summer average @ repetition 35 of 100[39m[90m                                          [39m [90m0.16s[39m  
  [32;1m✓[39;22m[90m [39m[90mwinter gyvatukas uses stored summer average @ repetition 36 of 100[39m[90m                                          [39m [90m0.19s[39m  
  [32;1m✓[39;22m[90m [39m[90mwinter gyvatukas uses stored summer average @ repetition 37 of 100[39m[90m                                          [39m [90m0.10s[39m  
  [32;1m✓[39;22m[90m [39m[90mwinter gyvatukas uses stored summer average @ repetition 38 of 100[39m[90m                                          [39m [90m0.13s[39m  
  [32;1m✓[39;22m[90m [39m[90mwinter gyvatukas uses stored summer average @ repetition 39 of 100[39m[90m                                          [39m [90m0.13s[39m  
  [32;1m✓[39;22m[90m [39m[90mwinter gyvatukas uses stored summer average @ repetition 40 of 100[39m[90m                                          [39m [90m0.13s[39m  
  [32;1m✓[39;22m[90m [39m[90mwinter gyvatukas uses stored summer average @ repetition 41 of 100[39m[90m                                          [39m [90m0.16s[39m  
  [32;1m✓[39;22m[90m [39m[90mwinter gyvatukas uses stored summer average @ repetition 42 of 100[39m[90m                                          [39m [90m0.15s[39m  
  [32;1m✓[39;22m[90m [39m[90mwinter gyvatukas uses stored summer average @ repetition 43 of 100[39m[90m                                          [39m [90m0.15s[39m  
  [32;1m✓[39;22m[90m [39m[90mwinter gyvatukas uses stored summer average @ repetition 44 of 100[39m[90m                                          [39m [90m0.15s[39m  
  [32;1m✓[39;22m[90m [39m[90mwinter gyvatukas uses stored summer average @ repetition 45 of 100[39m[90m                                          [39m [90m0.08s[39m  
  [32;1m✓[39;22m[90m [39m[90mwinter gyvatukas uses stored summer average @ repetition 46 of 100[39m[90m                                          [39m [90m0.13s[39m  
  [32;1m✓[39;22m[90m [39m[90mwinter gyvatukas uses stored summer average @ repetition 47 of 100[39m[90m                                          [39m [90m0.08s[39m  
  [32;1m✓[39;22m[90m [39m[90mwinter gyvatukas uses stored summer average @ repetition 48 of 100[39m[90m                                          [39m [90m0.08s[39m  
  [32;1m✓[39;22m[90m [39m[90mwinter gyvatukas uses stored summer average @ repetition 49 of 100[39m[90m                                          [39m [90m0.10s[39m  
  [32;1m✓[39;22m[90m [39m[90mwinter gyvatukas uses stored summer average @ repetition 50 of 100[39m[90m                                          [39m [90m0.11s[39m  
  [32;1m✓[39;22m[90m [39m[90mwinter gyvatukas uses stored summer average @ repetition 51 of 100[39m[90m                                          [39m [90m0.13s[39m  
  [32;1m✓[39;22m[90m [39m[90mwinter gyvatukas uses stored summer average @ repetition 52 of 100[39m[90m                                          [39m [90m0.16s[39m  
  [32;1m✓[39;22m[90m [39m[90mwinter gyvatukas uses stored summer average @ repetition 53 of 100[39m[90m                                          [39m [90m0.13s[39m  
  [32;1m✓[39;22m[90m [39m[90mwinter gyvatukas uses stored summer average @ repetition 54 of 100[39m[90m                                          [39m [90m0.18s[39m  
  [32;1m✓[39;22m[90m [39m[90mwinter gyvatukas uses stored summer average @ repetition 55 of 100[39m[90m                                          [39m [90m0.14s[39m  
  [32;1m✓[39;22m[90m [39m[90mwinter gyvatukas uses stored summer average @ repetition 56 of 100[39m[90m                                          [39m [90m0.16s[39m  
  [32;1m✓[39;22m[90m [39m[90mwinter gyvatukas uses stored summer average @ repetition 57 of 100[39m[90m                                          [39m [90m0.14s[39m  
  [32;1m✓[39;22m[90m [39m[90mwinter gyvatukas uses stored summer average @ repetition 58 of 100[39m[90m                                          [39m [90m0.12s[39m  
  [32;1m✓[39;22m[90m [39m[90mwinter gyvatukas uses stored summer average @ repetition 59 of 100[39m[90m                                          [39m [90m0.16s[39m  
  [32;1m✓[39;22m[90m [39m[90mwinter gyvatukas uses stored summer average @ repetition 60 of 100[39m[90m                                          [39m [90m0.18s[39m  
  [32;1m✓[39;22m[90m [39m[90mwinter gyvatukas uses stored summer average @ repetition 61 of 100[39m[90m                                          [39m [90m0.15s[39m  
  [32;1m✓[39;22m[90m [39m[90mwinter gyvatukas uses stored summer average @ repetition 62 of 100[39m[90m                                          [39m [90m0.18s[39m  
  [32;1m✓[39;22m[90m [39m[90mwinter gyvatukas uses stored summer average @ repetition 63 of 100[39m[90m                                          [39m [90m0.17s[39m  
  [32;1m✓[39;22m[90m [39m[90mwinter gyvatukas uses stored summer average @ repetition 64 of 100[39m[90m                                          [39m [90m0.13s[39m  
  [32;1m✓[39;22m[90m [39m[90mwinter gyvatukas uses stored summer average @ repetition 65 of 100[39m[90m                                          [39m [90m0.16s[39m  
  [32;1m✓[39;22m[90m [39m[90mwinter gyvatukas uses stored summer average @ repetition 66 of 100[39m[90m                                          [39m [90m0.17s[39m  
  [32;1m✓[39;22m[90m [39m[90mwinter gyvatukas uses stored summer average @ repetition 67 of 100[39m[90m                                          [39m [90m0.10s[39m  
  [32;1m✓[39;22m[90m [39m[90mwinter gyvatukas uses stored summer average @ repetition 68 of 100[39m[90m                                          [39m [90m0.12s[39m  
  [32;1m✓[39;22m[90m [39m[90mwinter gyvatukas uses stored summer average @ repetition 69 of 100[39m[90m                                          [39m [90m0.08s[39m  
  [32;1m✓[39;22m[90m [39m[90mwinter gyvatukas uses stored summer average @ repetition 70 of 100[39m[90m                                          [39m [90m0.09s[39m  
  [32;1m✓[39;22m[90m [39m[90mwinter gyvatukas uses stored summer average @ repetition 71 of 100[39m[90m                                          [39m [90m0.08s[39m  
  [32;1m✓[39;22m[90m [39m[90mwinter gyvatukas uses stored summer average @ repetition 72 of 100[39m[90m                                          [39m [90m0.09s[39m  
  [32;1m✓[39;22m[90m [39m[90mwinter gyvatukas uses stored summer average @ repetition 73 of 100[39m[90m                                          [39m [90m0.08s[39m  
  [32;1m✓[39;22m[90m [39m[90mwinter gyvatukas uses stored summer average @ repetition 74 of 100[39m[90m                                          [39m [90m0.09s[39m  
  [32;1m✓[39;22m[90m [39m[90mwinter gyvatukas uses stored summer average @ repetition 75 of 100[39m[90m                                          [39m [90m0.13s[39m  
  [32;1m✓[39;22m[90m [39m[90mwinter gyvatukas uses stored summer average @ repetition 76 of 100[39m[90m                                          [39m [90m0.21s[39m  
  [32;1m✓[39;22m[90m [39m[90mwinter gyvatukas uses stored summer average @ repetition 77 of 100[39m[90m                                          [39m [90m0.20s[39m  
  [32;1m✓[39;22m[90m [39m[90mwinter gyvatukas uses stored summer average @ repetition 78 of 100[39m[90m                                          [39m [90m0.15s[39m  
  [32;1m✓[39;22m[90m [39m[90mwinter gyvatukas uses stored summer average @ repetition 79 of 100[39m[90m                                          [39m [90m0.18s[39m  
  [32;1m✓[39;22m[90m [39m[90mwinter gyvatukas uses stored summer average @ repetition 80 of 100[39m[90m                                          [39m [90m0.16s[39m  
  [32;1m✓[39;22m[90m [39m[90mwinter gyvatukas uses stored summer average @ repetition 81 of 100[39m[90m                                          [39m [90m0.15s[39m  
  [32;1m✓[39;22m[90m [39m[90mwinter gyvatukas uses stored summer average @ repetition 82 of 100[39m[90m                                          [39m [90m0.10s[39m  
  [32;1m✓[39;22m[90m [39m[90mwinter gyvatukas uses stored summer average @ repetition 83 of 100[39m[90m                                          [39m [90m0.14s[39m  
  [32;1m✓[39;22m[90m [39m[90mwinter gyvatukas uses stored summer average @ repetition 84 of 100[39m[90m                                          [39m [90m0.18s[39m  
  [32;1m✓[39;22m[90m [39m[90mwinter gyvatukas uses stored summer average @ repetition 85 of 100[39m[90m                                          [39m [90m0.16s[39m  
  [32;1m✓[39;22m[90m [39m[90mwinter gyvatukas uses stored summer average @ repetition 86 of 100[39m[90m                                          [39m [90m0.12s[39m  
  [32;1m✓[39;22m[90m [39m[90mwinter gyvatukas uses stored summer average @ repetition 87 of 100[39m[90m                                          [39m [90m0.13s[39m  
  [32;1m✓[39;22m[90m [39m[90mwinter gyvatukas uses stored summer average @ repetition 88 of 100[39m[90m                                          [39m [90m0.14s[39m  
  [32;1m✓[39;22m[90m [39m[90mwinter gyvatukas uses stored summer average @ repetition 89 of 100[39m[90m                                          [39m [90m0.15s[39m  
  [32;1m✓[39;22m[90m [39m[90mwinter gyvatukas uses stored summer average @ repetition 90 of 100[39m[90m                                          [39m [90m0.16s[39m  
  [32;1m✓[39;22m[90m [39m[90mwinter gyvatukas uses stored summer average @ repetition 91 of 100[39m[90m                                          [39m [90m0.21s[39m  
  [32;1m✓[39;22m[90m [39m[90mwinter gyvatukas uses stored summer average @ repetition 92 of 100[39m[90m                                          [39m [90m0.18s[39m  
  [32;1m✓[39;22m[90m [39m[90mwinter gyvatukas uses stored summer average @ repetition 93 of 100[39m[90m                                          [39m [90m0.13s[39m  
  [32;1m✓[39;22m[90m [39m[90mwinter gyvatukas uses stored summer average @ repetition 94 of 100[39m[90m                                          [39m [90m0.18s[39m  
  [32;1m✓[39;22m[90m [39m[90mwinter gyvatukas uses stored summer average @ repetition 95 of 100[39m[90m                                          [39m [90m0.14s[39m  
  [32;1m✓[39;22m[90m [39m[90mwinter gyvatukas uses stored summer average @ repetition 96 of 100[39m[90m                                          [39m [90m0.15s[39m  
  [32;1m✓[39;22m[90m [39m[90mwinter gyvatukas uses stored summer average @ repetition 97 of 100[39m[90m                                          [39m [90m0.17s[39m  
  [32;1m✓[39;22m[90m [39m[90mwinter gyvatukas uses stored summer average @ repetition 98 of 100[39m[90m                                          [39m [90m0.16s[39m  
  [32;1m✓[39;22m[90m [39m[90mwinter gyvatukas uses stored summer average @ repetition 99 of 100[39m[90m                                          [39m [90m0.17s[39m  
  [32;1m✓[39;22m[90m [39m[90mwinter gyvatukas uses stored summer average @ repetition 100 of 100[39m[90m                                         [39m [90m0.24s[39m  
  [32;1m✓[39;22m[90m [39m[90mcirculation costs distribute among apartments @ repetition 1 of 100[39m[90m                                         [39m [90m0.21s[39m  
  [32;1m✓[39;22m[90m [39m[90mcirculation costs distribute among apartments @ repetition 2 of 100[39m[90m                                         [39m [90m0.18s[39m  
  [32;1m✓[39;22m[90m [39m[90mcirculation costs distribute among apartments @ repetition 3 of 100[39m[90m                                         [39m [90m0.20s[39m  
  [32;1m✓[39;22m[90m [39m[90mcirculation costs distribute among apartments @ repetition 4 of 100[39m[90m                                         [39m [90m0.19s[39m  
  [32;1m✓[39;22m[90m [39m[90mcirculation costs distribute among apartments @ repetition 5 of 100[39m[90m                                         [39m [90m0.18s[39m  
  [32;1m✓[39;22m[90m [39m[90mcirculation costs distribute among apartments @ repetition 6 of 100[39m[90m                                         [39m [90m0.19s[39m  
  [32;1m✓[39;22m[90m [39m[90mcirculation costs distribute among apartments @ repetition 7 of 100[39m[90m                                         [39m [90m0.18s[39m  
  [32;1m✓[39;22m[90m [39m[90mcirculation costs distribute among apartments @ repetition 8 of 100[39m[90m                                         [39m [90m0.19s[39m  
  [32;1m✓[39;22m[90m [39m[90mcirculation costs distribute among apartments @ repetition 9 of 100[39m[90m                                         [39m [90m0.23s[39m  
  [32;1m✓[39;22m[90m [39m[90mcirculation costs distribute among apartments @ repetition 10 of 100[39m[90m                                        [39m [90m0.16s[39m  
  [32;1m✓[39;22m[90m [39m[90mcirculation costs distribute among apartments @ repetition 11 of 100[39m[90m                                        [39m [90m0.15s[39m  
  [32;1m✓[39;22m[90m [39m[90mcirculation costs distribute among apartments @ repetition 12 of 100[39m[90m                                        [39m [90m0.14s[39m  
  [32;1m✓[39;22m[90m [39m[90mcirculation costs distribute among apartments @ repetition 13 of 100[39m[90m                                        [39m [90m0.15s[39m  
  [32;1m✓[39;22m[90m [39m[90mcirculation costs distribute among apartments @ repetition 14 of 100[39m[90m                                        [39m [90m0.13s[39m  
  [32;1m✓[39;22m[90m [39m[90mcirculation costs distribute among apartments @ repetition 15 of 100[39m[90m                                        [39m [90m0.16s[39m  
  [32;1m✓[39;22m[90m [39m[90mcirculation costs distribute among apartments @ repetition 16 of 100[39m[90m                                        [39m [90m0.19s[39m  
  [32;1m✓[39;22m[90m [39m[90mcirculation costs distribute among apartments @ repetition 17 of 100[39m[90m                                        [39m [90m0.18s[39m  
  [32;1m✓[39;22m[90m [39m[90mcirculation costs distribute among apartments @ repetition 18 of 100[39m[90m                                        [39m [90m0.25s[39m  
  [32;1m✓[39;22m[90m [39m[90mcirculation costs distribute among apartments @ repetition 19 of 100[39m[90m                                        [39m [90m0.27s[39m  
  [32;1m✓[39;22m[90m [39m[90mcirculation costs distribute among apartments @ repetition 20 of 100[39m[90m                                        [39m [90m0.20s[39m  
  [32;1m✓[39;22m[90m [39m[90mcirculation costs distribute among apartments @ repetition 21 of 100[39m[90m                                        [39m [90m0.11s[39m  
  [32;1m✓[39;22m[90m [39m[90mcirculation costs distribute among apartments @ repetition 22 of 100[39m[90m                                        [39m [90m0.12s[39m  
  [32;1m✓[39;22m[90m [39m[90mcirculation costs distribute among apartments @ repetition 23 of 100[39m[90m                                        [39m [90m0.14s[39m  
  [32;1m✓[39;22m[90m [39m[90mcirculation costs distribute among apartments @ repetition 24 of 100[39m[90m                                        [39m [90m0.19s[39m  
  [32;1m✓[39;22m[90m [39m[90mcirculation costs distribute among apartments @ repetition 25 of 100[39m[90m                                        [39m [90m0.18s[39m  
  [32;1m✓[39;22m[90m [39m[90mcirculation costs distribute among apartments @ repetition 26 of 100[39m[90m                                        [39m [90m0.16s[39m  
  [32;1m✓[39;22m[90m [39m[90mcirculation costs distribute among apartments @ repetition 27 of 100[39m[90m                                        [39m [90m0.21s[39m  
  [32;1m✓[39;22m[90m [39m[90mcirculation costs distribute among apartments @ repetition 28 of 100[39m[90m                                        [39m [90m0.12s[39m  
  [32;1m✓[39;22m[90m [39m[90mcirculation costs distribute among apartments @ repetition 29 of 100[39m[90m                                        [39m [90m0.16s[39m  
  [32;1m✓[39;22m[90m [39m[90mcirculation costs distribute among apartments @ repetition 30 of 100[39m[90m                                        [39m [90m0.11s[39m  
  [32;1m✓[39;22m[90m [39m[90mcirculation costs distribute among apartments @ repetition 31 of 100[39m[90m                                        [39m [90m0.19s[39m  
  [32;1m✓[39;22m[90m [39m[90mcirculation costs distribute among apartments @ repetition 32 of 100[39m[90m                                        [39m [90m0.20s[39m  
  [32;1m✓[39;22m[90m [39m[90mcirculation costs distribute among apartments @ repetition 33 of 100[39m[90m                                        [39m [90m0.15s[39m  
  [32;1m✓[39;22m[90m [39m[90mcirculation costs distribute among apartments @ repetition 34 of 100[39m[90m                                        [39m [90m0.14s[39m  
  [32;1m✓[39;22m[90m [39m[90mcirculation costs distribute among apartments @ repetition 35 of 100[39m[90m                                        [39m [90m0.15s[39m  
  [32;1m✓[39;22m[90m [39m[90mcirculation costs distribute among apartments @ repetition 36 of 100[39m[90m                                        [39m [90m0.15s[39m  
  [32;1m✓[39;22m[90m [39m[90mcirculation costs distribute among apartments @ repetition 37 of 100[39m[90m                                        [39m [90m0.18s[39m  
  [32;1m✓[39;22m[90m [39m[90mcirculation costs distribute among apartments @ repetition 38 of 100[39m[90m                                        [39m [90m0.20s[39m  
  [32;1m✓[39;22m[90m [39m[90mcirculation costs distribute among apartments @ repetition 39 of 100[39m[90m                                        [39m [90m0.18s[39m  
  [32;1m✓[39;22m[90m [39m[90mcirculation costs distribute among apartments @ repetition 40 of 100[39m[90m                                        [39m [90m0.22s[39m  
  [32;1m✓[39;22m[90m [39m[90mcirculation costs distribute among apartments @ repetition 41 of 100[39m[90m                                        [39m [90m0.15s[39m  
  [32;1m✓[39;22m[90m [39m[90mcirculation costs distribute among apartments @ repetition 42 of 100[39m[90m                                        [39m [90m0.13s[39m  
  [32;1m✓[39;22m[90m [39m[90mcirculation costs distribute among apartments @ repetition 43 of 100[39m[90m                                        [39m [90m0.18s[39m  
  [32;1m✓[39;22m[90m [39m[90mcirculation costs distribute among apartments @ repetition 44 of 100[39m[90m                                        [39m [90m0.17s[39m  
  [32;1m✓[39;22m[90m [39m[90mcirculation costs distribute among apartments @ repetition 45 of 100[39m[90m                                        [39m [90m0.20s[39m  
  [32;1m✓[39;22m[90m [39m[90mcirculation costs distribute among apartments @ repetition 46 of 100[39m[90m                                        [39m [90m0.18s[39m  
  [32;1m✓[39;22m[90m [39m[90mcirculation costs distribute among apartments @ repetition 47 of 100[39m[90m                                        [39m [90m0.12s[39m  
  [32;1m✓[39;22m[90m [39m[90mcirculation costs distribute among apartments @ repetition 48 of 100[39m[90m                                        [39m [90m0.19s[39m  
  [32;1m✓[39;22m[90m [39m[90mcirculation costs distribute among apartments @ repetition 49 of 100[39m[90m                                        [39m [90m0.20s[39m  
  [32;1m✓[39;22m[90m [39m[90mcirculation costs distribute among apartments @ repetition 50 of 100[39m[90m                                        [39m [90m0.21s[39m  
  [32;1m✓[39;22m[90m [39m[90mcirculation costs distribute among apartments @ repetition 51 of 100[39m[90m                                        [39m [90m0.23s[39m  
  [32;1m✓[39;22m[90m [39m[90mcirculation costs distribute among apartments @ repetition 52 of 100[39m[90m                                        [39m [90m0.23s[39m  
  [32;1m✓[39;22m[90m [39m[90mcirculation costs distribute among apartments @ repetition 53 of 100[39m[90m                                        [39m [90m0.23s[39m  
  [32;1m✓[39;22m[90m [39m[90mcirculation costs distribute among apartments @ repetition 54 of 100[39m[90m                                        [39m [90m0.23s[39m  
  [32;1m✓[39;22m[90m [39m[90mcirculation costs distribute among apartments @ repetition 55 of 100[39m[90m                                        [39m [90m0.24s[39m  
  [32;1m✓[39;22m[90m [39m[90mcirculation costs distribute among apartments @ repetition 56 of 100[39m[90m                                        [39m [90m0.22s[39m  
  [32;1m✓[39;22m[90m [39m[90mcirculation costs distribute among apartments @ repetition 57 of 100[39m[90m                                        [39m [90m0.19s[39m  
  [32;1m✓[39;22m[90m [39m[90mcirculation costs distribute among apartments @ repetition 58 of 100[39m[90m                                        [39m [90m0.18s[39m  
  [32;1m✓[39;22m[90m [39m[90mcirculation costs distribute among apartments @ repetition 59 of 100[39m[90m                                        [39m [90m0.20s[39m  
  [32;1m✓[39;22m[90m [39m[90mcirculation costs distribute among apartments @ repetition 60 of 100[39m[90m                                        [39m [90m0.15s[39m  
  [32;1m✓[39;22m[90m [39m[90mcirculation costs distribute among apartments @ repetition 61 of 100[39m[90m                                        [39m [90m0.19s[39m  
  [32;1m✓[39;22m[90m [39m[90mcirculation costs distribute among apartments @ repetition 62 of 100[39m[90m                                        [39m [90m0.23s[39m  
  [32;1m✓[39;22m[90m [39m[90mcirculation costs distribute among apartments @ repetition 63 of 100[39m[90m                                        [39m [90m0.20s[39m  
  [32;1m✓[39;22m[90m [39m[90mcirculation costs distribute among apartments @ repetition 64 of 100[39m[90m                                        [39m [90m0.15s[39m  
  [32;1m✓[39;22m[90m [39m[90mcirculation costs distribute among apartments @ repetition 65 of 100[39m[90m                                        [39m [90m0.12s[39m  
  [32;1m✓[39;22m[90m [39m[90mcirculation costs distribute among apartments @ repetition 66 of 100[39m[90m                                        [39m [90m0.14s[39m  
  [32;1m✓[39;22m[90m [39m[90mcirculation costs distribute among apartments @ repetition 67 of 100[39m[90m                                        [39m [90m0.14s[39m  
  [32;1m✓[39;22m[90m [39m[90mcirculation costs distribute among apartments @ repetition 68 of 100[39m[90m                                        [39m [90m0.16s[39m  
  [32;1m✓[39;22m[90m [39m[90mcirculation costs distribute among apartments @ repetition 69 of 100[39m[90m                                        [39m [90m0.11s[39m  
  [32;1m✓[39;22m[90m [39m[90mcirculation costs distribute among apartments @ repetition 70 of 100[39m[90m                                        [39m [90m0.10s[39m  
  [32;1m✓[39;22m[90m [39m[90mcirculation costs distribute among apartments @ repetition 71 of 100[39m[90m                                        [39m [90m0.10s[39m  
  [32;1m✓[39;22m[90m [39m[90mcirculation costs distribute among apartments @ repetition 72 of 100[39m[90m                                        [39m [90m0.16s[39m  
  [32;1m✓[39;22m[90m [39m[90mcirculation costs distribute among apartments @ repetition 73 of 100[39m[90m                                        [39m [90m0.15s[39m  
  [32;1m✓[39;22m[90m [39m[90mcirculation costs distribute among apartments @ repetition 74 of 100[39m[90m                                        [39m [90m0.24s[39m  
  [32;1m✓[39;22m[90m [39m[90mcirculation costs distribute among apartments @ repetition 75 of 100[39m[90m                                        [39m [90m0.34s[39m  
  [32;1m✓[39;22m[90m [39m[90mcirculation costs distribute among apartments @ repetition 76 of 100[39m[90m                                        [39m [90m0.40s[39m  
  [32;1m✓[39;22m[90m [39m[90mcirculation costs distribute among apartments @ repetition 77 of 100[39m[90m                                        [39m [90m0.49s[39m  
  [32;1m✓[39;22m[90m [39m[90mcirculation costs distribute among apartments @ repetition 78 of 100[39m[90m                                        [39m [90m0.36s[39m  
  [32;1m✓[39;22m[90m [39m[90mcirculation costs distribute among apartments @ repetition 79 of 100[39m[90m                                        [39m [90m0.27s[39m  
  [32;1m✓[39;22m[90m [39m[90mcirculation costs distribute among apartments @ repetition 80 of 100[39m[90m                                        [39m [90m0.33s[39m  
  [32;1m✓[39;22m[90m [39m[90mcirculation costs distribute among apartments @ repetition 81 of 100[39m[90m                                        [39m [90m0.19s[39m  
  [32;1m✓[39;22m[90m [39m[90mcirculation costs distribute among apartments @ repetition 82 of 100[39m[90m                                        [39m [90m0.20s[39m  
  [32;1m✓[39;22m[90m [39m[90mcirculation costs distribute among apartments @ repetition 83 of 100[39m[90m                                        [39m [90m0.17s[39m  
  [32;1m✓[39;22m[90m [39m[90mcirculation costs distribute among apartments @ repetition 84 of 100[39m[90m                                        [39m [90m0.19s[39m  
  [32;1m✓[39;22m[90m [39m[90mcirculation costs distribute among apartments @ repetition 85 of 100[39m[90m                                        [39m [90m0.17s[39m  
  [32;1m✓[39;22m[90m [39m[90mcirculation costs distribute among apartments @ repetition 86 of 100[39m[90m                                        [39m [90m0.13s[39m  
  [32;1m✓[39;22m[90m [39m[90mcirculation costs distribute among apartments @ repetition 87 of 100[39m[90m                                        [39m [90m0.17s[39m  
  [32;1m✓[39;22m[90m [39m[90mcirculation costs distribute among apartments @ repetition 88 of 100[39m[90m                                        [39m [90m0.26s[39m  
  [32;1m✓[39;22m[90m [39m[90mcirculation costs distribute among apartments @ repetition 89 of 100[39m[90m                                        [39m [90m0.19s[39m  
  [32;1m✓[39;22m[90m [39m[90mcirculation costs distribute among apartments @ repetition 90 of 100[39m[90m                                        [39m [90m0.22s[39m  
  [32;1m✓[39;22m[90m [39m[90mcirculation costs distribute among apartments @ repetition 91 of 100[39m[90m                                        [39m [90m0.18s[39m  
  [32;1m✓[39;22m[90m [39m[90mcirculation costs distribute among apartments @ repetition 92 of 100[39m[90m                                        [39m [90m0.22s[39m  
  [32;1m✓[39;22m[90m [39m[90mcirculation costs distribute among apartments @ repetition 93 of 100[39m[90m                                        [39m [90m0.21s[39m  
  [32;1m✓[39;22m[90m [39m[90mcirculation costs distribute among apartments @ repetition 94 of 100[39m[90m                                        [39m [90m0.17s[39m  
  [32;1m✓[39;22m[90m [39m[90mcirculation costs distribute among apartments @ repetition 95 of 100[39m[90m                                        [39m [90m0.20s[39m  
  [32;1m✓[39;22m[90m [39m[90mcirculation costs distribute among apartments @ repetition 96 of 100[39m[90m                                        [39m [90m0.19s[39m  
  [32;1m✓[39;22m[90m [39m[90mcirculation costs distribute among apartments @ repetition 97 of 100[39m[90m                                        [39m [90m0.14s[39m  
  [32;1m✓[39;22m[90m [39m[90mcirculation costs distribute among apartments @ repetition 98 of 100[39m[90m                                        [39m [90m0.17s[39m  
  [32;1m✓[39;22m[90m [39m[90mcirculation costs distribute among apartments @ repetition 99 of 100[39m[90m                                        [39m [90m0.14s[39m  
  [32;1m✓[39;22m[90m [39m[90mcirculation costs distribute among apartments @ repetition 100 of 100[39m[90m                                       [39m [90m0.13s[39m  
  [32;1m✓[39;22m[90m [39m[90mdraft invoices recalculate when readings change @ repetition 1 of 100[39m[90m                                       [39m [90m0.15s[39m  
  [32;1m✓[39;22m[90m [39m[90mdraft invoices recalculate when readings change @ repetition 2 of 100[39m[90m                                       [39m [90m0.11s[39m  
  [32;1m✓[39;22m[90m [39m[90mdraft invoices recalculate when readings change @ repetition 3 of 100[39m[90m                                       [39m [90m0.11s[39m  
  [32;1m✓[39;22m[90m [39m[90mdraft invoices recalculate when readings change @ repetition 4 of 100[39m[90m                                       [39m [90m0.14s[39m  
  [32;1m✓[39;22m[90m [39m[90mdraft invoices recalculate when readings change @ repetition 5 of 100[39m[90m                                       [39m [90m0.16s[39m  
  [32;1m✓[39;22m[90m [39m[90mdraft invoices recalculate when readings change @ repetition 6 of 100[39m[90m                                       [39m [90m0.18s[39m  
  [32;1m✓[39;22m[90m [39m[90mdraft invoices recalculate when readings change @ repetition 7 of 100[39m[90m                                       [39m [90m0.18s[39m  
  [32;1m✓[39;22m[90m [39m[90mdraft invoices recalculate when readings change @ repetition 8 of 100[39m[90m                                       [39m [90m0.22s[39m  
  [32;1m✓[39;22m[90m [39m[90mdraft invoices recalculate when readings change @ repetition 9 of 100[39m[90m                                       [39m [90m0.21s[39m  
  [32;1m✓[39;22m[90m [39m[90mdraft invoices recalculate when readings change @ repetition 10 of 100[39m[90m                                      [39m [90m0.19s[39m  
  [32;1m✓[39;22m[90m [39m[90mdraft invoices recalculate when readings change @ repetition 11 of 100[39m[90m                                      [39m [90m0.17s[39m  
  [32;1m✓[39;22m[90m [39m[90mdraft invoices recalculate when readings change @ repetition 12 of 100[39m[90m                                      [39m [90m0.26s[39m  
  [32;1m✓[39;22m[90m [39m[90mdraft invoices recalculate when readings change @ repetition 13 of 100[39m[90m                                      [39m [90m0.12s[39m  
  [32;1m✓[39;22m[90m [39m[90mdraft invoices recalculate when readings change @ repetition 14 of 100[39m[90m                                      [39m [90m0.09s[39m  
  [32;1m✓[39;22m[90m [39m[90mdraft invoices recalculate when readings change @ repetition 15 of 100[39m[90m                                      [39m [90m0.10s[39m  
  [32;1m✓[39;22m[90m [39m[90mdraft invoices recalculate when readings change @ repetition 16 of 100[39m[90m                                      [39m [90m0.12s[39m  
  [32;1m✓[39;22m[90m [39m[90mdraft invoices recalculate when readings change @ repetition 17 of 100[39m[90m                                      [39m [90m0.13s[39m  
  [32;1m✓[39;22m[90m [39m[90mdraft invoices recalculate when readings change @ repetition 18 of 100[39m[90m                                      [39m [90m0.09s[39m  
  [32;1m✓[39;22m[90m [39m[90mdraft invoices recalculate when readings change @ repetition 19 of 100[39m[90m                                      [39m [90m0.14s[39m  
  [32;1m✓[39;22m[90m [39m[90mdraft invoices recalculate when readings change @ repetition 20 of 100[39m[90m                                      [39m [90m0.15s[39m  
  [32;1m✓[39;22m[90m [39m[90mdraft invoices recalculate when readings change @ repetition 21 of 100[39m[90m                                      [39m [90m0.12s[39m  
  [32;1m✓[39;22m[90m [39m[90mdraft invoices recalculate when readings change @ repetition 22 of 100[39m[90m                                      [39m [90m0.08s[39m  
  [32;1m✓[39;22m[90m [39m[90mdraft invoices recalculate when readings change @ repetition 23 of 100[39m[90m                                      [39m [90m0.08s[39m  
  [32;1m✓[39;22m[90m [39m[90mdraft invoices recalculate when readings change @ repetition 24 of 100[39m[90m                                      [39m [90m0.08s[39m  
  [32;1m✓[39;22m[90m [39m[90mdraft invoices recalculate when readings change @ repetition 25 of 100[39m[90m                                      [39m [90m0.09s[39m  
  [32;1m✓[39;22m[90m [39m[90mdraft invoices recalculate when readings change @ repetition 26 of 100[39m[90m                                      [39m [90m0.08s[39m  
  [32;1m✓[39;22m[90m [39m[90mdraft invoices recalculate when readings change @ repetition 27 of 100[39m[90m                                      [39m [90m0.08s[39m  
  [32;1m✓[39;22m[90m [39m[90mdraft invoices recalculate when readings change @ repetition 28 of 100[39m[90m                                      [39m [90m0.13s[39m  
  [32;1m✓[39;22m[90m [39m[90mdraft invoices recalculate when readings change @ repetition 29 of 100[39m[90m                                      [39m [90m0.09s[39m  
  [32;1m✓[39;22m[90m [39m[90mdraft invoices recalculate when readings change @ repetition 30 of 100[39m[90m                                      [39m [90m0.09s[39m  
  [32;1m✓[39;22m[90m [39m[90mdraft invoices recalculate when readings change @ repetition 31 of 100[39m[90m                                      [39m [90m0.10s[39m  
  [32;1m✓[39;22m[90m [39m[90mdraft invoices recalculate when readings change @ repetition 32 of 100[39m[90m                                      [39m [90m0.11s[39m  
  [32;1m✓[39;22m[90m [39m[90mdraft invoices recalculate when readings change @ repetition 33 of 100[39m[90m                                      [39m [90m0.11s[39m  
  [32;1m✓[39;22m[90m [39m[90mdraft invoices recalculate when readings change @ repetition 34 of 100[39m[90m                                      [39m [90m0.08s[39m  
  [32;1m✓[39;22m[90m [39m[90mdraft invoices recalculate when readings change @ repetition 35 of 100[39m[90m                                      [39m [90m0.10s[39m  
  [32;1m✓[39;22m[90m [39m[90mdraft invoices recalculate when readings change @ repetition 36 of 100[39m[90m                                      [39m [90m0.18s[39m  
  [32;1m✓[39;22m[90m [39m[90mdraft invoices recalculate when readings change @ repetition 37 of 100[39m[90m                                      [39m [90m0.08s[39m  
  [32;1m✓[39;22m[90m [39m[90mdraft invoices recalculate when readings change @ repetition 38 of 100[39m[90m                                      [39m [90m0.08s[39m  
  [32;1m✓[39;22m[90m [39m[90mdraft invoices recalculate when readings change @ repetition 39 of 100[39m[90m                                      [39m [90m0.08s[39m  
  [32;1m✓[39;22m[90m [39m[90mdraft invoices recalculate when readings change @ repetition 40 of 100[39m[90m                                      [39m [90m0.08s[39m  
  [32;1m✓[39;22m[90m [39m[90mdraft invoices recalculate when readings change @ repetition 41 of 100[39m[90m                                      [39m [90m0.08s[39m  
  [32;1m✓[39;22m[90m [39m[90mdraft invoices recalculate when readings change @ repetition 42 of 100[39m[90m                                      [39m [90m0.08s[39m  
  [32;1m✓[39;22m[90m [39m[90mdraft invoices recalculate when readings change @ repetition 43 of 100[39m[90m                                      [39m [90m0.08s[39m  
  [32;1m✓[39;22m[90m [39m[90mdraft invoices recalculate when readings change @ repetition 44 of 100[39m[90m                                      [39m [90m0.11s[39m  
  [32;1m✓[39;22m[90m [39m[90mdraft invoices recalculate when readings change @ repetition 45 of 100[39m[90m                                      [39m [90m0.08s[39m  
  [32;1m✓[39;22m[90m [39m[90mdraft invoices recalculate when readings change @ repetition 46 of 100[39m[90m                                      [39m [90m0.08s[39m  
  [32;1m✓[39;22m[90m [39m[90mdraft invoices recalculate when readings change @ repetition 47 of 100[39m[90m                                      [39m [90m0.09s[39m  
  [32;1m✓[39;22m[90m [39m[90mdraft invoices recalculate when readings change @ repetition 48 of 100[39m[90m                                      [39m [90m0.11s[39m  
  [32;1m✓[39;22m[90m [39m[90mdraft invoices recalculate when readings change @ repetition 49 of 100[39m[90m                                      [39m [90m0.15s[39m  
  [32;1m✓[39;22m[90m [39m[90mdraft invoices recalculate when readings change @ repetition 50 of 100[39m[90m                                      [39m [90m0.12s[39m  
  [32;1m✓[39;22m[90m [39m[90mdraft invoices recalculate when readings change @ repetition 51 of 100[39m[90m                                      [39m [90m0.12s[39m  
  [32;1m✓[39;22m[90m [39m[90mdraft invoices recalculate when readings change @ repetition 52 of 100[39m[90m                                      [39m [90m0.18s[39m  
  [32;1m✓[39;22m[90m [39m[90mdraft invoices recalculate when readings change @ repetition 53 of 100[39m[90m                                      [39m [90m0.12s[39m  
  [32;1m✓[39;22m[90m [39m[90mdraft invoices recalculate when readings change @ repetition 54 of 100[39m[90m                                      [39m [90m0.12s[39m  
  [32;1m✓[39;22m[90m [39m[90mdraft invoices recalculate when readings change @ repetition 55 of 100[39m[90m                                      [39m [90m0.12s[39m  
  [32;1m✓[39;22m[90m [39m[90mdraft invoices recalculate when readings change @ repetition 56 of 100[39m[90m                                      [39m [90m0.13s[39m  
  [32;1m✓[39;22m[90m [39m[90mdraft invoices recalculate when readings change @ repetition 57 of 100[39m[90m                                      [39m [90m0.12s[39m  
  [32;1m✓[39;22m[90m [39m[90mdraft invoices recalculate when readings change @ repetition 58 of 100[39m[90m                                      [39m [90m0.10s[39m  
  [32;1m✓[39;22m[90m [39m[90mdraft invoices recalculate when readings change @ repetition 59 of 100[39m[90m                                      [39m [90m0.08s[39m  
  [32;1m✓[39;22m[90m [39m[90mdraft invoices recalculate when readings change @ repetition 60 of 100[39m[90m                                      [39m [90m0.11s[39m  
  [32;1m✓[39;22m[90m [39m[90mdraft invoices recalculate when readings change @ repetition 61 of 100[39m[90m                                      [39m [90m0.08s[39m  
  [32;1m✓[39;22m[90m [39m[90mdraft invoices recalculate when readings change @ repetition 62 of 100[39m[90m                                      [39m [90m0.08s[39m  
  [32;1m✓[39;22m[90m [39m[90mdraft invoices recalculate when readings change @ repetition 63 of 100[39m[90m                                      [39m [90m0.11s[39m  
  [32;1m✓[39;22m[90m [39m[90mdraft invoices recalculate when readings change @ repetition 64 of 100[39m[90m                                      [39m [90m0.11s[39m  
  [32;1m✓[39;22m[90m [39m[90mdraft invoices recalculate when readings change @ repetition 65 of 100[39m[90m                                      [39m [90m0.12s[39m  
  [32;1m✓[39;22m[90m [39m[90mdraft invoices recalculate when readings change @ repetition 66 of 100[39m[90m                                      [39m [90m0.12s[39m  
  [32;1m✓[39;22m[90m [39m[90mdraft invoices recalculate when readings change @ repetition 67 of 100[39m[90m                                      [39m [90m0.10s[39m  
  [32;1m✓[39;22m[90m [39m[90mdraft invoices recalculate when readings change @ repetition 68 of 100[39m[90m                                      [39m [90m0.11s[39m  
  [32;1m✓[39;22m[90m [39m[90mdraft invoices recalculate when readings change @ repetition 69 of 100[39m[90m                                      [39m [90m0.09s[39m  
  [32;1m✓[39;22m[90m [39m[90mdraft invoices recalculate when readings change @ repetition 70 of 100[39m[90m                                      [39m [90m0.14s[39m  
  [32;1m✓[39;22m[90m [39m[90mdraft invoices recalculate when readings change @ repetition 71 of 100[39m[90m                                      [39m [90m0.13s[39m  
  [32;1m✓[39;22m[90m [39m[90mdraft invoices recalculate when readings change @ repetition 72 of 100[39m[90m                                      [39m [90m0.14s[39m  
  [32;1m✓[39;22m[90m [39m[90mdraft invoices recalculate when readings change @ repetition 73 of 100[39m[90m                                      [39m [90m0.13s[39m  
  [32;1m✓[39;22m[90m [39m[90mdraft invoices recalculate when readings change @ repetition 74 of 100[39m[90m                                      [39m [90m0.08s[39m  
  [32;1m✓[39;22m[90m [39m[90mdraft invoices recalculate when readings change @ repetition 75 of 100[39m[90m                                      [39m [90m0.09s[39m  
  [32;1m✓[39;22m[90m [39m[90mdraft invoices recalculate when readings change @ repetition 76 of 100[39m[90m                                      [39m [90m0.11s[39m  
  [32;1m✓[39;22m[90m [39m[90mdraft invoices recalculate when readings change @ repetition 77 of 100[39m[90m                                      [39m [90m0.08s[39m  
  [32;1m✓[39;22m[90m [39m[90mdraft invoices recalculate when readings change @ repetition 78 of 100[39m[90m                                      [39m [90m0.08s[39m  
  [32;1m✓[39;22m[90m [39m[90mdraft invoices recalculate when readings change @ repetition 79 of 100[39m[90m                                      [39m [90m0.08s[39m  
  [32;1m✓[39;22m[90m [39m[90mdraft invoices recalculate when readings change @ repetition 80 of 100[39m[90m                                      [39m [90m0.09s[39m  
  [32;1m✓[39;22m[90m [39m[90mdraft invoices recalculate when readings change @ repetition 81 of 100[39m[90m                                      [39m [90m0.08s[39m  
  [32;1m✓[39;22m[90m [39m[90mdraft invoices recalculate when readings change @ repetition 82 of 100[39m[90m                                      [39m [90m0.08s[39m  
  [32;1m✓[39;22m[90m [39m[90mdraft invoices recalculate when readings change @ repetition 83 of 100[39m[90m                                      [39m [90m0.08s[39m  
  [32;1m✓[39;22m[90m [39m[90mdraft invoices recalculate when readings change @ repetition 84 of 100[39m[90m                                      [39m [90m0.20s[39m  
  [32;1m✓[39;22m[90m [39m[90mdraft invoices recalculate when readings change @ repetition 85 of 100[39m[90m                                      [39m [90m0.19s[39m  
  [32;1m✓[39;22m[90m [39m[90mdraft invoices recalculate when readings change @ repetition 86 of 100[39m[90m                                      [39m [90m0.14s[39m  
  [32;1m✓[39;22m[90m [39m[90mdraft invoices recalculate when readings change @ repetition 87 of 100[39m[90m                                      [39m [90m0.14s[39m  
  [32;1m✓[39;22m[90m [39m[90mdraft invoices recalculate when readings change @ repetition 88 of 100[39m[90m                                      [39m [90m0.13s[39m  
  [32;1m✓[39;22m[90m [39m[90mdraft invoices recalculate when readings change @ repetition 89 of 100[39m[90m                                      [39m [90m0.11s[39m  
  [32;1m✓[39;22m[90m [39m[90mdraft invoices recalculate when readings change @ repetition 90 of 100[39m[90m                                      [39m [90m0.16s[39m  
  [32;1m✓[39;22m[90m [39m[90mdraft invoices recalculate when readings change @ repetition 91 of 100[39m[90m                                      [39m [90m0.16s[39m  
  [32;1m✓[39;22m[90m [39m[90mdraft invoices recalculate when readings change @ repetition 92 of 100[39m[90m                                      [39m [90m0.18s[39m  
  [32;1m✓[39;22m[90m [39m[90mdraft invoices recalculate when readings change @ repetition 93 of 100[39m[90m                                      [39m [90m0.12s[39m  
  [32;1m✓[39;22m[90m [39m[90mdraft invoices recalculate when readings change @ repetition 94 of 100[39m[90m                                      [39m [90m0.12s[39m  
  [32;1m✓[39;22m[90m [39m[90mdraft invoices recalculate when readings change @ repetition 95 of 100[39m[90m                                      [39m [90m0.12s[39m  
  [32;1m✓[39;22m[90m [39m[90mdraft invoices recalculate when readings change @ repetition 96 of 100[39m[90m                                      [39m [90m0.11s[39m  
  [32;1m✓[39;22m[90m [39m[90mdraft invoices recalculate when readings change @ repetition 97 of 100[39m[90m                                      [39m [90m0.11s[39m  
  [32;1m✓[39;22m[90m [39m[90mdraft invoices recalculate when readings change @ repetition 98 of 100[39m[90m                                      [39m [90m0.10s[39m  
  [32;1m✓[39;22m[90m [39m[90mdraft invoices recalculate when readings change @ repetition 99 of 100[39m[90m                                      [39m [90m0.11s[39m  
  [32;1m✓[39;22m[90m [39m[90mdraft invoices recalculate when readings change @ repetition 100 of 100[39m[90m                                     [39m [90m0.14s[39m  
  [32;1m✓[39;22m[90m [39m[90mclient-side preview matches server calculation @ repetition 1 of 100[39m[90m                                        [39m [90m0.10s[39m  
  [32;1m✓[39;22m[90m [39m[90mclient-side preview matches server calculation @ repetition 2 of 100[39m[90m                                        [39m [90m0.10s[39m  
  [32;1m✓[39;22m[90m [39m[90mclient-side preview matches server calculation @ repetition 3 of 100[39m[90m                                        [39m [90m0.09s[39m  
  [32;1m✓[39;22m[90m [39m[90mclient-side preview matches server calculation @ repetition 4 of 100[39m[90m                                        [39m [90m0.09s[39m  
  [32;1m✓[39;22m[90m [39m[90mclient-side preview matches server calculation @ repetition 5 of 100[39m[90m                                        [39m [90m0.09s[39m  
  [32;1m✓[39;22m[90m [39m[90mclient-side preview matches server calculation @ repetition 6 of 100[39m[90m                                        [39m [90m0.09s[39m  
  [32;1m✓[39;22m[90m [39m[90mclient-side preview matches server calculation @ repetition 7 of 100[39m[90m                                        [39m [90m0.09s[39m  
  [32;1m✓[39;22m[90m [39m[90mclient-side preview matches server calculation @ repetition 8 of 100[39m[90m                                        [39m [90m0.13s[39m  
  [32;1m✓[39;22m[90m [39m[90mclient-side preview matches server calculation @ repetition 9 of 100[39m[90m                                        [39m [90m0.09s[39m  
  [32;1m✓[39;22m[90m [39m[90mclient-side preview matches server calculation @ repetition 10 of 100[39m[90m                                       [39m [90m0.09s[39m  
  [32;1m✓[39;22m[90m [39m[90mclient-side preview matches server calculation @ repetition 11 of 100[39m[90m                                       [39m [90m0.09s[39m  
  [32;1m✓[39;22m[90m [39m[90mclient-side preview matches server calculation @ repetition 12 of 100[39m[90m                                       [39m [90m0.09s[39m  
  [32;1m✓[39;22m[90m [39m[90mclient-side preview matches server calculation @ repetition 13 of 100[39m[90m                                       [39m [90m0.09s[39m  
  [32;1m✓[39;22m[90m [39m[90mclient-side preview matches server calculation @ repetition 14 of 100[39m[90m                                       [39m [90m0.09s[39m  
  [32;1m✓[39;22m[90m [39m[90mclient-side preview matches server calculation @ repetition 15 of 100[39m[90m                                       [39m [90m0.09s[39m  
  [32;1m✓[39;22m[90m [39m[90mclient-side preview matches server calculation @ repetition 16 of 100[39m[90m                                       [39m [90m0.12s[39m  
  [32;1m✓[39;22m[90m [39m[90mclient-side preview matches server calculation @ repetition 17 of 100[39m[90m                                       [39m [90m0.09s[39m  
  [32;1m✓[39;22m[90m [39m[90mclient-side preview matches server calculation @ repetition 18 of 100[39m[90m                                       [39m [90m0.09s[39m  
  [32;1m✓[39;22m[90m [39m[90mclient-side preview matches server calculation @ repetition 19 of 100[39m[90m                                       [39m [90m0.09s[39m  
  [32;1m✓[39;22m[90m [39m[90mclient-side preview matches server calculation @ repetition 20 of 100[39m[90m                                       [39m [90m0.09s[39m  
  [32;1m✓[39;22m[90m [39m[90mclient-side preview matches server calculation @ repetition 21 of 100[39m[90m                                       [39m [90m0.09s[39m  
  [32;1m✓[39;22m[90m [39m[90mclient-side preview matches server calculation @ repetition 22 of 100[39m[90m                                       [39m [90m0.08s[39m  
  [32;1m✓[39;22m[90m [39m[90mclient-side preview matches server calculation @ repetition 23 of 100[39m[90m                                       [39m [90m0.09s[39m  
  [32;1m✓[39;22m[90m [39m[90mclient-side preview matches server calculation @ repetition 24 of 100[39m[90m                                       [39m [90m0.12s[39m  
  [32;1m✓[39;22m[90m [39m[90mclient-side preview matches server calculation @ repetition 25 of 100[39m[90m                                       [39m [90m0.09s[39m  
  [32;1m✓[39;22m[90m [39m[90mclient-side preview matches server calculation @ repetition 26 of 100[39m[90m                                       [39m [90m0.08s[39m  
  [32;1m✓[39;22m[90m [39m[90mclient-side preview matches server calculation @ repetition 27 of 100[39m[90m                                       [39m [90m0.09s[39m  
  [32;1m✓[39;22m[90m [39m[90mclient-side preview matches server calculation @ repetition 28 of 100[39m[90m                                       [39m [90m0.08s[39m  
  [32;1m✓[39;22m[90m [39m[90mclient-side preview matches server calculation @ repetition 29 of 100[39m[90m                                       [39m [90m0.08s[39m  
  [32;1m✓[39;22m[90m [39m[90mclient-side preview matches server calculation @ repetition 30 of 100[39m[90m                                       [39m [90m0.08s[39m  
  [32;1m✓[39;22m[90m [39m[90mclient-side preview matches server calculation @ repetition 31 of 100[39m[90m                                       [39m [90m0.08s[39m  
  [32;1m✓[39;22m[90m [39m[90mclient-side preview matches server calculation @ repetition 32 of 100[39m[90m                                       [39m [90m0.14s[39m  
  [32;1m✓[39;22m[90m [39m[90mclient-side preview matches server calculation @ repetition 33 of 100[39m[90m                                       [39m [90m0.12s[39m  
  [32;1m✓[39;22m[90m [39m[90mclient-side preview matches server calculation @ repetition 34 of 100[39m[90m                                       [39m [90m0.12s[39m  
  [32;1m✓[39;22m[90m [39m[90mclient-side preview matches server calculation @ repetition 35 of 100[39m[90m                                       [39m [90m0.13s[39m  
  [32;1m✓[39;22m[90m [39m[90mclient-side preview matches server calculation @ repetition 36 of 100[39m[90m                                       [39m [90m0.12s[39m  
  [32;1m✓[39;22m[90m [39m[90mclient-side preview matches server calculation @ repetition 37 of 100[39m[90m                                       [39m [90m0.12s[39m  
  [32;1m✓[39;22m[90m [39m[90mclient-side preview matches server calculation @ repetition 38 of 100[39m[90m                                       [39m [90m0.12s[39m  
  [32;1m✓[39;22m[90m [39m[90mclient-side preview matches server calculation @ repetition 39 of 100[39m[90m                                       [39m [90m0.12s[39m  
  [32;1m✓[39;22m[90m [39m[90mclient-side preview matches server calculation @ repetition 40 of 100[39m[90m                                       [39m [90m0.18s[39m  
  [32;1m✓[39;22m[90m [39m[90mclient-side preview matches server calculation @ repetition 41 of 100[39m[90m                                       [39m [90m0.18s[39m  
  [32;1m✓[39;22m[90m [39m[90mclient-side preview matches server calculation @ repetition 42 of 100[39m[90m                                       [39m [90m0.14s[39m  
  [32;1m✓[39;22m[90m [39m[90mclient-side preview matches server calculation @ repetition 43 of 100[39m[90m                                       [39m [90m0.13s[39m  
  [32;1m✓[39;22m[90m [39m[90mclient-side preview matches server calculation @ repetition 44 of 100[39m[90m                                       [39m [90m0.13s[39m  
  [32;1m✓[39;22m[90m [39m[90mclient-side preview matches server calculation @ repetition 45 of 100[39m[90m                                       [39m [90m0.13s[39m  
  [32;1m✓[39;22m[90m [39m[90mclient-side preview matches server calculation @ repetition 46 of 100[39m[90m                                       [39m [90m0.13s[39m  
  [32;1m✓[39;22m[90m [39m[90mclient-side preview matches server calculation @ repetition 47 of 100[39m[90m                                       [39m [90m0.13s[39m  
  [32;1m✓[39;22m[90m [39m[90mclient-side preview matches server calculation @ repetition 48 of 100[39m[90m                                       [39m [90m0.18s[39m  
  [32;1m✓[39;22m[90m [39m[90mclient-side preview matches server calculation @ repetition 49 of 100[39m[90m                                       [39m [90m0.12s[39m  
  [32;1m✓[39;22m[90m [39m[90mclient-side preview matches server calculation @ repetition 50 of 100[39m[90m                                       [39m [90m0.12s[39m  
  [32;1m✓[39;22m[90m [39m[90mclient-side preview matches server calculation @ repetition 51 of 100[39m[90m                                       [39m [90m0.12s[39m  
  [32;1m✓[39;22m[90m [39m[90mclient-side preview matches server calculation @ repetition 52 of 100[39m[90m                                       [39m [90m0.14s[39m  
  [32;1m✓[39;22m[90m [39m[90mclient-side preview matches server calculation @ repetition 53 of 100[39m[90m                                       [39m [90m0.12s[39m  
  [32;1m✓[39;22m[90m [39m[90mclient-side preview matches server calculation @ repetition 54 of 100[39m[90m                                       [39m [90m0.12s[39m  
  [32;1m✓[39;22m[90m [39m[90mclient-side preview matches server calculation @ repetition 55 of 100[39m[90m                                       [39m [90m0.13s[39m  
  [32;1m✓[39;22m[90m [39m[90mclient-side preview matches server calculation @ repetition 56 of 100[39m[90m                                       [39m [90m0.18s[39m  
  [32;1m✓[39;22m[90m [39m[90mclient-side preview matches server calculation @ repetition 57 of 100[39m[90m                                       [39m [90m0.14s[39m  
  [32;1m✓[39;22m[90m [39m[90mclient-side preview matches server calculation @ repetition 58 of 100[39m[90m                                       [39m [90m0.13s[39m  
  [32;1m✓[39;22m[90m [39m[90mclient-side preview matches server calculation @ repetition 59 of 100[39m[90m                                       [39m [90m0.15s[39m  
  [32;1m✓[39;22m[90m [39m[90mclient-side preview matches server calculation @ repetition 60 of 100[39m[90m                                       [39m [90m0.14s[39m  
  [32;1m✓[39;22m[90m [39m[90mclient-side preview matches server calculation @ repetition 61 of 100[39m[90m                                       [39m [90m0.13s[39m  
  [32;1m✓[39;22m[90m [39m[90mclient-side preview matches server calculation @ repetition 62 of 100[39m[90m                                       [39m [90m0.14s[39m  
  [32;1m✓[39;22m[90m [39m[90mclient-side preview matches server calculation @ repetition 63 of 100[39m[90m                                       [39m [90m0.15s[39m  
  [32;1m✓[39;22m[90m [39m[90mclient-side preview matches server calculation @ repetition 64 of 100[39m[90m                                       [39m [90m0.18s[39m  
  [32;1m✓[39;22m[90m [39m[90mclient-side preview matches server calculation @ repetition 65 of 100[39m[90m                                       [39m [90m0.13s[39m  
  [32;1m✓[39;22m[90m [39m[90mclient-side preview matches server calculation @ repetition 66 of 100[39m[90m                                       [39m [90m0.15s[39m  
  [32;1m✓[39;22m[90m [39m[90mclient-side preview matches server calculation @ repetition 67 of 100[39m[90m                                       [39m [90m0.13s[39m  
  [32;1m✓[39;22m[90m [39m[90mclient-side preview matches server calculation @ repetition 68 of 100[39m[90m                                       [39m [90m0.14s[39m  
  [32;1m✓[39;22m[90m [39m[90mclient-side preview matches server calculation @ repetition 69 of 100[39m[90m                                       [39m [90m0.13s[39m  
  [32;1m✓[39;22m[90m [39m[90mclient-side preview matches server calculation @ repetition 70 of 100[39m[90m                                       [39m [90m0.13s[39m  
  [32;1m✓[39;22m[90m [39m[90mclient-side preview matches server calculation @ repetition 71 of 100[39m[90m                                       [39m [90m0.13s[39m  
  [32;1m✓[39;22m[90m [39m[90mclient-side preview matches server calculation @ repetition 72 of 100[39m[90m                                       [39m [90m0.17s[39m  
  [32;1m✓[39;22m[90m [39m[90mclient-side preview matches server calculation @ repetition 73 of 100[39m[90m                                       [39m [90m0.13s[39m  
  [32;1m✓[39;22m[90m [39m[90mclient-side preview matches server calculation @ repetition 74 of 100[39m[90m                                       [39m [90m0.12s[39m  
  [32;1m✓[39;22m[90m [39m[90mclient-side preview matches server calculation @ repetition 75 of 100[39m[90m                                       [39m [90m0.12s[39m  
  [32;1m✓[39;22m[90m [39m[90mclient-side preview matches server calculation @ repetition 76 of 100[39m[90m                                       [39m [90m0.12s[39m  
  [32;1m✓[39;22m[90m [39m[90mclient-side preview matches server calculation @ repetition 77 of 100[39m[90m                                       [39m [90m0.13s[39m  
  [32;1m✓[39;22m[90m [39m[90mclient-side preview matches server calculation @ repetition 78 of 100[39m[90m                                       [39m [90m0.13s[39m  
  [32;1m✓[39;22m[90m [39m[90mclient-side preview matches server calculation @ repetition 79 of 100[39m[90m                                       [39m [90m0.13s[39m  
  [32;1m✓[39;22m[90m [39m[90mclient-side preview matches server calculation @ repetition 80 of 100[39m[90m                                       [39m [90m0.16s[39m  
  [32;1m✓[39;22m[90m [39m[90mclient-side preview matches server calculation @ repetition 81 of 100[39m[90m                                       [39m [90m0.13s[39m  
  [32;1m✓[39;22m[90m [39m[90mclient-side preview matches server calculation @ repetition 82 of 100[39m[90m                                       [39m [90m0.11s[39m  
  [32;1m✓[39;22m[90m [39m[90mclient-side preview matches server calculation @ repetition 83 of 100[39m[90m                                       [39m [90m0.12s[39m  
  [32;1m✓[39;22m[90m [39m[90mclient-side preview matches server calculation @ repetition 84 of 100[39m[90m                                       [39m [90m0.11s[39m  
  [32;1m✓[39;22m[90m [39m[90mclient-side preview matches server calculation @ repetition 85 of 100[39m[90m                                       [39m [90m0.11s[39m  
  [32;1m✓[39;22m[90m [39m[90mclient-side preview matches server calculation @ repetition 86 of 100[39m[90m                                       [39m [90m0.14s[39m  
  [32;1m✓[39;22m[90m [39m[90mclient-side preview matches server calculation @ repetition 87 of 100[39m[90m                                       [39m [90m0.13s[39m  
  [32;1m✓[39;22m[90m [39m[90mclient-side preview matches server calculation @ repetition 88 of 100[39m[90m                                       [39m [90m0.15s[39m  
  [32;1m✓[39;22m[90m [39m[90mclient-side preview matches server calculation @ repetition 89 of 100[39m[90m                                       [39m [90m0.10s[39m  
  [32;1m✓[39;22m[90m [39m[90mclient-side preview matches server calculation @ repetition 90 of 100[39m[90m                                       [39m [90m0.10s[39m  
  [32;1m✓[39;22m[90m [39m[90mclient-side preview matches server calculation @ repetition 91 of 100[39m[90m                                       [39m [90m0.09s[39m  
  [32;1m✓[39;22m[90m [39m[90mclient-side preview matches server calculation @ repetition 92 of 100[39m[90m                                       [39m [90m0.09s[39m  
  [32;1m✓[39;22m[90m [39m[90mclient-side preview matches server calculation @ repetition 93 of 100[39m[90m                                       [39m [90m0.13s[39m  
  [32;1m✓[39;22m[90m [39m[90mclient-side preview matches server calculation @ repetition 94 of 100[39m[90m                                       [39m [90m0.10s[39m  
  [32;1m✓[39;22m[90m [39m[90mclient-side preview matches server calculation @ repetition 95 of 100[39m[90m                                       [39m [90m0.10s[39m  
  [32;1m✓[39;22m[90m [39m[90mclient-side preview matches server calculation @ repetition 96 of 100[39m[90m                                       [39m [90m0.13s[39m  
  [32;1m✓[39;22m[90m [39m[90mclient-side preview matches server calculation @ repetition 97 of 100[39m[90m                                       [39m [90m0.10s[39m  
  [32;1m✓[39;22m[90m [39m[90mclient-side preview matches server calculation @ repetition 98 of 100[39m[90m                                       [39m [90m0.09s[39m  
  [32;1m✓[39;22m[90m [39m[90mclient-side preview matches server calculation @ repetition 99 of 100[39m[90m                                       [39m [90m0.09s[39m  
  [32;1m✓[39;22m[90m [39m[90mclient-side preview matches server calculation @ repetition 100 of 100[39m[90m                                      [39m [90m0.08s[39m  
  [32;1m✓[39;22m[90m [39m[90mbackup retention policy is configurable @ repetition 1 of 100[39m[90m                                               [39m [90m0.08s[39m  
  [32;1m✓[39;22m[90m [39m[90mbackup retention policy is configurable @ repetition 2 of 100[39m[90m                                               [39m [90m0.08s[39m  
  [32;1m✓[39;22m[90m [39m[90mbackup retention policy is configurable @ repetition 3 of 100[39m[90m                                               [39m [90m0.08s[39m  
  [32;1m✓[39;22m[90m [39m[90mbackup retention policy is configurable @ repetition 4 of 100[39m[90m                                               [39m [90m0.12s[39m  
  [32;1m✓[39;22m[90m [39m[90mbackup retention policy is configurable @ repetition 5 of 100[39m[90m                                               [39m [90m0.08s[39m  
  [32;1m✓[39;22m[90m [39m[90mbackup retention policy is configurable @ repetition 6 of 100[39m[90m                                               [39m [90m0.08s[39m  
  [32;1m✓[39;22m[90m [39m[90mbackup retention policy is configurable @ repetition 7 of 100[39m[90m                                               [39m [90m0.08s[39m  
  [32;1m✓[39;22m[90m [39m[90mbackup retention policy is configurable @ repetition 8 of 100[39m[90m                                               [39m [90m0.08s[39m  
  [32;1m✓[39;22m[90m [39m[90mbackup retention policy is configurable @ repetition 9 of 100[39m[90m                                               [39m [90m0.09s[39m  
  [32;1m✓[39;22m[90m [39m[90mbackup retention policy is configurable @ repetition 10 of 100[39m[90m                                              [39m [90m0.08s[39m  
  [32;1m✓[39;22m[90m [39m[90mbackup retention policy is configurable @ repetition 11 of 100[39m[90m                                              [39m [90m0.09s[39m  
  [32;1m✓[39;22m[90m [39m[90mbackup retention policy is configurable @ repetition 12 of 100[39m[90m                                              [39m [90m0.12s[39m  
  [32;1m✓[39;22m[90m [39m[90mbackup retention policy is configurable @ repetition 13 of 100[39m[90m                                              [39m [90m0.08s[39m  
  [32;1m✓[39;22m[90m [39m[90mbackup retention policy is configurable @ repetition 14 of 100[39m[90m                                              [39m [90m0.08s[39m  
  [32;1m✓[39;22m[90m [39m[90mbackup retention policy is configurable @ repetition 15 of 100[39m[90m                                              [39m [90m0.08s[39m  
  [32;1m✓[39;22m[90m [39m[90mbackup retention policy is configurable @ repetition 16 of 100[39m[90m                                              [39m [90m0.09s[39m  
  [32;1m✓[39;22m[90m [39m[90mbackup retention policy is configurable @ repetition 17 of 100[39m[90m                                              [39m [90m0.09s[39m  
  [32;1m✓[39;22m[90m [39m[90mbackup retention policy is configurable @ repetition 18 of 100[39m[90m                                              [39m [90m0.08s[39m  
  [32;1m✓[39;22m[90m [39m[90mbackup retention policy is configurable @ repetition 19 of 100[39m[90m                                              [39m [90m0.09s[39m  
  [32;1m✓[39;22m[90m [39m[90mbackup retention policy is configurable @ repetition 20 of 100[39m[90m                                              [39m [90m0.13s[39m  
  [32;1m✓[39;22m[90m [39m[90mbackup retention policy is configurable @ repetition 21 of 100[39m[90m                                              [39m [90m0.08s[39m  
  [32;1m✓[39;22m[90m [39m[90mbackup retention policy is configurable @ repetition 22 of 100[39m[90m                                              [39m [90m0.09s[39m  
  [32;1m✓[39;22m[90m [39m[90mbackup retention policy is configurable @ repetition 23 of 100[39m[90m                                              [39m [90m0.08s[39m  
  [32;1m✓[39;22m[90m [39m[90mbackup retention policy is configurable @ repetition 24 of 100[39m[90m                                              [39m [90m0.09s[39m  
  [32;1m✓[39;22m[90m [39m[90mbackup retention policy is configurable @ repetition 25 of 100[39m[90m                                              [39m [90m0.08s[39m  
  [32;1m✓[39;22m[90m [39m[90mbackup retention policy is configurable @ repetition 26 of 100[39m[90m                                              [39m [90m0.08s[39m  
  [32;1m✓[39;22m[90m [39m[90mbackup retention policy is configurable @ repetition 27 of 100[39m[90m                                              [39m [90m0.08s[39m  
  [32;1m✓[39;22m[90m [39m[90mbackup retention policy is configurable @ repetition 28 of 100[39m[90m                                              [39m [90m0.12s[39m  
  [32;1m✓[39;22m[90m [39m[90mbackup retention policy is configurable @ repetition 29 of 100[39m[90m                                              [39m [90m0.08s[39m  
  [32;1m✓[39;22m[90m [39m[90mbackup retention policy is configurable @ repetition 30 of 100[39m[90m                                              [39m [90m0.08s[39m  
  [32;1m✓[39;22m[90m [39m[90mbackup retention policy is configurable @ repetition 31 of 100[39m[90m                                              [39m [90m0.08s[39m  
  [32;1m✓[39;22m[90m [39m[90mbackup retention policy is configurable @ repetition 32 of 100[39m[90m                                              [39m [90m0.09s[39m  
  [32;1m✓[39;22m[90m [39m[90mbackup retention policy is configurable @ repetition 33 of 100[39m[90m                                              [39m [90m0.09s[39m  
  [32;1m✓[39;22m[90m [39m[90mbackup retention policy is configurable @ repetition 34 of 100[39m[90m                                              [39m [90m0.09s[39m  
  [32;1m✓[39;22m[90m [39m[90mbackup retention policy is configurable @ repetition 35 of 100[39m[90m                                              [39m [90m0.09s[39m  
  [32;1m✓[39;22m[90m [39m[90mbackup retention policy is configurable @ repetition 36 of 100[39m[90m                                              [39m [90m0.13s[39m  
  [32;1m✓[39;22m[90m [39m[90mbackup retention policy is configurable @ repetition 37 of 100[39m[90m                                              [39m [90m0.09s[39m  
  [32;1m✓[39;22m[90m [39m[90mbackup retention policy is configurable @ repetition 38 of 100[39m[90m                                              [39m [90m0.09s[39m  
  [32;1m✓[39;22m[90m [39m[90mbackup retention policy is configurable @ repetition 39 of 100[39m[90m                                              [39m [90m0.09s[39m  
  [32;1m✓[39;22m[90m [39m[90mbackup retention policy is configurable @ repetition 40 of 100[39m[90m                                              [39m [90m0.09s[39m  
  [32;1m✓[39;22m[90m [39m[90mbackup retention policy is configurable @ repetition 41 of 100[39m[90m                                              [39m [90m0.08s[39m  
  [32;1m✓[39;22m[90m [39m[90mbackup retention policy is configurable @ repetition 42 of 100[39m[90m                                              [39m [90m0.08s[39m  
  [32;1m✓[39;22m[90m [39m[90mbackup retention policy is configurable @ repetition 43 of 100[39m[90m                                              [39m [90m0.08s[39m  
  [32;1m✓[39;22m[90m [39m[90mbackup retention policy is configurable @ repetition 44 of 100[39m[90m                                              [39m [90m0.11s[39m  
  [32;1m✓[39;22m[90m [39m[90mbackup retention policy is configurable @ repetition 45 of 100[39m[90m                                              [39m [90m0.08s[39m  
  [32;1m✓[39;22m[90m [39m[90mbackup retention policy is configurable @ repetition 46 of 100[39m[90m                                              [39m [90m0.08s[39m  
  [32;1m✓[39;22m[90m [39m[90mbackup retention policy is configurable @ repetition 47 of 100[39m[90m                                              [39m [90m0.08s[39m  
  [32;1m✓[39;22m[90m [39m[90mbackup retention policy is configurable @ repetition 48 of 100[39m[90m                                              [39m [90m0.08s[39m  
  [32;1m✓[39;22m[90m [39m[90mbackup retention policy is configurable @ repetition 49 of 100[39m[90m                                              [39m [90m0.08s[39m  
  [32;1m✓[39;22m[90m [39m[90mbackup retention policy is configurable @ repetition 50 of 100[39m[90m                                              [39m [90m0.08s[39m  
  [32;1m✓[39;22m[90m [39m[90mbackup retention policy is configurable @ repetition 51 of 100[39m[90m                                              [39m [90m0.08s[39m  
  [32;1m✓[39;22m[90m [39m[90mbackup retention policy is configurable @ repetition 52 of 100[39m[90m                                              [39m [90m0.11s[39m  
  [32;1m✓[39;22m[90m [39m[90mbackup retention policy is configurable @ repetition 53 of 100[39m[90m                                              [39m [90m0.08s[39m  
  [32;1m✓[39;22m[90m [39m[90mbackup retention policy is configurable @ repetition 54 of 100[39m[90m                                              [39m [90m0.08s[39m  
  [32;1m✓[39;22m[90m [39m[90mbackup retention policy is configurable @ repetition 55 of 100[39m[90m                                              [39m [90m0.08s[39m  
  [32;1m✓[39;22m[90m [39m[90mbackup retention policy is configurable @ repetition 56 of 100[39m[90m                                              [39m [90m0.08s[39m  
  [32;1m✓[39;22m[90m [39m[90mbackup retention policy is configurable @ repetition 57 of 100[39m[90m                                              [39m [90m0.08s[39m  
  [32;1m✓[39;22m[90m [39m[90mbackup retention policy is configurable @ repetition 58 of 100[39m[90m                                              [39m [90m0.09s[39m  
  [32;1m✓[39;22m[90m [39m[90mbackup retention policy is configurable @ repetition 59 of 100[39m[90m                                              [39m [90m0.09s[39m  
  [32;1m✓[39;22m[90m [39m[90mbackup retention policy is configurable @ repetition 60 of 100[39m[90m                                              [39m [90m0.13s[39m  
  [32;1m✓[39;22m[90m [39m[90mbackup retention policy is configurable @ repetition 61 of 100[39m[90m                                              [39m [90m0.09s[39m  
  [32;1m✓[39;22m[90m [39m[90mbackup retention policy is configurable @ repetition 62 of 100[39m[90m                                              [39m [90m0.09s[39m  
  [32;1m✓[39;22m[90m [39m[90mbackup retention policy is configurable @ repetition 63 of 100[39m[90m                                              [39m [90m0.12s[39m  
  [32;1m✓[39;22m[90m [39m[90mbackup retention policy is configurable @ repetition 64 of 100[39m[90m                                              [39m [90m0.14s[39m  
  [32;1m✓[39;22m[90m [39m[90mbackup retention policy is configurable @ repetition 65 of 100[39m[90m                                              [39m [90m0.12s[39m  
  [32;1m✓[39;22m[90m [39m[90mbackup retention policy is configurable @ repetition 66 of 100[39m[90m                                              [39m [90m0.11s[39m  
  [32;1m✓[39;22m[90m [39m[90mbackup retention policy is configurable @ repetition 67 of 100[39m[90m                                              [39m [90m0.15s[39m  
  [32;1m✓[39;22m[90m [39m[90mbackup retention policy is configurable @ repetition 68 of 100[39m[90m                                              [39m [90m0.21s[39m  
  [32;1m✓[39;22m[90m [39m[90mbackup retention policy is configurable @ repetition 69 of 100[39m[90m                                              [39m [90m0.13s[39m  
  [32;1m✓[39;22m[90m [39m[90mbackup retention policy is configurable @ repetition 70 of 100[39m[90m                                              [39m [90m0.12s[39m  
  [32;1m✓[39;22m[90m [39m[90mbackup retention policy is configurable @ repetition 71 of 100[39m[90m                                              [39m [90m0.11s[39m  
  [32;1m✓[39;22m[90m [39m[90mbackup retention policy is configurable @ repetition 72 of 100[39m[90m                                              [39m [90m0.11s[39m  
  [32;1m✓[39;22m[90m [39m[90mbackup retention policy is configurable @ repetition 73 of 100[39m[90m                                              [39m [90m0.11s[39m  
  [32;1m✓[39;22m[90m [39m[90mbackup retention policy is configurable @ repetition 74 of 100[39m[90m                                              [39m [90m0.16s[39m  
  [32;1m✓[39;22m[90m [39m[90mbackup retention policy is configurable @ repetition 75 of 100[39m[90m                                              [39m [90m0.10s[39m  
  [32;1m✓[39;22m[90m [39m[90mbackup retention policy is configurable @ repetition 76 of 100[39m[90m                                              [39m [90m0.14s[39m  
  [32;1m✓[39;22m[90m [39m[90mbackup retention policy is configurable @ repetition 77 of 100[39m[90m                                              [39m [90m0.10s[39m  
  [32;1m✓[39;22m[90m [39m[90mbackup retention policy is configurable @ repetition 78 of 100[39m[90m                                              [39m [90m0.09s[39m  
  [32;1m✓[39;22m[90m [39m[90mbackup retention policy is configurable @ repetition 79 of 100[39m[90m                                              [39m [90m0.09s[39m  
  [32;1m✓[39;22m[90m [39m[90mbackup retention policy is configurable @ repetition 80 of 100[39m[90m                                              [39m [90m0.09s[39m  
  [32;1m✓[39;22m[90m [39m[90mbackup retention policy is configurable @ repetition 81 of 100[39m[90m                                              [39m [90m0.09s[39m  
  [32;1m✓[39;22m[90m [39m[90mbackup retention policy is configurable @ repetition 82 of 100[39m[90m                                              [39m [90m0.08s[39m  
  [32;1m✓[39;22m[90m [39m[90mbackup retention policy is configurable @ repetition 83 of 100[39m[90m                                              [39m [90m0.09s[39m  
  [32;1m✓[39;22m[90m [39m[90mbackup retention policy is configurable @ repetition 84 of 100[39m[90m                                              [39m [90m0.12s[39m  
  [32;1m✓[39;22m[90m [39m[90mbackup retention policy is configurable @ repetition 85 of 100[39m[90m                                              [39m [90m0.08s[39m  
  [32;1m✓[39;22m[90m [39m[90mbackup retention policy is configurable @ repetition 86 of 100[39m[90m                                              [39m [90m0.08s[39m  
  [32;1m✓[39;22m[90m [39m[90mbackup retention policy is configurable @ repetition 87 of 100[39m[90m                                              [39m [90m0.08s[39m  
  [32;1m✓[39;22m[90m [39m[90mbackup retention policy is configurable @ repetition 88 of 100[39m[90m                                              [39m [90m0.09s[39m  
  [32;1m✓[39;22m[90m [39m[90mbackup retention policy is configurable @ repetition 89 of 100[39m[90m                                              [39m [90m0.08s[39m  
  [32;1m✓[39;22m[90m [39m[90mbackup retention policy is configurable @ repetition 90 of 100[39m[90m                                              [39m [90m0.08s[39m  
  [32;1m✓[39;22m[90m [39m[90mbackup retention policy is configurable @ repetition 91 of 100[39m[90m                                              [39m [90m0.08s[39m  
  [32;1m✓[39;22m[90m [39m[90mbackup retention policy is configurable @ repetition 92 of 100[39m[90m                                              [39m [90m0.11s[39m  
  [32;1m✓[39;22m[90m [39m[90mbackup retention policy is configurable @ repetition 93 of 100[39m[90m                                              [39m [90m0.08s[39m  
  [32;1m✓[39;22m[90m [39m[90mbackup retention policy is configurable @ repetition 94 of 100[39m[90m                                              [39m [90m0.08s[39m  
  [32;1m✓[39;22m[90m [39m[90mbackup retention policy is configurable @ repetition 95 of 100[39m[90m                                              [39m [90m0.08s[39m  
  [32;1m✓[39;22m[90m [39m[90mbackup retention policy is configurable @ repetition 96 of 100[39m[90m                                              [39m [90m0.08s[39m  
  [32;1m✓[39;22m[90m [39m[90mbackup retention policy is configurable @ repetition 97 of 100[39m[90m                                              [39m [90m0.08s[39m  
  [32;1m✓[39;22m[90m [39m[90mbackup retention policy is configurable @ repetition 98 of 100[39m[90m                                              [39m [90m0.08s[39m  
  [32;1m✓[39;22m[90m [39m[90mbackup retention policy is configurable @ repetition 99 of 100[39m[90m                                              [39m [90m0.08s[39m  
  [32;1m✓[39;22m[90m [39m[90mbackup retention policy is configurable @ repetition 100 of 100[39m[90m                                             [39m [90m0.12s[39m  

  [30;42;1m PASS [39;49;22m[39m Tests\Unit\DatabaseIndexOptimizationTest[39m
  [32;1m✓[39;22m[90m [39m[90moptimization indexes are present for new tables[39m[90m                                                             [39m [90m1.94s[39m  

  [39;41;1m FAIL [39;49;22m[39m Tests\Unit\Database\BillingServicePerformanceIndexesMigrationTest[39m
  [31;1m⨯[39;22m[90m [39m[90mbilling service performance indexes migration creates all required indexes[39m[90m                                  [39m [90m0.20s[39m  
  [31;1m⨯[39;22m[90m [39m[90mbilling service performance indexes migration is idempotent[39m[90m                                                 [39m [90m0.18s[39m  
  [31;1m⨯[39;22m[90m [39m[90mbilling service performance indexes migration rollback removes all indexes[39m[90m                                  [39m [90m0.28s[39m  
  [31;1m⨯[39;22m[90m [39m[90mmeter_readings_meter_date_zone_index covers correct columns[39m[90m                                                 [39m [90m0.18s[39m  
  [31;1m⨯[39;22m[90m [39m[90mmeters_property_type_index covers correct columns[39m[90m                                                           [39m [90m0.19s[39m  

  [39;41;1m FAIL [39;49;22m[39m Tests\Unit\Database\ManagesIndexesTraitTest[39m
  [32;1m✓[39;22m[90m [39m[90mindexExists returns false for non-existent index[39m[90m                                                            [39m [90m0.19s[39m  
  [31;1m⨯[39;22m[90m [39m[90mindexExists returns true for existing index[39m[90m                                                                 [39m [90m0.25s[39m  
  [32;1m✓[39;22m[90m [39m[90mindexExists returns false for non-existent table[39m[90m                                                            [39m [90m0.16s[39m  
  [32;1m✓[39;22m[90m [39m[90mcolumnExists returns true for existing column[39m[90m                                                               [39m [90m0.14s[39m  
  [32;1m✓[39;22m[90m [39m[90mcolumnExists returns false for non-existent column[39m[90m                                                          [39m [90m0.13s[39m  
  [31;1m⨯[39;22m[90m [39m[90mdropIndexIfExists drops existing index[39m[90m                                                                      [39m [90m0.12s[39m  
  [32;1m✓[39;22m[90m [39m[90mdropIndexIfExists does not throw error for non-existent index[39m[90m                                               [39m [90m0.13s[39m  
  [31;1m⨯[39;22m[90m [39m[90mgetTableIndexes returns array of indexes[39m[90m                                                                    [39m [90m0.13s[39m  
  [32;1m✓[39;22m[90m [39m[90mforeignKeyExists returns false for non-existent foreign key[39m[90m                                                 [39m [90m0.14s[39m  

  [30;42;1m PASS [39;49;22m[39m Tests\Unit\DraftInvoiceRecalculationTest[39m
  [32;1m✓[39;22m[90m [39m[90mupdating meter reading recalculates affected draft invoices[39m[90m                                                 [39m [90m0.32s[39m  
  [32;1m✓[39;22m[90m [39m[90mupdating meter reading does not recalculate finalized invoices[39m[90m                                              [39m [90m0.19s[39m  
  [32;1m✓[39;22m[90m [39m[90mupdating start reading recalculates affected draft invoices[39m[90m                                                 [39m [90m0.17s[39m  
  [32;1m✓[39;22m[90m [39m[90mupdating meter reading without changing value does not trigger recalculation[39m[90m                                [39m [90m0.15s[39m  

  [30;42;1m PASS [39;49;22m[39m Tests\Unit\EnumTest[39m
  [32;1m✓[39;22m[90m [39m[90mTariffType enum has correct values[39m[90m                                                                          [39m [90m0.13s[39m  
  [32;1m✓[39;22m[90m [39m[90mTariffType enum provides labels[39m[90m                                                                             [39m [90m0.11s[39m  
  [32;1m✓[39;22m[90m [39m[90mWeekendLogic enum has correct values[39m[90m                                                                        [39m [90m0.16s[39m  
  [32;1m✓[39;22m[90m [39m[90mWeekendLogic enum provides labels[39m[90m                                                                           [39m [90m0.11s[39m  
  [32;1m✓[39;22m[90m [39m[90mTariffZone enum has correct values[39m[90m                                                                          [39m [90m0.10s[39m  
  [32;1m✓[39;22m[90m [39m[90mTariffZone enum provides labels[39m[90m                                                                             [39m [90m0.10s[39m  

  [30;42;1m PASS [39;49;22m[39m Tests\Unit\ExampleTest[39m
  [32;1m✓[39;22m[90m [39m[90mthat true is true[39m

  [30;42;1m PASS [39;49;22m[39m Tests\Unit\ExceptionTest[39m
  [32;1m✓[39;22m[90m [39m[90mInvalidMeterReadingException creates monotonicity exception[39m[90m                                                 [39m [90m0.10s[39m  
  [32;1m✓[39;22m[90m [39m[90mInvalidMeterReadingException creates future date exception[39m[90m                                                  [39m [90m0.09s[39m  
  [32;1m✓[39;22m[90m [39m[90mInvalidMeterReadingException creates zone not supported exception[39m[90m                                           [39m [90m0.09s[39m  
  [32;1m✓[39;22m[90m [39m[90mInvalidMeterReadingException creates zone required exception[39m[90m                                                [39m [90m0.13s[39m  
  [32;1m✓[39;22m[90m [39m[90mTariffNotFoundException creates for provider exception[39m[90m                                                      [39m [90m0.09s[39m  
  [32;1m✓[39;22m[90m [39m[90mTariffNotFoundException creates invalid configuration exception[39m[90m                                             [39m [90m0.09s[39m  
  [32;1m✓[39;22m[90m [39m[90mInvoiceException creates already finalized exception[39m[90m                                                        [39m [90m0.09s[39m  
  [32;1m✓[39;22m[90m [39m[90mInvoiceException creates invalid status transition exception[39m[90m                                                [39m [90m0.09s[39m  
  [32;1m✓[39;22m[90m [39m[90mInvoiceException creates no items exception[39m[90m                                                                 [39m [90m0.10s[39m  

  [30;42;1m PASS [39;49;22m[39m Tests\Unit\Exceptions\InvalidPropertyAssignmentExceptionTest[39m
  [32;1m✓[39;22m[90m [39m[90mexception has correct default message[39m[90m                                                                       [39m [90m0.10s[39m  
  [32;1m✓[39;22m[90m [39m[90mexception has correct default status code[39m[90m                                                                   [39m [90m0.13s[39m  
  [32;1m✓[39;22m[90m [39m[90mexception accepts custom message[39m[90m                                                                            [39m [90m0.10s[39m  
  [32;1m✓[39;22m[90m [39m[90mexception accepts custom code[39m[90m                                                                               [39m [90m0.09s[39m  
  [32;1m✓[39;22m[90m [39m[90mexception accepts previous exception[39m[90m                                                                        [39m [90m0.10s[39m  
  [32;1m✓[39;22m[90m [39m[90mrender returns json for json requests[39m[90m                                                                       [39m [90m0.10s[39m  
  [32;1m✓[39;22m[90m [39m[90mrender returns view for web requests[39m[90m                                                                        [39m [90m0.10s[39m  
  [32;1m✓[39;22m[90m [39m[90mreport logs to security channel[39m[90m                                                                             [39m [90m0.10s[39m  
  [32;1m✓[39;22m[90m [39m[90mexception is final[39m[90m                                                                                          [39m [90m0.10s[39m  
  [32;1m✓[39;22m[90m [39m[90mexception extends base exception[39m[90m                                                                            [39m [90m0.13s[39m  
  [32;1m✓[39;22m[90m [39m[90mexception message is string type[39m[90m                                                                            [39m [90m0.09s[39m  
  [32;1m✓[39;22m[90m [39m[90mexception code is integer type[39m[90m                                                                              [39m [90m0.09s[39m  
  [32;1m✓[39;22m[90m [39m[90mexception with empty custom message[39m[90m                                                                         [39m [90m0.09s[39m  
  [32;1m✓[39;22m[90m [39m[90mexception preserves message with special characters[39m[90m                                                         [39m [90m0.10s[39m  
  [32;1m✓[39;22m[90m [39m[90mexception preserves multiline message[39m[90m                                                                       [39m [90m0.09s[39m  
  [32;1m✓[39;22m[90m [39m[90mrender includes custom message in json response[39m[90m                                                             [39m [90m0.10s[39m  
  [32;1m✓[39;22m[90m [39m[90mrender includes custom message in html response[39m[90m                                                             [39m [90m0.09s[39m  
  [32;1m✓[39;22m[90m [39m[90mreport logs custom message[39m[90m                                                                                  [39m [90m0.09s[39m  
  [32;1m✓[39;22m[90m [39m[90mexception can be caught as exception[39m[90m                                                                        [39m [90m0.13s[39m  
  [32;1m✓[39;22m[90m [39m[90mexception can be caught as throwable[39m[90m                                                                        [39m [90m0.09s[39m  

  [30;42;1m PASS [39;49;22m[39m Tests\Unit\FactoryCoverageTest[39m
  [32;1m✓[39;22m[90m [39m[90mbuilding factory can target tenant[39m[90m                                                                          [39m [90m0.10s[39m  
  [32;1m✓[39;22m[90m [39m[90mproperty factory aligns tenant with building[39m[90m                                                                [39m [90m0.10s[39m  
  [32;1m✓[39;22m[90m [39m[90mtenant factory syncs tenant_id with property[39m[90m                                                                [39m [90m0.10s[39m  
  [32;1m✓[39;22m[90m [39m[90mtenant factory records pivot assignment[39m[90m                                                                     [39m [90m0.09s[39m  
  [32;1m✓[39;22m[90m [39m[90mmeter factory respects property tenant[39m[90m                                                                      [39m [90m0.13s[39m  
  [32;1m✓[39;22m[90m [39m[90mmeter reading factory keeps tenant aligned[39m[90m                                                                  [39m [90m0.11s[39m  
  [32;1m✓[39;22m[90m [39m[90minvoice factory syncs renter and tenant[39m[90m                                                                     [39m [90m0.10s[39m  
  [32;1m✓[39;22m[90m [39m[90minvoice factory paid state sets payment details[39m[90m                                                             [39m [90m0.12s[39m  
  [32;1m✓[39;22m[90m [39m[90minvoice item factory keeps totals consistent[39m[90m                                                                [39m [90m0.24s[39m  

  [30;42;1m PASS [39;49;22m[39m Tests\Unit\FilamentPanelConfigurationTest[39m
  [32;1m✓[39;22m[90m [39m[90mpanel uses correct authentication guard[39m[90m                                                                     [39m [90m0.22s[39m  
  [32;1m✓[39;22m[90m [39m[90mpanel path is /admin[39m[90m                                                                                        [39m [90m0.25s[39m  
  [32;1m✓[39;22m[90m [39m[90mUser model is configured for authentication[39m[90m                                                                 [39m [90m0.18s[39m  
  [32;1m✓[39;22m[90m [39m[90mAdminPanelProvider exists and is registered[39m[90m                                                                 [39m [90m0.18s[39m  
  [32;1m✓[39;22m[90m [39m[90mpanel has login enabled[39m[90m                                                                                     [39m [90m0.17s[39m  
  [32;1m✓[39;22m[90m [39m[90mpanel is set as default[39m[90m                                                                                     [39m [90m0.17s[39m  
  [32;1m✓[39;22m[90m [39m[90mpanel has correct ID[39m[90m                                                                                        [39m [90m0.17s[39m  

  [30;42;1m PASS [39;49;22m[39m Tests\Unit\Filament\Concerns\FiltersEmptyLanguageValuesTest[39m
  [32;1m✓[39;22m[90m [39m[90mpreserves valid language values[39m[90m                                                                             [39m [90m0.01s[39m  
  [32;1m✓[39;22m[90m [39m[90mfilters null values[39m
  [32;1m✓[39;22m[90m [39m[90mfilters empty string values[39m
  [32;1m✓[39;22m[90m [39m[90mfilters whitespace only values[39m
  [32;1m✓[39;22m[90m [39m[90mfilters mixed empty and valid values[39m
  [32;1m✓[39;22m[90m [39m[90mall empty values results in empty array[39m
  [32;1m✓[39;22m[90m [39m[90mdata without values key unchanged[39m
  [32;1m✓[39;22m[90m [39m[90mnon array values key unchanged[39m
  [32;1m✓[39;22m[90m [39m[90mempty values array preserved[39m
  [32;1m✓[39;22m[90m [39m[90mpreserves values with meaningful spaces[39m
  [32;1m✓[39;22m[90m [39m[90mpreserves numeric string values[39m
  [32;1m✓[39;22m[90m [39m[90mpreserves special characters[39m
  [32;1m✓[39;22m[90m [39m[90mpreserves multiline values[39m
  [32;1m✓[39;22m[90m [39m[90mpreserves other form fields[39m
  [32;1m✓[39;22m[90m [39m[90mpreserves boolean false[39m
  [32;1m✓[39;22m[90m [39m[90mpreserves zero string[39m

  [39;41;1m FAIL [39;49;22m[39m Tests\Unit\Filament\PropertiesRelationManagerTest[39m
  [31;1m⨯[39;22m[90m [39m[90mform schema contains expected fields[39m[90m                                                                        [39m [90m0.26s[39m  
  [32;1m✓[39;22m[90m [39m[90mprepare property data scopes to owner and user[39m[90m                                                              [39m [90m0.19s[39m  
  [31;1m⨯[39;22m[90m [39m[90mtable modify query adds relationship eager loading[39m[90m                                                          [39m [90m0.33s[39m  

  [39;41;1m FAIL [39;49;22m[39m Tests\Unit\Filament\UserResourceAuthorizationTest[39m
  [32;1m✓[39;22m[90m [39m[37mUserResource Authorization Methods[39m[90m → [39m[37mcanViewAny()[39m[90m → superadmin can view any users[39m[90m                           [39m [90m0.20s[39m  
  [32;1m✓[39;22m[90m [39m[37mUserResource Authorization Methods[39m[90m → [39m[37mcanViewAny()[39m[90m → admin can view any users[39m[90m                                [39m [90m0.17s[39m  
  [32;1m✓[39;22m[90m [39m[37mUserResource Authorization Methods[39m[90m → [39m[37mcanViewAny()[39m[90m → manager can view any users[39m[90m                              [39m [90m0.15s[39m  
  [32;1m✓[39;22m[90m [39m[37mUserResource Authorization Methods[39m[90m → [39m[37mcanViewAny()[39m[90m → tenant cannot view any users[39m[90m                            [39m [90m0.18s[39m  
  [32;1m✓[39;22m[90m [39m[37mUserResource Authorization Methods[39m[90m → [39m[37mcanViewAny()[39m[90m → unauthenticated user cannot view any users[39m[90m              [39m [90m0.12s[39m  
  [31;1m⨯[39;22m[90m [39m[37mUserResource Authorization Methods[39m[90m → [39m[37mcanViewAny()[39m[90m → returns false when auth user is not a User instance[39m[90m     [39m [90m0.12s[39m  
  [32;1m✓[39;22m[90m [39m[37mUserResource Authorization Methods[39m[90m → [39m[37mcanCreate()[39m[90m → superadmin can create users[39m[90m                              [39m [90m0.11s[39m  
  [32;1m✓[39;22m[90m [39m[37mUserResource Authorization Methods[39m[90m → [39m[37mcanCreate()[39m[90m → admin can create users[39m[90m                                   [39m [90m0.11s[39m  
  [32;1m✓[39;22m[90m [39m[37mUserResource Authorization Methods[39m[90m → [39m[37mcanCreate()[39m[90m → manager can create users[39m[90m                                 [39m [90m0.10s[39m  
  [32;1m✓[39;22m[90m [39m[37mUserResource Authorization Methods[39m[90m → [39m[37mcanCreate()[39m[90m → tenant cannot create users[39m[90m                               [39m [90m0.10s[39m  
  [32;1m✓[39;22m[90m [39m[37mUserResource Authorization Methods[39m[90m → [39m[37mcanCreate()[39m[90m → delegates to canViewAny[39m[90m                                  [39m [90m0.10s[39m  
  [32;1m✓[39;22m[90m [39m[37mUserResource Authorization Methods[39m[90m → [39m[37mcanEdit()[39m[90m → superadmin can edit users[39m[90m                                  [39m [90m0.13s[39m  
  [32;1m✓[39;22m[90m [39m[37mUserResource Authorization Methods[39m[90m → [39m[37mcanEdit()[39m[90m → admin can edit users[39m[90m                                       [39m [90m0.10s[39m  
  [32;1m✓[39;22m[90m [39m[37mUserResource Authorization Methods[39m[90m → [39m[37mcanEdit()[39m[90m → manager can edit users[39m[90m                                     [39m [90m0.10s[39m  
  [32;1m✓[39;22m[90m [39m[37mUserResource Authorization Methods[39m[90m → [39m[37mcanEdit()[39m[90m → tenant cannot edit users[39m[90m                                   [39m [90m0.10s[39m  
  [32;1m✓[39;22m[90m [39m[37mUserResource Authorization Methods[39m[90m → [39m[37mcanEdit()[39m[90m → delegates to canViewAny[39m[90m                                    [39m [90m0.09s[39m  
  [31;1m⨯[39;22m[90m [39m[37mUserResource Authorization Methods[39m[90m → [39m[37mcanEdit()[39m[90m → accepts any record parameter[39m[90m                               [39m [90m0.09s[39m  
  [32;1m✓[39;22m[90m [39m[37mUserResource Authorization Methods[39m[90m → [39m[37mcanDelete()[39m[90m → superadmin can delete users[39m[90m                              [39m [90m0.09s[39m  
  [32;1m✓[39;22m[90m [39m[37mUserResource Authorization Methods[39m[90m → [39m[37mcanDelete()[39m[90m → admin can delete users[39m[90m                                   [39m [90m0.09s[39m  
  [32;1m✓[39;22m[90m [39m[37mUserResource Authorization Methods[39m[90m → [39m[37mcanDelete()[39m[90m → manager can delete users[39m[90m                                 [39m [90m0.13s[39m  
  [32;1m✓[39;22m[90m [39m[37mUserResource Authorization Methods[39m[90m → [39m[37mcanDelete()[39m[90m → tenant cannot delete users[39m[90m                               [39m [90m0.09s[39m  
  [32;1m✓[39;22m[90m [39m[37mUserResource Authorization Methods[39m[90m → [39m[37mcanDelete()[39m[90m → delegates to canViewAny[39m[90m                                  [39m [90m0.10s[39m  
  [32;1m✓[39;22m[90m [39m[37mUserResource Authorization Methods[39m[90m → [39m[37mshouldRegisterNavigation()[39m[90m → navigation registered for superadmin[39m[90m      [39m [90m0.10s[39m  
  [32;1m✓[39;22m[90m [39m[37mUserResource Authorization Methods[39m[90m → [39m[37mshouldRegisterNavigation()[39m[90m → navigation registered for admin[39m[90m           [39m [90m0.09s[39m  
  [32;1m✓[39;22m[90m [39m[37mUserResource Authorization Methods[39m[90m → [39m[37mshouldRegisterNavigation()[39m[90m → navigation registered for manager[39m[90m         [39m [90m0.09s[39m  
  [32;1m✓[39;22m[90m [39m[37mUserResource Authorization Methods[39m[90m → [39m[37mshouldRegisterNavigation()[39m[90m → navigation not registered for tenant[39m[90m      [39m [90m0.11s[39m  
  [32;1m✓[39;22m[90m [39m[37mUserResource Authorization Methods[39m[90m → [39m[37mshouldRegisterNavigation()[39m[90m → delegates to canViewAny[39m[90m                   [39m [90m0.12s[39m  
  [32;1m✓[39;22m[90m [39m[37mUserResource Authorization Methods[39m[90m → [39m[37mAuthorization Consistency[39m[90m → all authorization methods return same resu[39m[90m…[39m [90m0.16s[39m  
  [32;1m✓[39;22m[90m [39m[37mUserResource Authorization Methods[39m[90m → [39m[37mAuthorization Consistency[39m[90m → tenant consistently denied across all meth[39m[90m…[39m [90m0.12s[39m  
  [32;1m✓[39;22m[90m [39m[37mUserResource Authorization Methods[39m[90m → [39m[37mRole Constant Usage[39m[90m → uses ALLOWED_ROLES constant correctly[39m[90m            [39m [90m0.11s[39m  

  [30;42;1m PASS [39;49;22m[39m Tests\Unit\FormRequestValidationTest[39m
  [32;1m✓[39;22m[90m [39m[90mstore meter reading request validates basic rules[39m[90m                                                           [39m [90m0.14s[39m  
  [32;1m✓[39;22m[90m [39m[90mstore meter reading request rejects future dates[39m[90m                                                            [39m [90m0.11s[39m  
  [32;1m✓[39;22m[90m [39m[90mstore tariff request validates flat tariff[39m[90m                                                                  [39m [90m0.15s[39m  
  [32;1m✓[39;22m[90m [39m[90mstore tariff request validates time of use tariff[39m[90m                                                           [39m [90m0.10s[39m  
  [32;1m✓[39;22m[90m [39m[90mupdate meter reading request requires change reason[39m[90m                                                         [39m [90m0.11s[39m  
  [32;1m✓[39;22m[90m [39m[90mupdate meter reading request validates minimum reason length[39m[90m                                                [39m [90m0.10s[39m  

  [30;42;1m PASS [39;49;22m[39m Tests\Unit\FrameworkVersionTest[39m
  [32;1m✓[39;22m[90m [39m[90mLaravel version is 12.x or higher[39m[90m                                                                           [39m [90m0.11s[39m  
  [32;1m✓[39;22m[90m [39m[90mLaravel application instance is available[39m[90m                                                                   [39m [90m0.10s[39m  
  [32;1m✓[39;22m[90m [39m[90mLaravel version can be retrieved[39m[90m                                                                            [39m [90m0.10s[39m  

  [39;41;1m FAIL [39;49;22m[39m Tests\Unit\GyvatukasCalculatorTest[39m
  [32;1m✓[39;22m[90m [39m[90misHeatingSeason returns true for October through April[39m[90m                                                      [39m [90m0.14s[39m  
  [32;1m✓[39;22m[90m [39m[90misHeatingSeason returns false for May through September[39m[90m                                                     [39m [90m0.10s[39m  
  [32;1m✓[39;22m[90m [39m[90mcalculateWinterGyvatukas returns stored summer average[39m[90m                                                      [39m [90m0.10s[39m  
  [32;1m✓[39;22m[90m [39m[90mcalculateWinterGyvatukas returns zero when no summer average stored[39m[90m                                         [39m [90m0.10s[39m  
  [32;1m✓[39;22m[90m [39m[90mdistributeCirculationCost divides equally when method is equal[39m[90m                                              [39m [90m0.11s[39m  
  [32;1m✓[39;22m[90m [39m[90mdistributeCirculationCost divides by area when method is area[39m[90m                                               [39m [90m0.12s[39m  
  [32;1m✓[39;22m[90m [39m[90mdistributeCirculationCost returns empty array for building with no properties[39m[90m                               [39m [90m0.12s[39m  
  [32;1m✓[39;22m[90m [39m[90mcalculateSummerGyvatukas calculates circulation energy using formula[39m[90m                                        [39m [90m0.14s[39m  
  [32;1m✓[39;22m[90m [39m[90mcalculate uses winter method during heating season[39m[90m                                                          [39m [90m0.21s[39m  
  [32;1m✓[39;22m[90m [39m[90mcalculate uses summer method during non-heating season[39m[90m                                                      [39m [90m0.19s[39m  
  [31;1m⨯[39;22m[90m [39m[90mBuilding calculateSummerAverage stores average and updates timestamp[39m[90m                                        [39m [90m0.28s[39m  

  [30;42;1m PASS [39;49;22m[39m Tests\Unit\HierarchicalUserFactoryTest[39m
  [32;1m✓[39;22m[90m [39m[90mUserFactory can create superadmin users[39m[90m                                                                     [39m [90m0.19s[39m  
  [32;1m✓[39;22m[90m [39m[90mUserFactory can create admin users with tenant_id[39m[90m                                                           [39m [90m0.20s[39m  
  [32;1m✓[39;22m[90m [39m[90mUserFactory can create admin users with auto-generated tenant_id[39m[90m                                            [39m [90m0.24s[39m  
  [32;1m✓[39;22m[90m [39m[90mUserFactory can create tenant users with property assignment[39m[90m                                                [39m [90m0.19s[39m  
  [32;1m✓[39;22m[90m [39m[90mUserFactory can create inactive users[39m[90m                                                                       [39m [90m0.18s[39m  
  [32;1m✓[39;22m[90m [39m[90mUserFactory can create manager users (legacy)[39m[90m                                                               [39m [90m0.18s[39m  

  [30;42;1m PASS [39;49;22m[39m Tests\Unit\MeterReadingAuditTest[39m
  [32;1m✓[39;22m[90m [39m[90mupdating meter reading value creates audit record[39m[90m                                                           [39m [90m0.24s[39m  
  [32;1m✓[39;22m[90m [39m[90mupdating meter reading without changing value does not create audit record[39m[90m                                  [39m [90m0.22s[39m  
  [32;1m✓[39;22m[90m [39m[90maudit record stores correct old and new values[39m[90m                                                              [39m [90m0.20s[39m  
  [32;1m✓[39;22m[90m [39m[90mmultiple updates create multiple audit records[39m[90m                                                              [39m [90m0.27s[39m  
  [32;1m✓[39;22m[90m [39m[90maudit record uses default reason when none provided[39m[90m                                                         [39m [90m0.19s[39m  
  [32;1m✓[39;22m[90m [39m[90maudit record captures authenticated user[39m[90m                                                                    [39m [90m0.17s[39m  

  [30;42;1m PASS [39;49;22m[39m Tests\Unit\MeterReadingMonotonicityPropertyTest[39m
  [32;1m✓[39;22m[90m [39m[90mmeter readings must be monotonically increasing @ repetition 1 of 100[39m[90m                                       [39m [90m0.15s[39m  
  [32;1m✓[39;22m[90m [39m[90mmeter readings must be monotonically increasing @ repetition 2 of 100[39m[90m                                       [39m [90m0.13s[39m  
  [32;1m✓[39;22m[90m [39m[90mmeter readings must be monotonically increasing @ repetition 3 of 100[39m[90m                                       [39m [90m0.13s[39m  
  [32;1m✓[39;22m[90m [39m[90mmeter readings must be monotonically increasing @ repetition 4 of 100[39m[90m                                       [39m [90m0.16s[39m  
  [32;1m✓[39;22m[90m [39m[90mmeter readings must be monotonically increasing @ repetition 5 of 100[39m[90m                                       [39m [90m0.12s[39m  
  [32;1m✓[39;22m[90m [39m[90mmeter readings must be monotonically increasing @ repetition 6 of 100[39m[90m                                       [39m [90m0.12s[39m  
  [32;1m✓[39;22m[90m [39m[90mmeter readings must be monotonically increasing @ repetition 7 of 100[39m[90m                                       [39m [90m0.13s[39m  
  [32;1m✓[39;22m[90m [39m[90mmeter readings must be monotonically increasing @ repetition 8 of 100[39m[90m                                       [39m [90m0.12s[39m  
  [32;1m✓[39;22m[90m [39m[90mmeter readings must be monotonically increasing @ repetition 9 of 100[39m[90m                                       [39m [90m0.12s[39m  
  [32;1m✓[39;22m[90m [39m[90mmeter readings must be monotonically increasing @ repetition 10 of 100[39m[90m                                      [39m [90m0.12s[39m  
  [32;1m✓[39;22m[90m [39m[90mmeter readings must be monotonically increasing @ repetition 11 of 100[39m[90m                                      [39m [90m0.18s[39m  
  [32;1m✓[39;22m[90m [39m[90mmeter readings must be monotonically increasing @ repetition 12 of 100[39m[90m                                      [39m [90m0.13s[39m  
  [32;1m✓[39;22m[90m [39m[90mmeter readings must be monotonically increasing @ repetition 13 of 100[39m[90m                                      [39m [90m0.13s[39m  
  [32;1m✓[39;22m[90m [39m[90mmeter readings must be monotonically increasing @ repetition 14 of 100[39m[90m                                      [39m [90m0.13s[39m  
  [32;1m✓[39;22m[90m [39m[90mmeter readings must be monotonically increasing @ repetition 15 of 100[39m[90m                                      [39m [90m0.13s[39m  
  [32;1m✓[39;22m[90m [39m[90mmeter readings must be monotonically increasing @ repetition 16 of 100[39m[90m                                      [39m [90m0.12s[39m  
  [32;1m✓[39;22m[90m [39m[90mmeter readings must be monotonically increasing @ repetition 17 of 100[39m[90m                                      [39m [90m0.12s[39m  
  [32;1m✓[39;22m[90m [39m[90mmeter readings must be monotonically increasing @ repetition 18 of 100[39m[90m                                      [39m [90m0.16s[39m  
  [32;1m✓[39;22m[90m [39m[90mmeter readings must be monotonically increasing @ repetition 19 of 100[39m[90m                                      [39m [90m0.11s[39m  
  [32;1m✓[39;22m[90m [39m[90mmeter readings must be monotonically increasing @ repetition 20 of 100[39m[90m                                      [39m [90m0.11s[39m  
  [32;1m✓[39;22m[90m [39m[90mmeter readings must be monotonically increasing @ repetition 21 of 100[39m[90m                                      [39m [90m0.11s[39m  
  [32;1m✓[39;22m[90m [39m[90mmeter readings must be monotonically increasing @ repetition 22 of 100[39m[90m                                      [39m [90m0.11s[39m  
  [32;1m✓[39;22m[90m [39m[90mmeter readings must be monotonically increasing @ repetition 23 of 100[39m[90m                                      [39m [90m0.11s[39m  
  [32;1m✓[39;22m[90m [39m[90mmeter readings must be monotonically increasing @ repetition 24 of 100[39m[90m                                      [39m [90m0.11s[39m  
  [32;1m✓[39;22m[90m [39m[90mmeter readings must be monotonically increasing @ repetition 25 of 100[39m[90m                                      [39m [90m0.14s[39m  
  [32;1m✓[39;22m[90m [39m[90mmeter readings must be monotonically increasing @ repetition 26 of 100[39m[90m                                      [39m [90m0.11s[39m  
  [32;1m✓[39;22m[90m [39m[90mmeter readings must be monotonically increasing @ repetition 27 of 100[39m[90m                                      [39m [90m0.10s[39m  
  [32;1m✓[39;22m[90m [39m[90mmeter readings must be monotonically increasing @ repetition 28 of 100[39m[90m                                      [39m [90m0.12s[39m  
  [32;1m✓[39;22m[90m [39m[90mmeter readings must be monotonically increasing @ repetition 29 of 100[39m[90m                                      [39m [90m0.13s[39m  
  [32;1m✓[39;22m[90m [39m[90mmeter readings must be monotonically increasing @ repetition 30 of 100[39m[90m                                      [39m [90m0.12s[39m  
  [32;1m✓[39;22m[90m [39m[90mmeter readings must be monotonically increasing @ repetition 31 of 100[39m[90m                                      [39m [90m0.12s[39m  
  [32;1m✓[39;22m[90m [39m[90mmeter readings must be monotonically increasing @ repetition 32 of 100[39m[90m                                      [39m [90m0.15s[39m  
  [32;1m✓[39;22m[90m [39m[90mmeter readings must be monotonically increasing @ repetition 33 of 100[39m[90m                                      [39m [90m0.11s[39m  
  [32;1m✓[39;22m[90m [39m[90mmeter readings must be monotonically increasing @ repetition 34 of 100[39m[90m                                      [39m [90m0.11s[39m  
  [32;1m✓[39;22m[90m [39m[90mmeter readings must be monotonically increasing @ repetition 35 of 100[39m[90m                                      [39m [90m0.10s[39m  
  [32;1m✓[39;22m[90m [39m[90mmeter readings must be monotonically increasing @ repetition 36 of 100[39m[90m                                      [39m [90m0.10s[39m  
  [32;1m✓[39;22m[90m [39m[90mmeter readings must be monotonically increasing @ repetition 37 of 100[39m[90m                                      [39m [90m0.10s[39m  
  [32;1m✓[39;22m[90m [39m[90mmeter readings must be monotonically increasing @ repetition 38 of 100[39m[90m                                      [39m [90m0.13s[39m  
  [32;1m✓[39;22m[90m [39m[90mmeter readings must be monotonically increasing @ repetition 39 of 100[39m[90m                                      [39m [90m0.19s[39m  
  [32;1m✓[39;22m[90m [39m[90mmeter readings must be monotonically increasing @ repetition 40 of 100[39m[90m                                      [39m [90m0.14s[39m  
  [32;1m✓[39;22m[90m [39m[90mmeter readings must be monotonically increasing @ repetition 41 of 100[39m[90m                                      [39m [90m0.15s[39m  
  [32;1m✓[39;22m[90m [39m[90mmeter readings must be monotonically increasing @ repetition 42 of 100[39m[90m                                      [39m [90m0.15s[39m  
  [32;1m✓[39;22m[90m [39m[90mmeter readings must be monotonically increasing @ repetition 43 of 100[39m[90m                                      [39m [90m0.16s[39m  
  [32;1m✓[39;22m[90m [39m[90mmeter readings must be monotonically increasing @ repetition 44 of 100[39m[90m                                      [39m [90m0.16s[39m  
  [32;1m✓[39;22m[90m [39m[90mmeter readings must be monotonically increasing @ repetition 45 of 100[39m[90m                                      [39m [90m0.16s[39m  
  [32;1m✓[39;22m[90m [39m[90mmeter readings must be monotonically increasing @ repetition 46 of 100[39m[90m                                      [39m [90m0.26s[39m  
  [32;1m✓[39;22m[90m [39m[90mmeter readings must be monotonically increasing @ repetition 47 of 100[39m[90m                                      [39m [90m0.22s[39m  
  [32;1m✓[39;22m[90m [39m[90mmeter readings must be monotonically increasing @ repetition 48 of 100[39m[90m                                      [39m [90m0.20s[39m  
  [32;1m✓[39;22m[90m [39m[90mmeter readings must be monotonically increasing @ repetition 49 of 100[39m[90m                                      [39m [90m0.19s[39m  
  [32;1m✓[39;22m[90m [39m[90mmeter readings must be monotonically increasing @ repetition 50 of 100[39m[90m                                      [39m [90m0.19s[39m  
  [32;1m✓[39;22m[90m [39m[90mmeter readings must be monotonically increasing @ repetition 51 of 100[39m[90m                                      [39m [90m0.18s[39m  
  [32;1m✓[39;22m[90m [39m[90mmeter readings must be monotonically increasing @ repetition 52 of 100[39m[90m                                      [39m [90m0.18s[39m  
  [32;1m✓[39;22m[90m [39m[90mmeter readings must be monotonically increasing @ repetition 53 of 100[39m[90m                                      [39m [90m0.24s[39m  
  [32;1m✓[39;22m[90m [39m[90mmeter readings must be monotonically increasing @ repetition 54 of 100[39m[90m                                      [39m [90m0.19s[39m  
  [32;1m✓[39;22m[90m [39m[90mmeter readings must be monotonically increasing @ repetition 55 of 100[39m[90m                                      [39m [90m0.18s[39m  
  [32;1m✓[39;22m[90m [39m[90mmeter readings must be monotonically increasing @ repetition 56 of 100[39m[90m                                      [39m [90m0.19s[39m  
  [32;1m✓[39;22m[90m [39m[90mmeter readings must be monotonically increasing @ repetition 57 of 100[39m[90m                                      [39m [90m0.20s[39m  
  [32;1m✓[39;22m[90m [39m[90mmeter readings must be monotonically increasing @ repetition 58 of 100[39m[90m                                      [39m [90m0.20s[39m  
  [32;1m✓[39;22m[90m [39m[90mmeter readings must be monotonically increasing @ repetition 59 of 100[39m[90m                                      [39m [90m0.21s[39m  
  [32;1m✓[39;22m[90m [39m[90mmeter readings must be monotonically increasing @ repetition 60 of 100[39m[90m                                      [39m [90m0.26s[39m  
  [32;1m✓[39;22m[90m [39m[90mmeter readings must be monotonically increasing @ repetition 61 of 100[39m[90m                                      [39m [90m0.16s[39m  
  [32;1m✓[39;22m[90m [39m[90mmeter readings must be monotonically increasing @ repetition 62 of 100[39m[90m                                      [39m [90m0.14s[39m  
  [32;1m✓[39;22m[90m [39m[90mmeter readings must be monotonically increasing @ repetition 63 of 100[39m[90m                                      [39m [90m0.13s[39m  
  [32;1m✓[39;22m[90m [39m[90mmeter readings must be monotonically increasing @ repetition 64 of 100[39m[90m                                      [39m [90m0.13s[39m  
  [32;1m✓[39;22m[90m [39m[90mmeter readings must be monotonically increasing @ repetition 65 of 100[39m[90m                                      [39m [90m0.17s[39m  
  [32;1m✓[39;22m[90m [39m[90mmeter readings must be monotonically increasing @ repetition 66 of 100[39m[90m                                      [39m [90m0.15s[39m  
  [32;1m✓[39;22m[90m [39m[90mmeter readings must be monotonically increasing @ repetition 67 of 100[39m[90m                                      [39m [90m0.17s[39m  
  [32;1m✓[39;22m[90m [39m[90mmeter readings must be monotonically increasing @ repetition 68 of 100[39m[90m                                      [39m [90m0.12s[39m  
  [32;1m✓[39;22m[90m [39m[90mmeter readings must be monotonically increasing @ repetition 69 of 100[39m[90m                                      [39m [90m0.11s[39m  
  [32;1m✓[39;22m[90m [39m[90mmeter readings must be monotonically increasing @ repetition 70 of 100[39m[90m                                      [39m [90m0.10s[39m  
  [32;1m✓[39;22m[90m [39m[90mmeter readings must be monotonically increasing @ repetition 71 of 100[39m[90m                                      [39m [90m0.10s[39m  
  [32;1m✓[39;22m[90m [39m[90mmeter readings must be monotonically increasing @ repetition 72 of 100[39m[90m                                      [39m [90m0.10s[39m  
  [32;1m✓[39;22m[90m [39m[90mmeter readings must be monotonically increasing @ repetition 73 of 100[39m[90m                                      [39m [90m0.09s[39m  
  [32;1m✓[39;22m[90m [39m[90mmeter readings must be monotonically increasing @ repetition 74 of 100[39m[90m                                      [39m [90m0.12s[39m  
  [32;1m✓[39;22m[90m [39m[90mmeter readings must be monotonically increasing @ repetition 75 of 100[39m[90m                                      [39m [90m0.09s[39m  
  [32;1m✓[39;22m[90m [39m[90mmeter readings must be monotonically increasing @ repetition 76 of 100[39m[90m                                      [39m [90m0.09s[39m  
  [32;1m✓[39;22m[90m [39m[90mmeter readings must be monotonically increasing @ repetition 77 of 100[39m[90m                                      [39m [90m0.09s[39m  
  [32;1m✓[39;22m[90m [39m[90mmeter readings must be monotonically increasing @ repetition 78 of 100[39m[90m                                      [39m [90m0.09s[39m  
  [32;1m✓[39;22m[90m [39m[90mmeter readings must be monotonically increasing @ repetition 79 of 100[39m[90m                                      [39m [90m0.09s[39m  
  [32;1m✓[39;22m[90m [39m[90mmeter readings must be monotonically increasing @ repetition 80 of 100[39m[90m                                      [39m [90m0.10s[39m  
  [32;1m✓[39;22m[90m [39m[90mmeter readings must be monotonically increasing @ repetition 81 of 100[39m[90m                                      [39m [90m0.15s[39m  
  [32;1m✓[39;22m[90m [39m[90mmeter readings must be monotonically increasing @ repetition 82 of 100[39m[90m                                      [39m [90m0.10s[39m  
  [32;1m✓[39;22m[90m [39m[90mmeter readings must be monotonically increasing @ repetition 83 of 100[39m[90m                                      [39m [90m0.10s[39m  
  [32;1m✓[39;22m[90m [39m[90mmeter readings must be monotonically increasing @ repetition 84 of 100[39m[90m                                      [39m [90m0.10s[39m  
  [32;1m✓[39;22m[90m [39m[90mmeter readings must be monotonically increasing @ repetition 85 of 100[39m[90m                                      [39m [90m0.10s[39m  
  [32;1m✓[39;22m[90m [39m[90mmeter readings must be monotonically increasing @ repetition 86 of 100[39m[90m                                      [39m [90m0.10s[39m  
  [32;1m✓[39;22m[90m [39m[90mmeter readings must be monotonically increasing @ repetition 87 of 100[39m[90m                                      [39m [90m0.09s[39m  
  [32;1m✓[39;22m[90m [39m[90mmeter readings must be monotonically increasing @ repetition 88 of 100[39m[90m                                      [39m [90m0.13s[39m  
  [32;1m✓[39;22m[90m [39m[90mmeter readings must be monotonically increasing @ repetition 89 of 100[39m[90m                                      [39m [90m0.09s[39m  
  [32;1m✓[39;22m[90m [39m[90mmeter readings must be monotonically increasing @ repetition 90 of 100[39m[90m                                      [39m [90m0.09s[39m  
  [32;1m✓[39;22m[90m [39m[90mmeter readings must be monotonically increasing @ repetition 91 of 100[39m[90m                                      [39m [90m0.09s[39m  
  [32;1m✓[39;22m[90m [39m[90mmeter readings must be monotonically increasing @ repetition 92 of 100[39m[90m                                      [39m [90m0.09s[39m  
  [32;1m✓[39;22m[90m [39m[90mmeter readings must be monotonically increasing @ repetition 93 of 100[39m[90m                                      [39m [90m0.09s[39m  
  [32;1m✓[39;22m[90m [39m[90mmeter readings must be monotonically increasing @ repetition 94 of 100[39m[90m                                      [39m [90m0.09s[39m  
  [32;1m✓[39;22m[90m [39m[90mmeter readings must be monotonically increasing @ repetition 95 of 100[39m[90m                                      [39m [90m0.12s[39m  
  [32;1m✓[39;22m[90m [39m[90mmeter readings must be monotonically increasing @ repetition 96 of 100[39m[90m                                      [39m [90m0.09s[39m  
  [32;1m✓[39;22m[90m [39m[90mmeter readings must be monotonically increasing @ repetition 97 of 100[39m[90m                                      [39m [90m0.09s[39m  
  [32;1m✓[39;22m[90m [39m[90mmeter readings must be monotonically increasing @ repetition 98 of 100[39m[90m                                      [39m [90m0.09s[39m  
  [32;1m✓[39;22m[90m [39m[90mmeter readings must be monotonically increasing @ repetition 99 of 100[39m[90m                                      [39m [90m0.08s[39m  
  [32;1m✓[39;22m[90m [39m[90mmeter readings must be monotonically increasing @ repetition 100 of 100[39m[90m                                     [39m [90m0.09s[39m  

  [30;42;1m PASS [39;49;22m[39m Tests\Unit\MeterReadingObserverDraftInvoiceTest[39m
  [32;1m✓[39;22m[90m [39m[90mupdating meter reading recalculates affected draft invoice[39m[90m                                                  [39m [90m0.18s[39m  
  [32;1m✓[39;22m[90m [39m[90mupdating meter reading does not recalculate finalized invoice[39m[90m                                               [39m [90m0.09s[39m  
  [32;1m✓[39;22m[90m [39m[90mupdating meter reading recalculates multiple affected draft invoices[39m[90m                                        [39m [90m0.10s[39m  
  [32;1m✓[39;22m[90m [39m[90mupdating meter reading handles invoice with multiple items[39m[90m                                                  [39m [90m0.10s[39m  
  [32;1m✓[39;22m[90m [39m[90mupdating meter reading with no affected invoices does not cause errors[39m[90m                                      [39m [90m0.09s[39m  
  [32;1m✓[39;22m[90m [39m[90mupdating start reading recalculates draft invoice correctly[39m[90m                                                 [39m [90m0.13s[39m  

  [30;42;1m PASS [39;49;22m[39m Tests\Unit\MeterReadingServiceTest[39m
  [32;1m✓[39;22m[90m [39m[90mgetPreviousReading returns most recent reading before date[39m[90m                                                  [39m [90m0.10s[39m  
  [32;1m✓[39;22m[90m [39m[90mgetPreviousReading filters by zone[39m[90m                                                                          [39m [90m0.09s[39m  
  [32;1m✓[39;22m[90m [39m[90mgetNextReading returns earliest reading after date[39m[90m                                                          [39m [90m0.09s[39m  
  [32;1m✓[39;22m[90m [39m[90mgetAdjacentReading returns previous reading[39m[90m                                                                 [39m [90m0.09s[39m  
  [32;1m✓[39;22m[90m [39m[90mgetAdjacentReading returns next reading[39m[90m                                                                     [39m [90m0.10s[39m  

  [30;42;1m PASS [39;49;22m[39m Tests\Unit\ModelTest[39m
  [32;1m✓[39;22m[90m [39m[90mTariff isActiveOn returns true for active tariff[39m[90m                                                            [39m [90m0.11s[39m  
  [32;1m✓[39;22m[90m [39m[90mTariff isActiveOn returns false for expired tariff[39m[90m                                                          [39m [90m0.08s[39m  
  [32;1m✓[39;22m[90m [39m[90mTariff isFlatRate identifies flat tariffs[39m[90m                                                                   [39m [90m0.08s[39m  
  [32;1m✓[39;22m[90m [39m[90mTariff isTimeOfUse identifies time-of-use tariffs[39m[90m                                                           [39m [90m0.08s[39m  
  [32;1m✓[39;22m[90m [39m[90mTariff getFlatRate returns rate for flat tariffs[39m[90m                                                            [39m [90m0.08s[39m  
  [32;1m✓[39;22m[90m [39m[90mTariff getFlatRate returns null for time-of-use tariffs[39m[90m                                                     [39m [90m0.08s[39m  
  [32;1m✓[39;22m[90m [39m[90mInvoice finalize sets status and timestamp[39m[90m                                                                  [39m [90m0.08s[39m  
  [32;1m✓[39;22m[90m [39m[90mInvoice isFinalized returns correct status[39m[90m                                                                  [39m [90m0.10s[39m  
  [32;1m✓[39;22m[90m [39m[90mInvoice isDraft returns correct status[39m[90m                                                                      [39m [90m0.13s[39m  
  [32;1m✓[39;22m[90m [39m[90mInvoice isPaid returns correct status[39m[90m                                                                       [39m [90m0.09s[39m  
  [32;1m✓[39;22m[90m [39m[90mMeterReading getConsumption calculates difference from previous reading[39m[90m                                     [39m [90m0.09s[39m  
  [32;1m✓[39;22m[90m [39m[90mMeterReading getConsumption returns null when no previous reading[39m[90m                                           [39m [90m0.08s[39m  
  [32;1m✓[39;22m[90m [39m[90mMeterReading getConsumption respects zones[39m[90m                                                                  [39m [90m0.08s[39m  
  [32;1m✓[39;22m[90m [39m[90mProperty has correct relationships[39m[90m                                                                          [39m [90m0.08s[39m  

  [30;42;1m PASS [39;49;22m[39m Tests\Unit\Models\MeterModelTest[39m
  [32;1m✓[39;22m[90m [39m[90mmeter can be created with all types[39m[90m                                                                         [39m [90m0.17s[39m  
  [32;1m✓[39;22m[90m [39m[90mmeter has property relationship[39m[90m                                                                             [39m [90m0.13s[39m  
  [32;1m✓[39;22m[90m [39m[90mmeter has readings relationship[39m[90m                                                                             [39m [90m0.14s[39m  
  [32;1m✓[39;22m[90m [39m[90mmeter type cast to enum[39m[90m                                                                                     [39m [90m0.12s[39m  
  [32;1m✓[39;22m[90m [39m[90mmeter installation date cast to date[39m[90m                                                                        [39m [90m0.13s[39m  
  [32;1m✓[39;22m[90m [39m[90mmeter supports zones cast to boolean[39m[90m                                                                        [39m [90m0.16s[39m  
  [32;1m✓[39;22m[90m [39m[90mof type scope filters meters[39m[90m                                                                                [39m [90m0.16s[39m  
  [32;1m✓[39;22m[90m [39m[90msupports zones scope filters zoned meters[39m[90m                                                                   [39m [90m0.16s[39m  
  [32;1m✓[39;22m[90m [39m[90mwith latest reading scope loads reading[39m[90m                                                                     [39m [90m0.21s[39m  
  [32;1m✓[39;22m[90m [39m[90mmeter serial number is fillable[39m[90m                                                                             [39m [90m0.16s[39m  

  [30;42;1m PASS [39;49;22m[39m Tests\Unit\Models\PropertyModelTest[39m
  [32;1m✓[39;22m[90m [39m[90mproperty can be created with all types[39m[90m                                                                      [39m [90m0.13s[39m  
  [32;1m✓[39;22m[90m [39m[90mproperty has building relationship[39m[90m                                                                          [39m [90m0.11s[39m  
  [32;1m✓[39;22m[90m [39m[90mproperty has tenants relationship[39m[90m                                                                           [39m [90m0.11s[39m  
  [32;1m✓[39;22m[90m [39m[90mproperty has meters relationship[39m[90m                                                                            [39m [90m0.10s[39m  
  [32;1m✓[39;22m[90m [39m[90mproperty tenant assignments include historical[39m[90m                                                              [39m [90m0.14s[39m  
  [32;1m✓[39;22m[90m [39m[90mproperty type cast to enum[39m[90m                                                                                  [39m [90m0.09s[39m  
  [32;1m✓[39;22m[90m [39m[90mproperty area cast to decimal[39m[90m                                                                               [39m [90m0.09s[39m  
  [32;1m✓[39;22m[90m [39m[90mof type scope filters properties[39m[90m                                                                            [39m [90m0.09s[39m  
  [32;1m✓[39;22m[90m [39m[90mapartments scope filters apartments[39m[90m                                                                         [39m [90m0.10s[39m  
  [32;1m✓[39;22m[90m [39m[90mhouses scope filters houses[39m[90m                                                                                 [39m [90m0.09s[39m  
  [32;1m✓[39;22m[90m [39m[90mproperty tenant pivot has timestamps[39m[90m                                                                        [39m [90m0.09s[39m  
  [32;1m✓[39;22m[90m [39m[90mtenants relationship excludes vacated[39m[90m                                                                       [39m [90m0.09s[39m  

  [39;41;1m FAIL [39;49;22m[39m Tests\Unit\Models\UserModelTest[39m
  [32;1m✓[39;22m[90m [39m[90muser can be created with all roles[39m[90m                                                                          [39m [90m0.13s[39m  
  [31;1m⨯[39;22m[90m [39m[90muser role helper methods[39m[90m                                                                                    [39m [90m0.08s[39m  
  [32;1m✓[39;22m[90m [39m[90muser has subscription relationship[39m[90m                                                                          [39m [90m0.09s[39m  
  [31;1m⨯[39;22m[90m [39m[90muser has properties relationship[39m[90m                                                                            [39m [90m0.08s[39m  
  [32;1m✓[39;22m[90m [39m[90muser is active by default[39m[90m                                                                                   [39m [90m0.08s[39m  
  [32;1m✓[39;22m[90m [39m[90muser can be deactivated[39m[90m                                                                                     [39m [90m0.08s[39m  
  [32;1m✓[39;22m[90m [39m[90muser email must be unique[39m[90m                                                                                   [39m [90m0.08s[39m  
  [31;1m⨯[39;22m[90m [39m[90muser password is hashed[39m[90m                                                                                     [39m [90m0.29s[39m  
  [31;1m⨯[39;22m[90m [39m[90muser has hierarchical relationships[39m[90m                                                                         [39m [90m0.11s[39m  
  [31;1m⨯[39;22m[90m [39m[90muser full name attribute[39m[90m                                                                                    [39m [90m0.08s[39m  
  [32;1m✓[39;22m[90m [39m[90msuperadmin can access all panels[39m[90m                                                                            [39m [90m0.08s[39m  
  [32;1m✓[39;22m[90m [39m[90minactive user status[39m[90m                                                                                        [39m [90m0.08s[39m  

  [30;42;1m PASS [39;49;22m[39m Tests\Unit\NavigationComposerTest[39m
  [32;1m✓[39;22m[90m [39m[90mit does not compose view data when user is not authenticated[39m[90m                                                [39m [90m0.09s[39m  
  [32;1m✓[39;22m[90m [39m[90mit composes view data for authenticated admin user[39m[90m                                                          [39m [90m0.08s[39m  
  [32;1m✓[39;22m[90m [39m[90mit hides locale switcher for manager role[39m[90m                                                                   [39m [90m0.11s[39m  
  [32;1m✓[39;22m[90m [39m[90mit hides locale switcher for tenant role[39m[90m                                                                    [39m [90m0.08s[39m  
  [32;1m✓[39;22m[90m [39m[90mit hides locale switcher for superadmin role[39m[90m                                                                [39m [90m0.08s[39m  
  [32;1m✓[39;22m[90m [39m[90mit returns only active languages ordered by display_order[39m[90m                                                   [39m [90m0.08s[39m  
  [32;1m✓[39;22m[90m [39m[90mit provides consistent CSS classes for active and inactive states[39m[90m                                           [39m [90m0.08s[39m  
  [32;1m✓[39;22m[90m [39m[90mit returns empty languages collection when locale.set route does not exist[39m[90m                                  [39m [90m0.08s[39m  
  [32;1m✓[39;22m[90m [39m[90mit includes current locale in view data[39m[90m                                                                     [39m [90m0.08s[39m  
  [32;1m✓[39;22m[90m [39m[90mit handles null current route gracefully[39m[90m                                                                    [39m [90m0.12s[39m  
  [32;1m✓[39;22m[90m [39m[90mit filters out inactive languages even when admin[39m[90m                                                           [39m [90m0.08s[39m  
  [32;1m✓[39;22m[90m [39m[90mit respects display_order for language sorting[39m[90m                                                              [39m [90m0.08s[39m  
  [32;1m✓[39;22m[90m [39m[90mit provides all required view variables[39m[90m                                                                     [39m [90m0.08s[39m  
  [32;1m✓[39;22m[90m [39m[90mit does not query database when user is not authenticated[39m[90m                                                   [39m [90m0.08s[39m  
  [32;1m✓[39;22m[90m [39m[90mit does not query languages when role is not authorized for locale switcher[39m[90m                                 [39m [90m0.08s[39m  

  [30;42;1m PASS [39;49;22m[39m Tests\Unit\OrganizationFactoryTest[39m
  [32;1m✓[39;22m[90m [39m[90morganization factory populates slug and defaults[39m[90m                                                            [39m [90m0.12s[39m  
  [32;1m✓[39;22m[90m [39m[90morganization factory suspended state sets flags[39m[90m                                                             [39m [90m0.08s[39m  

  [30;42;1m PASS [39;49;22m[39m Tests\Unit\Policies\InvoicePolicyTest[39m
  [32;1m✓[39;22m[90m [39m[90mall roles can view any invoices[39m[90m                                                                             [39m [90m0.08s[39m  
  [32;1m✓[39;22m[90m [39m[90mmanagers can view invoices within tenant[39m[90m                                                                    [39m [90m0.08s[39m  
  [32;1m✓[39;22m[90m [39m[90mtenants can only view own invoices[39m[90m                                                                          [39m [90m0.09s[39m  
  [32;1m✓[39;22m[90m [39m[90madmins and managers can create invoices[39m[90m                                                                     [39m [90m0.08s[39m  
  [32;1m✓[39;22m[90m [39m[90madmins and managers can finalize invoices[39m[90m                                                                   [39m [90m0.08s[39m  
  [32;1m✓[39;22m[90m [39m[90mfinalized invoices cannot be finalized again[39m[90m                                                                [39m [90m0.16s[39m  
  [32;1m✓[39;22m[90m [39m[90mcross tenant access prevention[39m[90m                                                                              [39m [90m0.09s[39m  

  [39;41;1m FAIL [39;49;22m[39m Tests\Unit\Policies\MeterPolicyTest[39m
  [32;1m✓[39;22m[90m [39m[90msuperadmin can view any meters[39m[90m                                                                              [39m [90m0.09s[39m  
  [32;1m✓[39;22m[90m [39m[90madmin can view any meters[39m[90m                                                                                   [39m [90m0.08s[39m  
  [32;1m✓[39;22m[90m [39m[90mmanager can view any meters[39m[90m                                                                                 [39m [90m0.08s[39m  
  [31;1m⨯[39;22m[90m [39m[90mtenant cannot view any meters[39m[90m                                                                               [39m [90m0.08s[39m  
  [31;1m⨯[39;22m[90m [39m[90madmin can view own property meter[39m[90m                                                                           [39m [90m0.08s[39m  
  [31;1m⨯[39;22m[90m [39m[90madmin cannot view other user meter[39m[90m                                                                          [39m [90m0.13s[39m  
  [32;1m✓[39;22m[90m [39m[90msuperadmin can view any meter[39m[90m                                                                               [39m [90m0.08s[39m  
  [32;1m✓[39;22m[90m [39m[90madmin can create meter[39m[90m                                                                                      [39m [90m0.08s[39m  
  [32;1m✓[39;22m[90m [39m[90mmanager can create meter[39m[90m                                                                                    [39m [90m0.08s[39m  
  [32;1m✓[39;22m[90m [39m[90mtenant cannot create meter[39m[90m                                                                                  [39m [90m0.08s[39m  
  [31;1m⨯[39;22m[90m [39m[90madmin can update own property meter[39m[90m                                                                         [39m [90m0.08s[39m  
  [31;1m⨯[39;22m[90m [39m[90madmin cannot update other user meter[39m[90m                                                                        [39m [90m0.08s[39m  
  [32;1m✓[39;22m[90m [39m[90msuperadmin can update any meter[39m[90m                                                                             [39m [90m0.08s[39m  
  [31;1m⨯[39;22m[90m [39m[90madmin can delete own property meter[39m[90m                                                                         [39m [90m0.12s[39m  
  [31;1m⨯[39;22m[90m [39m[90madmin cannot delete other user meter[39m[90m                                                                        [39m [90m0.08s[39m  
  [32;1m✓[39;22m[90m [39m[90mtenant cannot delete meter[39m[90m                                                                                  [39m [90m0.08s[39m  
  [32;1m✓[39;22m[90m [39m[90msuperadmin can delete any meter[39m[90m                                                                             [39m [90m0.08s[39m  
  [31;1m⨯[39;22m[90m [39m[90mmanager can view property meter in hierarchy[39m[90m                                                                [39m [90m0.08s[39m  
  [31;1m⨯[39;22m[90m [39m[90minactive user cannot perform actions[39m[90m                                                                        [39m [90m0.08s[39m  

  [30;42;1m PASS [39;49;22m[39m Tests\Unit\Policies\MeterReadingPolicyTest[39m
  [32;1m✓[39;22m[90m [39m[90mall roles can view any meter readings[39m[90m                                                                       [39m [90m0.14s[39m  
  [32;1m✓[39;22m[90m [39m[90mmanagers can view meter readings within tenant[39m[90m                                                              [39m [90m0.09s[39m  
  [32;1m✓[39;22m[90m [39m[90mtenants can only view own meter readings[39m[90m                                                                    [39m [90m0.09s[39m  
  [32;1m✓[39;22m[90m [39m[90madmins and managers can create meter readings[39m[90m                                                               [39m [90m0.08s[39m  
  [32;1m✓[39;22m[90m [39m[90madmins and managers can update meter readings[39m[90m                                                               [39m [90m0.08s[39m  
  [32;1m✓[39;22m[90m [39m[90mcross tenant access prevention for updates[39m[90m                                                                  [39m [90m0.08s[39m  
  [32;1m✓[39;22m[90m [39m[90monly admins can delete meter readings[39m[90m                                                                       [39m [90m0.08s[39m  

  [30;42;1m PASS [39;49;22m[39m Tests\Unit\Policies\TariffPolicyTest[39m
  [32;1m✓[39;22m[90m [39m[90monly admins can view tariffs[39m[90m                                                                                [39m [90m0.11s[39m  
  [32;1m✓[39;22m[90m [39m[90monly admins can create tariffs[39m[90m                                                                              [39m [90m0.08s[39m  
  [32;1m✓[39;22m[90m [39m[90monly admins can update tariffs[39m[90m                                                                              [39m [90m0.08s[39m  
  [32;1m✓[39;22m[90m [39m[90monly admins can delete tariffs[39m[90m                                                                              [39m [90m0.08s[39m  
  [32;1m✓[39;22m[90m [39m[90monly admins can restore tariffs[39m[90m                                                                             [39m [90m0.08s[39m  
  [32;1m✓[39;22m[90m [39m[90monly superadmins can force delete tariffs[39m[90m                                                                   [39m [90m0.08s[39m  

  [30;42;1m PASS [39;49;22m[39m Tests\Unit\QueryScopesTest[39m
  [32;1m✓[39;22m[90m [39m[90mMeterReading forPeriod scope filters by date range[39m[90m                                                          [39m [90m0.12s[39m  
  [32;1m✓[39;22m[90m [39m[90mMeterReading forZone scope filters by zone[39m[90m                                                                  [39m [90m0.08s[39m  
  [32;1m✓[39;22m[90m [39m[90mTariff active scope filters by date[39m[90m                                                                         [39m [90m0.08s[39m  
  [32;1m✓[39;22m[90m [39m[90mTariff flatRate scope filters flat tariffs[39m[90m                                                                  [39m [90m0.08s[39m  
  [32;1m✓[39;22m[90m [39m[90mTariff timeOfUse scope filters time-of-use tariffs[39m[90m                                                          [39m [90m0.08s[39m  
  [32;1m✓[39;22m[90m [39m[90mInvoice draft scope filters draft invoices[39m[90m                                                                  [39m [90m0.08s[39m  
  [32;1m✓[39;22m[90m [39m[90mInvoice finalized scope filters finalized invoices[39m[90m                                                          [39m [90m0.08s[39m  
  [32;1m✓[39;22m[90m [39m[90mInvoice forPeriod scope filters by billing period[39m[90m                                                           [39m [90m0.08s[39m  
  [32;1m✓[39;22m[90m [39m[90mProperty apartments scope filters apartments[39m[90m                                                                [39m [90m0.13s[39m  
  [32;1m✓[39;22m[90m [39m[90mProperty houses scope filters houses[39m[90m                                                                        [39m [90m0.08s[39m  
  [32;1m✓[39;22m[90m [39m[90mMeter ofType scope filters by meter type[39m[90m                                                                    [39m [90m0.08s[39m  
  [32;1m✓[39;22m[90m [39m[90mMeter supportsZones scope filters zone-capable meters[39m[90m                                                       [39m [90m0.08s[39m  
  [32;1m✓[39;22m[90m [39m[90mMeter withLatestReading scope eager loads latest reading[39m[90m                                                    [39m [90m0.08s[39m  

  [39;41;1m FAIL [39;49;22m[39m Tests\Unit\Scopes\HierarchicalScopeTest[39m
  [32;1m✓[39;22m[90m [39m[37mGuest User Handling[39m[90m → allows unauthenticated users to query models[39m[90m                                          [39m [90m0.08s[39m  
  [32;1m✓[39;22m[90m [39m[37mGuest User Handling[39m[90m → does not apply filtering for guest users[39m[90m                                              [39m [90m0.12s[39m  
  [32;1m✓[39;22m[90m [39m[37mSuperadmin Access[39m[90m → superadmin sees all data without filtering[39m[90m                                              [39m [90m0.08s[39m  
  [31;1m⨯[39;22m[90m [39m[37mSuperadmin Access[39m[90m → logs superadmin access for audit trail[39m[90m                                                  [39m [90m0.08s[39m  
  [32;1m✓[39;22m[90m [39m[37mAdmin/Manager Filtering[39m[90m → admin sees only their tenant data[39m[90m                                                 [39m [90m0.08s[39m  
  [32;1m✓[39;22m[90m [39m[37mAdmin/Manager Filtering[39m[90m → manager sees only their tenant data[39m[90m                                               [39m [90m0.08s[39m  
  [32;1m✓[39;22m[90m [39m[37mTenant User Filtering[39m[90m → tenant user sees only their property data[39m[90m                                           [39m [90m0.08s[39m  
  [32;1m✓[39;22m[90m [39m[37mTenant User Filtering[39m[90m → tenant user without property_id sees tenant data[39m[90m                                    [39m [90m0.08s[39m  
  [31;1m⨯[39;22m[90m [39m[37mTenantContext Integration[39m[90m → uses TenantContext when available[39m[90m                                               [39m [90m0.08s[39m  
  [32;1m✓[39;22m[90m [39m[37mInput Validation[39m[90m → validates tenant_id is positive integer[39m[90m                                                  [39m [90m0.12s[39m  
  [32;1m✓[39;22m[90m [39m[37mInput Validation[39m[90m → validates tenant_id does not exceed maximum[39m[90m                                              [39m [90m0.08s[39m  
  [31;1m⨯[39;22m[90m [39m[37mInput Validation[39m[90m → validates property_id is positive integer[39m[90m                                                [39m [90m0.08s[39m  
  [32;1m✓[39;22m[90m [39m[37mQuery Macros[39m[90m → withoutHierarchicalScope bypasses filtering[39m[90m                                                  [39m [90m0.08s[39m  
  [31;1m⨯[39;22m[90m [39m[37mQuery Macros[39m[90m → withoutHierarchicalScope logs bypass attempt[39m[90m                                                 [39m [90m0.08s[39m  
  [32;1m✓[39;22m[90m [39m[37mQuery Macros[39m[90m → forTenant queries specific tenant data[39m[90m                                                       [39m [90m0.08s[39m  
  [32;1m✓[39;22m[90m [39m[37mQuery Macros[39m[90m → forTenant validates tenant_id[39m[90m                                                                [39m [90m0.08s[39m  
  [32;1m✓[39;22m[90m [39m[37mQuery Macros[39m[90m → forProperty queries specific property data[39m[90m                                                   [39m [90m0.08s[39m  
  [31;1m⨯[39;22m[90m [39m[37mColumn Caching[39m[90m → caches column existence checks[39m[90m                                                             [39m [90m0.12s[39m  
  [32;1m✓[39;22m[90m [39m[37mColumn Caching[39m[90m → clearColumnCache removes specific table cache[39m[90m                                              [39m [90m0.08s[39m  
  [31;1m⨯[39;22m[90m [39m[37mError Handling[39m[90m → logs errors without exposing sensitive details[39m[90m                                             [39m [90m0.07s[39m  
  [31;1m⨯[39;22m[90m [39m[37mError Handling[39m[90m → logs missing tenant context[39m[90m                                                                [39m [90m0.08s[39m  
  [31;1m⨯[39;22m[90m [39m[37mSpecial Table Handling[39m[90m → handles buildings table with properties relationship[39m[90m                               [39m [90m0.08s[39m  

  [30;42;1m PASS [39;49;22m[39m Tests\Unit\Services\AuthenticationServiceTest[39m
  [32;1m✓[39;22m[90m [39m[90mgetActiveUsersForLoginDisplay returns only active users[39m[90m                                                     [39m [90m0.13s[39m  
  [32;1m✓[39;22m[90m [39m[90mgetActiveUsersForLoginDisplay orders users by role priority[39m[90m                                                 [39m [90m0.08s[39m  
  [32;1m✓[39;22m[90m [39m[90mgetActiveUsersForLoginDisplay eager loads relationships[39m[90m                                                     [39m [90m0.08s[39m  
  [32;1m✓[39;22m[90m [39m[90misAccountActive returns true for active user[39m[90m                                                                [39m [90m0.08s[39m  
  [32;1m✓[39;22m[90m [39m[90misAccountActive returns false for inactive user[39m[90m                                                             [39m [90m0.08s[39m  
  [32;1m✓[39;22m[90m [39m[90mredirectToDashboard returns correct route for superadmin[39m[90m                                                    [39m [90m0.08s[39m  
  [32;1m✓[39;22m[90m [39m[90mredirectToDashboard returns correct route for admin[39m[90m                                                         [39m [90m0.07s[39m  
  [32;1m✓[39;22m[90m [39m[90mredirectToDashboard returns correct route for manager[39m[90m                                                       [39m [90m0.08s[39m  
  [32;1m✓[39;22m[90m [39m[90mredirectToDashboard returns correct route for tenant[39m[90m                                                        [39m [90m0.12s[39m  
  [32;1m✓[39;22m[90m [39m[90mgetActiveUsersForLoginDisplay selects only necessary columns[39m[90m                                                [39m [90m0.08s[39m  

  [39;41;1m FAIL [39;49;22m[39m Tests\Unit\Services\BillingServiceRefactoredTest[39m
  [31;1m⨯[39;22m[90m [39m[37mBillingService Refactored[39m[90m → [39m[37mgenerateInvoice[39m[90m → it generates invoice with all meter types[39m[90m                     [39m [90m0.11s[39m  
  [32;1m✓[39;22m[90m [39m[37mBillingService Refactored[39m[90m → [39m[37mgenerateInvoice[39m[90m → it throws exception when tenant has no property[39m[90m               [39m [90m0.08s[39m  
  [32;1m✓[39;22m[90m [39m[37mBillingService Refactored[39m[90m → [39m[37mgenerateInvoice[39m[90m → it throws exception when property has no meters[39m[90m               [39m [90m0.08s[39m  
  [31;1m⨯[39;22m[90m [39m[37mBillingService Refactored[39m[90m → [39m[37mgenerateInvoice[39m[90m → it handles missing meter readings gracefully[39m[90m                  [39m [90m0.08s[39m  
  [31;1m⨯[39;22m[90m [39m[37mBillingService Refactored[39m[90m → [39m[37mgenerateInvoice[39m[90m → it includes gyvatukas when building exists[39m[90m                    [39m [90m0.12s[39m  
  [32;1m✓[39;22m[90m [39m[37mBillingService Refactored[39m[90m → [39m[37mfinalizeInvoice[39m[90m → it finalizes draft invoice[39m[90m                                    [39m [90m0.08s[39m  
  [32;1m✓[39;22m[90m [39m[37mBillingService Refactored[39m[90m → [39m[37mfinalizeInvoice[39m[90m → it throws exception when invoice already finalized[39m[90m            [39m [90m0.08s[39m  
  [31;1m⨯[39;22m[90m [39m[37mBillingService Refactored[39m[90m → [39m[37mmulti-zone meters[39m[90m → it handles day/night electricity zones[39m[90m                      [39m [90m0.09s[39m  

  [39;41;1m FAIL [39;49;22m[39m Tests\Unit\Services\BillingServiceRefactoredV3Test[39m
  [31;1m⨯[39;22m[90m [39m[37mBillingService V3 - Invoice Generation[39m[90m → generates invoice for tenant with single electricity meter[39m[90m         [39m [90m0.09s[39m  
  [31;1m⨯[39;22m[90m [39m[37mBillingService V3 - Invoice Generation[39m[90m → generates invoice with water meter including supply, sewage, and f[39m[90m…[39m [90m0.12s[39m  
  [31;1m⨯[39;22m[90m [39m[37mBillingService V3 - Invoice Generation[39m[90m → generates invoice with multi-zone electricity meter[39m[90m                [39m [90m0.09s[39m  
  [31;1m⨯[39;22m[90m [39m[37mBillingService V3 - Invoice Generation[39m[90m → generates invoice with gyvatukas for property with building[39m[90m        [39m [90m0.09s[39m  
  [31;1m⨯[39;22m[90m [39m[37mBillingService V3 - Invoice Generation[39m[90m → snapshots tariff configuration in invoice items[39m[90m                    [39m [90m0.09s[39m  
  [31;1m⨯[39;22m[90m [39m[37mBillingService V3 - Invoice Generation[39m[90m → snapshots meter readings in invoice items[39m[90m                          [39m [90m0.09s[39m  
  [31;1m⨯[39;22m[90m [39m[37mBillingService V3 - Error Handling[39m[90m → throws BillingException when tenant has no property[39m[90m                    [39m [90m0.08s[39m  
  [32;1m✓[39;22m[90m [39m[37mBillingService V3 - Error Handling[39m[90m → throws BillingException when property has no meters[39m[90m                    [39m [90m0.08s[39m  
  [32;1m✓[39;22m[90m [39m[37mBillingService V3 - Error Handling[39m[90m → throws MissingMeterReadingException when start reading is missing[39m[90m      [39m [90m0.13s[39m  
  [32;1m✓[39;22m[90m [39m[37mBillingService V3 - Error Handling[39m[90m → throws MissingMeterReadingException when end reading is missing[39m[90m        [39m [90m0.09s[39m  
  [31;1m⨯[39;22m[90m [39m[37mBillingService V3 - Error Handling[39m[90m → logs warning and continues when meter reading is missing for one meter[39m[90m [39m [90m0.09s[39m  
  [31;1m⨯[39;22m[90m [39m[37mBillingService V3 - Invoice Finalization[39m[90m → finalizes draft invoice successfully[39m[90m                             [39m [90m0.09s[39m  
  [31;1m⨯[39;22m[90m [39m[37mBillingService V3 - Invoice Finalization[39m[90m → throws InvoiceAlreadyFinalizedException when finalizing already[39m[90m… [39m [90m0.09s[39m  
  [32;1m✓[39;22m[90m [39m[37mBillingService V3 - Invoice Finalization[39m[90m → throws InvoiceAlreadyFinalizedException when finalizing paid inv[39m[90m…[39m [90m0.08s[39m  
  [31;1m⨯[39;22m[90m [39m[37mBillingService V3 - Invoice Finalization[39m[90m → logs finalization events[39m[90m                                         [39m [90m0.09s[39m  
  [32;1m✓[39;22m[90m [39m[37mBillingService V3 - Transaction Management[39m[90m → rolls back transaction on error during invoice generation[39m[90m      [39m [90m0.13s[39m  
  [31;1m⨯[39;22m[90m [39m[37mBillingService V3 - Transaction Management[39m[90m → commits transaction on successful invoice generation[39m[90m           [39m [90m0.09s[39m  
  [31;1m⨯[39;22m[90m [39m[37mBillingService V3 - Logging[39m[90m → logs invoice generation start[39m[90m                                                 [39m [90m0.09s[39m  
  [31;1m⨯[39;22m[90m [39m[37mBillingService V3 - Logging[39m[90m → logs invoice creation[39m[90m                                                         [39m [90m0.09s[39m  
  [31;1m⨯[39;22m[90m [39m[37mBillingService V3 - Logging[39m[90m → logs invoice generation completion[39m[90m                                            [39m [90m0.09s[39m  
  [31;1m⨯[39;22m[90m [39m[37mBillingService V3 - Value Objects Integration[39m[90m → uses BillingPeriod value object correctly[39m[90m                   [39m [90m0.09s[39m  
  [31;1m⨯[39;22m[90m [39m[37mBillingService V3 - Value Objects Integration[39m[90m → calculates due date correctly[39m[90m                               [39m [90m0.13s[39m  
  [31;1m⨯[39;22m[90m [39m[37mBillingService V3 - Water Billing Calculations[39m[90m → calculates water bill with supply and sewage rates[39m[90m         [39m [90m0.09s[39m  
  [31;1m⨯[39;22m[90m [39m[37mBillingService V3 - Water Billing Calculations[39m[90m → adds fixed fee for water meters[39m[90m                            [39m [90m0.09s[39m  
  [31;1m⨯[39;22m[90m [39m[37mBillingService V3 - Water Billing Calculations[39m[90m → does not add fixed fee for non-water meters[39m[90m                [39m [90m0.09s[39m  
  [31;1m⨯[39;22m[90m [39m[37mBillingService V3 - Multiple Meters[39m[90m → generates invoice with multiple meters of different types[39m[90m             [39m [90m0.10s[39m  
  [31;1m⨯[39;22m[90m [39m[37mBillingService V3 - Multiple Meters[39m[90m → calculates correct total amount for multiple meters[39m[90m                   [39m [90m0.09s[39m  
  [32;1m✓[39;22m[90m [39m[37mBillingService V3 - Edge Cases[39m[90m → handles zero consumption gracefully[39m[90m                                        [39m [90m0.14s[39m  
  [31;1m⨯[39;22m[90m [39m[37mBillingService V3 - Edge Cases[39m[90m → handles negative consumption gracefully[39m[90m                                    [39m [90m0.09s[39m  
  [31;1m⨯[39;22m[90m [39m[37mBillingService V3 - Edge Cases[39m[90m → rounds monetary values to 2 decimal places[39m[90m                                 [39m [90m0.09s[39m  

  [39;41;1m FAIL [39;49;22m[39m Tests\Unit\Services\BillingServiceTest[39m
  [31;1m⨯[39;22m[90m [39m[90mit generates invoice with electricity consumption[39m[90m                                                           [39m [90m0.10s[39m  
  [31;1m⨯[39;22m[90m [39m[90mit generates invoice with water consumption including supply and sewage[39m[90m                                     [39m [90m0.13s[39m  
  [31;1m⨯[39;22m[90m [39m[90mit generates invoice with multi zone electricity meter[39m[90m                                                      [39m [90m0.09s[39m  
  [32;1m✓[39;22m[90m [39m[90mit throws exception when tenant has no property[39m[90m                                                             [39m [90m0.08s[39m  
  [32;1m✓[39;22m[90m [39m[90mit throws exception when property has no meters[39m[90m                                                             [39m [90m0.08s[39m  
  [32;1m✓[39;22m[90m [39m[90mit throws exception when meter readings are missing[39m[90m                                                         [39m [90m0.08s[39m  
  [32;1m✓[39;22m[90m [39m[90mit finalizes draft invoice[39m[90m                                                                                  [39m [90m0.08s[39m  
  [32;1m✓[39;22m[90m [39m[90mit throws exception when finalizing already finalized invoice[39m[90m                                               [39m [90m0.08s[39m  
  [31;1m⨯[39;22m[90m [39m[90mit snapshots tariff configuration in invoice items[39m[90m                                                          [39m [90m0.13s[39m  
  [31;1m⨯[39;22m[90m [39m[90mit calculates correct total amount for invoice[39m[90m                                                              [39m [90m0.09s[39m  

  [30;42;1m PASS [39;49;22m[39m Tests\Unit\Services\GyvatukasCalculatorPerformanceTest[39m
  [32;1m✓[39;22m[90m [39m[90mgyvatukas calculation uses eager loading to avoid N+1 queries[39m[90m                                               [39m [90m0.12s[39m  
  [32;1m✓[39;22m[90m [39m[90mgyvatukas calculator uses configuration values[39m[90m                                                              [39m [90m0.09s[39m  

  [30;42;1m PASS [39;49;22m[39m Tests\Unit\Services\GyvatukasCalculatorTest[39m
  [32;1m✓[39;22m[90m [39m[37mGyvatukasCalculator[39m[90m → [39m[37misHeatingSeason[39m[90m → it returns true for October (heating season start)[39m[90m                  [39m [90m0.08s[39m  
  [32;1m✓[39;22m[90m [39m[37mGyvatukasCalculator[39m[90m → [39m[37misHeatingSeason[39m[90m → it returns true for November (mid heating season)[39m[90m                   [39m [90m0.12s[39m  
  [32;1m✓[39;22m[90m [39m[37mGyvatukasCalculator[39m[90m → [39m[37misHeatingSeason[39m[90m → it returns true for December (mid heating season)[39m[90m                   [39m [90m0.08s[39m  
  [32;1m✓[39;22m[90m [39m[37mGyvatukasCalculator[39m[90m → [39m[37misHeatingSeason[39m[90m → it returns true for January (mid heating season)[39m[90m                    [39m [90m0.07s[39m  
  [32;1m✓[39;22m[90m [39m[37mGyvatukasCalculator[39m[90m → [39m[37misHeatingSeason[39m[90m → it returns true for April (heating season end)[39m[90m                      [39m [90m0.08s[39m  
  [32;1m✓[39;22m[90m [39m[37mGyvatukasCalculator[39m[90m → [39m[37misHeatingSeason[39m[90m → it returns false for May (non-heating season)[39m[90m                       [39m [90m0.07s[39m  
  [32;1m✓[39;22m[90m [39m[37mGyvatukasCalculator[39m[90m → [39m[37misHeatingSeason[39m[90m → it returns false for June (non-heating season)[39m[90m                      [39m [90m0.07s[39m  
  [32;1m✓[39;22m[90m [39m[37mGyvatukasCalculator[39m[90m → [39m[37misHeatingSeason[39m[90m → it returns false for September (non-heating season)[39m[90m                 [39m [90m0.07s[39m  
  [32;1m✓[39;22m[90m [39m[37mGyvatukasCalculator[39m[90m → [39m[37misHeatingSeason[39m[90m → it uses configuration for heating season start month[39m[90m                [39m [90m0.08s[39m  
  [32;1m✓[39;22m[90m [39m[37mGyvatukasCalculator[39m[90m → [39m[37misHeatingSeason[39m[90m → it uses configuration for heating season end month[39m[90m                  [39m [90m0.12s[39m  
  [32;1m✓[39;22m[90m [39m[37mGyvatukasCalculator[39m[90m → [39m[37misHeatingSeason[39m[90m → it handles edge case at heating season boundaries[39m[90m                   [39m [90m0.08s[39m  
  [32;1m✓[39;22m[90m [39m[37mGyvatukasCalculator[39m[90m → [39m[37mcalculateWinterGyvatukas[39m[90m → it returns stored summer average during heating season[39m[90m     [39m [90m0.08s[39m  
  [32;1m✓[39;22m[90m [39m[37mGyvatukasCalculator[39m[90m → [39m[37mcalculateWinterGyvatukas[39m[90m → it returns 0 when summer average is null[39m[90m                   [39m [90m0.08s[39m  
  [32;1m✓[39;22m[90m [39m[37mGyvatukasCalculator[39m[90m → [39m[37mcalculateWinterGyvatukas[39m[90m → it returns 0 when summer average is zero[39m[90m                   [39m [90m0.07s[39m  
  [32;1m✓[39;22m[90m [39m[37mGyvatukasCalculator[39m[90m → [39m[37mcalculateWinterGyvatukas[39m[90m → it returns 0 when summer average is negative[39m[90m               [39m [90m0.08s[39m  
  [32;1m✓[39;22m[90m [39m[37mGyvatukasCalculator[39m[90m → [39m[37mdistributeCirculationCost[39m[90m → it distributes cost equally when method is equal[39m[90m          [39m [90m0.08s[39m  
  [32;1m✓[39;22m[90m [39m[37mGyvatukasCalculator[39m[90m → [39m[37mdistributeCirculationCost[39m[90m → it distributes cost by area when method is area[39m[90m           [39m [90m0.10s[39m  
  [32;1m✓[39;22m[90m [39m[37mGyvatukasCalculator[39m[90m → [39m[37mdistributeCirculationCost[39m[90m → it returns empty array when building has no properties[39m[90m    [39m [90m0.13s[39m  
  [32;1m✓[39;22m[90m [39m[37mGyvatukasCalculator[39m[90m → [39m[37mdistributeCirculationCost[39m[90m → it falls back to equal distribution when total area is ze[39m[90m…[39m [90m0.09s[39m  
  [32;1m✓[39;22m[90m [39m[37mGyvatukasCalculator[39m[90m → [39m[37mdistributeCirculationCost[39m[90m → it falls back to equal distribution when total area is ne[39m[90m…[39m [90m0.09s[39m  
  [32;1m✓[39;22m[90m [39m[37mGyvatukasCalculator[39m[90m → [39m[37mdistributeCirculationCost[39m[90m → it falls back to equal distribution when method is invali[39m[90m…[39m [90m0.08s[39m  
  [32;1m✓[39;22m[90m [39m[37mGyvatukasCalculator[39m[90m → [39m[37mdistributeCirculationCost[39m[90m → it rounds costs to 2 decimal places for equal distributio[39m[90m…[39m [90m0.08s[39m  
  [32;1m✓[39;22m[90m [39m[37mGyvatukasCalculator[39m[90m → [39m[37mdistributeCirculationCost[39m[90m → it rounds costs to 2 decimal places for area distribution[39m[90m [39m [90m0.08s[39m  
  [32;1m✓[39;22m[90m [39m[37mGyvatukasCalculator[39m[90m → [39m[37mcalculateSummerGyvatukas[39m[90m → it calculates circulation energy using the formula Q_circ[39m[90m… [39m [90m0.09s[39m  
  [32;1m✓[39;22m[90m [39m[37mGyvatukasCalculator[39m[90m → [39m[37mcalculateSummerGyvatukas[39m[90m → it returns 0 when circulation energy would be negative[39m[90m     [39m [90m0.09s[39m  
  [32;1m✓[39;22m[90m [39m[37mGyvatukasCalculator[39m[90m → [39m[37mcalculateSummerGyvatukas[39m[90m → it rounds result to 2 decimal places[39m[90m                       [39m [90m0.13s[39m  
  [32;1m✓[39;22m[90m [39m[37mGyvatukasCalculator[39m[90m → [39m[37mcalculateSummerGyvatukas[39m[90m → it handles building with no heating meters[39m[90m                 [39m [90m0.08s[39m  
  [32;1m✓[39;22m[90m [39m[37mGyvatukasCalculator[39m[90m → [39m[37mcalculateSummerGyvatukas[39m[90m → it handles building with no hot water meters[39m[90m               [39m [90m0.08s[39m  
  [32;1m✓[39;22m[90m [39m[37mGyvatukasCalculator[39m[90m → [39m[37mcalculateSummerGyvatukas[39m[90m → it handles building with no meter readings[39m[90m                 [39m [90m0.08s[39m  
  [32;1m✓[39;22m[90m [39m[37mGyvatukasCalculator[39m[90m → [39m[37mcalculateSummerGyvatukas[39m[90m → it handles multiple properties with mixed meter types[39m[90m      [39m [90m0.09s[39m  
  [32;1m✓[39;22m[90m [39m[37mGyvatukasCalculator[39m[90m → [39m[37mcalculate[39m[90m → it routes to winter calculation during heating season[39m[90m                     [39m [90m0.08s[39m  
  [32;1m✓[39;22m[90m [39m[37mGyvatukasCalculator[39m[90m → [39m[37mcalculate[39m[90m → it routes to summer calculation during non-heating season[39m[90m                 [39m [90m0.08s[39m  

  [39;41;1m FAIL [39;49;22m[39m Tests\Unit\Services\GyvatukasSummerAverageServiceTest[39m
  [32;1m✓[39;22m[90m [39m[90mcalculates for building successfully[39m[90m                                                                        [39m [90m0.14s[39m  
  [31;1m⨯[39;22m[90m [39m[90mskips already calculated building[39m[90m                                                                           [39m [90m0.08s[39m  
  [32;1m✓[39;22m[90m [39m[90mforces recalculation when requested[39m[90m                                                                         [39m [90m0.08s[39m  
  [32;1m✓[39;22m[90m [39m[90mcalculates for multiple buildings[39m[90m                                                                           [39m [90m0.08s[39m  
  [32;1m✓[39;22m[90m [39m[90mcalculates for all buildings with chunking[39m[90m                                                                  [39m [90m0.13s[39m  
  [32;1m✓[39;22m[90m [39m[90mcalculates for building by id[39m[90m                                                                               [39m [90m0.08s[39m  
  [32;1m✓[39;22m[90m [39m[90mreturns null for nonexistent building id[39m[90m                                                                    [39m [90m0.07s[39m  
  [32;1m✓[39;22m[90m [39m[90mlogs successful calculation[39m[90m                                                                                 [39m [90m0.08s[39m  
  [32;1m✓[39;22m[90m [39m[90mhandles calculation errors gracefully[39m[90m                                                                       [39m [90m0.13s[39m  

  [30;42;1m PASS [39;49;22m[39m Tests\Unit\Services\InvoiceServiceTest[39m
  [32;1m✓[39;22m[90m [39m[37mfinalize[39m[90m → successfully finalizes a valid draft invoice[39m[90m                                                     [39m [90m0.08s[39m  
  [32;1m✓[39;22m[90m [39m[37mfinalize[39m[90m → throws exception when invoice is already finalized[39m[90m                                               [39m [90m0.08s[39m  
  [32;1m✓[39;22m[90m [39m[37mfinalize[39m[90m → throws validation exception when invoice has no items[39m[90m                                            [39m [90m0.08s[39m  
  [32;1m✓[39;22m[90m [39m[37mfinalize[39m[90m → throws validation exception when total amount is zero[39m[90m                                            [39m [90m0.08s[39m  
  [32;1m✓[39;22m[90m [39m[37mfinalize[39m[90m → throws validation exception when total amount is negative[39m[90m                                        [39m [90m0.08s[39m  
  [32;1m✓[39;22m[90m [39m[37mfinalize[39m[90m → throws validation exception when billing period is invalid[39m[90m                                       [39m [90m0.12s[39m  
  [32;1m✓[39;22m[90m [39m[37mfinalize[39m[90m → throws validation exception when invoice item has invalid data[39m[90m                                   [39m [90m0.08s[39m  
  [32;1m✓[39;22m[90m [39m[37mfinalize[39m[90m → finalizes invoice in transaction[39m[90m                                                                 [39m [90m0.08s[39m  
  [32;1m✓[39;22m[90m [39m[37mcanFinalize[39m[90m → returns true for valid draft invoice[39m[90m                                                          [39m [90m0.08s[39m  
  [32;1m✓[39;22m[90m [39m[37mcanFinalize[39m[90m → returns false for finalized invoice[39m[90m                                                           [39m [90m0.08s[39m  
  [32;1m✓[39;22m[90m [39m[37mcanFinalize[39m[90m → returns false for invoice with no items[39m[90m                                                       [39m [90m0.08s[39m  
  [32;1m✓[39;22m[90m [39m[37mcanFinalize[39m[90m → returns false for invoice with zero total[39m[90m                                                     [39m [90m0.08s[39m  
  [32;1m✓[39;22m[90m [39m[37mcanFinalize[39m[90m → returns false for invoice with invalid billing period[39m[90m                                         [39m [90m0.08s[39m  

  [39;41;1m FAIL [39;49;22m[39m Tests\Unit\Services\SubscriptionCheckerTest[39m
  [32;1m✓[39;22m[90m [39m[90misActive returns true for active subscriptions[39m[90m                                                              [39m [90m0.14s[39m  
  [32;1m✓[39;22m[90m [39m[90misActive returns false for expired subscriptions[39m[90m                                                            [39m [90m0.08s[39m  
  [32;1m✓[39;22m[90m [39m[90misActive returns false when no subscription exists[39m[90m                                                          [39m [90m0.08s[39m  
  [32;1m✓[39;22m[90m [39m[90misActive caches the result[39m[90m                                                                                  [39m [90m0.08s[39m  
  [32;1m✓[39;22m[90m [39m[90mgetSubscription returns subscription for user[39m[90m                                                               [39m [90m0.08s[39m  
  [32;1m✓[39;22m[90m [39m[90mgetSubscription returns null when no subscription exists[39m[90m                                                    [39m [90m0.08s[39m  
  [32;1m✓[39;22m[90m [39m[90mgetSubscription caches the result[39m[90m                                                                           [39m [90m0.08s[39m  
  [32;1m✓[39;22m[90m [39m[90misExpired returns true for expired subscriptions[39m[90m                                                            [39m [90m0.11s[39m  
  [32;1m✓[39;22m[90m [39m[90misExpired returns false for active subscriptions[39m[90m                                                            [39m [90m0.08s[39m  
  [32;1m✓[39;22m[90m [39m[90misExpired returns true when no subscription exists[39m[90m                                                          [39m [90m0.08s[39m  
  [32;1m✓[39;22m[90m [39m[90mdaysUntilExpiry returns correct number of days[39m[90m                                                              [39m [90m0.08s[39m  
  [32;1m✓[39;22m[90m [39m[90mdaysUntilExpiry returns negative for expired subscriptions[39m[90m                                                  [39m [90m0.08s[39m  
  [32;1m✓[39;22m[90m [39m[90mdaysUntilExpiry returns null when no subscription exists[39m[90m                                                    [39m [90m0.08s[39m  
  [32;1m✓[39;22m[90m [39m[90minvalidate clears cached subscription data[39m[90m                                                                  [39m [90m0.08s[39m  
  [32;1m✓[39;22m[90m [39m[90minvalidateMany clears cache for multiple users[39m[90m                                                              [39m [90m0.08s[39m  
  [32;1m✓[39;22m[90m [39m[90mwarmCache pre-loads subscription data[39m[90m                                                                       [39m [90m0.13s[39m  
  [32;1m✓[39;22m[90m [39m[90mcache expires after TTL[39m[90m                                                                                     [39m [90m0.08s[39m  
  [31;1m⨯[39;22m[90m [39m[90mmultiple calls use cached data[39m[90m                                                                              [39m [90m0.08s[39m  

  [39;41;1m FAIL [39;49;22m[39m Tests\Unit\SubscriptionModelTest[39m
  [31;1m⨯[39;22m[90m [39m[90msubscription model can be created with all fields[39m[90m                                                           [39m [90m0.08s[39m  
  [32;1m✓[39;22m[90m [39m[90msubscription isActive returns true for active subscription with future expiry[39m[90m                               [39m [90m0.08s[39m  
  [32;1m✓[39;22m[90m [39m[90msubscription isActive returns false for expired subscription[39m[90m                                                [39m [90m0.09s[39m  
  [32;1m✓[39;22m[90m [39m[90msubscription isActive returns false for suspended subscription[39m[90m                                              [39m [90m0.14s[39m  
  [32;1m✓[39;22m[90m [39m[90msubscription isExpired returns true for past expiry date[39m[90m                                                    [39m [90m0.09s[39m  
  [32;1m✓[39;22m[90m [39m[90msubscription isExpired returns false for future expiry date[39m[90m                                                 [39m [90m0.09s[39m  
  [32;1m✓[39;22m[90m [39m[90msubscription daysUntilExpiry returns correct number of days[39m[90m                                                 [39m [90m0.08s[39m  
  [32;1m✓[39;22m[90m [39m[90msubscription daysUntilExpiry returns negative for expired subscription[39m[90m                                      [39m [90m0.08s[39m  
  [32;1m✓[39;22m[90m [39m[90msubscription canAddProperty returns true when under limit[39m[90m                                                   [39m [90m0.08s[39m  
  [32;1m✓[39;22m[90m [39m[90msubscription canAddProperty returns false when subscription is not active[39m[90m                                   [39m [90m0.08s[39m  
  [32;1m✓[39;22m[90m [39m[90msubscription canAddTenant returns true when under limit[39m[90m                                                     [39m [90m0.08s[39m  
  [32;1m✓[39;22m[90m [39m[90msubscription canAddTenant returns false when subscription is not active[39m[90m                                     [39m [90m0.13s[39m  

  [39;41;1m FAIL [39;49;22m[39m Tests\Unit\SubscriptionServiceTest[39m
  [31;1m⨯[39;22m[90m [39m[90msubscription service can create subscription[39m[90m                                                                [39m [90m0.08s[39m  
  [31;1m⨯[39;22m[90m [39m[90msubscription service can renew subscription[39m[90m                                                                 [39m [90m0.08s[39m  
  [31;1m⨯[39;22m[90m [39m[90msubscription service can suspend subscription[39m[90m                                                               [39m [90m0.08s[39m  
  [31;1m⨯[39;22m[90m [39m[90msubscription service can cancel subscription[39m[90m                                                                [39m [90m0.08s[39m  
  [31;1m⨯[39;22m[90m [39m[90msubscription service checkSubscriptionStatus returns correct data for user with subscription[39m[90m                [39m [90m0.08s[39m  
  [32;1m✓[39;22m[90m [39m[90msubscription service checkSubscriptionStatus returns correct data for user without subscription[39m[90m             [39m [90m0.13s[39m  
  [32;1m✓[39;22m[90m [39m[90msubscription service enforceSubscriptionLimits throws exception for expired subscription[39m[90m                    [39m [90m0.08s[39m  
  [32;1m✓[39;22m[90m [39m[90msubscription service enforceSubscriptionLimits throws exception for no subscription[39m[90m                         [39m [90m0.08s[39m  
  [32;1m✓[39;22m[90m [39m[90msubscription service enforceSubscriptionLimits passes for active subscription[39m[90m                               [39m [90m0.08s[39m  
  [32;1m✓[39;22m[90m [39m[90msubscription service enforceSubscriptionLimits throws exception when property limit exceeded[39m[90m                [39m [90m0.08s[39m  
  [32;1m✓[39;22m[90m [39m[90msubscription service enforceSubscriptionLimits throws exception when tenant limit exceeded[39m[90m                  [39m [90m0.08s[39m  

  [39;41;1m FAIL [39;49;22m[39m Tests\Unit\SuperadminFoundationModelsTest[39m
  [32;1m✓[39;22m[90m [39m[90mOrganization model has daysUntilExpiry method[39m[90m                                                               [39m [90m0.13s[39m  
  [32;1m✓[39;22m[90m [39m[90mOrganization model can be suspended and reactivated[39m[90m                                                         [39m [90m0.08s[39m  
  [31;1m⨯[39;22m[90m [39m[90mSubscription model can be renewed[39m[90m                                                                           [39m [90m0.08s[39m  
  [31;1m⨯[39;22m[90m [39m[90mSubscription model can be suspended and activated[39m[90m                                                           [39m [90m0.08s[39m  
  [32;1m✓[39;22m[90m [39m[90mSubscription model has isSuspended method[39m[90m                                                                   [39m [90m0.08s[39m  
  [32;1m✓[39;22m[90m [39m[90mOrganizationInvitation model has isPending method[39m[90m                                                           [39m [90m0.08s[39m  
  [32;1m✓[39;22m[90m [39m[90mOrganizationInvitation model can be resent[39m[90m                                                                  [39m [90m0.08s[39m  
  [32;1m✓[39;22m[90m [39m[90mSystemHealthMetric model has status checking methods[39m[90m                                                        [39m [90m0.08s[39m  
  [32;1m✓[39;22m[90m [39m[90mSystemHealthMetric model returns correct status color[39m[90m                                                       [39m [90m0.12s[39m  
  [32;1m✓[39;22m[90m [39m[90mSystemHealthMetric model has scopes[39m[90m                                                                         [39m [90m0.08s[39m  

  [30;42;1m PASS [39;49;22m[39m Tests\Unit\SvgIconHelperTest[39m
  [32;1m✓[39;22m[90m [39m[37mIconType enum[39m[90m → it provides heroicon identifiers[39m[90m                                                            [39m [90m0.08s[39m  
  [32;1m✓[39;22m[90m [39m[37mIconType enum[39m[90m → it resolves from legacy keys[39m[90m                                                                [39m [90m0.08s[39m  
  [32;1m✓[39;22m[90m [39m[37msvgIcon helper (backward compatibility)[39m[90m → it returns valid SVG markup for all icon types[39m[90m                    [39m [90m0.08s[39m  
  [32;1m✓[39;22m[90m [39m[37msvgIcon helper (backward compatibility)[39m[90m → it returns default icon for unknown key[39m[90m                           [39m [90m0.08s[39m  
  [32;1m✓[39;22m[90m [39m[37micon component[39m[90m → it renders icon component with correct attributes[39m[90m                                          [39m [90m0.08s[39m  
  [32;1m✓[39;22m[90m [39m[37micon in welcome page[39m[90m → it renders welcome page with icons[39m[90m                                                   [39m [90m0.15s[39m  

  [30;42;1m PASS [39;49;22m[39m Tests\Unit\TariffCalculationStrategyTest[39m
  [32;1m✓[39;22m[90m [39m[90mFlatRateStrategy supports flat tariff type[39m[90m                                                                  [39m [90m0.08s[39m  
  [32;1m✓[39;22m[90m [39m[90mFlatRateStrategy calculates cost correctly[39m[90m                                                                  [39m [90m0.08s[39m  
  [32;1m✓[39;22m[90m [39m[90mTimeOfUseStrategy supports time_of_use tariff type[39m[90m                                                          [39m [90m0.08s[39m  
  [32;1m✓[39;22m[90m [39m[90mTimeOfUseStrategy calculates day rate correctly[39m[90m                                                             [39m [90m0.08s[39m  
  [32;1m✓[39;22m[90m [39m[90mTimeOfUseStrategy calculates night rate correctly[39m[90m                                                           [39m [90m0.08s[39m  
  [32;1m✓[39;22m[90m [39m[90mTimeOfUseStrategy applies weekend logic[39m[90m                                                                     [39m [90m0.11s[39m  
  [32;1m✓[39;22m[90m [39m[90mTimeOfUseStrategy handles midnight crossing ranges[39m[90m                                                          [39m [90m0.08s[39m  

  [30;42;1m PASS [39;49;22m[39m Tests\Unit\TariffResolverTest[39m
  [32;1m✓[39;22m[90m [39m[90mresolve returns active tariff for given date[39m[90m                                                                [39m [90m0.08s[39m  
  [32;1m✓[39;22m[90m [39m[90mresolve returns most recent tariff when multiple are active[39m[90m                                                 [39m [90m0.08s[39m  
  [32;1m✓[39;22m[90m [39m[90mresolve respects active_until date[39m[90m                                                                          [39m [90m0.08s[39m  
  [32;1m✓[39;22m[90m [39m[90mresolve throws exception when no active tariff exists[39m[90m                                                       [39m [90m0.08s[39m  
  [32;1m✓[39;22m[90m [39m[90mcalculateCost works with flat rate tariff[39m[90m                                                                   [39m [90m0.08s[39m  
  [32;1m✓[39;22m[90m [39m[90mcalculateCost works with time-of-use tariff during day[39m[90m                                                      [39m [90m0.11s[39m  
  [32;1m✓[39;22m[90m [39m[90mcalculateCost works with time-of-use tariff during night[39m[90m                                                    [39m [90m0.08s[39m  
  [32;1m✓[39;22m[90m [39m[90mcalculateCost applies weekend logic correctly[39m[90m                                                               [39m [90m0.08s[39m  
  [32;1m✓[39;22m[90m [39m[90mcalculateCost handles midnight crossing time ranges[39m[90m                                                         [39m [90m0.08s[39m  
  [32;1m✓[39;22m[90m [39m[90mcalculateCost uses current time when timestamp not provided[39m[90m                                                 [39m [90m0.08s[39m  

  [30;42;1m PASS [39;49;22m[39m Tests\Unit\TestInvoicesSeederTest[39m
  [32;1m✓[39;22m[90m [39m[90mseeder creates invoices for all tenants[39m[90m                                                                     [39m [90m1.15s[39m  
  [32;1m✓[39;22m[90m [39m[90mseeder creates draft invoice for current month[39m[90m                                                              [39m [90m1.02s[39m  
  [32;1m✓[39;22m[90m [39m[90mseeder creates finalized invoice for last month[39m[90m                                                             [39m [90m1.07s[39m  
  [32;1m✓[39;22m[90m [39m[90mseeder creates paid invoice for 2 months ago[39m[90m                                                                [39m [90m1.17s[39m  
  [32;1m✓[39;22m[90m [39m[90mpaid invoices include payment details[39m[90m                                                                       [39m [90m1.13s[39m  
  [32;1m✓[39;22m[90m [39m[90mseeder creates invoice items with realistic consumption[39m[90m                                                     [39m [90m1.32s[39m  
  [32;1m✓[39;22m[90m [39m[90mseeder snapshots tariff rates in invoice items[39m[90m                                                              [39m [90m1.05s[39m  
  [32;1m✓[39;22m[90m [39m[90mseeder calculates total amount from invoice items[39m[90m                                                           [39m [90m1.05s[39m  
  [32;1m✓[39;22m[90m [39m[90mseeder creates electricity items with day and night zones[39m[90m                                                   [39m [90m0.98s[39m  
  [32;1m✓[39;22m[90m [39m[90mseeder creates water and heating items[39m[90m                                                                      [39m [90m1.10s[39m  

  [30;42;1m PASS [39;49;22m[39m Tests\Unit\TimeRangeValidatorTest[39m
  [32;1m✓[39;22m[90m [39m[90mTimeRangeValidator accepts valid non-overlapping zones[39m[90m                                                      [39m [90m0.14s[39m  
  [32;1m✓[39;22m[90m [39m[90mTimeRangeValidator detects overlapping zones[39m[90m                                                                [39m [90m0.09s[39m  
  [32;1m✓[39;22m[90m [39m[90mTimeRangeValidator detects gaps in coverage[39m[90m                                                                 [39m [90m0.08s[39m  
  [32;1m✓[39;22m[90m [39m[90mTimeRangeValidator handles midnight crossing zones[39m[90m                                                          [39m [90m0.08s[39m  
  [32;1m✓[39;22m[90m [39m[90mTimeRangeValidator rejects empty zones array[39m[90m                                                                [39m [90m0.08s[39m  
  [32;1m✓[39;22m[90m [39m[90mTimeRangeValidator handles three-zone configuration[39m[90m                                                         [39m [90m0.07s[39m  

  [30;42;1m PASS [39;49;22m[39m Tests\Unit\ValueObjects\BillingPeriodTest[39m
  [32;1m✓[39;22m[90m [39m[90mcreates billing period with valid dates[39m[90m                                                                     [39m [90m0.08s[39m  
  [32;1m✓[39;22m[90m [39m[90mthrows exception when end date is before start date[39m[90m                                                         [39m [90m0.16s[39m  
  [32;1m✓[39;22m[90m [39m[90mcreates billing period from strings[39m[90m                                                                         [39m [90m0.09s[39m  
  [32;1m✓[39;22m[90m [39m[90mcreates billing period for specific month[39m[90m                                                                   [39m [90m0.09s[39m  
  [32;1m✓[39;22m[90m [39m[90mcalculates correct number of days[39m[90m                                                                           [39m [90m0.08s[39m  
  [32;1m✓[39;22m[90m [39m[90mchecks if date is contained in period[39m[90m                                                                       [39m [90m0.08s[39m  
  [32;1m✓[39;22m[90m [39m[90mgenerates human-readable string representation[39m[90m                                                              [39m [90m0.08s[39m  

  [39;41;1m FAIL [39;49;22m[39m Tests\Unit\ValueObjects\CalculationResultTest[39m
  [32;1m✓[39;22m[90m [39m[90mcreates success result[39m[90m                                                                                      [39m [90m0.08s[39m  
  [32;1m✓[39;22m[90m [39m[90mcreates skipped result[39m[90m                                                                                      [39m [90m0.12s[39m  
  [32;1m✓[39;22m[90m [39m[90mcreates failed result[39m[90m                                                                                       [39m [90m0.08s[39m  
  [31;1m⨯[39;22m[90m [39m[90mget message for success[39m[90m                                                                                     [39m [90m0.08s[39m  
  [31;1m⨯[39;22m[90m [39m[90mget message for skipped[39m[90m                                                                                     [39m [90m0.08s[39m  
  [31;1m⨯[39;22m[90m [39m[90mget message for failed[39m[90m                                                                                      [39m [90m0.08s[39m  

  [30;42;1m PASS [39;49;22m[39m Tests\Unit\ValueObjects\ConsumptionDataTest[39m
  [32;1m✓[39;22m[90m [39m[90mcreates consumption data with valid readings[39m[90m                                                                [39m [90m0.08s[39m  
  [32;1m✓[39;22m[90m [39m[90mthrows exception when end reading is less than start reading[39m[90m                                                [39m [90m0.08s[39m  
  [32;1m✓[39;22m[90m [39m[90mdetects zero consumption[39m[90m                                                                                    [39m [90m0.14s[39m  
  [32;1m✓[39;22m[90m [39m[90mincludes zone in consumption data[39m[90m                                                                           [39m [90m0.09s[39m  
  [32;1m✓[39;22m[90m [39m[90mgenerates snapshot array with all required fields[39m[90m                                                           [39m [90m0.09s[39m  

  [39;41;1m FAIL [39;49;22m[39m Tests\Unit\ValueObjects\InvoiceItemDataTest[39m
  [31;1m⨯[39;22m[90m [39m[90mcreates invoice item data with all fields[39m[90m                                                                   [39m [90m0.08s[39m  
  [31;1m⨯[39;22m[90m [39m[90mcreates invoice item data without optional zone[39m[90m                                                             [39m [90m0.08s[39m  
  [31;1m⨯[39;22m[90m [39m[90minvoice item data is readonly[39m[90m                                                                               [39m [90m0.08s[39m  
  [31;1m⨯[39;22m[90m [39m[90mcalculates consumption correctly[39m[90m                                                                            [39m [90m0.07s[39m  
  [31;1m⨯[39;22m[90m [39m[90mstores tariff snapshot as array[39m[90m                                                                             [39m [90m0.12s[39m  
  [31;1m⨯[39;22m[90m [39m[90mhandles different meter types[39m[90m                                                                               [39m [90m0.08s[39m  
  [31;1m⨯[39;22m[90m [39m[90mhandles zero consumption[39m[90m                                                                                    [39m [90m0.08s[39m  
  [31;1m⨯[39;22m[90m [39m[90mpreserves decimal precision[39m[90m                                                                                 [39m [90m0.07s[39m  

  [30;42;1m PASS [39;49;22m[39m Tests\Unit\ValueObjects\SummerPeriodTest[39m
  [32;1m✓[39;22m[90m [39m[90mcreates summer period with correct dates[39m[90m                                                                    [39m [90m0.08s[39m  
  [32;1m✓[39;22m[90m [39m[90mcreates period for previous year[39m[90m                                                                            [39m [90m0.08s[39m  
  [32;1m✓[39;22m[90m [39m[90mcreates period for current year[39m[90m                                                                             [39m [90m0.07s[39m  
  [32;1m✓[39;22m[90m [39m[90mdescription returns formatted string[39m[90m                                                                        [39m [90m0.11s[39m  
  [32;1m✓[39;22m[90m [39m[90mthrows exception for year too old[39m[90m                                                                           [39m [90m0.07s[39m  
  [32;1m✓[39;22m[90m [39m[90mthrows exception for future year[39m[90m                                                                            [39m [90m0.08s[39m  
  [32;1m✓[39;22m[90m [39m[90muses configuration for months[39m[90m                                                                               [39m [90m0.07s[39m  

  [30;42;1m PASS [39;49;22m[39m Tests\Unit\View\Components\StatusBadgeTest[39m
  [32;1m✓[39;22m[90m [39m[37mStatusBadge Component[39m[90m → resolves enum status correctly[39m[90m                                                      [39m [90m0.08s[39m  
  [32;1m✓[39;22m[90m [39m[37mStatusBadge Component[39m[90m → handles string status[39m[90m                                                               [39m [90m0.08s[39m  
  [32;1m✓[39;22m[90m [39m[37mStatusBadge Component[39m[90m → handles null status gracefully[39m[90m                                                      [39m [90m0.08s[39m  
  [32;1m✓[39;22m[90m [39m[37mStatusBadge Component[39m[90m → resolves draft invoice status[39m[90m                                                       [39m [90m0.11s[39m  
  [32;1m✓[39;22m[90m [39m[37mStatusBadge Component[39m[90m → resolves finalized invoice status[39m[90m                                                   [39m [90m0.08s[39m  
  [32;1m✓[39;22m[90m [39m[37mStatusBadge Component[39m[90m → resolves subscription statuses[39m[90m                                                      [39m [90m0.07s[39m  
  [32;1m✓[39;22m[90m [39m[37mStatusBadge Component[39m[90m → resolves user roles[39m[90m                                                                 [39m [90m0.08s[39m  
  [32;1m✓[39;22m[90m [39m[37mStatusBadge Component[39m[90m → uses default colors for unknown status[39m[90m                                              [39m [90m0.07s[39m  
  [32;1m✓[39;22m[90m [39m[37mStatusBadge Component[39m[90m → normalizes enum to string value[39m[90m                                                     [39m [90m0.08s[39m  
  [32;1m✓[39;22m[90m [39m[37mStatusBadge Component[39m[90m → normalizes string to string value[39m[90m                                                   [39m [90m0.07s[39m  
  [32;1m✓[39;22m[90m [39m[37mStatusBadge Component[39m[90m → renders view correctly[39m[90m                                                              [39m [90m0.08s[39m  
  [32;1m✓[39;22m[90m [39m[37mStatusBadge Component[39m[90m → label resolution uses enum label method[39m[90m                                             [39m [90m0.13s[39m  
  [32;1m✓[39;22m[90m [39m[37mStatusBadge Component[39m[90m → label resolution falls back to formatted string[39m[90m                                     [39m [90m0.08s[39m  
  [32;1m✓[39;22m[90m [39m[37mStatusBadge Component[39m[90m → handles pending status[39m[90m                                                              [39m [90m0.08s[39m  
  [32;1m✓[39;22m[90m [39m[37mStatusBadge Component[39m[90m → handles processing status[39m[90m                                                           [39m [90m0.07s[39m  
  [32;1m✓[39;22m[90m [39m[37mStatusBadge Component[39m[90m → component properties are readonly[39m[90m                                                   [39m [90m0.08s[39m  
  [32;1m✓[39;22m[90m [39m[37mStatusBadge Component[39m[90m → handles all invoice statuses[39m[90m                                                        [39m [90m0.07s[39m  
  [32;1m✓[39;22m[90m [39m[37mStatusBadge Component[39m[90m → handles all subscription statuses[39m[90m                                                   [39m [90m0.10s[39m  

  [30;42;1m PASS [39;49;22m[39m Tests\Feature\AccountDeactivationPreventsLoginPropertyTest[39m
  [32;1m✓[39;22m[90m [39m[90mdeactivated users cannot login regardless of role[39m[90m                                                          [39m [90m39.93s[39m  
  [32;1m✓[39;22m[90m [39m[90mactive users can login successfully[39m[90m                                                                        [39m [90m37.60s[39m  
  [32;1m✓[39;22m[90m [39m[90mdeactivated account login attempt logs user out if somehow authenticated[39m[90m                                   [39m [90m18.76s[39m  

  [30;42;1m PASS [39;49;22m[39m Tests\Feature\AccountReactivationRestoresLoginPropertyTest[39m
  [32;1m✓[39;22m[90m [39m[90mreactivated users can login successfully after being deactivated[39m[90m                                           [39m [90m55.98s[39m  
  [32;1m✓[39;22m[90m [39m[90maccount reactivation cycle works correctly[39m[90m                                                                 [39m [90m37.24s[39m  
  [32;1m✓[39;22m[90m [39m[90mreactivation preserves user session and authentication state[39m[90m                                               [39m [90m11.25s[39m  

  [30;42;1m PASS [39;49;22m[39m Tests\Feature\ApiEndpointsTest[39m
  [32;1m✓[39;22m[90m [39m[90mapi endpoint can submit meter reading[39m[90m                                                                       [39m [90m0.08s[39m  
  [32;1m✓[39;22m[90m [39m[90mapi endpoint rejects meter reading lower than previous[39m[90m                                                      [39m [90m0.07s[39m  
  [32;1m✓[39;22m[90m [39m[90mapi endpoint lists properties for authenticated user[39m[90m                                                        [39m [90m0.07s[39m  
  [32;1m✓[39;22m[90m [39m[90mapi endpoint returns property details with meters[39m[90m                                                           [39m [90m0.08s[39m  
  [32;1m✓[39;22m[90m [39m[90mapi endpoint prevents cross-tenant property access[39m[90m                                                          [39m [90m0.07s[39m  
  [32;1m✓[39;22m[90m [39m[90mapi endpoint requires authentication[39m[90m                                                                        [39m [90m0.07s[39m  
  [32;1m✓[39;22m[90m [39m[90mapi endpoint requires manager or admin role[39m[90m                                                                 [39m [90m0.07s[39m  

  [30;42;1m PASS [39;49;22m[39m Tests\Feature\AuditLoggingCompletenessPropertyTest[39m
  [32;1m✓[39;22m[90m [39m[90madmin account creation creates audit log entry with complete information @ repetition 1 of 100[39m[90m              [39m [90m0.44s[39m  
  [32;1m✓[39;22m[90m [39m[90madmin account creation creates audit log entry with complete information @ repetition 2 of 100[39m[90m              [39m [90m0.44s[39m  
  [32;1m✓[39;22m[90m [39m[90madmin account creation creates audit log entry with complete information @ repetition 3 of 100[39m[90m              [39m [90m0.82s[39m  
  [32;1m✓[39;22m[90m [39m[90madmin account creation creates audit log entry with complete information @ repetition 4 of 100[39m[90m              [39m [90m1.00s[39m  
  [32;1m✓[39;22m[90m [39m[90madmin account creation creates audit log entry with complete information @ repetition 5 of 100[39m[90m              [39m [90m0.43s[39m  
  [32;1m✓[39;22m[90m [39m[90madmin account creation creates audit log entry with complete information @ repetition 6 of 100[39m[90m              [39m [90m1.01s[39m  
  [32;1m✓[39;22m[90m [39m[90madmin account creation creates audit log entry with complete information @ repetition 7 of 100[39m[90m              [39m [90m1.01s[39m  
  [32;1m✓[39;22m[90m [39m[90madmin account creation creates audit log entry with complete information @ repetition 8 of 100[39m[90m              [39m [90m1.07s[39m  
  [32;1m✓[39;22m[90m [39m[90madmin account creation creates audit log entry with complete information @ repetition 9 of 100[39m[90m              [39m [90m0.65s[39m  
  [32;1m✓[39;22m[90m [39m[90madmin account creation creates audit log entry with complete information @ repetition 10 of 100[39m[90m             [39m [90m0.44s[39m  
  [32;1m✓[39;22m[90m [39m[90madmin account creation creates audit log entry with complete information @ repetition 11 of 100[39m[90m             [39m [90m0.82s[39m  
  [32;1m✓[39;22m[90m [39m[90madmin account creation creates audit log entry with complete information @ repetition 12 of 100[39m[90m             [39m [90m0.45s[39m  
  [32;1m✓[39;22m[90m [39m[90madmin account creation creates audit log entry with complete information @ repetition 13 of 100[39m[90m             [39m [90m1.01s[39m  
  [32;1m✓[39;22m[90m [39m[90madmin account creation creates audit log entry with complete information @ repetition 14 of 100[39m[90m             [39m [90m0.82s[39m  
  [32;1m✓[39;22m[90m [39m[90madmin account creation creates audit log entry with complete information @ repetition 15 of 100[39m[90m             [39m [90m0.44s[39m  
  [32;1m✓[39;22m[90m [39m[90madmin account creation creates audit log entry with complete information @ repetition 16 of 100[39m[90m             [39m [90m0.45s[39m  
  [32;1m✓[39;22m[90m [39m[90madmin account creation creates audit log entry with complete information @ repetition 17 of 100[39m[90m             [39m [90m0.63s[39m  
  [32;1m✓[39;22m[90m [39m[90madmin account creation creates audit log entry with complete information @ repetition 18 of 100[39m[90m             [39m [90m1.00s[39m  
  [32;1m✓[39;22m[90m [39m[90madmin account creation creates audit log entry with complete information @ repetition 19 of 100[39m[90m             [39m [90m1.00s[39m  
  [32;1m✓[39;22m[90m [39m[90madmin account creation creates audit log entry with complete information @ repetition 20 of 100[39m[90m             [39m [90m0.44s[39m  
  [32;1m✓[39;22m[90m [39m[90madmin account creation creates audit log entry with complete information @ repetition 21 of 100[39m[90m             [39m [90m0.43s[39m  
  [32;1m✓[39;22m[90m [39m[90madmin account creation creates audit log entry with complete information @ repetition 22 of 100[39m[90m             [39m [90m0.82s[39m  
  [32;1m✓[39;22m[90m [39m[90madmin account creation creates audit log entry with complete information @ repetition 23 of 100[39m[90m             [39m [90m0.44s[39m  
  [32;1m✓[39;22m[90m [39m[90madmin account creation creates audit log entry with complete information @ repetition 24 of 100[39m[90m             [39m [90m0.66s[39m  
  [32;1m✓[39;22m[90m [39m[90madmin account creation creates audit log entry with complete information @ repetition 25 of 100[39m[90m             [39m [90m0.63s[39m  
  [32;1m✓[39;22m[90m [39m[90madmin account creation creates audit log entry with complete information @ repetition 26 of 100[39m[90m             [39m [90m0.63s[39m  
  [32;1m✓[39;22m[90m [39m[90madmin account creation creates audit log entry with complete information @ repetition 27 of 100[39m[90m             [39m [90m0.44s[39m  
  [32;1m✓[39;22m[90m [39m[90madmin account creation creates audit log entry with complete information @ repetition 28 of 100[39m[90m             [39m [90m0.44s[39m  
  [32;1m✓[39;22m[90m [39m[90madmin account creation creates audit log entry with complete information @ repetition 29 of 100[39m[90m             [39m [90m0.81s[39m  
  [32;1m✓[39;22m[90m [39m[90madmin account creation creates audit log entry with complete information @ repetition 30 of 100[39m[90m             [39m [90m0.81s[39m  
  [32;1m✓[39;22m[90m [39m[90madmin account creation creates audit log entry with complete information @ repetition 31 of 100[39m[90m             [39m [90m0.85s[39m  
  [32;1m✓[39;22m[90m [39m[90madmin account creation creates audit log entry with complete information @ repetition 32 of 100[39m[90m             [39m [90m0.81s[39m  
  [32;1m✓[39;22m[90m [39m[90madmin account creation creates audit log entry with complete information @ repetition 33 of 100[39m[90m             [39m [90m1.02s[39m  
  [32;1m✓[39;22m[90m [39m[90madmin account creation creates audit log entry with complete information @ repetition 34 of 100[39m[90m             [39m [90m0.44s[39m  
  [32;1m✓[39;22m[90m [39m[90madmin account creation creates audit log entry with complete information @ repetition 35 of 100[39m[90m             [39m [90m0.81s[39m  
  [32;1m✓[39;22m[90m [39m[90madmin account creation creates audit log entry with complete information @ repetition 36 of 100[39m[90m             [39m [90m0.82s[39m  
  [32;1m✓[39;22m[90m [39m[90madmin account creation creates audit log entry with complete information @ repetition 37 of 100[39m[90m             [39m [90m1.00s[39m  
  [32;1m✓[39;22m[90m [39m[90madmin account creation creates audit log entry with complete information @ repetition 38 of 100[39m[90m             [39m [90m0.48s[39m  
  [32;1m✓[39;22m[90m [39m[90madmin account creation creates audit log entry with complete information @ repetition 39 of 100[39m[90m             [39m [90m0.44s[39m  
  [32;1m✓[39;22m[90m [39m[90madmin account creation creates audit log entry with complete information @ repetition 40 of 100[39m[90m             [39m [90m0.64s[39m  
  [32;1m✓[39;22m[90m [39m[90madmin account creation creates audit log entry with complete information @ repetition 41 of 100[39m[90m             [39m [90m0.81s[39m  
  [32;1m✓[39;22m[90m [39m[90madmin account creation creates audit log entry with complete information @ repetition 42 of 100[39m[90m             [39m [90m0.81s[39m  
  [32;1m✓[39;22m[90m [39m[90madmin account creation creates audit log entry with complete information @ repetition 43 of 100[39m[90m             [39m [90m0.63s[39m  
  [32;1m✓[39;22m[90m [39m[90madmin account creation creates audit log entry with complete information @ repetition 44 of 100[39m[90m             [39m [90m0.81s[39m  
  [32;1m✓[39;22m[90m [39m[90madmin account creation creates audit log entry with complete information @ repetition 45 of 100[39m[90m             [39m [90m0.66s[39m  
  [32;1m✓[39;22m[90m [39m[90madmin account creation creates audit log entry with complete information @ repetition 46 of 100[39m[90m             [39m [90m0.81s[39m  
  [32;1m✓[39;22m[90m [39m[90madmin account creation creates audit log entry with complete information @ repetition 47 of 100[39m[90m             [39m [90m0.45s[39m  
  [32;1m✓[39;22m[90m [39m[90madmin account creation creates audit log entry with complete information @ repetition 48 of 100[39m[90m             [39m [90m0.45s[39m  
  [32;1m✓[39;22m[90m [39m[90madmin account creation creates audit log entry with complete information @ repetition 49 of 100[39m[90m             [39m [90m0.44s[39m  
  [32;1m✓[39;22m[90m [39m[90madmin account creation creates audit log entry with complete information @ repetition 50 of 100[39m[90m             [39m [90m0.63s[39m  
  [32;1m✓[39;22m[90m [39m[90madmin account creation creates audit log entry with complete information @ repetition 51 of 100[39m[90m             [39m [90m1.00s[39m  
  [32;1m✓[39;22m[90m [39m[90madmin account creation creates audit log entry with complete information @ repetition 52 of 100[39m[90m             [39m [90m1.04s[39m  
  [32;1m✓[39;22m[90m [39m[90madmin account creation creates audit log entry with complete information @ repetition 53 of 100[39m[90m             [39m [90m0.63s[39m  
  [32;1m✓[39;22m[90m [39m[90madmin account creation creates audit log entry with complete information @ repetition 54 of 100[39m[90m             [39m [90m1.01s[39m  
  [32;1m✓[39;22m[90m [39m[90madmin account creation creates audit log entry with complete information @ repetition 55 of 100[39m[90m             [39m [90m0.64s[39m  
  [32;1m✓[39;22m[90m [39m[90madmin account creation creates audit log entry with complete information @ repetition 56 of 100[39m[90m             [39m [90m1.01s[39m  
  [32;1m✓[39;22m[90m [39m[90madmin account creation creates audit log entry with complete information @ repetition 57 of 100[39m[90m             [39m [90m0.46s[39m  
  [32;1m✓[39;22m[90m [39m[90madmin account creation creates audit log entry with complete information @ repetition 58 of 100[39m[90m             [39m [90m0.82s[39m  
  [32;1m✓[39;22m[90m [39m[90madmin account creation creates audit log entry with complete information @ repetition 59 of 100[39m[90m             [39m [90m0.49s[39m  
  [32;1m✓[39;22m[90m [39m[90madmin account creation creates audit log entry with complete information @ repetition 60 of 100[39m[90m             [39m [90m1.02s[39m  
  [32;1m✓[39;22m[90m [39m[90madmin account creation creates audit log entry with complete information @ repetition 61 of 100[39m[90m             [39m [90m1.07s[39m  
  [32;1m✓[39;22m[90m [39m[90madmin account creation creates audit log entry with complete information @ repetition 62 of 100[39m[90m             [39m [90m0.65s[39m  
  [32;1m✓[39;22m[90m [39m[90madmin account creation creates audit log entry with complete information @ repetition 63 of 100[39m[90m             [39m [90m1.01s[39m  
  [32;1m✓[39;22m[90m [39m[90madmin account creation creates audit log entry with complete information @ repetition 64 of 100[39m[90m             [39m [90m0.45s[39m  
  [32;1m✓[39;22m[90m [39m[90madmin account creation creates audit log entry with complete information @ repetition 65 of 100[39m[90m             [39m [90m0.64s[39m  
  [32;1m✓[39;22m[90m [39m[90madmin account creation creates audit log entry with complete information @ repetition 66 of 100[39m[90m             [39m [90m0.67s[39m  
  [32;1m✓[39;22m[90m [39m[90madmin account creation creates audit log entry with complete information @ repetition 67 of 100[39m[90m             [39m [90m1.00s[39m  
  [32;1m✓[39;22m[90m [39m[90madmin account creation creates audit log entry with complete information @ repetition 68 of 100[39m[90m             [39m [90m0.86s[39m  
  [32;1m✓[39;22m[90m [39m[90madmin account creation creates audit log entry with complete information @ repetition 69 of 100[39m[90m             [39m [90m0.63s[39m  
  [32;1m✓[39;22m[90m [39m[90madmin account creation creates audit log entry with complete information @ repetition 70 of 100[39m[90m             [39m [90m1.00s[39m  
  [32;1m✓[39;22m[90m [39m[90madmin account creation creates audit log entry with complete information @ repetition 71 of 100[39m[90m             [39m [90m1.01s[39m  
  [32;1m✓[39;22m[90m [39m[90madmin account creation creates audit log entry with complete information @ repetition 72 of 100[39m[90m             [39m [90m0.44s[39m  
  [32;1m✓[39;22m[90m [39m[90madmin account creation creates audit log entry with complete information @ repetition 73 of 100[39m[90m             [39m [90m0.85s[39m  
  [32;1m✓[39;22m[90m [39m[90madmin account creation creates audit log entry with complete information @ repetition 74 of 100[39m[90m             [39m [90m0.64s[39m  
  [32;1m✓[39;22m[90m [39m[90madmin account creation creates audit log entry with complete information @ repetition 75 of 100[39m[90m             [39m [90m0.44s[39m  
  [32;1m✓[39;22m[90m [39m[90madmin account creation creates audit log entry with complete information @ repetition 76 of 100[39m[90m             [39m [90m1.00s[39m  
  [32;1m✓[39;22m[90m [39m[90madmin account creation creates audit log entry with complete information @ repetition 77 of 100[39m[90m             [39m [90m1.00s[39m  
  [32;1m✓[39;22m[90m [39m[90madmin account creation creates audit log entry with complete information @ repetition 78 of 100[39m[90m             [39m [90m0.44s[39m  
  [32;1m✓[39;22m[90m [39m[90madmin account creation creates audit log entry with complete information @ repetition 79 of 100[39m[90m             [39m [90m0.63s[39m  
  [32;1m✓[39;22m[90m [39m[90madmin account creation creates audit log entry with complete information @ repetition 80 of 100[39m[90m             [39m [90m0.48s[39m  
  [32;1m✓[39;22m[90m [39m[90madmin account creation creates audit log entry with complete information @ repetition 81 of 100[39m[90m             [39m [90m1.01s[39m  
  [32;1m✓[39;22m[90m [39m[90madmin account creation creates audit log entry with complete information @ repetition 82 of 100[39m[90m             [39m [90m0.82s[39m  
  [32;1m✓[39;22m[90m [39m[90madmin account creation creates audit log entry with complete information @ repetition 83 of 100[39m[90m             [39m [90m0.63s[39m  
  [32;1m✓[39;22m[90m [39m[90madmin account creation creates audit log entry with complete information @ repetition 84 of 100[39m[90m             [39m [90m0.82s[39m  
  [32;1m✓[39;22m[90m [39m[90madmin account creation creates audit log entry with complete information @ repetition 85 of 100[39m[90m             [39m [90m1.00s[39m  
  [32;1m✓[39;22m[90m [39m[90madmin account creation creates audit log entry with complete information @ repetition 86 of 100[39m[90m             [39m [90m0.81s[39m  
  [32;1m✓[39;22m[90m [39m[90madmin account creation creates audit log entry with complete information @ repetition 87 of 100[39m[90m             [39m [90m0.66s[39m  
  [32;1m✓[39;22m[90m [39m[90madmin account creation creates audit log entry with complete information @ repetition 88 of 100[39m[90m             [39m [90m1.01s[39m  
  [32;1m✓[39;22m[90m [39m[90madmin account creation creates audit log entry with complete information @ repetition 89 of 100[39m[90m             [39m [90m1.00s[39m  
  [32;1m✓[39;22m[90m [39m[90madmin account creation creates audit log entry with complete information @ repetition 90 of 100[39m[90m             [39m [90m1.00s[39m  
  [32;1m✓[39;22m[90m [39m[90madmin account creation creates audit log entry with complete information @ repetition 91 of 100[39m[90m             [39m [90m1.00s[39m  
  [32;1m✓[39;22m[90m [39m[90madmin account creation creates audit log entry with complete information @ repetition 92 of 100[39m[90m             [39m [90m0.63s[39m  
  [32;1m✓[39;22m[90m [39m[90madmin account creation creates audit log entry with complete information @ repetition 93 of 100[39m[90m             [39m [90m0.44s[39m  
  [32;1m✓[39;22m[90m [39m[90madmin account creation creates audit log entry with complete information @ repetition 94 of 100[39m[90m             [39m [90m0.48s[39m  
  [32;1m✓[39;22m[90m [39m[90madmin account creation creates audit log entry with complete information @ repetition 95 of 100[39m[90m             [39m [90m0.63s[39m  
  [32;1m✓[39;22m[90m [39m[90madmin account creation creates audit log entry with complete information @ repetition 96 of 100[39m[90m             [39m [90m0.84s[39m  
  [32;1m✓[39;22m[90m [39m[90madmin account creation creates audit log entry with complete information @ repetition 97 of 100[39m[90m             [39m [90m0.81s[39m  
  [32;1m✓[39;22m[90m [39m[90madmin account creation creates audit log entry with complete information @ repetition 98 of 100[39m[90m             [39m [90m0.45s[39m  
  [32;1m✓[39;22m[90m [39m[90madmin account creation creates audit log entry with complete information @ repetition 99 of 100[39m[90m             [39m [90m0.63s[39m  
  [32;1m✓[39;22m[90m [39m[90madmin account creation creates audit log entry with complete information @ repetition 100 of 100[39m[90m            [39m [90m0.44s[39m  
  [32;1m✓[39;22m[90m [39m[90mtenant account creation creates audit log entry with property assignment @ repetition 1 of 100[39m[90m              [39m [90m0.48s[39m  
  [32;1m✓[39;22m[90m [39m[90mtenant account creation creates audit log entry with property assignment @ repetition 2 of 100[39m[90m              [39m [90m0.65s[39m  
  [32;1m✓[39;22m[90m [39m[90mtenant account creation creates audit log entry with property assignment @ repetition 3 of 100[39m[90m              [39m [90m0.63s[39m  
  [32;1m✓[39;22m[90m [39m[90mtenant account creation creates audit log entry with property assignment @ repetition 4 of 100[39m[90m              [39m [90m1.05s[39m  
  [32;1m✓[39;22m[90m [39m[90mtenant account creation creates audit log entry with property assignment @ repetition 5 of 100[39m[90m              [39m [90m1.01s[39m  
  [32;1m✓[39;22m[90m [39m[90mtenant account creation creates audit log entry with property assignment @ repetition 6 of 100[39m[90m              [39m [90m0.63s[39m  
  [32;1m✓[39;22m[90m [39m[90mtenant account creation creates audit log entry with property assignment @ repetition 7 of 100[39m[90m              [39m [90m0.63s[39m  
  [32;1m✓[39;22m[90m [39m[90mtenant account creation creates audit log entry with property assignment @ repetition 8 of 100[39m[90m              [39m [90m1.04s[39m  
  [32;1m✓[39;22m[90m [39m[90mtenant account creation creates audit log entry with property assignment @ repetition 9 of 100[39m[90m              [39m [90m0.81s[39m  
  [32;1m✓[39;22m[90m [39m[90mtenant account creation creates audit log entry with property assignment @ repetition 10 of 100[39m[90m             [39m [90m0.48s[39m  
  [32;1m✓[39;22m[90m [39m[90mtenant account creation creates audit log entry with property assignment @ repetition 11 of 100[39m[90m             [39m [90m0.65s[39m  
  [32;1m✓[39;22m[90m [39m[90mtenant account creation creates audit log entry with property assignment @ repetition 12 of 100[39m[90m             [39m [90m0.65s[39m  
  [32;1m✓[39;22m[90m [39m[90mtenant account creation creates audit log entry with property assignment @ repetition 13 of 100[39m[90m             [39m [90m0.63s[39m  
  [32;1m✓[39;22m[90m [39m[90mtenant account creation creates audit log entry with property assignment @ repetition 14 of 100[39m[90m             [39m [90m0.44s[39m  
  [32;1m✓[39;22m[90m [39m[90mtenant account creation creates audit log entry with property assignment @ repetition 15 of 100[39m[90m             [39m [90m0.49s[39m  
  [32;1m✓[39;22m[90m [39m[90mtenant account creation creates audit log entry with property assignment @ repetition 16 of 100[39m[90m             [39m [90m0.63s[39m  
  [32;1m✓[39;22m[90m [39m[90mtenant account creation creates audit log entry with property assignment @ repetition 17 of 100[39m[90m             [39m [90m0.82s[39m  
  [32;1m✓[39;22m[90m [39m[90mtenant account creation creates audit log entry with property assignment @ repetition 18 of 100[39m[90m             [39m [90m1.03s[39m  
  [32;1m✓[39;22m[90m [39m[90mtenant account creation creates audit log entry with property assignment @ repetition 19 of 100[39m[90m             [39m [90m1.01s[39m  
  [32;1m✓[39;22m[90m [39m[90mtenant account creation creates audit log entry with property assignment @ repetition 20 of 100[39m[90m             [39m [90m1.00s[39m  
  [32;1m✓[39;22m[90m [39m[90mtenant account creation creates audit log entry with property assignment @ repetition 21 of 100[39m[90m             [39m [90m1.00s[39m  
  [32;1m✓[39;22m[90m [39m[90mtenant account creation creates audit log entry with property assignment @ repetition 22 of 100[39m[90m             [39m [90m0.85s[39m  
  [32;1m✓[39;22m[90m [39m[90mtenant account creation creates audit log entry with property assignment @ repetition 23 of 100[39m[90m             [39m [90m0.44s[39m  
  [32;1m✓[39;22m[90m [39m[90mtenant account creation creates audit log entry with property assignment @ repetition 24 of 100[39m[90m             [39m [90m0.45s[39m  
  [32;1m✓[39;22m[90m [39m[90mtenant account creation creates audit log entry with property assignment @ repetition 25 of 100[39m[90m             [39m [90m0.63s[39m  
  [32;1m✓[39;22m[90m [39m[90mtenant account creation creates audit log entry with property assignment @ repetition 26 of 100[39m[90m             [39m [90m1.00s[39m  
  [32;1m✓[39;22m[90m [39m[90mtenant account creation creates audit log entry with property assignment @ repetition 27 of 100[39m[90m             [39m [90m0.63s[39m  
  [32;1m✓[39;22m[90m [39m[90mtenant account creation creates audit log entry with property assignment @ repetition 28 of 100[39m[90m             [39m [90m0.81s[39m  
  [32;1m✓[39;22m[90m [39m[90mtenant account creation creates audit log entry with property assignment @ repetition 29 of 100[39m[90m             [39m [90m1.04s[39m  
  [32;1m✓[39;22m[90m [39m[90mtenant account creation creates audit log entry with property assignment @ repetition 30 of 100[39m[90m             [39m [90m0.81s[39m  
  [32;1m✓[39;22m[90m [39m[90mtenant account creation creates audit log entry with property assignment @ repetition 31 of 100[39m[90m             [39m [90m0.66s[39m  
  [32;1m✓[39;22m[90m [39m[90mtenant account creation creates audit log entry with property assignment @ repetition 32 of 100[39m[90m             [39m [90m0.63s[39m  
  [32;1m✓[39;22m[90m [39m[90mtenant account creation creates audit log entry with property assignment @ repetition 33 of 100[39m[90m             [39m [90m1.00s[39m  
  [32;1m✓[39;22m[90m [39m[90mtenant account creation creates audit log entry with property assignment @ repetition 34 of 100[39m[90m             [39m [90m0.63s[39m  
  [32;1m✓[39;22m[90m [39m[90mtenant account creation creates audit log entry with property assignment @ repetition 35 of 100[39m[90m             [39m [90m0.82s[39m  
  [32;1m✓[39;22m[90m [39m[90mtenant account creation creates audit log entry with property assignment @ repetition 36 of 100[39m[90m             [39m [90m0.66s[39m  
  [32;1m✓[39;22m[90m [39m[90mtenant account creation creates audit log entry with property assignment @ repetition 37 of 100[39m[90m             [39m [90m0.44s[39m  
  [32;1m✓[39;22m[90m [39m[90mtenant account creation creates audit log entry with property assignment @ repetition 38 of 100[39m[90m             [39m [90m1.01s[39m  
  [32;1m✓[39;22m[90m [39m[90mtenant account creation creates audit log entry with property assignment @ repetition 39 of 100[39m[90m             [39m [90m0.63s[39m  
  [32;1m✓[39;22m[90m [39m[90mtenant account creation creates audit log entry with property assignment @ repetition 40 of 100[39m[90m             [39m [90m0.44s[39m  
  [32;1m✓[39;22m[90m [39m[90mtenant account creation creates audit log entry with property assignment @ repetition 41 of 100[39m[90m             [39m [90m1.00s[39m  
  [32;1m✓[39;22m[90m [39m[90mtenant account creation creates audit log entry with property assignment @ repetition 42 of 100[39m[90m             [39m [90m1.00s[39m  
  [32;1m✓[39;22m[90m [39m[90mtenant account creation creates audit log entry with property assignment @ repetition 43 of 100[39m[90m             [39m [90m0.66s[39m  
  [32;1m✓[39;22m[90m [39m[90mtenant account creation creates audit log entry with property assignment @ repetition 44 of 100[39m[90m             [39m [90m0.83s[39m  
  [32;1m✓[39;22m[90m [39m[90mtenant account creation creates audit log entry with property assignment @ repetition 45 of 100[39m[90m             [39m [90m0.45s[39m  
  [32;1m✓[39;22m[90m [39m[90mtenant account creation creates audit log entry with property assignment @ repetition 46 of 100[39m[90m             [39m [90m1.00s[39m  
  [32;1m✓[39;22m[90m [39m[90mtenant account creation creates audit log entry with property assignment @ repetition 47 of 100[39m[90m             [39m [90m0.44s[39m  
  [32;1m✓[39;22m[90m [39m[90mtenant account creation creates audit log entry with property assignment @ repetition 48 of 100[39m[90m             [39m [90m0.81s[39m  
  [32;1m✓[39;22m[90m [39m[90mtenant account creation creates audit log entry with property assignment @ repetition 49 of 100[39m[90m             [39m [90m0.63s[39m  
  [32;1m✓[39;22m[90m [39m[90mtenant account creation creates audit log entry with property assignment @ repetition 50 of 100[39m[90m             [39m [90m1.04s[39m  
  [32;1m✓[39;22m[90m [39m[90mtenant account creation creates audit log entry with property assignment @ repetition 51 of 100[39m[90m             [39m [90m0.86s[39m  
  [32;1m✓[39;22m[90m [39m[90mtenant account creation creates audit log entry with property assignment @ repetition 52 of 100[39m[90m             [39m [90m0.82s[39m  
  [32;1m✓[39;22m[90m [39m[90mtenant account creation creates audit log entry with property assignment @ repetition 53 of 100[39m[90m             [39m [90m0.63s[39m  
  [32;1m✓[39;22m[90m [39m[90mtenant account creation creates audit log entry with property assignment @ repetition 54 of 100[39m[90m             [39m [90m0.81s[39m  
  [32;1m✓[39;22m[90m [39m[90mtenant account creation creates audit log entry with property assignment @ repetition 55 of 100[39m[90m             [39m [90m1.00s[39m  
  [32;1m✓[39;22m[90m [39m[90mtenant account creation creates audit log entry with property assignment @ repetition 56 of 100[39m[90m             [39m [90m1.00s[39m  
  [32;1m✓[39;22m[90m [39m[90mtenant account creation creates audit log entry with property assignment @ repetition 57 of 100[39m[90m             [39m [90m1.04s[39m  
  [32;1m✓[39;22m[90m [39m[90mtenant account creation creates audit log entry with property assignment @ repetition 58 of 100[39m[90m             [39m [90m1.02s[39m  
  [32;1m✓[39;22m[90m [39m[90mtenant account creation creates audit log entry with property assignment @ repetition 59 of 100[39m[90m             [39m [90m0.82s[39m  
  [32;1m✓[39;22m[90m [39m[90mtenant account creation creates audit log entry with property assignment @ repetition 60 of 100[39m[90m             [39m [90m0.81s[39m  
  [32;1m✓[39;22m[90m [39m[90mtenant account creation creates audit log entry with property assignment @ repetition 61 of 100[39m[90m             [39m [90m0.63s[39m  
  [32;1m✓[39;22m[90m [39m[90mtenant account creation creates audit log entry with property assignment @ repetition 62 of 100[39m[90m             [39m [90m1.00s[39m  
  [32;1m✓[39;22m[90m [39m[90mtenant account creation creates audit log entry with property assignment @ repetition 63 of 100[39m[90m             [39m [90m0.63s[39m  
  [32;1m✓[39;22m[90m [39m[90mtenant account creation creates audit log entry with property assignment @ repetition 64 of 100[39m[90m             [39m [90m0.66s[39m  
  [32;1m✓[39;22m[90m [39m[90mtenant account creation creates audit log entry with property assignment @ repetition 65 of 100[39m[90m             [39m [90m1.01s[39m  
  [32;1m✓[39;22m[90m [39m[90mtenant account creation creates audit log entry with property assignment @ repetition 66 of 100[39m[90m             [39m [90m0.81s[39m  
  [32;1m✓[39;22m[90m [39m[90mtenant account creation creates audit log entry with property assignment @ repetition 67 of 100[39m[90m             [39m [90m0.81s[39m  
  [32;1m✓[39;22m[90m [39m[90mtenant account creation creates audit log entry with property assignment @ repetition 68 of 100[39m[90m             [39m [90m0.44s[39m  
  [32;1m✓[39;22m[90m [39m[90mtenant account creation creates audit log entry with property assignment @ repetition 69 of 100[39m[90m             [39m [90m1.00s[39m  
  [32;1m✓[39;22m[90m [39m[90mtenant account creation creates audit log entry with property assignment @ repetition 70 of 100[39m[90m             [39m [90m0.82s[39m  
  [32;1m✓[39;22m[90m [39m[90mtenant account creation creates audit log entry with property assignment @ repetition 71 of 100[39m[90m             [39m [90m0.67s[39m  
  [32;1m✓[39;22m[90m [39m[90mtenant account creation creates audit log entry with property assignment @ repetition 72 of 100[39m[90m             [39m [90m1.02s[39m  
  [32;1m✓[39;22m[90m [39m[90mtenant account creation creates audit log entry with property assignment @ repetition 73 of 100[39m[90m             [39m [90m0.63s[39m  
  [32;1m✓[39;22m[90m [39m[90mtenant account creation creates audit log entry with property assignment @ repetition 74 of 100[39m[90m             [39m [90m1.01s[39m  
  [32;1m✓[39;22m[90m [39m[90mtenant account creation creates audit log entry with property assignment @ repetition 75 of 100[39m[90m             [39m [90m0.82s[39m  
  [32;1m✓[39;22m[90m [39m[90mtenant account creation creates audit log entry with property assignment @ repetition 76 of 100[39m[90m             [39m [90m1.01s[39m  
  [32;1m✓[39;22m[90m [39m[90mtenant account creation creates audit log entry with property assignment @ repetition 77 of 100[39m[90m             [39m [90m0.63s[39m  
  [32;1m✓[39;22m[90m [39m[90mtenant account creation creates audit log entry with property assignment @ repetition 78 of 100[39m[90m             [39m [90m1.04s[39m  
  [32;1m✓[39;22m[90m [39m[90mtenant account creation creates audit log entry with property assignment @ repetition 79 of 100[39m[90m             [39m [90m0.64s[39m  
  [32;1m✓[39;22m[90m [39m[90mtenant account creation creates audit log entry with property assignment @ repetition 80 of 100[39m[90m             [39m [90m1.00s[39m  
  [32;1m✓[39;22m[90m [39m[90mtenant account creation creates audit log entry with property assignment @ repetition 81 of 100[39m[90m             [39m [90m0.44s[39m  
  [32;1m✓[39;22m[90m [39m[90mtenant account creation creates audit log entry with property assignment @ repetition 82 of 100[39m[90m             [39m [90m0.44s[39m  
  [32;1m✓[39;22m[90m [39m[90mtenant account creation creates audit log entry with property assignment @ repetition 83 of 100[39m[90m             [39m [90m0.82s[39m  
  [32;1m✓[39;22m[90m [39m[90mtenant account creation creates audit log entry with property assignment @ repetition 84 of 100[39m[90m             [39m [90m0.81s[39m  
  [32;1m✓[39;22m[90m [39m[90mtenant account creation creates audit log entry with property assignment @ repetition 85 of 100[39m[90m             [39m [90m0.85s[39m  
  [32;1m✓[39;22m[90m [39m[90mtenant account creation creates audit log entry with property assignment @ repetition 86 of 100[39m[90m             [39m [90m0.83s[39m  
  [32;1m✓[39;22m[90m [39m[90mtenant account creation creates audit log entry with property assignment @ repetition 87 of 100[39m[90m             [39m [90m0.44s[39m  
  [32;1m✓[39;22m[90m [39m[90mtenant account creation creates audit log entry with property assignment @ repetition 88 of 100[39m[90m             [39m [90m0.63s[39m  
  [32;1m✓[39;22m[90m [39m[90mtenant account creation creates audit log entry with property assignment @ repetition 89 of 100[39m[90m             [39m [90m1.00s[39m  
  [32;1m✓[39;22m[90m [39m[90mtenant account creation creates audit log entry with property assignment @ repetition 90 of 100[39m[90m             [39m [90m0.82s[39m  
  [32;1m✓[39;22m[90m [39m[90mtenant account creation creates audit log entry with property assignment @ repetition 91 of 100[39m[90m             [39m [90m0.45s[39m  
  [32;1m✓[39;22m[90m [39m[90mtenant account creation creates audit log entry with property assignment @ repetition 92 of 100[39m[90m             [39m [90m0.88s[39m  
  [32;1m✓[39;22m[90m [39m[90mtenant account creation creates audit log entry with property assignment @ repetition 93 of 100[39m[90m             [39m [90m0.86s[39m  
  [32;1m✓[39;22m[90m [39m[90mtenant account creation creates audit log entry with property assignment @ repetition 94 of 100[39m[90m             [39m [90m0.63s[39m  
  [32;1m✓[39;22m[90m [39m[90mtenant account creation creates audit log entry with property assignment @ repetition 95 of 100[39m[90m             [39m [90m0.63s[39m  
  [32;1m✓[39;22m[90m [39m[90mtenant account creation creates audit log entry with property assignment @ repetition 96 of 100[39m[90m             [39m [90m0.82s[39m  
  [32;1m✓[39;22m[90m [39m[90mtenant account creation creates audit log entry with property assignment @ repetition 97 of 100[39m[90m             [39m [90m0.45s[39m  
  [32;1m✓[39;22m[90m [39m[90mtenant account creation creates audit log entry with property assignment @ repetition 98 of 100[39m[90m             [39m [90m0.44s[39m  
  [32;1m✓[39;22m[90m [39m[90mtenant account creation creates audit log entry with property assignment @ repetition 99 of 100[39m[90m             [39m [90m0.67s[39m  
  [32;1m✓[39;22m[90m [39m[90mtenant account creation creates audit log entry with property assignment @ repetition 100 of 100[39m[90m            [39m [90m1.01s[39m  
  [32;1m✓[39;22m[90m [39m[90mtenant reassignment creates audit log with old and new property @ repetition 1 of 100[39m[90m                       [39m [90m0.48s[39m  
  [32;1m✓[39;22m[90m [39m[90mtenant reassignment creates audit log with old and new property @ repetition 2 of 100[39m[90m                       [39m [90m0.45s[39m  
  [32;1m✓[39;22m[90m [39m[90mtenant reassignment creates audit log with old and new property @ repetition 3 of 100[39m[90m                       [39m [90m0.45s[39m  
  [32;1m✓[39;22m[90m [39m[90mtenant reassignment creates audit log with old and new property @ repetition 4 of 100[39m[90m                       [39m [90m0.44s[39m  
  [32;1m✓[39;22m[90m [39m[90mtenant reassignment creates audit log with old and new property @ repetition 5 of 100[39m[90m                       [39m [90m0.45s[39m  
  [32;1m✓[39;22m[90m [39m[90mtenant reassignment creates audit log with old and new property @ repetition 6 of 100[39m[90m                       [39m [90m0.48s[39m  
  [32;1m✓[39;22m[90m [39m[90mtenant reassignment creates audit log with old and new property @ repetition 7 of 100[39m[90m                       [39m [90m0.45s[39m  
  [32;1m✓[39;22m[90m [39m[90mtenant reassignment creates audit log with old and new property @ repetition 8 of 100[39m[90m                       [39m [90m0.44s[39m  
  [32;1m✓[39;22m[90m [39m[90mtenant reassignment creates audit log with old and new property @ repetition 9 of 100[39m[90m                       [39m [90m0.45s[39m  
  [32;1m✓[39;22m[90m [39m[90mtenant reassignment creates audit log with old and new property @ repetition 10 of 100[39m[90m                      [39m [90m0.45s[39m  
  [32;1m✓[39;22m[90m [39m[90mtenant reassignment creates audit log with old and new property @ repetition 11 of 100[39m[90m                      [39m [90m0.45s[39m  
  [32;1m✓[39;22m[90m [39m[90mtenant reassignment creates audit log with old and new property @ repetition 12 of 100[39m[90m                      [39m [90m0.48s[39m  
  [32;1m✓[39;22m[90m [39m[90mtenant reassignment creates audit log with old and new property @ repetition 13 of 100[39m[90m                      [39m [90m0.49s[39m  
  [32;1m✓[39;22m[90m [39m[90mtenant reassignment creates audit log with old and new property @ repetition 14 of 100[39m[90m                      [39m [90m0.45s[39m  
  [32;1m✓[39;22m[90m [39m[90mtenant reassignment creates audit log with old and new property @ repetition 15 of 100[39m[90m                      [39m [90m0.45s[39m  
  [32;1m✓[39;22m[90m [39m[90mtenant reassignment creates audit log with old and new property @ repetition 16 of 100[39m[90m                      [39m [90m0.44s[39m  
  [32;1m✓[39;22m[90m [39m[90mtenant reassignment creates audit log with old and new property @ repetition 17 of 100[39m[90m                      [39m [90m0.45s[39m  
  [32;1m✓[39;22m[90m [39m[90mtenant reassignment creates audit log with old and new property @ repetition 18 of 100[39m[90m                      [39m [90m0.44s[39m  
  [32;1m✓[39;22m[90m [39m[90mtenant reassignment creates audit log with old and new property @ repetition 19 of 100[39m[90m                      [39m [90m0.44s[39m  
  [32;1m✓[39;22m[90m [39m[90mtenant reassignment creates audit log with old and new property @ repetition 20 of 100[39m[90m                      [39m [90m0.48s[39m  
  [32;1m✓[39;22m[90m [39m[90mtenant reassignment creates audit log with old and new property @ repetition 21 of 100[39m[90m                      [39m [90m0.45s[39m  
  [32;1m✓[39;22m[90m [39m[90mtenant reassignment creates audit log with old and new property @ repetition 22 of 100[39m[90m                      [39m [90m0.45s[39m  
  [32;1m✓[39;22m[90m [39m[90mtenant reassignment creates audit log with old and new property @ repetition 23 of 100[39m[90m                      [39m [90m0.49s[39m  
  [32;1m✓[39;22m[90m [39m[90mtenant reassignment creates audit log with old and new property @ repetition 24 of 100[39m[90m                      [39m [90m0.51s[39m  
  [32;1m✓[39;22m[90m [39m[90mtenant reassignment creates audit log with old and new property @ repetition 25 of 100[39m[90m                      [39m [90m0.51s[39m  
  [32;1m✓[39;22m[90m [39m[90mtenant reassignment creates audit log with old and new property @ repetition 26 of 100[39m[90m                      [39m [90m0.53s[39m  
  [32;1m✓[39;22m[90m [39m[90mtenant reassignment creates audit log with old and new property @ repetition 27 of 100[39m[90m                      [39m [90m0.53s[39m  
  [32;1m✓[39;22m[90m [39m[90mtenant reassignment creates audit log with old and new property @ repetition 28 of 100[39m[90m                      [39m [90m0.49s[39m  
  [32;1m✓[39;22m[90m [39m[90mtenant reassignment creates audit log with old and new property @ repetition 29 of 100[39m[90m                      [39m [90m0.48s[39m  
  [32;1m✓[39;22m[90m [39m[90mtenant reassignment creates audit log with old and new property @ repetition 30 of 100[39m[90m                      [39m [90m0.46s[39m  
  [32;1m✓[39;22m[90m [39m[90mtenant reassignment creates audit log with old and new property @ repetition 31 of 100[39m[90m                      [39m [90m0.45s[39m  
  [32;1m✓[39;22m[90m [39m[90mtenant reassignment creates audit log with old and new property @ repetition 32 of 100[39m[90m                      [39m [90m0.45s[39m  
  [32;1m✓[39;22m[90m [39m[90mtenant reassignment creates audit log with old and new property @ repetition 33 of 100[39m[90m                      [39m [90m0.47s[39m  
  [32;1m✓[39;22m[90m [39m[90mtenant reassignment creates audit log with old and new property @ repetition 34 of 100[39m[90m                      [39m [90m0.53s[39m  
  [32;1m✓[39;22m[90m [39m[90mtenant reassignment creates audit log with old and new property @ repetition 35 of 100[39m[90m                      [39m [90m0.47s[39m  
  [32;1m✓[39;22m[90m [39m[90mtenant reassignment creates audit log with old and new property @ repetition 36 of 100[39m[90m                      [39m [90m0.48s[39m  
  [32;1m✓[39;22m[90m [39m[90mtenant reassignment creates audit log with old and new property @ repetition 37 of 100[39m[90m                      [39m [90m0.46s[39m  
  [32;1m✓[39;22m[90m [39m[90mtenant reassignment creates audit log with old and new property @ repetition 38 of 100[39m[90m                      [39m [90m0.45s[39m  
  [32;1m✓[39;22m[90m [39m[90mtenant reassignment creates audit log with old and new property @ repetition 39 of 100[39m[90m                      [39m [90m0.45s[39m  
  [32;1m✓[39;22m[90m [39m[90mtenant reassignment creates audit log with old and new property @ repetition 40 of 100[39m[90m                      [39m [90m0.45s[39m  
  [32;1m✓[39;22m[90m [39m[90mtenant reassignment creates audit log with old and new property @ repetition 41 of 100[39m[90m                      [39m [90m0.48s[39m  
  [32;1m✓[39;22m[90m [39m[90mtenant reassignment creates audit log with old and new property @ repetition 42 of 100[39m[90m                      [39m [90m0.49s[39m  
  [32;1m✓[39;22m[90m [39m[90mtenant reassignment creates audit log with old and new property @ repetition 43 of 100[39m[90m                      [39m [90m0.54s[39m  
  [32;1m✓[39;22m[90m [39m[90mtenant reassignment creates audit log with old and new property @ repetition 44 of 100[39m[90m                      [39m [90m0.58s[39m  
  [32;1m✓[39;22m[90m [39m[90mtenant reassignment creates audit log with old and new property @ repetition 45 of 100[39m[90m                      [39m [90m0.48s[39m  
  [32;1m✓[39;22m[90m [39m[90mtenant reassignment creates audit log with old and new property @ repetition 46 of 100[39m[90m                      [39m [90m0.47s[39m  
  [32;1m✓[39;22m[90m [39m[90mtenant reassignment creates audit log with old and new property @ repetition 47 of 100[39m[90m                      [39m [90m0.49s[39m  
  [32;1m✓[39;22m[90m [39m[90mtenant reassignment creates audit log with old and new property @ repetition 48 of 100[39m[90m                      [39m [90m0.56s[39m  
  [32;1m✓[39;22m[90m [39m[90mtenant reassignment creates audit log with old and new property @ repetition 49 of 100[39m[90m                      [39m [90m0.57s[39m  
  [32;1m✓[39;22m[90m [39m[90mtenant reassignment creates audit log with old and new property @ repetition 50 of 100[39m[90m                      [39m [90m0.51s[39m  
  [32;1m✓[39;22m[90m [39m[90mtenant reassignment creates audit log with old and new property @ repetition 51 of 100[39m[90m                      [39m [90m0.50s[39m  
  [32;1m✓[39;22m[90m [39m[90mtenant reassignment creates audit log with old and new property @ repetition 52 of 100[39m[90m                      [39m [90m0.48s[39m  
  [32;1m✓[39;22m[90m [39m[90mtenant reassignment creates audit log with old and new property @ repetition 53 of 100[39m[90m                      [39m [90m0.50s[39m  
  [32;1m✓[39;22m[90m [39m[90mtenant reassignment creates audit log with old and new property @ repetition 54 of 100[39m[90m                      [39m [90m0.51s[39m  
  [32;1m✓[39;22m[90m [39m[90mtenant reassignment creates audit log with old and new property @ repetition 55 of 100[39m[90m                      [39m [90m0.52s[39m  
  [32;1m✓[39;22m[90m [39m[90mtenant reassignment creates audit log with old and new property @ repetition 56 of 100[39m[90m                      [39m [90m0.46s[39m  
  [32;1m✓[39;22m[90m [39m[90mtenant reassignment creates audit log with old and new property @ repetition 57 of 100[39m[90m                      [39m [90m0.46s[39m  
  [32;1m✓[39;22m[90m [39m[90mtenant reassignment creates audit log with old and new property @ repetition 58 of 100[39m[90m                      [39m [90m0.46s[39m  
  [32;1m✓[39;22m[90m [39m[90mtenant reassignment creates audit log with old and new property @ repetition 59 of 100[39m[90m                      [39m [90m0.48s[39m  
  [32;1m✓[39;22m[90m [39m[90mtenant reassignment creates audit log with old and new property @ repetition 60 of 100[39m[90m                      [39m [90m0.50s[39m  
  [32;1m✓[39;22m[90m [39m[90mtenant reassignment creates audit log with old and new property @ repetition 61 of 100[39m[90m                      [39m [90m0.52s[39m  
  [32;1m✓[39;22m[90m [39m[90mtenant reassignment creates audit log with old and new property @ repetition 62 of 100[39m[90m                      [39m [90m0.52s[39m  
  [32;1m✓[39;22m[90m [39m[90mtenant reassignment creates audit log with old and new property @ repetition 63 of 100[39m[90m                      [39m [90m0.48s[39m  
  [32;1m✓[39;22m[90m [39m[90mtenant reassignment creates audit log with old and new property @ repetition 64 of 100[39m[90m                      [39m [90m0.47s[39m  
  [32;1m✓[39;22m[90m [39m[90mtenant reassignment creates audit log with old and new property @ repetition 65 of 100[39m[90m                      [39m [90m0.53s[39m  
  [32;1m✓[39;22m[90m [39m[90mtenant reassignment creates audit log with old and new property @ repetition 66 of 100[39m[90m                      [39m [90m0.47s[39m  
  [32;1m✓[39;22m[90m [39m[90mtenant reassignment creates audit log with old and new property @ repetition 67 of 100[39m[90m                      [39m [90m0.46s[39m  
  [32;1m✓[39;22m[90m [39m[90mtenant reassignment creates audit log with old and new property @ repetition 68 of 100[39m[90m                      [39m [90m0.46s[39m  
  [32;1m✓[39;22m[90m [39m[90mtenant reassignment creates audit log with old and new property @ repetition 69 of 100[39m[90m                      [39m [90m0.49s[39m  
  [32;1m✓[39;22m[90m [39m[90mtenant reassignment creates audit log with old and new property @ repetition 70 of 100[39m[90m                      [39m [90m0.46s[39m  
  [32;1m✓[39;22m[90m [39m[90mtenant reassignment creates audit log with old and new property @ repetition 71 of 100[39m[90m                      [39m [90m0.46s[39m  
  [32;1m✓[39;22m[90m [39m[90mtenant reassignment creates audit log with old and new property @ repetition 72 of 100[39m[90m                      [39m [90m0.46s[39m  
  [32;1m✓[39;22m[90m [39m[90mtenant reassignment creates audit log with old and new property @ repetition 73 of 100[39m[90m                      [39m [90m0.45s[39m  
  [32;1m✓[39;22m[90m [39m[90mtenant reassignment creates audit log with old and new property @ repetition 74 of 100[39m[90m                      [39m [90m0.45s[39m  
  [32;1m✓[39;22m[90m [39m[90mtenant reassignment creates audit log with old and new property @ repetition 75 of 100[39m[90m                      [39m [90m0.46s[39m  
  [32;1m✓[39;22m[90m [39m[90mtenant reassignment creates audit log with old and new property @ repetition 76 of 100[39m[90m                      [39m [90m0.55s[39m  
  [32;1m✓[39;22m[90m [39m[90mtenant reassignment creates audit log with old and new property @ repetition 77 of 100[39m[90m                      [39m [90m0.47s[39m  
  [32;1m✓[39;22m[90m [39m[90mtenant reassignment creates audit log with old and new property @ repetition 78 of 100[39m[90m                      [39m [90m0.46s[39m  
  [32;1m✓[39;22m[90m [39m[90mtenant reassignment creates audit log with old and new property @ repetition 79 of 100[39m[90m                      [39m [90m0.45s[39m  
  [32;1m✓[39;22m[90m [39m[90mtenant reassignment creates audit log with old and new property @ repetition 80 of 100[39m[90m                      [39m [90m0.46s[39m  
  [32;1m✓[39;22m[90m [39m[90mtenant reassignment creates audit log with old and new property @ repetition 81 of 100[39m[90m                      [39m [90m0.46s[39m  
  [32;1m✓[39;22m[90m [39m[90mtenant reassignment creates audit log with old and new property @ repetition 82 of 100[39m[90m                      [39m [90m0.46s[39m  
  [32;1m✓[39;22m[90m [39m[90mtenant reassignment creates audit log with old and new property @ repetition 83 of 100[39m[90m                      [39m [90m0.51s[39m  
  [32;1m✓[39;22m[90m [39m[90mtenant reassignment creates audit log with old and new property @ repetition 84 of 100[39m[90m                      [39m [90m0.46s[39m  
  [32;1m✓[39;22m[90m [39m[90mtenant reassignment creates audit log with old and new property @ repetition 85 of 100[39m[90m                      [39m [90m0.45s[39m  
  [32;1m✓[39;22m[90m [39m[90mtenant reassignment creates audit log with old and new property @ repetition 86 of 100[39m[90m                      [39m [90m0.47s[39m  
  [32;1m✓[39;22m[90m [39m[90mtenant reassignment creates audit log with old and new property @ repetition 87 of 100[39m[90m                      [39m [90m0.48s[39m  
  [32;1m✓[39;22m[90m [39m[90mtenant reassignment creates audit log with old and new property @ repetition 88 of 100[39m[90m                      [39m [90m0.45s[39m  
  [32;1m✓[39;22m[90m [39m[90mtenant reassignment creates audit log with old and new property @ repetition 89 of 100[39m[90m                      [39m [90m0.45s[39m  
  [32;1m✓[39;22m[90m [39m[90mtenant reassignment creates audit log with old and new property @ repetition 90 of 100[39m[90m                      [39m [90m0.49s[39m  
  [32;1m✓[39;22m[90m [39m[90mtenant reassignment creates audit log with old and new property @ repetition 91 of 100[39m[90m                      [39m [90m0.44s[39m  
  [32;1m✓[39;22m[90m [39m[90mtenant reassignment creates audit log with old and new property @ repetition 92 of 100[39m[90m                      [39m [90m0.45s[39m  
  [32;1m✓[39;22m[90m [39m[90mtenant reassignment creates audit log with old and new property @ repetition 93 of 100[39m[90m                      [39m [90m0.47s[39m  
  [32;1m✓[39;22m[90m [39m[90mtenant reassignment creates audit log with old and new property @ repetition 94 of 100[39m[90m                      [39m [90m0.48s[39m  
  [32;1m✓[39;22m[90m [39m[90mtenant reassignment creates audit log with old and new property @ repetition 95 of 100[39m[90m                      [39m [90m0.48s[39m  
  [32;1m✓[39;22m[90m [39m[90mtenant reassignment creates audit log with old and new property @ repetition 96 of 100[39m[90m                      [39m [90m0.47s[39m  
  [32;1m✓[39;22m[90m [39m[90mtenant reassignment creates audit log with old and new property @ repetition 97 of 100[39m[90m                      [39m [90m0.55s[39m  
  [32;1m✓[39;22m[90m [39m[90mtenant reassignment creates audit log with old and new property @ repetition 98 of 100[39m[90m                      [39m [90m0.51s[39m  
  [32;1m✓[39;22m[90m [39m[90mtenant reassignment creates audit log with old and new property @ repetition 99 of 100[39m[90m                      [39m [90m0.47s[39m  
  [32;1m✓[39;22m[90m [39m[90mtenant reassignment creates audit log with old and new property @ repetition 100 of 100[39m[90m                     [39m [90m0.48s[39m  
  [32;1m✓[39;22m[90m [39m[90maccount deactivation creates audit log with reason @ repetition 1 of 100[39m[90m                                    [39m [90m0.48s[39m  
  [32;1m✓[39;22m[90m [39m[90maccount deactivation creates audit log with reason @ repetition 2 of 100[39m[90m                                    [39m [90m0.69s[39m  
  [32;1m✓[39;22m[90m [39m[90maccount deactivation creates audit log with reason @ repetition 3 of 100[39m[90m                                    [39m [90m0.49s[39m  
  [32;1m✓[39;22m[90m [39m[90maccount deactivation creates audit log with reason @ repetition 4 of 100[39m[90m                                    [39m [90m0.76s[39m  
  [32;1m✓[39;22m[90m [39m[90maccount deactivation creates audit log with reason @ repetition 5 of 100[39m[90m                                    [39m [90m0.72s[39m  
  [32;1m✓[39;22m[90m [39m[90maccount deactivation creates audit log with reason @ repetition 6 of 100[39m[90m                                    [39m [90m0.95s[39m  
  [32;1m✓[39;22m[90m [39m[90maccount deactivation creates audit log with reason @ repetition 7 of 100[39m[90m                                    [39m [90m0.50s[39m  
  [32;1m✓[39;22m[90m [39m[90maccount deactivation creates audit log with reason @ repetition 8 of 100[39m[90m                                    [39m [90m0.71s[39m  
  [32;1m✓[39;22m[90m [39m[90maccount deactivation creates audit log with reason @ repetition 9 of 100[39m[90m                                    [39m [90m0.50s[39m  
  [32;1m✓[39;22m[90m [39m[90maccount deactivation creates audit log with reason @ repetition 10 of 100[39m[90m                                   [39m [90m0.68s[39m  
  [32;1m✓[39;22m[90m [39m[90maccount deactivation creates audit log with reason @ repetition 11 of 100[39m[90m                                   [39m [90m0.75s[39m  
  [32;1m✓[39;22m[90m [39m[90maccount deactivation creates audit log with reason @ repetition 12 of 100[39m[90m                                   [39m [90m0.98s[39m  
  [32;1m✓[39;22m[90m [39m[90maccount deactivation creates audit log with reason @ repetition 13 of 100[39m[90m                                   [39m [90m0.50s[39m  
  [32;1m✓[39;22m[90m [39m[90maccount deactivation creates audit log with reason @ repetition 14 of 100[39m[90m                                   [39m [90m0.77s[39m  
  [32;1m✓[39;22m[90m [39m[90maccount deactivation creates audit log with reason @ repetition 15 of 100[39m[90m                                   [39m [90m0.52s[39m  
  [32;1m✓[39;22m[90m [39m[90maccount deactivation creates audit log with reason @ repetition 16 of 100[39m[90m                                   [39m [90m0.49s[39m  
  [32;1m✓[39;22m[90m [39m[90maccount deactivation creates audit log with reason @ repetition 17 of 100[39m[90m                                   [39m [90m0.68s[39m  
  [32;1m✓[39;22m[90m [39m[90maccount deactivation creates audit log with reason @ repetition 18 of 100[39m[90m                                   [39m [90m0.74s[39m  
  [32;1m✓[39;22m[90m [39m[90maccount deactivation creates audit log with reason @ repetition 19 of 100[39m[90m                                   [39m [90m0.68s[39m  
  [32;1m✓[39;22m[90m [39m[90maccount deactivation creates audit log with reason @ repetition 20 of 100[39m[90m                                   [39m [90m0.48s[39m  
  [32;1m✓[39;22m[90m [39m[90maccount deactivation creates audit log with reason @ repetition 21 of 100[39m[90m                                   [39m [90m0.47s[39m  
  [32;1m✓[39;22m[90m [39m[90maccount deactivation creates audit log with reason @ repetition 22 of 100[39m[90m                                   [39m [90m0.94s[39m  
  [32;1m✓[39;22m[90m [39m[90maccount deactivation creates audit log with reason @ repetition 23 of 100[39m[90m                                   [39m [90m0.90s[39m  
  [32;1m✓[39;22m[90m [39m[90maccount deactivation creates audit log with reason @ repetition 24 of 100[39m[90m                                   [39m [90m0.50s[39m  
  [32;1m✓[39;22m[90m [39m[90maccount deactivation creates audit log with reason @ repetition 25 of 100[39m[90m                                   [39m [90m0.74s[39m  
  [32;1m✓[39;22m[90m [39m[90maccount deactivation creates audit log with reason @ repetition 26 of 100[39m[90m                                   [39m [90m0.69s[39m  
  [32;1m✓[39;22m[90m [39m[90maccount deactivation creates audit log with reason @ repetition 27 of 100[39m[90m                                   [39m [90m0.67s[39m  
  [32;1m✓[39;22m[90m [39m[90maccount deactivation creates audit log with reason @ repetition 28 of 100[39m[90m                                   [39m [90m0.90s[39m  
  [32;1m✓[39;22m[90m [39m[90maccount deactivation creates audit log with reason @ repetition 29 of 100[39m[90m                                   [39m [90m0.76s[39m  
  [32;1m✓[39;22m[90m [39m[90maccount deactivation creates audit log with reason @ repetition 30 of 100[39m[90m                                   [39m [90m0.50s[39m  
  [32;1m✓[39;22m[90m [39m[90maccount deactivation creates audit log with reason @ repetition 31 of 100[39m[90m                                   [39m [90m0.69s[39m  
  [32;1m✓[39;22m[90m [39m[90maccount deactivation creates audit log with reason @ repetition 32 of 100[39m[90m                                   [39m [90m0.93s[39m  
  [32;1m✓[39;22m[90m [39m[90maccount deactivation creates audit log with reason @ repetition 33 of 100[39m[90m                                   [39m [90m0.51s[39m  
  [32;1m✓[39;22m[90m [39m[90maccount deactivation creates audit log with reason @ repetition 34 of 100[39m[90m                                   [39m [90m0.52s[39m  
  [32;1m✓[39;22m[90m [39m[90maccount deactivation creates audit log with reason @ repetition 35 of 100[39m[90m                                   [39m [90m0.50s[39m  
  [32;1m✓[39;22m[90m [39m[90maccount deactivation creates audit log with reason @ repetition 36 of 100[39m[90m                                   [39m [90m0.76s[39m  
  [32;1m✓[39;22m[90m [39m[90maccount deactivation creates audit log with reason @ repetition 37 of 100[39m[90m                                   [39m [90m0.55s[39m  
  [32;1m✓[39;22m[90m [39m[90maccount deactivation creates audit log with reason @ repetition 38 of 100[39m[90m                                   [39m [90m0.49s[39m  
  [32;1m✓[39;22m[90m [39m[90maccount deactivation creates audit log with reason @ repetition 39 of 100[39m[90m                                   [39m [90m0.92s[39m  
  [32;1m✓[39;22m[90m [39m[90maccount deactivation creates audit log with reason @ repetition 40 of 100[39m[90m                                   [39m [90m0.48s[39m  
  [32;1m✓[39;22m[90m [39m[90maccount deactivation creates audit log with reason @ repetition 41 of 100[39m[90m                                   [39m [90m0.48s[39m  
  [32;1m✓[39;22m[90m [39m[90maccount deactivation creates audit log with reason @ repetition 42 of 100[39m[90m                                   [39m [90m0.47s[39m  
  [32;1m✓[39;22m[90m [39m[90maccount deactivation creates audit log with reason @ repetition 43 of 100[39m[90m                                   [39m [90m0.49s[39m  
  [32;1m✓[39;22m[90m [39m[90maccount deactivation creates audit log with reason @ repetition 44 of 100[39m[90m                                   [39m [90m0.48s[39m  
  [32;1m✓[39;22m[90m [39m[90maccount deactivation creates audit log with reason @ repetition 45 of 100[39m[90m                                   [39m [90m0.68s[39m  
  [32;1m✓[39;22m[90m [39m[90maccount deactivation creates audit log with reason @ repetition 46 of 100[39m[90m                                   [39m [90m0.97s[39m  
  [32;1m✓[39;22m[90m [39m[90maccount deactivation creates audit log with reason @ repetition 47 of 100[39m[90m                                   [39m [90m0.87s[39m  
  [32;1m✓[39;22m[90m [39m[90maccount deactivation creates audit log with reason @ repetition 48 of 100[39m[90m                                   [39m [90m0.48s[39m  
  [32;1m✓[39;22m[90m [39m[90maccount deactivation creates audit log with reason @ repetition 49 of 100[39m[90m                                   [39m [90m0.66s[39m  
  [32;1m✓[39;22m[90m [39m[90maccount deactivation creates audit log with reason @ repetition 50 of 100[39m[90m                                   [39m [90m0.86s[39m  
  [32;1m✓[39;22m[90m [39m[90maccount deactivation creates audit log with reason @ repetition 51 of 100[39m[90m                                   [39m [90m0.89s[39m  
  [32;1m✓[39;22m[90m [39m[90maccount deactivation creates audit log with reason @ repetition 52 of 100[39m[90m                                   [39m [90m1.00s[39m  
  [32;1m✓[39;22m[90m [39m[90maccount deactivation creates audit log with reason @ repetition 53 of 100[39m[90m                                   [39m [90m0.93s[39m  
  [32;1m✓[39;22m[90m [39m[90maccount deactivation creates audit log with reason @ repetition 54 of 100[39m[90m                                   [39m [90m0.68s[39m  
  [32;1m✓[39;22m[90m [39m[90maccount deactivation creates audit log with reason @ repetition 55 of 100[39m[90m                                   [39m [90m0.89s[39m  
  [32;1m✓[39;22m[90m [39m[90maccount deactivation creates audit log with reason @ repetition 56 of 100[39m[90m                                   [39m [90m0.48s[39m  
  [32;1m✓[39;22m[90m [39m[90maccount deactivation creates audit log with reason @ repetition 57 of 100[39m[90m                                   [39m [90m0.69s[39m  
  [32;1m✓[39;22m[90m [39m[90maccount deactivation creates audit log with reason @ repetition 58 of 100[39m[90m                                   [39m [90m0.92s[39m  
  [32;1m✓[39;22m[90m [39m[90maccount deactivation creates audit log with reason @ repetition 59 of 100[39m[90m                                   [39m [90m0.52s[39m  
  [32;1m✓[39;22m[90m [39m[90maccount deactivation creates audit log with reason @ repetition 60 of 100[39m[90m                                   [39m [90m0.89s[39m  
  [32;1m✓[39;22m[90m [39m[90maccount deactivation creates audit log with reason @ repetition 61 of 100[39m[90m                                   [39m [90m0.85s[39m  
  [32;1m✓[39;22m[90m [39m[90maccount deactivation creates audit log with reason @ repetition 62 of 100[39m[90m                                   [39m [90m0.47s[39m  
  [32;1m✓[39;22m[90m [39m[90maccount deactivation creates audit log with reason @ repetition 63 of 100[39m[90m                                   [39m [90m0.84s[39m  
  [32;1m✓[39;22m[90m [39m[90maccount deactivation creates audit log with reason @ repetition 64 of 100[39m[90m                                   [39m [90m0.45s[39m  
  [32;1m✓[39;22m[90m [39m[90maccount deactivation creates audit log with reason @ repetition 65 of 100[39m[90m                                   [39m [90m0.71s[39m  
  [32;1m✓[39;22m[90m [39m[90maccount deactivation creates audit log with reason @ repetition 66 of 100[39m[90m                                   [39m [90m0.52s[39m  
  [32;1m✓[39;22m[90m [39m[90maccount deactivation creates audit log with reason @ repetition 67 of 100[39m[90m                                   [39m [90m0.53s[39m  
  [32;1m✓[39;22m[90m [39m[90maccount deactivation creates audit log with reason @ repetition 68 of 100[39m[90m                                   [39m [90m0.84s[39m  
  [32;1m✓[39;22m[90m [39m[90maccount deactivation creates audit log with reason @ repetition 69 of 100[39m[90m                                   [39m [90m0.85s[39m  
  [32;1m✓[39;22m[90m [39m[90maccount deactivation creates audit log with reason @ repetition 70 of 100[39m[90m                                   [39m [90m0.64s[39m  
  [32;1m✓[39;22m[90m [39m[90maccount deactivation creates audit log with reason @ repetition 71 of 100[39m[90m                                   [39m [90m0.45s[39m  
  [32;1m✓[39;22m[90m [39m[90maccount deactivation creates audit log with reason @ repetition 72 of 100[39m[90m                                   [39m [90m0.64s[39m  
  [32;1m✓[39;22m[90m [39m[90maccount deactivation creates audit log with reason @ repetition 73 of 100[39m[90m                                   [39m [90m0.88s[39m  
  [32;1m✓[39;22m[90m [39m[90maccount deactivation creates audit log with reason @ repetition 74 of 100[39m[90m                                   [39m [90m0.56s[39m  
  [32;1m✓[39;22m[90m [39m[90maccount deactivation creates audit log with reason @ repetition 75 of 100[39m[90m                                   [39m [90m0.71s[39m  
  [32;1m✓[39;22m[90m [39m[90maccount deactivation creates audit log with reason @ repetition 76 of 100[39m[90m                                   [39m [90m0.93s[39m  
  [32;1m✓[39;22m[90m [39m[90maccount deactivation creates audit log with reason @ repetition 77 of 100[39m[90m                                   [39m [90m0.97s[39m  
  [32;1m✓[39;22m[90m [39m[90maccount deactivation creates audit log with reason @ repetition 78 of 100[39m[90m                                   [39m [90m0.90s[39m  
  [32;1m✓[39;22m[90m [39m[90maccount deactivation creates audit log with reason @ repetition 79 of 100[39m[90m                                   [39m [90m0.49s[39m  
  [32;1m✓[39;22m[90m [39m[90maccount deactivation creates audit log with reason @ repetition 80 of 100[39m[90m                                   [39m [90m0.69s[39m  
  [32;1m✓[39;22m[90m [39m[90maccount deactivation creates audit log with reason @ repetition 81 of 100[39m[90m                                   [39m [90m0.94s[39m  
  [32;1m✓[39;22m[90m [39m[90maccount deactivation creates audit log with reason @ repetition 82 of 100[39m[90m                                   [39m [90m0.72s[39m  
  [32;1m✓[39;22m[90m [39m[90maccount deactivation creates audit log with reason @ repetition 83 of 100[39m[90m                                   [39m [90m0.68s[39m  
  [32;1m✓[39;22m[90m [39m[90maccount deactivation creates audit log with reason @ repetition 84 of 100[39m[90m                                   [39m [90m0.68s[39m  
  [32;1m✓[39;22m[90m [39m[90maccount deactivation creates audit log with reason @ repetition 85 of 100[39m[90m                                   [39m [90m0.68s[39m  
  [32;1m✓[39;22m[90m [39m[90maccount deactivation creates audit log with reason @ repetition 86 of 100[39m[90m                                   [39m [90m0.88s[39m  
  [32;1m✓[39;22m[90m [39m[90maccount deactivation creates audit log with reason @ repetition 87 of 100[39m[90m                                   [39m [90m0.48s[39m  
  [32;1m✓[39;22m[90m [39m[90maccount deactivation creates audit log with reason @ repetition 88 of 100[39m[90m                                   [39m [90m0.72s[39m  
  [32;1m✓[39;22m[90m [39m[90maccount deactivation creates audit log with reason @ repetition 89 of 100[39m[90m                                   [39m [90m0.70s[39m  
  [32;1m✓[39;22m[90m [39m[90maccount deactivation creates audit log with reason @ repetition 90 of 100[39m[90m                                   [39m [90m0.51s[39m  
  [32;1m✓[39;22m[90m [39m[90maccount deactivation creates audit log with reason @ repetition 91 of 100[39m[90m                                   [39m [90m0.69s[39m  
  [32;1m✓[39;22m[90m [39m[90maccount deactivation creates audit log with reason @ repetition 92 of 100[39m[90m                                   [39m [90m0.70s[39m  
  [32;1m✓[39;22m[90m [39m[90maccount deactivation creates audit log with reason @ repetition 93 of 100[39m[90m                                   [39m [90m0.49s[39m  
  [32;1m✓[39;22m[90m [39m[90maccount deactivation creates audit log with reason @ repetition 94 of 100[39m[90m                                   [39m [90m0.49s[39m  
  [32;1m✓[39;22m[90m [39m[90maccount deactivation creates audit log with reason @ repetition 95 of 100[39m[90m                                   [39m [90m0.58s[39m  
  [32;1m✓[39;22m[90m [39m[90maccount deactivation creates audit log with reason @ repetition 96 of 100[39m[90m                                   [39m [90m0.80s[39m  
  [32;1m✓[39;22m[90m [39m[90maccount deactivation creates audit log with reason @ repetition 97 of 100[39m[90m                                   [39m [90m0.59s[39m  
  [32;1m✓[39;22m[90m [39m[90maccount deactivation creates audit log with reason @ repetition 98 of 100[39m[90m                                   [39m [90m0.72s[39m  
  [32;1m✓[39;22m[90m [39m[90maccount deactivation creates audit log with reason @ repetition 99 of 100[39m[90m                                   [39m [90m1.16s[39m  
  [32;1m✓[39;22m[90m [39m[90maccount deactivation creates audit log with reason @ repetition 100 of 100[39m[90m                                  [39m [90m1.13s[39m  
  [32;1m✓[39;22m[90m [39m[90maccount reactivation creates audit log entry @ repetition 1 of 100[39m[90m                                          [39m [90m0.66s[39m  
  [32;1m✓[39;22m[90m [39m[90maccount reactivation creates audit log entry @ repetition 2 of 100[39m[90m                                          [39m [90m0.62s[39m  
  [32;1m✓[39;22m[90m [39m[90maccount reactivation creates audit log entry @ repetition 3 of 100[39m[90m                                          [39m [90m0.61s[39m  
  [32;1m✓[39;22m[90m [39m[90maccount reactivation creates audit log entry @ repetition 4 of 100[39m[90m                                          [39m [90m0.65s[39m  
  [32;1m✓[39;22m[90m [39m[90maccount reactivation creates audit log entry @ repetition 5 of 100[39m[90m                                          [39m [90m0.56s[39m  
  [32;1m✓[39;22m[90m [39m[90maccount reactivation creates audit log entry @ repetition 6 of 100[39m[90m                                          [39m [90m0.48s[39m  
  [32;1m✓[39;22m[90m [39m[90maccount reactivation creates audit log entry @ repetition 7 of 100[39m[90m                                          [39m [90m0.49s[39m  
  [32;1m✓[39;22m[90m [39m[90maccount reactivation creates audit log entry @ repetition 8 of 100[39m[90m                                          [39m [90m0.52s[39m  
  [32;1m✓[39;22m[90m [39m[90maccount reactivation creates audit log entry @ repetition 9 of 100[39m[90m                                          [39m [90m0.48s[39m  
  [32;1m✓[39;22m[90m [39m[90maccount reactivation creates audit log entry @ repetition 10 of 100[39m[90m                                         [39m [90m0.48s[39m  
  [32;1m✓[39;22m[90m [39m[90maccount reactivation creates audit log entry @ repetition 11 of 100[39m[90m                                         [39m [90m0.46s[39m  
  [32;1m✓[39;22m[90m [39m[90maccount reactivation creates audit log entry @ repetition 12 of 100[39m[90m                                         [39m [90m0.46s[39m  
  [32;1m✓[39;22m[90m [39m[90maccount reactivation creates audit log entry @ repetition 13 of 100[39m[90m                                         [39m [90m0.46s[39m  
  [32;1m✓[39;22m[90m [39m[90maccount reactivation creates audit log entry @ repetition 14 of 100[39m[90m                                         [39m [90m0.48s[39m  
  [32;1m✓[39;22m[90m [39m[90maccount reactivation creates audit log entry @ repetition 15 of 100[39m[90m                                         [39m [90m0.59s[39m  
  [32;1m✓[39;22m[90m [39m[90maccount reactivation creates audit log entry @ repetition 16 of 100[39m[90m                                         [39m [90m0.60s[39m  
  [32;1m✓[39;22m[90m [39m[90maccount reactivation creates audit log entry @ repetition 17 of 100[39m[90m                                         [39m [90m0.64s[39m  
  [32;1m✓[39;22m[90m [39m[90maccount reactivation creates audit log entry @ repetition 18 of 100[39m[90m                                         [39m [90m0.52s[39m  
  [32;1m✓[39;22m[90m [39m[90maccount reactivation creates audit log entry @ repetition 19 of 100[39m[90m                                         [39m [90m0.61s[39m  
  [32;1m✓[39;22m[90m [39m[90maccount reactivation creates audit log entry @ repetition 20 of 100[39m[90m                                         [39m [90m0.50s[39m  
  [32;1m✓[39;22m[90m [39m[90maccount reactivation creates audit log entry @ repetition 21 of 100[39m[90m                                         [39m [90m0.46s[39m  
  [32;1m✓[39;22m[90m [39m[90maccount reactivation creates audit log entry @ repetition 22 of 100[39m[90m                                         [39m [90m0.50s[39m  
  [32;1m✓[39;22m[90m [39m[90maccount reactivation creates audit log entry @ repetition 23 of 100[39m[90m                                         [39m [90m0.47s[39m  
  [32;1m✓[39;22m[90m [39m[90maccount reactivation creates audit log entry @ repetition 24 of 100[39m[90m                                         [39m [90m0.50s[39m  
  [32;1m✓[39;22m[90m [39m[90maccount reactivation creates audit log entry @ repetition 25 of 100[39m[90m                                         [39m [90m0.48s[39m  
  [32;1m✓[39;22m[90m [39m[90maccount reactivation creates audit log entry @ repetition 26 of 100[39m[90m                                         [39m [90m0.51s[39m  
  [32;1m✓[39;22m[90m [39m[90maccount reactivation creates audit log entry @ repetition 27 of 100[39m[90m                                         [39m [90m0.62s[39m  
  [32;1m✓[39;22m[90m [39m[90maccount reactivation creates audit log entry @ repetition 28 of 100[39m[90m                                         [39m [90m0.62s[39m  
  [32;1m✓[39;22m[90m [39m[90maccount reactivation creates audit log entry @ repetition 29 of 100[39m[90m                                         [39m [90m0.51s[39m  
  [32;1m✓[39;22m[90m [39m[90maccount reactivation creates audit log entry @ repetition 30 of 100[39m[90m                                         [39m [90m0.45s[39m  
  [32;1m✓[39;22m[90m [39m[90maccount reactivation creates audit log entry @ repetition 31 of 100[39m[90m                                         [39m [90m0.45s[39m  
  [32;1m✓[39;22m[90m [39m[90maccount reactivation creates audit log entry @ repetition 32 of 100[39m[90m                                         [39m [90m0.46s[39m  
  [32;1m✓[39;22m[90m [39m[90maccount reactivation creates audit log entry @ repetition 33 of 100[39m[90m                                         [39m [90m0.47s[39m  
  [32;1m✓[39;22m[90m [39m[90maccount reactivation creates audit log entry @ repetition 34 of 100[39m[90m                                         [39m [90m0.49s[39m  
  [32;1m✓[39;22m[90m [39m[90maccount reactivation creates audit log entry @ repetition 35 of 100[39m[90m                                         [39m [90m0.49s[39m  
  [32;1m✓[39;22m[90m [39m[90maccount reactivation creates audit log entry @ repetition 36 of 100[39m[90m                                         [39m [90m0.51s[39m  
  [32;1m✓[39;22m[90m [39m[90maccount reactivation creates audit log entry @ repetition 37 of 100[39m[90m                                         [39m [90m0.46s[39m  
  [32;1m✓[39;22m[90m [39m[90maccount reactivation creates audit log entry @ repetition 38 of 100[39m[90m                                         [39m [90m0.49s[39m  
  [32;1m✓[39;22m[90m [39m[90maccount reactivation creates audit log entry @ repetition 39 of 100[39m[90m                                         [39m [90m0.62s[39m  
  [32;1m✓[39;22m[90m [39m[90maccount reactivation creates audit log entry @ repetition 40 of 100[39m[90m                                         [39m [90m0.64s[39m  
  [32;1m✓[39;22m[90m [39m[90maccount reactivation creates audit log entry @ repetition 41 of 100[39m[90m                                         [39m [90m0.52s[39m  
  [32;1m✓[39;22m[90m [39m[90maccount reactivation creates audit log entry @ repetition 42 of 100[39m[90m                                         [39m [90m0.47s[39m  
  [32;1m✓[39;22m[90m [39m[90maccount reactivation creates audit log entry @ repetition 43 of 100[39m[90m                                         [39m [90m0.52s[39m  
  [32;1m✓[39;22m[90m [39m[90maccount reactivation creates audit log entry @ repetition 44 of 100[39m[90m                                         [39m [90m0.51s[39m  
  [32;1m✓[39;22m[90m [39m[90maccount reactivation creates audit log entry @ repetition 45 of 100[39m[90m                                         [39m [90m0.48s[39m  
  [32;1m✓[39;22m[90m [39m[90maccount reactivation creates audit log entry @ repetition 46 of 100[39m[90m                                         [39m [90m0.47s[39m  
  [32;1m✓[39;22m[90m [39m[90maccount reactivation creates audit log entry @ repetition 47 of 100[39m[90m                                         [39m [90m0.46s[39m  
  [32;1m✓[39;22m[90m [39m[90maccount reactivation creates audit log entry @ repetition 48 of 100[39m[90m                                         [39m [90m0.46s[39m  
  [32;1m✓[39;22m[90m [39m[90maccount reactivation creates audit log entry @ repetition 49 of 100[39m[90m                                         [39m [90m0.46s[39m  
  [32;1m✓[39;22m[90m [39m[90maccount reactivation creates audit log entry @ repetition 50 of 100[39m[90m                                         [39m [90m0.50s[39m  
  [32;1m✓[39;22m[90m [39m[90maccount reactivation creates audit log entry @ repetition 51 of 100[39m[90m                                         [39m [90m0.46s[39m  
  [32;1m✓[39;22m[90m [39m[90maccount reactivation creates audit log entry @ repetition 52 of 100[39m[90m                                         [39m [90m0.49s[39m  
  [32;1m✓[39;22m[90m [39m[90maccount reactivation creates audit log entry @ repetition 53 of 100[39m[90m                                         [39m [90m0.47s[39m  
  [32;1m✓[39;22m[90m [39m[90maccount reactivation creates audit log entry @ repetition 54 of 100[39m[90m                                         [39m [90m0.53s[39m  
  [32;1m✓[39;22m[90m [39m[90maccount reactivation creates audit log entry @ repetition 55 of 100[39m[90m                                         [39m [90m0.67s[39m  
  [32;1m✓[39;22m[90m [39m[90maccount reactivation creates audit log entry @ repetition 56 of 100[39m[90m                                         [39m [90m0.62s[39m  
  [32;1m✓[39;22m[90m [39m[90maccount reactivation creates audit log entry @ repetition 57 of 100[39m[90m                                         [39m [90m0.67s[39m  
  [32;1m✓[39;22m[90m [39m[90maccount reactivation creates audit log entry @ repetition 58 of 100[39m[90m                                         [39m [90m0.52s[39m  
  [32;1m✓[39;22m[90m [39m[90maccount reactivation creates audit log entry @ repetition 59 of 100[39m[90m                                         [39m [90m0.51s[39m  
  [32;1m✓[39;22m[90m [39m[90maccount reactivation creates audit log entry @ repetition 60 of 100[39m[90m                                         [39m [90m0.46s[39m  
  [32;1m✓[39;22m[90m [39m[90maccount reactivation creates audit log entry @ repetition 61 of 100[39m[90m                                         [39m [90m0.45s[39m  
  [32;1m✓[39;22m[90m [39m[90maccount reactivation creates audit log entry @ repetition 62 of 100[39m[90m                                         [39m [90m0.46s[39m  
  [32;1m✓[39;22m[90m [39m[90maccount reactivation creates audit log entry @ repetition 63 of 100[39m[90m                                         [39m [90m0.47s[39m  
  [32;1m✓[39;22m[90m [39m[90maccount reactivation creates audit log entry @ repetition 64 of 100[39m[90m                                         [39m [90m0.52s[39m  
  [32;1m✓[39;22m[90m [39m[90maccount reactivation creates audit log entry @ repetition 65 of 100[39m[90m                                         [39m [90m0.49s[39m  
  [32;1m✓[39;22m[90m [39m[90maccount reactivation creates audit log entry @ repetition 66 of 100[39m[90m                                         [39m [90m0.46s[39m  
  [32;1m✓[39;22m[90m [39m[90maccount reactivation creates audit log entry @ repetition 67 of 100[39m[90m                                         [39m [90m0.46s[39m  
  [32;1m✓[39;22m[90m [39m[90maccount reactivation creates audit log entry @ repetition 68 of 100[39m[90m                                         [39m [90m0.45s[39m  
  [32;1m✓[39;22m[90m [39m[90maccount reactivation creates audit log entry @ repetition 69 of 100[39m[90m                                         [39m [90m0.49s[39m  
  [32;1m✓[39;22m[90m [39m[90maccount reactivation creates audit log entry @ repetition 70 of 100[39m[90m                                         [39m [90m0.46s[39m  
  [32;1m✓[39;22m[90m [39m[90maccount reactivation creates audit log entry @ repetition 71 of 100[39m[90m                                         [39m [90m0.55s[39m  
  [32;1m✓[39;22m[90m [39m[90maccount reactivation creates audit log entry @ repetition 72 of 100[39m[90m                                         [39m [90m0.48s[39m  
  [32;1m✓[39;22m[90m [39m[90maccount reactivation creates audit log entry @ repetition 73 of 100[39m[90m                                         [39m [90m0.48s[39m  
  [32;1m✓[39;22m[90m [39m[90maccount reactivation creates audit log entry @ repetition 74 of 100[39m[90m                                         [39m [90m0.49s[39m  
  [32;1m✓[39;22m[90m [39m[90maccount reactivation creates audit log entry @ repetition 75 of 100[39m[90m                                         [39m [90m0.51s[39m  
  [32;1m✓[39;22m[90m [39m[90maccount reactivation creates audit log entry @ repetition 76 of 100[39m[90m                                         [39m [90m0.48s[39m  
  [32;1m✓[39;22m[90m [39m[90maccount reactivation creates audit log entry @ repetition 77 of 100[39m[90m                                         [39m [90m0.47s[39m  
  [32;1m✓[39;22m[90m [39m[90maccount reactivation creates audit log entry @ repetition 78 of 100[39m[90m                                         [39m [90m0.51s[39m  
  [32;1m✓[39;22m[90m [39m[90maccount reactivation creates audit log entry @ repetition 79 of 100[39m[90m                                         [39m [90m0.47s[39m  
  [32;1m✓[39;22m[90m [39m[90maccount reactivation creates audit log entry @ repetition 80 of 100[39m[90m                                         [39m [90m0.47s[39m  
  [32;1m✓[39;22m[90m [39m[90maccount reactivation creates audit log entry @ repetition 81 of 100[39m[90m                                         [39m [90m0.47s[39m  
  [32;1m✓[39;22m[90m [39m[90maccount reactivation creates audit log entry @ repetition 82 of 100[39m[90m                                         [39m [90m0.47s[39m  
  [32;1m✓[39;22m[90m [39m[90maccount reactivation creates audit log entry @ repetition 83 of 100[39m[90m                                         [39m [90m0.47s[39m  
  [32;1m✓[39;22m[90m [39m[90maccount reactivation creates audit log entry @ repetition 84 of 100[39m[90m                                         [39m [90m0.47s[39m  
  [32;1m✓[39;22m[90m [39m[90maccount reactivation creates audit log entry @ repetition 85 of 100[39m[90m                                         [39m [90m0.51s[39m  
  [32;1m✓[39;22m[90m [39m[90maccount reactivation creates audit log entry @ repetition 86 of 100[39m[90m                                         [39m [90m0.52s[39m  
  [32;1m✓[39;22m[90m [39m[90maccount reactivation creates audit log entry @ repetition 87 of 100[39m[90m                                         [39m [90m0.47s[39m  
  [32;1m✓[39;22m[90m [39m[90maccount reactivation creates audit log entry @ repetition 88 of 100[39m[90m                                         [39m [90m0.46s[39m  
  [32;1m✓[39;22m[90m [39m[90maccount reactivation creates audit log entry @ repetition 89 of 100[39m[90m                                         [39m [90m0.46s[39m  
  [32;1m✓[39;22m[90m [39m[90maccount reactivation creates audit log entry @ repetition 90 of 100[39m[90m                                         [39m [90m0.47s[39m  
  [32;1m✓[39;22m[90m [39m[90maccount reactivation creates audit log entry @ repetition 91 of 100[39m[90m                                         [39m [90m0.47s[39m  
  [32;1m✓[39;22m[90m [39m[90maccount reactivation creates audit log entry @ repetition 92 of 100[39m[90m                                         [39m [90m0.51s[39m  
  [32;1m✓[39;22m[90m [39m[90maccount reactivation creates audit log entry @ repetition 93 of 100[39m[90m                                         [39m [90m0.46s[39m  
  [32;1m✓[39;22m[90m [39m[90maccount reactivation creates audit log entry @ repetition 94 of 100[39m[90m                                         [39m [90m0.47s[39m  
  [32;1m✓[39;22m[90m [39m[90maccount reactivation creates audit log entry @ repetition 95 of 100[39m[90m                                         [39m [90m0.50s[39m  
  [32;1m✓[39;22m[90m [39m[90maccount reactivation creates audit log entry @ repetition 96 of 100[39m[90m                                         [39m [90m0.53s[39m  
  [32;1m✓[39;22m[90m [39m[90maccount reactivation creates audit log entry @ repetition 97 of 100[39m[90m                                         [39m [90m0.53s[39m  
  [32;1m✓[39;22m[90m [39m[90maccount reactivation creates audit log entry @ repetition 98 of 100[39m[90m                                         [39m [90m0.48s[39m  
  [32;1m✓[39;22m[90m [39m[90maccount reactivation creates audit log entry @ repetition 99 of 100[39m[90m                                         [39m [90m0.53s[39m  
  [32;1m✓[39;22m[90m [39m[90maccount reactivation creates audit log entry @ repetition 100 of 100[39m[90m                                        [39m [90m0.63s[39m  
  [32;1m✓[39;22m[90m [39m[90mall account management actions create audit logs with timestamps @ repetition 1 of 100[39m[90m                      [39m [90m0.61s[39m  
  [32;1m✓[39;22m[90m [39m[90mall account management actions create audit logs with timestamps @ repetition 2 of 100[39m[90m                      [39m [90m0.48s[39m  
  [32;1m✓[39;22m[90m [39m[90mall account management actions create audit logs with timestamps @ repetition 3 of 100[39m[90m                      [39m [90m0.46s[39m  
  [32;1m✓[39;22m[90m [39m[90mall account management actions create audit logs with timestamps @ repetition 4 of 100[39m[90m                      [39m [90m0.48s[39m  
  [32;1m✓[39;22m[90m [39m[90mall account management actions create audit logs with timestamps @ repetition 5 of 100[39m[90m                      [39m [90m0.47s[39m  
  [32;1m✓[39;22m[90m [39m[90mall account management actions create audit logs with timestamps @ repetition 6 of 100[39m[90m                      [39m [90m0.55s[39m  
  [32;1m✓[39;22m[90m [39m[90mall account management actions create audit logs with timestamps @ repetition 7 of 100[39m[90m                      [39m [90m0.49s[39m  
  [32;1m✓[39;22m[90m [39m[90mall account management actions create audit logs with timestamps @ repetition 8 of 100[39m[90m                      [39m [90m0.50s[39m  
  [32;1m✓[39;22m[90m [39m[90mall account management actions create audit logs with timestamps @ repetition 9 of 100[39m[90m                      [39m [90m0.63s[39m  
  [32;1m✓[39;22m[90m [39m[90mall account management actions create audit logs with timestamps @ repetition 10 of 100[39m[90m                     [39m [90m0.64s[39m  
  [32;1m✓[39;22m[90m [39m[90mall account management actions create audit logs with timestamps @ repetition 11 of 100[39m[90m                     [39m [90m0.56s[39m  
  [32;1m✓[39;22m[90m [39m[90mall account management actions create audit logs with timestamps @ repetition 12 of 100[39m[90m                     [39m [90m0.50s[39m  
  [32;1m✓[39;22m[90m [39m[90mall account management actions create audit logs with timestamps @ repetition 13 of 100[39m[90m                     [39m [90m0.51s[39m  
  [32;1m✓[39;22m[90m [39m[90mall account management actions create audit logs with timestamps @ repetition 14 of 100[39m[90m                     [39m [90m0.46s[39m  
  [32;1m✓[39;22m[90m [39m[90mall account management actions create audit logs with timestamps @ repetition 15 of 100[39m[90m                     [39m [90m0.46s[39m  
  [32;1m✓[39;22m[90m [39m[90mall account management actions create audit logs with timestamps @ repetition 16 of 100[39m[90m                     [39m [90m0.49s[39m  
  [32;1m✓[39;22m[90m [39m[90mall account management actions create audit logs with timestamps @ repetition 17 of 100[39m[90m                     [39m [90m0.47s[39m  
  [32;1m✓[39;22m[90m [39m[90mall account management actions create audit logs with timestamps @ repetition 18 of 100[39m[90m                     [39m [90m0.47s[39m  
  [32;1m✓[39;22m[90m [39m[90mall account management actions create audit logs with timestamps @ repetition 19 of 100[39m[90m                     [39m [90m0.50s[39m  
  [32;1m✓[39;22m[90m [39m[90mall account management actions create audit logs with timestamps @ repetition 20 of 100[39m[90m                     [39m [90m0.53s[39m  
  [32;1m✓[39;22m[90m [39m[90mall account management actions create audit logs with timestamps @ repetition 21 of 100[39m[90m                     [39m [90m0.61s[39m  
  [32;1m✓[39;22m[90m [39m[90mall account management actions create audit logs with timestamps @ repetition 22 of 100[39m[90m                     [39m [90m0.60s[39m  
  [32;1m✓[39;22m[90m [39m[90mall account management actions create audit logs with timestamps @ repetition 23 of 100[39m[90m                     [39m [90m0.58s[39m  
  [32;1m✓[39;22m[90m [39m[90mall account management actions create audit logs with timestamps @ repetition 24 of 100[39m[90m                     [39m [90m0.59s[39m  
  [32;1m✓[39;22m[90m [39m[90mall account management actions create audit logs with timestamps @ repetition 25 of 100[39m[90m                     [39m [90m0.63s[39m  
  [32;1m✓[39;22m[90m [39m[90mall account management actions create audit logs with timestamps @ repetition 26 of 100[39m[90m                     [39m [90m0.64s[39m  
  [32;1m✓[39;22m[90m [39m[90mall account management actions create audit logs with timestamps @ repetition 27 of 100[39m[90m                     [39m [90m0.66s[39m  
  [32;1m✓[39;22m[90m [39m[90mall account management actions create audit logs with timestamps @ repetition 28 of 100[39m[90m                     [39m [90m0.60s[39m  
  [32;1m✓[39;22m[90m [39m[90mall account management actions create audit logs with timestamps @ repetition 29 of 100[39m[90m                     [39m [90m0.58s[39m  
  [32;1m✓[39;22m[90m [39m[90mall account management actions create audit logs with timestamps @ repetition 30 of 100[39m[90m                     [39m [90m0.59s[39m  
  [32;1m✓[39;22m[90m [39m[90mall account management actions create audit logs with timestamps @ repetition 31 of 100[39m[90m                     [39m [90m0.60s[39m  
  [32;1m✓[39;22m[90m [39m[90mall account management actions create audit logs with timestamps @ repetition 32 of 100[39m[90m                     [39m [90m0.61s[39m  
  [32;1m✓[39;22m[90m [39m[90mall account management actions create audit logs with timestamps @ repetition 33 of 100[39m[90m                     [39m [90m0.49s[39m  
  [32;1m✓[39;22m[90m [39m[90mall account management actions create audit logs with timestamps @ repetition 34 of 100[39m[90m                     [39m [90m0.55s[39m  
  [32;1m✓[39;22m[90m [39m[90mall account management actions create audit logs with timestamps @ repetition 35 of 100[39m[90m                     [39m [90m0.47s[39m  
  [32;1m✓[39;22m[90m [39m[90mall account management actions create audit logs with timestamps @ repetition 36 of 100[39m[90m                     [39m [90m0.46s[39m  
  [32;1m✓[39;22m[90m [39m[90mall account management actions create audit logs with timestamps @ repetition 37 of 100[39m[90m                     [39m [90m0.47s[39m  
  [32;1m✓[39;22m[90m [39m[90mall account management actions create audit logs with timestamps @ repetition 38 of 100[39m[90m                     [39m [90m0.47s[39m  
  [32;1m✓[39;22m[90m [39m[90mall account management actions create audit logs with timestamps @ repetition 39 of 100[39m[90m                     [39m [90m0.46s[39m  
  [32;1m✓[39;22m[90m [39m[90mall account management actions create audit logs with timestamps @ repetition 40 of 100[39m[90m                     [39m [90m0.46s[39m  
  [32;1m✓[39;22m[90m [39m[90mall account management actions create audit logs with timestamps @ repetition 41 of 100[39m[90m                     [39m [90m0.52s[39m  
  [32;1m✓[39;22m[90m [39m[90mall account management actions create audit logs with timestamps @ repetition 42 of 100[39m[90m                     [39m [90m0.49s[39m  
  [32;1m✓[39;22m[90m [39m[90mall account management actions create audit logs with timestamps @ repetition 43 of 100[39m[90m                     [39m [90m0.62s[39m  
  [32;1m✓[39;22m[90m [39m[90mall account management actions create audit logs with timestamps @ repetition 44 of 100[39m[90m                     [39m [90m0.68s[39m  
  [32;1m✓[39;22m[90m [39m[90mall account management actions create audit logs with timestamps @ repetition 45 of 100[39m[90m                     [39m [90m0.51s[39m  
  [32;1m✓[39;22m[90m [39m[90mall account management actions create audit logs with timestamps @ repetition 46 of 100[39m[90m                     [39m [90m0.48s[39m  
  [32;1m✓[39;22m[90m [39m[90mall account management actions create audit logs with timestamps @ repetition 47 of 100[39m[90m                     [39m [90m0.48s[39m  
  [32;1m✓[39;22m[90m [39m[90mall account management actions create audit logs with timestamps @ repetition 48 of 100[39m[90m                     [39m [90m0.51s[39m  
  [32;1m✓[39;22m[90m [39m[90mall account management actions create audit logs with timestamps @ repetition 49 of 100[39m[90m                     [39m [90m0.45s[39m  
  [32;1m✓[39;22m[90m [39m[90mall account management actions create audit logs with timestamps @ repetition 50 of 100[39m[90m                     [39m [90m0.46s[39m  
  [32;1m✓[39;22m[90m [39m[90mall account management actions create audit logs with timestamps @ repetition 51 of 100[39m[90m                     [39m [90m0.45s[39m  
  [32;1m✓[39;22m[90m [39m[90mall account management actions create audit logs with timestamps @ repetition 52 of 100[39m[90m                     [39m [90m0.46s[39m  
  [32;1m✓[39;22m[90m [39m[90mall account management actions create audit logs with timestamps @ repetition 53 of 100[39m[90m                     [39m [90m0.47s[39m  
  [32;1m✓[39;22m[90m [39m[90mall account management actions create audit logs with timestamps @ repetition 54 of 100[39m[90m                     [39m [90m0.46s[39m  
  [32;1m✓[39;22m[90m [39m[90mall account management actions create audit logs with timestamps @ repetition 55 of 100[39m[90m                     [39m [90m0.59s[39m  
  [32;1m✓[39;22m[90m [39m[90mall account management actions create audit logs with timestamps @ repetition 56 of 100[39m[90m                     [39m [90m0.64s[39m  
  [32;1m✓[39;22m[90m [39m[90mall account management actions create audit logs with timestamps @ repetition 57 of 100[39m[90m                     [39m [90m0.64s[39m  
  [32;1m✓[39;22m[90m [39m[90mall account management actions create audit logs with timestamps @ repetition 58 of 100[39m[90m                     [39m [90m0.50s[39m  
  [32;1m✓[39;22m[90m [39m[90mall account management actions create audit logs with timestamps @ repetition 59 of 100[39m[90m                     [39m [90m0.46s[39m  
  [32;1m✓[39;22m[90m [39m[90mall account management actions create audit logs with timestamps @ repetition 60 of 100[39m[90m                     [39m [90m0.45s[39m  
  [32;1m✓[39;22m[90m [39m[90mall account management actions create audit logs with timestamps @ repetition 61 of 100[39m[90m                     [39m [90m0.46s[39m  
  [32;1m✓[39;22m[90m [39m[90mall account management actions create audit logs with timestamps @ repetition 62 of 100[39m[90m                     [39m [90m0.50s[39m  
  [32;1m✓[39;22m[90m [39m[90mall account management actions create audit logs with timestamps @ repetition 63 of 100[39m[90m                     [39m [90m0.46s[39m  
  [32;1m✓[39;22m[90m [39m[90mall account management actions create audit logs with timestamps @ repetition 64 of 100[39m[90m                     [39m [90m0.46s[39m  
  [32;1m✓[39;22m[90m [39m[90mall account management actions create audit logs with timestamps @ repetition 65 of 100[39m[90m                     [39m [90m0.50s[39m  
  [32;1m✓[39;22m[90m [39m[90mall account management actions create audit logs with timestamps @ repetition 66 of 100[39m[90m                     [39m [90m0.48s[39m  
  [32;1m✓[39;22m[90m [39m[90mall account management actions create audit logs with timestamps @ repetition 67 of 100[39m[90m                     [39m [90m0.51s[39m  
  [32;1m✓[39;22m[90m [39m[90mall account management actions create audit logs with timestamps @ repetition 68 of 100[39m[90m                     [39m [90m0.51s[39m  
  [32;1m✓[39;22m[90m [39m[90mall account management actions create audit logs with timestamps @ repetition 69 of 100[39m[90m                     [39m [90m0.51s[39m  
  [32;1m✓[39;22m[90m [39m[90mall account management actions create audit logs with timestamps @ repetition 70 of 100[39m[90m                     [39m [90m0.47s[39m  
  [32;1m✓[39;22m[90m [39m[90mall account management actions create audit logs with timestamps @ repetition 71 of 100[39m[90m                     [39m [90m0.45s[39m  
  [32;1m✓[39;22m[90m [39m[90mall account management actions create audit logs with timestamps @ repetition 72 of 100[39m[90m                     [39m [90m0.66s[39m  
  [32;1m✓[39;22m[90m [39m[90mall account management actions create audit logs with timestamps @ repetition 73 of 100[39m[90m                     [39m [90m0.61s[39m  
  [32;1m✓[39;22m[90m [39m[90mall account management actions create audit logs with timestamps @ repetition 74 of 100[39m[90m                     [39m [90m0.50s[39m  
  [32;1m✓[39;22m[90m [39m[90mall account management actions create audit logs with timestamps @ repetition 75 of 100[39m[90m                     [39m [90m0.60s[39m  
  [32;1m✓[39;22m[90m [39m[90mall account management actions create audit logs with timestamps @ repetition 76 of 100[39m[90m                     [39m [90m0.58s[39m  
  [32;1m✓[39;22m[90m [39m[90mall account management actions create audit logs with timestamps @ repetition 77 of 100[39m[90m                     [39m [90m0.48s[39m  
  [32;1m✓[39;22m[90m [39m[90mall account management actions create audit logs with timestamps @ repetition 78 of 100[39m[90m                     [39m [90m0.47s[39m  
  [32;1m✓[39;22m[90m [39m[90mall account management actions create audit logs with timestamps @ repetition 79 of 100[39m[90m                     [39m [90m0.46s[39m  
  [32;1m✓[39;22m[90m [39m[90mall account management actions create audit logs with timestamps @ repetition 80 of 100[39m[90m                     [39m [90m0.45s[39m  
  [32;1m✓[39;22m[90m [39m[90mall account management actions create audit logs with timestamps @ repetition 81 of 100[39m[90m                     [39m [90m0.46s[39m  
  [32;1m✓[39;22m[90m [39m[90mall account management actions create audit logs with timestamps @ repetition 82 of 100[39m[90m                     [39m [90m0.47s[39m  
  [32;1m✓[39;22m[90m [39m[90mall account management actions create audit logs with timestamps @ repetition 83 of 100[39m[90m                     [39m [90m0.51s[39m  
  [32;1m✓[39;22m[90m [39m[90mall account management actions create audit logs with timestamps @ repetition 84 of 100[39m[90m                     [39m [90m0.47s[39m  
  [32;1m✓[39;22m[90m [39m[90mall account management actions create audit logs with timestamps @ repetition 85 of 100[39m[90m                     [39m [90m0.57s[39m  
  [32;1m✓[39;22m[90m [39m[90mall account management actions create audit logs with timestamps @ repetition 86 of 100[39m[90m                     [39m [90m0.56s[39m  
  [32;1m✓[39;22m[90m [39m[90mall account management actions create audit logs with timestamps @ repetition 87 of 100[39m[90m                     [39m [90m0.53s[39m  
  [32;1m✓[39;22m[90m [39m[90mall account management actions create audit logs with timestamps @ repetition 88 of 100[39m[90m                     [39m [90m0.53s[39m  
  [32;1m✓[39;22m[90m [39m[90mall account management actions create audit logs with timestamps @ repetition 89 of 100[39m[90m                     [39m [90m0.51s[39m  
  [32;1m✓[39;22m[90m [39m[90mall account management actions create audit logs with timestamps @ repetition 90 of 100[39m[90m                     [39m [90m0.55s[39m  
  [32;1m✓[39;22m[90m [39m[90mall account management actions create audit logs with timestamps @ repetition 91 of 100[39m[90m                     [39m [90m0.51s[39m  
  [32;1m✓[39;22m[90m [39m[90mall account management actions create audit logs with timestamps @ repetition 92 of 100[39m[90m                     [39m [90m0.50s[39m  
  [32;1m✓[39;22m[90m [39m[90mall account management actions create audit logs with timestamps @ repetition 93 of 100[39m[90m                     [39m [90m0.48s[39m  
  [32;1m✓[39;22m[90m [39m[90mall account management actions create audit logs with timestamps @ repetition 94 of 100[39m[90m                     [39m [90m0.62s[39m  
  [32;1m✓[39;22m[90m [39m[90mall account management actions create audit logs with timestamps @ repetition 95 of 100[39m[90m                     [39m [90m0.75s[39m  
  [32;1m✓[39;22m[90m [39m[90mall account management actions create audit logs with timestamps @ repetition 96 of 100[39m[90m                     [39m [90m0.60s[39m  
  [32;1m✓[39;22m[90m [39m[90mall account management actions create audit logs with timestamps @ repetition 97 of 100[39m[90m                     [39m [90m0.66s[39m  
  [32;1m✓[39;22m[90m [39m[90mall account management actions create audit logs with timestamps @ repetition 98 of 100[39m[90m                     [39m [90m0.61s[39m  
  [32;1m✓[39;22m[90m [39m[90mall account management actions create audit logs with timestamps @ repetition 99 of 100[39m[90m                     [39m [90m0.62s[39m  
  [32;1m✓[39;22m[90m [39m[90mall account management actions create audit logs with timestamps @ repetition 100 of 100[39m[90m                    [39m [90m0.64s[39m  
  [32;1m✓[39;22m[90m [39m[90maudit logs maintain chronological order of actions @ repetition 1 of 100[39m[90m                                    [39m [90m2.71s[39m  
  [32;1m✓[39;22m[90m [39m[90maudit logs maintain chronological order of actions @ repetition 2 of 100[39m[90m                                    [39m [90m2.59s[39m  
  [32;1m✓[39;22m[90m [39m[90maudit logs maintain chronological order of actions @ repetition 3 of 100[39m[90m                                    [39m [90m2.49s[39m  
  [32;1m✓[39;22m[90m [39m[90maudit logs maintain chronological order of actions @ repetition 4 of 100[39m[90m                                    [39m [90m2.52s[39m  
  [32;1m✓[39;22m[90m [39m[90maudit logs maintain chronological order of actions @ repetition 5 of 100[39m[90m                                    [39m [90m2.53s[39m  
  [32;1m✓[39;22m[90m [39m[90maudit logs maintain chronological order of actions @ repetition 6 of 100[39m[90m                                    [39m [90m2.52s[39m  
  [32;1m✓[39;22m[90m [39m[90maudit logs maintain chronological order of actions @ repetition 7 of 100[39m[90m                                    [39m [90m2.50s[39m  
  [32;1m✓[39;22m[90m [39m[90maudit logs maintain chronological order of actions @ repetition 8 of 100[39m[90m                                    [39m [90m2.59s[39m  
  [32;1m✓[39;22m[90m [39m[90maudit logs maintain chronological order of actions @ repetition 9 of 100[39m[90m                                    [39m [90m2.57s[39m  
  [32;1m✓[39;22m[90m [39m[90maudit logs maintain chronological order of actions @ repetition 10 of 100[39m[90m                                   [39m [90m2.69s[39m  
  [32;1m✓[39;22m[90m [39m[90maudit logs maintain chronological order of actions @ repetition 11 of 100[39m[90m                                   [39m [90m2.63s[39m  
  [32;1m✓[39;22m[90m [39m[90maudit logs maintain chronological order of actions @ repetition 12 of 100[39m[90m                                   [39m [90m2.59s[39m  
  [32;1m✓[39;22m[90m [39m[90maudit logs maintain chronological order of actions @ repetition 13 of 100[39m[90m                                   [39m [90m2.57s[39m  
  [32;1m✓[39;22m[90m [39m[90maudit logs maintain chronological order of actions @ repetition 14 of 100[39m[90m                                   [39m [90m2.58s[39m  
  [32;1m✓[39;22m[90m [39m[90maudit logs maintain chronological order of actions @ repetition 15 of 100[39m[90m                                   [39m [90m2.59s[39m  
  [32;1m✓[39;22m[90m [39m[90maudit logs maintain chronological order of actions @ repetition 16 of 100[39m[90m                                   [39m [90m2.60s[39m  
  [32;1m✓[39;22m[90m [39m[90maudit logs maintain chronological order of actions @ repetition 17 of 100[39m[90m                                   [39m [90m2.59s[39m  
  [32;1m✓[39;22m[90m [39m[90maudit logs maintain chronological order of actions @ repetition 18 of 100[39m[90m                                   [39m [90m2.64s[39m  
  [32;1m✓[39;22m[90m [39m[90maudit logs maintain chronological order of actions @ repetition 19 of 100[39m[90m                                   [39m [90m2.59s[39m  
  [32;1m✓[39;22m[90m [39m[90maudit logs maintain chronological order of actions @ repetition 20 of 100[39m[90m                                   [39m [90m2.57s[39m  
  [32;1m✓[39;22m[90m [39m[90maudit logs maintain chronological order of actions @ repetition 21 of 100[39m[90m                                   [39m [90m2.55s[39m  
  [32;1m✓[39;22m[90m [39m[90maudit logs maintain chronological order of actions @ repetition 22 of 100[39m[90m                                   [39m [90m2.60s[39m  
  [32;1m✓[39;22m[90m [39m[90maudit logs maintain chronological order of actions @ repetition 23 of 100[39m[90m                                   [39m [90m2.60s[39m  
  [32;1m✓[39;22m[90m [39m[90maudit logs maintain chronological order of actions @ repetition 24 of 100[39m[90m                                   [39m [90m2.59s[39m  
  [32;1m✓[39;22m[90m [39m[90maudit logs maintain chronological order of actions @ repetition 25 of 100[39m[90m                                   [39m [90m2.67s[39m  
  [32;1m✓[39;22m[90m [39m[90maudit logs maintain chronological order of actions @ repetition 26 of 100[39m[90m                                   [39m [90m2.58s[39m  
  [32;1m✓[39;22m[90m [39m[90maudit logs maintain chronological order of actions @ repetition 27 of 100[39m[90m                                   [39m [90m2.58s[39m  
  [32;1m✓[39;22m[90m [39m[90maudit logs maintain chronological order of actions @ repetition 28 of 100[39m[90m                                   [39m [90m2.60s[39m  
  [32;1m✓[39;22m[90m [39m[90maudit logs maintain chronological order of actions @ repetition 29 of 100[39m[90m                                   [39m [90m2.58s[39m  
  [32;1m✓[39;22m[90m [39m[90maudit logs maintain chronological order of actions @ repetition 30 of 100[39m[90m                                   [39m [90m2.65s[39m  
  [32;1m✓[39;22m[90m [39m[90maudit logs maintain chronological order of actions @ repetition 31 of 100[39m[90m                                   [39m [90m2.62s[39m  
  [32;1m✓[39;22m[90m [39m[90maudit logs maintain chronological order of actions @ repetition 32 of 100[39m[90m                                   [39m [90m2.68s[39m  
  [32;1m✓[39;22m[90m [39m[90maudit logs maintain chronological order of actions @ repetition 33 of 100[39m[90m                                   [39m [90m2.62s[39m  
  [32;1m✓[39;22m[90m [39m[90maudit logs maintain chronological order of actions @ repetition 34 of 100[39m[90m                                   [39m [90m2.63s[39m  
  [32;1m✓[39;22m[90m [39m[90maudit logs maintain chronological order of actions @ repetition 35 of 100[39m[90m                                   [39m [90m2.63s[39m  
  [32;1m✓[39;22m[90m [39m[90maudit logs maintain chronological order of actions @ repetition 36 of 100[39m[90m                                   [39m [90m2.65s[39m  
  [32;1m✓[39;22m[90m [39m[90maudit logs maintain chronological order of actions @ repetition 37 of 100[39m[90m                                   [39m [90m2.65s[39m  
  [32;1m✓[39;22m[90m [39m[90maudit logs maintain chronological order of actions @ repetition 38 of 100[39m[90m                                   [39m [90m2.68s[39m  
  [32;1m✓[39;22m[90m [39m[90maudit logs maintain chronological order of actions @ repetition 39 of 100[39m[90m                                   [39m [90m2.73s[39m  
  [32;1m✓[39;22m[90m [39m[90maudit logs maintain chronological order of actions @ repetition 40 of 100[39m[90m                                   [39m [90m2.70s[39m  
  [32;1m✓[39;22m[90m [39m[90maudit logs maintain chronological order of actions @ repetition 41 of 100[39m[90m                                   [39m [90m2.80s[39m  
  [32;1m✓[39;22m[90m [39m[90maudit logs maintain chronological order of actions @ repetition 42 of 100[39m[90m                                   [39m [90m2.72s[39m  
  [32;1m✓[39;22m[90m [39m[90maudit logs maintain chronological order of actions @ repetition 43 of 100[39m[90m                                   [39m [90m2.75s[39m  
  [32;1m✓[39;22m[90m [39m[90maudit logs maintain chronological order of actions @ repetition 44 of 100[39m[90m                                   [39m [90m2.77s[39m  
  [32;1m✓[39;22m[90m [39m[90maudit logs maintain chronological order of actions @ repetition 45 of 100[39m[90m                                   [39m [90m2.80s[39m  
  [32;1m✓[39;22m[90m [39m[90maudit logs maintain chronological order of actions @ repetition 46 of 100[39m[90m                                   [39m [90m2.90s[39m  
  [32;1m✓[39;22m[90m [39m[90maudit logs maintain chronological order of actions @ repetition 47 of 100[39m[90m                                   [39m [90m2.82s[39m  
  [32;1m✓[39;22m[90m [39m[90maudit logs maintain chronological order of actions @ repetition 48 of 100[39m[90m                                   [39m [90m2.80s[39m  
  [32;1m✓[39;22m[90m [39m[90maudit logs maintain chronological order of actions @ repetition 49 of 100[39m[90m                                   [39m [90m2.82s[39m  
  [32;1m✓[39;22m[90m [39m[90maudit logs maintain chronological order of actions @ repetition 50 of 100[39m[90m                                   [39m [90m2.85s[39m  
  [32;1m✓[39;22m[90m [39m[90maudit logs maintain chronological order of actions @ repetition 51 of 100[39m[90m                                   [39m [90m2.82s[39m  
  [32;1m✓[39;22m[90m [39m[90maudit logs maintain chronological order of actions @ repetition 52 of 100[39m[90m                                   [39m [90m3.07s[39m  
  [32;1m✓[39;22m[90m [39m[90maudit logs maintain chronological order of actions @ repetition 53 of 100[39m[90m                                   [39m [90m3.40s[39m  
  [32;1m✓[39;22m[90m [39m[90maudit logs maintain chronological order of actions @ repetition 54 of 100[39m[90m                                   [39m [90m3.30s[39m  
  [32;1m✓[39;22m[90m [39m[90maudit logs maintain chronological order of actions @ repetition 55 of 100[39m[90m                                   [39m [90m3.48s[39m  
  [32;1m✓[39;22m[90m [39m[90maudit logs maintain chronological order of actions @ repetition 56 of 100[39m[90m                                   [39m [90m3.23s[39m  
  [32;1m✓[39;22m[90m [39m[90maudit logs maintain chronological order of actions @ repetition 57 of 100[39m[90m                                   [39m [90m3.23s[39m  
  [32;1m✓[39;22m[90m [39m[90maudit logs maintain chronological order of actions @ repetition 58 of 100[39m[90m                                   [39m [90m3.35s[39m  
  [32;1m✓[39;22m[90m [39m[90maudit logs maintain chronological order of actions @ repetition 59 of 100[39m[90m                                   [39m [90m2.78s[39m  
  [32;1m✓[39;22m[90m [39m[90maudit logs maintain chronological order of actions @ repetition 60 of 100[39m[90m                                   [39m [90m2.87s[39m  
  [32;1m✓[39;22m[90m [39m[90maudit logs maintain chronological order of actions @ repetition 61 of 100[39m[90m                                   [39m [90m3.15s[39m  
  [32;1m✓[39;22m[90m [39m[90maudit logs maintain chronological order of actions @ repetition 62 of 100[39m[90m                                   [39m [90m2.75s[39m  
  [32;1m✓[39;22m[90m [39m[90maudit logs maintain chronological order of actions @ repetition 63 of 100[39m[90m                                   [39m [90m2.83s[39m  
  [32;1m✓[39;22m[90m [39m[90maudit logs maintain chronological order of actions @ repetition 64 of 100[39m[90m                                   [39m [90m2.63s[39m  
  [32;1m✓[39;22m[90m [39m[90maudit logs maintain chronological order of actions @ repetition 65 of 100[39m[90m                                   [39m [90m2.63s[39m  
  [32;1m✓[39;22m[90m [39m[90maudit logs maintain chronological order of actions @ repetition 66 of 100[39m[90m                                   [39m [90m2.78s[39m  
  [32;1m✓[39;22m[90m [39m[90maudit logs maintain chronological order of actions @ repetition 67 of 100[39m[90m                                   [39m [90m2.68s[39m  
  [32;1m✓[39;22m[90m [39m[90maudit logs maintain chronological order of actions @ repetition 68 of 100[39m[90m                                   [39m [90m2.55s[39m  
  [32;1m✓[39;22m[90m [39m[90maudit logs maintain chronological order of actions @ repetition 69 of 100[39m[90m                                   [39m [90m2.60s[39m  
  [32;1m✓[39;22m[90m [39m[90maudit logs maintain chronological order of actions @ repetition 70 of 100[39m[90m                                   [39m [90m2.73s[39m  
  [32;1m✓[39;22m[90m [39m[90maudit logs maintain chronological order of actions @ repetition 71 of 100[39m[90m                                   [39m [90m2.62s[39m  
  [32;1m✓[39;22m[90m [39m[90maudit logs maintain chronological order of actions @ repetition 72 of 100[39m[90m                                   [39m [90m2.60s[39m  
  [32;1m✓[39;22m[90m [39m[90maudit logs maintain chronological order of actions @ repetition 73 of 100[39m[90m                                   [39m [90m2.63s[39m  
  [32;1m✓[39;22m[90m [39m[90maudit logs maintain chronological order of actions @ repetition 74 of 100[39m[90m                                   [39m [90m2.64s[39m  
  [32;1m✓[39;22m[90m [39m[90maudit logs maintain chronological order of actions @ repetition 75 of 100[39m[90m                                   [39m [90m2.58s[39m  
  [32;1m✓[39;22m[90m [39m[90maudit logs maintain chronological order of actions @ repetition 76 of 100[39m[90m                                   [39m [90m2.68s[39m  
  [32;1m✓[39;22m[90m [39m[90maudit logs maintain chronological order of actions @ repetition 77 of 100[39m[90m                                   [39m [90m2.57s[39m  
  [32;1m✓[39;22m[90m [39m[90maudit logs maintain chronological order of actions @ repetition 78 of 100[39m[90m                                   [39m [90m2.58s[39m  
  [32;1m✓[39;22m[90m [39m[90maudit logs maintain chronological order of actions @ repetition 79 of 100[39m[90m                                   [39m [90m2.57s[39m  
  [32;1m✓[39;22m[90m [39m[90maudit logs maintain chronological order of actions @ repetition 80 of 100[39m[90m                                   [39m [90m2.67s[39m  
  [32;1m✓[39;22m[90m [39m[90maudit logs maintain chronological order of actions @ repetition 81 of 100[39m[90m                                   [39m [90m2.63s[39m  
  [32;1m✓[39;22m[90m [39m[90maudit logs maintain chronological order of actions @ repetition 82 of 100[39m[90m                                   [39m [90m2.64s[39m  
  [32;1m✓[39;22m[90m [39m[90maudit logs maintain chronological order of actions @ repetition 83 of 100[39m[90m                                   [39m [90m2.57s[39m  
  [32;1m✓[39;22m[90m [39m[90maudit logs maintain chronological order of actions @ repetition 84 of 100[39m[90m                                   [39m [90m2.65s[39m  
  [32;1m✓[39;22m[90m [39m[90maudit logs maintain chronological order of actions @ repetition 85 of 100[39m[90m                                   [39m [90m2.60s[39m  
  [32;1m✓[39;22m[90m [39m[90maudit logs maintain chronological order of actions @ repetition 86 of 100[39m[90m                                   [39m [90m2.58s[39m  
  [32;1m✓[39;22m[90m [39m[90maudit logs maintain chronological order of actions @ repetition 87 of 100[39m[90m                                   [39m [90m2.58s[39m  
  [32;1m✓[39;22m[90m [39m[90maudit logs maintain chronological order of actions @ repetition 88 of 100[39m[90m                                   [39m [90m2.63s[39m  
  [32;1m✓[39;22m[90m [39m[90maudit logs maintain chronological order of actions @ repetition 89 of 100[39m[90m                                   [39m [90m2.58s[39m  
  [32;1m✓[39;22m[90m [39m[90maudit logs maintain chronological order of actions @ repetition 90 of 100[39m[90m                                   [39m [90m2.58s[39m  
  [32;1m✓[39;22m[90m [39m[90maudit logs maintain chronological order of actions @ repetition 91 of 100[39m[90m                                   [39m [90m2.60s[39m  
  [32;1m✓[39;22m[90m [39m[90maudit logs maintain chronological order of actions @ repetition 92 of 100[39m[90m                                   [39m [90m2.60s[39m  
  [32;1m✓[39;22m[90m [39m[90maudit logs maintain chronological order of actions @ repetition 93 of 100[39m[90m                                   [39m [90m2.58s[39m  
  [32;1m✓[39;22m[90m [39m[90maudit logs maintain chronological order of actions @ repetition 94 of 100[39m[90m                                   [39m [90m2.58s[39m  
  [32;1m✓[39;22m[90m [39m[90maudit logs maintain chronological order of actions @ repetition 95 of 100[39m[90m                                   [39m [90m2.65s[39m  
  [32;1m✓[39;22m[90m [39m[90maudit logs maintain chronological order of actions @ repetition 96 of 100[39m[90m                                   [39m [90m2.58s[39m  
  [32;1m✓[39;22m[90m [39m[90maudit logs maintain chronological order of actions @ repetition 97 of 100[39m[90m                                   [39m [90m2.77s[39m  
  [32;1m✓[39;22m[90m [39m[90maudit logs maintain chronological order of actions @ repetition 98 of 100[39m[90m                                   [39m [90m2.73s[39m  
  [32;1m✓[39;22m[90m [39m[90maudit logs maintain chronological order of actions @ repetition 99 of 100[39m[90m                                   [39m [90m2.70s[39m  
  [32;1m✓[39;22m[90m [39m[90maudit logs maintain chronological order of actions @ repetition 100 of 100[39m[90m                                  [39m [90m2.71s[39m  
  [32;1m✓[39;22m[90m [39m[90mmultiple admins actions are logged with correct performer @ repetition 1 of 100[39m[90m                             [39m [90m2.71s[39m  
  [32;1m✓[39;22m[90m [39m[90mmultiple admins actions are logged with correct performer @ repetition 2 of 100[39m[90m                             [39m [90m2.81s[39m  
  [32;1m✓[39;22m[90m [39m[90mmultiple admins actions are logged with correct performer @ repetition 3 of 100[39m[90m                             [39m [90m2.84s[39m  
  [32;1m✓[39;22m[90m [39m[90mmultiple admins actions are logged with correct performer @ repetition 4 of 100[39m[90m                             [39m [90m1.61s[39m  
  [32;1m✓[39;22m[90m [39m[90mmultiple admins actions are logged with correct performer @ repetition 5 of 100[39m[90m                             [39m [90m2.56s[39m  
  [32;1m✓[39;22m[90m [39m[90mmultiple admins actions are logged with correct performer @ repetition 6 of 100[39m[90m                             [39m [90m2.61s[39m  
  [32;1m✓[39;22m[90m [39m[90mmultiple admins actions are logged with correct performer @ repetition 7 of 100[39m[90m                             [39m [90m3.72s[39m  
  [32;1m✓[39;22m[90m [39m[90mmultiple admins actions are logged with correct performer @ repetition 8 of 100[39m[90m                             [39m [90m1.17s[39m  
  [32;1m✓[39;22m[90m [39m[90mmultiple admins actions are logged with correct performer @ repetition 9 of 100[39m[90m                             [39m [90m2.01s[39m  
  [32;1m✓[39;22m[90m [39m[90mmultiple admins actions are logged with correct performer @ repetition 10 of 100[39m[90m                            [39m [90m3.30s[39m  
  [32;1m✓[39;22m[90m [39m[90mmultiple admins actions are logged with correct performer @ repetition 11 of 100[39m[90m                            [39m [90m2.05s[39m  
  [32;1m✓[39;22m[90m [39m[90mmultiple admins actions are logged with correct performer @ repetition 12 of 100[39m[90m                            [39m [90m2.05s[39m  
  [32;1m✓[39;22m[90m [39m[90mmultiple admins actions are logged with correct performer @ repetition 13 of 100[39m[90m                            [39m [90m2.28s[39m  
  [32;1m✓[39;22m[90m [39m[90mmultiple admins actions are logged with correct performer @ repetition 14 of 100[39m[90m                            [39m [90m3.09s[39m  
  [32;1m✓[39;22m[90m [39m[90mmultiple admins actions are logged with correct performer @ repetition 15 of 100[39m[90m                            [39m [90m3.25s[39m  
  [32;1m✓[39;22m[90m [39m[90mmultiple admins actions are logged with correct performer @ repetition 16 of 100[39m[90m                            [39m [90m2.48s[39m  
  [32;1m✓[39;22m[90m [39m[90mmultiple admins actions are logged with correct performer @ repetition 17 of 100[39m[90m                            [39m [90m2.08s[39m  
  [32;1m✓[39;22m[90m [39m[90mmultiple admins actions are logged with correct performer @ repetition 18 of 100[39m[90m                            [39m [90m3.29s[39m  
  [32;1m✓[39;22m[90m [39m[90mmultiple admins actions are logged with correct performer @ repetition 19 of 100[39m[90m                            [39m [90m2.39s[39m  
  [32;1m✓[39;22m[90m [39m[90mmultiple admins actions are logged with correct performer @ repetition 20 of 100[39m[90m                            [39m [90m3.66s[39m  
  [32;1m✓[39;22m[90m [39m[90mmultiple admins actions are logged with correct performer @ repetition 21 of 100[39m[90m                            [39m [90m1.38s[39m  
  [32;1m✓[39;22m[90m [39m[90mmultiple admins actions are logged with correct performer @ repetition 22 of 100[39m[90m                            [39m [90m1.46s[39m  
  [32;1m✓[39;22m[90m [39m[90mmultiple admins actions are logged with correct performer @ repetition 23 of 100[39m[90m                            [39m [90m2.86s[39m  
  [32;1m✓[39;22m[90m [39m[90mmultiple admins actions are logged with correct performer @ repetition 24 of 100[39m[90m                            [39m [90m2.64s[39m  
  [32;1m✓[39;22m[90m [39m[90mmultiple admins actions are logged with correct performer @ repetition 25 of 100[39m[90m                            [39m [90m1.84s[39m  
  [32;1m✓[39;22m[90m [39m[90mmultiple admins actions are logged with correct performer @ repetition 26 of 100[39m[90m                            [39m [90m3.17s[39m  
  [32;1m✓[39;22m[90m [39m[90mmultiple admins actions are logged with correct performer @ repetition 27 of 100[39m[90m                            [39m [90m1.02s[39m  
  [32;1m✓[39;22m[90m [39m[90mmultiple admins actions are logged with correct performer @ repetition 28 of 100[39m[90m                            [39m [90m1.97s[39m  
  [32;1m✓[39;22m[90m [39m[90mmultiple admins actions are logged with correct performer @ repetition 29 of 100[39m[90m                            [39m [90m1.80s[39m  
  [32;1m✓[39;22m[90m [39m[90mmultiple admins actions are logged with correct performer @ repetition 30 of 100[39m[90m                            [39m [90m2.74s[39m  
  [32;1m✓[39;22m[90m [39m[90mmultiple admins actions are logged with correct performer @ repetition 31 of 100[39m[90m                            [39m [90m1.20s[39m  
  [32;1m✓[39;22m[90m [39m[90mmultiple admins actions are logged with correct performer @ repetition 32 of 100[39m[90m                            [39m [90m2.15s[39m  
  [32;1m✓[39;22m[90m [39m[90mmultiple admins actions are logged with correct performer @ repetition 33 of 100[39m[90m                            [39m [90m2.25s[39m  
  [32;1m✓[39;22m[90m [39m[90mmultiple admins actions are logged with correct performer @ repetition 34 of 100[39m[90m                            [39m [90m2.51s[39m  
  [32;1m✓[39;22m[90m [39m[90mmultiple admins actions are logged with correct performer @ repetition 35 of 100[39m[90m                            [39m [90m1.03s[39m  
  [32;1m✓[39;22m[90m [39m[90mmultiple admins actions are logged with correct performer @ repetition 36 of 100[39m[90m                            [39m [90m2.26s[39m  
  [32;1m✓[39;22m[90m [39m[90mmultiple admins actions are logged with correct performer @ repetition 37 of 100[39m[90m                            [39m [90m1.96s[39m  
  [32;1m✓[39;22m[90m [39m[90mmultiple admins actions are logged with correct performer @ repetition 38 of 100[39m[90m                            [39m [90m2.26s[39m  
  [32;1m✓[39;22m[90m [39m[90mmultiple admins actions are logged with correct performer @ repetition 39 of 100[39m[90m                            [39m [90m2.47s[39m  
  [32;1m✓[39;22m[90m [39m[90mmultiple admins actions are logged with correct performer @ repetition 40 of 100[39m[90m                            [39m [90m1.58s[39m  
  [32;1m✓[39;22m[90m [39m[90mmultiple admins actions are logged with correct performer @ repetition 41 of 100[39m[90m                            [39m [90m1.37s[39m  
  [32;1m✓[39;22m[90m [39m[90mmultiple admins actions are logged with correct performer @ repetition 42 of 100[39m[90m                            [39m [90m2.92s[39m  
  [32;1m✓[39;22m[90m [39m[90mmultiple admins actions are logged with correct performer @ repetition 43 of 100[39m[90m                            [39m [90m2.53s[39m  
  [32;1m✓[39;22m[90m [39m[90mmultiple admins actions are logged with correct performer @ repetition 44 of 100[39m[90m                            [39m [90m1.96s[39m  
  [32;1m✓[39;22m[90m [39m[90mmultiple admins actions are logged with correct performer @ repetition 45 of 100[39m[90m                            [39m [90m2.50s[39m  
  [32;1m✓[39;22m[90m [39m[90mmultiple admins actions are logged with correct performer @ repetition 46 of 100[39m[90m                            [39m [90m1.16s[39m  
  [32;1m✓[39;22m[90m [39m[90mmultiple admins actions are logged with correct performer @ repetition 47 of 100[39m[90m                            [39m [90m3.47s[39m  
  [32;1m✓[39;22m[90m [39m[90mmultiple admins actions are logged with correct performer @ repetition 48 of 100[39m[90m                            [39m [90m3.36s[39m  
  [32;1m✓[39;22m[90m [39m[90mmultiple admins actions are logged with correct performer @ repetition 49 of 100[39m[90m                            [39m [90m2.11s[39m  
  [32;1m✓[39;22m[90m [39m[90mmultiple admins actions are logged with correct performer @ repetition 50 of 100[39m[90m                            [39m [90m1.66s[39m  
  [32;1m✓[39;22m[90m [39m[90mmultiple admins actions are logged with correct performer @ repetition 51 of 100[39m[90m                            [39m [90m2.53s[39m  
  [32;1m✓[39;22m[90m [39m[90mmultiple admins actions are logged with correct performer @ repetition 52 of 100[39m[90m                            [39m [90m2.25s[39m  
  [32;1m✓[39;22m[90m [39m[90mmultiple admins actions are logged with correct performer @ repetition 53 of 100[39m[90m                            [39m [90m1.78s[39m  
  [32;1m✓[39;22m[90m [39m[90mmultiple admins actions are logged with correct performer @ repetition 54 of 100[39m[90m                            [39m [90m2.50s[39m  
  [32;1m✓[39;22m[90m [39m[90mmultiple admins actions are logged with correct performer @ repetition 55 of 100[39m[90m                            [39m [90m2.43s[39m  
  [32;1m✓[39;22m[90m [39m[90mmultiple admins actions are logged with correct performer @ repetition 56 of 100[39m[90m                            [39m [90m1.56s[39m  
  [32;1m✓[39;22m[90m [39m[90mmultiple admins actions are logged with correct performer @ repetition 57 of 100[39m[90m                            [39m [90m2.82s[39m  
  [32;1m✓[39;22m[90m [39m[90mmultiple admins actions are logged with correct performer @ repetition 58 of 100[39m[90m                            [39m [90m4.02s[39m  
  [32;1m✓[39;22m[90m [39m[90mmultiple admins actions are logged with correct performer @ repetition 59 of 100[39m[90m                            [39m [90m2.22s[39m  
  [32;1m✓[39;22m[90m [39m[90mmultiple admins actions are logged with correct performer @ repetition 60 of 100[39m[90m                            [39m [90m1.40s[39m  
  [32;1m✓[39;22m[90m [39m[90mmultiple admins actions are logged with correct performer @ repetition 61 of 100[39m[90m                            [39m [90m3.44s[39m  
  [32;1m✓[39;22m[90m [39m[90mmultiple admins actions are logged with correct performer @ repetition 62 of 100[39m[90m                            [39m [90m2.10s[39m  
  [32;1m✓[39;22m[90m [39m[90mmultiple admins actions are logged with correct performer @ repetition 63 of 100[39m[90m                            [39m [90m1.78s[39m  
  [32;1m✓[39;22m[90m [39m[90mmultiple admins actions are logged with correct performer @ repetition 64 of 100[39m[90m                            [39m [90m1.98s[39m  
  [32;1m✓[39;22m[90m [39m[90mmultiple admins actions are logged with correct performer @ repetition 65 of 100[39m[90m                            [39m [90m1.86s[39m  
  [32;1m✓[39;22m[90m [39m[90mmultiple admins actions are logged with correct performer @ repetition 66 of 100[39m[90m                            [39m [90m2.04s[39m  
  [32;1m✓[39;22m[90m [39m[90mmultiple admins actions are logged with correct performer @ repetition 67 of 100[39m[90m                            [39m [90m1.28s[39m  
  [32;1m✓[39;22m[90m [39m[90mmultiple admins actions are logged with correct performer @ repetition 68 of 100[39m[90m                            [39m [90m3.73s[39m  
  [32;1m✓[39;22m[90m [39m[90mmultiple admins actions are logged with correct performer @ repetition 69 of 100[39m[90m                            [39m [90m2.55s[39m  
  [32;1m✓[39;22m[90m [39m[90mmultiple admins actions are logged with correct performer @ repetition 70 of 100[39m[90m                            [39m [90m2.12s[39m  
  [32;1m✓[39;22m[90m [39m[90mmultiple admins actions are logged with correct performer @ repetition 71 of 100[39m[90m                            [39m [90m2.01s[39m  
  [32;1m✓[39;22m[90m [39m[90mmultiple admins actions are logged with correct performer @ repetition 72 of 100[39m[90m                            [39m [90m2.36s[39m  
  [32;1m✓[39;22m[90m [39m[90mmultiple admins actions are logged with correct performer @ repetition 73 of 100[39m[90m                            [39m [90m1.59s[39m  
  [32;1m✓[39;22m[90m [39m[90mmultiple admins actions are logged with correct performer @ repetition 74 of 100[39m[90m                            [39m [90m2.14s[39m  
  [32;1m✓[39;22m[90m [39m[90mmultiple admins actions are logged with correct performer @ repetition 75 of 100[39m[90m                            [39m [90m2.30s[39m  
  [32;1m✓[39;22m[90m [39m[90mmultiple admins actions are logged with correct performer @ repetition 76 of 100[39m[90m                            [39m [90m2.91s[39m  
  [32;1m✓[39;22m[90m [39m[90mmultiple admins actions are logged with correct performer @ repetition 77 of 100[39m[90m                            [39m [90m2.03s[39m  
  [32;1m✓[39;22m[90m [39m[90mmultiple admins actions are logged with correct performer @ repetition 78 of 100[39m[90m                            [39m [90m3.67s[39m  
  [32;1m✓[39;22m[90m [39m[90mmultiple admins actions are logged with correct performer @ repetition 79 of 100[39m[90m                            [39m [90m1.51s[39m  
  [32;1m✓[39;22m[90m [39m[90mmultiple admins actions are logged with correct performer @ repetition 80 of 100[39m[90m                            [39m [90m1.26s[39m  
  [32;1m✓[39;22m[90m [39m[90mmultiple admins actions are logged with correct performer @ repetition 81 of 100[39m[90m                            [39m [90m2.30s[39m  
  [32;1m✓[39;22m[90m [39m[90mmultiple admins actions are logged with correct performer @ repetition 82 of 100[39m[90m                            [39m [90m2.03s[39m  
  [32;1m✓[39;22m[90m [39m[90mmultiple admins actions are logged with correct performer @ repetition 83 of 100[39m[90m                            [39m [90m3.26s[39m  
  [32;1m✓[39;22m[90m [39m[90mmultiple admins actions are logged with correct performer @ repetition 84 of 100[39m[90m                            [39m [90m2.57s[39m  
  [32;1m✓[39;22m[90m [39m[90mmultiple admins actions are logged with correct performer @ repetition 85 of 100[39m[90m                            [39m [90m2.01s[39m  
  [32;1m✓[39;22m[90m [39m[90mmultiple admins actions are logged with correct performer @ repetition 86 of 100[39m[90m                            [39m [90m1.12s[39m  
  [32;1m✓[39;22m[90m [39m[90mmultiple admins actions are logged with correct performer @ repetition 87 of 100[39m[90m                            [39m [90m1.66s[39m  
  [32;1m✓[39;22m[90m [39m[90mmultiple admins actions are logged with correct performer @ repetition 88 of 100[39m[90m                            [39m [90m2.52s[39m  
  [32;1m✓[39;22m[90m [39m[90mmultiple admins actions are logged with correct performer @ repetition 89 of 100[39m[90m                            [39m [90m2.83s[39m  
  [32;1m✓[39;22m[90m [39m[90mmultiple admins actions are logged with correct performer @ repetition 90 of 100[39m[90m                            [39m [90m1.93s[39m  
  [32;1m✓[39;22m[90m [39m[90mmultiple admins actions are logged with correct performer @ repetition 91 of 100[39m[90m                            [39m [90m2.78s[39m  
  [32;1m✓[39;22m[90m [39m[90mmultiple admins actions are logged with correct performer @ repetition 92 of 100[39m[90m                            [39m [90m2.47s[39m  
  [32;1m✓[39;22m[90m [39m[90mmultiple admins actions are logged with correct performer @ repetition 93 of 100[39m[90m                            [39m [90m1.63s[39m  
  [32;1m✓[39;22m[90m [39m[90mmultiple admins actions are logged with correct performer @ repetition 94 of 100[39m[90m                            [39m [90m1.61s[39m  
  [32;1m✓[39;22m[90m [39m[90mmultiple admins actions are logged with correct performer @ repetition 95 of 100[39m[90m                            [39m [90m2.17s[39m  
  [32;1m✓[39;22m[90m [39m[90mmultiple admins actions are logged with correct performer @ repetition 96 of 100[39m[90m                            [39m [90m2.75s[39m  
  [32;1m✓[39;22m[90m [39m[90mmultiple admins actions are logged with correct performer @ repetition 97 of 100[39m[90m                            [39m [90m1.99s[39m  
  [32;1m✓[39;22m[90m [39m[90mmultiple admins actions are logged with correct performer @ repetition 98 of 100[39m[90m                            [39m [90m4.05s[39m  
  [32;1m✓[39;22m[90m [39m[90mmultiple admins actions are logged with correct performer @ repetition 99 of 100[39m[90m                            [39m [90m3.01s[39m  
  [32;1m✓[39;22m[90m [39m[90mmultiple admins actions are logged with correct performer @ repetition 100 of 100[39m[90m                           [39m [90m3.08s[39m  

  [39;41;1m FAIL [39;49;22m[39m Tests\Feature\AuthenticationTest[39m
  [31;1m⨯[39;22m[90m [39m[90madmin can login with valid credentials and redirects to admin dashboard[39m[90m                                     [39m [90m0.93s[39m  
  [31;1m⨯[39;22m[90m [39m[90mmanager can login with valid credentials and redirects to manager dashboard[39m[90m                                 [39m [90m0.32s[39m  
  [31;1m⨯[39;22m[90m [39m[90mtenant can login with valid credentials and redirects to tenant dashboard[39m[90m                                   [39m [90m0.37s[39m  
  [31;1m⨯[39;22m[90m [39m[90mlogin fails with invalid email[39m[90m                                                                              [39m [90m0.36s[39m  
  [31;1m⨯[39;22m[90m [39m[90mlogin fails with invalid password[39m[90m                                                                           [39m [90m0.33s[39m  
  [31;1m⨯[39;22m[90m [39m[90mlogin fails with missing credentials[39m[90m                                                                        [39m [90m0.14s[39m  
  [31;1m⨯[39;22m[90m [39m[90mlogin returns error message for invalid credentials[39m[90m                                                         [39m [90m0.34s[39m  
  [31;1m⨯[39;22m[90m [39m[90mlogout clears session and redirects to home[39m[90m                                                                 [39m [90m0.22s[39m  
  [32;1m✓[39;22m[90m [39m[90mlogout invalidates session[39m[90m                                                                                  [39m [90m0.12s[39m  
  [32;1m✓[39;22m[90m [39m[90mauthenticated admin can access admin dashboard[39m[90m                                                              [39m [90m0.24s[39m  
  [32;1m✓[39;22m[90m [39m[90mauthenticated manager can access manager dashboard[39m[90m                                                          [39m [90m0.13s[39m  
  [32;1m✓[39;22m[90m [39m[90mauthenticated tenant can access tenant dashboard[39m[90m                                                            [39m [90m0.13s[39m  
  [32;1m✓[39;22m[90m [39m[90munauthenticated user cannot access admin dashboard[39m[90m                                                          [39m [90m0.10s[39m  
  [32;1m✓[39;22m[90m [39m[90munauthenticated user cannot access manager dashboard[39m[90m                                                        [39m [90m0.17s[39m  
  [32;1m✓[39;22m[90m [39m[90munauthenticated user cannot access tenant dashboard[39m[90m                                                         [39m [90m0.17s[39m  
  [31;1m⨯[39;22m[90m [39m[90mlogin with remember me sets remember token[39m[90m                                                                  [39m [90m0.48s[39m  
  [32;1m✓[39;22m[90m [39m[90msession is regenerated on successful login[39m[90m                                                                  [39m [90m0.42s[39m  

  [39;41;1m FAIL [39;49;22m[39m Tests\Feature\AuthenticationTestingPropertiesTest[39m
  [32;1m✓[39;22m[90m [39m[90mall test users created by seeder have non-null tenant_id @ repetition 1 of 100[39m[90m                              [39m [90m0.45s[39m  
  [32;1m✓[39;22m[90m [39m[90mall test users created by seeder have non-null tenant_id @ repetition 2 of 100[39m[90m                              [39m [90m0.35s[39m  
  [32;1m✓[39;22m[90m [39m[90mall test users created by seeder have non-null tenant_id @ repetition 3 of 100[39m[90m                              [39m [90m0.41s[39m  
  [32;1m✓[39;22m[90m [39m[90mall test users created by seeder have non-null tenant_id @ repetition 4 of 100[39m[90m                              [39m [90m0.43s[39m  
  [32;1m✓[39;22m[90m [39m[90mall test users created by seeder have non-null tenant_id @ repetition 5 of 100[39m[90m                              [39m [90m0.44s[39m  
  [32;1m✓[39;22m[90m [39m[90mall test users created by seeder have non-null tenant_id @ repetition 6 of 100[39m[90m                              [39m [90m0.42s[39m  
  [32;1m✓[39;22m[90m [39m[90mall test users created by seeder have non-null tenant_id @ repetition 7 of 100[39m[90m                              [39m [90m0.40s[39m  
  [32;1m✓[39;22m[90m [39m[90mall test users created by seeder have non-null tenant_id @ repetition 8 of 100[39m[90m                              [39m [90m0.35s[39m  
  [32;1m✓[39;22m[90m [39m[90mall test users created by seeder have non-null tenant_id @ repetition 9 of 100[39m[90m                              [39m [90m0.45s[39m  
  [32;1m✓[39;22m[90m [39m[90mall test users created by seeder have non-null tenant_id @ repetition 10 of 100[39m[90m                             [39m [90m0.38s[39m  
  [32;1m✓[39;22m[90m [39m[90mall test users created by seeder have non-null tenant_id @ repetition 11 of 100[39m[90m                             [39m [90m0.41s[39m  
  [32;1m✓[39;22m[90m [39m[90mall test users created by seeder have non-null tenant_id @ repetition 12 of 100[39m[90m                             [39m [90m0.41s[39m  
  [32;1m✓[39;22m[90m [39m[90mall test users created by seeder have non-null tenant_id @ repetition 13 of 100[39m[90m                             [39m [90m0.39s[39m  
  [32;1m✓[39;22m[90m [39m[90mall test users created by seeder have non-null tenant_id @ repetition 14 of 100[39m[90m                             [39m [90m0.40s[39m  
  [32;1m✓[39;22m[90m [39m[90mall test users created by seeder have non-null tenant_id @ repetition 15 of 100[39m[90m                             [39m [90m0.47s[39m  
  [32;1m✓[39;22m[90m [39m[90mall test users created by seeder have non-null tenant_id @ repetition 16 of 100[39m[90m                             [39m [90m0.42s[39m  
  [32;1m✓[39;22m[90m [39m[90mall test users created by seeder have non-null tenant_id @ repetition 17 of 100[39m[90m                             [39m [90m0.41s[39m  
  [32;1m✓[39;22m[90m [39m[90mall test users created by seeder have non-null tenant_id @ repetition 18 of 100[39m[90m                             [39m [90m0.42s[39m  
  [32;1m✓[39;22m[90m [39m[90mall test users created by seeder have non-null tenant_id @ repetition 19 of 100[39m[90m                             [39m [90m0.44s[39m  
  [32;1m✓[39;22m[90m [39m[90mall test users created by seeder have non-null tenant_id @ repetition 20 of 100[39m[90m                             [39m [90m0.42s[39m  
  [32;1m✓[39;22m[90m [39m[90mall test users created by seeder have non-null tenant_id @ repetition 21 of 100[39m[90m                             [39m [90m0.41s[39m  
  [32;1m✓[39;22m[90m [39m[90mall test users created by seeder have non-null tenant_id @ repetition 22 of 100[39m[90m                             [39m [90m0.38s[39m  
  [32;1m✓[39;22m[90m [39m[90mall test users created by seeder have non-null tenant_id @ repetition 23 of 100[39m[90m                             [39m [90m0.43s[39m  
  [32;1m✓[39;22m[90m [39m[90mall test users created by seeder have non-null tenant_id @ repetition 24 of 100[39m[90m                             [39m [90m0.57s[39m  
  [32;1m✓[39;22m[90m [39m[90mall test users created by seeder have non-null tenant_id @ repetition 25 of 100[39m[90m                             [39m [90m0.52s[39m  
  [32;1m✓[39;22m[90m [39m[90mall test users created by seeder have non-null tenant_id @ repetition 26 of 100[39m[90m                             [39m [90m0.46s[39m  
  [32;1m✓[39;22m[90m [39m[90mall test users created by seeder have non-null tenant_id @ repetition 27 of 100[39m[90m                             [39m [90m0.45s[39m  
  [32;1m✓[39;22m[90m [39m[90mall test users created by seeder have non-null tenant_id @ repetition 28 of 100[39m[90m                             [39m [90m0.45s[39m  
  [32;1m✓[39;22m[90m [39m[90mall test users created by seeder have non-null tenant_id @ repetition 29 of 100[39m[90m                             [39m [90m0.46s[39m  
  [32;1m✓[39;22m[90m [39m[90mall test users created by seeder have non-null tenant_id @ repetition 30 of 100[39m[90m                             [39m [90m0.45s[39m  
  [32;1m✓[39;22m[90m [39m[90mall test users created by seeder have non-null tenant_id @ repetition 31 of 100[39m[90m                             [39m [90m0.38s[39m  
  [32;1m✓[39;22m[90m [39m[90mall test users created by seeder have non-null tenant_id @ repetition 32 of 100[39m[90m                             [39m [90m0.39s[39m  
  [32;1m✓[39;22m[90m [39m[90mall test users created by seeder have non-null tenant_id @ repetition 33 of 100[39m[90m                             [39m [90m0.48s[39m  
  [32;1m✓[39;22m[90m [39m[90mall test users created by seeder have non-null tenant_id @ repetition 34 of 100[39m[90m                             [39m [90m0.39s[39m  
  [32;1m✓[39;22m[90m [39m[90mall test users created by seeder have non-null tenant_id @ repetition 35 of 100[39m[90m                             [39m [90m0.42s[39m  
  [32;1m✓[39;22m[90m [39m[90mall test users created by seeder have non-null tenant_id @ repetition 36 of 100[39m[90m                             [39m [90m0.41s[39m  
  [32;1m✓[39;22m[90m [39m[90mall test users created by seeder have non-null tenant_id @ repetition 37 of 100[39m[90m                             [39m [90m0.40s[39m  
  [32;1m✓[39;22m[90m [39m[90mall test users created by seeder have non-null tenant_id @ repetition 38 of 100[39m[90m                             [39m [90m0.44s[39m  
  [32;1m✓[39;22m[90m [39m[90mall test users created by seeder have non-null tenant_id @ repetition 39 of 100[39m[90m                             [39m [90m0.49s[39m  
  [32;1m✓[39;22m[90m [39m[90mall test users created by seeder have non-null tenant_id @ repetition 40 of 100[39m[90m                             [39m [90m0.46s[39m  
  [32;1m✓[39;22m[90m [39m[90mall test users created by seeder have non-null tenant_id @ repetition 41 of 100[39m[90m                             [39m [90m0.60s[39m  
  [32;1m✓[39;22m[90m [39m[90mall test users created by seeder have non-null tenant_id @ repetition 42 of 100[39m[90m                             [39m [90m0.58s[39m  
  [32;1m✓[39;22m[90m [39m[90mall test users created by seeder have non-null tenant_id @ repetition 43 of 100[39m[90m                             [39m [90m0.57s[39m  
  [32;1m✓[39;22m[90m [39m[90mall test users created by seeder have non-null tenant_id @ repetition 44 of 100[39m[90m                             [39m [90m0.60s[39m  
  [32;1m✓[39;22m[90m [39m[90mall test users created by seeder have non-null tenant_id @ repetition 45 of 100[39m[90m                             [39m [90m0.70s[39m  
  [32;1m✓[39;22m[90m [39m[90mall test users created by seeder have non-null tenant_id @ repetition 46 of 100[39m[90m                             [39m [90m0.56s[39m  
  [32;1m✓[39;22m[90m [39m[90mall test users created by seeder have non-null tenant_id @ repetition 47 of 100[39m[90m                             [39m [90m0.45s[39m  
  [32;1m✓[39;22m[90m [39m[90mall test users created by seeder have non-null tenant_id @ repetition 48 of 100[39m[90m                             [39m [90m0.40s[39m  
  [32;1m✓[39;22m[90m [39m[90mall test users created by seeder have non-null tenant_id @ repetition 49 of 100[39m[90m                             [39m [90m0.42s[39m  
  [32;1m✓[39;22m[90m [39m[90mall test users created by seeder have non-null tenant_id @ repetition 50 of 100[39m[90m                             [39m [90m0.41s[39m  
  [32;1m✓[39;22m[90m [39m[90mall test users created by seeder have non-null tenant_id @ repetition 51 of 100[39m[90m                             [39m [90m0.54s[39m  
  [32;1m✓[39;22m[90m [39m[90mall test users created by seeder have non-null tenant_id @ repetition 52 of 100[39m[90m                             [39m [90m0.42s[39m  
  [32;1m✓[39;22m[90m [39m[90mall test users created by seeder have non-null tenant_id @ repetition 53 of 100[39m[90m                             [39m [90m0.42s[39m  
  [32;1m✓[39;22m[90m [39m[90mall test users created by seeder have non-null tenant_id @ repetition 54 of 100[39m[90m                             [39m [90m0.48s[39m  
  [32;1m✓[39;22m[90m [39m[90mall test users created by seeder have non-null tenant_id @ repetition 55 of 100[39m[90m                             [39m [90m0.42s[39m  
  [32;1m✓[39;22m[90m [39m[90mall test users created by seeder have non-null tenant_id @ repetition 56 of 100[39m[90m                             [39m [90m0.47s[39m  
  [32;1m✓[39;22m[90m [39m[90mall test users created by seeder have non-null tenant_id @ repetition 57 of 100[39m[90m                             [39m [90m0.50s[39m  
  [32;1m✓[39;22m[90m [39m[90mall test users created by seeder have non-null tenant_id @ repetition 58 of 100[39m[90m                             [39m [90m0.51s[39m  
  [32;1m✓[39;22m[90m [39m[90mall test users created by seeder have non-null tenant_id @ repetition 59 of 100[39m[90m                             [39m [90m0.51s[39m  
  [32;1m✓[39;22m[90m [39m[90mall test users created by seeder have non-null tenant_id @ repetition 60 of 100[39m[90m                             [39m [90m0.58s[39m  
  [32;1m✓[39;22m[90m [39m[90mall test users created by seeder have non-null tenant_id @ repetition 61 of 100[39m[90m                             [39m [90m0.54s[39m  
  [32;1m✓[39;22m[90m [39m[90mall test users created by seeder have non-null tenant_id @ repetition 62 of 100[39m[90m                             [39m [90m0.59s[39m  
  [32;1m✓[39;22m[90m [39m[90mall test users created by seeder have non-null tenant_id @ repetition 63 of 100[39m[90m                             [39m [90m0.55s[39m  
  [32;1m✓[39;22m[90m [39m[90mall test users created by seeder have non-null tenant_id @ repetition 64 of 100[39m[90m                             [39m [90m0.45s[39m  
  [32;1m✓[39;22m[90m [39m[90mall test users created by seeder have non-null tenant_id @ repetition 65 of 100[39m[90m                             [39m [90m0.44s[39m  
  [32;1m✓[39;22m[90m [39m[90mall test users created by seeder have non-null tenant_id @ repetition 66 of 100[39m[90m                             [39m [90m0.49s[39m  
  [32;1m✓[39;22m[90m [39m[90mall test users created by seeder have non-null tenant_id @ repetition 67 of 100[39m[90m                             [39m [90m0.49s[39m  
  [32;1m✓[39;22m[90m [39m[90mall test users created by seeder have non-null tenant_id @ repetition 68 of 100[39m[90m                             [39m [90m0.45s[39m  
  [32;1m✓[39;22m[90m [39m[90mall test users created by seeder have non-null tenant_id @ repetition 69 of 100[39m[90m                             [39m [90m0.52s[39m  
  [32;1m✓[39;22m[90m [39m[90mall test users created by seeder have non-null tenant_id @ repetition 70 of 100[39m[90m                             [39m [90m0.47s[39m  
  [32;1m✓[39;22m[90m [39m[90mall test users created by seeder have non-null tenant_id @ repetition 71 of 100[39m[90m                             [39m [90m0.48s[39m  
  [32;1m✓[39;22m[90m [39m[90mall test users created by seeder have non-null tenant_id @ repetition 72 of 100[39m[90m                             [39m [90m0.54s[39m  
  [32;1m✓[39;22m[90m [39m[90mall test users created by seeder have non-null tenant_id @ repetition 73 of 100[39m[90m                             [39m [90m0.49s[39m  
  [32;1m✓[39;22m[90m [39m[90mall test users created by seeder have non-null tenant_id @ repetition 74 of 100[39m[90m                             [39m [90m0.46s[39m  
  [32;1m✓[39;22m[90m [39m[90mall test users created by seeder have non-null tenant_id @ repetition 75 of 100[39m[90m                             [39m [90m0.55s[39m  
  [32;1m✓[39;22m[90m [39m[90mall test users created by seeder have non-null tenant_id @ repetition 76 of 100[39m[90m                             [39m [90m0.50s[39m  
  [32;1m✓[39;22m[90m [39m[90mall test users created by seeder have non-null tenant_id @ repetition 77 of 100[39m[90m                             [39m [90m0.54s[39m  
  [32;1m✓[39;22m[90m [39m[90mall test users created by seeder have non-null tenant_id @ repetition 78 of 100[39m[90m                             [39m [90m0.50s[39m  
  [32;1m✓[39;22m[90m [39m[90mall test users created by seeder have non-null tenant_id @ repetition 79 of 100[39m[90m                             [39m [90m0.52s[39m  
  [32;1m✓[39;22m[90m [39m[90mall test users created by seeder have non-null tenant_id @ repetition 80 of 100[39m[90m                             [39m [90m0.53s[39m  
  [32;1m✓[39;22m[90m [39m[90mall test users created by seeder have non-null tenant_id @ repetition 81 of 100[39m[90m                             [39m [90m0.65s[39m  
  [32;1m✓[39;22m[90m [39m[90mall test users created by seeder have non-null tenant_id @ repetition 82 of 100[39m[90m                             [39m [90m0.66s[39m  
  [32;1m✓[39;22m[90m [39m[90mall test users created by seeder have non-null tenant_id @ repetition 83 of 100[39m[90m                             [39m [90m0.53s[39m  
  [32;1m✓[39;22m[90m [39m[90mall test users created by seeder have non-null tenant_id @ repetition 84 of 100[39m[90m                             [39m [90m0.56s[39m  
  [32;1m✓[39;22m[90m [39m[90mall test users created by seeder have non-null tenant_id @ repetition 85 of 100[39m[90m                             [39m [90m0.55s[39m  
  [32;1m✓[39;22m[90m [39m[90mall test users created by seeder have non-null tenant_id @ repetition 86 of 100[39m[90m                             [39m [90m0.61s[39m  
  [32;1m✓[39;22m[90m [39m[90mall test users created by seeder have non-null tenant_id @ repetition 87 of 100[39m[90m                             [39m [90m0.68s[39m  
  [32;1m✓[39;22m[90m [39m[90mall test users created by seeder have non-null tenant_id @ repetition 88 of 100[39m[90m                             [39m [90m0.60s[39m  
  [32;1m✓[39;22m[90m [39m[90mall test users created by seeder have non-null tenant_id @ repetition 89 of 100[39m[90m                             [39m [90m0.57s[39m  
  [32;1m✓[39;22m[90m [39m[90mall test users created by seeder have non-null tenant_id @ repetition 90 of 100[39m[90m                             [39m [90m0.54s[39m  
  [32;1m✓[39;22m[90m [39m[90mall test users created by seeder have non-null tenant_id @ repetition 91 of 100[39m[90m                             [39m [90m0.71s[39m  
  [32;1m✓[39;22m[90m [39m[90mall test users created by seeder have non-null tenant_id @ repetition 92 of 100[39m[90m                             [39m [90m0.63s[39m  
  [32;1m✓[39;22m[90m [39m[90mall test users created by seeder have non-null tenant_id @ repetition 93 of 100[39m[90m                             [39m [90m0.71s[39m  
  [32;1m✓[39;22m[90m [39m[90mall test users created by seeder have non-null tenant_id @ repetition 94 of 100[39m[90m                             [39m [90m0.58s[39m  
  [32;1m✓[39;22m[90m [39m[90mall test users created by seeder have non-null tenant_id @ repetition 95 of 100[39m[90m                             [39m [90m0.61s[39m  
  [32;1m✓[39;22m[90m [39m[90mall test users created by seeder have non-null tenant_id @ repetition 96 of 100[39m[90m                             [39m [90m0.63s[39m  
  [32;1m✓[39;22m[90m [39m[90mall test users created by seeder have non-null tenant_id @ repetition 97 of 100[39m[90m                             [39m [90m0.61s[39m  
  [32;1m✓[39;22m[90m [39m[90mall test users created by seeder have non-null tenant_id @ repetition 98 of 100[39m[90m                             [39m [90m0.56s[39m  
  [32;1m✓[39;22m[90m [39m[90mall test users created by seeder have non-null tenant_id @ repetition 99 of 100[39m[90m                             [39m [90m0.76s[39m  
  [32;1m✓[39;22m[90m [39m[90mall test users created by seeder have non-null tenant_id @ repetition 100 of 100[39m[90m                            [39m [90m0.63s[39m  
  [32;1m✓[39;22m[90m [39m[90many user with valid credentials successfully authenticates @ repetition 1 of 100[39m[90m                            [39m [90m0.91s[39m  
  [32;1m✓[39;22m[90m [39m[90many user with valid credentials successfully authenticates @ repetition 2 of 100[39m[90m                            [39m [90m0.86s[39m  
  [32;1m✓[39;22m[90m [39m[90many user with valid credentials successfully authenticates @ repetition 3 of 100[39m[90m                            [39m [90m0.85s[39m  
  [32;1m✓[39;22m[90m [39m[90many user with valid credentials successfully authenticates @ repetition 4 of 100[39m[90m                            [39m [90m0.88s[39m  
  [32;1m✓[39;22m[90m [39m[90many user with valid credentials successfully authenticates @ repetition 5 of 100[39m[90m                            [39m [90m0.89s[39m  
  [32;1m✓[39;22m[90m [39m[90many user with valid credentials successfully authenticates @ repetition 6 of 100[39m[90m                            [39m [90m1.00s[39m  
  [32;1m✓[39;22m[90m [39m[90many user with valid credentials successfully authenticates @ repetition 7 of 100[39m[90m                            [39m [90m0.97s[39m  
  [32;1m✓[39;22m[90m [39m[90many user with valid credentials successfully authenticates @ repetition 8 of 100[39m[90m                            [39m [90m0.95s[39m  
  [32;1m✓[39;22m[90m [39m[90many user with valid credentials successfully authenticates @ repetition 9 of 100[39m[90m                            [39m [90m0.83s[39m  
  [32;1m✓[39;22m[90m [39m[90many user with valid credentials successfully authenticates @ repetition 10 of 100[39m[90m                           [39m [90m0.84s[39m  
  [32;1m✓[39;22m[90m [39m[90many user with valid credentials successfully authenticates @ repetition 11 of 100[39m[90m                           [39m [90m0.83s[39m  
  [32;1m✓[39;22m[90m [39m[90many user with valid credentials successfully authenticates @ repetition 12 of 100[39m[90m                           [39m [90m0.91s[39m  
  [32;1m✓[39;22m[90m [39m[90many user with valid credentials successfully authenticates @ repetition 13 of 100[39m[90m                           [39m [90m0.91s[39m  
  [32;1m✓[39;22m[90m [39m[90many user with valid credentials successfully authenticates @ repetition 14 of 100[39m[90m                           [39m [90m1.02s[39m  
  [32;1m✓[39;22m[90m [39m[90many user with valid credentials successfully authenticates @ repetition 15 of 100[39m[90m                           [39m [90m0.95s[39m  
  [32;1m✓[39;22m[90m [39m[90many user with valid credentials successfully authenticates @ repetition 16 of 100[39m[90m                           [39m [90m0.93s[39m  
  [32;1m✓[39;22m[90m [39m[90many user with valid credentials successfully authenticates @ repetition 17 of 100[39m[90m                           [39m [90m0.92s[39m  
  [32;1m✓[39;22m[90m [39m[90many user with valid credentials successfully authenticates @ repetition 18 of 100[39m[90m                           [39m [90m0.93s[39m  
  [32;1m✓[39;22m[90m [39m[90many user with valid credentials successfully authenticates @ repetition 19 of 100[39m[90m                           [39m [90m0.85s[39m  
  [32;1m✓[39;22m[90m [39m[90many user with valid credentials successfully authenticates @ repetition 20 of 100[39m[90m                           [39m [90m0.86s[39m  
  [32;1m✓[39;22m[90m [39m[90many user with valid credentials successfully authenticates @ repetition 21 of 100[39m[90m                           [39m [90m0.86s[39m  
  [32;1m✓[39;22m[90m [39m[90many user with valid credentials successfully authenticates @ repetition 22 of 100[39m[90m                           [39m [90m0.96s[39m  
  [32;1m✓[39;22m[90m [39m[90many user with valid credentials successfully authenticates @ repetition 23 of 100[39m[90m                           [39m [90m1.00s[39m  
  [32;1m✓[39;22m[90m [39m[90many user with valid credentials successfully authenticates @ repetition 24 of 100[39m[90m                           [39m [90m0.89s[39m  
  [32;1m✓[39;22m[90m [39m[90many user with valid credentials successfully authenticates @ repetition 25 of 100[39m[90m                           [39m [90m0.87s[39m  
  [32;1m✓[39;22m[90m [39m[90many user with valid credentials successfully authenticates @ repetition 26 of 100[39m[90m                           [39m [90m0.88s[39m  
  [32;1m✓[39;22m[90m [39m[90many user with valid credentials successfully authenticates @ repetition 27 of 100[39m[90m                           [39m [90m0.84s[39m  
  [32;1m✓[39;22m[90m [39m[90many user with valid credentials successfully authenticates @ repetition 28 of 100[39m[90m                           [39m [90m0.88s[39m  
  [32;1m✓[39;22m[90m [39m[90many user with valid credentials successfully authenticates @ repetition 29 of 100[39m[90m                           [39m [90m0.86s[39m  
  [32;1m✓[39;22m[90m [39m[90many user with valid credentials successfully authenticates @ repetition 30 of 100[39m[90m                           [39m [90m1.00s[39m  
  [32;1m✓[39;22m[90m [39m[90many user with valid credentials successfully authenticates @ repetition 31 of 100[39m[90m                           [39m [90m0.99s[39m  
  [32;1m✓[39;22m[90m [39m[90many user with valid credentials successfully authenticates @ repetition 32 of 100[39m[90m                           [39m [90m0.93s[39m  
  [32;1m✓[39;22m[90m [39m[90many user with valid credentials successfully authenticates @ repetition 33 of 100[39m[90m                           [39m [90m0.86s[39m  
  [32;1m✓[39;22m[90m [39m[90many user with valid credentials successfully authenticates @ repetition 34 of 100[39m[90m                           [39m [90m0.88s[39m  
  [32;1m✓[39;22m[90m [39m[90many user with valid credentials successfully authenticates @ repetition 35 of 100[39m[90m                           [39m [90m0.86s[39m  
  [32;1m✓[39;22m[90m [39m[90many user with valid credentials successfully authenticates @ repetition 36 of 100[39m[90m                           [39m [90m0.86s[39m  
  [32;1m✓[39;22m[90m [39m[90many user with valid credentials successfully authenticates @ repetition 37 of 100[39m[90m                           [39m [90m0.95s[39m  
  [32;1m✓[39;22m[90m [39m[90many user with valid credentials successfully authenticates @ repetition 38 of 100[39m[90m                           [39m [90m1.01s[39m  
  [32;1m✓[39;22m[90m [39m[90many user with valid credentials successfully authenticates @ repetition 39 of 100[39m[90m                           [39m [90m1.04s[39m  
  [32;1m✓[39;22m[90m [39m[90many user with valid credentials successfully authenticates @ repetition 40 of 100[39m[90m                           [39m [90m0.90s[39m  
  [32;1m✓[39;22m[90m [39m[90many user with valid credentials successfully authenticates @ repetition 41 of 100[39m[90m                           [39m [90m0.87s[39m  
  [32;1m✓[39;22m[90m [39m[90many user with valid credentials successfully authenticates @ repetition 42 of 100[39m[90m                           [39m [90m0.84s[39m  
  [32;1m✓[39;22m[90m [39m[90many user with valid credentials successfully authenticates @ repetition 43 of 100[39m[90m                           [39m [90m0.89s[39m  
  [32;1m✓[39;22m[90m [39m[90many user with valid credentials successfully authenticates @ repetition 44 of 100[39m[90m                           [39m [90m0.90s[39m  
  [32;1m✓[39;22m[90m [39m[90many user with valid credentials successfully authenticates @ repetition 45 of 100[39m[90m                           [39m [90m0.81s[39m  
  [32;1m✓[39;22m[90m [39m[90many user with valid credentials successfully authenticates @ repetition 46 of 100[39m[90m                           [39m [90m0.93s[39m  
  [32;1m✓[39;22m[90m [39m[90many user with valid credentials successfully authenticates @ repetition 47 of 100[39m[90m                           [39m [90m0.79s[39m  
  [32;1m✓[39;22m[90m [39m[90many user with valid credentials successfully authenticates @ repetition 48 of 100[39m[90m                           [39m [90m0.75s[39m  
  [32;1m✓[39;22m[90m [39m[90many user with valid credentials successfully authenticates @ repetition 49 of 100[39m[90m                           [39m [90m0.77s[39m  
  [32;1m✓[39;22m[90m [39m[90many user with valid credentials successfully authenticates @ repetition 50 of 100[39m[90m                           [39m [90m0.85s[39m  
  [32;1m✓[39;22m[90m [39m[90many user with valid credentials successfully authenticates @ repetition 51 of 100[39m[90m                           [39m [90m0.74s[39m  
  [32;1m✓[39;22m[90m [39m[90many user with valid credentials successfully authenticates @ repetition 52 of 100[39m[90m                           [39m [90m0.69s[39m  
  [32;1m✓[39;22m[90m [39m[90many user with valid credentials successfully authenticates @ repetition 53 of 100[39m[90m                           [39m [90m0.68s[39m  
  [32;1m✓[39;22m[90m [39m[90many user with valid credentials successfully authenticates @ repetition 54 of 100[39m[90m                           [39m [90m0.82s[39m  
  [32;1m✓[39;22m[90m [39m[90many user with valid credentials successfully authenticates @ repetition 55 of 100[39m[90m                           [39m [90m0.68s[39m  
  [32;1m✓[39;22m[90m [39m[90many user with valid credentials successfully authenticates @ repetition 56 of 100[39m[90m                           [39m [90m0.71s[39m  
  [32;1m✓[39;22m[90m [39m[90many user with valid credentials successfully authenticates @ repetition 57 of 100[39m[90m                           [39m [90m0.73s[39m  
  [32;1m✓[39;22m[90m [39m[90many user with valid credentials successfully authenticates @ repetition 58 of 100[39m[90m                           [39m [90m0.69s[39m  
  [32;1m✓[39;22m[90m [39m[90many user with valid credentials successfully authenticates @ repetition 59 of 100[39m[90m                           [39m [90m0.77s[39m  
  [32;1m✓[39;22m[90m [39m[90many user with valid credentials successfully authenticates @ repetition 60 of 100[39m[90m                           [39m [90m0.67s[39m  
  [32;1m✓[39;22m[90m [39m[90many user with valid credentials successfully authenticates @ repetition 61 of 100[39m[90m                           [39m [90m0.67s[39m  
  [32;1m✓[39;22m[90m [39m[90many user with valid credentials successfully authenticates @ repetition 62 of 100[39m[90m                           [39m [90m0.72s[39m  
  [32;1m✓[39;22m[90m [39m[90many user with valid credentials successfully authenticates @ repetition 63 of 100[39m[90m                           [39m [90m0.72s[39m  
  [32;1m✓[39;22m[90m [39m[90many user with valid credentials successfully authenticates @ repetition 64 of 100[39m[90m                           [39m [90m0.72s[39m  
  [32;1m✓[39;22m[90m [39m[90many user with valid credentials successfully authenticates @ repetition 65 of 100[39m[90m                           [39m [90m0.63s[39m  
  [32;1m✓[39;22m[90m [39m[90many user with valid credentials successfully authenticates @ repetition 66 of 100[39m[90m                           [39m [90m0.64s[39m  
  [32;1m✓[39;22m[90m [39m[90many user with valid credentials successfully authenticates @ repetition 67 of 100[39m[90m                           [39m [90m0.62s[39m  
  [32;1m✓[39;22m[90m [39m[90many user with valid credentials successfully authenticates @ repetition 68 of 100[39m[90m                           [39m [90m0.63s[39m  
  [32;1m✓[39;22m[90m [39m[90many user with valid credentials successfully authenticates @ repetition 69 of 100[39m[90m                           [39m [90m0.72s[39m  
  [32;1m✓[39;22m[90m [39m[90many user with valid credentials successfully authenticates @ repetition 70 of 100[39m[90m                           [39m [90m0.71s[39m  
  [32;1m✓[39;22m[90m [39m[90many user with valid credentials successfully authenticates @ repetition 71 of 100[39m[90m                           [39m [90m0.59s[39m  
  [32;1m✓[39;22m[90m [39m[90many user with valid credentials successfully authenticates @ repetition 72 of 100[39m[90m                           [39m [90m0.63s[39m  
  [32;1m✓[39;22m[90m [39m[90many user with valid credentials successfully authenticates @ repetition 73 of 100[39m[90m                           [39m [90m0.59s[39m  
  [32;1m✓[39;22m[90m [39m[90many user with valid credentials successfully authenticates @ repetition 74 of 100[39m[90m                           [39m [90m0.60s[39m  
  [32;1m✓[39;22m[90m [39m[90many user with valid credentials successfully authenticates @ repetition 75 of 100[39m[90m                           [39m [90m0.60s[39m  
  [32;1m✓[39;22m[90m [39m[90many user with valid credentials successfully authenticates @ repetition 76 of 100[39m[90m                           [39m [90m0.61s[39m  
  [32;1m✓[39;22m[90m [39m[90many user with valid credentials successfully authenticates @ repetition 77 of 100[39m[90m                           [39m [90m0.63s[39m  
  [32;1m✓[39;22m[90m [39m[90many user with valid credentials successfully authenticates @ repetition 78 of 100[39m[90m                           [39m [90m0.69s[39m  
  [32;1m✓[39;22m[90m [39m[90many user with valid credentials successfully authenticates @ repetition 79 of 100[39m[90m                           [39m [90m0.56s[39m  
  [32;1m✓[39;22m[90m [39m[90many user with valid credentials successfully authenticates @ repetition 80 of 100[39m[90m                           [39m [90m0.62s[39m  
  [32;1m✓[39;22m[90m [39m[90many user with valid credentials successfully authenticates @ repetition 81 of 100[39m[90m                           [39m [90m0.61s[39m  
  [32;1m✓[39;22m[90m [39m[90many user with valid credentials successfully authenticates @ repetition 82 of 100[39m[90m                           [39m [90m0.57s[39m  
  [32;1m✓[39;22m[90m [39m[90many user with valid credentials successfully authenticates @ repetition 83 of 100[39m[90m                           [39m [90m0.60s[39m  
  [32;1m✓[39;22m[90m [39m[90many user with valid credentials successfully authenticates @ repetition 84 of 100[39m[90m                           [39m [90m0.59s[39m  
  [32;1m✓[39;22m[90m [39m[90many user with valid credentials successfully authenticates @ repetition 85 of 100[39m[90m                           [39m [90m0.59s[39m  
  [32;1m✓[39;22m[90m [39m[90many user with valid credentials successfully authenticates @ repetition 86 of 100[39m[90m                           [39m [90m0.70s[39m  
  [32;1m✓[39;22m[90m [39m[90many user with valid credentials successfully authenticates @ repetition 87 of 100[39m[90m                           [39m [90m0.58s[39m  
  [32;1m✓[39;22m[90m [39m[90many user with valid credentials successfully authenticates @ repetition 88 of 100[39m[90m                           [39m [90m0.59s[39m  
  [32;1m✓[39;22m[90m [39m[90many user with valid credentials successfully authenticates @ repetition 89 of 100[39m[90m                           [39m [90m0.56s[39m  
  [32;1m✓[39;22m[90m [39m[90many user with valid credentials successfully authenticates @ repetition 90 of 100[39m[90m                           [39m [90m0.61s[39m  
  [32;1m✓[39;22m[90m [39m[90many user with valid credentials successfully authenticates @ repetition 91 of 100[39m[90m                           [39m [90m0.61s[39m  
  [32;1m✓[39;22m[90m [39m[90many user with valid credentials successfully authenticates @ repetition 92 of 100[39m[90m                           [39m [90m0.56s[39m  
  [32;1m✓[39;22m[90m [39m[90many user with valid credentials successfully authenticates @ repetition 93 of 100[39m[90m                           [39m [90m0.58s[39m  
  [32;1m✓[39;22m[90m [39m[90many user with valid credentials successfully authenticates @ repetition 94 of 100[39m[90m                           [39m [90m0.72s[39m  
  [32;1m✓[39;22m[90m [39m[90many user with valid credentials successfully authenticates @ repetition 95 of 100[39m[90m                           [39m [90m0.59s[39m  
  [32;1m✓[39;22m[90m [39m[90many user with valid credentials successfully authenticates @ repetition 96 of 100[39m[90m                           [39m [90m0.58s[39m  
  [32;1m✓[39;22m[90m [39m[90many user with valid credentials successfully authenticates @ repetition 97 of 100[39m[90m                           [39m [90m0.57s[39m  
  [32;1m✓[39;22m[90m [39m[90many user with valid credentials successfully authenticates @ repetition 98 of 100[39m[90m                           [39m [90m0.64s[39m  
  [32;1m✓[39;22m[90m [39m[90many user with valid credentials successfully authenticates @ repetition 99 of 100[39m[90m                           [39m [90m0.66s[39m  
  [32;1m✓[39;22m[90m [39m[90many user with valid credentials successfully authenticates @ repetition 100 of 100[39m[90m                          [39m [90m0.61s[39m  
  [32;1m✓[39;22m[90m [39m[90many authentication attempt with invalid credentials fails @ repetition 1 of 100[39m[90m                             [39m [90m0.66s[39m  
  [32;1m✓[39;22m[90m [39m[90many authentication attempt with invalid credentials fails @ repetition 2 of 100[39m[90m                             [39m [90m0.64s[39m  
  [32;1m✓[39;22m[90m [39m[90many authentication attempt with invalid credentials fails @ repetition 3 of 100[39m[90m                             [39m [90m0.67s[39m  
  [32;1m✓[39;22m[90m [39m[90many authentication attempt with invalid credentials fails @ repetition 4 of 100[39m[90m                             [39m [90m0.62s[39m  
  [32;1m✓[39;22m[90m [39m[90many authentication attempt with invalid credentials fails @ repetition 5 of 100[39m[90m                             [39m [90m0.61s[39m  
  [32;1m✓[39;22m[90m [39m[90many authentication attempt with invalid credentials fails @ repetition 6 of 100[39m[90m                             [39m [90m0.58s[39m  
  [32;1m✓[39;22m[90m [39m[90many authentication attempt with invalid credentials fails @ repetition 7 of 100[39m[90m                             [39m [90m0.59s[39m  
  [32;1m✓[39;22m[90m [39m[90many authentication attempt with invalid credentials fails @ repetition 8 of 100[39m[90m                             [39m [90m0.59s[39m  
  [32;1m✓[39;22m[90m [39m[90many authentication attempt with invalid credentials fails @ repetition 9 of 100[39m[90m                             [39m [90m0.69s[39m  
  [32;1m✓[39;22m[90m [39m[90many authentication attempt with invalid credentials fails @ repetition 10 of 100[39m[90m                            [39m [90m0.59s[39m  
  [32;1m✓[39;22m[90m [39m[90many authentication attempt with invalid credentials fails @ repetition 11 of 100[39m[90m                            [39m [90m0.67s[39m  
  [32;1m✓[39;22m[90m [39m[90many authentication attempt with invalid credentials fails @ repetition 12 of 100[39m[90m                            [39m [90m0.60s[39m  
  [32;1m✓[39;22m[90m [39m[90many authentication attempt with invalid credentials fails @ repetition 13 of 100[39m[90m                            [39m [90m0.60s[39m  
  [32;1m✓[39;22m[90m [39m[90many authentication attempt with invalid credentials fails @ repetition 14 of 100[39m[90m                            [39m [90m0.59s[39m  
  [32;1m✓[39;22m[90m [39m[90many authentication attempt with invalid credentials fails @ repetition 15 of 100[39m[90m                            [39m [90m0.63s[39m  
  [32;1m✓[39;22m[90m [39m[90many authentication attempt with invalid credentials fails @ repetition 16 of 100[39m[90m                            [39m [90m0.62s[39m  
  [32;1m✓[39;22m[90m [39m[90many authentication attempt with invalid credentials fails @ repetition 17 of 100[39m[90m                            [39m [90m0.68s[39m  
  [32;1m✓[39;22m[90m [39m[90many authentication attempt with invalid credentials fails @ repetition 18 of 100[39m[90m                            [39m [90m0.60s[39m  
  [32;1m✓[39;22m[90m [39m[90many authentication attempt with invalid credentials fails @ repetition 19 of 100[39m[90m                            [39m [90m0.71s[39m  
  [32;1m✓[39;22m[90m [39m[90many authentication attempt with invalid credentials fails @ repetition 20 of 100[39m[90m                            [39m [90m0.65s[39m  
  [32;1m✓[39;22m[90m [39m[90many authentication attempt with invalid credentials fails @ repetition 21 of 100[39m[90m                            [39m [90m0.65s[39m  
  [32;1m✓[39;22m[90m [39m[90many authentication attempt with invalid credentials fails @ repetition 22 of 100[39m[90m                            [39m [90m0.64s[39m  
  [32;1m✓[39;22m[90m [39m[90many authentication attempt with invalid credentials fails @ repetition 23 of 100[39m[90m                            [39m [90m0.63s[39m  
  [32;1m✓[39;22m[90m [39m[90many authentication attempt with invalid credentials fails @ repetition 24 of 100[39m[90m                            [39m [90m0.64s[39m  
  [32;1m✓[39;22m[90m [39m[90many authentication attempt with invalid credentials fails @ repetition 25 of 100[39m[90m                            [39m [90m0.71s[39m  
  [32;1m✓[39;22m[90m [39m[90many authentication attempt with invalid credentials fails @ repetition 26 of 100[39m[90m                            [39m [90m0.62s[39m  
  [32;1m✓[39;22m[90m [39m[90many authentication attempt with invalid credentials fails @ repetition 27 of 100[39m[90m                            [39m [90m0.61s[39m  
  [32;1m✓[39;22m[90m [39m[90many authentication attempt with invalid credentials fails @ repetition 28 of 100[39m[90m                            [39m [90m0.63s[39m  
  [32;1m✓[39;22m[90m [39m[90many authentication attempt with invalid credentials fails @ repetition 29 of 100[39m[90m                            [39m [90m0.63s[39m  
  [32;1m✓[39;22m[90m [39m[90many authentication attempt with invalid credentials fails @ repetition 30 of 100[39m[90m                            [39m [90m0.61s[39m  
  [32;1m✓[39;22m[90m [39m[90many authentication attempt with invalid credentials fails @ repetition 31 of 100[39m[90m                            [39m [90m0.61s[39m  
  [32;1m✓[39;22m[90m [39m[90many authentication attempt with invalid credentials fails @ repetition 32 of 100[39m[90m                            [39m [90m0.62s[39m  
  [32;1m✓[39;22m[90m [39m[90many authentication attempt with invalid credentials fails @ repetition 33 of 100[39m[90m                            [39m [90m0.71s[39m  
  [32;1m✓[39;22m[90m [39m[90many authentication attempt with invalid credentials fails @ repetition 34 of 100[39m[90m                            [39m [90m0.62s[39m  
  [32;1m✓[39;22m[90m [39m[90many authentication attempt with invalid credentials fails @ repetition 35 of 100[39m[90m                            [39m [90m0.61s[39m  
  [32;1m✓[39;22m[90m [39m[90many authentication attempt with invalid credentials fails @ repetition 36 of 100[39m[90m                            [39m [90m0.64s[39m  
  [32;1m✓[39;22m[90m [39m[90many authentication attempt with invalid credentials fails @ repetition 37 of 100[39m[90m                            [39m [90m0.60s[39m  
  [32;1m✓[39;22m[90m [39m[90many authentication attempt with invalid credentials fails @ repetition 38 of 100[39m[90m                            [39m [90m0.61s[39m  
  [32;1m✓[39;22m[90m [39m[90many authentication attempt with invalid credentials fails @ repetition 39 of 100[39m[90m                            [39m [90m0.60s[39m  
  [32;1m✓[39;22m[90m [39m[90many authentication attempt with invalid credentials fails @ repetition 40 of 100[39m[90m                            [39m [90m0.62s[39m  
  [32;1m✓[39;22m[90m [39m[90many authentication attempt with invalid credentials fails @ repetition 41 of 100[39m[90m                            [39m [90m0.67s[39m  
  [32;1m✓[39;22m[90m [39m[90many authentication attempt with invalid credentials fails @ repetition 42 of 100[39m[90m                            [39m [90m0.60s[39m  
  [32;1m✓[39;22m[90m [39m[90many authentication attempt with invalid credentials fails @ repetition 43 of 100[39m[90m                            [39m [90m0.61s[39m  
  [32;1m✓[39;22m[90m [39m[90many authentication attempt with invalid credentials fails @ repetition 44 of 100[39m[90m                            [39m [90m0.60s[39m  
  [32;1m✓[39;22m[90m [39m[90many authentication attempt with invalid credentials fails @ repetition 45 of 100[39m[90m                            [39m [90m0.60s[39m  
  [32;1m✓[39;22m[90m [39m[90many authentication attempt with invalid credentials fails @ repetition 46 of 100[39m[90m                            [39m [90m0.61s[39m  
  [32;1m✓[39;22m[90m [39m[90many authentication attempt with invalid credentials fails @ repetition 47 of 100[39m[90m                            [39m [90m0.59s[39m  
  [32;1m✓[39;22m[90m [39m[90many authentication attempt with invalid credentials fails @ repetition 48 of 100[39m[90m                            [39m [90m0.63s[39m  
  [32;1m✓[39;22m[90m [39m[90many authentication attempt with invalid credentials fails @ repetition 49 of 100[39m[90m                            [39m [90m0.70s[39m  
  [32;1m✓[39;22m[90m [39m[90many authentication attempt with invalid credentials fails @ repetition 50 of 100[39m[90m                            [39m [90m0.60s[39m  
  [32;1m✓[39;22m[90m [39m[90many authentication attempt with invalid credentials fails @ repetition 51 of 100[39m[90m                            [39m [90m0.63s[39m  
  [32;1m✓[39;22m[90m [39m[90many authentication attempt with invalid credentials fails @ repetition 52 of 100[39m[90m                            [39m [90m0.60s[39m  
  [32;1m✓[39;22m[90m [39m[90many authentication attempt with invalid credentials fails @ repetition 53 of 100[39m[90m                            [39m [90m0.60s[39m  
  [32;1m✓[39;22m[90m [39m[90many authentication attempt with invalid credentials fails @ repetition 54 of 100[39m[90m                            [39m [90m0.61s[39m  
  [32;1m✓[39;22m[90m [39m[90many authentication attempt with invalid credentials fails @ repetition 55 of 100[39m[90m                            [39m [90m0.59s[39m  
  [32;1m✓[39;22m[90m [39m[90many authentication attempt with invalid credentials fails @ repetition 56 of 100[39m[90m                            [39m [90m0.62s[39m  
  [32;1m✓[39;22m[90m [39m[90many authentication attempt with invalid credentials fails @ repetition 57 of 100[39m[90m                            [39m [90m0.72s[39m  
  [32;1m✓[39;22m[90m [39m[90many authentication attempt with invalid credentials fails @ repetition 58 of 100[39m[90m                            [39m [90m0.59s[39m  
  [32;1m✓[39;22m[90m [39m[90many authentication attempt with invalid credentials fails @ repetition 59 of 100[39m[90m                            [39m [90m0.62s[39m  
  [32;1m✓[39;22m[90m [39m[90many authentication attempt with invalid credentials fails @ repetition 60 of 100[39m[90m                            [39m [90m0.70s[39m  
  [32;1m✓[39;22m[90m [39m[90many authentication attempt with invalid credentials fails @ repetition 61 of 100[39m[90m                            [39m [90m0.60s[39m  
  [32;1m✓[39;22m[90m [39m[90many authentication attempt with invalid credentials fails @ repetition 62 of 100[39m[90m                            [39m [90m0.58s[39m  
  [32;1m✓[39;22m[90m [39m[90many authentication attempt with invalid credentials fails @ repetition 63 of 100[39m[90m                            [39m [90m0.60s[39m  
  [32;1m✓[39;22m[90m [39m[90many authentication attempt with invalid credentials fails @ repetition 64 of 100[39m[90m                            [39m [90m0.62s[39m  
  [32;1m✓[39;22m[90m [39m[90many authentication attempt with invalid credentials fails @ repetition 65 of 100[39m[90m                            [39m [90m0.69s[39m  
  [32;1m✓[39;22m[90m [39m[90many authentication attempt with invalid credentials fails @ repetition 66 of 100[39m[90m                            [39m [90m0.62s[39m  
  [32;1m✓[39;22m[90m [39m[90many authentication attempt with invalid credentials fails @ repetition 67 of 100[39m[90m                            [39m [90m0.61s[39m  
  [32;1m✓[39;22m[90m [39m[90many authentication attempt with invalid credentials fails @ repetition 68 of 100[39m[90m                            [39m [90m0.70s[39m  
  [32;1m✓[39;22m[90m [39m[90many authentication attempt with invalid credentials fails @ repetition 69 of 100[39m[90m                            [39m [90m0.62s[39m  
  [32;1m✓[39;22m[90m [39m[90many authentication attempt with invalid credentials fails @ repetition 70 of 100[39m[90m                            [39m [90m0.64s[39m  
  [32;1m✓[39;22m[90m [39m[90many authentication attempt with invalid credentials fails @ repetition 71 of 100[39m[90m                            [39m [90m0.61s[39m  
  [32;1m✓[39;22m[90m [39m[90many authentication attempt with invalid credentials fails @ repetition 72 of 100[39m[90m                            [39m [90m0.67s[39m  
  [32;1m✓[39;22m[90m [39m[90many authentication attempt with invalid credentials fails @ repetition 73 of 100[39m[90m                            [39m [90m0.72s[39m  
  [32;1m✓[39;22m[90m [39m[90many authentication attempt with invalid credentials fails @ repetition 74 of 100[39m[90m                            [39m [90m0.61s[39m  
  [32;1m✓[39;22m[90m [39m[90many authentication attempt with invalid credentials fails @ repetition 75 of 100[39m[90m                            [39m [90m0.62s[39m  
  [32;1m✓[39;22m[90m [39m[90many authentication attempt with invalid credentials fails @ repetition 76 of 100[39m[90m                            [39m [90m0.62s[39m  
  [32;1m✓[39;22m[90m [39m[90many authentication attempt with invalid credentials fails @ repetition 77 of 100[39m[90m                            [39m [90m0.59s[39m  
  [32;1m✓[39;22m[90m [39m[90many authentication attempt with invalid credentials fails @ repetition 78 of 100[39m[90m                            [39m [90m0.59s[39m  
  [32;1m✓[39;22m[90m [39m[90many authentication attempt with invalid credentials fails @ repetition 79 of 100[39m[90m                            [39m [90m0.66s[39m  
  [32;1m✓[39;22m[90m [39m[90many authentication attempt with invalid credentials fails @ repetition 80 of 100[39m[90m                            [39m [90m0.59s[39m  
  [32;1m✓[39;22m[90m [39m[90many authentication attempt with invalid credentials fails @ repetition 81 of 100[39m[90m                            [39m [90m0.72s[39m  
  [32;1m✓[39;22m[90m [39m[90many authentication attempt with invalid credentials fails @ repetition 82 of 100[39m[90m                            [39m [90m0.60s[39m  
  [32;1m✓[39;22m[90m [39m[90many authentication attempt with invalid credentials fails @ repetition 83 of 100[39m[90m                            [39m [90m0.63s[39m  
  [32;1m✓[39;22m[90m [39m[90many authentication attempt with invalid credentials fails @ repetition 84 of 100[39m[90m                            [39m [90m0.62s[39m  
  [32;1m✓[39;22m[90m [39m[90many authentication attempt with invalid credentials fails @ repetition 85 of 100[39m[90m                            [39m [90m0.63s[39m  
  [32;1m✓[39;22m[90m [39m[90many authentication attempt with invalid credentials fails @ repetition 86 of 100[39m[90m                            [39m [90m0.62s[39m  
  [32;1m✓[39;22m[90m [39m[90many authentication attempt with invalid credentials fails @ repetition 87 of 100[39m[90m                            [39m [90m0.64s[39m  
  [32;1m✓[39;22m[90m [39m[90many authentication attempt with invalid credentials fails @ repetition 88 of 100[39m[90m                            [39m [90m0.63s[39m  
  [32;1m✓[39;22m[90m [39m[90many authentication attempt with invalid credentials fails @ repetition 89 of 100[39m[90m                            [39m [90m0.68s[39m  
  [32;1m✓[39;22m[90m [39m[90many authentication attempt with invalid credentials fails @ repetition 90 of 100[39m[90m                            [39m [90m0.59s[39m  
  [32;1m✓[39;22m[90m [39m[90many authentication attempt with invalid credentials fails @ repetition 91 of 100[39m[90m                            [39m [90m0.58s[39m  
  [32;1m✓[39;22m[90m [39m[90many authentication attempt with invalid credentials fails @ repetition 92 of 100[39m[90m                            [39m [90m0.62s[39m  
  [32;1m✓[39;22m[90m [39m[90many authentication attempt with invalid credentials fails @ repetition 93 of 100[39m[90m                            [39m [90m0.63s[39m  
  [32;1m✓[39;22m[90m [39m[90many authentication attempt with invalid credentials fails @ repetition 94 of 100[39m[90m                            [39m [90m0.61s[39m  
  [32;1m✓[39;22m[90m [39m[90many authentication attempt with invalid credentials fails @ repetition 95 of 100[39m[90m                            [39m [90m0.72s[39m  
  [32;1m✓[39;22m[90m [39m[90many authentication attempt with invalid credentials fails @ repetition 96 of 100[39m[90m                            [39m [90m0.65s[39m  
  [32;1m✓[39;22m[90m [39m[90many authentication attempt with invalid credentials fails @ repetition 97 of 100[39m[90m                            [39m [90m0.71s[39m  
  [32;1m✓[39;22m[90m [39m[90many authentication attempt with invalid credentials fails @ repetition 98 of 100[39m[90m                            [39m [90m0.62s[39m  
  [32;1m✓[39;22m[90m [39m[90many authentication attempt with invalid credentials fails @ repetition 99 of 100[39m[90m                            [39m [90m0.59s[39m  
  [32;1m✓[39;22m[90m [39m[90many authentication attempt with invalid credentials fails @ repetition 100 of 100[39m[90m                           [39m [90m0.57s[39m  
  [32;1m✓[39;22m[90m [39m[90many manager user only sees properties from their tenant @ repetition 1 of 100[39m[90m                               [39m [90m0.14s[39m  
  [32;1m✓[39;22m[90m [39m[90many manager user only sees properties from their tenant @ repetition 2 of 100[39m[90m                               [39m [90m0.19s[39m  
  [32;1m✓[39;22m[90m [39m[90many manager user only sees properties from their tenant @ repetition 3 of 100[39m[90m                               [39m [90m0.15s[39m  
  [32;1m✓[39;22m[90m [39m[90many manager user only sees properties from their tenant @ repetition 4 of 100[39m[90m                               [39m [90m0.23s[39m  
  [32;1m✓[39;22m[90m [39m[90many manager user only sees properties from their tenant @ repetition 5 of 100[39m[90m                               [39m [90m0.16s[39m  
  [32;1m✓[39;22m[90m [39m[90many manager user only sees properties from their tenant @ repetition 6 of 100[39m[90m                               [39m [90m0.12s[39m  
  [32;1m✓[39;22m[90m [39m[90many manager user only sees properties from their tenant @ repetition 7 of 100[39m[90m                               [39m [90m0.16s[39m  
  [32;1m✓[39;22m[90m [39m[90many manager user only sees properties from their tenant @ repetition 8 of 100[39m[90m                               [39m [90m0.12s[39m  
  [32;1m✓[39;22m[90m [39m[90many manager user only sees properties from their tenant @ repetition 9 of 100[39m[90m                               [39m [90m0.17s[39m  
  [32;1m✓[39;22m[90m [39m[90many manager user only sees properties from their tenant @ repetition 10 of 100[39m[90m                              [39m [90m0.12s[39m  
  [32;1m✓[39;22m[90m [39m[90many manager user only sees properties from their tenant @ repetition 11 of 100[39m[90m                              [39m [90m0.14s[39m  
  [32;1m✓[39;22m[90m [39m[90many manager user only sees properties from their tenant @ repetition 12 of 100[39m[90m                              [39m [90m0.24s[39m  
  [32;1m✓[39;22m[90m [39m[90many manager user only sees properties from their tenant @ repetition 13 of 100[39m[90m                              [39m [90m0.16s[39m  
  [32;1m✓[39;22m[90m [39m[90many manager user only sees properties from their tenant @ repetition 14 of 100[39m[90m                              [39m [90m0.14s[39m  
  [32;1m✓[39;22m[90m [39m[90many manager user only sees properties from their tenant @ repetition 15 of 100[39m[90m                              [39m [90m0.11s[39m  
  [32;1m✓[39;22m[90m [39m[90many manager user only sees properties from their tenant @ repetition 16 of 100[39m[90m                              [39m [90m0.16s[39m  
  [32;1m✓[39;22m[90m [39m[90many manager user only sees properties from their tenant @ repetition 17 of 100[39m[90m                              [39m [90m0.11s[39m  
  [32;1m✓[39;22m[90m [39m[90many manager user only sees properties from their tenant @ repetition 18 of 100[39m[90m                              [39m [90m0.11s[39m  
  [32;1m✓[39;22m[90m [39m[90many manager user only sees properties from their tenant @ repetition 19 of 100[39m[90m                              [39m [90m0.14s[39m  
  [32;1m✓[39;22m[90m [39m[90many manager user only sees properties from their tenant @ repetition 20 of 100[39m[90m                              [39m [90m0.22s[39m  
  [32;1m✓[39;22m[90m [39m[90many manager user only sees properties from their tenant @ repetition 21 of 100[39m[90m                              [39m [90m0.13s[39m  
  [32;1m✓[39;22m[90m [39m[90many manager user only sees properties from their tenant @ repetition 22 of 100[39m[90m                              [39m [90m0.12s[39m  
  [32;1m✓[39;22m[90m [39m[90many manager user only sees properties from their tenant @ repetition 23 of 100[39m[90m                              [39m [90m0.14s[39m  
  [32;1m✓[39;22m[90m [39m[90many manager user only sees properties from their tenant @ repetition 24 of 100[39m[90m                              [39m [90m0.13s[39m  
  [32;1m✓[39;22m[90m [39m[90many manager user only sees properties from their tenant @ repetition 25 of 100[39m[90m                              [39m [90m0.14s[39m  
  [32;1m✓[39;22m[90m [39m[90many manager user only sees properties from their tenant @ repetition 26 of 100[39m[90m                              [39m [90m0.18s[39m  
  [32;1m✓[39;22m[90m [39m[90many manager user only sees properties from their tenant @ repetition 27 of 100[39m[90m                              [39m [90m0.12s[39m  
  [32;1m✓[39;22m[90m [39m[90many manager user only sees properties from their tenant @ repetition 28 of 100[39m[90m                              [39m [90m0.26s[39m  
  [32;1m✓[39;22m[90m [39m[90many manager user only sees properties from their tenant @ repetition 29 of 100[39m[90m                              [39m [90m0.17s[39m  
  [32;1m✓[39;22m[90m [39m[90many manager user only sees properties from their tenant @ repetition 30 of 100[39m[90m                              [39m [90m0.14s[39m  
  [32;1m✓[39;22m[90m [39m[90many manager user only sees properties from their tenant @ repetition 31 of 100[39m[90m                              [39m [90m0.11s[39m  
  [32;1m✓[39;22m[90m [39m[90many manager user only sees properties from their tenant @ repetition 32 of 100[39m[90m                              [39m [90m0.14s[39m  
  [32;1m✓[39;22m[90m [39m[90many manager user only sees properties from their tenant @ repetition 33 of 100[39m[90m                              [39m [90m0.12s[39m  
  [32;1m✓[39;22m[90m [39m[90many manager user only sees properties from their tenant @ repetition 34 of 100[39m[90m                              [39m [90m0.12s[39m  
  [32;1m✓[39;22m[90m [39m[90many manager user only sees properties from their tenant @ repetition 35 of 100[39m[90m                              [39m [90m0.16s[39m  
  [32;1m✓[39;22m[90m [39m[90many manager user only sees properties from their tenant @ repetition 36 of 100[39m[90m                              [39m [90m0.23s[39m  
  [32;1m✓[39;22m[90m [39m[90many manager user only sees properties from their tenant @ repetition 37 of 100[39m[90m                              [39m [90m0.16s[39m  
  [32;1m✓[39;22m[90m [39m[90many manager user only sees properties from their tenant @ repetition 38 of 100[39m[90m                              [39m [90m0.13s[39m  
  [32;1m✓[39;22m[90m [39m[90many manager user only sees properties from their tenant @ repetition 39 of 100[39m[90m                              [39m [90m0.14s[39m  
  [32;1m✓[39;22m[90m [39m[90many manager user only sees properties from their tenant @ repetition 40 of 100[39m[90m                              [39m [90m0.14s[39m  
  [32;1m✓[39;22m[90m [39m[90many manager user only sees properties from their tenant @ repetition 41 of 100[39m[90m                              [39m [90m0.13s[39m  
  [32;1m✓[39;22m[90m [39m[90many manager user only sees properties from their tenant @ repetition 42 of 100[39m[90m                              [39m [90m0.14s[39m  
  [32;1m✓[39;22m[90m [39m[90many manager user only sees properties from their tenant @ repetition 43 of 100[39m[90m                              [39m [90m0.15s[39m  
  [32;1m✓[39;22m[90m [39m[90many manager user only sees properties from their tenant @ repetition 44 of 100[39m[90m                              [39m [90m0.24s[39m  
  [32;1m✓[39;22m[90m [39m[90many manager user only sees properties from their tenant @ repetition 45 of 100[39m[90m                              [39m [90m0.16s[39m  
  [32;1m✓[39;22m[90m [39m[90many manager user only sees properties from their tenant @ repetition 46 of 100[39m[90m                              [39m [90m0.12s[39m  
  [32;1m✓[39;22m[90m [39m[90many manager user only sees properties from their tenant @ repetition 47 of 100[39m[90m                              [39m [90m0.14s[39m  
  [32;1m✓[39;22m[90m [39m[90many manager user only sees properties from their tenant @ repetition 48 of 100[39m[90m                              [39m [90m0.12s[39m  
  [32;1m✓[39;22m[90m [39m[90many manager user only sees properties from their tenant @ repetition 49 of 100[39m[90m                              [39m [90m0.12s[39m  
  [32;1m✓[39;22m[90m [39m[90many manager user only sees properties from their tenant @ repetition 50 of 100[39m[90m                              [39m [90m0.12s[39m  
  [32;1m✓[39;22m[90m [39m[90many manager user only sees properties from their tenant @ repetition 51 of 100[39m[90m                              [39m [90m0.17s[39m  
  [32;1m✓[39;22m[90m [39m[90many manager user only sees properties from their tenant @ repetition 52 of 100[39m[90m                              [39m [90m0.22s[39m  
  [32;1m✓[39;22m[90m [39m[90many manager user only sees properties from their tenant @ repetition 53 of 100[39m[90m                              [39m [90m0.10s[39m  
  [32;1m✓[39;22m[90m [39m[90many manager user only sees properties from their tenant @ repetition 54 of 100[39m[90m                              [39m [90m0.12s[39m  
  [32;1m✓[39;22m[90m [39m[90many manager user only sees properties from their tenant @ repetition 55 of 100[39m[90m                              [39m [90m0.16s[39m  
  [32;1m✓[39;22m[90m [39m[90many manager user only sees properties from their tenant @ repetition 56 of 100[39m[90m                              [39m [90m0.12s[39m  
  [32;1m✓[39;22m[90m [39m[90many manager user only sees properties from their tenant @ repetition 57 of 100[39m[90m                              [39m [90m0.14s[39m  
  [32;1m✓[39;22m[90m [39m[90many manager user only sees properties from their tenant @ repetition 58 of 100[39m[90m                              [39m [90m0.13s[39m  
  [32;1m✓[39;22m[90m [39m[90many manager user only sees properties from their tenant @ repetition 59 of 100[39m[90m                              [39m [90m0.20s[39m  
  [32;1m✓[39;22m[90m [39m[90many manager user only sees properties from their tenant @ repetition 60 of 100[39m[90m                              [39m [90m0.22s[39m  
  [32;1m✓[39;22m[90m [39m[90many manager user only sees properties from their tenant @ repetition 61 of 100[39m[90m                              [39m [90m0.15s[39m  
  [32;1m✓[39;22m[90m [39m[90many manager user only sees properties from their tenant @ repetition 62 of 100[39m[90m                              [39m [90m0.12s[39m  
  [32;1m✓[39;22m[90m [39m[90many manager user only sees properties from their tenant @ repetition 63 of 100[39m[90m                              [39m [90m0.16s[39m  
  [32;1m✓[39;22m[90m [39m[90many manager user only sees properties from their tenant @ repetition 64 of 100[39m[90m                              [39m [90m0.12s[39m  
  [32;1m✓[39;22m[90m [39m[90many manager user only sees properties from their tenant @ repetition 65 of 100[39m[90m                              [39m [90m0.10s[39m  
  [32;1m✓[39;22m[90m [39m[90many manager user only sees properties from their tenant @ repetition 66 of 100[39m[90m                              [39m [90m0.12s[39m  
  [32;1m✓[39;22m[90m [39m[90many manager user only sees properties from their tenant @ repetition 67 of 100[39m[90m                              [39m [90m0.13s[39m  
  [32;1m✓[39;22m[90m [39m[90many manager user only sees properties from their tenant @ repetition 68 of 100[39m[90m                              [39m [90m0.22s[39m  
  [32;1m✓[39;22m[90m [39m[90many manager user only sees properties from their tenant @ repetition 69 of 100[39m[90m                              [39m [90m0.14s[39m  
  [32;1m✓[39;22m[90m [39m[90many manager user only sees properties from their tenant @ repetition 70 of 100[39m[90m                              [39m [90m0.13s[39m  
  [32;1m✓[39;22m[90m [39m[90many manager user only sees properties from their tenant @ repetition 71 of 100[39m[90m                              [39m [90m0.12s[39m  
  [32;1m✓[39;22m[90m [39m[90many manager user only sees properties from their tenant @ repetition 72 of 100[39m[90m                              [39m [90m0.13s[39m  
  [32;1m✓[39;22m[90m [39m[90many manager user only sees properties from their tenant @ repetition 73 of 100[39m[90m                              [39m [90m0.11s[39m  
  [32;1m✓[39;22m[90m [39m[90many manager user only sees properties from their tenant @ repetition 74 of 100[39m[90m                              [39m [90m0.13s[39m  
  [32;1m✓[39;22m[90m [39m[90many manager user only sees properties from their tenant @ repetition 75 of 100[39m[90m                              [39m [90m0.15s[39m  
  [32;1m✓[39;22m[90m [39m[90many manager user only sees properties from their tenant @ repetition 76 of 100[39m[90m                              [39m [90m0.23s[39m  
  [32;1m✓[39;22m[90m [39m[90many manager user only sees properties from their tenant @ repetition 77 of 100[39m[90m                              [39m [90m0.12s[39m  
  [32;1m✓[39;22m[90m [39m[90many manager user only sees properties from their tenant @ repetition 78 of 100[39m[90m                              [39m [90m0.16s[39m  
  [32;1m✓[39;22m[90m [39m[90many manager user only sees properties from their tenant @ repetition 79 of 100[39m[90m                              [39m [90m0.18s[39m  
  [32;1m✓[39;22m[90m [39m[90many manager user only sees properties from their tenant @ repetition 80 of 100[39m[90m                              [39m [90m0.16s[39m  
  [32;1m✓[39;22m[90m [39m[90many manager user only sees properties from their tenant @ repetition 81 of 100[39m[90m                              [39m [90m0.12s[39m  
  [32;1m✓[39;22m[90m [39m[90many manager user only sees properties from their tenant @ repetition 82 of 100[39m[90m                              [39m [90m0.17s[39m  
  [32;1m✓[39;22m[90m [39m[90many manager user only sees properties from their tenant @ repetition 83 of 100[39m[90m                              [39m [90m0.13s[39m  
  [32;1m✓[39;22m[90m [39m[90many manager user only sees properties from their tenant @ repetition 84 of 100[39m[90m                              [39m [90m0.22s[39m  
  [32;1m✓[39;22m[90m [39m[90many manager user only sees properties from their tenant @ repetition 85 of 100[39m[90m                              [39m [90m0.11s[39m  
  [32;1m✓[39;22m[90m [39m[90many manager user only sees properties from their tenant @ repetition 86 of 100[39m[90m                              [39m [90m0.10s[39m  
  [32;1m✓[39;22m[90m [39m[90many manager user only sees properties from their tenant @ repetition 87 of 100[39m[90m                              [39m [90m0.21s[39m  
  [32;1m✓[39;22m[90m [39m[90many manager user only sees properties from their tenant @ repetition 88 of 100[39m[90m                              [39m [90m0.12s[39m  
  [32;1m✓[39;22m[90m [39m[90many manager user only sees properties from their tenant @ repetition 89 of 100[39m[90m                              [39m [90m0.13s[39m  
  [32;1m✓[39;22m[90m [39m[90many manager user only sees properties from their tenant @ repetition 90 of 100[39m[90m                              [39m [90m0.16s[39m  
  [32;1m✓[39;22m[90m [39m[90many manager user only sees properties from their tenant @ repetition 91 of 100[39m[90m                              [39m [90m0.14s[39m  
  [32;1m✓[39;22m[90m [39m[90many manager user only sees properties from their tenant @ repetition 92 of 100[39m[90m                              [39m [90m0.22s[39m  
  [32;1m✓[39;22m[90m [39m[90many manager user only sees properties from their tenant @ repetition 93 of 100[39m[90m                              [39m [90m0.14s[39m  
  [32;1m✓[39;22m[90m [39m[90many manager user only sees properties from their tenant @ repetition 94 of 100[39m[90m                              [39m [90m0.15s[39m  
  [32;1m✓[39;22m[90m [39m[90many manager user only sees properties from their tenant @ repetition 95 of 100[39m[90m                              [39m [90m0.11s[39m  
  [32;1m✓[39;22m[90m [39m[90many manager user only sees properties from their tenant @ repetition 96 of 100[39m[90m                              [39m [90m0.13s[39m  
  [32;1m✓[39;22m[90m [39m[90many manager user only sees properties from their tenant @ repetition 97 of 100[39m[90m                              [39m [90m0.12s[39m  
  [32;1m✓[39;22m[90m [39m[90many manager user only sees properties from their tenant @ repetition 98 of 100[39m[90m                              [39m [90m0.14s[39m  
  [32;1m✓[39;22m[90m [39m[90many manager user only sees properties from their tenant @ repetition 99 of 100[39m[90m                              [39m [90m0.15s[39m  
  [32;1m✓[39;22m[90m [39m[90many manager user only sees properties from their tenant @ repetition 100 of 100[39m[90m                             [39m [90m0.20s[39m  
  [32;1m✓[39;22m[90m [39m[90many manager attempting to access cross-tenant property gets 404 @ repetition 1 of 100[39m[90m                       [39m [90m0.12s[39m  
  [32;1m✓[39;22m[90m [39m[90many manager attempting to access cross-tenant property gets 404 @ repetition 2 of 100[39m[90m                       [39m [90m0.14s[39m  
  [32;1m✓[39;22m[90m [39m[90many manager attempting to access cross-tenant property gets 404 @ repetition 3 of 100[39m[90m                       [39m [90m0.13s[39m  
  [32;1m✓[39;22m[90m [39m[90many manager attempting to access cross-tenant property gets 404 @ repetition 4 of 100[39m[90m                       [39m [90m0.11s[39m  
  [32;1m✓[39;22m[90m [39m[90many manager attempting to access cross-tenant property gets 404 @ repetition 5 of 100[39m[90m                       [39m [90m0.29s[39m  
  [32;1m✓[39;22m[90m [39m[90many manager attempting to access cross-tenant property gets 404 @ repetition 6 of 100[39m[90m                       [39m [90m0.18s[39m  
  [32;1m✓[39;22m[90m [39m[90many manager attempting to access cross-tenant property gets 404 @ repetition 7 of 100[39m[90m                       [39m [90m0.15s[39m  
  [32;1m✓[39;22m[90m [39m[90many manager attempting to access cross-tenant property gets 404 @ repetition 8 of 100[39m[90m                       [39m [90m0.18s[39m  
  [32;1m✓[39;22m[90m [39m[90many manager attempting to access cross-tenant property gets 404 @ repetition 9 of 100[39m[90m                       [39m [90m0.12s[39m  
  [32;1m✓[39;22m[90m [39m[90many manager attempting to access cross-tenant property gets 404 @ repetition 10 of 100[39m[90m                      [39m [90m0.17s[39m  
  [32;1m✓[39;22m[90m [39m[90many manager attempting to access cross-tenant property gets 404 @ repetition 11 of 100[39m[90m                      [39m [90m0.13s[39m  
  [32;1m✓[39;22m[90m [39m[90many manager attempting to access cross-tenant property gets 404 @ repetition 12 of 100[39m[90m                      [39m [90m0.11s[39m  
  [32;1m✓[39;22m[90m [39m[90many manager attempting to access cross-tenant property gets 404 @ repetition 13 of 100[39m[90m                      [39m [90m0.13s[39m  
  [32;1m✓[39;22m[90m [39m[90many manager attempting to access cross-tenant property gets 404 @ repetition 14 of 100[39m[90m                      [39m [90m0.14s[39m  
  [32;1m✓[39;22m[90m [39m[90many manager attempting to access cross-tenant property gets 404 @ repetition 15 of 100[39m[90m                      [39m [90m0.22s[39m  
  [32;1m✓[39;22m[90m [39m[90many manager attempting to access cross-tenant property gets 404 @ repetition 16 of 100[39m[90m                      [39m [90m0.19s[39m  
  [32;1m✓[39;22m[90m [39m[90many manager attempting to access cross-tenant property gets 404 @ repetition 17 of 100[39m[90m                      [39m [90m0.18s[39m  
  [32;1m✓[39;22m[90m [39m[90many manager attempting to access cross-tenant property gets 404 @ repetition 18 of 100[39m[90m                      [39m [90m0.10s[39m  
  [32;1m✓[39;22m[90m [39m[90many manager attempting to access cross-tenant property gets 404 @ repetition 19 of 100[39m[90m                      [39m [90m0.17s[39m  
  [32;1m✓[39;22m[90m [39m[90many manager attempting to access cross-tenant property gets 404 @ repetition 20 of 100[39m[90m                      [39m [90m0.21s[39m  
  [32;1m✓[39;22m[90m [39m[90many manager attempting to access cross-tenant property gets 404 @ repetition 21 of 100[39m[90m                      [39m [90m0.15s[39m  
  [32;1m✓[39;22m[90m [39m[90many manager attempting to access cross-tenant property gets 404 @ repetition 22 of 100[39m[90m                      [39m [90m0.15s[39m  
  [32;1m✓[39;22m[90m [39m[90many manager attempting to access cross-tenant property gets 404 @ repetition 23 of 100[39m[90m                      [39m [90m0.12s[39m  
  [32;1m✓[39;22m[90m [39m[90many manager attempting to access cross-tenant property gets 404 @ repetition 24 of 100[39m[90m                      [39m [90m0.11s[39m  
  [32;1m✓[39;22m[90m [39m[90many manager attempting to access cross-tenant property gets 404 @ repetition 25 of 100[39m[90m                      [39m [90m0.23s[39m  
  [32;1m✓[39;22m[90m [39m[90many manager attempting to access cross-tenant property gets 404 @ repetition 26 of 100[39m[90m                      [39m [90m0.14s[39m  
  [32;1m✓[39;22m[90m [39m[90many manager attempting to access cross-tenant property gets 404 @ repetition 27 of 100[39m[90m                      [39m [90m0.14s[39m  
  [32;1m✓[39;22m[90m [39m[90many manager attempting to access cross-tenant property gets 404 @ repetition 28 of 100[39m[90m                      [39m [90m0.14s[39m  
  [32;1m✓[39;22m[90m [39m[90many manager attempting to access cross-tenant property gets 404 @ repetition 29 of 100[39m[90m                      [39m [90m0.14s[39m  
  [32;1m✓[39;22m[90m [39m[90many manager attempting to access cross-tenant property gets 404 @ repetition 30 of 100[39m[90m                      [39m [90m0.18s[39m  
  [32;1m✓[39;22m[90m [39m[90many manager attempting to access cross-tenant property gets 404 @ repetition 31 of 100[39m[90m                      [39m [90m0.12s[39m  
  [32;1m✓[39;22m[90m [39m[90many manager attempting to access cross-tenant property gets 404 @ repetition 32 of 100[39m[90m                      [39m [90m0.12s[39m  
  [32;1m✓[39;22m[90m [39m[90many manager attempting to access cross-tenant property gets 404 @ repetition 33 of 100[39m[90m                      [39m [90m0.13s[39m  
  [32;1m✓[39;22m[90m [39m[90many manager attempting to access cross-tenant property gets 404 @ repetition 34 of 100[39m[90m                      [39m [90m0.16s[39m  
  [32;1m✓[39;22m[90m [39m[90many manager attempting to access cross-tenant property gets 404 @ repetition 35 of 100[39m[90m                      [39m [90m0.25s[39m  
  [32;1m✓[39;22m[90m [39m[90many manager attempting to access cross-tenant property gets 404 @ repetition 36 of 100[39m[90m                      [39m [90m0.15s[39m  
  [32;1m✓[39;22m[90m [39m[90many manager attempting to access cross-tenant property gets 404 @ repetition 37 of 100[39m[90m                      [39m [90m0.11s[39m  
  [32;1m✓[39;22m[90m [39m[90many manager attempting to access cross-tenant property gets 404 @ repetition 38 of 100[39m[90m                      [39m [90m0.13s[39m  
  [32;1m✓[39;22m[90m [39m[90many manager attempting to access cross-tenant property gets 404 @ repetition 39 of 100[39m[90m                      [39m [90m0.17s[39m  
  [32;1m✓[39;22m[90m [39m[90many manager attempting to access cross-tenant property gets 404 @ repetition 40 of 100[39m[90m                      [39m [90m0.16s[39m  
  [32;1m✓[39;22m[90m [39m[90many manager attempting to access cross-tenant property gets 404 @ repetition 41 of 100[39m[90m                      [39m [90m0.14s[39m  
  [32;1m✓[39;22m[90m [39m[90many manager attempting to access cross-tenant property gets 404 @ repetition 42 of 100[39m[90m                      [39m [90m0.17s[39m  
  [32;1m✓[39;22m[90m [39m[90many manager attempting to access cross-tenant property gets 404 @ repetition 43 of 100[39m[90m                      [39m [90m0.11s[39m  
  [32;1m✓[39;22m[90m [39m[90many manager attempting to access cross-tenant property gets 404 @ repetition 44 of 100[39m[90m                      [39m [90m0.12s[39m  
  [32;1m✓[39;22m[90m [39m[90many manager attempting to access cross-tenant property gets 404 @ repetition 45 of 100[39m[90m                      [39m [90m0.18s[39m  
  [32;1m✓[39;22m[90m [39m[90many manager attempting to access cross-tenant property gets 404 @ repetition 46 of 100[39m[90m                      [39m [90m0.12s[39m  
  [32;1m✓[39;22m[90m [39m[90many manager attempting to access cross-tenant property gets 404 @ repetition 47 of 100[39m[90m                      [39m [90m0.10s[39m  
  [32;1m✓[39;22m[90m [39m[90many manager attempting to access cross-tenant property gets 404 @ repetition 48 of 100[39m[90m                      [39m [90m0.10s[39m  
  [32;1m✓[39;22m[90m [39m[90many manager attempting to access cross-tenant property gets 404 @ repetition 49 of 100[39m[90m                      [39m [90m0.14s[39m  
  [32;1m✓[39;22m[90m [39m[90many manager attempting to access cross-tenant property gets 404 @ repetition 50 of 100[39m[90m                      [39m [90m0.20s[39m  
  [32;1m✓[39;22m[90m [39m[90many manager attempting to access cross-tenant property gets 404 @ repetition 51 of 100[39m[90m                      [39m [90m0.17s[39m  
  [32;1m✓[39;22m[90m [39m[90many manager attempting to access cross-tenant property gets 404 @ repetition 52 of 100[39m[90m                      [39m [90m0.17s[39m  
  [32;1m✓[39;22m[90m [39m[90many manager attempting to access cross-tenant property gets 404 @ repetition 53 of 100[39m[90m                      [39m [90m0.13s[39m  
  [32;1m✓[39;22m[90m [39m[90many manager attempting to access cross-tenant property gets 404 @ repetition 54 of 100[39m[90m                      [39m [90m0.15s[39m  
  [32;1m✓[39;22m[90m [39m[90many manager attempting to access cross-tenant property gets 404 @ repetition 55 of 100[39m[90m                      [39m [90m0.21s[39m  
  [32;1m✓[39;22m[90m [39m[90many manager attempting to access cross-tenant property gets 404 @ repetition 56 of 100[39m[90m                      [39m [90m0.11s[39m  
  [32;1m✓[39;22m[90m [39m[90many manager attempting to access cross-tenant property gets 404 @ repetition 57 of 100[39m[90m                      [39m [90m0.18s[39m  
  [32;1m✓[39;22m[90m [39m[90many manager attempting to access cross-tenant property gets 404 @ repetition 58 of 100[39m[90m                      [39m [90m0.12s[39m  
  [32;1m✓[39;22m[90m [39m[90many manager attempting to access cross-tenant property gets 404 @ repetition 59 of 100[39m[90m                      [39m [90m0.14s[39m  
  [32;1m✓[39;22m[90m [39m[90many manager attempting to access cross-tenant property gets 404 @ repetition 60 of 100[39m[90m                      [39m [90m0.21s[39m  
  [32;1m✓[39;22m[90m [39m[90many manager attempting to access cross-tenant property gets 404 @ repetition 61 of 100[39m[90m                      [39m [90m0.12s[39m  
  [32;1m✓[39;22m[90m [39m[90many manager attempting to access cross-tenant property gets 404 @ repetition 62 of 100[39m[90m                      [39m [90m0.12s[39m  
  [32;1m✓[39;22m[90m [39m[90many manager attempting to access cross-tenant property gets 404 @ repetition 63 of 100[39m[90m                      [39m [90m0.14s[39m  
  [32;1m✓[39;22m[90m [39m[90many manager attempting to access cross-tenant property gets 404 @ repetition 64 of 100[39m[90m                      [39m [90m0.12s[39m  
  [32;1m✓[39;22m[90m [39m[90many manager attempting to access cross-tenant property gets 404 @ repetition 65 of 100[39m[90m                      [39m [90m0.21s[39m  
  [32;1m✓[39;22m[90m [39m[90many manager attempting to access cross-tenant property gets 404 @ repetition 66 of 100[39m[90m                      [39m [90m0.14s[39m  
  [32;1m✓[39;22m[90m [39m[90many manager attempting to access cross-tenant property gets 404 @ repetition 67 of 100[39m[90m                      [39m [90m0.14s[39m  
  [32;1m✓[39;22m[90m [39m[90many manager attempting to access cross-tenant property gets 404 @ repetition 68 of 100[39m[90m                      [39m [90m0.13s[39m  
  [32;1m✓[39;22m[90m [39m[90many manager attempting to access cross-tenant property gets 404 @ repetition 69 of 100[39m[90m                      [39m [90m0.11s[39m  
  [32;1m✓[39;22m[90m [39m[90many manager attempting to access cross-tenant property gets 404 @ repetition 70 of 100[39m[90m                      [39m [90m0.19s[39m  
  [32;1m✓[39;22m[90m [39m[90many manager attempting to access cross-tenant property gets 404 @ repetition 71 of 100[39m[90m                      [39m [90m0.14s[39m  
  [32;1m✓[39;22m[90m [39m[90many manager attempting to access cross-tenant property gets 404 @ repetition 72 of 100[39m[90m                      [39m [90m0.13s[39m  
  [32;1m✓[39;22m[90m [39m[90many manager attempting to access cross-tenant property gets 404 @ repetition 73 of 100[39m[90m                      [39m [90m0.11s[39m  
  [32;1m✓[39;22m[90m [39m[90many manager attempting to access cross-tenant property gets 404 @ repetition 74 of 100[39m[90m                      [39m [90m0.16s[39m  
  [32;1m✓[39;22m[90m [39m[90many manager attempting to access cross-tenant property gets 404 @ repetition 75 of 100[39m[90m                      [39m [90m0.16s[39m  
  [32;1m✓[39;22m[90m [39m[90many manager attempting to access cross-tenant property gets 404 @ repetition 76 of 100[39m[90m                      [39m [90m0.12s[39m  
  [32;1m✓[39;22m[90m [39m[90many manager attempting to access cross-tenant property gets 404 @ repetition 77 of 100[39m[90m                      [39m [90m0.11s[39m  
  [32;1m✓[39;22m[90m [39m[90many manager attempting to access cross-tenant property gets 404 @ repetition 78 of 100[39m[90m                      [39m [90m0.11s[39m  
  [32;1m✓[39;22m[90m [39m[90many manager attempting to access cross-tenant property gets 404 @ repetition 79 of 100[39m[90m                      [39m [90m0.12s[39m  
  [32;1m✓[39;22m[90m [39m[90many manager attempting to access cross-tenant property gets 404 @ repetition 80 of 100[39m[90m                      [39m [90m0.18s[39m  
  [32;1m✓[39;22m[90m [39m[90many manager attempting to access cross-tenant property gets 404 @ repetition 81 of 100[39m[90m                      [39m [90m0.18s[39m  
  [32;1m✓[39;22m[90m [39m[90many manager attempting to access cross-tenant property gets 404 @ repetition 82 of 100[39m[90m                      [39m [90m0.16s[39m  
  [32;1m✓[39;22m[90m [39m[90many manager attempting to access cross-tenant property gets 404 @ repetition 83 of 100[39m[90m                      [39m [90m0.14s[39m  
  [32;1m✓[39;22m[90m [39m[90many manager attempting to access cross-tenant property gets 404 @ repetition 84 of 100[39m[90m                      [39m [90m0.11s[39m  
  [32;1m✓[39;22m[90m [39m[90many manager attempting to access cross-tenant property gets 404 @ repetition 85 of 100[39m[90m                      [39m [90m0.22s[39m  
  [32;1m✓[39;22m[90m [39m[90many manager attempting to access cross-tenant property gets 404 @ repetition 86 of 100[39m[90m                      [39m [90m0.15s[39m  
  [32;1m✓[39;22m[90m [39m[90many manager attempting to access cross-tenant property gets 404 @ repetition 87 of 100[39m[90m                      [39m [90m0.14s[39m  
  [32;1m✓[39;22m[90m [39m[90many manager attempting to access cross-tenant property gets 404 @ repetition 88 of 100[39m[90m                      [39m [90m0.14s[39m  
  [32;1m✓[39;22m[90m [39m[90many manager attempting to access cross-tenant property gets 404 @ repetition 89 of 100[39m[90m                      [39m [90m0.11s[39m  
  [32;1m✓[39;22m[90m [39m[90many manager attempting to access cross-tenant property gets 404 @ repetition 90 of 100[39m[90m                      [39m [90m0.20s[39m  
  [32;1m✓[39;22m[90m [39m[90many manager attempting to access cross-tenant property gets 404 @ repetition 91 of 100[39m[90m                      [39m [90m0.13s[39m  
  [32;1m✓[39;22m[90m [39m[90many manager attempting to access cross-tenant property gets 404 @ repetition 92 of 100[39m[90m                      [39m [90m0.10s[39m  
  [32;1m✓[39;22m[90m [39m[90many manager attempting to access cross-tenant property gets 404 @ repetition 93 of 100[39m[90m                      [39m [90m0.15s[39m  
  [32;1m✓[39;22m[90m [39m[90many manager attempting to access cross-tenant property gets 404 @ repetition 94 of 100[39m[90m                      [39m [90m0.11s[39m  
  [32;1m✓[39;22m[90m [39m[90many manager attempting to access cross-tenant property gets 404 @ repetition 95 of 100[39m[90m                      [39m [90m0.19s[39m  
  [32;1m✓[39;22m[90m [39m[90many manager attempting to access cross-tenant property gets 404 @ repetition 96 of 100[39m[90m                      [39m [90m0.18s[39m  
  [32;1m✓[39;22m[90m [39m[90many manager attempting to access cross-tenant property gets 404 @ repetition 97 of 100[39m[90m                      [39m [90m0.12s[39m  
  [32;1m✓[39;22m[90m [39m[90many manager attempting to access cross-tenant property gets 404 @ repetition 98 of 100[39m[90m                      [39m [90m0.12s[39m  
  [32;1m✓[39;22m[90m [39m[90many manager attempting to access cross-tenant property gets 404 @ repetition 99 of 100[39m[90m                      [39m [90m0.11s[39m  
  [32;1m✓[39;22m[90m [39m[90many manager attempting to access cross-tenant property gets 404 @ repetition 100 of 100[39m[90m                     [39m [90m0.24s[39m  
  [32;1m✓[39;22m[90m [39m[90many tenant user only sees their own invoices @ repetition 1 of 100[39m[90m                                          [39m [90m0.15s[39m  
  [32;1m✓[39;22m[90m [39m[90many tenant user only sees their own invoices @ repetition 2 of 100[39m[90m                                          [39m [90m0.17s[39m  
  [32;1m✓[39;22m[90m [39m[90many tenant user only sees their own invoices @ repetition 3 of 100[39m[90m                                          [39m [90m0.14s[39m  
  [32;1m✓[39;22m[90m [39m[90many tenant user only sees their own invoices @ repetition 4 of 100[39m[90m                                          [39m [90m0.14s[39m  
  [32;1m✓[39;22m[90m [39m[90many tenant user only sees their own invoices @ repetition 5 of 100[39m[90m                                          [39m [90m0.14s[39m  
  [32;1m✓[39;22m[90m [39m[90many tenant user only sees their own invoices @ repetition 6 of 100[39m[90m                                          [39m [90m0.15s[39m  
  [32;1m✓[39;22m[90m [39m[90many tenant user only sees their own invoices @ repetition 7 of 100[39m[90m                                          [39m [90m0.24s[39m  
  [32;1m✓[39;22m[90m [39m[90many tenant user only sees their own invoices @ repetition 8 of 100[39m[90m                                          [39m [90m0.17s[39m  
  [32;1m✓[39;22m[90m [39m[90many tenant user only sees their own invoices @ repetition 9 of 100[39m[90m                                          [39m [90m0.15s[39m  
  [32;1m✓[39;22m[90m [39m[90many tenant user only sees their own invoices @ repetition 10 of 100[39m[90m                                         [39m [90m0.15s[39m  
  [32;1m✓[39;22m[90m [39m[90many tenant user only sees their own invoices @ repetition 11 of 100[39m[90m                                         [39m [90m0.17s[39m  
  [32;1m✓[39;22m[90m [39m[90many tenant user only sees their own invoices @ repetition 12 of 100[39m[90m                                         [39m [90m0.13s[39m  
  [32;1m✓[39;22m[90m [39m[90many tenant user only sees their own invoices @ repetition 13 of 100[39m[90m                                         [39m [90m0.15s[39m  
  [32;1m✓[39;22m[90m [39m[90many tenant user only sees their own invoices @ repetition 14 of 100[39m[90m                                         [39m [90m0.21s[39m  
  [32;1m✓[39;22m[90m [39m[90many tenant user only sees their own invoices @ repetition 15 of 100[39m[90m                                         [39m [90m0.17s[39m  
  [32;1m✓[39;22m[90m [39m[90many tenant user only sees their own invoices @ repetition 16 of 100[39m[90m                                         [39m [90m0.15s[39m  
  [32;1m✓[39;22m[90m [39m[90many tenant user only sees their own invoices @ repetition 17 of 100[39m[90m                                         [39m [90m0.13s[39m  
  [32;1m✓[39;22m[90m [39m[90many tenant user only sees their own invoices @ repetition 18 of 100[39m[90m                                         [39m [90m0.14s[39m  
  [32;1m✓[39;22m[90m [39m[90many tenant user only sees their own invoices @ repetition 19 of 100[39m[90m                                         [39m [90m0.13s[39m  
  [32;1m✓[39;22m[90m [39m[90many tenant user only sees their own invoices @ repetition 20 of 100[39m[90m                                         [39m [90m0.15s[39m  
  [32;1m✓[39;22m[90m [39m[90many tenant user only sees their own invoices @ repetition 21 of 100[39m[90m                                         [39m [90m0.25s[39m  
  [32;1m✓[39;22m[90m [39m[90many tenant user only sees their own invoices @ repetition 22 of 100[39m[90m                                         [39m [90m0.12s[39m  
  [32;1m✓[39;22m[90m [39m[90many tenant user only sees their own invoices @ repetition 23 of 100[39m[90m                                         [39m [90m0.12s[39m  
  [32;1m✓[39;22m[90m [39m[90many tenant user only sees their own invoices @ repetition 24 of 100[39m[90m                                         [39m [90m0.18s[39m  
  [32;1m✓[39;22m[90m [39m[90many tenant user only sees their own invoices @ repetition 25 of 100[39m[90m                                         [39m [90m0.14s[39m  
  [32;1m✓[39;22m[90m [39m[90many tenant user only sees their own invoices @ repetition 26 of 100[39m[90m                                         [39m [90m0.11s[39m  
  [32;1m✓[39;22m[90m [39m[90many tenant user only sees their own invoices @ repetition 27 of 100[39m[90m                                         [39m [90m0.19s[39m  
  [32;1m✓[39;22m[90m [39m[90many tenant user only sees their own invoices @ repetition 28 of 100[39m[90m                                         [39m [90m0.26s[39m  
  [32;1m✓[39;22m[90m [39m[90many tenant user only sees their own invoices @ repetition 29 of 100[39m[90m                                         [39m [90m0.14s[39m  
  [32;1m✓[39;22m[90m [39m[90many tenant user only sees their own invoices @ repetition 30 of 100[39m[90m                                         [39m [90m0.15s[39m  
  [32;1m✓[39;22m[90m [39m[90many tenant user only sees their own invoices @ repetition 31 of 100[39m[90m                                         [39m [90m0.15s[39m  
  [32;1m✓[39;22m[90m [39m[90many tenant user only sees their own invoices @ repetition 32 of 100[39m[90m                                         [39m [90m0.16s[39m  
  [32;1m✓[39;22m[90m [39m[90many tenant user only sees their own invoices @ repetition 33 of 100[39m[90m                                         [39m [90m0.14s[39m  
  [32;1m✓[39;22m[90m [39m[90many tenant user only sees their own invoices @ repetition 34 of 100[39m[90m                                         [39m [90m0.15s[39m  
  [32;1m✓[39;22m[90m [39m[90many tenant user only sees their own invoices @ repetition 35 of 100[39m[90m                                         [39m [90m0.24s[39m  
  [32;1m✓[39;22m[90m [39m[90many tenant user only sees their own invoices @ repetition 36 of 100[39m[90m                                         [39m [90m0.16s[39m  
  [32;1m✓[39;22m[90m [39m[90many tenant user only sees their own invoices @ repetition 37 of 100[39m[90m                                         [39m [90m0.11s[39m  
  [32;1m✓[39;22m[90m [39m[90many tenant user only sees their own invoices @ repetition 38 of 100[39m[90m                                         [39m [90m0.11s[39m  
  [32;1m✓[39;22m[90m [39m[90many tenant user only sees their own invoices @ repetition 39 of 100[39m[90m                                         [39m [90m0.13s[39m  
  [32;1m✓[39;22m[90m [39m[90many tenant user only sees their own invoices @ repetition 40 of 100[39m[90m                                         [39m [90m0.16s[39m  
  [32;1m✓[39;22m[90m [39m[90many tenant user only sees their own invoices @ repetition 41 of 100[39m[90m                                         [39m [90m0.13s[39m  
  [32;1m✓[39;22m[90m [39m[90many tenant user only sees their own invoices @ repetition 42 of 100[39m[90m                                         [39m [90m0.27s[39m  
  [32;1m✓[39;22m[90m [39m[90many tenant user only sees their own invoices @ repetition 43 of 100[39m[90m                                         [39m [90m0.12s[39m  
  [32;1m✓[39;22m[90m [39m[90many tenant user only sees their own invoices @ repetition 44 of 100[39m[90m                                         [39m [90m0.13s[39m  
  [32;1m✓[39;22m[90m [39m[90many tenant user only sees their own invoices @ repetition 45 of 100[39m[90m                                         [39m [90m0.19s[39m  
  [32;1m✓[39;22m[90m [39m[90many tenant user only sees their own invoices @ repetition 46 of 100[39m[90m                                         [39m [90m0.17s[39m  
  [32;1m✓[39;22m[90m [39m[90many tenant user only sees their own invoices @ repetition 47 of 100[39m[90m                                         [39m [90m0.13s[39m  
  [32;1m✓[39;22m[90m [39m[90many tenant user only sees their own invoices @ repetition 48 of 100[39m[90m                                         [39m [90m0.16s[39m  
  [32;1m✓[39;22m[90m [39m[90many tenant user only sees their own invoices @ repetition 49 of 100[39m[90m                                         [39m [90m0.19s[39m  
  [32;1m✓[39;22m[90m [39m[90many tenant user only sees their own invoices @ repetition 50 of 100[39m[90m                                         [39m [90m0.19s[39m  
  [32;1m✓[39;22m[90m [39m[90many tenant user only sees their own invoices @ repetition 51 of 100[39m[90m                                         [39m [90m0.13s[39m  
  [32;1m✓[39;22m[90m [39m[90many tenant user only sees their own invoices @ repetition 52 of 100[39m[90m                                         [39m [90m0.13s[39m  
  [32;1m✓[39;22m[90m [39m[90many tenant user only sees their own invoices @ repetition 53 of 100[39m[90m                                         [39m [90m0.13s[39m  
  [32;1m✓[39;22m[90m [39m[90many tenant user only sees their own invoices @ repetition 54 of 100[39m[90m                                         [39m [90m0.11s[39m  
  [32;1m✓[39;22m[90m [39m[90many tenant user only sees their own invoices @ repetition 55 of 100[39m[90m                                         [39m [90m0.13s[39m  
  [32;1m✓[39;22m[90m [39m[90many tenant user only sees their own invoices @ repetition 56 of 100[39m[90m                                         [39m [90m0.22s[39m  
  [32;1m✓[39;22m[90m [39m[90many tenant user only sees their own invoices @ repetition 57 of 100[39m[90m                                         [39m [90m0.14s[39m  
  [32;1m✓[39;22m[90m [39m[90many tenant user only sees their own invoices @ repetition 58 of 100[39m[90m                                         [39m [90m0.15s[39m  
  [32;1m✓[39;22m[90m [39m[90many tenant user only sees their own invoices @ repetition 59 of 100[39m[90m                                         [39m [90m0.17s[39m  
  [32;1m✓[39;22m[90m [39m[90many tenant user only sees their own invoices @ repetition 60 of 100[39m[90m                                         [39m [90m0.16s[39m  
  [32;1m✓[39;22m[90m [39m[90many tenant user only sees their own invoices @ repetition 61 of 100[39m[90m                                         [39m [90m0.13s[39m  
  [32;1m✓[39;22m[90m [39m[90many tenant user only sees their own invoices @ repetition 62 of 100[39m[90m                                         [39m [90m0.14s[39m  
  [32;1m✓[39;22m[90m [39m[90many tenant user only sees their own invoices @ repetition 63 of 100[39m[90m                                         [39m [90m0.22s[39m  
  [32;1m✓[39;22m[90m [39m[90many tenant user only sees their own invoices @ repetition 64 of 100[39m[90m                                         [39m [90m0.17s[39m  
  [32;1m✓[39;22m[90m [39m[90many tenant user only sees their own invoices @ repetition 65 of 100[39m[90m                                         [39m [90m0.12s[39m  
  [32;1m✓[39;22m[90m [39m[90many tenant user only sees their own invoices @ repetition 66 of 100[39m[90m                                         [39m [90m0.13s[39m  
  [32;1m✓[39;22m[90m [39m[90many tenant user only sees their own invoices @ repetition 67 of 100[39m[90m                                         [39m [90m0.15s[39m  
  [32;1m✓[39;22m[90m [39m[90many tenant user only sees their own invoices @ repetition 68 of 100[39m[90m                                         [39m [90m0.12s[39m  
  [32;1m✓[39;22m[90m [39m[90many tenant user only sees their own invoices @ repetition 69 of 100[39m[90m                                         [39m [90m0.13s[39m  
  [32;1m✓[39;22m[90m [39m[90many tenant user only sees their own invoices @ repetition 70 of 100[39m[90m                                         [39m [90m0.25s[39m  
  [32;1m✓[39;22m[90m [39m[90many tenant user only sees their own invoices @ repetition 71 of 100[39m[90m                                         [39m [90m0.17s[39m  
  [32;1m✓[39;22m[90m [39m[90many tenant user only sees their own invoices @ repetition 72 of 100[39m[90m                                         [39m [90m0.13s[39m  
  [32;1m✓[39;22m[90m [39m[90many tenant user only sees their own invoices @ repetition 73 of 100[39m[90m                                         [39m [90m0.18s[39m  
  [32;1m✓[39;22m[90m [39m[90many tenant user only sees their own invoices @ repetition 74 of 100[39m[90m                                         [39m [90m0.17s[39m  
  [32;1m✓[39;22m[90m [39m[90many tenant user only sees their own invoices @ repetition 75 of 100[39m[90m                                         [39m [90m0.13s[39m  
  [32;1m✓[39;22m[90m [39m[90many tenant user only sees their own invoices @ repetition 76 of 100[39m[90m                                         [39m [90m0.12s[39m  
  [32;1m✓[39;22m[90m [39m[90many tenant user only sees their own invoices @ repetition 77 of 100[39m[90m                                         [39m [90m0.24s[39m  
  [32;1m✓[39;22m[90m [39m[90many tenant user only sees their own invoices @ repetition 78 of 100[39m[90m                                         [39m [90m0.14s[39m  
  [32;1m✓[39;22m[90m [39m[90many tenant user only sees their own invoices @ repetition 79 of 100[39m[90m                                         [39m [90m0.15s[39m  
  [32;1m✓[39;22m[90m [39m[90many tenant user only sees their own invoices @ repetition 80 of 100[39m[90m                                         [39m [90m0.15s[39m  
  [32;1m✓[39;22m[90m [39m[90many tenant user only sees their own invoices @ repetition 81 of 100[39m[90m                                         [39m [90m0.14s[39m  
  [32;1m✓[39;22m[90m [39m[90many tenant user only sees their own invoices @ repetition 82 of 100[39m[90m                                         [39m [90m0.13s[39m  
  [32;1m✓[39;22m[90m [39m[90many tenant user only sees their own invoices @ repetition 83 of 100[39m[90m                                         [39m [90m0.16s[39m  
  [32;1m✓[39;22m[90m [39m[90many tenant user only sees their own invoices @ repetition 84 of 100[39m[90m                                         [39m [90m0.20s[39m  
  [32;1m✓[39;22m[90m [39m[90many tenant user only sees their own invoices @ repetition 85 of 100[39m[90m                                         [39m [90m0.14s[39m  
  [32;1m✓[39;22m[90m [39m[90many tenant user only sees their own invoices @ repetition 86 of 100[39m[90m                                         [39m [90m0.17s[39m  
  [32;1m✓[39;22m[90m [39m[90many tenant user only sees their own invoices @ repetition 87 of 100[39m[90m                                         [39m [90m0.12s[39m  
  [32;1m✓[39;22m[90m [39m[90many tenant user only sees their own invoices @ repetition 88 of 100[39m[90m                                         [39m [90m0.17s[39m  
  [32;1m✓[39;22m[90m [39m[90many tenant user only sees their own invoices @ repetition 89 of 100[39m[90m                                         [39m [90m0.13s[39m  
  [32;1m✓[39;22m[90m [39m[90many tenant user only sees their own invoices @ repetition 90 of 100[39m[90m                                         [39m [90m0.13s[39m  
  [32;1m✓[39;22m[90m [39m[90many tenant user only sees their own invoices @ repetition 91 of 100[39m[90m                                         [39m [90m0.24s[39m  
  [32;1m✓[39;22m[90m [39m[90many tenant user only sees their own invoices @ repetition 92 of 100[39m[90m                                         [39m [90m0.13s[39m  
  [32;1m✓[39;22m[90m [39m[90many tenant user only sees their own invoices @ repetition 93 of 100[39m[90m                                         [39m [90m0.12s[39m  
  [32;1m✓[39;22m[90m [39m[90many tenant user only sees their own invoices @ repetition 94 of 100[39m[90m                                         [39m [90m0.15s[39m  
  [32;1m✓[39;22m[90m [39m[90many tenant user only sees their own invoices @ repetition 95 of 100[39m[90m                                         [39m [90m0.11s[39m  
  [32;1m✓[39;22m[90m [39m[90many tenant user only sees their own invoices @ repetition 96 of 100[39m[90m                                         [39m [90m0.14s[39m  
  [32;1m✓[39;22m[90m [39m[90many tenant user only sees their own invoices @ repetition 97 of 100[39m[90m                                         [39m [90m0.13s[39m  
  [32;1m✓[39;22m[90m [39m[90many tenant user only sees their own invoices @ repetition 98 of 100[39m[90m                                         [39m [90m0.25s[39m  
  [32;1m✓[39;22m[90m [39m[90many tenant user only sees their own invoices @ repetition 99 of 100[39m[90m                                         [39m [90m0.11s[39m  
  [32;1m✓[39;22m[90m [39m[90many tenant user only sees their own invoices @ repetition 100 of 100[39m[90m                                        [39m [90m0.12s[39m  
  [32;1m✓[39;22m[90m [39m[90many tenant attempting to access another tenant invoice gets 404 @ repetition 1 of 100[39m[90m                       [39m [90m0.13s[39m  
  [32;1m✓[39;22m[90m [39m[90many tenant attempting to access another tenant invoice gets 404 @ repetition 2 of 100[39m[90m                       [39m [90m0.15s[39m  
  [32;1m✓[39;22m[90m [39m[90many tenant attempting to access another tenant invoice gets 404 @ repetition 3 of 100[39m[90m                       [39m [90m0.14s[39m  
  [32;1m✓[39;22m[90m [39m[90many tenant attempting to access another tenant invoice gets 404 @ repetition 4 of 100[39m[90m                       [39m [90m0.21s[39m  
  [32;1m✓[39;22m[90m [39m[90many tenant attempting to access another tenant invoice gets 404 @ repetition 5 of 100[39m[90m                       [39m [90m0.12s[39m  
  [32;1m✓[39;22m[90m [39m[90many tenant attempting to access another tenant invoice gets 404 @ repetition 6 of 100[39m[90m                       [39m [90m0.14s[39m  
  [32;1m✓[39;22m[90m [39m[90many tenant attempting to access another tenant invoice gets 404 @ repetition 7 of 100[39m[90m                       [39m [90m0.18s[39m  
  [32;1m✓[39;22m[90m [39m[90many tenant attempting to access another tenant invoice gets 404 @ repetition 8 of 100[39m[90m                       [39m [90m0.15s[39m  
  [32;1m✓[39;22m[90m [39m[90many tenant attempting to access another tenant invoice gets 404 @ repetition 9 of 100[39m[90m                       [39m [90m0.26s[39m  
  [32;1m✓[39;22m[90m [39m[90many tenant attempting to access another tenant invoice gets 404 @ repetition 10 of 100[39m[90m                      [39m [90m0.20s[39m  
  [32;1m✓[39;22m[90m [39m[90many tenant attempting to access another tenant invoice gets 404 @ repetition 11 of 100[39m[90m                      [39m [90m0.15s[39m  
  [32;1m✓[39;22m[90m [39m[90many tenant attempting to access another tenant invoice gets 404 @ repetition 12 of 100[39m[90m                      [39m [90m0.19s[39m  
  [32;1m✓[39;22m[90m [39m[90many tenant attempting to access another tenant invoice gets 404 @ repetition 13 of 100[39m[90m                      [39m [90m0.13s[39m  
  [32;1m✓[39;22m[90m [39m[90many tenant attempting to access another tenant invoice gets 404 @ repetition 14 of 100[39m[90m                      [39m [90m0.20s[39m  
  [32;1m✓[39;22m[90m [39m[90many tenant attempting to access another tenant invoice gets 404 @ repetition 15 of 100[39m[90m                      [39m [90m0.12s[39m  
  [32;1m✓[39;22m[90m [39m[90many tenant attempting to access another tenant invoice gets 404 @ repetition 16 of 100[39m[90m                      [39m [90m0.12s[39m  
  [32;1m✓[39;22m[90m [39m[90many tenant attempting to access another tenant invoice gets 404 @ repetition 17 of 100[39m[90m                      [39m [90m0.12s[39m  
  [32;1m✓[39;22m[90m [39m[90many tenant attempting to access another tenant invoice gets 404 @ repetition 18 of 100[39m[90m                      [39m [90m0.15s[39m  
  [32;1m✓[39;22m[90m [39m[90many tenant attempting to access another tenant invoice gets 404 @ repetition 19 of 100[39m[90m                      [39m [90m0.19s[39m  
  [32;1m✓[39;22m[90m [39m[90many tenant attempting to access another tenant invoice gets 404 @ repetition 20 of 100[39m[90m                      [39m [90m0.15s[39m  
  [32;1m✓[39;22m[90m [39m[90many tenant attempting to access another tenant invoice gets 404 @ repetition 21 of 100[39m[90m                      [39m [90m0.12s[39m  
  [32;1m✓[39;22m[90m [39m[90many tenant attempting to access another tenant invoice gets 404 @ repetition 22 of 100[39m[90m                      [39m [90m0.15s[39m  
  [32;1m✓[39;22m[90m [39m[90many tenant attempting to access another tenant invoice gets 404 @ repetition 23 of 100[39m[90m                      [39m [90m0.15s[39m  
  [32;1m✓[39;22m[90m [39m[90many tenant attempting to access another tenant invoice gets 404 @ repetition 24 of 100[39m[90m                      [39m [90m0.20s[39m  
  [32;1m✓[39;22m[90m [39m[90many tenant attempting to access another tenant invoice gets 404 @ repetition 25 of 100[39m[90m                      [39m [90m0.11s[39m  
  [32;1m✓[39;22m[90m [39m[90many tenant attempting to access another tenant invoice gets 404 @ repetition 26 of 100[39m[90m                      [39m [90m0.13s[39m  
  [32;1m✓[39;22m[90m [39m[90many tenant attempting to access another tenant invoice gets 404 @ repetition 27 of 100[39m[90m                      [39m [90m0.17s[39m  
  [32;1m✓[39;22m[90m [39m[90many tenant attempting to access another tenant invoice gets 404 @ repetition 28 of 100[39m[90m                      [39m [90m0.14s[39m  
  [32;1m✓[39;22m[90m [39m[90many tenant attempting to access another tenant invoice gets 404 @ repetition 29 of 100[39m[90m                      [39m [90m0.19s[39m  
  [32;1m✓[39;22m[90m [39m[90many tenant attempting to access another tenant invoice gets 404 @ repetition 30 of 100[39m[90m                      [39m [90m0.15s[39m  
  [32;1m✓[39;22m[90m [39m[90many tenant attempting to access another tenant invoice gets 404 @ repetition 31 of 100[39m[90m                      [39m [90m0.16s[39m  
  [32;1m✓[39;22m[90m [39m[90many tenant attempting to access another tenant invoice gets 404 @ repetition 32 of 100[39m[90m                      [39m [90m0.16s[39m  
  [32;1m✓[39;22m[90m [39m[90many tenant attempting to access another tenant invoice gets 404 @ repetition 33 of 100[39m[90m                      [39m [90m0.13s[39m  
  [32;1m✓[39;22m[90m [39m[90many tenant attempting to access another tenant invoice gets 404 @ repetition 34 of 100[39m[90m                      [39m [90m0.23s[39m  
  [32;1m✓[39;22m[90m [39m[90many tenant attempting to access another tenant invoice gets 404 @ repetition 35 of 100[39m[90m                      [39m [90m0.13s[39m  
  [32;1m✓[39;22m[90m [39m[90many tenant attempting to access another tenant invoice gets 404 @ repetition 36 of 100[39m[90m                      [39m [90m0.14s[39m  
  [32;1m✓[39;22m[90m [39m[90many tenant attempting to access another tenant invoice gets 404 @ repetition 37 of 100[39m[90m                      [39m [90m0.14s[39m  
  [32;1m✓[39;22m[90m [39m[90many tenant attempting to access another tenant invoice gets 404 @ repetition 38 of 100[39m[90m                      [39m [90m0.15s[39m  
  [32;1m✓[39;22m[90m [39m[90many tenant attempting to access another tenant invoice gets 404 @ repetition 39 of 100[39m[90m                      [39m [90m0.23s[39m  
  [32;1m✓[39;22m[90m [39m[90many tenant attempting to access another tenant invoice gets 404 @ repetition 40 of 100[39m[90m                      [39m [90m0.19s[39m  
  [32;1m✓[39;22m[90m [39m[90many tenant attempting to access another tenant invoice gets 404 @ repetition 41 of 100[39m[90m                      [39m [90m0.17s[39m  
  [32;1m✓[39;22m[90m [39m[90many tenant attempting to access another tenant invoice gets 404 @ repetition 42 of 100[39m[90m                      [39m [90m0.16s[39m  
  [32;1m✓[39;22m[90m [39m[90many tenant attempting to access another tenant invoice gets 404 @ repetition 43 of 100[39m[90m                      [39m [90m0.16s[39m  
  [32;1m✓[39;22m[90m [39m[90many tenant attempting to access another tenant invoice gets 404 @ repetition 44 of 100[39m[90m                      [39m [90m0.22s[39m  
  [32;1m✓[39;22m[90m [39m[90many tenant attempting to access another tenant invoice gets 404 @ repetition 45 of 100[39m[90m                      [39m [90m0.12s[39m  
  [32;1m✓[39;22m[90m [39m[90many tenant attempting to access another tenant invoice gets 404 @ repetition 46 of 100[39m[90m                      [39m [90m0.17s[39m  
  [32;1m✓[39;22m[90m [39m[90many tenant attempting to access another tenant invoice gets 404 @ repetition 47 of 100[39m[90m                      [39m [90m0.14s[39m  
  [32;1m✓[39;22m[90m [39m[90many tenant attempting to access another tenant invoice gets 404 @ repetition 48 of 100[39m[90m                      [39m [90m0.14s[39m  
  [32;1m✓[39;22m[90m [39m[90many tenant attempting to access another tenant invoice gets 404 @ repetition 49 of 100[39m[90m                      [39m [90m0.23s[39m  
  [32;1m✓[39;22m[90m [39m[90many tenant attempting to access another tenant invoice gets 404 @ repetition 50 of 100[39m[90m                      [39m [90m0.13s[39m  
  [32;1m✓[39;22m[90m [39m[90many tenant attempting to access another tenant invoice gets 404 @ repetition 51 of 100[39m[90m                      [39m [90m0.14s[39m  
  [32;1m✓[39;22m[90m [39m[90many tenant attempting to access another tenant invoice gets 404 @ repetition 52 of 100[39m[90m                      [39m [90m0.12s[39m  
  [32;1m✓[39;22m[90m [39m[90many tenant attempting to access another tenant invoice gets 404 @ repetition 53 of 100[39m[90m                      [39m [90m0.13s[39m  
  [32;1m✓[39;22m[90m [39m[90many tenant attempting to access another tenant invoice gets 404 @ repetition 54 of 100[39m[90m                      [39m [90m0.23s[39m  
  [32;1m✓[39;22m[90m [39m[90many tenant attempting to access another tenant invoice gets 404 @ repetition 55 of 100[39m[90m                      [39m [90m0.13s[39m  
  [32;1m✓[39;22m[90m [39m[90many tenant attempting to access another tenant invoice gets 404 @ repetition 56 of 100[39m[90m                      [39m [90m0.13s[39m  
  [32;1m✓[39;22m[90m [39m[90many tenant attempting to access another tenant invoice gets 404 @ repetition 57 of 100[39m[90m                      [39m [90m0.13s[39m  
  [32;1m✓[39;22m[90m [39m[90many tenant attempting to access another tenant invoice gets 404 @ repetition 58 of 100[39m[90m                      [39m [90m0.14s[39m  
  [32;1m✓[39;22m[90m [39m[90many tenant attempting to access another tenant invoice gets 404 @ repetition 59 of 100[39m[90m                      [39m [90m0.22s[39m  
  [32;1m✓[39;22m[90m [39m[90many tenant attempting to access another tenant invoice gets 404 @ repetition 60 of 100[39m[90m                      [39m [90m0.14s[39m  
  [32;1m✓[39;22m[90m [39m[90many tenant attempting to access another tenant invoice gets 404 @ repetition 61 of 100[39m[90m                      [39m [90m0.12s[39m  
  [32;1m✓[39;22m[90m [39m[90many tenant attempting to access another tenant invoice gets 404 @ repetition 62 of 100[39m[90m                      [39m [90m0.17s[39m  
  [32;1m✓[39;22m[90m [39m[90many tenant attempting to access another tenant invoice gets 404 @ repetition 63 of 100[39m[90m                      [39m [90m0.17s[39m  
  [32;1m✓[39;22m[90m [39m[90many tenant attempting to access another tenant invoice gets 404 @ repetition 64 of 100[39m[90m                      [39m [90m0.22s[39m  
  [32;1m✓[39;22m[90m [39m[90many tenant attempting to access another tenant invoice gets 404 @ repetition 65 of 100[39m[90m                      [39m [90m0.13s[39m  
  [32;1m✓[39;22m[90m [39m[90many tenant attempting to access another tenant invoice gets 404 @ repetition 66 of 100[39m[90m                      [39m [90m0.12s[39m  
  [32;1m✓[39;22m[90m [39m[90many tenant attempting to access another tenant invoice gets 404 @ repetition 67 of 100[39m[90m                      [39m [90m0.11s[39m  
  [32;1m✓[39;22m[90m [39m[90many tenant attempting to access another tenant invoice gets 404 @ repetition 68 of 100[39m[90m                      [39m [90m0.15s[39m  
  [32;1m✓[39;22m[90m [39m[90many tenant attempting to access another tenant invoice gets 404 @ repetition 69 of 100[39m[90m                      [39m [90m0.22s[39m  
  [32;1m✓[39;22m[90m [39m[90many tenant attempting to access another tenant invoice gets 404 @ repetition 70 of 100[39m[90m                      [39m [90m0.11s[39m  
  [32;1m✓[39;22m[90m [39m[90many tenant attempting to access another tenant invoice gets 404 @ repetition 71 of 100[39m[90m                      [39m [90m0.14s[39m  
  [32;1m✓[39;22m[90m [39m[90many tenant attempting to access another tenant invoice gets 404 @ repetition 72 of 100[39m[90m                      [39m [90m0.15s[39m  
  [32;1m✓[39;22m[90m [39m[90many tenant attempting to access another tenant invoice gets 404 @ repetition 73 of 100[39m[90m                      [39m [90m0.12s[39m  
  [32;1m✓[39;22m[90m [39m[90many tenant attempting to access another tenant invoice gets 404 @ repetition 74 of 100[39m[90m                      [39m [90m0.22s[39m  
  [32;1m✓[39;22m[90m [39m[90many tenant attempting to access another tenant invoice gets 404 @ repetition 75 of 100[39m[90m                      [39m [90m0.15s[39m  
  [32;1m✓[39;22m[90m [39m[90many tenant attempting to access another tenant invoice gets 404 @ repetition 76 of 100[39m[90m                      [39m [90m0.14s[39m  
  [32;1m✓[39;22m[90m [39m[90many tenant attempting to access another tenant invoice gets 404 @ repetition 77 of 100[39m[90m                      [39m [90m0.12s[39m  
  [32;1m✓[39;22m[90m [39m[90many tenant attempting to access another tenant invoice gets 404 @ repetition 78 of 100[39m[90m                      [39m [90m0.14s[39m  
  [32;1m✓[39;22m[90m [39m[90many tenant attempting to access another tenant invoice gets 404 @ repetition 79 of 100[39m[90m                      [39m [90m0.24s[39m  
  [32;1m✓[39;22m[90m [39m[90many tenant attempting to access another tenant invoice gets 404 @ repetition 80 of 100[39m[90m                      [39m [90m0.14s[39m  
  [32;1m✓[39;22m[90m [39m[90many tenant attempting to access another tenant invoice gets 404 @ repetition 81 of 100[39m[90m                      [39m [90m0.16s[39m  
  [32;1m✓[39;22m[90m [39m[90many tenant attempting to access another tenant invoice gets 404 @ repetition 82 of 100[39m[90m                      [39m [90m0.13s[39m  
  [32;1m✓[39;22m[90m [39m[90many tenant attempting to access another tenant invoice gets 404 @ repetition 83 of 100[39m[90m                      [39m [90m0.14s[39m  
  [32;1m✓[39;22m[90m [39m[90many tenant attempting to access another tenant invoice gets 404 @ repetition 84 of 100[39m[90m                      [39m [90m0.22s[39m  
  [32;1m✓[39;22m[90m [39m[90many tenant attempting to access another tenant invoice gets 404 @ repetition 85 of 100[39m[90m                      [39m [90m0.11s[39m  
  [32;1m✓[39;22m[90m [39m[90many tenant attempting to access another tenant invoice gets 404 @ repetition 86 of 100[39m[90m                      [39m [90m0.16s[39m  
  [32;1m✓[39;22m[90m [39m[90many tenant attempting to access another tenant invoice gets 404 @ repetition 87 of 100[39m[90m                      [39m [90m0.11s[39m  
  [32;1m✓[39;22m[90m [39m[90many tenant attempting to access another tenant invoice gets 404 @ repetition 88 of 100[39m[90m                      [39m [90m0.11s[39m  
  [32;1m✓[39;22m[90m [39m[90many tenant attempting to access another tenant invoice gets 404 @ repetition 89 of 100[39m[90m                      [39m [90m0.24s[39m  
  [32;1m✓[39;22m[90m [39m[90many tenant attempting to access another tenant invoice gets 404 @ repetition 90 of 100[39m[90m                      [39m [90m0.12s[39m  
  [32;1m✓[39;22m[90m [39m[90many tenant attempting to access another tenant invoice gets 404 @ repetition 91 of 100[39m[90m                      [39m [90m0.15s[39m  
  [32;1m✓[39;22m[90m [39m[90many tenant attempting to access another tenant invoice gets 404 @ repetition 92 of 100[39m[90m                      [39m [90m0.14s[39m  
  [32;1m✓[39;22m[90m [39m[90many tenant attempting to access another tenant invoice gets 404 @ repetition 93 of 100[39m[90m                      [39m [90m0.14s[39m  
  [32;1m✓[39;22m[90m [39m[90many tenant attempting to access another tenant invoice gets 404 @ repetition 94 of 100[39m[90m                      [39m [90m0.23s[39m  
  [32;1m✓[39;22m[90m [39m[90many tenant attempting to access another tenant invoice gets 404 @ repetition 95 of 100[39m[90m                      [39m [90m0.14s[39m  
  [32;1m✓[39;22m[90m [39m[90many tenant attempting to access another tenant invoice gets 404 @ repetition 96 of 100[39m[90m                      [39m [90m0.13s[39m  
  [32;1m✓[39;22m[90m [39m[90many tenant attempting to access another tenant invoice gets 404 @ repetition 97 of 100[39m[90m                      [39m [90m0.14s[39m  
  [32;1m✓[39;22m[90m [39m[90many tenant attempting to access another tenant invoice gets 404 @ repetition 98 of 100[39m[90m                      [39m [90m0.14s[39m  
  [32;1m✓[39;22m[90m [39m[90many tenant attempting to access another tenant invoice gets 404 @ repetition 99 of 100[39m[90m                      [39m [90m0.20s[39m  
  [32;1m✓[39;22m[90m [39m[90many tenant attempting to access another tenant invoice gets 404 @ repetition 100 of 100[39m[90m                     [39m [90m0.18s[39m  
  [32;1m✓[39;22m[90m [39m[90many property has all applicable meter types @ repetition 1 of 100[39m[90m                                           [39m [90m0.11s[39m  
  [32;1m✓[39;22m[90m [39m[90many property has all applicable meter types @ repetition 2 of 100[39m[90m                                           [39m [90m0.11s[39m  
  [32;1m✓[39;22m[90m [39m[90many property has all applicable meter types @ repetition 3 of 100[39m[90m                                           [39m [90m0.10s[39m  
  [32;1m✓[39;22m[90m [39m[90many property has all applicable meter types @ repetition 4 of 100[39m[90m                                           [39m [90m0.11s[39m  
  [32;1m✓[39;22m[90m [39m[90many property has all applicable meter types @ repetition 5 of 100[39m[90m                                           [39m [90m0.23s[39m  
  [32;1m✓[39;22m[90m [39m[90many property has all applicable meter types @ repetition 6 of 100[39m[90m                                           [39m [90m0.12s[39m  
  [32;1m✓[39;22m[90m [39m[90many property has all applicable meter types @ repetition 7 of 100[39m[90m                                           [39m [90m0.13s[39m  
  [32;1m✓[39;22m[90m [39m[90many property has all applicable meter types @ repetition 8 of 100[39m[90m                                           [39m [90m0.10s[39m  
  [32;1m✓[39;22m[90m [39m[90many property has all applicable meter types @ repetition 9 of 100[39m[90m                                           [39m [90m0.12s[39m  
  [32;1m✓[39;22m[90m [39m[90many property has all applicable meter types @ repetition 10 of 100[39m[90m                                          [39m [90m0.12s[39m  
  [32;1m✓[39;22m[90m [39m[90many property has all applicable meter types @ repetition 11 of 100[39m[90m                                          [39m [90m0.15s[39m  
  [32;1m✓[39;22m[90m [39m[90many property has all applicable meter types @ repetition 12 of 100[39m[90m                                          [39m [90m0.12s[39m  
  [32;1m✓[39;22m[90m [39m[90many property has all applicable meter types @ repetition 13 of 100[39m[90m                                          [39m [90m0.19s[39m  
  [32;1m✓[39;22m[90m [39m[90many property has all applicable meter types @ repetition 14 of 100[39m[90m                                          [39m [90m0.13s[39m  
  [32;1m✓[39;22m[90m [39m[90many property has all applicable meter types @ repetition 15 of 100[39m[90m                                          [39m [90m0.16s[39m  
  [32;1m✓[39;22m[90m [39m[90many property has all applicable meter types @ repetition 16 of 100[39m[90m                                          [39m [90m0.15s[39m  
  [32;1m✓[39;22m[90m [39m[90many property has all applicable meter types @ repetition 17 of 100[39m[90m                                          [39m [90m0.10s[39m  
  [32;1m✓[39;22m[90m [39m[90many property has all applicable meter types @ repetition 18 of 100[39m[90m                                          [39m [90m0.15s[39m  
  [32;1m✓[39;22m[90m [39m[90many property has all applicable meter types @ repetition 19 of 100[39m[90m                                          [39m [90m0.10s[39m  
  [32;1m✓[39;22m[90m [39m[90many property has all applicable meter types @ repetition 20 of 100[39m[90m                                          [39m [90m0.13s[39m  
  [32;1m✓[39;22m[90m [39m[90many property has all applicable meter types @ repetition 21 of 100[39m[90m                                          [39m [90m0.19s[39m  
  [32;1m✓[39;22m[90m [39m[90many property has all applicable meter types @ repetition 22 of 100[39m[90m                                          [39m [90m0.15s[39m  
  [32;1m✓[39;22m[90m [39m[90many property has all applicable meter types @ repetition 23 of 100[39m[90m                                          [39m [90m0.13s[39m  
  [32;1m✓[39;22m[90m [39m[90many property has all applicable meter types @ repetition 24 of 100[39m[90m                                          [39m [90m0.17s[39m  
  [32;1m✓[39;22m[90m [39m[90many property has all applicable meter types @ repetition 25 of 100[39m[90m                                          [39m [90m0.15s[39m  
  [32;1m✓[39;22m[90m [39m[90many property has all applicable meter types @ repetition 26 of 100[39m[90m                                          [39m [90m0.10s[39m  
  [32;1m✓[39;22m[90m [39m[90many property has all applicable meter types @ repetition 27 of 100[39m[90m                                          [39m [90m0.12s[39m  
  [32;1m✓[39;22m[90m [39m[90many property has all applicable meter types @ repetition 28 of 100[39m[90m                                          [39m [90m0.14s[39m  
  [32;1m✓[39;22m[90m [39m[90many property has all applicable meter types @ repetition 29 of 100[39m[90m                                          [39m [90m0.21s[39m  
  [32;1m✓[39;22m[90m [39m[90many property has all applicable meter types @ repetition 30 of 100[39m[90m                                          [39m [90m0.13s[39m  
  [32;1m✓[39;22m[90m [39m[90many property has all applicable meter types @ repetition 31 of 100[39m[90m                                          [39m [90m0.14s[39m  
  [32;1m✓[39;22m[90m [39m[90many property has all applicable meter types @ repetition 32 of 100[39m[90m                                          [39m [90m0.16s[39m  
  [32;1m✓[39;22m[90m [39m[90many property has all applicable meter types @ repetition 33 of 100[39m[90m                                          [39m [90m0.14s[39m  
  [32;1m✓[39;22m[90m [39m[90many property has all applicable meter types @ repetition 34 of 100[39m[90m                                          [39m [90m0.14s[39m  
  [32;1m✓[39;22m[90m [39m[90many property has all applicable meter types @ repetition 35 of 100[39m[90m                                          [39m [90m0.10s[39m  
  [32;1m✓[39;22m[90m [39m[90many property has all applicable meter types @ repetition 36 of 100[39m[90m                                          [39m [90m0.14s[39m  
  [32;1m✓[39;22m[90m [39m[90many property has all applicable meter types @ repetition 37 of 100[39m[90m                                          [39m [90m0.20s[39m  
  [32;1m✓[39;22m[90m [39m[90many property has all applicable meter types @ repetition 38 of 100[39m[90m                                          [39m [90m0.12s[39m  
  [32;1m✓[39;22m[90m [39m[90many property has all applicable meter types @ repetition 39 of 100[39m[90m                                          [39m [90m0.12s[39m  
  [32;1m✓[39;22m[90m [39m[90many property has all applicable meter types @ repetition 40 of 100[39m[90m                                          [39m [90m0.10s[39m  
  [32;1m✓[39;22m[90m [39m[90many property has all applicable meter types @ repetition 41 of 100[39m[90m                                          [39m [90m0.13s[39m  
  [32;1m✓[39;22m[90m [39m[90many property has all applicable meter types @ repetition 42 of 100[39m[90m                                          [39m [90m0.11s[39m  
  [32;1m✓[39;22m[90m [39m[90many property has all applicable meter types @ repetition 43 of 100[39m[90m                                          [39m [90m0.14s[39m  
  [32;1m✓[39;22m[90m [39m[90many property has all applicable meter types @ repetition 44 of 100[39m[90m                                          [39m [90m0.14s[39m  
  [32;1m✓[39;22m[90m [39m[90many property has all applicable meter types @ repetition 45 of 100[39m[90m                                          [39m [90m0.21s[39m  
  [32;1m✓[39;22m[90m [39m[90many property has all applicable meter types @ repetition 46 of 100[39m[90m                                          [39m [90m0.11s[39m  
  [32;1m✓[39;22m[90m [39m[90many property has all applicable meter types @ repetition 47 of 100[39m[90m                                          [39m [90m0.18s[39m  
  [32;1m✓[39;22m[90m [39m[90many property has all applicable meter types @ repetition 48 of 100[39m[90m                                          [39m [90m0.11s[39m  
  [32;1m✓[39;22m[90m [39m[90many property has all applicable meter types @ repetition 49 of 100[39m[90m                                          [39m [90m0.12s[39m  
  [32;1m✓[39;22m[90m [39m[90many property has all applicable meter types @ repetition 50 of 100[39m[90m                                          [39m [90m0.14s[39m  
  [32;1m✓[39;22m[90m [39m[90many property has all applicable meter types @ repetition 51 of 100[39m[90m                                          [39m [90m0.17s[39m  
  [32;1m✓[39;22m[90m [39m[90many property has all applicable meter types @ repetition 52 of 100[39m[90m                                          [39m [90m0.18s[39m  
  [32;1m✓[39;22m[90m [39m[90many property has all applicable meter types @ repetition 53 of 100[39m[90m                                          [39m [90m0.20s[39m  
  [32;1m✓[39;22m[90m [39m[90many property has all applicable meter types @ repetition 54 of 100[39m[90m                                          [39m [90m0.12s[39m  
  [32;1m✓[39;22m[90m [39m[90many property has all applicable meter types @ repetition 55 of 100[39m[90m                                          [39m [90m0.10s[39m  
  [32;1m✓[39;22m[90m [39m[90many property has all applicable meter types @ repetition 56 of 100[39m[90m                                          [39m [90m0.13s[39m  
  [32;1m✓[39;22m[90m [39m[90many property has all applicable meter types @ repetition 57 of 100[39m[90m                                          [39m [90m0.12s[39m  
  [32;1m✓[39;22m[90m [39m[90many property has all applicable meter types @ repetition 58 of 100[39m[90m                                          [39m [90m0.14s[39m  
  [32;1m✓[39;22m[90m [39m[90many property has all applicable meter types @ repetition 59 of 100[39m[90m                                          [39m [90m0.12s[39m  
  [32;1m✓[39;22m[90m [39m[90many property has all applicable meter types @ repetition 60 of 100[39m[90m                                          [39m [90m0.10s[39m  
  [32;1m✓[39;22m[90m [39m[90many property has all applicable meter types @ repetition 61 of 100[39m[90m                                          [39m [90m0.20s[39m  
  [32;1m✓[39;22m[90m [39m[90many property has all applicable meter types @ repetition 62 of 100[39m[90m                                          [39m [90m0.14s[39m  
  [32;1m✓[39;22m[90m [39m[90many property has all applicable meter types @ repetition 63 of 100[39m[90m                                          [39m [90m0.14s[39m  
  [32;1m✓[39;22m[90m [39m[90many property has all applicable meter types @ repetition 64 of 100[39m[90m                                          [39m [90m0.12s[39m  
  [32;1m✓[39;22m[90m [39m[90many property has all applicable meter types @ repetition 65 of 100[39m[90m                                          [39m [90m0.13s[39m  
  [32;1m✓[39;22m[90m [39m[90many property has all applicable meter types @ repetition 66 of 100[39m[90m                                          [39m [90m0.11s[39m  
  [32;1m✓[39;22m[90m [39m[90many property has all applicable meter types @ repetition 67 of 100[39m[90m                                          [39m [90m0.17s[39m  
  [32;1m✓[39;22m[90m [39m[90many property has all applicable meter types @ repetition 68 of 100[39m[90m                                          [39m [90m0.14s[39m  
  [32;1m✓[39;22m[90m [39m[90many property has all applicable meter types @ repetition 69 of 100[39m[90m                                          [39m [90m0.16s[39m  
  [32;1m✓[39;22m[90m [39m[90many property has all applicable meter types @ repetition 70 of 100[39m[90m                                          [39m [90m0.11s[39m  
  [32;1m✓[39;22m[90m [39m[90many property has all applicable meter types @ repetition 71 of 100[39m[90m                                          [39m [90m0.13s[39m  
  [32;1m✓[39;22m[90m [39m[90many property has all applicable meter types @ repetition 72 of 100[39m[90m                                          [39m [90m0.13s[39m  
  [32;1m✓[39;22m[90m [39m[90many property has all applicable meter types @ repetition 73 of 100[39m[90m                                          [39m [90m0.11s[39m  
  [32;1m✓[39;22m[90m [39m[90many property has all applicable meter types @ repetition 74 of 100[39m[90m                                          [39m [90m0.16s[39m  
  [32;1m✓[39;22m[90m [39m[90many property has all applicable meter types @ repetition 75 of 100[39m[90m                                          [39m [90m0.12s[39m  
  [32;1m✓[39;22m[90m [39m[90many property has all applicable meter types @ repetition 76 of 100[39m[90m                                          [39m [90m0.11s[39m  
  [32;1m✓[39;22m[90m [39m[90many property has all applicable meter types @ repetition 77 of 100[39m[90m                                          [39m [90m0.17s[39m  
  [32;1m✓[39;22m[90m [39m[90many property has all applicable meter types @ repetition 78 of 100[39m[90m                                          [39m [90m0.13s[39m  
  [32;1m✓[39;22m[90m [39m[90many property has all applicable meter types @ repetition 79 of 100[39m[90m                                          [39m [90m0.11s[39m  
  [32;1m✓[39;22m[90m [39m[90many property has all applicable meter types @ repetition 80 of 100[39m[90m                                          [39m [90m0.16s[39m  
  [32;1m✓[39;22m[90m [39m[90many property has all applicable meter types @ repetition 81 of 100[39m[90m                                          [39m [90m0.16s[39m  
  [32;1m✓[39;22m[90m [39m[90many property has all applicable meter types @ repetition 82 of 100[39m[90m                                          [39m [90m0.11s[39m  
  [32;1m✓[39;22m[90m [39m[90many property has all applicable meter types @ repetition 83 of 100[39m[90m                                          [39m [90m0.16s[39m  
  [32;1m✓[39;22m[90m [39m[90many property has all applicable meter types @ repetition 84 of 100[39m[90m                                          [39m [90m0.12s[39m  
  [32;1m✓[39;22m[90m [39m[90many property has all applicable meter types @ repetition 85 of 100[39m[90m                                          [39m [90m0.20s[39m  
  [32;1m✓[39;22m[90m [39m[90many property has all applicable meter types @ repetition 86 of 100[39m[90m                                          [39m [90m0.16s[39m  
  [32;1m✓[39;22m[90m [39m[90many property has all applicable meter types @ repetition 87 of 100[39m[90m                                          [39m [90m0.16s[39m  
  [32;1m✓[39;22m[90m [39m[90many property has all applicable meter types @ repetition 88 of 100[39m[90m                                          [39m [90m0.15s[39m  
  [32;1m✓[39;22m[90m [39m[90many property has all applicable meter types @ repetition 89 of 100[39m[90m                                          [39m [90m0.15s[39m  
  [32;1m✓[39;22m[90m [39m[90many property has all applicable meter types @ repetition 90 of 100[39m[90m                                          [39m [90m0.10s[39m  
  [32;1m✓[39;22m[90m [39m[90many property has all applicable meter types @ repetition 91 of 100[39m[90m                                          [39m [90m0.17s[39m  
  [32;1m✓[39;22m[90m [39m[90many property has all applicable meter types @ repetition 92 of 100[39m[90m                                          [39m [90m0.19s[39m  
  [32;1m✓[39;22m[90m [39m[90many property has all applicable meter types @ repetition 93 of 100[39m[90m                                          [39m [90m0.19s[39m  
  [32;1m✓[39;22m[90m [39m[90many property has all applicable meter types @ repetition 94 of 100[39m[90m                                          [39m [90m0.12s[39m  
  [32;1m✓[39;22m[90m [39m[90many property has all applicable meter types @ repetition 95 of 100[39m[90m                                          [39m [90m0.12s[39m  
  [32;1m✓[39;22m[90m [39m[90many property has all applicable meter types @ repetition 96 of 100[39m[90m                                          [39m [90m0.15s[39m  
  [32;1m✓[39;22m[90m [39m[90many property has all applicable meter types @ repetition 97 of 100[39m[90m                                          [39m [90m0.11s[39m  
  [32;1m✓[39;22m[90m [39m[90many property has all applicable meter types @ repetition 98 of 100[39m[90m                                          [39m [90m0.14s[39m  
  [32;1m✓[39;22m[90m [39m[90many property has all applicable meter types @ repetition 99 of 100[39m[90m                                          [39m [90m0.15s[39m  
  [32;1m✓[39;22m[90m [39m[90many property has all applicable meter types @ repetition 100 of 100[39m[90m                                         [39m [90m0.13s[39m  
  [32;1m✓[39;22m[90m [39m[90many stored meter reading has timestamp and user reference @ repetition 1 of 100[39m[90m                             [39m [90m0.19s[39m  
  [32;1m✓[39;22m[90m [39m[90many stored meter reading has timestamp and user reference @ repetition 2 of 100[39m[90m                             [39m [90m0.14s[39m  
  [32;1m✓[39;22m[90m [39m[90many stored meter reading has timestamp and user reference @ repetition 3 of 100[39m[90m                             [39m [90m0.10s[39m  
  [32;1m✓[39;22m[90m [39m[90many stored meter reading has timestamp and user reference @ repetition 4 of 100[39m[90m                             [39m [90m0.17s[39m  
  [32;1m✓[39;22m[90m [39m[90many stored meter reading has timestamp and user reference @ repetition 5 of 100[39m[90m                             [39m [90m0.15s[39m  
  [32;1m✓[39;22m[90m [39m[90many stored meter reading has timestamp and user reference @ repetition 6 of 100[39m[90m                             [39m [90m0.13s[39m  
  [32;1m✓[39;22m[90m [39m[90many stored meter reading has timestamp and user reference @ repetition 7 of 100[39m[90m                             [39m [90m0.11s[39m  
  [32;1m✓[39;22m[90m [39m[90many stored meter reading has timestamp and user reference @ repetition 8 of 100[39m[90m                             [39m [90m0.12s[39m  
  [32;1m✓[39;22m[90m [39m[90many stored meter reading has timestamp and user reference @ repetition 9 of 100[39m[90m                             [39m [90m0.21s[39m  
  [32;1m✓[39;22m[90m [39m[90many stored meter reading has timestamp and user reference @ repetition 10 of 100[39m[90m                            [39m [90m0.11s[39m  
  [32;1m✓[39;22m[90m [39m[90many stored meter reading has timestamp and user reference @ repetition 11 of 100[39m[90m                            [39m [90m0.12s[39m  
  [32;1m✓[39;22m[90m [39m[90many stored meter reading has timestamp and user reference @ repetition 12 of 100[39m[90m                            [39m [90m0.13s[39m  
  [32;1m✓[39;22m[90m [39m[90many stored meter reading has timestamp and user reference @ repetition 13 of 100[39m[90m                            [39m [90m0.14s[39m  
  [32;1m✓[39;22m[90m [39m[90many stored meter reading has timestamp and user reference @ repetition 14 of 100[39m[90m                            [39m [90m0.14s[39m  
  [32;1m✓[39;22m[90m [39m[90many stored meter reading has timestamp and user reference @ repetition 15 of 100[39m[90m                            [39m [90m0.14s[39m  
  [32;1m✓[39;22m[90m [39m[90many stored meter reading has timestamp and user reference @ repetition 16 of 100[39m[90m                            [39m [90m0.12s[39m  
  [32;1m✓[39;22m[90m [39m[90many stored meter reading has timestamp and user reference @ repetition 17 of 100[39m[90m                            [39m [90m0.22s[39m  
  [32;1m✓[39;22m[90m [39m[90many stored meter reading has timestamp and user reference @ repetition 18 of 100[39m[90m                            [39m [90m0.16s[39m  
  [32;1m✓[39;22m[90m [39m[90many stored meter reading has timestamp and user reference @ repetition 19 of 100[39m[90m                            [39m [90m0.14s[39m  
  [32;1m✓[39;22m[90m [39m[90many stored meter reading has timestamp and user reference @ repetition 20 of 100[39m[90m                            [39m [90m0.10s[39m  
  [32;1m✓[39;22m[90m [39m[90many stored meter reading has timestamp and user reference @ repetition 21 of 100[39m[90m                            [39m [90m0.11s[39m  
  [32;1m✓[39;22m[90m [39m[90many stored meter reading has timestamp and user reference @ repetition 22 of 100[39m[90m                            [39m [90m0.14s[39m  
  [32;1m✓[39;22m[90m [39m[90many stored meter reading has timestamp and user reference @ repetition 23 of 100[39m[90m                            [39m [90m0.15s[39m  
  [32;1m✓[39;22m[90m [39m[90many stored meter reading has timestamp and user reference @ repetition 24 of 100[39m[90m                            [39m [90m0.16s[39m  
  [32;1m✓[39;22m[90m [39m[90many stored meter reading has timestamp and user reference @ repetition 25 of 100[39m[90m                            [39m [90m0.26s[39m  
  [32;1m✓[39;22m[90m [39m[90many stored meter reading has timestamp and user reference @ repetition 26 of 100[39m[90m                            [39m [90m0.11s[39m  
  [32;1m✓[39;22m[90m [39m[90many stored meter reading has timestamp and user reference @ repetition 27 of 100[39m[90m                            [39m [90m0.18s[39m  
  [32;1m✓[39;22m[90m [39m[90many stored meter reading has timestamp and user reference @ repetition 28 of 100[39m[90m                            [39m [90m0.19s[39m  
  [32;1m✓[39;22m[90m [39m[90many stored meter reading has timestamp and user reference @ repetition 29 of 100[39m[90m                            [39m [90m0.14s[39m  
  [32;1m✓[39;22m[90m [39m[90many stored meter reading has timestamp and user reference @ repetition 30 of 100[39m[90m                            [39m [90m0.15s[39m  
  [32;1m✓[39;22m[90m [39m[90many stored meter reading has timestamp and user reference @ repetition 31 of 100[39m[90m                            [39m [90m0.10s[39m  
  [32;1m✓[39;22m[90m [39m[90many stored meter reading has timestamp and user reference @ repetition 32 of 100[39m[90m                            [39m [90m0.14s[39m  
  [32;1m✓[39;22m[90m [39m[90many stored meter reading has timestamp and user reference @ repetition 33 of 100[39m[90m                            [39m [90m0.23s[39m  
  [32;1m✓[39;22m[90m [39m[90many stored meter reading has timestamp and user reference @ repetition 34 of 100[39m[90m                            [39m [90m0.14s[39m  
  [32;1m✓[39;22m[90m [39m[90many stored meter reading has timestamp and user reference @ repetition 35 of 100[39m[90m                            [39m [90m0.13s[39m  
  [32;1m✓[39;22m[90m [39m[90many stored meter reading has timestamp and user reference @ repetition 36 of 100[39m[90m                            [39m [90m0.12s[39m  
  [32;1m✓[39;22m[90m [39m[90many stored meter reading has timestamp and user reference @ repetition 37 of 100[39m[90m                            [39m [90m0.11s[39m  
  [32;1m✓[39;22m[90m [39m[90many stored meter reading has timestamp and user reference @ repetition 38 of 100[39m[90m                            [39m [90m0.15s[39m  
  [32;1m✓[39;22m[90m [39m[90many stored meter reading has timestamp and user reference @ repetition 39 of 100[39m[90m                            [39m [90m0.12s[39m  
  [32;1m✓[39;22m[90m [39m[90many stored meter reading has timestamp and user reference @ repetition 40 of 100[39m[90m                            [39m [90m0.13s[39m  
  [32;1m✓[39;22m[90m [39m[90many stored meter reading has timestamp and user reference @ repetition 41 of 100[39m[90m                            [39m [90m0.23s[39m  
  [32;1m✓[39;22m[90m [39m[90many stored meter reading has timestamp and user reference @ repetition 42 of 100[39m[90m                            [39m [90m0.13s[39m  
  [32;1m✓[39;22m[90m [39m[90many stored meter reading has timestamp and user reference @ repetition 43 of 100[39m[90m                            [39m [90m0.12s[39m  
  [32;1m✓[39;22m[90m [39m[90many stored meter reading has timestamp and user reference @ repetition 44 of 100[39m[90m                            [39m [90m0.11s[39m  
  [32;1m✓[39;22m[90m [39m[90many stored meter reading has timestamp and user reference @ repetition 45 of 100[39m[90m                            [39m [90m0.15s[39m  
  [32;1m✓[39;22m[90m [39m[90many stored meter reading has timestamp and user reference @ repetition 46 of 100[39m[90m                            [39m [90m0.14s[39m  
  [32;1m✓[39;22m[90m [39m[90many stored meter reading has timestamp and user reference @ repetition 47 of 100[39m[90m                            [39m [90m0.13s[39m  
  [32;1m✓[39;22m[90m [39m[90many stored meter reading has timestamp and user reference @ repetition 48 of 100[39m[90m                            [39m [90m0.11s[39m  
  [32;1m✓[39;22m[90m [39m[90many stored meter reading has timestamp and user reference @ repetition 49 of 100[39m[90m                            [39m [90m0.20s[39m  
  [32;1m✓[39;22m[90m [39m[90many stored meter reading has timestamp and user reference @ repetition 50 of 100[39m[90m                            [39m [90m0.15s[39m  
  [32;1m✓[39;22m[90m [39m[90many stored meter reading has timestamp and user reference @ repetition 51 of 100[39m[90m                            [39m [90m0.18s[39m  
  [32;1m✓[39;22m[90m [39m[90many stored meter reading has timestamp and user reference @ repetition 52 of 100[39m[90m                            [39m [90m0.13s[39m  
  [32;1m✓[39;22m[90m [39m[90many stored meter reading has timestamp and user reference @ repetition 53 of 100[39m[90m                            [39m [90m0.14s[39m  
  [32;1m✓[39;22m[90m [39m[90many stored meter reading has timestamp and user reference @ repetition 54 of 100[39m[90m                            [39m [90m0.11s[39m  
  [32;1m✓[39;22m[90m [39m[90many stored meter reading has timestamp and user reference @ repetition 55 of 100[39m[90m                            [39m [90m0.14s[39m  
  [32;1m✓[39;22m[90m [39m[90many stored meter reading has timestamp and user reference @ repetition 56 of 100[39m[90m                            [39m [90m0.15s[39m  
  [32;1m✓[39;22m[90m [39m[90many stored meter reading has timestamp and user reference @ repetition 57 of 100[39m[90m                            [39m [90m0.21s[39m  
  [32;1m✓[39;22m[90m [39m[90many stored meter reading has timestamp and user reference @ repetition 58 of 100[39m[90m                            [39m [90m0.13s[39m  
  [32;1m✓[39;22m[90m [39m[90many stored meter reading has timestamp and user reference @ repetition 59 of 100[39m[90m                            [39m [90m0.12s[39m  
  [32;1m✓[39;22m[90m [39m[90many stored meter reading has timestamp and user reference @ repetition 60 of 100[39m[90m                            [39m [90m0.10s[39m  
  [32;1m✓[39;22m[90m [39m[90many stored meter reading has timestamp and user reference @ repetition 61 of 100[39m[90m                            [39m [90m0.13s[39m  
  [32;1m✓[39;22m[90m [39m[90many stored meter reading has timestamp and user reference @ repetition 62 of 100[39m[90m                            [39m [90m0.10s[39m  
  [32;1m✓[39;22m[90m [39m[90many stored meter reading has timestamp and user reference @ repetition 63 of 100[39m[90m                            [39m [90m0.13s[39m  
  [32;1m✓[39;22m[90m [39m[90many stored meter reading has timestamp and user reference @ repetition 64 of 100[39m[90m                            [39m [90m0.14s[39m  
  [32;1m✓[39;22m[90m [39m[90many stored meter reading has timestamp and user reference @ repetition 65 of 100[39m[90m                            [39m [90m0.28s[39m  
  [32;1m✓[39;22m[90m [39m[90many stored meter reading has timestamp and user reference @ repetition 66 of 100[39m[90m                            [39m [90m0.14s[39m  
  [32;1m✓[39;22m[90m [39m[90many stored meter reading has timestamp and user reference @ repetition 67 of 100[39m[90m                            [39m [90m0.14s[39m  
  [32;1m✓[39;22m[90m [39m[90many stored meter reading has timestamp and user reference @ repetition 68 of 100[39m[90m                            [39m [90m0.13s[39m  
  [32;1m✓[39;22m[90m [39m[90many stored meter reading has timestamp and user reference @ repetition 69 of 100[39m[90m                            [39m [90m0.14s[39m  
  [32;1m✓[39;22m[90m [39m[90many stored meter reading has timestamp and user reference @ repetition 70 of 100[39m[90m                            [39m [90m0.15s[39m  
  [32;1m✓[39;22m[90m [39m[90many stored meter reading has timestamp and user reference @ repetition 71 of 100[39m[90m                            [39m [90m0.13s[39m  
  [32;1m✓[39;22m[90m [39m[90many stored meter reading has timestamp and user reference @ repetition 72 of 100[39m[90m                            [39m [90m0.15s[39m  
  [32;1m✓[39;22m[90m [39m[90many stored meter reading has timestamp and user reference @ repetition 73 of 100[39m[90m                            [39m [90m0.27s[39m  
  [32;1m✓[39;22m[90m [39m[90many stored meter reading has timestamp and user reference @ repetition 74 of 100[39m[90m                            [39m [90m0.13s[39m  
  [32;1m✓[39;22m[90m [39m[90many stored meter reading has timestamp and user reference @ repetition 75 of 100[39m[90m                            [39m [90m0.12s[39m  
  [32;1m✓[39;22m[90m [39m[90many stored meter reading has timestamp and user reference @ repetition 76 of 100[39m[90m                            [39m [90m0.12s[39m  
  [32;1m✓[39;22m[90m [39m[90many stored meter reading has timestamp and user reference @ repetition 77 of 100[39m[90m                            [39m [90m0.12s[39m  
  [32;1m✓[39;22m[90m [39m[90many stored meter reading has timestamp and user reference @ repetition 78 of 100[39m[90m                            [39m [90m0.15s[39m  
  [32;1m✓[39;22m[90m [39m[90many stored meter reading has timestamp and user reference @ repetition 79 of 100[39m[90m                            [39m [90m0.13s[39m  
  [32;1m✓[39;22m[90m [39m[90many stored meter reading has timestamp and user reference @ repetition 80 of 100[39m[90m                            [39m [90m0.13s[39m  
  [32;1m✓[39;22m[90m [39m[90many stored meter reading has timestamp and user reference @ repetition 81 of 100[39m[90m                            [39m [90m0.21s[39m  
  [32;1m✓[39;22m[90m [39m[90many stored meter reading has timestamp and user reference @ repetition 82 of 100[39m[90m                            [39m [90m0.15s[39m  
  [32;1m✓[39;22m[90m [39m[90many stored meter reading has timestamp and user reference @ repetition 83 of 100[39m[90m                            [39m [90m0.13s[39m  
  [32;1m✓[39;22m[90m [39m[90many stored meter reading has timestamp and user reference @ repetition 84 of 100[39m[90m                            [39m [90m0.11s[39m  
  [32;1m✓[39;22m[90m [39m[90many stored meter reading has timestamp and user reference @ repetition 85 of 100[39m[90m                            [39m [90m0.11s[39m  
  [32;1m✓[39;22m[90m [39m[90many stored meter reading has timestamp and user reference @ repetition 86 of 100[39m[90m                            [39m [90m0.13s[39m  
  [32;1m✓[39;22m[90m [39m[90many stored meter reading has timestamp and user reference @ repetition 87 of 100[39m[90m                            [39m [90m0.15s[39m  
  [32;1m✓[39;22m[90m [39m[90many stored meter reading has timestamp and user reference @ repetition 88 of 100[39m[90m                            [39m [90m0.12s[39m  
  [32;1m✓[39;22m[90m [39m[90many stored meter reading has timestamp and user reference @ repetition 89 of 100[39m[90m                            [39m [90m0.23s[39m  
  [32;1m✓[39;22m[90m [39m[90many stored meter reading has timestamp and user reference @ repetition 90 of 100[39m[90m                            [39m [90m0.15s[39m  
  [32;1m✓[39;22m[90m [39m[90many stored meter reading has timestamp and user reference @ repetition 91 of 100[39m[90m                            [39m [90m0.13s[39m  
  [32;1m✓[39;22m[90m [39m[90many stored meter reading has timestamp and user reference @ repetition 92 of 100[39m[90m                            [39m [90m0.11s[39m  
  [32;1m✓[39;22m[90m [39m[90many stored meter reading has timestamp and user reference @ repetition 93 of 100[39m[90m                            [39m [90m0.13s[39m  
  [32;1m✓[39;22m[90m [39m[90many stored meter reading has timestamp and user reference @ repetition 94 of 100[39m[90m                            [39m [90m0.11s[39m  
  [32;1m✓[39;22m[90m [39m[90many stored meter reading has timestamp and user reference @ repetition 95 of 100[39m[90m                            [39m [90m0.15s[39m  
  [32;1m✓[39;22m[90m [39m[90many stored meter reading has timestamp and user reference @ repetition 96 of 100[39m[90m                            [39m [90m0.16s[39m  
  [32;1m✓[39;22m[90m [39m[90many stored meter reading has timestamp and user reference @ repetition 97 of 100[39m[90m                            [39m [90m0.22s[39m  
  [32;1m✓[39;22m[90m [39m[90many stored meter reading has timestamp and user reference @ repetition 98 of 100[39m[90m                            [39m [90m0.15s[39m  
  [32;1m✓[39;22m[90m [39m[90many stored meter reading has timestamp and user reference @ repetition 99 of 100[39m[90m                            [39m [90m0.17s[39m  
  [32;1m✓[39;22m[90m [39m[90many stored meter reading has timestamp and user reference @ repetition 100 of 100[39m[90m                           [39m [90m0.12s[39m  
  [31;1m⨯[39;22m[90m [39m[90many reading lower than previous is rejected @ repetition 1 of 100[39m[90m                                           [39m [90m0.15s[39m  
  [31;1m⨯[39;22m[90m [39m[90many reading lower than previous is rejected @ repetition 2 of 100[39m[90m                                           [39m [90m0.12s[39m  
  [31;1m⨯[39;22m[90m [39m[90many reading lower than previous is rejected @ repetition 3 of 100[39m[90m                                           [39m [90m0.13s[39m  
  [31;1m⨯[39;22m[90m [39m[90many reading lower than previous is rejected @ repetition 4 of 100[39m[90m                                           [39m [90m0.21s[39m  
  [31;1m⨯[39;22m[90m [39m[90many reading lower than previous is rejected @ repetition 5 of 100[39m[90m                                           [39m [90m0.12s[39m  
  [31;1m⨯[39;22m[90m [39m[90many reading lower than previous is rejected @ repetition 6 of 100[39m[90m                                           [39m [90m0.13s[39m  
  [31;1m⨯[39;22m[90m [39m[90many reading lower than previous is rejected @ repetition 7 of 100[39m[90m                                           [39m [90m0.12s[39m  
  [31;1m⨯[39;22m[90m [39m[90many reading lower than previous is rejected @ repetition 8 of 100[39m[90m                                           [39m [90m0.13s[39m  
  [31;1m⨯[39;22m[90m [39m[90many reading lower than previous is rejected @ repetition 9 of 100[39m[90m                                           [39m [90m0.15s[39m  
  [31;1m⨯[39;22m[90m [39m[90many reading lower than previous is rejected @ repetition 10 of 100[39m[90m                                          [39m [90m0.13s[39m  
  [31;1m⨯[39;22m[90m [39m[90many reading lower than previous is rejected @ repetition 11 of 100[39m[90m                                          [39m [90m0.21s[39m  
  [31;1m⨯[39;22m[90m [39m[90many reading lower than previous is rejected @ repetition 12 of 100[39m[90m                                          [39m [90m0.12s[39m  
  [31;1m⨯[39;22m[90m [39m[90many reading lower than previous is rejected @ repetition 13 of 100[39m[90m                                          [39m [90m0.12s[39m  
  [31;1m⨯[39;22m[90m [39m[90many reading lower than previous is rejected @ repetition 14 of 100[39m[90m                                          [39m [90m0.14s[39m  
  [31;1m⨯[39;22m[90m [39m[90many reading lower than previous is rejected @ repetition 15 of 100[39m[90m                                          [39m [90m0.12s[39m  
  [31;1m⨯[39;22m[90m [39m[90many reading lower than previous is rejected @ repetition 16 of 100[39m[90m                                          [39m [90m0.12s[39m  
  [31;1m⨯[39;22m[90m [39m[90many reading lower than previous is rejected @ repetition 17 of 100[39m[90m                                          [39m [90m0.15s[39m  
  [31;1m⨯[39;22m[90m [39m[90many reading lower than previous is rejected @ repetition 18 of 100[39m[90m                                          [39m [90m0.17s[39m  
  [31;1m⨯[39;22m[90m [39m[90many reading lower than previous is rejected @ repetition 19 of 100[39m[90m                                          [39m [90m0.13s[39m  
  [31;1m⨯[39;22m[90m [39m[90many reading lower than previous is rejected @ repetition 20 of 100[39m[90m                                          [39m [90m0.12s[39m  
  [31;1m⨯[39;22m[90m [39m[90many reading lower than previous is rejected @ repetition 21 of 100[39m[90m                                          [39m [90m0.13s[39m  
  [31;1m⨯[39;22m[90m [39m[90many reading lower than previous is rejected @ repetition 22 of 100[39m[90m                                          [39m [90m0.11s[39m  
  [31;1m⨯[39;22m[90m [39m[90many reading lower than previous is rejected @ repetition 23 of 100[39m[90m                                          [39m [90m0.10s[39m  
  [31;1m⨯[39;22m[90m [39m[90many reading lower than previous is rejected @ repetition 24 of 100[39m[90m                                          [39m [90m0.12s[39m  
  [31;1m⨯[39;22m[90m [39m[90many reading lower than previous is rejected @ repetition 25 of 100[39m[90m                                          [39m [90m0.19s[39m  
  [31;1m⨯[39;22m[90m [39m[90many reading lower than previous is rejected @ repetition 26 of 100[39m[90m                                          [39m [90m0.13s[39m  
  [31;1m⨯[39;22m[90m [39m[90many reading lower than previous is rejected @ repetition 27 of 100[39m[90m                                          [39m [90m0.14s[39m  
  [31;1m⨯[39;22m[90m [39m[90many reading lower than previous is rejected @ repetition 28 of 100[39m[90m                                          [39m [90m0.11s[39m  
  [31;1m⨯[39;22m[90m [39m[90many reading lower than previous is rejected @ repetition 29 of 100[39m[90m                                          [39m [90m0.12s[39m  
  [31;1m⨯[39;22m[90m [39m[90many reading lower than previous is rejected @ repetition 30 of 100[39m[90m                                          [39m [90m0.13s[39m  
  [31;1m⨯[39;22m[90m [39m[90many reading lower than previous is rejected @ repetition 31 of 100[39m[90m                                          [39m [90m0.10s[39m  
  [31;1m⨯[39;22m[90m [39m[90many reading lower than previous is rejected @ repetition 32 of 100[39m[90m                                          [39m [90m0.21s[39m  
  [31;1m⨯[39;22m[90m [39m[90many reading lower than previous is rejected @ repetition 33 of 100[39m[90m                                          [39m [90m0.12s[39m  
  [31;1m⨯[39;22m[90m [39m[90many reading lower than previous is rejected @ repetition 34 of 100[39m[90m                                          [39m [90m0.14s[39m  
  [31;1m⨯[39;22m[90m [39m[90many reading lower than previous is rejected @ repetition 35 of 100[39m[90m                                          [39m [90m0.19s[39m  
  [31;1m⨯[39;22m[90m [39m[90many reading lower than previous is rejected @ repetition 36 of 100[39m[90m                                          [39m [90m0.16s[39m  
  [31;1m⨯[39;22m[90m [39m[90many reading lower than previous is rejected @ repetition 37 of 100[39m[90m                                          [39m [90m0.18s[39m  
  [31;1m⨯[39;22m[90m [39m[90many reading lower than previous is rejected @ repetition 38 of 100[39m[90m                                          [39m [90m0.14s[39m  
  [31;1m⨯[39;22m[90m [39m[90many reading lower than previous is rejected @ repetition 39 of 100[39m[90m                                          [39m [90m0.22s[39m  
  [31;1m⨯[39;22m[90m [39m[90many reading lower than previous is rejected @ repetition 40 of 100[39m[90m                                          [39m [90m0.12s[39m  
  [31;1m⨯[39;22m[90m [39m[90many reading lower than previous is rejected @ repetition 41 of 100[39m[90m                                          [39m [90m0.16s[39m  
  [31;1m⨯[39;22m[90m [39m[90many reading lower than previous is rejected @ repetition 42 of 100[39m[90m                                          [39m [90m0.11s[39m  
  [31;1m⨯[39;22m[90m [39m[90many reading lower than previous is rejected @ repetition 43 of 100[39m[90m                                          [39m [90m0.18s[39m  
  [31;1m⨯[39;22m[90m [39m[90many reading lower than previous is rejected @ repetition 44 of 100[39m[90m                                          [39m [90m0.13s[39m  
  [31;1m⨯[39;22m[90m [39m[90many reading lower than previous is rejected @ repetition 45 of 100[39m[90m                                          [39m [90m0.14s[39m  
  [31;1m⨯[39;22m[90m [39m[90many reading lower than previous is rejected @ repetition 46 of 100[39m[90m                                          [39m [90m0.22s[39m  
  [31;1m⨯[39;22m[90m [39m[90many reading lower than previous is rejected @ repetition 47 of 100[39m[90m                                          [39m [90m0.13s[39m  
  [31;1m⨯[39;22m[90m [39m[90many reading lower than previous is rejected @ repetition 48 of 100[39m[90m                                          [39m [90m0.12s[39m  
  [31;1m⨯[39;22m[90m [39m[90many reading lower than previous is rejected @ repetition 49 of 100[39m[90m                                          [39m [90m0.15s[39m  
  [31;1m⨯[39;22m[90m [39m[90many reading lower than previous is rejected @ repetition 50 of 100[39m[90m                                          [39m [90m0.13s[39m  
  [31;1m⨯[39;22m[90m [39m[90many reading lower than previous is rejected @ repetition 51 of 100[39m[90m                                          [39m [90m0.18s[39m  
  [31;1m⨯[39;22m[90m [39m[90many reading lower than previous is rejected @ repetition 52 of 100[39m[90m                                          [39m [90m0.18s[39m  
  [31;1m⨯[39;22m[90m [39m[90many reading lower than previous is rejected @ repetition 53 of 100[39m[90m                                          [39m [90m0.25s[39m  
  [31;1m⨯[39;22m[90m [39m[90many reading lower than previous is rejected @ repetition 54 of 100[39m[90m                                          [39m [90m0.14s[39m  
  [31;1m⨯[39;22m[90m [39m[90many reading lower than previous is rejected @ repetition 55 of 100[39m[90m                                          [39m [90m0.12s[39m  
  [31;1m⨯[39;22m[90m [39m[90many reading lower than previous is rejected @ repetition 56 of 100[39m[90m                                          [39m [90m0.21s[39m  
  [31;1m⨯[39;22m[90m [39m[90many reading lower than previous is rejected @ repetition 57 of 100[39m[90m                                          [39m [90m0.13s[39m  
  [31;1m⨯[39;22m[90m [39m[90many reading lower than previous is rejected @ repetition 58 of 100[39m[90m                                          [39m [90m0.13s[39m  
  [31;1m⨯[39;22m[90m [39m[90many reading lower than previous is rejected @ repetition 59 of 100[39m[90m                                          [39m [90m0.12s[39m  
  [31;1m⨯[39;22m[90m [39m[90many reading lower than previous is rejected @ repetition 60 of 100[39m[90m                                          [39m [90m0.20s[39m  
  [31;1m⨯[39;22m[90m [39m[90many reading lower than previous is rejected @ repetition 61 of 100[39m[90m                                          [39m [90m0.14s[39m  
  [31;1m⨯[39;22m[90m [39m[90many reading lower than previous is rejected @ repetition 62 of 100[39m[90m                                          [39m [90m0.12s[39m  
  [31;1m⨯[39;22m[90m [39m[90many reading lower than previous is rejected @ repetition 63 of 100[39m[90m                                          [39m [90m0.11s[39m  
  [31;1m⨯[39;22m[90m [39m[90many reading lower than previous is rejected @ repetition 64 of 100[39m[90m                                          [39m [90m0.13s[39m  
  [31;1m⨯[39;22m[90m [39m[90many reading lower than previous is rejected @ repetition 65 of 100[39m[90m                                          [39m [90m0.14s[39m  
  [31;1m⨯[39;22m[90m [39m[90many reading lower than previous is rejected @ repetition 66 of 100[39m[90m                                          [39m [90m0.16s[39m  
  [31;1m⨯[39;22m[90m [39m[90many reading lower than previous is rejected @ repetition 67 of 100[39m[90m                                          [39m [90m0.24s[39m  
  [31;1m⨯[39;22m[90m [39m[90many reading lower than previous is rejected @ repetition 68 of 100[39m[90m                                          [39m [90m0.16s[39m  
  [31;1m⨯[39;22m[90m [39m[90many reading lower than previous is rejected @ repetition 69 of 100[39m[90m                                          [39m [90m0.15s[39m  
  [31;1m⨯[39;22m[90m [39m[90many reading lower than previous is rejected @ repetition 70 of 100[39m[90m                                          [39m [90m0.17s[39m  
  [31;1m⨯[39;22m[90m [39m[90many reading lower than previous is rejected @ repetition 71 of 100[39m[90m                                          [39m [90m0.16s[39m  
  [31;1m⨯[39;22m[90m [39m[90many reading lower than previous is rejected @ repetition 72 of 100[39m[90m                                          [39m [90m0.19s[39m  
  [31;1m⨯[39;22m[90m [39m[90many reading lower than previous is rejected @ repetition 73 of 100[39m[90m                                          [39m [90m0.14s[39m  
  [31;1m⨯[39;22m[90m [39m[90many reading lower than previous is rejected @ repetition 74 of 100[39m[90m                                          [39m [90m0.24s[39m  
  [31;1m⨯[39;22m[90m [39m[90many reading lower than previous is rejected @ repetition 75 of 100[39m[90m                                          [39m [90m0.12s[39m  
  [31;1m⨯[39;22m[90m [39m[90many reading lower than previous is rejected @ repetition 76 of 100[39m[90m                                          [39m [90m0.16s[39m  
  [31;1m⨯[39;22m[90m [39m[90many reading lower than previous is rejected @ repetition 77 of 100[39m[90m                                          [39m [90m0.10s[39m  
  [31;1m⨯[39;22m[90m [39m[90many reading lower than previous is rejected @ repetition 78 of 100[39m[90m                                          [39m [90m0.14s[39m  
  [31;1m⨯[39;22m[90m [39m[90many reading lower than previous is rejected @ repetition 79 of 100[39m[90m                                          [39m [90m0.10s[39m  
  [31;1m⨯[39;22m[90m [39m[90many reading lower than previous is rejected @ repetition 80 of 100[39m[90m                                          [39m [90m0.16s[39m  
  [31;1m⨯[39;22m[90m [39m[90many reading lower than previous is rejected @ repetition 81 of 100[39m[90m                                          [39m [90m0.19s[39m  
  [31;1m⨯[39;22m[90m [39m[90many reading lower than previous is rejected @ repetition 82 of 100[39m[90m                                          [39m [90m0.13s[39m  
  [31;1m⨯[39;22m[90m [39m[90many reading lower than previous is rejected @ repetition 83 of 100[39m[90m                                          [39m [90m0.11s[39m  
  [31;1m⨯[39;22m[90m [39m[90many reading lower than previous is rejected @ repetition 84 of 100[39m[90m                                          [39m [90m0.12s[39m  
  [31;1m⨯[39;22m[90m [39m[90many reading lower than previous is rejected @ repetition 85 of 100[39m[90m                                          [39m [90m0.17s[39m  
  [31;1m⨯[39;22m[90m [39m[90many reading lower than previous is rejected @ repetition 86 of 100[39m[90m                                          [39m [90m0.18s[39m  
  [31;1m⨯[39;22m[90m [39m[90many reading lower than previous is rejected @ repetition 87 of 100[39m[90m                                          [39m [90m0.10s[39m  
  [31;1m⨯[39;22m[90m [39m[90many reading lower than previous is rejected @ repetition 88 of 100[39m[90m                                          [39m [90m0.18s[39m  
  [31;1m⨯[39;22m[90m [39m[90many reading lower than previous is rejected @ repetition 89 of 100[39m[90m                                          [39m [90m0.15s[39m  
  [31;1m⨯[39;22m[90m [39m[90many reading lower than previous is rejected @ repetition 90 of 100[39m[90m                                          [39m [90m0.12s[39m  
  [31;1m⨯[39;22m[90m [39m[90many reading lower than previous is rejected @ repetition 91 of 100[39m[90m                                          [39m [90m0.13s[39m  
  [31;1m⨯[39;22m[90m [39m[90many reading lower than previous is rejected @ repetition 92 of 100[39m[90m                                          [39m [90m0.11s[39m  
  [31;1m⨯[39;22m[90m [39m[90many reading lower than previous is rejected @ repetition 93 of 100[39m[90m                                          [39m [90m0.10s[39m  
  [31;1m⨯[39;22m[90m [39m[90many reading lower than previous is rejected @ repetition 94 of 100[39m[90m                                          [39m [90m0.15s[39m  
  [31;1m⨯[39;22m[90m [39m[90many reading lower than previous is rejected @ repetition 95 of 100[39m[90m                                          [39m [90m0.28s[39m  
  [31;1m⨯[39;22m[90m [39m[90many reading lower than previous is rejected @ repetition 96 of 100[39m[90m                                          [39m [90m0.18s[39m  
  [31;1m⨯[39;22m[90m [39m[90many reading lower than previous is rejected @ repetition 97 of 100[39m[90m                                          [39m [90m0.22s[39m  
  [31;1m⨯[39;22m[90m [39m[90many reading lower than previous is rejected @ repetition 98 of 100[39m[90m                                          [39m [90m0.17s[39m  
  [31;1m⨯[39;22m[90m [39m[90many reading lower than previous is rejected @ repetition 99 of 100[39m[90m                                          [39m [90m0.20s[39m  
  [31;1m⨯[39;22m[90m [39m[90many reading lower than previous is rejected @ repetition 100 of 100[39m[90m                                         [39m [90m0.19s[39m  
  [31;1m⨯[39;22m[90m [39m[90many reading with future date is rejected @ repetition 1 of 100[39m[90m                                              [39m [90m0.25s[39m  
  [31;1m⨯[39;22m[90m [39m[90many reading with future date is rejected @ repetition 2 of 100[39m[90m                                              [39m [90m0.15s[39m  
  [31;1m⨯[39;22m[90m [39m[90many reading with future date is rejected @ repetition 3 of 100[39m[90m                                              [39m [90m0.16s[39m  
  [31;1m⨯[39;22m[90m [39m[90many reading with future date is rejected @ repetition 4 of 100[39m[90m                                              [39m [90m0.17s[39m  
  [31;1m⨯[39;22m[90m [39m[90many reading with future date is rejected @ repetition 5 of 100[39m[90m                                              [39m [90m0.14s[39m  
  [31;1m⨯[39;22m[90m [39m[90many reading with future date is rejected @ repetition 6 of 100[39m[90m                                              [39m [90m0.13s[39m  
  [31;1m⨯[39;22m[90m [39m[90many reading with future date is rejected @ repetition 7 of 100[39m[90m                                              [39m [90m0.15s[39m  
  [31;1m⨯[39;22m[90m [39m[90many reading with future date is rejected @ repetition 8 of 100[39m[90m                                              [39m [90m0.23s[39m  
  [31;1m⨯[39;22m[90m [39m[90many reading with future date is rejected @ repetition 9 of 100[39m[90m                                              [39m [90m0.19s[39m  
  [31;1m⨯[39;22m[90m [39m[90many reading with future date is rejected @ repetition 10 of 100[39m[90m                                             [39m [90m0.14s[39m  
  [31;1m⨯[39;22m[90m [39m[90many reading with future date is rejected @ repetition 11 of 100[39m[90m                                             [39m [90m0.10s[39m  
  [31;1m⨯[39;22m[90m [39m[90many reading with future date is rejected @ repetition 12 of 100[39m[90m                                             [39m [90m0.16s[39m  
  [31;1m⨯[39;22m[90m [39m[90many reading with future date is rejected @ repetition 13 of 100[39m[90m                                             [39m [90m0.13s[39m  
  [31;1m⨯[39;22m[90m [39m[90many reading with future date is rejected @ repetition 14 of 100[39m[90m                                             [39m [90m0.16s[39m  
  [31;1m⨯[39;22m[90m [39m[90many reading with future date is rejected @ repetition 15 of 100[39m[90m                                             [39m [90m0.23s[39m  
  [31;1m⨯[39;22m[90m [39m[90many reading with future date is rejected @ repetition 16 of 100[39m[90m                                             [39m [90m0.15s[39m  
  [31;1m⨯[39;22m[90m [39m[90many reading with future date is rejected @ repetition 17 of 100[39m[90m                                             [39m [90m0.13s[39m  
  [31;1m⨯[39;22m[90m [39m[90many reading with future date is rejected @ repetition 18 of 100[39m[90m                                             [39m [90m0.16s[39m  
  [31;1m⨯[39;22m[90m [39m[90many reading with future date is rejected @ repetition 19 of 100[39m[90m                                             [39m [90m0.16s[39m  
  [31;1m⨯[39;22m[90m [39m[90many reading with future date is rejected @ repetition 20 of 100[39m[90m                                             [39m [90m0.16s[39m  
  [31;1m⨯[39;22m[90m [39m[90many reading with future date is rejected @ repetition 21 of 100[39m[90m                                             [39m [90m0.13s[39m  
  [31;1m⨯[39;22m[90m [39m[90many reading with future date is rejected @ repetition 22 of 100[39m[90m                                             [39m [90m0.26s[39m  
  [31;1m⨯[39;22m[90m [39m[90many reading with future date is rejected @ repetition 23 of 100[39m[90m                                             [39m [90m0.18s[39m  
  [31;1m⨯[39;22m[90m [39m[90many reading with future date is rejected @ repetition 24 of 100[39m[90m                                             [39m [90m0.14s[39m  
  [31;1m⨯[39;22m[90m [39m[90many reading with future date is rejected @ repetition 25 of 100[39m[90m                                             [39m [90m0.19s[39m  
  [31;1m⨯[39;22m[90m [39m[90many reading with future date is rejected @ repetition 26 of 100[39m[90m                                             [39m [90m0.14s[39m  
  [31;1m⨯[39;22m[90m [39m[90many reading with future date is rejected @ repetition 27 of 100[39m[90m                                             [39m [90m0.12s[39m  
  [31;1m⨯[39;22m[90m [39m[90many reading with future date is rejected @ repetition 28 of 100[39m[90m                                             [39m [90m0.13s[39m  
  [31;1m⨯[39;22m[90m [39m[90many reading with future date is rejected @ repetition 29 of 100[39m[90m                                             [39m [90m0.22s[39m  
  [31;1m⨯[39;22m[90m [39m[90many reading with future date is rejected @ repetition 30 of 100[39m[90m                                             [39m [90m0.12s[39m  
  [31;1m⨯[39;22m[90m [39m[90many reading with future date is rejected @ repetition 31 of 100[39m[90m                                             [39m [90m0.14s[39m  
  [31;1m⨯[39;22m[90m [39m[90many reading with future date is rejected @ repetition 32 of 100[39m[90m                                             [39m [90m0.16s[39m  
  [31;1m⨯[39;22m[90m [39m[90many reading with future date is rejected @ repetition 33 of 100[39m[90m                                             [39m [90m0.13s[39m  
  [31;1m⨯[39;22m[90m [39m[90many reading with future date is rejected @ repetition 34 of 100[39m[90m                                             [39m [90m0.12s[39m  
  [31;1m⨯[39;22m[90m [39m[90many reading with future date is rejected @ repetition 35 of 100[39m[90m                                             [39m [90m0.15s[39m  
  [31;1m⨯[39;22m[90m [39m[90many reading with future date is rejected @ repetition 36 of 100[39m[90m                                             [39m [90m0.23s[39m  
  [31;1m⨯[39;22m[90m [39m[90many reading with future date is rejected @ repetition 37 of 100[39m[90m                                             [39m [90m0.15s[39m  
  [31;1m⨯[39;22m[90m [39m[90many reading with future date is rejected @ repetition 38 of 100[39m[90m                                             [39m [90m0.15s[39m  
  [31;1m⨯[39;22m[90m [39m[90many reading with future date is rejected @ repetition 39 of 100[39m[90m                                             [39m [90m0.16s[39m  
  [31;1m⨯[39;22m[90m [39m[90many reading with future date is rejected @ repetition 40 of 100[39m[90m                                             [39m [90m0.16s[39m  
  [31;1m⨯[39;22m[90m [39m[90many reading with future date is rejected @ repetition 41 of 100[39m[90m                                             [39m [90m0.14s[39m  
  [31;1m⨯[39;22m[90m [39m[90many reading with future date is rejected @ repetition 42 of 100[39m[90m                                             [39m [90m0.14s[39m  
  [31;1m⨯[39;22m[90m [39m[90many reading with future date is rejected @ repetition 43 of 100[39m[90m                                             [39m [90m0.23s[39m  
  [31;1m⨯[39;22m[90m [39m[90many reading with future date is rejected @ repetition 44 of 100[39m[90m                                             [39m [90m0.15s[39m  
  [31;1m⨯[39;22m[90m [39m[90many reading with future date is rejected @ repetition 45 of 100[39m[90m                                             [39m [90m0.16s[39m  
  [31;1m⨯[39;22m[90m [39m[90many reading with future date is rejected @ repetition 46 of 100[39m[90m                                             [39m [90m0.17s[39m  
  [31;1m⨯[39;22m[90m [39m[90many reading with future date is rejected @ repetition 47 of 100[39m[90m                                             [39m [90m0.13s[39m  
  [31;1m⨯[39;22m[90m [39m[90many reading with future date is rejected @ repetition 48 of 100[39m[90m                                             [39m [90m0.15s[39m  
  [31;1m⨯[39;22m[90m [39m[90many reading with future date is rejected @ repetition 49 of 100[39m[90m                                             [39m [90m0.13s[39m  
  [31;1m⨯[39;22m[90m [39m[90many reading with future date is rejected @ repetition 50 of 100[39m[90m                                             [39m [90m0.21s[39m  
  [31;1m⨯[39;22m[90m [39m[90many reading with future date is rejected @ repetition 51 of 100[39m[90m                                             [39m [90m0.14s[39m  
  [31;1m⨯[39;22m[90m [39m[90many reading with future date is rejected @ repetition 52 of 100[39m[90m                                             [39m [90m0.13s[39m  
  [31;1m⨯[39;22m[90m [39m[90many reading with future date is rejected @ repetition 53 of 100[39m[90m                                             [39m [90m0.15s[39m  
  [31;1m⨯[39;22m[90m [39m[90many reading with future date is rejected @ repetition 54 of 100[39m[90m                                             [39m [90m0.15s[39m  
  [31;1m⨯[39;22m[90m [39m[90many reading with future date is rejected @ repetition 55 of 100[39m[90m                                             [39m [90m0.13s[39m  
  [31;1m⨯[39;22m[90m [39m[90many reading with future date is rejected @ repetition 56 of 100[39m[90m                                             [39m [90m0.20s[39m  
  [31;1m⨯[39;22m[90m [39m[90many reading with future date is rejected @ repetition 57 of 100[39m[90m                                             [39m [90m0.27s[39m  
  [31;1m⨯[39;22m[90m [39m[90many reading with future date is rejected @ repetition 58 of 100[39m[90m                                             [39m [90m0.18s[39m  
  [31;1m⨯[39;22m[90m [39m[90many reading with future date is rejected @ repetition 59 of 100[39m[90m                                             [39m [90m0.17s[39m  
  [31;1m⨯[39;22m[90m [39m[90many reading with future date is rejected @ repetition 60 of 100[39m[90m                                             [39m [90m0.15s[39m  
  [31;1m⨯[39;22m[90m [39m[90many reading with future date is rejected @ repetition 61 of 100[39m[90m                                             [39m [90m0.12s[39m  
  [31;1m⨯[39;22m[90m [39m[90many reading with future date is rejected @ repetition 62 of 100[39m[90m                                             [39m [90m0.16s[39m  
  [31;1m⨯[39;22m[90m [39m[90many reading with future date is rejected @ repetition 63 of 100[39m[90m                                             [39m [90m0.15s[39m  
  [31;1m⨯[39;22m[90m [39m[90many reading with future date is rejected @ repetition 64 of 100[39m[90m                                             [39m [90m0.24s[39m  
  [31;1m⨯[39;22m[90m [39m[90many reading with future date is rejected @ repetition 65 of 100[39m[90m                                             [39m [90m0.17s[39m  
  [31;1m⨯[39;22m[90m [39m[90many reading with future date is rejected @ repetition 66 of 100[39m[90m                                             [39m [90m0.16s[39m  
  [31;1m⨯[39;22m[90m [39m[90many reading with future date is rejected @ repetition 67 of 100[39m[90m                                             [39m [90m0.16s[39m  
  [31;1m⨯[39;22m[90m [39m[90many reading with future date is rejected @ repetition 68 of 100[39m[90m                                             [39m [90m0.14s[39m  
  [31;1m⨯[39;22m[90m [39m[90many reading with future date is rejected @ repetition 69 of 100[39m[90m                                             [39m [90m0.13s[39m  
  [31;1m⨯[39;22m[90m [39m[90many reading with future date is rejected @ repetition 70 of 100[39m[90m                                             [39m [90m0.15s[39m  
  [31;1m⨯[39;22m[90m [39m[90many reading with future date is rejected @ repetition 71 of 100[39m[90m                                             [39m [90m0.23s[39m  
  [31;1m⨯[39;22m[90m [39m[90many reading with future date is rejected @ repetition 72 of 100[39m[90m                                             [39m [90m0.14s[39m  
  [31;1m⨯[39;22m[90m [39m[90many reading with future date is rejected @ repetition 73 of 100[39m[90m                                             [39m [90m0.15s[39m  
  [31;1m⨯[39;22m[90m [39m[90many reading with future date is rejected @ repetition 74 of 100[39m[90m                                             [39m [90m0.12s[39m  
  [31;1m⨯[39;22m[90m [39m[90many reading with future date is rejected @ repetition 75 of 100[39m[90m                                             [39m [90m0.14s[39m  
  [31;1m⨯[39;22m[90m [39m[90many reading with future date is rejected @ repetition 76 of 100[39m[90m                                             [39m [90m0.15s[39m  
  [31;1m⨯[39;22m[90m [39m[90many reading with future date is rejected @ repetition 77 of 100[39m[90m                                             [39m [90m0.15s[39m  
  [31;1m⨯[39;22m[90m [39m[90many reading with future date is rejected @ repetition 78 of 100[39m[90m                                             [39m [90m0.21s[39m  
  [31;1m⨯[39;22m[90m [39m[90many reading with future date is rejected @ repetition 79 of 100[39m[90m                                             [39m [90m0.14s[39m  
  [31;1m⨯[39;22m[90m [39m[90many reading with future date is rejected @ repetition 80 of 100[39m[90m                                             [39m [90m0.13s[39m  
  [31;1m⨯[39;22m[90m [39m[90many reading with future date is rejected @ repetition 81 of 100[39m[90m                                             [39m [90m0.13s[39m  
  [31;1m⨯[39;22m[90m [39m[90many reading with future date is rejected @ repetition 82 of 100[39m[90m                                             [39m [90m0.14s[39m  
  [31;1m⨯[39;22m[90m [39m[90many reading with future date is rejected @ repetition 83 of 100[39m[90m                                             [39m [90m0.17s[39m  
  [31;1m⨯[39;22m[90m [39m[90many reading with future date is rejected @ repetition 84 of 100[39m[90m                                             [39m [90m0.15s[39m  
  [31;1m⨯[39;22m[90m [39m[90many reading with future date is rejected @ repetition 85 of 100[39m[90m                                             [39m [90m0.19s[39m  
  [31;1m⨯[39;22m[90m [39m[90many reading with future date is rejected @ repetition 86 of 100[39m[90m                                             [39m [90m0.15s[39m  
  [31;1m⨯[39;22m[90m [39m[90many reading with future date is rejected @ repetition 87 of 100[39m[90m                                             [39m [90m0.16s[39m  
  [31;1m⨯[39;22m[90m [39m[90many reading with future date is rejected @ repetition 88 of 100[39m[90m                                             [39m [90m0.19s[39m  
  [31;1m⨯[39;22m[90m [39m[90many reading with future date is rejected @ repetition 89 of 100[39m[90m                                             [39m [90m0.16s[39m  
  [31;1m⨯[39;22m[90m [39m[90many reading with future date is rejected @ repetition 90 of 100[39m[90m                                             [39m [90m0.13s[39m  
  [31;1m⨯[39;22m[90m [39m[90many reading with future date is rejected @ repetition 91 of 100[39m[90m                                             [39m [90m0.20s[39m  
  [31;1m⨯[39;22m[90m [39m[90many reading with future date is rejected @ repetition 92 of 100[39m[90m                                             [39m [90m0.21s[39m  
  [31;1m⨯[39;22m[90m [39m[90many reading with future date is rejected @ repetition 93 of 100[39m[90m                                             [39m [90m0.11s[39m  
  [31;1m⨯[39;22m[90m [39m[90many reading with future date is rejected @ repetition 94 of 100[39m[90m                                             [39m [90m0.18s[39m  
  [31;1m⨯[39;22m[90m [39m[90many reading with future date is rejected @ repetition 95 of 100[39m[90m                                             [39m [90m0.13s[39m  
  [31;1m⨯[39;22m[90m [39m[90many reading with future date is rejected @ repetition 96 of 100[39m[90m                                             [39m [90m0.14s[39m  
  [31;1m⨯[39;22m[90m [39m[90many reading with future date is rejected @ repetition 97 of 100[39m[90m                                             [39m [90m0.13s[39m  
  [31;1m⨯[39;22m[90m [39m[90many reading with future date is rejected @ repetition 98 of 100[39m[90m                                             [39m [90m0.16s[39m  
  [31;1m⨯[39;22m[90m [39m[90many reading with future date is rejected @ repetition 99 of 100[39m[90m                                             [39m [90m0.20s[39m  
  [31;1m⨯[39;22m[90m [39m[90many reading with future date is rejected @ repetition 100 of 100[39m[90m                                            [39m [90m0.13s[39m  
  [32;1m✓[39;22m[90m [39m[90many multi-zone meter accepts separate zone readings @ repetition 1 of 100[39m[90m                                   [39m [90m0.10s[39m  
  [32;1m✓[39;22m[90m [39m[90many multi-zone meter accepts separate zone readings @ repetition 2 of 100[39m[90m                                   [39m [90m0.15s[39m  
  [32;1m✓[39;22m[90m [39m[90many multi-zone meter accepts separate zone readings @ repetition 3 of 100[39m[90m                                   [39m [90m0.14s[39m  
  [32;1m✓[39;22m[90m [39m[90many multi-zone meter accepts separate zone readings @ repetition 4 of 100[39m[90m                                   [39m [90m0.16s[39m  
  [32;1m✓[39;22m[90m [39m[90many multi-zone meter accepts separate zone readings @ repetition 5 of 100[39m[90m                                   [39m [90m0.14s[39m  
  [32;1m✓[39;22m[90m [39m[90many multi-zone meter accepts separate zone readings @ repetition 6 of 100[39m[90m                                   [39m [90m0.22s[39m  
  [32;1m✓[39;22m[90m [39m[90many multi-zone meter accepts separate zone readings @ repetition 7 of 100[39m[90m                                   [39m [90m0.16s[39m  
  [32;1m✓[39;22m[90m [39m[90many multi-zone meter accepts separate zone readings @ repetition 8 of 100[39m[90m                                   [39m [90m0.15s[39m  
  [32;1m✓[39;22m[90m [39m[90many multi-zone meter accepts separate zone readings @ repetition 9 of 100[39m[90m                                   [39m [90m0.17s[39m  
  [32;1m✓[39;22m[90m [39m[90many multi-zone meter accepts separate zone readings @ repetition 10 of 100[39m[90m                                  [39m [90m0.15s[39m  
  [32;1m✓[39;22m[90m [39m[90many multi-zone meter accepts separate zone readings @ repetition 11 of 100[39m[90m                                  [39m [90m0.15s[39m  
  [32;1m✓[39;22m[90m [39m[90many multi-zone meter accepts separate zone readings @ repetition 12 of 100[39m[90m                                  [39m [90m0.15s[39m  
  [32;1m✓[39;22m[90m [39m[90many multi-zone meter accepts separate zone readings @ repetition 13 of 100[39m[90m                                  [39m [90m0.14s[39m  
  [32;1m✓[39;22m[90m [39m[90many multi-zone meter accepts separate zone readings @ repetition 14 of 100[39m[90m                                  [39m [90m0.24s[39m  
  [32;1m✓[39;22m[90m [39m[90many multi-zone meter accepts separate zone readings @ repetition 15 of 100[39m[90m                                  [39m [90m0.18s[39m  
  [32;1m✓[39;22m[90m [39m[90many multi-zone meter accepts separate zone readings @ repetition 16 of 100[39m[90m                                  [39m [90m0.14s[39m  
  [32;1m✓[39;22m[90m [39m[90many multi-zone meter accepts separate zone readings @ repetition 17 of 100[39m[90m                                  [39m [90m0.15s[39m  
  [32;1m✓[39;22m[90m [39m[90many multi-zone meter accepts separate zone readings @ repetition 18 of 100[39m[90m                                  [39m [90m0.10s[39m  
  [32;1m✓[39;22m[90m [39m[90many multi-zone meter accepts separate zone readings @ repetition 19 of 100[39m[90m                                  [39m [90m0.13s[39m  
  [32;1m✓[39;22m[90m [39m[90many multi-zone meter accepts separate zone readings @ repetition 20 of 100[39m[90m                                  [39m [90m0.15s[39m  
  [32;1m✓[39;22m[90m [39m[90many multi-zone meter accepts separate zone readings @ repetition 21 of 100[39m[90m                                  [39m [90m0.13s[39m  
  [32;1m✓[39;22m[90m [39m[90many multi-zone meter accepts separate zone readings @ repetition 22 of 100[39m[90m                                  [39m [90m0.24s[39m  
  [32;1m✓[39;22m[90m [39m[90many multi-zone meter accepts separate zone readings @ repetition 23 of 100[39m[90m                                  [39m [90m0.14s[39m  
  [32;1m✓[39;22m[90m [39m[90many multi-zone meter accepts separate zone readings @ repetition 24 of 100[39m[90m                                  [39m [90m0.14s[39m  
  [32;1m✓[39;22m[90m [39m[90many multi-zone meter accepts separate zone readings @ repetition 25 of 100[39m[90m                                  [39m [90m0.12s[39m  
  [32;1m✓[39;22m[90m [39m[90many multi-zone meter accepts separate zone readings @ repetition 26 of 100[39m[90m                                  [39m [90m0.13s[39m  
  [32;1m✓[39;22m[90m [39m[90many multi-zone meter accepts separate zone readings @ repetition 27 of 100[39m[90m                                  [39m [90m0.15s[39m  
  [32;1m✓[39;22m[90m [39m[90many multi-zone meter accepts separate zone readings @ repetition 28 of 100[39m[90m                                  [39m [90m0.17s[39m  
  [32;1m✓[39;22m[90m [39m[90many multi-zone meter accepts separate zone readings @ repetition 29 of 100[39m[90m                                  [39m [90m0.15s[39m  
  [32;1m✓[39;22m[90m [39m[90many multi-zone meter accepts separate zone readings @ repetition 30 of 100[39m[90m                                  [39m [90m0.29s[39m  
  [32;1m✓[39;22m[90m [39m[90many multi-zone meter accepts separate zone readings @ repetition 31 of 100[39m[90m                                  [39m [90m0.15s[39m  
  [32;1m✓[39;22m[90m [39m[90many multi-zone meter accepts separate zone readings @ repetition 32 of 100[39m[90m                                  [39m [90m0.14s[39m  
  [32;1m✓[39;22m[90m [39m[90many multi-zone meter accepts separate zone readings @ repetition 33 of 100[39m[90m                                  [39m [90m0.16s[39m  
  [32;1m✓[39;22m[90m [39m[90many multi-zone meter accepts separate zone readings @ repetition 34 of 100[39m[90m                                  [39m [90m0.14s[39m  
  [32;1m✓[39;22m[90m [39m[90many multi-zone meter accepts separate zone readings @ repetition 35 of 100[39m[90m                                  [39m [90m0.12s[39m  
  [32;1m✓[39;22m[90m [39m[90many multi-zone meter accepts separate zone readings @ repetition 36 of 100[39m[90m                                  [39m [90m0.15s[39m  
  [32;1m✓[39;22m[90m [39m[90many multi-zone meter accepts separate zone readings @ repetition 37 of 100[39m[90m                                  [39m [90m0.11s[39m  
  [32;1m✓[39;22m[90m [39m[90many multi-zone meter accepts separate zone readings @ repetition 38 of 100[39m[90m                                  [39m [90m0.22s[39m  
  [32;1m✓[39;22m[90m [39m[90many multi-zone meter accepts separate zone readings @ repetition 39 of 100[39m[90m                                  [39m [90m0.14s[39m  
  [32;1m✓[39;22m[90m [39m[90many multi-zone meter accepts separate zone readings @ repetition 40 of 100[39m[90m                                  [39m [90m0.16s[39m  
  [32;1m✓[39;22m[90m [39m[90many multi-zone meter accepts separate zone readings @ repetition 41 of 100[39m[90m                                  [39m [90m0.14s[39m  
  [32;1m✓[39;22m[90m [39m[90many multi-zone meter accepts separate zone readings @ repetition 42 of 100[39m[90m                                  [39m [90m0.14s[39m  
  [32;1m✓[39;22m[90m [39m[90many multi-zone meter accepts separate zone readings @ repetition 43 of 100[39m[90m                                  [39m [90m0.17s[39m  
  [32;1m✓[39;22m[90m [39m[90many multi-zone meter accepts separate zone readings @ repetition 44 of 100[39m[90m                                  [39m [90m0.16s[39m  
  [32;1m✓[39;22m[90m [39m[90many multi-zone meter accepts separate zone readings @ repetition 45 of 100[39m[90m                                  [39m [90m0.14s[39m  
  [32;1m✓[39;22m[90m [39m[90many multi-zone meter accepts separate zone readings @ repetition 46 of 100[39m[90m                                  [39m [90m0.24s[39m  
  [32;1m✓[39;22m[90m [39m[90many multi-zone meter accepts separate zone readings @ repetition 47 of 100[39m[90m                                  [39m [90m0.17s[39m  
  [32;1m✓[39;22m[90m [39m[90many multi-zone meter accepts separate zone readings @ repetition 48 of 100[39m[90m                                  [39m [90m0.14s[39m  
  [32;1m✓[39;22m[90m [39m[90many multi-zone meter accepts separate zone readings @ repetition 49 of 100[39m[90m                                  [39m [90m0.16s[39m  
  [32;1m✓[39;22m[90m [39m[90many multi-zone meter accepts separate zone readings @ repetition 50 of 100[39m[90m                                  [39m [90m0.18s[39m  
  [32;1m✓[39;22m[90m [39m[90many multi-zone meter accepts separate zone readings @ repetition 51 of 100[39m[90m                                  [39m [90m0.15s[39m  
  [32;1m✓[39;22m[90m [39m[90many multi-zone meter accepts separate zone readings @ repetition 52 of 100[39m[90m                                  [39m [90m0.13s[39m  
  [32;1m✓[39;22m[90m [39m[90many multi-zone meter accepts separate zone readings @ repetition 53 of 100[39m[90m                                  [39m [90m0.16s[39m  
  [32;1m✓[39;22m[90m [39m[90many multi-zone meter accepts separate zone readings @ repetition 54 of 100[39m[90m                                  [39m [90m0.25s[39m  
  [32;1m✓[39;22m[90m [39m[90many multi-zone meter accepts separate zone readings @ repetition 55 of 100[39m[90m                                  [39m [90m0.18s[39m  
  [32;1m✓[39;22m[90m [39m[90many multi-zone meter accepts separate zone readings @ repetition 56 of 100[39m[90m                                  [39m [90m0.15s[39m  
  [32;1m✓[39;22m[90m [39m[90many multi-zone meter accepts separate zone readings @ repetition 57 of 100[39m[90m                                  [39m [90m0.15s[39m  
  [32;1m✓[39;22m[90m [39m[90many multi-zone meter accepts separate zone readings @ repetition 58 of 100[39m[90m                                  [39m [90m0.16s[39m  
  [32;1m✓[39;22m[90m [39m[90many multi-zone meter accepts separate zone readings @ repetition 59 of 100[39m[90m                                  [39m [90m0.16s[39m  
  [32;1m✓[39;22m[90m [39m[90many multi-zone meter accepts separate zone readings @ repetition 60 of 100[39m[90m                                  [39m [90m0.15s[39m  
  [32;1m✓[39;22m[90m [39m[90many multi-zone meter accepts separate zone readings @ repetition 61 of 100[39m[90m                                  [39m [90m0.16s[39m  
  [32;1m✓[39;22m[90m [39m[90many multi-zone meter accepts separate zone readings @ repetition 62 of 100[39m[90m                                  [39m [90m0.29s[39m  
  [32;1m✓[39;22m[90m [39m[90many multi-zone meter accepts separate zone readings @ repetition 63 of 100[39m[90m                                  [39m [90m0.19s[39m  
  [32;1m✓[39;22m[90m [39m[90many multi-zone meter accepts separate zone readings @ repetition 64 of 100[39m[90m                                  [39m [90m0.14s[39m  
  [32;1m✓[39;22m[90m [39m[90many multi-zone meter accepts separate zone readings @ repetition 65 of 100[39m[90m                                  [39m [90m0.11s[39m  
  [32;1m✓[39;22m[90m [39m[90many multi-zone meter accepts separate zone readings @ repetition 66 of 100[39m[90m                                  [39m [90m0.11s[39m  
  [32;1m✓[39;22m[90m [39m[90many multi-zone meter accepts separate zone readings @ repetition 67 of 100[39m[90m                                  [39m [90m0.15s[39m  
  [32;1m✓[39;22m[90m [39m[90many multi-zone meter accepts separate zone readings @ repetition 68 of 100[39m[90m                                  [39m [90m0.10s[39m  
  [32;1m✓[39;22m[90m [39m[90many multi-zone meter accepts separate zone readings @ repetition 69 of 100[39m[90m                                  [39m [90m0.10s[39m  
  [32;1m✓[39;22m[90m [39m[90many multi-zone meter accepts separate zone readings @ repetition 70 of 100[39m[90m                                  [39m [90m0.28s[39m  
  [32;1m✓[39;22m[90m [39m[90many multi-zone meter accepts separate zone readings @ repetition 71 of 100[39m[90m                                  [39m [90m0.11s[39m  
  [32;1m✓[39;22m[90m [39m[90many multi-zone meter accepts separate zone readings @ repetition 72 of 100[39m[90m                                  [39m [90m0.17s[39m  
  [32;1m✓[39;22m[90m [39m[90many multi-zone meter accepts separate zone readings @ repetition 73 of 100[39m[90m                                  [39m [90m0.11s[39m  
  [32;1m✓[39;22m[90m [39m[90many multi-zone meter accepts separate zone readings @ repetition 74 of 100[39m[90m                                  [39m [90m0.12s[39m  
  [32;1m✓[39;22m[90m [39m[90many multi-zone meter accepts separate zone readings @ repetition 75 of 100[39m[90m                                  [39m [90m0.14s[39m  
  [32;1m✓[39;22m[90m [39m[90many multi-zone meter accepts separate zone readings @ repetition 76 of 100[39m[90m                                  [39m [90m0.13s[39m  
  [32;1m✓[39;22m[90m [39m[90many multi-zone meter accepts separate zone readings @ repetition 77 of 100[39m[90m                                  [39m [90m0.17s[39m  
  [32;1m✓[39;22m[90m [39m[90many multi-zone meter accepts separate zone readings @ repetition 78 of 100[39m[90m                                  [39m [90m0.24s[39m  
  [32;1m✓[39;22m[90m [39m[90many multi-zone meter accepts separate zone readings @ repetition 79 of 100[39m[90m                                  [39m [90m0.18s[39m  
  [32;1m✓[39;22m[90m [39m[90many multi-zone meter accepts separate zone readings @ repetition 80 of 100[39m[90m                                  [39m [90m0.13s[39m  
  [32;1m✓[39;22m[90m [39m[90many multi-zone meter accepts separate zone readings @ repetition 81 of 100[39m[90m                                  [39m [90m0.14s[39m  
  [32;1m✓[39;22m[90m [39m[90many multi-zone meter accepts separate zone readings @ repetition 82 of 100[39m[90m                                  [39m [90m0.15s[39m  
  [32;1m✓[39;22m[90m [39m[90many multi-zone meter accepts separate zone readings @ repetition 83 of 100[39m[90m                                  [39m [90m0.13s[39m  
  [32;1m✓[39;22m[90m [39m[90many multi-zone meter accepts separate zone readings @ repetition 84 of 100[39m[90m                                  [39m [90m0.25s[39m  
  [32;1m✓[39;22m[90m [39m[90many multi-zone meter accepts separate zone readings @ repetition 85 of 100[39m[90m                                  [39m [90m0.15s[39m  
  [32;1m✓[39;22m[90m [39m[90many multi-zone meter accepts separate zone readings @ repetition 86 of 100[39m[90m                                  [39m [90m0.21s[39m  
  [32;1m✓[39;22m[90m [39m[90many multi-zone meter accepts separate zone readings @ repetition 87 of 100[39m[90m                                  [39m [90m0.16s[39m  
  [32;1m✓[39;22m[90m [39m[90many multi-zone meter accepts separate zone readings @ repetition 88 of 100[39m[90m                                  [39m [90m0.15s[39m  
  [32;1m✓[39;22m[90m [39m[90many multi-zone meter accepts separate zone readings @ repetition 89 of 100[39m[90m                                  [39m [90m0.16s[39m  
  [32;1m✓[39;22m[90m [39m[90many multi-zone meter accepts separate zone readings @ repetition 90 of 100[39m[90m                                  [39m [90m0.14s[39m  
  [32;1m✓[39;22m[90m [39m[90many multi-zone meter accepts separate zone readings @ repetition 91 of 100[39m[90m                                  [39m [90m0.15s[39m  
  [32;1m✓[39;22m[90m [39m[90many multi-zone meter accepts separate zone readings @ repetition 92 of 100[39m[90m                                  [39m [90m0.15s[39m  
  [32;1m✓[39;22m[90m [39m[90many multi-zone meter accepts separate zone readings @ repetition 93 of 100[39m[90m                                  [39m [90m0.16s[39m  
  [32;1m✓[39;22m[90m [39m[90many multi-zone meter accepts separate zone readings @ repetition 94 of 100[39m[90m                                  [39m [90m0.25s[39m  
  [32;1m✓[39;22m[90m [39m[90many multi-zone meter accepts separate zone readings @ repetition 95 of 100[39m[90m                                  [39m [90m0.12s[39m  
  [32;1m✓[39;22m[90m [39m[90many multi-zone meter accepts separate zone readings @ repetition 96 of 100[39m[90m                                  [39m [90m0.17s[39m  
  [32;1m✓[39;22m[90m [39m[90many multi-zone meter accepts separate zone readings @ repetition 97 of 100[39m[90m                                  [39m [90m0.15s[39m  
  [32;1m✓[39;22m[90m [39m[90many multi-zone meter accepts separate zone readings @ repetition 98 of 100[39m[90m                                  [39m [90m0.13s[39m  
  [32;1m✓[39;22m[90m [39m[90many multi-zone meter accepts separate zone readings @ repetition 99 of 100[39m[90m                                  [39m [90m0.14s[39m  
  [32;1m✓[39;22m[90m [39m[90many multi-zone meter accepts separate zone readings @ repetition 100 of 100[39m[90m                                 [39m [90m0.15s[39m  
  [32;1m✓[39;22m[90m [39m[90many stored reading creates audit trail @ repetition 1 of 100[39m[90m                                                [39m [90m0.21s[39m  
  [32;1m✓[39;22m[90m [39m[90many stored reading creates audit trail @ repetition 2 of 100[39m[90m                                                [39m [90m0.13s[39m  
  [32;1m✓[39;22m[90m [39m[90many stored reading creates audit trail @ repetition 3 of 100[39m[90m                                                [39m [90m0.18s[39m  
  [32;1m✓[39;22m[90m [39m[90many stored reading creates audit trail @ repetition 4 of 100[39m[90m                                                [39m [90m0.11s[39m  
  [32;1m✓[39;22m[90m [39m[90many stored reading creates audit trail @ repetition 5 of 100[39m[90m                                                [39m [90m0.13s[39m  
  [32;1m✓[39;22m[90m [39m[90many stored reading creates audit trail @ repetition 6 of 100[39m[90m                                                [39m [90m0.13s[39m  
  [32;1m✓[39;22m[90m [39m[90many stored reading creates audit trail @ repetition 7 of 100[39m[90m                                                [39m [90m0.14s[39m  
  [32;1m✓[39;22m[90m [39m[90many stored reading creates audit trail @ repetition 8 of 100[39m[90m                                                [39m [90m0.14s[39m  
  [32;1m✓[39;22m[90m [39m[90many stored reading creates audit trail @ repetition 9 of 100[39m[90m                                                [39m [90m0.21s[39m  
  [32;1m✓[39;22m[90m [39m[90many stored reading creates audit trail @ repetition 10 of 100[39m[90m                                               [39m [90m0.12s[39m  
  [32;1m✓[39;22m[90m [39m[90many stored reading creates audit trail @ repetition 11 of 100[39m[90m                                               [39m [90m0.13s[39m  
  [32;1m✓[39;22m[90m [39m[90many stored reading creates audit trail @ repetition 12 of 100[39m[90m                                               [39m [90m0.12s[39m  
  [32;1m✓[39;22m[90m [39m[90many stored reading creates audit trail @ repetition 13 of 100[39m[90m                                               [39m [90m0.10s[39m  
  [32;1m✓[39;22m[90m [39m[90many stored reading creates audit trail @ repetition 14 of 100[39m[90m                                               [39m [90m0.12s[39m  
  [32;1m✓[39;22m[90m [39m[90many stored reading creates audit trail @ repetition 15 of 100[39m[90m                                               [39m [90m0.18s[39m  
  [32;1m✓[39;22m[90m [39m[90many stored reading creates audit trail @ repetition 16 of 100[39m[90m                                               [39m [90m0.14s[39m  
  [32;1m✓[39;22m[90m [39m[90many stored reading creates audit trail @ repetition 17 of 100[39m[90m                                               [39m [90m0.22s[39m  
  [32;1m✓[39;22m[90m [39m[90many stored reading creates audit trail @ repetition 18 of 100[39m[90m                                               [39m [90m0.11s[39m  
  [32;1m✓[39;22m[90m [39m[90many stored reading creates audit trail @ repetition 19 of 100[39m[90m                                               [39m [90m0.13s[39m  
  [32;1m✓[39;22m[90m [39m[90many stored reading creates audit trail @ repetition 20 of 100[39m[90m                                               [39m [90m0.11s[39m  
  [32;1m✓[39;22m[90m [39m[90many stored reading creates audit trail @ repetition 21 of 100[39m[90m                                               [39m [90m0.12s[39m  
  [32;1m✓[39;22m[90m [39m[90many stored reading creates audit trail @ repetition 22 of 100[39m[90m                                               [39m [90m0.13s[39m  
  [32;1m✓[39;22m[90m [39m[90many stored reading creates audit trail @ repetition 23 of 100[39m[90m                                               [39m [90m0.16s[39m  
  [32;1m✓[39;22m[90m [39m[90many stored reading creates audit trail @ repetition 24 of 100[39m[90m                                               [39m [90m0.14s[39m  
  [32;1m✓[39;22m[90m [39m[90many stored reading creates audit trail @ repetition 25 of 100[39m[90m                                               [39m [90m0.20s[39m  
  [32;1m✓[39;22m[90m [39m[90many stored reading creates audit trail @ repetition 26 of 100[39m[90m                                               [39m [90m0.12s[39m  
  [32;1m✓[39;22m[90m [39m[90many stored reading creates audit trail @ repetition 27 of 100[39m[90m                                               [39m [90m0.14s[39m  
  [32;1m✓[39;22m[90m [39m[90many stored reading creates audit trail @ repetition 28 of 100[39m[90m                                               [39m [90m0.13s[39m  
  [32;1m✓[39;22m[90m [39m[90many stored reading creates audit trail @ repetition 29 of 100[39m[90m                                               [39m [90m0.12s[39m  
  [32;1m✓[39;22m[90m [39m[90many stored reading creates audit trail @ repetition 30 of 100[39m[90m                                               [39m [90m0.11s[39m  
  [32;1m✓[39;22m[90m [39m[90many stored reading creates audit trail @ repetition 31 of 100[39m[90m                                               [39m [90m0.15s[39m  
  [32;1m✓[39;22m[90m [39m[90many stored reading creates audit trail @ repetition 32 of 100[39m[90m                                               [39m [90m0.16s[39m  
  [32;1m✓[39;22m[90m [39m[90many stored reading creates audit trail @ repetition 33 of 100[39m[90m                                               [39m [90m0.28s[39m  
  [32;1m✓[39;22m[90m [39m[90many stored reading creates audit trail @ repetition 34 of 100[39m[90m                                               [39m [90m0.15s[39m  
  [32;1m✓[39;22m[90m [39m[90many stored reading creates audit trail @ repetition 35 of 100[39m[90m                                               [39m [90m0.15s[39m  
  [32;1m✓[39;22m[90m [39m[90many stored reading creates audit trail @ repetition 36 of 100[39m[90m                                               [39m [90m0.18s[39m  
  [32;1m✓[39;22m[90m [39m[90many stored reading creates audit trail @ repetition 37 of 100[39m[90m                                               [39m [90m0.18s[39m  
  [32;1m✓[39;22m[90m [39m[90many stored reading creates audit trail @ repetition 38 of 100[39m[90m                                               [39m [90m0.17s[39m  
  [32;1m✓[39;22m[90m [39m[90many stored reading creates audit trail @ repetition 39 of 100[39m[90m                                               [39m [90m0.17s[39m  
  [32;1m✓[39;22m[90m [39m[90many stored reading creates audit trail @ repetition 40 of 100[39m[90m                                               [39m [90m0.15s[39m  
  [32;1m✓[39;22m[90m [39m[90many stored reading creates audit trail @ repetition 41 of 100[39m[90m                                               [39m [90m0.26s[39m  
  [32;1m✓[39;22m[90m [39m[90many stored reading creates audit trail @ repetition 42 of 100[39m[90m                                               [39m [90m0.15s[39m  
  [32;1m✓[39;22m[90m [39m[90many stored reading creates audit trail @ repetition 43 of 100[39m[90m                                               [39m [90m0.13s[39m  
  [32;1m✓[39;22m[90m [39m[90many stored reading creates audit trail @ repetition 44 of 100[39m[90m                                               [39m [90m0.13s[39m  
  [32;1m✓[39;22m[90m [39m[90many stored reading creates audit trail @ repetition 45 of 100[39m[90m                                               [39m [90m0.13s[39m  
  [32;1m✓[39;22m[90m [39m[90many stored reading creates audit trail @ repetition 46 of 100[39m[90m                                               [39m [90m0.11s[39m  
  [32;1m✓[39;22m[90m [39m[90many stored reading creates audit trail @ repetition 47 of 100[39m[90m                                               [39m [90m0.17s[39m  
  [32;1m✓[39;22m[90m [39m[90many stored reading creates audit trail @ repetition 48 of 100[39m[90m                                               [39m [90m0.16s[39m  
  [32;1m✓[39;22m[90m [39m[90many stored reading creates audit trail @ repetition 49 of 100[39m[90m                                               [39m [90m0.24s[39m  
  [32;1m✓[39;22m[90m [39m[90many stored reading creates audit trail @ repetition 50 of 100[39m[90m                                               [39m [90m0.13s[39m  
  [32;1m✓[39;22m[90m [39m[90many stored reading creates audit trail @ repetition 51 of 100[39m[90m                                               [39m [90m0.14s[39m  
  [32;1m✓[39;22m[90m [39m[90many stored reading creates audit trail @ repetition 52 of 100[39m[90m                                               [39m [90m0.15s[39m  
  [32;1m✓[39;22m[90m [39m[90many stored reading creates audit trail @ repetition 53 of 100[39m[90m                                               [39m [90m0.11s[39m  
  [32;1m✓[39;22m[90m [39m[90many stored reading creates audit trail @ repetition 54 of 100[39m[90m                                               [39m [90m0.13s[39m  
  [32;1m✓[39;22m[90m [39m[90many stored reading creates audit trail @ repetition 55 of 100[39m[90m                                               [39m [90m0.15s[39m  
  [32;1m✓[39;22m[90m [39m[90many stored reading creates audit trail @ repetition 56 of 100[39m[90m                                               [39m [90m0.12s[39m  
  [32;1m✓[39;22m[90m [39m[90many stored reading creates audit trail @ repetition 57 of 100[39m[90m                                               [39m [90m0.19s[39m  
  [32;1m✓[39;22m[90m [39m[90many stored reading creates audit trail @ repetition 58 of 100[39m[90m                                               [39m [90m0.11s[39m  
  [32;1m✓[39;22m[90m [39m[90many stored reading creates audit trail @ repetition 59 of 100[39m[90m                                               [39m [90m0.13s[39m  
  [32;1m✓[39;22m[90m [39m[90many stored reading creates audit trail @ repetition 60 of 100[39m[90m                                               [39m [90m0.17s[39m  
  [32;1m✓[39;22m[90m [39m[90many stored reading creates audit trail @ repetition 61 of 100[39m[90m                                               [39m [90m0.12s[39m  
  [32;1m✓[39;22m[90m [39m[90many stored reading creates audit trail @ repetition 62 of 100[39m[90m                                               [39m [90m0.18s[39m  
  [32;1m✓[39;22m[90m [39m[90many stored reading creates audit trail @ repetition 63 of 100[39m[90m                                               [39m [90m0.15s[39m  
  [32;1m✓[39;22m[90m [39m[90many stored reading creates audit trail @ repetition 64 of 100[39m[90m                                               [39m [90m0.13s[39m  
  [32;1m✓[39;22m[90m [39m[90many stored reading creates audit trail @ repetition 65 of 100[39m[90m                                               [39m [90m0.25s[39m  
  [32;1m✓[39;22m[90m [39m[90many stored reading creates audit trail @ repetition 66 of 100[39m[90m                                               [39m [90m0.16s[39m  
  [32;1m✓[39;22m[90m [39m[90many stored reading creates audit trail @ repetition 67 of 100[39m[90m                                               [39m [90m0.14s[39m  
  [32;1m✓[39;22m[90m [39m[90many stored reading creates audit trail @ repetition 68 of 100[39m[90m                                               [39m [90m0.12s[39m  
  [32;1m✓[39;22m[90m [39m[90many stored reading creates audit trail @ repetition 69 of 100[39m[90m                                               [39m [90m0.14s[39m  
  [32;1m✓[39;22m[90m [39m[90many stored reading creates audit trail @ repetition 70 of 100[39m[90m                                               [39m [90m0.12s[39m  
  [32;1m✓[39;22m[90m [39m[90many stored reading creates audit trail @ repetition 71 of 100[39m[90m                                               [39m [90m0.14s[39m  
  [32;1m✓[39;22m[90m [39m[90many stored reading creates audit trail @ repetition 72 of 100[39m[90m                                               [39m [90m0.11s[39m  
  [32;1m✓[39;22m[90m [39m[90many stored reading creates audit trail @ repetition 73 of 100[39m[90m                                               [39m [90m0.21s[39m  
  [32;1m✓[39;22m[90m [39m[90many stored reading creates audit trail @ repetition 74 of 100[39m[90m                                               [39m [90m0.10s[39m  
  [32;1m✓[39;22m[90m [39m[90many stored reading creates audit trail @ repetition 75 of 100[39m[90m                                               [39m [90m0.13s[39m  
  [32;1m✓[39;22m[90m [39m[90many stored reading creates audit trail @ repetition 76 of 100[39m[90m                                               [39m [90m0.16s[39m  
  [32;1m✓[39;22m[90m [39m[90many stored reading creates audit trail @ repetition 77 of 100[39m[90m                                               [39m [90m0.14s[39m  
  [32;1m✓[39;22m[90m [39m[90many stored reading creates audit trail @ repetition 78 of 100[39m[90m                                               [39m [90m0.11s[39m  
  [32;1m✓[39;22m[90m [39m[90many stored reading creates audit trail @ repetition 79 of 100[39m[90m                                               [39m [90m0.11s[39m  
  [32;1m✓[39;22m[90m [39m[90many stored reading creates audit trail @ repetition 80 of 100[39m[90m                                               [39m [90m0.11s[39m  
  [32;1m✓[39;22m[90m [39m[90many stored reading creates audit trail @ repetition 81 of 100[39m[90m                                               [39m [90m0.24s[39m  
  [32;1m✓[39;22m[90m [39m[90many stored reading creates audit trail @ repetition 82 of 100[39m[90m                                               [39m [90m0.15s[39m  
  [32;1m✓[39;22m[90m [39m[90many stored reading creates audit trail @ repetition 83 of 100[39m[90m                                               [39m [90m0.14s[39m  
  [32;1m✓[39;22m[90m [39m[90many stored reading creates audit trail @ repetition 84 of 100[39m[90m                                               [39m [90m0.12s[39m  
  [32;1m✓[39;22m[90m [39m[90many stored reading creates audit trail @ repetition 85 of 100[39m[90m                                               [39m [90m0.14s[39m  
  [32;1m✓[39;22m[90m [39m[90many stored reading creates audit trail @ repetition 86 of 100[39m[90m                                               [39m [90m0.13s[39m  
  [32;1m✓[39;22m[90m [39m[90many stored reading creates audit trail @ repetition 87 of 100[39m[90m                                               [39m [90m0.13s[39m  
  [32;1m✓[39;22m[90m [39m[90many stored reading creates audit trail @ repetition 88 of 100[39m[90m                                               [39m [90m0.12s[39m  
  [32;1m✓[39;22m[90m [39m[90many stored reading creates audit trail @ repetition 89 of 100[39m[90m                                               [39m [90m0.22s[39m  
  [32;1m✓[39;22m[90m [39m[90many stored reading creates audit trail @ repetition 90 of 100[39m[90m                                               [39m [90m0.15s[39m  
  [32;1m✓[39;22m[90m [39m[90many stored reading creates audit trail @ repetition 91 of 100[39m[90m                                               [39m [90m0.13s[39m  
  [32;1m✓[39;22m[90m [39m[90many stored reading creates audit trail @ repetition 92 of 100[39m[90m                                               [39m [90m0.13s[39m  
  [32;1m✓[39;22m[90m [39m[90many stored reading creates audit trail @ repetition 93 of 100[39m[90m                                               [39m [90m0.11s[39m  
  [32;1m✓[39;22m[90m [39m[90many stored reading creates audit trail @ repetition 94 of 100[39m[90m                                               [39m [90m0.13s[39m  
  [32;1m✓[39;22m[90m [39m[90many stored reading creates audit trail @ repetition 95 of 100[39m[90m                                               [39m [90m0.11s[39m  
  [32;1m✓[39;22m[90m [39m[90many stored reading creates audit trail @ repetition 96 of 100[39m[90m                                               [39m [90m0.13s[39m  
  [32;1m✓[39;22m[90m [39m[90many stored reading creates audit trail @ repetition 97 of 100[39m[90m                                               [39m [90m0.24s[39m  
  [32;1m✓[39;22m[90m [39m[90many stored reading creates audit trail @ repetition 98 of 100[39m[90m                                               [39m [90m0.10s[39m  
  [32;1m✓[39;22m[90m [39m[90many stored reading creates audit trail @ repetition 99 of 100[39m[90m                                               [39m [90m0.12s[39m  
  [32;1m✓[39;22m[90m [39m[90many stored reading creates audit trail @ repetition 100 of 100[39m[90m                                              [39m [90m0.11s[39m  
  [31;1m⨯[39;22m[90m [39m[90many invoice contains items for each utility type with consumption @ repetition 1 of 100[39m[90m                     [39m [90m0.16s[39m  
  [31;1m⨯[39;22m[90m [39m[90many invoice contains items for each utility type with consumption @ repetition 2 of 100[39m[90m                     [39m [90m0.13s[39m  
  [31;1m⨯[39;22m[90m [39m[90many invoice contains items for each utility type with consumption @ repetition 3 of 100[39m[90m                     [39m [90m0.14s[39m  
  [31;1m⨯[39;22m[90m [39m[90many invoice contains items for each utility type with consumption @ repetition 4 of 100[39m[90m                     [39m [90m0.22s[39m  
  [31;1m⨯[39;22m[90m [39m[90many invoice contains items for each utility type with consumption @ repetition 5 of 100[39m[90m                     [39m [90m0.13s[39m  
  [31;1m⨯[39;22m[90m [39m[90many invoice contains items for each utility type with consumption @ repetition 6 of 100[39m[90m                     [39m [90m0.12s[39m  
  [31;1m⨯[39;22m[90m [39m[90many invoice contains items for each utility type with consumption @ repetition 7 of 100[39m[90m                     [39m [90m0.17s[39m  
  [31;1m⨯[39;22m[90m [39m[90many invoice contains items for each utility type with consumption @ repetition 8 of 100[39m[90m                     [39m [90m0.15s[39m  
  [31;1m⨯[39;22m[90m [39m[90many invoice contains items for each utility type with consumption @ repetition 9 of 100[39m[90m                     [39m [90m0.16s[39m  
  [31;1m⨯[39;22m[90m [39m[90many invoice contains items for each utility type with consumption @ repetition 10 of 100[39m[90m                    [39m [90m0.20s[39m  
  [31;1m⨯[39;22m[90m [39m[90many invoice contains items for each utility type with consumption @ repetition 11 of 100[39m[90m                    [39m [90m0.14s[39m  
  [31;1m⨯[39;22m[90m [39m[90many invoice contains items for each utility type with consumption @ repetition 12 of 100[39m[90m                    [39m [90m0.12s[39m  
  [31;1m⨯[39;22m[90m [39m[90many invoice contains items for each utility type with consumption @ repetition 13 of 100[39m[90m                    [39m [90m0.15s[39m  
  [31;1m⨯[39;22m[90m [39m[90many invoice contains items for each utility type with consumption @ repetition 14 of 100[39m[90m                    [39m [90m0.17s[39m  
  [31;1m⨯[39;22m[90m [39m[90many invoice contains items for each utility type with consumption @ repetition 15 of 100[39m[90m                    [39m [90m0.18s[39m  
  [31;1m⨯[39;22m[90m [39m[90many invoice contains items for each utility type with consumption @ repetition 16 of 100[39m[90m                    [39m [90m0.33s[39m  
  [31;1m⨯[39;22m[90m [39m[90many invoice contains items for each utility type with consumption @ repetition 17 of 100[39m[90m                    [39m [90m0.17s[39m  
  [31;1m⨯[39;22m[90m [39m[90many invoice contains items for each utility type with consumption @ repetition 18 of 100[39m[90m                    [39m [90m0.16s[39m  
  [31;1m⨯[39;22m[90m [39m[90many invoice contains items for each utility type with consumption @ repetition 19 of 100[39m[90m                    [39m [90m0.19s[39m  
  [31;1m⨯[39;22m[90m [39m[90many invoice contains items for each utility type with consumption @ repetition 20 of 100[39m[90m                    [39m [90m0.16s[39m  
  [31;1m⨯[39;22m[90m [39m[90many invoice contains items for each utility type with consumption @ repetition 21 of 100[39m[90m                    [39m [90m0.15s[39m  
  [31;1m⨯[39;22m[90m [39m[90many invoice contains items for each utility type with consumption @ repetition 22 of 100[39m[90m                    [39m [90m0.15s[39m  
  [31;1m⨯[39;22m[90m [39m[90many invoice contains items for each utility type with consumption @ repetition 23 of 100[39m[90m                    [39m [90m0.24s[39m  
  [31;1m⨯[39;22m[90m [39m[90many invoice contains items for each utility type with consumption @ repetition 24 of 100[39m[90m                    [39m [90m0.13s[39m  
  [31;1m⨯[39;22m[90m [39m[90many invoice contains items for each utility type with consumption @ repetition 25 of 100[39m[90m                    [39m [90m0.16s[39m  
  [31;1m⨯[39;22m[90m [39m[90many invoice contains items for each utility type with consumption @ repetition 26 of 100[39m[90m                    [39m [90m0.14s[39m  
  [31;1m⨯[39;22m[90m [39m[90many invoice contains items for each utility type with consumption @ repetition 27 of 100[39m[90m                    [39m [90m0.14s[39m  
  [31;1m⨯[39;22m[90m [39m[90many invoice contains items for each utility type with consumption @ repetition 28 of 100[39m[90m                    [39m [90m0.12s[39m  
  [31;1m⨯[39;22m[90m [39m[90many invoice contains items for each utility type with consumption @ repetition 29 of 100[39m[90m                    [39m [90m0.14s[39m  
  [31;1m⨯[39;22m[90m [39m[90many invoice contains items for each utility type with consumption @ repetition 30 of 100[39m[90m                    [39m [90m0.23s[39m  
  [31;1m⨯[39;22m[90m [39m[90many invoice contains items for each utility type with consumption @ repetition 31 of 100[39m[90m                    [39m [90m0.21s[39m  
  [31;1m⨯[39;22m[90m [39m[90many invoice contains items for each utility type with consumption @ repetition 32 of 100[39m[90m                    [39m [90m0.13s[39m  
  [31;1m⨯[39;22m[90m [39m[90many invoice contains items for each utility type with consumption @ repetition 33 of 100[39m[90m                    [39m [90m0.14s[39m  
  [31;1m⨯[39;22m[90m [39m[90many invoice contains items for each utility type with consumption @ repetition 34 of 100[39m[90m                    [39m [90m0.16s[39m  
  [31;1m⨯[39;22m[90m [39m[90many invoice contains items for each utility type with consumption @ repetition 35 of 100[39m[90m                    [39m [90m0.15s[39m  
  [31;1m⨯[39;22m[90m [39m[90many invoice contains items for each utility type with consumption @ repetition 36 of 100[39m[90m                    [39m [90m0.14s[39m  
  [31;1m⨯[39;22m[90m [39m[90many invoice contains items for each utility type with consumption @ repetition 37 of 100[39m[90m                    [39m [90m0.24s[39m  
  [31;1m⨯[39;22m[90m [39m[90many invoice contains items for each utility type with consumption @ repetition 38 of 100[39m[90m                    [39m [90m0.17s[39m  
  [31;1m⨯[39;22m[90m [39m[90many invoice contains items for each utility type with consumption @ repetition 39 of 100[39m[90m                    [39m [90m0.16s[39m  
  [31;1m⨯[39;22m[90m [39m[90many invoice contains items for each utility type with consumption @ repetition 40 of 100[39m[90m                    [39m [90m0.15s[39m  
  [31;1m⨯[39;22m[90m [39m[90many invoice contains items for each utility type with consumption @ repetition 41 of 100[39m[90m                    [39m [90m0.16s[39m  
  [31;1m⨯[39;22m[90m [39m[90many invoice contains items for each utility type with consumption @ repetition 42 of 100[39m[90m                    [39m [90m0.14s[39m  
  [31;1m⨯[39;22m[90m [39m[90many invoice contains items for each utility type with consumption @ repetition 43 of 100[39m[90m                    [39m [90m0.25s[39m  
  [31;1m⨯[39;22m[90m [39m[90many invoice contains items for each utility type with consumption @ repetition 44 of 100[39m[90m                    [39m [90m0.16s[39m  
  [31;1m⨯[39;22m[90m [39m[90many invoice contains items for each utility type with consumption @ repetition 45 of 100[39m[90m                    [39m [90m0.12s[39m  
  [31;1m⨯[39;22m[90m [39m[90many invoice contains items for each utility type with consumption @ repetition 46 of 100[39m[90m                    [39m [90m0.14s[39m  
  [31;1m⨯[39;22m[90m [39m[90many invoice contains items for each utility type with consumption @ repetition 47 of 100[39m[90m                    [39m [90m0.12s[39m  
  [31;1m⨯[39;22m[90m [39m[90many invoice contains items for each utility type with consumption @ repetition 48 of 100[39m[90m                    [39m [90m0.13s[39m  
  [31;1m⨯[39;22m[90m [39m[90many invoice contains items for each utility type with consumption @ repetition 49 of 100[39m[90m                    [39m [90m0.13s[39m  
  [31;1m⨯[39;22m[90m [39m[90many invoice contains items for each utility type with consumption @ repetition 50 of 100[39m[90m                    [39m [90m0.27s[39m  
  [31;1m⨯[39;22m[90m [39m[90many invoice contains items for each utility type with consumption @ repetition 51 of 100[39m[90m                    [39m [90m0.18s[39m  
  [31;1m⨯[39;22m[90m [39m[90many invoice contains items for each utility type with consumption @ repetition 52 of 100[39m[90m                    [39m [90m0.18s[39m  
  [31;1m⨯[39;22m[90m [39m[90many invoice contains items for each utility type with consumption @ repetition 53 of 100[39m[90m                    [39m [90m0.17s[39m  
  [31;1m⨯[39;22m[90m [39m[90many invoice contains items for each utility type with consumption @ repetition 54 of 100[39m[90m                    [39m [90m0.14s[39m  
  [31;1m⨯[39;22m[90m [39m[90many invoice contains items for each utility type with consumption @ repetition 55 of 100[39m[90m                    [39m [90m0.13s[39m  
  [31;1m⨯[39;22m[90m [39m[90many invoice contains items for each utility type with consumption @ repetition 56 of 100[39m[90m                    [39m [90m0.24s[39m  
  [31;1m⨯[39;22m[90m [39m[90many invoice contains items for each utility type with consumption @ repetition 57 of 100[39m[90m                    [39m [90m0.15s[39m  
  [31;1m⨯[39;22m[90m [39m[90many invoice contains items for each utility type with consumption @ repetition 58 of 100[39m[90m                    [39m [90m0.15s[39m  
  [31;1m⨯[39;22m[90m [39m[90many invoice contains items for each utility type with consumption @ repetition 59 of 100[39m[90m                    [39m [90m0.13s[39m  
  [31;1m⨯[39;22m[90m [39m[90many invoice contains items for each utility type with consumption @ repetition 60 of 100[39m[90m                    [39m [90m0.16s[39m  
  [31;1m⨯[39;22m[90m [39m[90many invoice contains items for each utility type with consumption @ repetition 61 of 100[39m[90m                    [39m [90m0.15s[39m  
  [31;1m⨯[39;22m[90m [39m[90many invoice contains items for each utility type with consumption @ repetition 62 of 100[39m[90m                    [39m [90m0.26s[39m  
  [31;1m⨯[39;22m[90m [39m[90many invoice contains items for each utility type with consumption @ repetition 63 of 100[39m[90m                    [39m [90m0.14s[39m  
  [31;1m⨯[39;22m[90m [39m[90many invoice contains items for each utility type with consumption @ repetition 64 of 100[39m[90m                    [39m [90m0.15s[39m  
  [31;1m⨯[39;22m[90m [39m[90many invoice contains items for each utility type with consumption @ repetition 65 of 100[39m[90m                    [39m [90m0.12s[39m  
  [31;1m⨯[39;22m[90m [39m[90many invoice contains items for each utility type with consumption @ repetition 66 of 100[39m[90m                    [39m [90m0.14s[39m  
  [31;1m⨯[39;22m[90m [39m[90many invoice contains items for each utility type with consumption @ repetition 67 of 100[39m[90m                    [39m [90m0.13s[39m  
  [31;1m⨯[39;22m[90m [39m[90many invoice contains items for each utility type with consumption @ repetition 68 of 100[39m[90m                    [39m [90m0.23s[39m  
  [31;1m⨯[39;22m[90m [39m[90many invoice contains items for each utility type with consumption @ repetition 69 of 100[39m[90m                    [39m [90m0.16s[39m  
  [31;1m⨯[39;22m[90m [39m[90many invoice contains items for each utility type with consumption @ repetition 70 of 100[39m[90m                    [39m [90m0.16s[39m  
  [31;1m⨯[39;22m[90m [39m[90many invoice contains items for each utility type with consumption @ repetition 71 of 100[39m[90m                    [39m [90m0.15s[39m  
  [31;1m⨯[39;22m[90m [39m[90many invoice contains items for each utility type with consumption @ repetition 72 of 100[39m[90m                    [39m [90m0.17s[39m  
  [31;1m⨯[39;22m[90m [39m[90many invoice contains items for each utility type with consumption @ repetition 73 of 100[39m[90m                    [39m [90m0.11s[39m  
  [31;1m⨯[39;22m[90m [39m[90many invoice contains items for each utility type with consumption @ repetition 74 of 100[39m[90m                    [39m [90m0.21s[39m  
  [31;1m⨯[39;22m[90m [39m[90many invoice contains items for each utility type with consumption @ repetition 75 of 100[39m[90m                    [39m [90m0.15s[39m  
  [31;1m⨯[39;22m[90m [39m[90many invoice contains items for each utility type with consumption @ repetition 76 of 100[39m[90m                    [39m [90m0.14s[39m  
  [31;1m⨯[39;22m[90m [39m[90many invoice contains items for each utility type with consumption @ repetition 77 of 100[39m[90m                    [39m [90m0.14s[39m  
  [31;1m⨯[39;22m[90m [39m[90many invoice contains items for each utility type with consumption @ repetition 78 of 100[39m[90m                    [39m [90m0.15s[39m  
  [31;1m⨯[39;22m[90m [39m[90many invoice contains items for each utility type with consumption @ repetition 79 of 100[39m[90m                    [39m [90m0.14s[39m  
  [31;1m⨯[39;22m[90m [39m[90many invoice contains items for each utility type with consumption @ repetition 80 of 100[39m[90m                    [39m [90m0.22s[39m  
  [31;1m⨯[39;22m[90m [39m[90many invoice contains items for each utility type with consumption @ repetition 81 of 100[39m[90m                    [39m [90m0.14s[39m  
  [31;1m⨯[39;22m[90m [39m[90many invoice contains items for each utility type with consumption @ repetition 82 of 100[39m[90m                    [39m [90m0.15s[39m  
  [31;1m⨯[39;22m[90m [39m[90many invoice contains items for each utility type with consumption @ repetition 83 of 100[39m[90m                    [39m [90m0.14s[39m  
  [31;1m⨯[39;22m[90m [39m[90many invoice contains items for each utility type with consumption @ repetition 84 of 100[39m[90m                    [39m [90m0.15s[39m  
  [31;1m⨯[39;22m[90m [39m[90many invoice contains items for each utility type with consumption @ repetition 85 of 100[39m[90m                    [39m [90m0.15s[39m  
  [31;1m⨯[39;22m[90m [39m[90many invoice contains items for each utility type with consumption @ repetition 86 of 100[39m[90m                    [39m [90m0.12s[39m  
  [31;1m⨯[39;22m[90m [39m[90many invoice contains items for each utility type with consumption @ repetition 87 of 100[39m[90m                    [39m [90m0.26s[39m  
  [31;1m⨯[39;22m[90m [39m[90many invoice contains items for each utility type with consumption @ repetition 88 of 100[39m[90m                    [39m [90m0.14s[39m  
  [31;1m⨯[39;22m[90m [39m[90many invoice contains items for each utility type with consumption @ repetition 89 of 100[39m[90m                    [39m [90m0.14s[39m  
  [31;1m⨯[39;22m[90m [39m[90many invoice contains items for each utility type with consumption @ repetition 90 of 100[39m[90m                    [39m [90m0.15s[39m  
  [31;1m⨯[39;22m[90m [39m[90many invoice contains items for each utility type with consumption @ repetition 91 of 100[39m[90m                    [39m [90m0.14s[39m  
  [31;1m⨯[39;22m[90m [39m[90many invoice contains items for each utility type with consumption @ repetition 92 of 100[39m[90m                    [39m [90m0.17s[39m  
  [31;1m⨯[39;22m[90m [39m[90many invoice contains items for each utility type with consumption @ repetition 93 of 100[39m[90m                    [39m [90m0.11s[39m  
  [31;1m⨯[39;22m[90m [39m[90many invoice contains items for each utility type with consumption @ repetition 94 of 100[39m[90m                    [39m [90m0.26s[39m  
  [31;1m⨯[39;22m[90m [39m[90many invoice contains items for each utility type with consumption @ repetition 95 of 100[39m[90m                    [39m [90m0.14s[39m  
  [31;1m⨯[39;22m[90m [39m[90many invoice contains items for each utility type with consumption @ repetition 96 of 100[39m[90m                    [39m [90m0.16s[39m  
  [31;1m⨯[39;22m[90m [39m[90many invoice contains items for each utility type with consumption @ repetition 97 of 100[39m[90m                    [39m [90m0.18s[39m  
  [31;1m⨯[39;22m[90m [39m[90many invoice contains items for each utility type with consumption @ repetition 98 of 100[39m[90m                    [39m [90m0.15s[39m  
  [31;1m⨯[39;22m[90m [39m[90many invoice contains items for each utility type with consumption @ repetition 99 of 100[39m[90m                    [39m [90m0.20s[39m  
  [31;1m⨯[39;22m[90m [39m[90many invoice contains items for each utility type with consumption @ repetition 100 of 100[39m[90m                   [39m [90m0.24s[39m  
  [31;1m⨯[39;22m[90m [39m[90many invoice is calculated from meter readings and tariffs @ repetition 1 of 100[39m[90m                             [39m [90m0.12s[39m  
  [31;1m⨯[39;22m[90m [39m[90many invoice is calculated from meter readings and tariffs @ repetition 2 of 100[39m[90m                             [39m [90m0.15s[39m  
  [31;1m⨯[39;22m[90m [39m[90many invoice is calculated from meter readings and tariffs @ repetition 3 of 100[39m[90m                             [39m [90m0.15s[39m  
  [31;1m⨯[39;22m[90m [39m[90many invoice is calculated from meter readings and tariffs @ repetition 4 of 100[39m[90m                             [39m [90m0.14s[39m  
  [31;1m⨯[39;22m[90m [39m[90many invoice is calculated from meter readings and tariffs @ repetition 5 of 100[39m[90m                             [39m [90m0.15s[39m  
  [31;1m⨯[39;22m[90m [39m[90many invoice is calculated from meter readings and tariffs @ repetition 6 of 100[39m[90m                             [39m [90m0.23s[39m  
  [31;1m⨯[39;22m[90m [39m[90many invoice is calculated from meter readings and tariffs @ repetition 7 of 100[39m[90m                             [39m [90m0.15s[39m  
  [31;1m⨯[39;22m[90m [39m[90many invoice is calculated from meter readings and tariffs @ repetition 8 of 100[39m[90m                             [39m [90m0.20s[39m  
  [31;1m⨯[39;22m[90m [39m[90many invoice is calculated from meter readings and tariffs @ repetition 9 of 100[39m[90m                             [39m [90m0.17s[39m  
  [31;1m⨯[39;22m[90m [39m[90many invoice is calculated from meter readings and tariffs @ repetition 10 of 100[39m[90m                            [39m [90m0.15s[39m  
  [31;1m⨯[39;22m[90m [39m[90many invoice is calculated from meter readings and tariffs @ repetition 11 of 100[39m[90m                            [39m [90m0.17s[39m  
  [31;1m⨯[39;22m[90m [39m[90many invoice is calculated from meter readings and tariffs @ repetition 12 of 100[39m[90m                            [39m [90m0.13s[39m  
  [31;1m⨯[39;22m[90m [39m[90many invoice is calculated from meter readings and tariffs @ repetition 13 of 100[39m[90m                            [39m [90m0.22s[39m  
  [31;1m⨯[39;22m[90m [39m[90many invoice is calculated from meter readings and tariffs @ repetition 14 of 100[39m[90m                            [39m [90m0.17s[39m  
  [31;1m⨯[39;22m[90m [39m[90many invoice is calculated from meter readings and tariffs @ repetition 15 of 100[39m[90m                            [39m [90m0.12s[39m  
  [31;1m⨯[39;22m[90m [39m[90many invoice is calculated from meter readings and tariffs @ repetition 16 of 100[39m[90m                            [39m [90m0.12s[39m  
  [31;1m⨯[39;22m[90m [39m[90many invoice is calculated from meter readings and tariffs @ repetition 17 of 100[39m[90m                            [39m [90m0.17s[39m  
  [31;1m⨯[39;22m[90m [39m[90many invoice is calculated from meter readings and tariffs @ repetition 18 of 100[39m[90m                            [39m [90m0.15s[39m  
  [31;1m⨯[39;22m[90m [39m[90many invoice is calculated from meter readings and tariffs @ repetition 19 of 100[39m[90m                            [39m [90m0.17s[39m  
  [31;1m⨯[39;22m[90m [39m[90many invoice is calculated from meter readings and tariffs @ repetition 20 of 100[39m[90m                            [39m [90m0.29s[39m  
  [31;1m⨯[39;22m[90m [39m[90many invoice is calculated from meter readings and tariffs @ repetition 21 of 100[39m[90m                            [39m [90m0.15s[39m  
  [31;1m⨯[39;22m[90m [39m[90many invoice is calculated from meter readings and tariffs @ repetition 22 of 100[39m[90m                            [39m [90m0.12s[39m  
  [31;1m⨯[39;22m[90m [39m[90many invoice is calculated from meter readings and tariffs @ repetition 23 of 100[39m[90m                            [39m [90m0.15s[39m  
  [31;1m⨯[39;22m[90m [39m[90many invoice is calculated from meter readings and tariffs @ repetition 24 of 100[39m[90m                            [39m [90m0.17s[39m  
  [31;1m⨯[39;22m[90m [39m[90many invoice is calculated from meter readings and tariffs @ repetition 25 of 100[39m[90m                            [39m [90m0.13s[39m  
  [31;1m⨯[39;22m[90m [39m[90many invoice is calculated from meter readings and tariffs @ repetition 26 of 100[39m[90m                            [39m [90m0.16s[39m  
  [31;1m⨯[39;22m[90m [39m[90many invoice is calculated from meter readings and tariffs @ repetition 27 of 100[39m[90m                            [39m [90m0.31s[39m  
  [31;1m⨯[39;22m[90m [39m[90many invoice is calculated from meter readings and tariffs @ repetition 28 of 100[39m[90m                            [39m [90m0.13s[39m  
  [31;1m⨯[39;22m[90m [39m[90many invoice is calculated from meter readings and tariffs @ repetition 29 of 100[39m[90m                            [39m [90m0.15s[39m  
  [31;1m⨯[39;22m[90m [39m[90many invoice is calculated from meter readings and tariffs @ repetition 30 of 100[39m[90m                            [39m [90m0.13s[39m  
  [31;1m⨯[39;22m[90m [39m[90many invoice is calculated from meter readings and tariffs @ repetition 31 of 100[39m[90m                            [39m [90m0.11s[39m  
  [31;1m⨯[39;22m[90m [39m[90many invoice is calculated from meter readings and tariffs @ repetition 32 of 100[39m[90m                            [39m [90m0.14s[39m  
  [31;1m⨯[39;22m[90m [39m[90many invoice is calculated from meter readings and tariffs @ repetition 33 of 100[39m[90m                            [39m [90m0.14s[39m  
  [31;1m⨯[39;22m[90m [39m[90many invoice is calculated from meter readings and tariffs @ repetition 34 of 100[39m[90m                            [39m [90m0.25s[39m  
  [31;1m⨯[39;22m[90m [39m[90many invoice is calculated from meter readings and tariffs @ repetition 35 of 100[39m[90m                            [39m [90m0.13s[39m  
  [31;1m⨯[39;22m[90m [39m[90many invoice is calculated from meter readings and tariffs @ repetition 36 of 100[39m[90m                            [39m [90m0.14s[39m  
  [31;1m⨯[39;22m[90m [39m[90many invoice is calculated from meter readings and tariffs @ repetition 37 of 100[39m[90m                            [39m [90m0.18s[39m  
  [31;1m⨯[39;22m[90m [39m[90many invoice is calculated from meter readings and tariffs @ repetition 38 of 100[39m[90m                            [39m [90m0.12s[39m  
  [31;1m⨯[39;22m[90m [39m[90many invoice is calculated from meter readings and tariffs @ repetition 39 of 100[39m[90m                            [39m [90m0.14s[39m  
  [31;1m⨯[39;22m[90m [39m[90many invoice is calculated from meter readings and tariffs @ repetition 40 of 100[39m[90m                            [39m [90m0.12s[39m  
  [31;1m⨯[39;22m[90m [39m[90many invoice is calculated from meter readings and tariffs @ repetition 41 of 100[39m[90m                            [39m [90m0.24s[39m  
  [31;1m⨯[39;22m[90m [39m[90many invoice is calculated from meter readings and tariffs @ repetition 42 of 100[39m[90m                            [39m [90m0.13s[39m  
  [31;1m⨯[39;22m[90m [39m[90many invoice is calculated from meter readings and tariffs @ repetition 43 of 100[39m[90m                            [39m [90m0.16s[39m  
  [31;1m⨯[39;22m[90m [39m[90many invoice is calculated from meter readings and tariffs @ repetition 44 of 100[39m[90m                            [39m [90m0.12s[39m  
  [31;1m⨯[39;22m[90m [39m[90many invoice is calculated from meter readings and tariffs @ repetition 45 of 100[39m[90m                            [39m [90m0.16s[39m  
  [31;1m⨯[39;22m[90m [39m[90many invoice is calculated from meter readings and tariffs @ repetition 46 of 100[39m[90m                            [39m [90m0.15s[39m  
  [31;1m⨯[39;22m[90m [39m[90many invoice is calculated from meter readings and tariffs @ repetition 47 of 100[39m[90m                            [39m [90m0.13s[39m  
  [31;1m⨯[39;22m[90m [39m[90many invoice is calculated from meter readings and tariffs @ repetition 48 of 100[39m[90m                            [39m [90m0.27s[39m  
  [31;1m⨯[39;22m[90m [39m[90many invoice is calculated from meter readings and tariffs @ repetition 49 of 100[39m[90m                            [39m [90m0.11s[39m  
  [31;1m⨯[39;22m[90m [39m[90many invoice is calculated from meter readings and tariffs @ repetition 50 of 100[39m[90m                            [39m [90m0.12s[39m  
  [31;1m⨯[39;22m[90m [39m[90many invoice is calculated from meter readings and tariffs @ repetition 51 of 100[39m[90m                            [39m [90m0.12s[39m  
  [31;1m⨯[39;22m[90m [39m[90many invoice is calculated from meter readings and tariffs @ repetition 52 of 100[39m[90m                            [39m [90m0.15s[39m  
  [31;1m⨯[39;22m[90m [39m[90many invoice is calculated from meter readings and tariffs @ repetition 53 of 100[39m[90m                            [39m [90m0.16s[39m  
  [31;1m⨯[39;22m[90m [39m[90many invoice is calculated from meter readings and tariffs @ repetition 54 of 100[39m[90m                            [39m [90m0.12s[39m  
  [31;1m⨯[39;22m[90m [39m[90many invoice is calculated from meter readings and tariffs @ repetition 55 of 100[39m[90m                            [39m [90m0.25s[39m  
  [31;1m⨯[39;22m[90m [39m[90many invoice is calculated from meter readings and tariffs @ repetition 56 of 100[39m[90m                            [39m [90m0.21s[39m  
  [31;1m⨯[39;22m[90m [39m[90many invoice is calculated from meter readings and tariffs @ repetition 57 of 100[39m[90m                            [39m [90m0.12s[39m  
  [31;1m⨯[39;22m[90m [39m[90many invoice is calculated from meter readings and tariffs @ repetition 58 of 100[39m[90m                            [39m [90m0.15s[39m  
  [31;1m⨯[39;22m[90m [39m[90many invoice is calculated from meter readings and tariffs @ repetition 59 of 100[39m[90m                            [39m [90m0.15s[39m  
  [31;1m⨯[39;22m[90m [39m[90many invoice is calculated from meter readings and tariffs @ repetition 60 of 100[39m[90m                            [39m [90m0.15s[39m  
  [31;1m⨯[39;22m[90m [39m[90many invoice is calculated from meter readings and tariffs @ repetition 61 of 100[39m[90m                            [39m [90m0.11s[39m  
  [31;1m⨯[39;22m[90m [39m[90many invoice is calculated from meter readings and tariffs @ repetition 62 of 100[39m[90m                            [39m [90m0.28s[39m  
  [31;1m⨯[39;22m[90m [39m[90many invoice is calculated from meter readings and tariffs @ repetition 63 of 100[39m[90m                            [39m [90m0.13s[39m  
  [31;1m⨯[39;22m[90m [39m[90many invoice is calculated from meter readings and tariffs @ repetition 64 of 100[39m[90m                            [39m [90m0.13s[39m  
  [31;1m⨯[39;22m[90m [39m[90many invoice is calculated from meter readings and tariffs @ repetition 65 of 100[39m[90m                            [39m [90m0.18s[39m  
  [31;1m⨯[39;22m[90m [39m[90many invoice is calculated from meter readings and tariffs @ repetition 66 of 100[39m[90m                            [39m [90m0.13s[39m  
  [31;1m⨯[39;22m[90m [39m[90many invoice is calculated from meter readings and tariffs @ repetition 67 of 100[39m[90m                            [39m [90m0.18s[39m  
  [31;1m⨯[39;22m[90m [39m[90many invoice is calculated from meter readings and tariffs @ repetition 68 of 100[39m[90m                            [39m [90m0.13s[39m  
  [31;1m⨯[39;22m[90m [39m[90many invoice is calculated from meter readings and tariffs @ repetition 69 of 100[39m[90m                            [39m [90m0.26s[39m  
  [31;1m⨯[39;22m[90m [39m[90many invoice is calculated from meter readings and tariffs @ repetition 70 of 100[39m[90m                            [39m [90m0.13s[39m  
  [31;1m⨯[39;22m[90m [39m[90many invoice is calculated from meter readings and tariffs @ repetition 71 of 100[39m[90m                            [39m [90m0.15s[39m  
  [31;1m⨯[39;22m[90m [39m[90many invoice is calculated from meter readings and tariffs @ repetition 72 of 100[39m[90m                            [39m [90m0.20s[39m  
  [31;1m⨯[39;22m[90m [39m[90many invoice is calculated from meter readings and tariffs @ repetition 73 of 100[39m[90m                            [39m [90m0.13s[39m  
  [31;1m⨯[39;22m[90m [39m[90many invoice is calculated from meter readings and tariffs @ repetition 74 of 100[39m[90m                            [39m [90m0.20s[39m  
  [31;1m⨯[39;22m[90m [39m[90many invoice is calculated from meter readings and tariffs @ repetition 75 of 100[39m[90m                            [39m [90m0.14s[39m  
  [31;1m⨯[39;22m[90m [39m[90many invoice is calculated from meter readings and tariffs @ repetition 76 of 100[39m[90m                            [39m [90m0.26s[39m  
  [31;1m⨯[39;22m[90m [39m[90many invoice is calculated from meter readings and tariffs @ repetition 77 of 100[39m[90m                            [39m [90m0.16s[39m  
  [31;1m⨯[39;22m[90m [39m[90many invoice is calculated from meter readings and tariffs @ repetition 78 of 100[39m[90m                            [39m [90m0.18s[39m  
  [31;1m⨯[39;22m[90m [39m[90many invoice is calculated from meter readings and tariffs @ repetition 79 of 100[39m[90m                            [39m [90m0.16s[39m  
  [31;1m⨯[39;22m[90m [39m[90many invoice is calculated from meter readings and tariffs @ repetition 80 of 100[39m[90m                            [39m [90m0.12s[39m  
  [31;1m⨯[39;22m[90m [39m[90many invoice is calculated from meter readings and tariffs @ repetition 81 of 100[39m[90m                            [39m [90m0.12s[39m  
  [31;1m⨯[39;22m[90m [39m[90many invoice is calculated from meter readings and tariffs @ repetition 82 of 100[39m[90m                            [39m [90m0.16s[39m  
  [31;1m⨯[39;22m[90m [39m[90many invoice is calculated from meter readings and tariffs @ repetition 83 of 100[39m[90m                            [39m [90m0.24s[39m  
  [31;1m⨯[39;22m[90m [39m[90many invoice is calculated from meter readings and tariffs @ repetition 84 of 100[39m[90m                            [39m [90m0.17s[39m  
  [31;1m⨯[39;22m[90m [39m[90many invoice is calculated from meter readings and tariffs @ repetition 85 of 100[39m[90m                            [39m [90m0.13s[39m  
  [31;1m⨯[39;22m[90m [39m[90many invoice is calculated from meter readings and tariffs @ repetition 86 of 100[39m[90m                            [39m [90m0.15s[39m  
  [31;1m⨯[39;22m[90m [39m[90many invoice is calculated from meter readings and tariffs @ repetition 87 of 100[39m[90m                            [39m [90m0.14s[39m  
  [31;1m⨯[39;22m[90m [39m[90many invoice is calculated from meter readings and tariffs @ repetition 88 of 100[39m[90m                            [39m [90m0.18s[39m  
  [31;1m⨯[39;22m[90m [39m[90many invoice is calculated from meter readings and tariffs @ repetition 89 of 100[39m[90m                            [39m [90m0.12s[39m  
  [31;1m⨯[39;22m[90m [39m[90many invoice is calculated from meter readings and tariffs @ repetition 90 of 100[39m[90m                            [39m [90m0.20s[39m  
  [31;1m⨯[39;22m[90m [39m[90many invoice is calculated from meter readings and tariffs @ repetition 91 of 100[39m[90m                            [39m [90m0.11s[39m  
  [31;1m⨯[39;22m[90m [39m[90many invoice is calculated from meter readings and tariffs @ repetition 92 of 100[39m[90m                            [39m [90m0.15s[39m  
  [31;1m⨯[39;22m[90m [39m[90many invoice is calculated from meter readings and tariffs @ repetition 93 of 100[39m[90m                            [39m [90m0.15s[39m  
  [31;1m⨯[39;22m[90m [39m[90many invoice is calculated from meter readings and tariffs @ repetition 94 of 100[39m[90m                            [39m [90m0.13s[39m  
  [31;1m⨯[39;22m[90m [39m[90many invoice is calculated from meter readings and tariffs @ repetition 95 of 100[39m[90m                            [39m [90m0.15s[39m  
  [31;1m⨯[39;22m[90m [39m[90many invoice is calculated from meter readings and tariffs @ repetition 96 of 100[39m[90m                            [39m [90m0.12s[39m  
  [31;1m⨯[39;22m[90m [39m[90many invoice is calculated from meter readings and tariffs @ repetition 97 of 100[39m[90m                            [39m [90m0.24s[39m  
  [31;1m⨯[39;22m[90m [39m[90many invoice is calculated from meter readings and tariffs @ repetition 98 of 100[39m[90m                            [39m [90m0.16s[39m  
  [31;1m⨯[39;22m[90m [39m[90many invoice is calculated from meter readings and tariffs @ repetition 99 of 100[39m[90m                            [39m [90m0.13s[39m  
  [31;1m⨯[39;22m[90m [39m[90many invoice is calculated from meter readings and tariffs @ repetition 100 of 100[39m[90m                           [39m [90m0.12s[39m  
  [31;1m⨯[39;22m[90m [39m[90many invoice items contain snapshotted tariff rates @ repetition 1 of 100[39m[90m                                    [39m [90m0.12s[39m  
  [31;1m⨯[39;22m[90m [39m[90many invoice items contain snapshotted tariff rates @ repetition 2 of 100[39m[90m                                    [39m [90m0.14s[39m  
  [31;1m⨯[39;22m[90m [39m[90many invoice items contain snapshotted tariff rates @ repetition 3 of 100[39m[90m                                    [39m [90m0.25s[39m  
  [31;1m⨯[39;22m[90m [39m[90many invoice items contain snapshotted tariff rates @ repetition 4 of 100[39m[90m                                    [39m [90m0.19s[39m  
  [31;1m⨯[39;22m[90m [39m[90many invoice items contain snapshotted tariff rates @ repetition 5 of 100[39m[90m                                    [39m [90m0.15s[39m  
  [31;1m⨯[39;22m[90m [39m[90many invoice items contain snapshotted tariff rates @ repetition 6 of 100[39m[90m                                    [39m [90m0.12s[39m  
  [31;1m⨯[39;22m[90m [39m[90many invoice items contain snapshotted tariff rates @ repetition 7 of 100[39m[90m                                    [39m [90m0.15s[39m  
  [31;1m⨯[39;22m[90m [39m[90many invoice items contain snapshotted tariff rates @ repetition 8 of 100[39m[90m                                    [39m [90m0.13s[39m  
  [31;1m⨯[39;22m[90m [39m[90many invoice items contain snapshotted tariff rates @ repetition 9 of 100[39m[90m                                    [39m [90m0.19s[39m  
  [31;1m⨯[39;22m[90m [39m[90many invoice items contain snapshotted tariff rates @ repetition 10 of 100[39m[90m                                   [39m [90m0.22s[39m  
  [31;1m⨯[39;22m[90m [39m[90many invoice items contain snapshotted tariff rates @ repetition 11 of 100[39m[90m                                   [39m [90m0.15s[39m  
  [31;1m⨯[39;22m[90m [39m[90many invoice items contain snapshotted tariff rates @ repetition 12 of 100[39m[90m                                   [39m [90m0.14s[39m  
  [31;1m⨯[39;22m[90m [39m[90many invoice items contain snapshotted tariff rates @ repetition 13 of 100[39m[90m                                   [39m [90m0.13s[39m  
  [31;1m⨯[39;22m[90m [39m[90many invoice items contain snapshotted tariff rates @ repetition 14 of 100[39m[90m                                   [39m [90m0.13s[39m  
  [31;1m⨯[39;22m[90m [39m[90many invoice items contain snapshotted tariff rates @ repetition 15 of 100[39m[90m                                   [39m [90m0.13s[39m  
  [31;1m⨯[39;22m[90m [39m[90many invoice items contain snapshotted tariff rates @ repetition 16 of 100[39m[90m                                   [39m [90m0.14s[39m  
  [31;1m⨯[39;22m[90m [39m[90many invoice items contain snapshotted tariff rates @ repetition 17 of 100[39m[90m                                   [39m [90m0.26s[39m  
  [31;1m⨯[39;22m[90m [39m[90many invoice items contain snapshotted tariff rates @ repetition 18 of 100[39m[90m                                   [39m [90m0.11s[39m  
  [31;1m⨯[39;22m[90m [39m[90many invoice items contain snapshotted tariff rates @ repetition 19 of 100[39m[90m                                   [39m [90m0.13s[39m  
  [31;1m⨯[39;22m[90m [39m[90many invoice items contain snapshotted tariff rates @ repetition 20 of 100[39m[90m                                   [39m [90m0.15s[39m  
  [31;1m⨯[39;22m[90m [39m[90many invoice items contain snapshotted tariff rates @ repetition 21 of 100[39m[90m                                   [39m [90m0.14s[39m  
  [31;1m⨯[39;22m[90m [39m[90many invoice items contain snapshotted tariff rates @ repetition 22 of 100[39m[90m                                   [39m [90m0.15s[39m  
  [31;1m⨯[39;22m[90m [39m[90many invoice items contain snapshotted tariff rates @ repetition 23 of 100[39m[90m                                   [39m [90m0.12s[39m  
  [31;1m⨯[39;22m[90m [39m[90many invoice items contain snapshotted tariff rates @ repetition 24 of 100[39m[90m                                   [39m [90m0.28s[39m  
  [31;1m⨯[39;22m[90m [39m[90many invoice items contain snapshotted tariff rates @ repetition 25 of 100[39m[90m                                   [39m [90m0.16s[39m  
  [31;1m⨯[39;22m[90m [39m[90many invoice items contain snapshotted tariff rates @ repetition 26 of 100[39m[90m                                   [39m [90m0.17s[39m  
  [31;1m⨯[39;22m[90m [39m[90many invoice items contain snapshotted tariff rates @ repetition 27 of 100[39m[90m                                   [39m [90m0.16s[39m  
  [31;1m⨯[39;22m[90m [39m[90many invoice items contain snapshotted tariff rates @ repetition 28 of 100[39m[90m                                   [39m [90m0.12s[39m  
  [31;1m⨯[39;22m[90m [39m[90many invoice items contain snapshotted tariff rates @ repetition 29 of 100[39m[90m                                   [39m [90m0.13s[39m  
  [31;1m⨯[39;22m[90m [39m[90many invoice items contain snapshotted tariff rates @ repetition 30 of 100[39m[90m                                   [39m [90m0.13s[39m  
  [31;1m⨯[39;22m[90m [39m[90many invoice items contain snapshotted tariff rates @ repetition 31 of 100[39m[90m                                   [39m [90m0.25s[39m  
  [31;1m⨯[39;22m[90m [39m[90many invoice items contain snapshotted tariff rates @ repetition 32 of 100[39m[90m                                   [39m [90m0.15s[39m  
  [31;1m⨯[39;22m[90m [39m[90many invoice items contain snapshotted tariff rates @ repetition 33 of 100[39m[90m                                   [39m [90m0.12s[39m  
  [31;1m⨯[39;22m[90m [39m[90many invoice items contain snapshotted tariff rates @ repetition 34 of 100[39m[90m                                   [39m [90m0.13s[39m  
  [31;1m⨯[39;22m[90m [39m[90many invoice items contain snapshotted tariff rates @ repetition 35 of 100[39m[90m                                   [39m [90m0.18s[39m  
  [31;1m⨯[39;22m[90m [39m[90many invoice items contain snapshotted tariff rates @ repetition 36 of 100[39m[90m                                   [39m [90m0.16s[39m  
  [31;1m⨯[39;22m[90m [39m[90many invoice items contain snapshotted tariff rates @ repetition 37 of 100[39m[90m                                   [39m [90m0.13s[39m  
  [31;1m⨯[39;22m[90m [39m[90many invoice items contain snapshotted tariff rates @ repetition 38 of 100[39m[90m                                   [39m [90m0.28s[39m  
  [31;1m⨯[39;22m[90m [39m[90many invoice items contain snapshotted tariff rates @ repetition 39 of 100[39m[90m                                   [39m [90m0.16s[39m  
  [31;1m⨯[39;22m[90m [39m[90many invoice items contain snapshotted tariff rates @ repetition 40 of 100[39m[90m                                   [39m [90m0.13s[39m  
  [31;1m⨯[39;22m[90m [39m[90many invoice items contain snapshotted tariff rates @ repetition 41 of 100[39m[90m                                   [39m [90m0.17s[39m  
  [31;1m⨯[39;22m[90m [39m[90many invoice items contain snapshotted tariff rates @ repetition 42 of 100[39m[90m                                   [39m [90m0.15s[39m  
  [31;1m⨯[39;22m[90m [39m[90many invoice items contain snapshotted tariff rates @ repetition 43 of 100[39m[90m                                   [39m [90m0.19s[39m  
  [31;1m⨯[39;22m[90m [39m[90many invoice items contain snapshotted tariff rates @ repetition 44 of 100[39m[90m                                   [39m [90m0.19s[39m  
  [31;1m⨯[39;22m[90m [39m[90many invoice items contain snapshotted tariff rates @ repetition 45 of 100[39m[90m                                   [39m [90m0.22s[39m  
  [31;1m⨯[39;22m[90m [39m[90many invoice items contain snapshotted tariff rates @ repetition 46 of 100[39m[90m                                   [39m [90m0.14s[39m  
  [31;1m⨯[39;22m[90m [39m[90many invoice items contain snapshotted tariff rates @ repetition 47 of 100[39m[90m                                   [39m [90m0.18s[39m  
  [31;1m⨯[39;22m[90m [39m[90many invoice items contain snapshotted tariff rates @ repetition 48 of 100[39m[90m                                   [39m [90m0.15s[39m  
  [31;1m⨯[39;22m[90m [39m[90many invoice items contain snapshotted tariff rates @ repetition 49 of 100[39m[90m                                   [39m [90m0.14s[39m  
  [31;1m⨯[39;22m[90m [39m[90many invoice items contain snapshotted tariff rates @ repetition 50 of 100[39m[90m                                   [39m [90m0.20s[39m  
  [31;1m⨯[39;22m[90m [39m[90many invoice items contain snapshotted tariff rates @ repetition 51 of 100[39m[90m                                   [39m [90m0.12s[39m  
  [31;1m⨯[39;22m[90m [39m[90many invoice items contain snapshotted tariff rates @ repetition 52 of 100[39m[90m                                   [39m [90m0.25s[39m  
  [31;1m⨯[39;22m[90m [39m[90many invoice items contain snapshotted tariff rates @ repetition 53 of 100[39m[90m                                   [39m [90m0.18s[39m  
  [31;1m⨯[39;22m[90m [39m[90many invoice items contain snapshotted tariff rates @ repetition 54 of 100[39m[90m                                   [39m [90m0.18s[39m  
  [31;1m⨯[39;22m[90m [39m[90many invoice items contain snapshotted tariff rates @ repetition 55 of 100[39m[90m                                   [39m [90m0.19s[39m  
  [31;1m⨯[39;22m[90m [39m[90many invoice items contain snapshotted tariff rates @ repetition 56 of 100[39m[90m                                   [39m [90m0.17s[39m  
  [31;1m⨯[39;22m[90m [39m[90many invoice items contain snapshotted tariff rates @ repetition 57 of 100[39m[90m                                   [39m [90m0.11s[39m  
  [31;1m⨯[39;22m[90m [39m[90many invoice items contain snapshotted tariff rates @ repetition 58 of 100[39m[90m                                   [39m [90m0.16s[39m  
  [31;1m⨯[39;22m[90m [39m[90many invoice items contain snapshotted tariff rates @ repetition 59 of 100[39m[90m                                   [39m [90m0.28s[39m  
  [31;1m⨯[39;22m[90m [39m[90many invoice items contain snapshotted tariff rates @ repetition 60 of 100[39m[90m                                   [39m [90m0.14s[39m  
  [31;1m⨯[39;22m[90m [39m[90many invoice items contain snapshotted tariff rates @ repetition 61 of 100[39m[90m                                   [39m [90m0.17s[39m  
  [31;1m⨯[39;22m[90m [39m[90many invoice items contain snapshotted tariff rates @ repetition 62 of 100[39m[90m                                   [39m [90m0.21s[39m  
  [31;1m⨯[39;22m[90m [39m[90many invoice items contain snapshotted tariff rates @ repetition 63 of 100[39m[90m                                   [39m [90m0.13s[39m  
  [31;1m⨯[39;22m[90m [39m[90many invoice items contain snapshotted tariff rates @ repetition 64 of 100[39m[90m                                   [39m [90m0.16s[39m  
  [31;1m⨯[39;22m[90m [39m[90many invoice items contain snapshotted tariff rates @ repetition 65 of 100[39m[90m                                   [39m [90m0.19s[39m  
  [31;1m⨯[39;22m[90m [39m[90many invoice items contain snapshotted tariff rates @ repetition 66 of 100[39m[90m                                   [39m [90m0.27s[39m  
  [31;1m⨯[39;22m[90m [39m[90many invoice items contain snapshotted tariff rates @ repetition 67 of 100[39m[90m                                   [39m [90m0.15s[39m  
  [31;1m⨯[39;22m[90m [39m[90many invoice items contain snapshotted tariff rates @ repetition 68 of 100[39m[90m                                   [39m [90m0.15s[39m  
  [31;1m⨯[39;22m[90m [39m[90many invoice items contain snapshotted tariff rates @ repetition 69 of 100[39m[90m                                   [39m [90m0.18s[39m  
  [31;1m⨯[39;22m[90m [39m[90many invoice items contain snapshotted tariff rates @ repetition 70 of 100[39m[90m                                   [39m [90m0.18s[39m  
  [31;1m⨯[39;22m[90m [39m[90many invoice items contain snapshotted tariff rates @ repetition 71 of 100[39m[90m                                   [39m [90m0.17s[39m  
  [31;1m⨯[39;22m[90m [39m[90many invoice items contain snapshotted tariff rates @ repetition 72 of 100[39m[90m                                   [39m [90m0.14s[39m  
  [31;1m⨯[39;22m[90m [39m[90many invoice items contain snapshotted tariff rates @ repetition 73 of 100[39m[90m                                   [39m [90m0.29s[39m  
  [31;1m⨯[39;22m[90m [39m[90many invoice items contain snapshotted tariff rates @ repetition 74 of 100[39m[90m                                   [39m [90m0.15s[39m  
  [31;1m⨯[39;22m[90m [39m[90many invoice items contain snapshotted tariff rates @ repetition 75 of 100[39m[90m                                   [39m [90m0.14s[39m  
  [31;1m⨯[39;22m[90m [39m[90many invoice items contain snapshotted tariff rates @ repetition 76 of 100[39m[90m                                   [39m [90m0.17s[39m  
  [31;1m⨯[39;22m[90m [39m[90many invoice items contain snapshotted tariff rates @ repetition 77 of 100[39m[90m                                   [39m [90m0.16s[39m  
  [31;1m⨯[39;22m[90m [39m[90many invoice items contain snapshotted tariff rates @ repetition 78 of 100[39m[90m                                   [39m [90m0.16s[39m  
  [31;1m⨯[39;22m[90m [39m[90many invoice items contain snapshotted tariff rates @ repetition 79 of 100[39m[90m                                   [39m [90m0.13s[39m  
  [31;1m⨯[39;22m[90m [39m[90many invoice items contain snapshotted tariff rates @ repetition 80 of 100[39m[90m                                   [39m [90m0.29s[39m  
  [31;1m⨯[39;22m[90m [39m[90many invoice items contain snapshotted tariff rates @ repetition 81 of 100[39m[90m                                   [39m [90m0.19s[39m  
  [31;1m⨯[39;22m[90m [39m[90many invoice items contain snapshotted tariff rates @ repetition 82 of 100[39m[90m                                   [39m [90m0.13s[39m  
  [31;1m⨯[39;22m[90m [39m[90many invoice items contain snapshotted tariff rates @ repetition 83 of 100[39m[90m                                   [39m [90m0.13s[39m  
  [31;1m⨯[39;22m[90m [39m[90many invoice items contain snapshotted tariff rates @ repetition 84 of 100[39m[90m                                   [39m [90m0.13s[39m  
  [31;1m⨯[39;22m[90m [39m[90many invoice items contain snapshotted tariff rates @ repetition 85 of 100[39m[90m                                   [39m [90m0.17s[39m  
  [31;1m⨯[39;22m[90m [39m[90many invoice items contain snapshotted tariff rates @ repetition 86 of 100[39m[90m                                   [39m [90m0.16s[39m  
  [31;1m⨯[39;22m[90m [39m[90many invoice items contain snapshotted tariff rates @ repetition 87 of 100[39m[90m                                   [39m [90m0.23s[39m  
  [31;1m⨯[39;22m[90m [39m[90many invoice items contain snapshotted tariff rates @ repetition 88 of 100[39m[90m                                   [39m [90m0.19s[39m  
  [31;1m⨯[39;22m[90m [39m[90many invoice items contain snapshotted tariff rates @ repetition 89 of 100[39m[90m                                   [39m [90m0.18s[39m  
  [31;1m⨯[39;22m[90m [39m[90many invoice items contain snapshotted tariff rates @ repetition 90 of 100[39m[90m                                   [39m [90m0.13s[39m  
  [31;1m⨯[39;22m[90m [39m[90many invoice items contain snapshotted tariff rates @ repetition 91 of 100[39m[90m                                   [39m [90m0.15s[39m  
  [31;1m⨯[39;22m[90m [39m[90many invoice items contain snapshotted tariff rates @ repetition 92 of 100[39m[90m                                   [39m [90m0.15s[39m  
  [31;1m⨯[39;22m[90m [39m[90many invoice items contain snapshotted tariff rates @ repetition 93 of 100[39m[90m                                   [39m [90m0.14s[39m  
  [31;1m⨯[39;22m[90m [39m[90many invoice items contain snapshotted tariff rates @ repetition 94 of 100[39m[90m                                   [39m [90m0.25s[39m  
  [31;1m⨯[39;22m[90m [39m[90many invoice items contain snapshotted tariff rates @ repetition 95 of 100[39m[90m                                   [39m [90m0.17s[39m  
  [31;1m⨯[39;22m[90m [39m[90many invoice items contain snapshotted tariff rates @ repetition 96 of 100[39m[90m                                   [39m [90m0.19s[39m  
  [31;1m⨯[39;22m[90m [39m[90many invoice items contain snapshotted tariff rates @ repetition 97 of 100[39m[90m                                   [39m [90m0.09s[39m  
  [31;1m⨯[39;22m[90m [39m[90many invoice items contain snapshotted tariff rates @ repetition 98 of 100[39m[90m                                   [39m [90m0.11s[39m  
  [31;1m⨯[39;22m[90m [39m[90many invoice items contain snapshotted tariff rates @ repetition 99 of 100[39m[90m                                   [39m [90m0.11s[39m  
  [31;1m⨯[39;22m[90m [39m[90many invoice items contain snapshotted tariff rates @ repetition 100 of 100[39m[90m                                  [39m [90m0.15s[39m  
  [31;1m⨯[39;22m[90m [39m[90many finalized invoice cannot be modified @ repetition 1 of 100[39m[90m                                              [39m [90m0.26s[39m  
  [31;1m⨯[39;22m[90m [39m[90many finalized invoice cannot be modified @ repetition 2 of 100[39m[90m                                              [39m [90m0.15s[39m  
  [31;1m⨯[39;22m[90m [39m[90many finalized invoice cannot be modified @ repetition 3 of 100[39m[90m                                              [39m [90m0.16s[39m  
  [31;1m⨯[39;22m[90m [39m[90many finalized invoice cannot be modified @ repetition 4 of 100[39m[90m                                              [39m [90m0.15s[39m  
  [31;1m⨯[39;22m[90m [39m[90many finalized invoice cannot be modified @ repetition 5 of 100[39m[90m                                              [39m [90m0.18s[39m  
  [31;1m⨯[39;22m[90m [39m[90many finalized invoice cannot be modified @ repetition 6 of 100[39m[90m                                              [39m [90m0.12s[39m  
  [31;1m⨯[39;22m[90m [39m[90many finalized invoice cannot be modified @ repetition 7 of 100[39m[90m                                              [39m [90m0.18s[39m  
  [31;1m⨯[39;22m[90m [39m[90many finalized invoice cannot be modified @ repetition 8 of 100[39m[90m                                              [39m [90m0.21s[39m  
  [31;1m⨯[39;22m[90m [39m[90many finalized invoice cannot be modified @ repetition 9 of 100[39m[90m                                              [39m [90m0.17s[39m  
  [31;1m⨯[39;22m[90m [39m[90many finalized invoice cannot be modified @ repetition 10 of 100[39m[90m                                             [39m [90m0.15s[39m  
  [31;1m⨯[39;22m[90m [39m[90many finalized invoice cannot be modified @ repetition 11 of 100[39m[90m                                             [39m [90m0.18s[39m  
  [31;1m⨯[39;22m[90m [39m[90many finalized invoice cannot be modified @ repetition 12 of 100[39m[90m                                             [39m [90m0.20s[39m  
  [31;1m⨯[39;22m[90m [39m[90many finalized invoice cannot be modified @ repetition 13 of 100[39m[90m                                             [39m [90m0.14s[39m  
  [31;1m⨯[39;22m[90m [39m[90many finalized invoice cannot be modified @ repetition 14 of 100[39m[90m                                             [39m [90m0.14s[39m  
  [31;1m⨯[39;22m[90m [39m[90many finalized invoice cannot be modified @ repetition 15 of 100[39m[90m                                             [39m [90m0.25s[39m  
  [31;1m⨯[39;22m[90m [39m[90many finalized invoice cannot be modified @ repetition 16 of 100[39m[90m                                             [39m [90m0.16s[39m  
  [31;1m⨯[39;22m[90m [39m[90many finalized invoice cannot be modified @ repetition 17 of 100[39m[90m                                             [39m [90m0.14s[39m  
  [31;1m⨯[39;22m[90m [39m[90many finalized invoice cannot be modified @ repetition 18 of 100[39m[90m                                             [39m [90m0.18s[39m  
  [31;1m⨯[39;22m[90m [39m[90many finalized invoice cannot be modified @ repetition 19 of 100[39m[90m                                             [39m [90m0.17s[39m  
  [31;1m⨯[39;22m[90m [39m[90many finalized invoice cannot be modified @ repetition 20 of 100[39m[90m                                             [39m [90m0.15s[39m  
  [31;1m⨯[39;22m[90m [39m[90many finalized invoice cannot be modified @ repetition 21 of 100[39m[90m                                             [39m [90m0.14s[39m  
  [31;1m⨯[39;22m[90m [39m[90many finalized invoice cannot be modified @ repetition 22 of 100[39m[90m                                             [39m [90m0.24s[39m  
  [31;1m⨯[39;22m[90m [39m[90many finalized invoice cannot be modified @ repetition 23 of 100[39m[90m                                             [39m [90m0.15s[39m  
  [31;1m⨯[39;22m[90m [39m[90many finalized invoice cannot be modified @ repetition 24 of 100[39m[90m                                             [39m [90m0.16s[39m  
  [31;1m⨯[39;22m[90m [39m[90many finalized invoice cannot be modified @ repetition 25 of 100[39m[90m                                             [39m [90m0.13s[39m  
  [31;1m⨯[39;22m[90m [39m[90many finalized invoice cannot be modified @ repetition 26 of 100[39m[90m                                             [39m [90m0.19s[39m  
  [31;1m⨯[39;22m[90m [39m[90many finalized invoice cannot be modified @ repetition 27 of 100[39m[90m                                             [39m [90m0.15s[39m  
  [31;1m⨯[39;22m[90m [39m[90many finalized invoice cannot be modified @ repetition 28 of 100[39m[90m                                             [39m [90m0.10s[39m  
  [31;1m⨯[39;22m[90m [39m[90many finalized invoice cannot be modified @ repetition 29 of 100[39m[90m                                             [39m [90m0.26s[39m  
  [31;1m⨯[39;22m[90m [39m[90many finalized invoice cannot be modified @ repetition 30 of 100[39m[90m                                             [39m [90m0.19s[39m  
  [31;1m⨯[39;22m[90m [39m[90many finalized invoice cannot be modified @ repetition 31 of 100[39m[90m                                             [39m [90m0.17s[39m  
  [31;1m⨯[39;22m[90m [39m[90many finalized invoice cannot be modified @ repetition 32 of 100[39m[90m                                             [39m [90m0.13s[39m  
  [31;1m⨯[39;22m[90m [39m[90many finalized invoice cannot be modified @ repetition 33 of 100[39m[90m                                             [39m [90m0.17s[39m  
  [31;1m⨯[39;22m[90m [39m[90many finalized invoice cannot be modified @ repetition 34 of 100[39m[90m                                             [39m [90m0.17s[39m  
  [31;1m⨯[39;22m[90m [39m[90many finalized invoice cannot be modified @ repetition 35 of 100[39m[90m                                             [39m [90m0.16s[39m  
  [31;1m⨯[39;22m[90m [39m[90many finalized invoice cannot be modified @ repetition 36 of 100[39m[90m                                             [39m [90m0.22s[39m  
  [31;1m⨯[39;22m[90m [39m[90many finalized invoice cannot be modified @ repetition 37 of 100[39m[90m                                             [39m [90m0.17s[39m  
  [31;1m⨯[39;22m[90m [39m[90many finalized invoice cannot be modified @ repetition 38 of 100[39m[90m                                             [39m [90m0.19s[39m  
  [31;1m⨯[39;22m[90m [39m[90many finalized invoice cannot be modified @ repetition 39 of 100[39m[90m                                             [39m [90m0.10s[39m  
  [31;1m⨯[39;22m[90m [39m[90many finalized invoice cannot be modified @ repetition 40 of 100[39m[90m                                             [39m [90m0.18s[39m  
  [31;1m⨯[39;22m[90m [39m[90many finalized invoice cannot be modified @ repetition 41 of 100[39m[90m                                             [39m [90m0.19s[39m  
  [31;1m⨯[39;22m[90m [39m[90many finalized invoice cannot be modified @ repetition 42 of 100[39m[90m                                             [39m [90m0.16s[39m  
  [31;1m⨯[39;22m[90m [39m[90many finalized invoice cannot be modified @ repetition 43 of 100[39m[90m                                             [39m [90m0.29s[39m  
  [31;1m⨯[39;22m[90m [39m[90many finalized invoice cannot be modified @ repetition 44 of 100[39m[90m                                             [39m [90m0.17s[39m  
  [31;1m⨯[39;22m[90m [39m[90many finalized invoice cannot be modified @ repetition 45 of 100[39m[90m                                             [39m [90m0.18s[39m  
  [31;1m⨯[39;22m[90m [39m[90many finalized invoice cannot be modified @ repetition 46 of 100[39m[90m                                             [39m [90m0.14s[39m  
  [31;1m⨯[39;22m[90m [39m[90many finalized invoice cannot be modified @ repetition 47 of 100[39m[90m                                             [39m [90m0.15s[39m  
  [31;1m⨯[39;22m[90m [39m[90many finalized invoice cannot be modified @ repetition 48 of 100[39m[90m                                             [39m [90m0.15s[39m  
  [31;1m⨯[39;22m[90m [39m[90many finalized invoice cannot be modified @ repetition 49 of 100[39m[90m                                             [39m [90m0.16s[39m  
  [31;1m⨯[39;22m[90m [39m[90many finalized invoice cannot be modified @ repetition 50 of 100[39m[90m                                             [39m [90m0.34s[39m  
  [31;1m⨯[39;22m[90m [39m[90many finalized invoice cannot be modified @ repetition 51 of 100[39m[90m                                             [39m [90m0.14s[39m  
  [31;1m⨯[39;22m[90m [39m[90many finalized invoice cannot be modified @ repetition 52 of 100[39m[90m                                             [39m [90m0.19s[39m  
  [31;1m⨯[39;22m[90m [39m[90many finalized invoice cannot be modified @ repetition 53 of 100[39m[90m                                             [39m [90m0.19s[39m  
  [31;1m⨯[39;22m[90m [39m[90many finalized invoice cannot be modified @ repetition 54 of 100[39m[90m                                             [39m [90m0.16s[39m  
  [31;1m⨯[39;22m[90m [39m[90many finalized invoice cannot be modified @ repetition 55 of 100[39m[90m                                             [39m [90m0.15s[39m  
  [31;1m⨯[39;22m[90m [39m[90many finalized invoice cannot be modified @ repetition 56 of 100[39m[90m                                             [39m [90m0.21s[39m  
  [31;1m⨯[39;22m[90m [39m[90many finalized invoice cannot be modified @ repetition 57 of 100[39m[90m                                             [39m [90m0.27s[39m  
  [31;1m⨯[39;22m[90m [39m[90many finalized invoice cannot be modified @ repetition 58 of 100[39m[90m                                             [39m [90m0.13s[39m  
  [31;1m⨯[39;22m[90m [39m[90many finalized invoice cannot be modified @ repetition 59 of 100[39m[90m                                             [39m [90m0.15s[39m  
  [31;1m⨯[39;22m[90m [39m[90many finalized invoice cannot be modified @ repetition 60 of 100[39m[90m                                             [39m [90m0.16s[39m  
  [31;1m⨯[39;22m[90m [39m[90many finalized invoice cannot be modified @ repetition 61 of 100[39m[90m                                             [39m [90m0.17s[39m  
  [31;1m⨯[39;22m[90m [39m[90many finalized invoice cannot be modified @ repetition 62 of 100[39m[90m                                             [39m [90m0.12s[39m  
  [31;1m⨯[39;22m[90m [39m[90many finalized invoice cannot be modified @ repetition 63 of 100[39m[90m                                             [39m [90m0.19s[39m  
  [31;1m⨯[39;22m[90m [39m[90many finalized invoice cannot be modified @ repetition 64 of 100[39m[90m                                             [39m [90m0.34s[39m  
  [31;1m⨯[39;22m[90m [39m[90many finalized invoice cannot be modified @ repetition 65 of 100[39m[90m                                             [39m [90m0.17s[39m  
  [31;1m⨯[39;22m[90m [39m[90many finalized invoice cannot be modified @ repetition 66 of 100[39m[90m                                             [39m [90m0.17s[39m  
  [31;1m⨯[39;22m[90m [39m[90many finalized invoice cannot be modified @ repetition 67 of 100[39m[90m                                             [39m [90m0.21s[39m  
  [31;1m⨯[39;22m[90m [39m[90many finalized invoice cannot be modified @ repetition 68 of 100[39m[90m                                             [39m [90m0.15s[39m  
  [31;1m⨯[39;22m[90m [39m[90many finalized invoice cannot be modified @ repetition 69 of 100[39m[90m                                             [39m [90m0.21s[39m  
  [31;1m⨯[39;22m[90m [39m[90many finalized invoice cannot be modified @ repetition 70 of 100[39m[90m                                             [39m [90m0.13s[39m  
  [31;1m⨯[39;22m[90m [39m[90many finalized invoice cannot be modified @ repetition 71 of 100[39m[90m                                             [39m [90m0.34s[39m  
  [31;1m⨯[39;22m[90m [39m[90many finalized invoice cannot be modified @ repetition 72 of 100[39m[90m                                             [39m [90m0.18s[39m  
  [31;1m⨯[39;22m[90m [39m[90many finalized invoice cannot be modified @ repetition 73 of 100[39m[90m                                             [39m [90m0.15s[39m  
  [31;1m⨯[39;22m[90m [39m[90many finalized invoice cannot be modified @ repetition 74 of 100[39m[90m                                             [39m [90m0.15s[39m  
  [31;1m⨯[39;22m[90m [39m[90many finalized invoice cannot be modified @ repetition 75 of 100[39m[90m                                             [39m [90m0.17s[39m  
  [31;1m⨯[39;22m[90m [39m[90many finalized invoice cannot be modified @ repetition 76 of 100[39m[90m                                             [39m [90m0.13s[39m  
  [31;1m⨯[39;22m[90m [39m[90many finalized invoice cannot be modified @ repetition 77 of 100[39m[90m                                             [39m [90m0.14s[39m  
  [31;1m⨯[39;22m[90m [39m[90many finalized invoice cannot be modified @ repetition 78 of 100[39m[90m                                             [39m [90m0.31s[39m  
  [31;1m⨯[39;22m[90m [39m[90many finalized invoice cannot be modified @ repetition 79 of 100[39m[90m                                             [39m [90m0.19s[39m  
  [31;1m⨯[39;22m[90m [39m[90many finalized invoice cannot be modified @ repetition 80 of 100[39m[90m                                             [39m [90m0.20s[39m  
  [31;1m⨯[39;22m[90m [39m[90many finalized invoice cannot be modified @ repetition 81 of 100[39m[90m                                             [39m [90m0.13s[39m  
  [31;1m⨯[39;22m[90m [39m[90many finalized invoice cannot be modified @ repetition 82 of 100[39m[90m                                             [39m [90m0.17s[39m  
  [31;1m⨯[39;22m[90m [39m[90many finalized invoice cannot be modified @ repetition 83 of 100[39m[90m                                             [39m [90m0.17s[39m  
  [31;1m⨯[39;22m[90m [39m[90many finalized invoice cannot be modified @ repetition 84 of 100[39m[90m                                             [39m [90m0.18s[39m  
  [31;1m⨯[39;22m[90m [39m[90many finalized invoice cannot be modified @ repetition 85 of 100[39m[90m                                             [39m [90m0.23s[39m  
  [31;1m⨯[39;22m[90m [39m[90many finalized invoice cannot be modified @ repetition 86 of 100[39m[90m                                             [39m [90m0.18s[39m  
  [31;1m⨯[39;22m[90m [39m[90many finalized invoice cannot be modified @ repetition 87 of 100[39m[90m                                             [39m [90m0.18s[39m  
  [31;1m⨯[39;22m[90m [39m[90many finalized invoice cannot be modified @ repetition 88 of 100[39m[90m                                             [39m [90m0.19s[39m  
  [31;1m⨯[39;22m[90m [39m[90many finalized invoice cannot be modified @ repetition 89 of 100[39m[90m                                             [39m [90m0.11s[39m  
  [31;1m⨯[39;22m[90m [39m[90many finalized invoice cannot be modified @ repetition 90 of 100[39m[90m                                             [39m [90m0.13s[39m  
  [31;1m⨯[39;22m[90m [39m[90many finalized invoice cannot be modified @ repetition 91 of 100[39m[90m                                             [39m [90m0.16s[39m  
  [31;1m⨯[39;22m[90m [39m[90many finalized invoice cannot be modified @ repetition 92 of 100[39m[90m                                             [39m [90m0.33s[39m  
  [31;1m⨯[39;22m[90m [39m[90many finalized invoice cannot be modified @ repetition 93 of 100[39m[90m                                             [39m [90m0.14s[39m  
  [31;1m⨯[39;22m[90m [39m[90many finalized invoice cannot be modified @ repetition 94 of 100[39m[90m                                             [39m [90m0.19s[39m  
  [31;1m⨯[39;22m[90m [39m[90many finalized invoice cannot be modified @ repetition 95 of 100[39m[90m                                             [39m [90m0.18s[39m  
  [31;1m⨯[39;22m[90m [39m[90many finalized invoice cannot be modified @ repetition 96 of 100[39m[90m                                             [39m [90m0.17s[39m  
  [31;1m⨯[39;22m[90m [39m[90many finalized invoice cannot be modified @ repetition 97 of 100[39m[90m                                             [39m [90m0.13s[39m  
  [31;1m⨯[39;22m[90m [39m[90many finalized invoice cannot be modified @ repetition 98 of 100[39m[90m                                             [39m [90m0.12s[39m  
  [31;1m⨯[39;22m[90m [39m[90many finalized invoice cannot be modified @ repetition 99 of 100[39m[90m                                             [39m [90m0.31s[39m  
  [31;1m⨯[39;22m[90m [39m[90many finalized invoice cannot be modified @ repetition 100 of 100[39m[90m                                            [39m [90m0.19s[39m  
  [31;1m⨯[39;22m[90m [39m[90many finalized invoice remains unchanged when tariffs change @ repetition 1 of 100[39m[90m                           [39m [90m0.12s[39m  
  [31;1m⨯[39;22m[90m [39m[90many finalized invoice remains unchanged when tariffs change @ repetition 2 of 100[39m[90m                           [39m [90m0.12s[39m  
  [31;1m⨯[39;22m[90m [39m[90many finalized invoice remains unchanged when tariffs change @ repetition 3 of 100[39m[90m                           [39m [90m0.17s[39m  
  [31;1m⨯[39;22m[90m [39m[90many finalized invoice remains unchanged when tariffs change @ repetition 4 of 100[39m[90m                           [39m [90m0.22s[39m  
  [31;1m⨯[39;22m[90m [39m[90many finalized invoice remains unchanged when tariffs change @ repetition 5 of 100[39m[90m                           [39m [90m0.26s[39m  
  [31;1m⨯[39;22m[90m [39m[90many finalized invoice remains unchanged when tariffs change @ repetition 6 of 100[39m[90m                           [39m [90m0.14s[39m  
  [31;1m⨯[39;22m[90m [39m[90many finalized invoice remains unchanged when tariffs change @ repetition 7 of 100[39m[90m                           [39m [90m0.16s[39m  
  [31;1m⨯[39;22m[90m [39m[90many finalized invoice remains unchanged when tariffs change @ repetition 8 of 100[39m[90m                           [39m [90m0.19s[39m  
  [31;1m⨯[39;22m[90m [39m[90many finalized invoice remains unchanged when tariffs change @ repetition 9 of 100[39m[90m                           [39m [90m0.13s[39m  
  [31;1m⨯[39;22m[90m [39m[90many finalized invoice remains unchanged when tariffs change @ repetition 10 of 100[39m[90m                          [39m [90m0.21s[39m  
  [31;1m⨯[39;22m[90m [39m[90many finalized invoice remains unchanged when tariffs change @ repetition 11 of 100[39m[90m                          [39m [90m0.18s[39m  
  [31;1m⨯[39;22m[90m [39m[90many finalized invoice remains unchanged when tariffs change @ repetition 12 of 100[39m[90m                          [39m [90m0.30s[39m  
  [31;1m⨯[39;22m[90m [39m[90many finalized invoice remains unchanged when tariffs change @ repetition 13 of 100[39m[90m                          [39m [90m0.18s[39m  
  [31;1m⨯[39;22m[90m [39m[90many finalized invoice remains unchanged when tariffs change @ repetition 14 of 100[39m[90m                          [39m [90m0.16s[39m  
  [31;1m⨯[39;22m[90m [39m[90many finalized invoice remains unchanged when tariffs change @ repetition 15 of 100[39m[90m                          [39m [90m0.22s[39m  
  [31;1m⨯[39;22m[90m [39m[90many finalized invoice remains unchanged when tariffs change @ repetition 16 of 100[39m[90m                          [39m [90m0.17s[39m  
  [31;1m⨯[39;22m[90m [39m[90many finalized invoice remains unchanged when tariffs change @ repetition 17 of 100[39m[90m                          [39m [90m0.18s[39m  
  [31;1m⨯[39;22m[90m [39m[90many finalized invoice remains unchanged when tariffs change @ repetition 18 of 100[39m[90m                          [39m [90m0.18s[39m  
  [31;1m⨯[39;22m[90m [39m[90many finalized invoice remains unchanged when tariffs change @ repetition 19 of 100[39m[90m                          [39m [90m0.28s[39m  
  [31;1m⨯[39;22m[90m [39m[90many finalized invoice remains unchanged when tariffs change @ repetition 20 of 100[39m[90m                          [39m [90m0.17s[39m  
  [31;1m⨯[39;22m[90m [39m[90many finalized invoice remains unchanged when tariffs change @ repetition 21 of 100[39m[90m                          [39m [90m0.16s[39m  
  [31;1m⨯[39;22m[90m [39m[90many finalized invoice remains unchanged when tariffs change @ repetition 22 of 100[39m[90m                          [39m [90m0.16s[39m  
  [31;1m⨯[39;22m[90m [39m[90many finalized invoice remains unchanged when tariffs change @ repetition 23 of 100[39m[90m                          [39m [90m0.19s[39m  
  [31;1m⨯[39;22m[90m [39m[90many finalized invoice remains unchanged when tariffs change @ repetition 24 of 100[39m[90m                          [39m [90m0.13s[39m  
  [31;1m⨯[39;22m[90m [39m[90many finalized invoice remains unchanged when tariffs change @ repetition 25 of 100[39m[90m                          [39m [90m0.18s[39m  
  [31;1m⨯[39;22m[90m [39m[90many finalized invoice remains unchanged when tariffs change @ repetition 26 of 100[39m[90m                          [39m [90m0.21s[39m  
  [31;1m⨯[39;22m[90m [39m[90many finalized invoice remains unchanged when tariffs change @ repetition 27 of 100[39m[90m                          [39m [90m0.18s[39m  
  [31;1m⨯[39;22m[90m [39m[90many finalized invoice remains unchanged when tariffs change @ repetition 28 of 100[39m[90m                          [39m [90m0.14s[39m  
  [31;1m⨯[39;22m[90m [39m[90many finalized invoice remains unchanged when tariffs change @ repetition 29 of 100[39m[90m                          [39m [90m0.19s[39m  
  [31;1m⨯[39;22m[90m [39m[90many finalized invoice remains unchanged when tariffs change @ repetition 30 of 100[39m[90m                          [39m [90m0.14s[39m  
  [31;1m⨯[39;22m[90m [39m[90many finalized invoice remains unchanged when tariffs change @ repetition 31 of 100[39m[90m                          [39m [90m0.16s[39m  
  [31;1m⨯[39;22m[90m [39m[90many finalized invoice remains unchanged when tariffs change @ repetition 32 of 100[39m[90m                          [39m [90m0.17s[39m  
  [31;1m⨯[39;22m[90m [39m[90many finalized invoice remains unchanged when tariffs change @ repetition 33 of 100[39m[90m                          [39m [90m0.27s[39m  
  [31;1m⨯[39;22m[90m [39m[90many finalized invoice remains unchanged when tariffs change @ repetition 34 of 100[39m[90m                          [39m [90m0.20s[39m  
  [31;1m⨯[39;22m[90m [39m[90many finalized invoice remains unchanged when tariffs change @ repetition 35 of 100[39m[90m                          [39m [90m0.20s[39m  
  [31;1m⨯[39;22m[90m [39m[90many finalized invoice remains unchanged when tariffs change @ repetition 36 of 100[39m[90m                          [39m [90m0.16s[39m  
  [31;1m⨯[39;22m[90m [39m[90many finalized invoice remains unchanged when tariffs change @ repetition 37 of 100[39m[90m                          [39m [90m0.17s[39m  
  [31;1m⨯[39;22m[90m [39m[90many finalized invoice remains unchanged when tariffs change @ repetition 38 of 100[39m[90m                          [39m [90m0.20s[39m  
  [31;1m⨯[39;22m[90m [39m[90many finalized invoice remains unchanged when tariffs change @ repetition 39 of 100[39m[90m                          [39m [90m0.15s[39m  
  [31;1m⨯[39;22m[90m [39m[90many finalized invoice remains unchanged when tariffs change @ repetition 40 of 100[39m[90m                          [39m [90m0.28s[39m  
  [31;1m⨯[39;22m[90m [39m[90many finalized invoice remains unchanged when tariffs change @ repetition 41 of 100[39m[90m                          [39m [90m0.12s[39m  
  [31;1m⨯[39;22m[90m [39m[90many finalized invoice remains unchanged when tariffs change @ repetition 42 of 100[39m[90m                          [39m [90m0.20s[39m  
  [31;1m⨯[39;22m[90m [39m[90many finalized invoice remains unchanged when tariffs change @ repetition 43 of 100[39m[90m                          [39m [90m0.19s[39m  
  [31;1m⨯[39;22m[90m [39m[90many finalized invoice remains unchanged when tariffs change @ repetition 44 of 100[39m[90m                          [39m [90m0.17s[39m  
  [31;1m⨯[39;22m[90m [39m[90many finalized invoice remains unchanged when tariffs change @ repetition 45 of 100[39m[90m                          [39m [90m0.13s[39m  
  [31;1m⨯[39;22m[90m [39m[90many finalized invoice remains unchanged when tariffs change @ repetition 46 of 100[39m[90m                          [39m [90m0.13s[39m  
  [31;1m⨯[39;22m[90m [39m[90many finalized invoice remains unchanged when tariffs change @ repetition 47 of 100[39m[90m                          [39m [90m0.27s[39m  
  [31;1m⨯[39;22m[90m [39m[90many finalized invoice remains unchanged when tariffs change @ repetition 48 of 100[39m[90m                          [39m [90m0.15s[39m  
  [31;1m⨯[39;22m[90m [39m[90many finalized invoice remains unchanged when tariffs change @ repetition 49 of 100[39m[90m                          [39m [90m0.13s[39m  
  [31;1m⨯[39;22m[90m [39m[90many finalized invoice remains unchanged when tariffs change @ repetition 50 of 100[39m[90m                          [39m [90m0.17s[39m  
  [31;1m⨯[39;22m[90m [39m[90many finalized invoice remains unchanged when tariffs change @ repetition 51 of 100[39m[90m                          [39m [90m0.17s[39m  
  [31;1m⨯[39;22m[90m [39m[90many finalized invoice remains unchanged when tariffs change @ repetition 52 of 100[39m[90m                          [39m [90m0.11s[39m  
  [31;1m⨯[39;22m[90m [39m[90many finalized invoice remains unchanged when tariffs change @ repetition 53 of 100[39m[90m                          [39m [90m0.13s[39m  
  [31;1m⨯[39;22m[90m [39m[90many finalized invoice remains unchanged when tariffs change @ repetition 54 of 100[39m[90m                          [39m [90m0.26s[39m  
  [31;1m⨯[39;22m[90m [39m[90many finalized invoice remains unchanged when tariffs change @ repetition 55 of 100[39m[90m                          [39m [90m0.13s[39m  
  [31;1m⨯[39;22m[90m [39m[90many finalized invoice remains unchanged when tariffs change @ repetition 56 of 100[39m[90m                          [39m [90m0.19s[39m  
  [31;1m⨯[39;22m[90m [39m[90many finalized invoice remains unchanged when tariffs change @ repetition 57 of 100[39m[90m                          [39m [90m0.16s[39m  
  [31;1m⨯[39;22m[90m [39m[90many finalized invoice remains unchanged when tariffs change @ repetition 58 of 100[39m[90m                          [39m [90m0.11s[39m  
  [31;1m⨯[39;22m[90m [39m[90many finalized invoice remains unchanged when tariffs change @ repetition 59 of 100[39m[90m                          [39m [90m0.17s[39m  
  [31;1m⨯[39;22m[90m [39m[90many finalized invoice remains unchanged when tariffs change @ repetition 60 of 100[39m[90m                          [39m [90m0.18s[39m  
  [31;1m⨯[39;22m[90m [39m[90many finalized invoice remains unchanged when tariffs change @ repetition 61 of 100[39m[90m                          [39m [90m0.25s[39m  
  [31;1m⨯[39;22m[90m [39m[90many finalized invoice remains unchanged when tariffs change @ repetition 62 of 100[39m[90m                          [39m [90m0.17s[39m  
  [31;1m⨯[39;22m[90m [39m[90many finalized invoice remains unchanged when tariffs change @ repetition 63 of 100[39m[90m                          [39m [90m0.19s[39m  
  [31;1m⨯[39;22m[90m [39m[90many finalized invoice remains unchanged when tariffs change @ repetition 64 of 100[39m[90m                          [39m [90m0.11s[39m  
  [31;1m⨯[39;22m[90m [39m[90many finalized invoice remains unchanged when tariffs change @ repetition 65 of 100[39m[90m                          [39m [90m0.16s[39m  
  [31;1m⨯[39;22m[90m [39m[90many finalized invoice remains unchanged when tariffs change @ repetition 66 of 100[39m[90m                          [39m [90m0.13s[39m  
  [31;1m⨯[39;22m[90m [39m[90many finalized invoice remains unchanged when tariffs change @ repetition 67 of 100[39m[90m                          [39m [90m0.18s[39m  
  [31;1m⨯[39;22m[90m [39m[90many finalized invoice remains unchanged when tariffs change @ repetition 68 of 100[39m[90m                          [39m [90m0.27s[39m  
  [31;1m⨯[39;22m[90m [39m[90many finalized invoice remains unchanged when tariffs change @ repetition 69 of 100[39m[90m                          [39m [90m0.11s[39m  
  [31;1m⨯[39;22m[90m [39m[90many finalized invoice remains unchanged when tariffs change @ repetition 70 of 100[39m[90m                          [39m [90m0.11s[39m  
  [31;1m⨯[39;22m[90m [39m[90many finalized invoice remains unchanged when tariffs change @ repetition 71 of 100[39m[90m                          [39m [90m0.19s[39m  
  [31;1m⨯[39;22m[90m [39m[90many finalized invoice remains unchanged when tariffs change @ repetition 72 of 100[39m[90m                          [39m [90m0.18s[39m  
  [31;1m⨯[39;22m[90m [39m[90many finalized invoice remains unchanged when tariffs change @ repetition 73 of 100[39m[90m                          [39m [90m0.12s[39m  
  [31;1m⨯[39;22m[90m [39m[90many finalized invoice remains unchanged when tariffs change @ repetition 74 of 100[39m[90m                          [39m [90m0.17s[39m  
  [31;1m⨯[39;22m[90m [39m[90many finalized invoice remains unchanged when tariffs change @ repetition 75 of 100[39m[90m                          [39m [90m0.26s[39m  
  [31;1m⨯[39;22m[90m [39m[90many finalized invoice remains unchanged when tariffs change @ repetition 76 of 100[39m[90m                          [39m [90m0.19s[39m  
  [31;1m⨯[39;22m[90m [39m[90many finalized invoice remains unchanged when tariffs change @ repetition 77 of 100[39m[90m                          [39m [90m0.15s[39m  
  [31;1m⨯[39;22m[90m [39m[90many finalized invoice remains unchanged when tariffs change @ repetition 78 of 100[39m[90m                          [39m [90m0.18s[39m  
  [31;1m⨯[39;22m[90m [39m[90many finalized invoice remains unchanged when tariffs change @ repetition 79 of 100[39m[90m                          [39m [90m0.11s[39m  
  [31;1m⨯[39;22m[90m [39m[90many finalized invoice remains unchanged when tariffs change @ repetition 80 of 100[39m[90m                          [39m [90m0.17s[39m  
  [31;1m⨯[39;22m[90m [39m[90many finalized invoice remains unchanged when tariffs change @ repetition 81 of 100[39m[90m                          [39m [90m0.18s[39m  
  [31;1m⨯[39;22m[90m [39m[90many finalized invoice remains unchanged when tariffs change @ repetition 82 of 100[39m[90m                          [39m [90m0.25s[39m  
  [31;1m⨯[39;22m[90m [39m[90many finalized invoice remains unchanged when tariffs change @ repetition 83 of 100[39m[90m                          [39m [90m0.17s[39m  
  [31;1m⨯[39;22m[90m [39m[90many finalized invoice remains unchanged when tariffs change @ repetition 84 of 100[39m[90m                          [39m [90m0.16s[39m  
  [31;1m⨯[39;22m[90m [39m[90many finalized invoice remains unchanged when tariffs change @ repetition 85 of 100[39m[90m                          [39m [90m0.17s[39m  
  [31;1m⨯[39;22m[90m [39m[90many finalized invoice remains unchanged when tariffs change @ repetition 86 of 100[39m[90m                          [39m [90m0.16s[39m  
  [31;1m⨯[39;22m[90m [39m[90many finalized invoice remains unchanged when tariffs change @ repetition 87 of 100[39m[90m                          [39m [90m0.15s[39m  
  [31;1m⨯[39;22m[90m [39m[90many finalized invoice remains unchanged when tariffs change @ repetition 88 of 100[39m[90m                          [39m [90m0.13s[39m  
  [31;1m⨯[39;22m[90m [39m[90many finalized invoice remains unchanged when tariffs change @ repetition 89 of 100[39m[90m                          [39m [90m0.29s[39m  
  [31;1m⨯[39;22m[90m [39m[90many finalized invoice remains unchanged when tariffs change @ repetition 90 of 100[39m[90m                          [39m [90m0.11s[39m  
  [31;1m⨯[39;22m[90m [39m[90many finalized invoice remains unchanged when tariffs change @ repetition 91 of 100[39m[90m                          [39m [90m0.15s[39m  
  [31;1m⨯[39;22m[90m [39m[90many finalized invoice remains unchanged when tariffs change @ repetition 92 of 100[39m[90m                          [39m [90m0.12s[39m  
  [31;1m⨯[39;22m[90m [39m[90many finalized invoice remains unchanged when tariffs change @ repetition 93 of 100[39m[90m                          [39m [90m0.14s[39m  
  [31;1m⨯[39;22m[90m [39m[90many finalized invoice remains unchanged when tariffs change @ repetition 94 of 100[39m[90m                          [39m [90m0.19s[39m  
  [31;1m⨯[39;22m[90m [39m[90many finalized invoice remains unchanged when tariffs change @ repetition 95 of 100[39m[90m                          [39m [90m0.16s[39m  
  [31;1m⨯[39;22m[90m [39m[90many finalized invoice remains unchanged when tariffs change @ repetition 96 of 100[39m[90m                          [39m [90m0.28s[39m  
  [31;1m⨯[39;22m[90m [39m[90many finalized invoice remains unchanged when tariffs change @ repetition 97 of 100[39m[90m                          [39m [90m0.12s[39m  
  [31;1m⨯[39;22m[90m [39m[90many finalized invoice remains unchanged when tariffs change @ repetition 98 of 100[39m[90m                          [39m [90m0.12s[39m  
  [31;1m⨯[39;22m[90m [39m[90many finalized invoice remains unchanged when tariffs change @ repetition 99 of 100[39m[90m                          [39m [90m0.19s[39m  
  [31;1m⨯[39;22m[90m [39m[90many finalized invoice remains unchanged when tariffs change @ repetition 100 of 100[39m[90m                         [39m [90m0.16s[39m  
  [31;1m⨯[39;22m[90m [39m[90many tariff with overlapping time-of-use zones is rejected @ repetition 1 of 100[39m[90m                             [39m [90m0.18s[39m  
  [31;1m⨯[39;22m[90m [39m[90many tariff with overlapping time-of-use zones is rejected @ repetition 2 of 100[39m[90m                             [39m [90m0.23s[39m  
  [31;1m⨯[39;22m[90m [39m[90many tariff with overlapping time-of-use zones is rejected @ repetition 3 of 100[39m[90m                             [39m [90m0.16s[39m  
  [31;1m⨯[39;22m[90m [39m[90many tariff with overlapping time-of-use zones is rejected @ repetition 4 of 100[39m[90m                             [39m [90m0.13s[39m  
  [31;1m⨯[39;22m[90m [39m[90many tariff with overlapping time-of-use zones is rejected @ repetition 5 of 100[39m[90m                             [39m [90m0.10s[39m  
  [31;1m⨯[39;22m[90m [39m[90many tariff with overlapping time-of-use zones is rejected @ repetition 6 of 100[39m[90m                             [39m [90m0.14s[39m  
  [31;1m⨯[39;22m[90m [39m[90many tariff with overlapping time-of-use zones is rejected @ repetition 7 of 100[39m[90m                             [39m [90m0.16s[39m  
  [31;1m⨯[39;22m[90m [39m[90many tariff with overlapping time-of-use zones is rejected @ repetition 8 of 100[39m[90m                             [39m [90m0.13s[39m  
  [31;1m⨯[39;22m[90m [39m[90many tariff with overlapping time-of-use zones is rejected @ repetition 9 of 100[39m[90m                             [39m [90m0.22s[39m  
  [31;1m⨯[39;22m[90m [39m[90many tariff with overlapping time-of-use zones is rejected @ repetition 10 of 100[39m[90m                            [39m [90m0.17s[39m  
  [31;1m⨯[39;22m[90m [39m[90many tariff with overlapping time-of-use zones is rejected @ repetition 11 of 100[39m[90m                            [39m [90m0.17s[39m  
  [31;1m⨯[39;22m[90m [39m[90many tariff with overlapping time-of-use zones is rejected @ repetition 12 of 100[39m[90m                            [39m [90m0.14s[39m  
  [31;1m⨯[39;22m[90m [39m[90many tariff with overlapping time-of-use zones is rejected @ repetition 13 of 100[39m[90m                            [39m [90m0.12s[39m  
  [31;1m⨯[39;22m[90m [39m[90many tariff with overlapping time-of-use zones is rejected @ repetition 14 of 100[39m[90m                            [39m [90m0.13s[39m  
  [31;1m⨯[39;22m[90m [39m[90many tariff with overlapping time-of-use zones is rejected @ repetition 15 of 100[39m[90m                            [39m [90m0.17s[39m  
  [31;1m⨯[39;22m[90m [39m[90many tariff with overlapping time-of-use zones is rejected @ repetition 16 of 100[39m[90m                            [39m [90m0.23s[39m  
  [31;1m⨯[39;22m[90m [39m[90many tariff with overlapping time-of-use zones is rejected @ repetition 17 of 100[39m[90m                            [39m [90m0.17s[39m  
  [31;1m⨯[39;22m[90m [39m[90many tariff with overlapping time-of-use zones is rejected @ repetition 18 of 100[39m[90m                            [39m [90m0.17s[39m  
  [31;1m⨯[39;22m[90m [39m[90many tariff with overlapping time-of-use zones is rejected @ repetition 19 of 100[39m[90m                            [39m [90m0.14s[39m  
  [31;1m⨯[39;22m[90m [39m[90many tariff with overlapping time-of-use zones is rejected @ repetition 20 of 100[39m[90m                            [39m [90m0.16s[39m  
  [31;1m⨯[39;22m[90m [39m[90many tariff with overlapping time-of-use zones is rejected @ repetition 21 of 100[39m[90m                            [39m [90m0.12s[39m  
  [31;1m⨯[39;22m[90m [39m[90many tariff with overlapping time-of-use zones is rejected @ repetition 22 of 100[39m[90m                            [39m [90m0.17s[39m  
  [31;1m⨯[39;22m[90m [39m[90many tariff with overlapping time-of-use zones is rejected @ repetition 23 of 100[39m[90m                            [39m [90m0.26s[39m  
  [31;1m⨯[39;22m[90m [39m[90many tariff with overlapping time-of-use zones is rejected @ repetition 24 of 100[39m[90m                            [39m [90m0.11s[39m  
  [31;1m⨯[39;22m[90m [39m[90many tariff with overlapping time-of-use zones is rejected @ repetition 25 of 100[39m[90m                            [39m [90m0.18s[39m  
  [31;1m⨯[39;22m[90m [39m[90many tariff with overlapping time-of-use zones is rejected @ repetition 26 of 100[39m[90m                            [39m [90m0.15s[39m  
  [31;1m⨯[39;22m[90m [39m[90many tariff with overlapping time-of-use zones is rejected @ repetition 27 of 100[39m[90m                            [39m [90m0.16s[39m  
  [31;1m⨯[39;22m[90m [39m[90many tariff with overlapping time-of-use zones is rejected @ repetition 28 of 100[39m[90m                            [39m [90m0.16s[39m  
  [31;1m⨯[39;22m[90m [39m[90many tariff with overlapping time-of-use zones is rejected @ repetition 29 of 100[39m[90m                            [39m [90m0.14s[39m  
  [31;1m⨯[39;22m[90m [39m[90many tariff with overlapping time-of-use zones is rejected @ repetition 30 of 100[39m[90m                            [39m [90m0.20s[39m  
  [31;1m⨯[39;22m[90m [39m[90many tariff with overlapping time-of-use zones is rejected @ repetition 31 of 100[39m[90m                            [39m [90m0.15s[39m  
  [31;1m⨯[39;22m[90m [39m[90many tariff with overlapping time-of-use zones is rejected @ repetition 32 of 100[39m[90m                            [39m [90m0.17s[39m  
  [31;1m⨯[39;22m[90m [39m[90many tariff with overlapping time-of-use zones is rejected @ repetition 33 of 100[39m[90m                            [39m [90m0.17s[39m  
  [31;1m⨯[39;22m[90m [39m[90many tariff with overlapping time-of-use zones is rejected @ repetition 34 of 100[39m[90m                            [39m [90m0.14s[39m  
  [31;1m⨯[39;22m[90m [39m[90many tariff with overlapping time-of-use zones is rejected @ repetition 35 of 100[39m[90m                            [39m [90m0.16s[39m  
  [31;1m⨯[39;22m[90m [39m[90many tariff with overlapping time-of-use zones is rejected @ repetition 36 of 100[39m[90m                            [39m [90m0.16s[39m  
  [31;1m⨯[39;22m[90m [39m[90many tariff with overlapping time-of-use zones is rejected @ repetition 37 of 100[39m[90m                            [39m [90m0.25s[39m  
  [31;1m⨯[39;22m[90m [39m[90many tariff with overlapping time-of-use zones is rejected @ repetition 38 of 100[39m[90m                            [39m [90m0.10s[39m  
  [31;1m⨯[39;22m[90m [39m[90many tariff with overlapping time-of-use zones is rejected @ repetition 39 of 100[39m[90m                            [39m [90m0.18s[39m  
  [31;1m⨯[39;22m[90m [39m[90many tariff with overlapping time-of-use zones is rejected @ repetition 40 of 100[39m[90m                            [39m [90m0.13s[39m  
  [31;1m⨯[39;22m[90m [39m[90many tariff with overlapping time-of-use zones is rejected @ repetition 41 of 100[39m[90m                            [39m [90m0.15s[39m  
  [31;1m⨯[39;22m[90m [39m[90many tariff with overlapping time-of-use zones is rejected @ repetition 42 of 100[39m[90m                            [39m [90m0.11s[39m  
  [31;1m⨯[39;22m[90m [39m[90many tariff with overlapping time-of-use zones is rejected @ repetition 43 of 100[39m[90m                            [39m [90m0.14s[39m  
  [31;1m⨯[39;22m[90m [39m[90many tariff with overlapping time-of-use zones is rejected @ repetition 44 of 100[39m[90m                            [39m [90m0.27s[39m  
  [31;1m⨯[39;22m[90m [39m[90many tariff with overlapping time-of-use zones is rejected @ repetition 45 of 100[39m[90m                            [39m [90m0.14s[39m  
  [31;1m⨯[39;22m[90m [39m[90many tariff with overlapping time-of-use zones is rejected @ repetition 46 of 100[39m[90m                            [39m [90m0.15s[39m  
  [31;1m⨯[39;22m[90m [39m[90many tariff with overlapping time-of-use zones is rejected @ repetition 47 of 100[39m[90m                            [39m [90m0.18s[39m  
  [31;1m⨯[39;22m[90m [39m[90many tariff with overlapping time-of-use zones is rejected @ repetition 48 of 100[39m[90m                            [39m [90m0.16s[39m  
  [31;1m⨯[39;22m[90m [39m[90many tariff with overlapping time-of-use zones is rejected @ repetition 49 of 100[39m[90m                            [39m [90m0.14s[39m  
  [31;1m⨯[39;22m[90m [39m[90many tariff with overlapping time-of-use zones is rejected @ repetition 50 of 100[39m[90m                            [39m [90m0.17s[39m  
  [31;1m⨯[39;22m[90m [39m[90many tariff with overlapping time-of-use zones is rejected @ repetition 51 of 100[39m[90m                            [39m [90m0.27s[39m  
  [31;1m⨯[39;22m[90m [39m[90many tariff with overlapping time-of-use zones is rejected @ repetition 52 of 100[39m[90m                            [39m [90m0.11s[39m  
  [31;1m⨯[39;22m[90m [39m[90many tariff with overlapping time-of-use zones is rejected @ repetition 53 of 100[39m[90m                            [39m [90m0.15s[39m  
  [31;1m⨯[39;22m[90m [39m[90many tariff with overlapping time-of-use zones is rejected @ repetition 54 of 100[39m[90m                            [39m [90m0.16s[39m  
  [31;1m⨯[39;22m[90m [39m[90many tariff with overlapping time-of-use zones is rejected @ repetition 55 of 100[39m[90m                            [39m [90m0.12s[39m  
  [31;1m⨯[39;22m[90m [39m[90many tariff with overlapping time-of-use zones is rejected @ repetition 56 of 100[39m[90m                            [39m [90m0.16s[39m  
  [31;1m⨯[39;22m[90m [39m[90many tariff with overlapping time-of-use zones is rejected @ repetition 57 of 100[39m[90m                            [39m [90m0.16s[39m  
  [31;1m⨯[39;22m[90m [39m[90many tariff with overlapping time-of-use zones is rejected @ repetition 58 of 100[39m[90m                            [39m [90m0.23s[39m  
  [31;1m⨯[39;22m[90m [39m[90many tariff with overlapping time-of-use zones is rejected @ repetition 59 of 100[39m[90m                            [39m [90m0.17s[39m  
  [31;1m⨯[39;22m[90m [39m[90many tariff with overlapping time-of-use zones is rejected @ repetition 60 of 100[39m[90m                            [39m [90m0.11s[39m  
  [31;1m⨯[39;22m[90m [39m[90many tariff with overlapping time-of-use zones is rejected @ repetition 61 of 100[39m[90m                            [39m [90m0.16s[39m  
  [31;1m⨯[39;22m[90m [39m[90many tariff with overlapping time-of-use zones is rejected @ repetition 62 of 100[39m[90m                            [39m [90m0.17s[39m  
  [31;1m⨯[39;22m[90m [39m[90many tariff with overlapping time-of-use zones is rejected @ repetition 63 of 100[39m[90m                            [39m [90m0.15s[39m  
  [31;1m⨯[39;22m[90m [39m[90many tariff with overlapping time-of-use zones is rejected @ repetition 64 of 100[39m[90m                            [39m [90m0.15s[39m  
  [31;1m⨯[39;22m[90m [39m[90many tariff with overlapping time-of-use zones is rejected @ repetition 65 of 100[39m[90m                            [39m [90m0.25s[39m  
  [31;1m⨯[39;22m[90m [39m[90many tariff with overlapping time-of-use zones is rejected @ repetition 66 of 100[39m[90m                            [39m [90m0.18s[39m  
  [31;1m⨯[39;22m[90m [39m[90many tariff with overlapping time-of-use zones is rejected @ repetition 67 of 100[39m[90m                            [39m [90m0.16s[39m  
  [31;1m⨯[39;22m[90m [39m[90many tariff with overlapping time-of-use zones is rejected @ repetition 68 of 100[39m[90m                            [39m [90m0.14s[39m  
  [31;1m⨯[39;22m[90m [39m[90many tariff with overlapping time-of-use zones is rejected @ repetition 69 of 100[39m[90m                            [39m [90m0.16s[39m  
  [31;1m⨯[39;22m[90m [39m[90many tariff with overlapping time-of-use zones is rejected @ repetition 70 of 100[39m[90m                            [39m [90m0.11s[39m  
  [31;1m⨯[39;22m[90m [39m[90many tariff with overlapping time-of-use zones is rejected @ repetition 71 of 100[39m[90m                            [39m [90m0.16s[39m  
  [31;1m⨯[39;22m[90m [39m[90many tariff with overlapping time-of-use zones is rejected @ repetition 72 of 100[39m[90m                            [39m [90m0.25s[39m  
  [31;1m⨯[39;22m[90m [39m[90many tariff with overlapping time-of-use zones is rejected @ repetition 73 of 100[39m[90m                            [39m [90m0.15s[39m  
  [31;1m⨯[39;22m[90m [39m[90many tariff with overlapping time-of-use zones is rejected @ repetition 74 of 100[39m[90m                            [39m [90m0.14s[39m  
  [31;1m⨯[39;22m[90m [39m[90many tariff with overlapping time-of-use zones is rejected @ repetition 75 of 100[39m[90m                            [39m [90m0.13s[39m  
  [31;1m⨯[39;22m[90m [39m[90many tariff with overlapping time-of-use zones is rejected @ repetition 76 of 100[39m[90m                            [39m [90m0.13s[39m  
  [31;1m⨯[39;22m[90m [39m[90many tariff with overlapping time-of-use zones is rejected @ repetition 77 of 100[39m[90m                            [39m [90m0.12s[39m  
  [31;1m⨯[39;22m[90m [39m[90many tariff with overlapping time-of-use zones is rejected @ repetition 78 of 100[39m[90m                            [39m [90m0.16s[39m  
  [31;1m⨯[39;22m[90m [39m[90many tariff with overlapping time-of-use zones is rejected @ repetition 79 of 100[39m[90m                            [39m [90m0.25s[39m  
  [31;1m⨯[39;22m[90m [39m[90many tariff with overlapping time-of-use zones is rejected @ repetition 80 of 100[39m[90m                            [39m [90m0.13s[39m  
  [31;1m⨯[39;22m[90m [39m[90many tariff with overlapping time-of-use zones is rejected @ repetition 81 of 100[39m[90m                            [39m [90m0.15s[39m  
  [31;1m⨯[39;22m[90m [39m[90many tariff with overlapping time-of-use zones is rejected @ repetition 82 of 100[39m[90m                            [39m [90m0.18s[39m  
  [31;1m⨯[39;22m[90m [39m[90many tariff with overlapping time-of-use zones is rejected @ repetition 83 of 100[39m[90m                            [39m [90m0.17s[39m  
  [31;1m⨯[39;22m[90m [39m[90many tariff with overlapping time-of-use zones is rejected @ repetition 84 of 100[39m[90m                            [39m [90m0.15s[39m  
  [31;1m⨯[39;22m[90m [39m[90many tariff with overlapping time-of-use zones is rejected @ repetition 85 of 100[39m[90m                            [39m [90m0.16s[39m  
  [31;1m⨯[39;22m[90m [39m[90many tariff with overlapping time-of-use zones is rejected @ repetition 86 of 100[39m[90m                            [39m [90m0.19s[39m  
  [31;1m⨯[39;22m[90m [39m[90many tariff with overlapping time-of-use zones is rejected @ repetition 87 of 100[39m[90m                            [39m [90m0.14s[39m  
  [31;1m⨯[39;22m[90m [39m[90many tariff with overlapping time-of-use zones is rejected @ repetition 88 of 100[39m[90m                            [39m [90m0.15s[39m  
  [31;1m⨯[39;22m[90m [39m[90many tariff with overlapping time-of-use zones is rejected @ repetition 89 of 100[39m[90m                            [39m [90m0.11s[39m  
  [31;1m⨯[39;22m[90m [39m[90many tariff with overlapping time-of-use zones is rejected @ repetition 90 of 100[39m[90m                            [39m [90m0.17s[39m  
  [31;1m⨯[39;22m[90m [39m[90many tariff with overlapping time-of-use zones is rejected @ repetition 91 of 100[39m[90m                            [39m [90m0.17s[39m  
  [31;1m⨯[39;22m[90m [39m[90many tariff with overlapping time-of-use zones is rejected @ repetition 92 of 100[39m[90m                            [39m [90m0.16s[39m  
  [31;1m⨯[39;22m[90m [39m[90many tariff with overlapping time-of-use zones is rejected @ repetition 93 of 100[39m[90m                            [39m [90m0.23s[39m  
  [31;1m⨯[39;22m[90m [39m[90many tariff with overlapping time-of-use zones is rejected @ repetition 94 of 100[39m[90m                            [39m [90m0.16s[39m  
  [31;1m⨯[39;22m[90m [39m[90many tariff with overlapping time-of-use zones is rejected @ repetition 95 of 100[39m[90m                            [39m [90m0.12s[39m  
  [31;1m⨯[39;22m[90m [39m[90many tariff with overlapping time-of-use zones is rejected @ repetition 96 of 100[39m[90m                            [39m [90m0.15s[39m  
  [31;1m⨯[39;22m[90m [39m[90many tariff with overlapping time-of-use zones is rejected @ repetition 97 of 100[39m[90m                            [39m [90m0.16s[39m  
  [31;1m⨯[39;22m[90m [39m[90many tariff with overlapping time-of-use zones is rejected @ repetition 98 of 100[39m[90m                            [39m [90m0.12s[39m  
  [31;1m⨯[39;22m[90m [39m[90many tariff with overlapping time-of-use zones is rejected @ repetition 99 of 100[39m[90m                            [39m [90m0.11s[39m  
  [31;1m⨯[39;22m[90m [39m[90many tariff with overlapping time-of-use zones is rejected @ repetition 100 of 100[39m[90m                           [39m [90m0.25s[39m  
  [32;1m✓[39;22m[90m [39m[90many billing date selects correct active tariff @ repetition 1 of 100[39m[90m                                        [39m [90m0.18s[39m  
  [32;1m✓[39;22m[90m [39m[90many billing date selects correct active tariff @ repetition 2 of 100[39m[90m                                        [39m [90m0.16s[39m  
  [32;1m✓[39;22m[90m [39m[90many billing date selects correct active tariff @ repetition 3 of 100[39m[90m                                        [39m [90m0.14s[39m  
  [32;1m✓[39;22m[90m [39m[90many billing date selects correct active tariff @ repetition 4 of 100[39m[90m                                        [39m [90m0.15s[39m  
  [32;1m✓[39;22m[90m [39m[90many billing date selects correct active tariff @ repetition 5 of 100[39m[90m                                        [39m [90m0.18s[39m  
  [32;1m✓[39;22m[90m [39m[90many billing date selects correct active tariff @ repetition 6 of 100[39m[90m                                        [39m [90m0.12s[39m  
  [32;1m✓[39;22m[90m [39m[90many billing date selects correct active tariff @ repetition 7 of 100[39m[90m                                        [39m [90m0.23s[39m  
  [32;1m✓[39;22m[90m [39m[90many billing date selects correct active tariff @ repetition 8 of 100[39m[90m                                        [39m [90m0.10s[39m  
  [32;1m✓[39;22m[90m [39m[90many billing date selects correct active tariff @ repetition 9 of 100[39m[90m                                        [39m [90m0.14s[39m  
  [32;1m✓[39;22m[90m [39m[90many billing date selects correct active tariff @ repetition 10 of 100[39m[90m                                       [39m [90m0.14s[39m  
  [32;1m✓[39;22m[90m [39m[90many billing date selects correct active tariff @ repetition 11 of 100[39m[90m                                       [39m [90m0.16s[39m  
  [32;1m✓[39;22m[90m [39m[90many billing date selects correct active tariff @ repetition 12 of 100[39m[90m                                       [39m [90m0.15s[39m  
  [32;1m✓[39;22m[90m [39m[90many billing date selects correct active tariff @ repetition 13 of 100[39m[90m                                       [39m [90m0.17s[39m  
  [32;1m✓[39;22m[90m [39m[90many billing date selects correct active tariff @ repetition 14 of 100[39m[90m                                       [39m [90m0.17s[39m  
  [32;1m✓[39;22m[90m [39m[90many billing date selects correct active tariff @ repetition 15 of 100[39m[90m                                       [39m [90m0.27s[39m  
  [32;1m✓[39;22m[90m [39m[90many billing date selects correct active tariff @ repetition 16 of 100[39m[90m                                       [39m [90m0.15s[39m  
  [32;1m✓[39;22m[90m [39m[90many billing date selects correct active tariff @ repetition 17 of 100[39m[90m                                       [39m [90m0.14s[39m  
  [32;1m✓[39;22m[90m [39m[90many billing date selects correct active tariff @ repetition 18 of 100[39m[90m                                       [39m [90m0.14s[39m  
  [32;1m✓[39;22m[90m [39m[90many billing date selects correct active tariff @ repetition 19 of 100[39m[90m                                       [39m [90m0.17s[39m  
  [32;1m✓[39;22m[90m [39m[90many billing date selects correct active tariff @ repetition 20 of 100[39m[90m                                       [39m [90m0.24s[39m  
  [32;1m✓[39;22m[90m [39m[90many billing date selects correct active tariff @ repetition 21 of 100[39m[90m                                       [39m [90m0.15s[39m  
  [32;1m✓[39;22m[90m [39m[90many billing date selects correct active tariff @ repetition 22 of 100[39m[90m                                       [39m [90m0.13s[39m  
  [32;1m✓[39;22m[90m [39m[90many billing date selects correct active tariff @ repetition 23 of 100[39m[90m                                       [39m [90m0.26s[39m  
  [32;1m✓[39;22m[90m [39m[90many billing date selects correct active tariff @ repetition 24 of 100[39m[90m                                       [39m [90m0.15s[39m  
  [32;1m✓[39;22m[90m [39m[90many billing date selects correct active tariff @ repetition 25 of 100[39m[90m                                       [39m [90m0.14s[39m  
  [32;1m✓[39;22m[90m [39m[90many billing date selects correct active tariff @ repetition 26 of 100[39m[90m                                       [39m [90m0.16s[39m  
  [32;1m✓[39;22m[90m [39m[90many billing date selects correct active tariff @ repetition 27 of 100[39m[90m                                       [39m [90m0.17s[39m  
  [32;1m✓[39;22m[90m [39m[90many billing date selects correct active tariff @ repetition 28 of 100[39m[90m                                       [39m [90m0.16s[39m  
  [32;1m✓[39;22m[90m [39m[90many billing date selects correct active tariff @ repetition 29 of 100[39m[90m                                       [39m [90m0.11s[39m  
  [32;1m✓[39;22m[90m [39m[90many billing date selects correct active tariff @ repetition 30 of 100[39m[90m                                       [39m [90m0.19s[39m  
  [32;1m✓[39;22m[90m [39m[90many billing date selects correct active tariff @ repetition 31 of 100[39m[90m                                       [39m [90m0.28s[39m  
  [32;1m✓[39;22m[90m [39m[90many billing date selects correct active tariff @ repetition 32 of 100[39m[90m                                       [39m [90m0.19s[39m  
  [32;1m✓[39;22m[90m [39m[90many billing date selects correct active tariff @ repetition 33 of 100[39m[90m                                       [39m [90m0.18s[39m  
  [32;1m✓[39;22m[90m [39m[90many billing date selects correct active tariff @ repetition 34 of 100[39m[90m                                       [39m [90m0.14s[39m  
  [32;1m✓[39;22m[90m [39m[90many billing date selects correct active tariff @ repetition 35 of 100[39m[90m                                       [39m [90m0.16s[39m  
  [32;1m✓[39;22m[90m [39m[90many billing date selects correct active tariff @ repetition 36 of 100[39m[90m                                       [39m [90m0.19s[39m  
  [32;1m✓[39;22m[90m [39m[90many billing date selects correct active tariff @ repetition 37 of 100[39m[90m                                       [39m [90m0.14s[39m  
  [32;1m✓[39;22m[90m [39m[90many billing date selects correct active tariff @ repetition 38 of 100[39m[90m                                       [39m [90m0.18s[39m  
  [32;1m✓[39;22m[90m [39m[90many billing date selects correct active tariff @ repetition 39 of 100[39m[90m                                       [39m [90m0.26s[39m  
  [32;1m✓[39;22m[90m [39m[90many billing date selects correct active tariff @ repetition 40 of 100[39m[90m                                       [39m [90m0.16s[39m  
  [32;1m✓[39;22m[90m [39m[90many billing date selects correct active tariff @ repetition 41 of 100[39m[90m                                       [39m [90m0.17s[39m  
  [32;1m✓[39;22m[90m [39m[90many billing date selects correct active tariff @ repetition 42 of 100[39m[90m                                       [39m [90m0.19s[39m  
  [32;1m✓[39;22m[90m [39m[90many billing date selects correct active tariff @ repetition 43 of 100[39m[90m                                       [39m [90m0.14s[39m  
  [32;1m✓[39;22m[90m [39m[90many billing date selects correct active tariff @ repetition 44 of 100[39m[90m                                       [39m [90m0.15s[39m  
  [32;1m✓[39;22m[90m [39m[90many billing date selects correct active tariff @ repetition 45 of 100[39m[90m                                       [39m [90m0.13s[39m  
  [32;1m✓[39;22m[90m [39m[90many billing date selects correct active tariff @ repetition 46 of 100[39m[90m                                       [39m [90m0.16s[39m  
  [32;1m✓[39;22m[90m [39m[90many billing date selects correct active tariff @ repetition 47 of 100[39m[90m                                       [39m [90m0.28s[39m  
  [32;1m✓[39;22m[90m [39m[90many billing date selects correct active tariff @ repetition 48 of 100[39m[90m                                       [39m [90m0.14s[39m  
  [32;1m✓[39;22m[90m [39m[90many billing date selects correct active tariff @ repetition 49 of 100[39m[90m                                       [39m [90m0.10s[39m  
  [32;1m✓[39;22m[90m [39m[90many billing date selects correct active tariff @ repetition 50 of 100[39m[90m                                       [39m [90m0.10s[39m  
  [32;1m✓[39;22m[90m [39m[90many billing date selects correct active tariff @ repetition 51 of 100[39m[90m                                       [39m [90m0.16s[39m  
  [32;1m✓[39;22m[90m [39m[90many billing date selects correct active tariff @ repetition 52 of 100[39m[90m                                       [39m [90m0.19s[39m  
  [32;1m✓[39;22m[90m [39m[90many billing date selects correct active tariff @ repetition 53 of 100[39m[90m                                       [39m [90m0.17s[39m  
  [32;1m✓[39;22m[90m [39m[90many billing date selects correct active tariff @ repetition 54 of 100[39m[90m                                       [39m [90m0.17s[39m  
  [32;1m✓[39;22m[90m [39m[90many billing date selects correct active tariff @ repetition 55 of 100[39m[90m                                       [39m [90m0.25s[39m  
  [32;1m✓[39;22m[90m [39m[90many billing date selects correct active tariff @ repetition 56 of 100[39m[90m                                       [39m [90m0.15s[39m  
  [32;1m✓[39;22m[90m [39m[90many billing date selects correct active tariff @ repetition 57 of 100[39m[90m                                       [39m [90m0.15s[39m  
  [32;1m✓[39;22m[90m [39m[90many billing date selects correct active tariff @ repetition 58 of 100[39m[90m                                       [39m [90m0.14s[39m  
  [32;1m✓[39;22m[90m [39m[90many billing date selects correct active tariff @ repetition 59 of 100[39m[90m                                       [39m [90m0.16s[39m  
  [32;1m✓[39;22m[90m [39m[90many billing date selects correct active tariff @ repetition 60 of 100[39m[90m                                       [39m [90m0.13s[39m  
  [32;1m✓[39;22m[90m [39m[90many billing date selects correct active tariff @ repetition 61 of 100[39m[90m                                       [39m [90m0.18s[39m  
  [32;1m✓[39;22m[90m [39m[90many billing date selects correct active tariff @ repetition 62 of 100[39m[90m                                       [39m [90m0.18s[39m  
  [32;1m✓[39;22m[90m [39m[90many billing date selects correct active tariff @ repetition 63 of 100[39m[90m                                       [39m [90m0.28s[39m  
  [32;1m✓[39;22m[90m [39m[90many billing date selects correct active tariff @ repetition 64 of 100[39m[90m                                       [39m [90m0.14s[39m  
  [32;1m✓[39;22m[90m [39m[90many billing date selects correct active tariff @ repetition 65 of 100[39m[90m                                       [39m [90m0.15s[39m  
  [32;1m✓[39;22m[90m [39m[90many billing date selects correct active tariff @ repetition 66 of 100[39m[90m                                       [39m [90m0.18s[39m  
  [32;1m✓[39;22m[90m [39m[90many billing date selects correct active tariff @ repetition 67 of 100[39m[90m                                       [39m [90m0.14s[39m  
  [32;1m✓[39;22m[90m [39m[90many billing date selects correct active tariff @ repetition 68 of 100[39m[90m                                       [39m [90m0.16s[39m  
  [32;1m✓[39;22m[90m [39m[90many billing date selects correct active tariff @ repetition 69 of 100[39m[90m                                       [39m [90m0.16s[39m  
  [32;1m✓[39;22m[90m [39m[90many billing date selects correct active tariff @ repetition 70 of 100[39m[90m                                       [39m [90m0.13s[39m  
  [32;1m✓[39;22m[90m [39m[90many billing date selects correct active tariff @ repetition 71 of 100[39m[90m                                       [39m [90m0.30s[39m  
  [32;1m✓[39;22m[90m [39m[90many billing date selects correct active tariff @ repetition 72 of 100[39m[90m                                       [39m [90m0.13s[39m  
  [32;1m✓[39;22m[90m [39m[90many billing date selects correct active tariff @ repetition 73 of 100[39m[90m                                       [39m [90m0.14s[39m  
  [32;1m✓[39;22m[90m [39m[90many billing date selects correct active tariff @ repetition 74 of 100[39m[90m                                       [39m [90m0.14s[39m  
  [32;1m✓[39;22m[90m [39m[90many billing date selects correct active tariff @ repetition 75 of 100[39m[90m                                       [39m [90m0.18s[39m  
  [32;1m✓[39;22m[90m [39m[90many billing date selects correct active tariff @ repetition 76 of 100[39m[90m                                       [39m [90m0.12s[39m  
  [32;1m✓[39;22m[90m [39m[90many billing date selects correct active tariff @ repetition 77 of 100[39m[90m                                       [39m [90m0.15s[39m  
  [32;1m✓[39;22m[90m [39m[90many billing date selects correct active tariff @ repetition 78 of 100[39m[90m                                       [39m [90m0.13s[39m  
  [32;1m✓[39;22m[90m [39m[90many billing date selects correct active tariff @ repetition 79 of 100[39m[90m                                       [39m [90m0.27s[39m  
  [32;1m✓[39;22m[90m [39m[90many billing date selects correct active tariff @ repetition 80 of 100[39m[90m                                       [39m [90m0.17s[39m  
  [32;1m✓[39;22m[90m [39m[90many billing date selects correct active tariff @ repetition 81 of 100[39m[90m                                       [39m [90m0.16s[39m  
  [32;1m✓[39;22m[90m [39m[90many billing date selects correct active tariff @ repetition 82 of 100[39m[90m                                       [39m [90m0.13s[39m  
  [32;1m✓[39;22m[90m [39m[90many billing date selects correct active tariff @ repetition 83 of 100[39m[90m                                       [39m [90m0.16s[39m  
  [32;1m✓[39;22m[90m [39m[90many billing date selects correct active tariff @ repetition 84 of 100[39m[90m                                       [39m [90m0.17s[39m  
  [32;1m✓[39;22m[90m [39m[90many billing date selects correct active tariff @ repetition 85 of 100[39m[90m                                       [39m [90m0.14s[39m  
  [32;1m✓[39;22m[90m [39m[90many billing date selects correct active tariff @ repetition 86 of 100[39m[90m                                       [39m [90m0.13s[39m  
  [32;1m✓[39;22m[90m [39m[90many billing date selects correct active tariff @ repetition 87 of 100[39m[90m                                       [39m [90m0.23s[39m  
  [32;1m✓[39;22m[90m [39m[90many billing date selects correct active tariff @ repetition 88 of 100[39m[90m                                       [39m [90m0.20s[39m  
  [32;1m✓[39;22m[90m [39m[90many billing date selects correct active tariff @ repetition 89 of 100[39m[90m                                       [39m [90m0.17s[39m  
  [32;1m✓[39;22m[90m [39m[90many billing date selects correct active tariff @ repetition 90 of 100[39m[90m                                       [39m [90m0.18s[39m  
  [32;1m✓[39;22m[90m [39m[90many billing date selects correct active tariff @ repetition 91 of 100[39m[90m                                       [39m [90m0.16s[39m  
  [32;1m✓[39;22m[90m [39m[90many billing date selects correct active tariff @ repetition 92 of 100[39m[90m                                       [39m [90m0.11s[39m  
  [32;1m✓[39;22m[90m [39m[90many billing date selects correct active tariff @ repetition 93 of 100[39m[90m                                       [39m [90m0.17s[39m  
  [32;1m✓[39;22m[90m [39m[90many billing date selects correct active tariff @ repetition 94 of 100[39m[90m                                       [39m [90m0.11s[39m  
  [32;1m✓[39;22m[90m [39m[90many billing date selects correct active tariff @ repetition 95 of 100[39m[90m                                       [39m [90m0.21s[39m  
  [32;1m✓[39;22m[90m [39m[90many billing date selects correct active tariff @ repetition 96 of 100[39m[90m                                       [39m [90m0.16s[39m  
  [32;1m✓[39;22m[90m [39m[90many billing date selects correct active tariff @ repetition 97 of 100[39m[90m                                       [39m [90m0.18s[39m  
  [32;1m✓[39;22m[90m [39m[90many billing date selects correct active tariff @ repetition 98 of 100[39m[90m                                       [39m [90m0.18s[39m  
  [32;1m✓[39;22m[90m [39m[90many billing date selects correct active tariff @ repetition 99 of 100[39m[90m                                       [39m [90m0.16s[39m  
  [32;1m✓[39;22m[90m [39m[90many billing date selects correct active tariff @ repetition 100 of 100[39m[90m                                      [39m [90m0.13s[39m  
  [32;1m✓[39;22m[90m [39m[90many weekend consumption uses weekend rates @ repetition 1 of 100[39m[90m                                            [39m [90m1.94s[39m  
  [32;1m✓[39;22m[90m [39m[90many weekend consumption uses weekend rates @ repetition 2 of 100[39m[90m                                            [39m [90m1.84s[39m  
  [32;1m✓[39;22m[90m [39m[90many weekend consumption uses weekend rates @ repetition 3 of 100[39m[90m                                            [39m [90m1.94s[39m  
  [32;1m✓[39;22m[90m [39m[90many weekend consumption uses weekend rates @ repetition 4 of 100[39m[90m                                            [39m [90m2.07s[39m  
  [32;1m✓[39;22m[90m [39m[90many weekend consumption uses weekend rates @ repetition 5 of 100[39m[90m                                            [39m [90m1.92s[39m  
  [32;1m✓[39;22m[90m [39m[90many weekend consumption uses weekend rates @ repetition 6 of 100[39m[90m                                            [39m [90m1.97s[39m  
  [32;1m✓[39;22m[90m [39m[90many weekend consumption uses weekend rates @ repetition 7 of 100[39m[90m                                            [39m [90m1.88s[39m  
  [32;1m✓[39;22m[90m [39m[90many weekend consumption uses weekend rates @ repetition 8 of 100[39m[90m                                            [39m [90m1.87s[39m  
  [32;1m✓[39;22m[90m [39m[90many weekend consumption uses weekend rates @ repetition 9 of 100[39m[90m                                            [39m [90m1.98s[39m  
  [32;1m✓[39;22m[90m [39m[90many weekend consumption uses weekend rates @ repetition 10 of 100[39m[90m                                           [39m [90m2.00s[39m  
  [32;1m✓[39;22m[90m [39m[90many weekend consumption uses weekend rates @ repetition 11 of 100[39m[90m                                           [39m [90m1.90s[39m  
  [32;1m✓[39;22m[90m [39m[90many weekend consumption uses weekend rates @ repetition 12 of 100[39m[90m                                           [39m [90m1.91s[39m  
  [32;1m✓[39;22m[90m [39m[90many weekend consumption uses weekend rates @ repetition 13 of 100[39m[90m                                           [39m [90m1.93s[39m  
  [32;1m✓[39;22m[90m [39m[90many weekend consumption uses weekend rates @ repetition 14 of 100[39m[90m                                           [39m [90m1.81s[39m  
  [32;1m✓[39;22m[90m [39m[90many weekend consumption uses weekend rates @ repetition 15 of 100[39m[90m                                           [39m [90m1.87s[39m  
  [32;1m✓[39;22m[90m [39m[90many weekend consumption uses weekend rates @ repetition 16 of 100[39m[90m                                           [39m [90m1.94s[39m  
  [32;1m✓[39;22m[90m [39m[90many weekend consumption uses weekend rates @ repetition 17 of 100[39m[90m                                           [39m [90m1.95s[39m  
  [32;1m✓[39;22m[90m [39m[90many weekend consumption uses weekend rates @ repetition 18 of 100[39m[90m                                           [39m [90m2.08s[39m  
  [32;1m✓[39;22m[90m [39m[90many weekend consumption uses weekend rates @ repetition 19 of 100[39m[90m                                           [39m [90m1.89s[39m  
  [32;1m✓[39;22m[90m [39m[90many weekend consumption uses weekend rates @ repetition 20 of 100[39m[90m                                           [39m [90m2.07s[39m  
  [32;1m✓[39;22m[90m [39m[90many weekend consumption uses weekend rates @ repetition 21 of 100[39m[90m                                           [39m [90m1.94s[39m  
  [32;1m✓[39;22m[90m [39m[90many weekend consumption uses weekend rates @ repetition 22 of 100[39m[90m                                           [39m [90m1.91s[39m  
  [32;1m✓[39;22m[90m [39m[90many weekend consumption uses weekend rates @ repetition 23 of 100[39m[90m                                           [39m [90m1.86s[39m  
  [32;1m✓[39;22m[90m [39m[90many weekend consumption uses weekend rates @ repetition 24 of 100[39m[90m                                           [39m [90m2.04s[39m  
  [32;1m✓[39;22m[90m [39m[90many weekend consumption uses weekend rates @ repetition 25 of 100[39m[90m                                           [39m [90m2.00s[39m  
  [32;1m✓[39;22m[90m [39m[90many weekend consumption uses weekend rates @ repetition 26 of 100[39m[90m                                           [39m [90m1.95s[39m  
  [32;1m✓[39;22m[90m [39m[90many weekend consumption uses weekend rates @ repetition 27 of 100[39m[90m                                           [39m [90m1.98s[39m  
  [32;1m✓[39;22m[90m [39m[90many weekend consumption uses weekend rates @ repetition 28 of 100[39m[90m                                           [39m [90m2.01s[39m  
  [32;1m✓[39;22m[90m [39m[90many weekend consumption uses weekend rates @ repetition 29 of 100[39m[90m                                           [39m [90m1.93s[39m  
  [32;1m✓[39;22m[90m [39m[90many weekend consumption uses weekend rates @ repetition 30 of 100[39m[90m                                           [39m [90m2.04s[39m  
  [32;1m✓[39;22m[90m [39m[90many weekend consumption uses weekend rates @ repetition 31 of 100[39m[90m                                           [39m [90m2.14s[39m  
  [32;1m✓[39;22m[90m [39m[90many weekend consumption uses weekend rates @ repetition 32 of 100[39m[90m                                           [39m [90m1.95s[39m  
  [32;1m✓[39;22m[90m [39m[90many weekend consumption uses weekend rates @ repetition 33 of 100[39m[90m                                           [39m [90m1.94s[39m  
  [32;1m✓[39;22m[90m [39m[90many weekend consumption uses weekend rates @ repetition 34 of 100[39m[90m                                           [39m [90m1.98s[39m  
  [32;1m✓[39;22m[90m [39m[90many weekend consumption uses weekend rates @ repetition 35 of 100[39m[90m                                           [39m [90m1.94s[39m  
  [32;1m✓[39;22m[90m [39m[90many weekend consumption uses weekend rates @ repetition 36 of 100[39m[90m                                           [39m [90m2.02s[39m  
  [32;1m✓[39;22m[90m [39m[90many weekend consumption uses weekend rates @ repetition 37 of 100[39m[90m                                           [39m [90m1.93s[39m  
  [32;1m✓[39;22m[90m [39m[90many weekend consumption uses weekend rates @ repetition 38 of 100[39m[90m                                           [39m [90m2.03s[39m  
  [32;1m✓[39;22m[90m [39m[90many weekend consumption uses weekend rates @ repetition 39 of 100[39m[90m                                           [39m [90m2.05s[39m  
  [32;1m✓[39;22m[90m [39m[90many weekend consumption uses weekend rates @ repetition 40 of 100[39m[90m                                           [39m [90m2.19s[39m  
  [32;1m✓[39;22m[90m [39m[90many weekend consumption uses weekend rates @ repetition 41 of 100[39m[90m                                           [39m [90m2.03s[39m  
  [32;1m✓[39;22m[90m [39m[90many weekend consumption uses weekend rates @ repetition 42 of 100[39m[90m                                           [39m [90m1.84s[39m  
  [32;1m✓[39;22m[90m [39m[90many weekend consumption uses weekend rates @ repetition 43 of 100[39m[90m                                           [39m [90m2.12s[39m  
  [32;1m✓[39;22m[90m [39m[90many weekend consumption uses weekend rates @ repetition 44 of 100[39m[90m                                           [39m [90m1.78s[39m  
  [32;1m✓[39;22m[90m [39m[90many weekend consumption uses weekend rates @ repetition 45 of 100[39m[90m                                           [39m [90m2.15s[39m  
  [32;1m✓[39;22m[90m [39m[90many weekend consumption uses weekend rates @ repetition 46 of 100[39m[90m                                           [39m [90m1.95s[39m  
  [32;1m✓[39;22m[90m [39m[90many weekend consumption uses weekend rates @ repetition 47 of 100[39m[90m                                           [39m [90m1.94s[39m  
  [32;1m✓[39;22m[90m [39m[90many weekend consumption uses weekend rates @ repetition 48 of 100[39m[90m                                           [39m [90m1.85s[39m  
  [32;1m✓[39;22m[90m [39m[90many weekend consumption uses weekend rates @ repetition 49 of 100[39m[90m                                           [39m [90m2.00s[39m  
  [32;1m✓[39;22m[90m [39m[90many weekend consumption uses weekend rates @ repetition 50 of 100[39m[90m                                           [39m [90m1.94s[39m  
  [32;1m✓[39;22m[90m [39m[90many weekend consumption uses weekend rates @ repetition 51 of 100[39m[90m                                           [39m [90m2.08s[39m  
  [32;1m✓[39;22m[90m [39m[90many weekend consumption uses weekend rates @ repetition 52 of 100[39m[90m                                           [39m [90m1.90s[39m  
  [32;1m✓[39;22m[90m [39m[90many weekend consumption uses weekend rates @ repetition 53 of 100[39m[90m                                           [39m [90m2.15s[39m  
  [32;1m✓[39;22m[90m [39m[90many weekend consumption uses weekend rates @ repetition 54 of 100[39m[90m                                           [39m [90m2.06s[39m  
  [32;1m✓[39;22m[90m [39m[90many weekend consumption uses weekend rates @ repetition 55 of 100[39m[90m                                           [39m [90m1.73s[39m  
  [32;1m✓[39;22m[90m [39m[90many weekend consumption uses weekend rates @ repetition 56 of 100[39m[90m                                           [39m [90m1.77s[39m  
  [32;1m✓[39;22m[90m [39m[90many weekend consumption uses weekend rates @ repetition 57 of 100[39m[90m                                           [39m [90m1.91s[39m  
  [32;1m✓[39;22m[90m [39m[90many weekend consumption uses weekend rates @ repetition 58 of 100[39m[90m                                           [39m [90m1.69s[39m  
  [32;1m✓[39;22m[90m [39m[90many weekend consumption uses weekend rates @ repetition 59 of 100[39m[90m                                           [39m [90m1.64s[39m  
  [32;1m✓[39;22m[90m [39m[90many weekend consumption uses weekend rates @ repetition 60 of 100[39m[90m                                           [39m [90m1.92s[39m  
  [32;1m✓[39;22m[90m [39m[90many weekend consumption uses weekend rates @ repetition 61 of 100[39m[90m                                           [39m [90m1.62s[39m  
  [32;1m✓[39;22m[90m [39m[90many weekend consumption uses weekend rates @ repetition 62 of 100[39m[90m                                           [39m [90m1.66s[39m  
  [32;1m✓[39;22m[90m [39m[90many weekend consumption uses weekend rates @ repetition 63 of 100[39m[90m                                           [39m [90m1.88s[39m  
  [32;1m✓[39;22m[90m [39m[90many weekend consumption uses weekend rates @ repetition 64 of 100[39m[90m                                           [39m [90m1.84s[39m  
  [32;1m✓[39;22m[90m [39m[90many weekend consumption uses weekend rates @ repetition 65 of 100[39m[90m                                           [39m [90m1.81s[39m  
  [32;1m✓[39;22m[90m [39m[90many weekend consumption uses weekend rates @ repetition 66 of 100[39m[90m                                           [39m [90m1.69s[39m  
  [32;1m✓[39;22m[90m [39m[90many weekend consumption uses weekend rates @ repetition 67 of 100[39m[90m                                           [39m [90m1.81s[39m  
  [32;1m✓[39;22m[90m [39m[90many weekend consumption uses weekend rates @ repetition 68 of 100[39m[90m                                           [39m [90m1.92s[39m  
  [32;1m✓[39;22m[90m [39m[90many weekend consumption uses weekend rates @ repetition 69 of 100[39m[90m                                           [39m [90m1.91s[39m  
  [32;1m✓[39;22m[90m [39m[90many weekend consumption uses weekend rates @ repetition 70 of 100[39m[90m                                           [39m [90m1.76s[39m  
  [32;1m✓[39;22m[90m [39m[90many weekend consumption uses weekend rates @ repetition 71 of 100[39m[90m                                           [39m [90m1.90s[39m  
  [32;1m✓[39;22m[90m [39m[90many weekend consumption uses weekend rates @ repetition 72 of 100[39m[90m                                           [39m [90m1.75s[39m  
  [32;1m✓[39;22m[90m [39m[90many weekend consumption uses weekend rates @ repetition 73 of 100[39m[90m                                           [39m [90m1.63s[39m  
  [32;1m✓[39;22m[90m [39m[90many weekend consumption uses weekend rates @ repetition 74 of 100[39m[90m                                           [39m [90m1.69s[39m  
  [32;1m✓[39;22m[90m [39m[90many weekend consumption uses weekend rates @ repetition 75 of 100[39m[90m                                           [39m [90m1.89s[39m  
  [32;1m✓[39;22m[90m [39m[90many weekend consumption uses weekend rates @ repetition 76 of 100[39m[90m                                           [39m [90m1.76s[39m  
  [32;1m✓[39;22m[90m [39m[90many weekend consumption uses weekend rates @ repetition 77 of 100[39m[90m                                           [39m [90m1.84s[39m  
  [32;1m✓[39;22m[90m [39m[90many weekend consumption uses weekend rates @ repetition 78 of 100[39m[90m                                           [39m [90m1.68s[39m  
  [32;1m✓[39;22m[90m [39m[90many weekend consumption uses weekend rates @ repetition 79 of 100[39m[90m                                           [39m [90m1.77s[39m  
  [32;1m✓[39;22m[90m [39m[90many weekend consumption uses weekend rates @ repetition 80 of 100[39m[90m                                           [39m [90m1.88s[39m  
  [32;1m✓[39;22m[90m [39m[90many weekend consumption uses weekend rates @ repetition 81 of 100[39m[90m                                           [39m [90m1.62s[39m  
  [32;1m✓[39;22m[90m [39m[90many weekend consumption uses weekend rates @ repetition 82 of 100[39m[90m                                           [39m [90m1.66s[39m  
  [32;1m✓[39;22m[90m [39m[90many weekend consumption uses weekend rates @ repetition 83 of 100[39m[90m                                           [39m [90m1.79s[39m  
  [32;1m✓[39;22m[90m [39m[90many weekend consumption uses weekend rates @ repetition 84 of 100[39m[90m                                           [39m [90m1.73s[39m  
  [32;1m✓[39;22m[90m [39m[90many weekend consumption uses weekend rates @ repetition 85 of 100[39m[90m                                           [39m [90m1.81s[39m  
  [32;1m✓[39;22m[90m [39m[90many weekend consumption uses weekend rates @ repetition 86 of 100[39m[90m                                           [39m [90m1.69s[39m  
  [32;1m✓[39;22m[90m [39m[90many weekend consumption uses weekend rates @ repetition 87 of 100[39m[90m                                           [39m [90m1.72s[39m  
  [32;1m✓[39;22m[90m [39m[90many weekend consumption uses weekend rates @ repetition 88 of 100[39m[90m                                           [39m [90m1.83s[39m  
  [32;1m✓[39;22m[90m [39m[90many weekend consumption uses weekend rates @ repetition 89 of 100[39m[90m                                           [39m [90m1.77s[39m  
  [32;1m✓[39;22m[90m [39m[90many weekend consumption uses weekend rates @ repetition 90 of 100[39m[90m                                           [39m [90m1.57s[39m  
  [32;1m✓[39;22m[90m [39m[90many weekend consumption uses weekend rates @ repetition 91 of 100[39m[90m                                           [39m [90m1.59s[39m  
  [32;1m✓[39;22m[90m [39m[90many weekend consumption uses weekend rates @ repetition 92 of 100[39m[90m                                           [39m [90m1.61s[39m  
  [32;1m✓[39;22m[90m [39m[90many weekend consumption uses weekend rates @ repetition 93 of 100[39m[90m                                           [39m [90m1.39s[39m  
  [32;1m✓[39;22m[90m [39m[90many weekend consumption uses weekend rates @ repetition 94 of 100[39m[90m                                           [39m [90m1.52s[39m  
  [32;1m✓[39;22m[90m [39m[90many weekend consumption uses weekend rates @ repetition 95 of 100[39m[90m                                           [39m [90m1.67s[39m  
  [32;1m✓[39;22m[90m [39m[90many weekend consumption uses weekend rates @ repetition 96 of 100[39m[90m                                           [39m [90m1.68s[39m  
  [32;1m✓[39;22m[90m [39m[90many weekend consumption uses weekend rates @ repetition 97 of 100[39m[90m                                           [39m [90m1.73s[39m  
  [32;1m✓[39;22m[90m [39m[90many weekend consumption uses weekend rates @ repetition 98 of 100[39m[90m                                           [39m [90m1.78s[39m  
  [32;1m✓[39;22m[90m [39m[90many weekend consumption uses weekend rates @ repetition 99 of 100[39m[90m                                           [39m [90m1.84s[39m  
  [32;1m✓[39;22m[90m [39m[90many weekend consumption uses weekend rates @ repetition 100 of 100[39m[90m                                          [39m [90m1.78s[39m  
  [32;1m✓[39;22m[90m [39m[90many date with multiple active tariffs selects most recent @ repetition 1 of 100[39m[90m                             [39m [90m0.15s[39m  
  [32;1m✓[39;22m[90m [39m[90many date with multiple active tariffs selects most recent @ repetition 2 of 100[39m[90m                             [39m [90m0.15s[39m  
  [32;1m✓[39;22m[90m [39m[90many date with multiple active tariffs selects most recent @ repetition 3 of 100[39m[90m                             [39m [90m0.09s[39m  
  [32;1m✓[39;22m[90m [39m[90many date with multiple active tariffs selects most recent @ repetition 4 of 100[39m[90m                             [39m [90m0.10s[39m  
  [32;1m✓[39;22m[90m [39m[90many date with multiple active tariffs selects most recent @ repetition 5 of 100[39m[90m                             [39m [90m0.10s[39m  
  [32;1m✓[39;22m[90m [39m[90many date with multiple active tariffs selects most recent @ repetition 6 of 100[39m[90m                             [39m [90m0.10s[39m  
  [32;1m✓[39;22m[90m [39m[90many date with multiple active tariffs selects most recent @ repetition 7 of 100[39m[90m                             [39m [90m0.12s[39m  
  [32;1m✓[39;22m[90m [39m[90many date with multiple active tariffs selects most recent @ repetition 8 of 100[39m[90m                             [39m [90m0.14s[39m  
  [32;1m✓[39;22m[90m [39m[90many date with multiple active tariffs selects most recent @ repetition 9 of 100[39m[90m                             [39m [90m0.15s[39m  
  [32;1m✓[39;22m[90m [39m[90many date with multiple active tariffs selects most recent @ repetition 10 of 100[39m[90m                            [39m [90m0.12s[39m  
  [32;1m✓[39;22m[90m [39m[90many date with multiple active tariffs selects most recent @ repetition 11 of 100[39m[90m                            [39m [90m0.15s[39m  
  [32;1m✓[39;22m[90m [39m[90many date with multiple active tariffs selects most recent @ repetition 12 of 100[39m[90m                            [39m [90m0.10s[39m  
  [32;1m✓[39;22m[90m [39m[90many date with multiple active tariffs selects most recent @ repetition 13 of 100[39m[90m                            [39m [90m0.10s[39m  
  [32;1m✓[39;22m[90m [39m[90many date with multiple active tariffs selects most recent @ repetition 14 of 100[39m[90m                            [39m [90m0.11s[39m  
  [32;1m✓[39;22m[90m [39m[90many date with multiple active tariffs selects most recent @ repetition 15 of 100[39m[90m                            [39m [90m0.11s[39m  
  [32;1m✓[39;22m[90m [39m[90many date with multiple active tariffs selects most recent @ repetition 16 of 100[39m[90m                            [39m [90m0.16s[39m  
  [32;1m✓[39;22m[90m [39m[90many date with multiple active tariffs selects most recent @ repetition 17 of 100[39m[90m                            [39m [90m0.11s[39m  
  [32;1m✓[39;22m[90m [39m[90many date with multiple active tariffs selects most recent @ repetition 18 of 100[39m[90m                            [39m [90m0.11s[39m  
  [32;1m✓[39;22m[90m [39m[90many date with multiple active tariffs selects most recent @ repetition 19 of 100[39m[90m                            [39m [90m0.12s[39m  
  [32;1m✓[39;22m[90m [39m[90many date with multiple active tariffs selects most recent @ repetition 20 of 100[39m[90m                            [39m [90m0.15s[39m  
  [32;1m✓[39;22m[90m [39m[90many date with multiple active tariffs selects most recent @ repetition 21 of 100[39m[90m                            [39m [90m0.15s[39m  
  [32;1m✓[39;22m[90m [39m[90many date with multiple active tariffs selects most recent @ repetition 22 of 100[39m[90m                            [39m [90m0.15s[39m  
  [32;1m✓[39;22m[90m [39m[90many date with multiple active tariffs selects most recent @ repetition 23 of 100[39m[90m                            [39m [90m0.10s[39m  
  [32;1m✓[39;22m[90m [39m[90many date with multiple active tariffs selects most recent @ repetition 24 of 100[39m[90m                            [39m [90m0.10s[39m  
  [32;1m✓[39;22m[90m [39m[90many date with multiple active tariffs selects most recent @ repetition 25 of 100[39m[90m                            [39m [90m0.10s[39m  
  [32;1m✓[39;22m[90m [39m[90many date with multiple active tariffs selects most recent @ repetition 26 of 100[39m[90m                            [39m [90m0.12s[39m  
  [32;1m✓[39;22m[90m [39m[90many date with multiple active tariffs selects most recent @ repetition 27 of 100[39m[90m                            [39m [90m0.18s[39m  
  [32;1m✓[39;22m[90m [39m[90many date with multiple active tariffs selects most recent @ repetition 28 of 100[39m[90m                            [39m [90m0.14s[39m  
  [32;1m✓[39;22m[90m [39m[90many date with multiple active tariffs selects most recent @ repetition 29 of 100[39m[90m                            [39m [90m0.13s[39m  
  [32;1m✓[39;22m[90m [39m[90many date with multiple active tariffs selects most recent @ repetition 30 of 100[39m[90m                            [39m [90m0.10s[39m  
  [32;1m✓[39;22m[90m [39m[90many date with multiple active tariffs selects most recent @ repetition 31 of 100[39m[90m                            [39m [90m0.11s[39m  
  [32;1m✓[39;22m[90m [39m[90many date with multiple active tariffs selects most recent @ repetition 32 of 100[39m[90m                            [39m [90m0.11s[39m  
  [32;1m✓[39;22m[90m [39m[90many date with multiple active tariffs selects most recent @ repetition 33 of 100[39m[90m                            [39m [90m0.10s[39m  
  [32;1m✓[39;22m[90m [39m[90many date with multiple active tariffs selects most recent @ repetition 34 of 100[39m[90m                            [39m [90m0.10s[39m  
  [32;1m✓[39;22m[90m [39m[90many date with multiple active tariffs selects most recent @ repetition 35 of 100[39m[90m                            [39m [90m0.12s[39m  
  [32;1m✓[39;22m[90m [39m[90many date with multiple active tariffs selects most recent @ repetition 36 of 100[39m[90m                            [39m [90m0.10s[39m  
  [32;1m✓[39;22m[90m [39m[90many date with multiple active tariffs selects most recent @ repetition 37 of 100[39m[90m                            [39m [90m0.09s[39m  
  [32;1m✓[39;22m[90m [39m[90many date with multiple active tariffs selects most recent @ repetition 38 of 100[39m[90m                            [39m [90m0.11s[39m  
  [32;1m✓[39;22m[90m [39m[90many date with multiple active tariffs selects most recent @ repetition 39 of 100[39m[90m                            [39m [90m0.11s[39m  
  [32;1m✓[39;22m[90m [39m[90many date with multiple active tariffs selects most recent @ repetition 40 of 100[39m[90m                            [39m [90m0.10s[39m  
  [32;1m✓[39;22m[90m [39m[90many date with multiple active tariffs selects most recent @ repetition 41 of 100[39m[90m                            [39m [90m0.12s[39m  
  [32;1m✓[39;22m[90m [39m[90many date with multiple active tariffs selects most recent @ repetition 42 of 100[39m[90m                            [39m [90m0.14s[39m  
  [32;1m✓[39;22m[90m [39m[90many date with multiple active tariffs selects most recent @ repetition 43 of 100[39m[90m                            [39m [90m0.13s[39m  
  [32;1m✓[39;22m[90m [39m[90many date with multiple active tariffs selects most recent @ repetition 44 of 100[39m[90m                            [39m [90m0.17s[39m  
  [32;1m✓[39;22m[90m [39m[90many date with multiple active tariffs selects most recent @ repetition 45 of 100[39m[90m                            [39m [90m0.13s[39m  
  [32;1m✓[39;22m[90m [39m[90many date with multiple active tariffs selects most recent @ repetition 46 of 100[39m[90m                            [39m [90m0.13s[39m  
  [32;1m✓[39;22m[90m [39m[90many date with multiple active tariffs selects most recent @ repetition 47 of 100[39m[90m                            [39m [90m0.10s[39m  
  [32;1m✓[39;22m[90m [39m[90many date with multiple active tariffs selects most recent @ repetition 48 of 100[39m[90m                            [39m [90m0.11s[39m  
  [32;1m✓[39;22m[90m [39m[90many date with multiple active tariffs selects most recent @ repetition 49 of 100[39m[90m                            [39m [90m0.11s[39m  
  [32;1m✓[39;22m[90m [39m[90many date with multiple active tariffs selects most recent @ repetition 50 of 100[39m[90m                            [39m [90m0.13s[39m  
  [32;1m✓[39;22m[90m [39m[90many date with multiple active tariffs selects most recent @ repetition 51 of 100[39m[90m                            [39m [90m0.10s[39m  
  [32;1m✓[39;22m[90m [39m[90many date with multiple active tariffs selects most recent @ repetition 52 of 100[39m[90m                            [39m [90m0.13s[39m  
  [32;1m✓[39;22m[90m [39m[90many date with multiple active tariffs selects most recent @ repetition 53 of 100[39m[90m                            [39m [90m0.14s[39m  
  [32;1m✓[39;22m[90m [39m[90many date with multiple active tariffs selects most recent @ repetition 54 of 100[39m[90m                            [39m [90m0.12s[39m  
  [32;1m✓[39;22m[90m [39m[90many date with multiple active tariffs selects most recent @ repetition 55 of 100[39m[90m                            [39m [90m0.13s[39m  
  [32;1m✓[39;22m[90m [39m[90many date with multiple active tariffs selects most recent @ repetition 56 of 100[39m[90m                            [39m [90m0.13s[39m  
  [32;1m✓[39;22m[90m [39m[90many date with multiple active tariffs selects most recent @ repetition 57 of 100[39m[90m                            [39m [90m0.11s[39m  
  [32;1m✓[39;22m[90m [39m[90many date with multiple active tariffs selects most recent @ repetition 58 of 100[39m[90m                            [39m [90m0.14s[39m  
  [32;1m✓[39;22m[90m [39m[90many date with multiple active tariffs selects most recent @ repetition 59 of 100[39m[90m                            [39m [90m0.12s[39m  
  [32;1m✓[39;22m[90m [39m[90many date with multiple active tariffs selects most recent @ repetition 60 of 100[39m[90m                            [39m [90m0.12s[39m  
  [32;1m✓[39;22m[90m [39m[90many date with multiple active tariffs selects most recent @ repetition 61 of 100[39m[90m                            [39m [90m0.10s[39m  
  [32;1m✓[39;22m[90m [39m[90many date with multiple active tariffs selects most recent @ repetition 62 of 100[39m[90m                            [39m [90m0.11s[39m  
  [32;1m✓[39;22m[90m [39m[90many date with multiple active tariffs selects most recent @ repetition 63 of 100[39m[90m                            [39m [90m0.15s[39m  
  [32;1m✓[39;22m[90m [39m[90many date with multiple active tariffs selects most recent @ repetition 64 of 100[39m[90m                            [39m [90m0.13s[39m  
  [32;1m✓[39;22m[90m [39m[90many date with multiple active tariffs selects most recent @ repetition 65 of 100[39m[90m                            [39m [90m0.14s[39m  
  [32;1m✓[39;22m[90m [39m[90many date with multiple active tariffs selects most recent @ repetition 66 of 100[39m[90m                            [39m [90m0.15s[39m  
  [32;1m✓[39;22m[90m [39m[90many date with multiple active tariffs selects most recent @ repetition 67 of 100[39m[90m                            [39m [90m0.13s[39m  
  [32;1m✓[39;22m[90m [39m[90many date with multiple active tariffs selects most recent @ repetition 68 of 100[39m[90m                            [39m [90m0.16s[39m  
  [32;1m✓[39;22m[90m [39m[90many date with multiple active tariffs selects most recent @ repetition 69 of 100[39m[90m                            [39m [90m0.15s[39m  
  [32;1m✓[39;22m[90m [39m[90many date with multiple active tariffs selects most recent @ repetition 70 of 100[39m[90m                            [39m [90m0.15s[39m  
  [32;1m✓[39;22m[90m [39m[90many date with multiple active tariffs selects most recent @ repetition 71 of 100[39m[90m                            [39m [90m0.12s[39m  
  [32;1m✓[39;22m[90m [39m[90many date with multiple active tariffs selects most recent @ repetition 72 of 100[39m[90m                            [39m [90m0.15s[39m  
  [32;1m✓[39;22m[90m [39m[90many date with multiple active tariffs selects most recent @ repetition 73 of 100[39m[90m                            [39m [90m0.14s[39m  
  [32;1m✓[39;22m[90m [39m[90many date with multiple active tariffs selects most recent @ repetition 74 of 100[39m[90m                            [39m [90m0.15s[39m  
  [32;1m✓[39;22m[90m [39m[90many date with multiple active tariffs selects most recent @ repetition 75 of 100[39m[90m                            [39m [90m0.15s[39m  
  [32;1m✓[39;22m[90m [39m[90many date with multiple active tariffs selects most recent @ repetition 76 of 100[39m[90m                            [39m [90m0.10s[39m  
  [32;1m✓[39;22m[90m [39m[90many date with multiple active tariffs selects most recent @ repetition 77 of 100[39m[90m                            [39m [90m0.12s[39m  
  [32;1m✓[39;22m[90m [39m[90many date with multiple active tariffs selects most recent @ repetition 78 of 100[39m[90m                            [39m [90m0.14s[39m  
  [32;1m✓[39;22m[90m [39m[90many date with multiple active tariffs selects most recent @ repetition 79 of 100[39m[90m                            [39m [90m0.10s[39m  
  [32;1m✓[39;22m[90m [39m[90many date with multiple active tariffs selects most recent @ repetition 80 of 100[39m[90m                            [39m [90m0.15s[39m  
  [32;1m✓[39;22m[90m [39m[90many date with multiple active tariffs selects most recent @ repetition 81 of 100[39m[90m                            [39m [90m0.13s[39m  
  [32;1m✓[39;22m[90m [39m[90many date with multiple active tariffs selects most recent @ repetition 82 of 100[39m[90m                            [39m [90m0.11s[39m  
  [32;1m✓[39;22m[90m [39m[90many date with multiple active tariffs selects most recent @ repetition 83 of 100[39m[90m                            [39m [90m0.12s[39m  
  [32;1m✓[39;22m[90m [39m[90many date with multiple active tariffs selects most recent @ repetition 84 of 100[39m[90m                            [39m [90m0.13s[39m  
  [32;1m✓[39;22m[90m [39m[90many date with multiple active tariffs selects most recent @ repetition 85 of 100[39m[90m                            [39m [90m0.14s[39m  
  [32;1m✓[39;22m[90m [39m[90many date with multiple active tariffs selects most recent @ repetition 86 of 100[39m[90m                            [39m [90m0.09s[39m  
  [32;1m✓[39;22m[90m [39m[90many date with multiple active tariffs selects most recent @ repetition 87 of 100[39m[90m                            [39m [90m0.09s[39m  
  [32;1m✓[39;22m[90m [39m[90many date with multiple active tariffs selects most recent @ repetition 88 of 100[39m[90m                            [39m [90m0.13s[39m  
  [32;1m✓[39;22m[90m [39m[90many date with multiple active tariffs selects most recent @ repetition 89 of 100[39m[90m                            [39m [90m0.16s[39m  
  [32;1m✓[39;22m[90m [39m[90many date with multiple active tariffs selects most recent @ repetition 90 of 100[39m[90m                            [39m [90m0.14s[39m  
  [32;1m✓[39;22m[90m [39m[90many date with multiple active tariffs selects most recent @ repetition 91 of 100[39m[90m                            [39m [90m0.15s[39m  
  [32;1m✓[39;22m[90m [39m[90many date with multiple active tariffs selects most recent @ repetition 92 of 100[39m[90m                            [39m [90m0.12s[39m  
  [32;1m✓[39;22m[90m [39m[90many date with multiple active tariffs selects most recent @ repetition 93 of 100[39m[90m                            [39m [90m0.14s[39m  
  [32;1m✓[39;22m[90m [39m[90many date with multiple active tariffs selects most recent @ repetition 94 of 100[39m[90m                            [39m [90m0.14s[39m  
  [32;1m✓[39;22m[90m [39m[90many date with multiple active tariffs selects most recent @ repetition 95 of 100[39m[90m                            [39m [90m0.14s[39m  
  [32;1m✓[39;22m[90m [39m[90many date with multiple active tariffs selects most recent @ repetition 96 of 100[39m[90m                            [39m [90m0.11s[39m  
  [32;1m✓[39;22m[90m [39m[90many date with multiple active tariffs selects most recent @ repetition 97 of 100[39m[90m                            [39m [90m0.11s[39m  
  [32;1m✓[39;22m[90m [39m[90many date with multiple active tariffs selects most recent @ repetition 98 of 100[39m[90m                            [39m [90m0.13s[39m  
  [32;1m✓[39;22m[90m [39m[90many date with multiple active tariffs selects most recent @ repetition 99 of 100[39m[90m                            [39m [90m0.13s[39m  
  [32;1m✓[39;22m[90m [39m[90many date with multiple active tariffs selects most recent @ repetition 100 of 100[39m[90m                           [39m [90m0.10s[39m  

  [30;42;1m PASS [39;49;22m[39m Tests\Feature\AuthorizationErrorHandlingTest[39m
  [32;1m✓[39;22m[90m [39m[37mAuthorization Error Handling[39m[90m → 403 error page exists and is accessible[39m[90m                                      [39m [90m1.65s[39m  
  [32;1m✓[39;22m[90m [39m[37mAuthorization Error Handling[39m[90m → 403 error page displays user-friendly message[39m[90m                                [39m [90m0.09s[39m  
  [32;1m✓[39;22m[90m [39m[37mAuthorization Error Handling[39m[90m → 403 error page shows appropriate navigation links for authenticated users[39m[90m    [39m [90m0.11s[39m  
  [32;1m✓[39;22m[90m [39m[37mAuthorization Error Handling[39m[90m → 403 error page shows login link for guests[39m[90m                                   [39m [90m0.10s[39m  
  [32;1m✓[39;22m[90m [39m[37mAuthorization Error Handling[39m[90m → authorization exception handler logs failures[39m[90m                                [39m [90m0.14s[39m  
  [32;1m✓[39;22m[90m [39m[37mAuthorization Error Handling[39m[90m → authorization exception returns JSON for API requests[39m[90m                        [39m [90m0.14s[39m  
  [32;1m✓[39;22m[90m [39m[37mAuthorization Error Handling[39m[90m → authorization exception returns HTML for web requests[39m[90m                        [39m [90m0.15s[39m  
  [32;1m✓[39;22m[90m [39m[37mAuthorization Error Handling[39m[90m → 403 error page translations exist for all supported languages[39m[90m                [39m [90m0.11s[39m  
  [32;1m✓[39;22m[90m [39m[37mAuthorization Error Handling[39m[90m → 403 error page shows role-specific dashboard links[39m[90m                           [39m [90m0.12s[39m  
  [32;1m✓[39;22m[90m [39m[37mAuthorization Error Handling[39m[90m → authorization logging includes user context[39m[90m                                  [39m [90m0.15s[39m  
  [32;1m✓[39;22m[90m [39m[37mAuthorization Error Handling[39m[90m → authorization exception does not expose sensitive information[39m[90m                [39m [90m0.18s[39m  

  [30;42;1m PASS [39;49;22m[39m Tests\Feature\BuildingTenantScopeSimpleTest[39m
  [32;1m✓[39;22m[90m [39m[90mmanager can only see their own tenant buildings[39m[90m                                                             [39m [90m0.16s[39m  
  [32;1m✓[39;22m[90m [39m[90msuperadmin can see all tenant buildings[39m[90m                                                                     [39m [90m0.10s[39m  
  [32;1m✓[39;22m[90m [39m[90mmanager cannot access another tenant building by ID[39m[90m                                                         [39m [90m0.13s[39m  

  [39;41;1m FAIL [39;49;22m[39m Tests\Feature\CalculateSummerAverageCommandTest[39m
  [31;1m⨯[39;22m[90m [39m[90mcommand calculates summer average for all buildings[39m[90m                                                         [39m [90m0.18s[39m  
  [32;1m✓[39;22m[90m [39m[90mcommand handles buildings with no meter data gracefully[39m[90m                                                     [39m [90m0.14s[39m  
  [31;1m⨯[39;22m[90m [39m[90mcommand uses previous year when run in early months[39m[90m                                                         [39m [90m0.16s[39m  
  [31;1m⨯[39;22m[90m [39m[90mcommand uses current year when run in later months[39m[90m                                                          [39m [90m0.14s[39m  
  [31;1m⨯[39;22m[90m [39m[90mcommand displays summary table[39m[90m                                                                              [39m [90m0.12s[39m  
  [31;1m⨯[39;22m[90m [39m[90mcommand handles no buildings gracefully[39m[90m                                                                     [39m [90m0.13s[39m  

  [39;41;1m FAIL [39;49;22m[39m Tests\Feature\Commands\MigrateToHierarchicalUsersCommandTest[39m
  [32;1m✓[39;22m[90m [39m[90mit runs in dry run mode without making changes[39m[90m                                                              [39m [90m0.10s[39m  
  [32;1m✓[39;22m[90m [39m[90mit converts manager role to admin role[39m[90m                                                                      [39m [90m0.13s[39m  
  [32;1m✓[39;22m[90m [39m[90mit assigns unique tenant id to users[39m[90m                                                                        [39m [90m0.11s[39m  
  [31;1m⨯[39;22m[90m [39m[90mit creates subscriptions for admin users[39m[90m                                                                    [39m [90m0.11s[39m  
  [32;1m✓[39;22m[90m [39m[90mit sets is active to true for all users[39m[90m                                                                     [39m [90m0.11s[39m  
  [32;1m✓[39;22m[90m [39m[90mit sets organization name for admin users[39m[90m                                                                   [39m [90m0.10s[39m  
  [32;1m✓[39;22m[90m [39m[90mit preserves existing tenant id[39m[90m                                                                             [39m [90m0.09s[39m  
  [32;1m✓[39;22m[90m [39m[90mit can rollback migration[39m[90m                                                                                   [39m [90m0.11s[39m  
  [32;1m✓[39;22m[90m [39m[90mit handles errors gracefully[39m[90m                                                                                [39m [90m0.12s[39m  
  [32;1m✓[39;22m[90m [39m[90mit creates subscriptions for existing admin users without one[39m[90m                                               [39m [90m0.12s[39m  
  [32;1m✓[39;22m[90m [39m[90mit does not affect superadmin users[39m[90m                                                                         [39m [90m0.12s[39m  
  [32;1m✓[39;22m[90m [39m[90mit preserves tenant user structure[39m[90m                                                                          [39m [90m0.10s[39m  
  [32;1m✓[39;22m[90m [39m[90mit preserves existing organization names[39m[90m                                                                    [39m [90m0.12s[39m  
  [32;1m✓[39;22m[90m [39m[90mit allows rollback cancellation[39m[90m                                                                             [39m [90m0.12s[39m  
  [32;1m✓[39;22m[90m [39m[90mit sets correct subscription dates[39m[90m                                                                          [39m [90m0.14s[39m  

  [39;41;1m FAIL [39;49;22m[39m Tests\Feature\CompleteUserWorkflowsTest[39m
  [31;1m⨯[39;22m[90m [39m[37mComplete User Workflows - Manual Testing Scenarios[39m[90m → workflow 1: superadmin creates admin account with subs[39m[90m…[39m [90m0.40s[39m  
  [31;1m⨯[39;22m[90m [39m[37mComplete User Workflows - Manual Testing Scenarios[39m[90m → workflow 2: admin creates tenant accounts and assigns[39m[90m… [39m [90m0.55s[39m  
  [32;1m✓[39;22m[90m [39m[37mComplete User Workflows - Manual Testing Scenarios[39m[90m → workflow 3: tenant login and data access restrictions[39m[90m  [39m [90m0.31s[39m  
  [31;1m⨯[39;22m[90m [39m[37mComplete User Workflows - Manual Testing Scenarios[39m[90m → workflow 4: subscription expiry and renewal flows[39m[90m      [39m [90m0.10s[39m  
  [31;1m⨯[39;22m[90m [39m[37mComplete User Workflows - Manual Testing Scenarios[39m[90m → workflow 5: account deactivation and reactivation[39m[90m      [39m [90m0.32s[39m  
  [31;1m⨯[39;22m[90m [39m[37mComplete User Workflows - Manual Testing Scenarios[39m[90m → workflow 6: tenant reassignment between properties[39m[90m     [39m [90m0.08s[39m  
  [31;1m⨯[39;22m[90m [39m[37mComplete User Workflows - Manual Testing Scenarios[39m[90m → workflow 7: subscription limits enforcement[39m[90m            [39m [90m0.99s[39m  
  [32;1m✓[39;22m[90m [39m[37mComplete User Workflows - Manual Testing Scenarios[39m[90m → workflow 8: cross-tenant access prevention[39m[90m             [39m [90m0.11s[39m  

  [39;41;1m FAIL [39;49;22m[39m Tests\Feature\DataAggregationAccuracyPropertyTest[39m
  [32;1m✓[39;22m[90m [39m[90msuperadmin dashboard displays accurate subscription counts @ repetition 1 of 100[39m[90m                            [39m [90m1.48s[39m  
  [32;1m✓[39;22m[90m [39m[90msuperadmin dashboard displays accurate subscription counts @ repetition 2 of 100[39m[90m                            [39m [90m1.70s[39m  
  [32;1m✓[39;22m[90m [39m[90msuperadmin dashboard displays accurate subscription counts @ repetition 3 of 100[39m[90m                            [39m [90m1.63s[39m  
  [32;1m✓[39;22m[90m [39m[90msuperadmin dashboard displays accurate subscription counts @ repetition 4 of 100[39m[90m                            [39m [90m1.91s[39m  
  [32;1m✓[39;22m[90m [39m[90msuperadmin dashboard displays accurate subscription counts @ repetition 5 of 100[39m[90m                            [39m [90m1.94s[39m  
  [32;1m✓[39;22m[90m [39m[90msuperadmin dashboard displays accurate subscription counts @ repetition 6 of 100[39m[90m                            [39m [90m1.21s[39m  
  [32;1m✓[39;22m[90m [39m[90msuperadmin dashboard displays accurate subscription counts @ repetition 7 of 100[39m[90m                            [39m [90m1.03s[39m  
  [32;1m✓[39;22m[90m [39m[90msuperadmin dashboard displays accurate subscription counts @ repetition 8 of 100[39m[90m                            [39m [90m1.46s[39m  
  [32;1m✓[39;22m[90m [39m[90msuperadmin dashboard displays accurate subscription counts @ repetition 9 of 100[39m[90m                            [39m [90m1.54s[39m  
  [32;1m✓[39;22m[90m [39m[90msuperadmin dashboard displays accurate subscription counts @ repetition 10 of 100[39m[90m                           [39m [90m1.24s[39m  
  [32;1m✓[39;22m[90m [39m[90msuperadmin dashboard displays accurate subscription counts @ repetition 11 of 100[39m[90m                           [39m [90m1.70s[39m  
  [32;1m✓[39;22m[90m [39m[90msuperadmin dashboard displays accurate subscription counts @ repetition 12 of 100[39m[90m                           [39m [90m1.97s[39m  
  [32;1m✓[39;22m[90m [39m[90msuperadmin dashboard displays accurate subscription counts @ repetition 13 of 100[39m[90m                           [39m [90m0.97s[39m  
  [32;1m✓[39;22m[90m [39m[90msuperadmin dashboard displays accurate subscription counts @ repetition 14 of 100[39m[90m                           [39m [90m1.20s[39m  
  [32;1m✓[39;22m[90m [39m[90msuperadmin dashboard displays accurate subscription counts @ repetition 15 of 100[39m[90m                           [39m [90m1.04s[39m  
  [32;1m✓[39;22m[90m [39m[90msuperadmin dashboard displays accurate subscription counts @ repetition 16 of 100[39m[90m                           [39m [90m0.79s[39m  
  [32;1m✓[39;22m[90m [39m[90msuperadmin dashboard displays accurate subscription counts @ repetition 17 of 100[39m[90m                           [39m [90m1.30s[39m  
  [32;1m✓[39;22m[90m [39m[90msuperadmin dashboard displays accurate subscription counts @ repetition 18 of 100[39m[90m                           [39m [90m1.67s[39m  
  [32;1m✓[39;22m[90m [39m[90msuperadmin dashboard displays accurate subscription counts @ repetition 19 of 100[39m[90m                           [39m [90m1.06s[39m  
  [32;1m✓[39;22m[90m [39m[90msuperadmin dashboard displays accurate subscription counts @ repetition 20 of 100[39m[90m                           [39m [90m1.21s[39m  
  [32;1m✓[39;22m[90m [39m[90msuperadmin dashboard displays accurate subscription counts @ repetition 21 of 100[39m[90m                           [39m [90m1.08s[39m  
  [32;1m✓[39;22m[90m [39m[90msuperadmin dashboard displays accurate subscription counts @ repetition 22 of 100[39m[90m                           [39m [90m0.78s[39m  
  [32;1m✓[39;22m[90m [39m[90msuperadmin dashboard displays accurate subscription counts @ repetition 23 of 100[39m[90m                           [39m [90m1.70s[39m  
  [32;1m✓[39;22m[90m [39m[90msuperadmin dashboard displays accurate subscription counts @ repetition 24 of 100[39m[90m                           [39m [90m1.52s[39m  
  [32;1m✓[39;22m[90m [39m[90msuperadmin dashboard displays accurate subscription counts @ repetition 25 of 100[39m[90m                           [39m [90m1.34s[39m  
  [32;1m✓[39;22m[90m [39m[90msuperadmin dashboard displays accurate subscription counts @ repetition 26 of 100[39m[90m                           [39m [90m1.99s[39m  
  [32;1m✓[39;22m[90m [39m[90msuperadmin dashboard displays accurate subscription counts @ repetition 27 of 100[39m[90m                           [39m [90m1.65s[39m  
  [32;1m✓[39;22m[90m [39m[90msuperadmin dashboard displays accurate subscription counts @ repetition 28 of 100[39m[90m                           [39m [90m1.03s[39m  
  [32;1m✓[39;22m[90m [39m[90msuperadmin dashboard displays accurate subscription counts @ repetition 29 of 100[39m[90m                           [39m [90m1.59s[39m  
  [32;1m✓[39;22m[90m [39m[90msuperadmin dashboard displays accurate subscription counts @ repetition 30 of 100[39m[90m                           [39m [90m0.82s[39m  
  [32;1m✓[39;22m[90m [39m[90msuperadmin dashboard displays accurate subscription counts @ repetition 31 of 100[39m[90m                           [39m [90m1.25s[39m  
  [32;1m✓[39;22m[90m [39m[90msuperadmin dashboard displays accurate subscription counts @ repetition 32 of 100[39m[90m                           [39m [90m1.92s[39m  
  [32;1m✓[39;22m[90m [39m[90msuperadmin dashboard displays accurate subscription counts @ repetition 33 of 100[39m[90m                           [39m [90m1.47s[39m  
  [32;1m✓[39;22m[90m [39m[90msuperadmin dashboard displays accurate subscription counts @ repetition 34 of 100[39m[90m                           [39m [90m1.54s[39m  
  [32;1m✓[39;22m[90m [39m[90msuperadmin dashboard displays accurate subscription counts @ repetition 35 of 100[39m[90m                           [39m [90m1.05s[39m  
  [32;1m✓[39;22m[90m [39m[90msuperadmin dashboard displays accurate subscription counts @ repetition 36 of 100[39m[90m                           [39m [90m1.23s[39m  
  [32;1m✓[39;22m[90m [39m[90msuperadmin dashboard displays accurate subscription counts @ repetition 37 of 100[39m[90m                           [39m [90m1.98s[39m  
  [32;1m✓[39;22m[90m [39m[90msuperadmin dashboard displays accurate subscription counts @ repetition 38 of 100[39m[90m                           [39m [90m0.99s[39m  
  [32;1m✓[39;22m[90m [39m[90msuperadmin dashboard displays accurate subscription counts @ repetition 39 of 100[39m[90m                           [39m [90m1.23s[39m  
  [32;1m✓[39;22m[90m [39m[90msuperadmin dashboard displays accurate subscription counts @ repetition 40 of 100[39m[90m                           [39m [90m1.91s[39m  
  [32;1m✓[39;22m[90m [39m[90msuperadmin dashboard displays accurate subscription counts @ repetition 41 of 100[39m[90m                           [39m [90m1.67s[39m  
  [32;1m✓[39;22m[90m [39m[90msuperadmin dashboard displays accurate subscription counts @ repetition 42 of 100[39m[90m                           [39m [90m1.04s[39m  
  [32;1m✓[39;22m[90m [39m[90msuperadmin dashboard displays accurate subscription counts @ repetition 43 of 100[39m[90m                           [39m [90m1.45s[39m  
  [32;1m✓[39;22m[90m [39m[90msuperadmin dashboard displays accurate subscription counts @ repetition 44 of 100[39m[90m                           [39m [90m1.69s[39m  
  [32;1m✓[39;22m[90m [39m[90msuperadmin dashboard displays accurate subscription counts @ repetition 45 of 100[39m[90m                           [39m [90m1.75s[39m  
  [32;1m✓[39;22m[90m [39m[90msuperadmin dashboard displays accurate subscription counts @ repetition 46 of 100[39m[90m                           [39m [90m1.43s[39m  
  [32;1m✓[39;22m[90m [39m[90msuperadmin dashboard displays accurate subscription counts @ repetition 47 of 100[39m[90m                           [39m [90m0.81s[39m  
  [32;1m✓[39;22m[90m [39m[90msuperadmin dashboard displays accurate subscription counts @ repetition 48 of 100[39m[90m                           [39m [90m1.74s[39m  
  [32;1m✓[39;22m[90m [39m[90msuperadmin dashboard displays accurate subscription counts @ repetition 49 of 100[39m[90m                           [39m [90m1.90s[39m  
  [32;1m✓[39;22m[90m [39m[90msuperadmin dashboard displays accurate subscription counts @ repetition 50 of 100[39m[90m                           [39m [90m1.46s[39m  
  [32;1m✓[39;22m[90m [39m[90msuperadmin dashboard displays accurate subscription counts @ repetition 51 of 100[39m[90m                           [39m [90m1.95s[39m  
  [32;1m✓[39;22m[90m [39m[90msuperadmin dashboard displays accurate subscription counts @ repetition 52 of 100[39m[90m                           [39m [90m1.26s[39m  
  [32;1m✓[39;22m[90m [39m[90msuperadmin dashboard displays accurate subscription counts @ repetition 53 of 100[39m[90m                           [39m [90m0.98s[39m  
  [32;1m✓[39;22m[90m [39m[90msuperadmin dashboard displays accurate subscription counts @ repetition 54 of 100[39m[90m                           [39m [90m0.78s[39m  
  [32;1m✓[39;22m[90m [39m[90msuperadmin dashboard displays accurate subscription counts @ repetition 55 of 100[39m[90m                           [39m [90m1.70s[39m  
  [32;1m✓[39;22m[90m [39m[90msuperadmin dashboard displays accurate subscription counts @ repetition 56 of 100[39m[90m                           [39m [90m1.19s[39m  
  [32;1m✓[39;22m[90m [39m[90msuperadmin dashboard displays accurate subscription counts @ repetition 57 of 100[39m[90m                           [39m [90m1.91s[39m  
  [32;1m✓[39;22m[90m [39m[90msuperadmin dashboard displays accurate subscription counts @ repetition 58 of 100[39m[90m                           [39m [90m0.77s[39m  
  [32;1m✓[39;22m[90m [39m[90msuperadmin dashboard displays accurate subscription counts @ repetition 59 of 100[39m[90m                           [39m [90m0.80s[39m  
  [32;1m✓[39;22m[90m [39m[90msuperadmin dashboard displays accurate subscription counts @ repetition 60 of 100[39m[90m                           [39m [90m1.72s[39m  
  [32;1m✓[39;22m[90m [39m[90msuperadmin dashboard displays accurate subscription counts @ repetition 61 of 100[39m[90m                           [39m [90m1.05s[39m  
  [32;1m✓[39;22m[90m [39m[90msuperadmin dashboard displays accurate subscription counts @ repetition 62 of 100[39m[90m                           [39m [90m0.74s[39m  
  [32;1m✓[39;22m[90m [39m[90msuperadmin dashboard displays accurate subscription counts @ repetition 63 of 100[39m[90m                           [39m [90m1.45s[39m  
  [32;1m✓[39;22m[90m [39m[90msuperadmin dashboard displays accurate subscription counts @ repetition 64 of 100[39m[90m                           [39m [90m0.97s[39m  
  [32;1m✓[39;22m[90m [39m[90msuperadmin dashboard displays accurate subscription counts @ repetition 65 of 100[39m[90m                           [39m [90m1.75s[39m  
  [32;1m✓[39;22m[90m [39m[90msuperadmin dashboard displays accurate subscription counts @ repetition 66 of 100[39m[90m                           [39m [90m1.87s[39m  
  [32;1m✓[39;22m[90m [39m[90msuperadmin dashboard displays accurate subscription counts @ repetition 67 of 100[39m[90m                           [39m [90m1.97s[39m  
  [32;1m✓[39;22m[90m [39m[90msuperadmin dashboard displays accurate subscription counts @ repetition 68 of 100[39m[90m                           [39m [90m1.28s[39m  
  [32;1m✓[39;22m[90m [39m[90msuperadmin dashboard displays accurate subscription counts @ repetition 69 of 100[39m[90m                           [39m [90m0.98s[39m  
  [32;1m✓[39;22m[90m [39m[90msuperadmin dashboard displays accurate subscription counts @ repetition 70 of 100[39m[90m                           [39m [90m1.96s[39m  
  [32;1m✓[39;22m[90m [39m[90msuperadmin dashboard displays accurate subscription counts @ repetition 71 of 100[39m[90m                           [39m [90m1.49s[39m  
  [32;1m✓[39;22m[90m [39m[90msuperadmin dashboard displays accurate subscription counts @ repetition 72 of 100[39m[90m                           [39m [90m1.50s[39m  
  [32;1m✓[39;22m[90m [39m[90msuperadmin dashboard displays accurate subscription counts @ repetition 73 of 100[39m[90m                           [39m [90m1.02s[39m  
  [32;1m✓[39;22m[90m [39m[90msuperadmin dashboard displays accurate subscription counts @ repetition 74 of 100[39m[90m                           [39m [90m1.74s[39m  
  [32;1m✓[39;22m[90m [39m[90msuperadmin dashboard displays accurate subscription counts @ repetition 75 of 100[39m[90m                           [39m [90m1.30s[39m  
  [32;1m✓[39;22m[90m [39m[90msuperadmin dashboard displays accurate subscription counts @ repetition 76 of 100[39m[90m                           [39m [90m0.85s[39m  
  [32;1m✓[39;22m[90m [39m[90msuperadmin dashboard displays accurate subscription counts @ repetition 77 of 100[39m[90m                           [39m [90m1.22s[39m  
  [32;1m✓[39;22m[90m [39m[90msuperadmin dashboard displays accurate subscription counts @ repetition 78 of 100[39m[90m                           [39m [90m1.24s[39m  
  [32;1m✓[39;22m[90m [39m[90msuperadmin dashboard displays accurate subscription counts @ repetition 79 of 100[39m[90m                           [39m [90m0.82s[39m  
  [32;1m✓[39;22m[90m [39m[90msuperadmin dashboard displays accurate subscription counts @ repetition 80 of 100[39m[90m                           [39m [90m1.95s[39m  
  [32;1m✓[39;22m[90m [39m[90msuperadmin dashboard displays accurate subscription counts @ repetition 81 of 100[39m[90m                           [39m [90m1.89s[39m  
  [32;1m✓[39;22m[90m [39m[90msuperadmin dashboard displays accurate subscription counts @ repetition 82 of 100[39m[90m                           [39m [90m1.77s[39m  
  [32;1m✓[39;22m[90m [39m[90msuperadmin dashboard displays accurate subscription counts @ repetition 83 of 100[39m[90m                           [39m [90m0.79s[39m  
  [32;1m✓[39;22m[90m [39m[90msuperadmin dashboard displays accurate subscription counts @ repetition 84 of 100[39m[90m                           [39m [90m0.80s[39m  
  [32;1m✓[39;22m[90m [39m[90msuperadmin dashboard displays accurate subscription counts @ repetition 85 of 100[39m[90m                           [39m [90m1.19s[39m  
  [32;1m✓[39;22m[90m [39m[90msuperadmin dashboard displays accurate subscription counts @ repetition 86 of 100[39m[90m                           [39m [90m1.70s[39m  
  [32;1m✓[39;22m[90m [39m[90msuperadmin dashboard displays accurate subscription counts @ repetition 87 of 100[39m[90m                           [39m [90m1.25s[39m  
  [32;1m✓[39;22m[90m [39m[90msuperadmin dashboard displays accurate subscription counts @ repetition 88 of 100[39m[90m                           [39m [90m1.48s[39m  
  [32;1m✓[39;22m[90m [39m[90msuperadmin dashboard displays accurate subscription counts @ repetition 89 of 100[39m[90m                           [39m [90m1.44s[39m  
  [32;1m✓[39;22m[90m [39m[90msuperadmin dashboard displays accurate subscription counts @ repetition 90 of 100[39m[90m                           [39m [90m1.47s[39m  
  [32;1m✓[39;22m[90m [39m[90msuperadmin dashboard displays accurate subscription counts @ repetition 91 of 100[39m[90m                           [39m [90m1.47s[39m  
  [32;1m✓[39;22m[90m [39m[90msuperadmin dashboard displays accurate subscription counts @ repetition 92 of 100[39m[90m                           [39m [90m1.67s[39m  
  [32;1m✓[39;22m[90m [39m[90msuperadmin dashboard displays accurate subscription counts @ repetition 93 of 100[39m[90m                           [39m [90m1.20s[39m  
  [32;1m✓[39;22m[90m [39m[90msuperadmin dashboard displays accurate subscription counts @ repetition 94 of 100[39m[90m                           [39m [90m0.78s[39m  
  [32;1m✓[39;22m[90m [39m[90msuperadmin dashboard displays accurate subscription counts @ repetition 95 of 100[39m[90m                           [39m [90m1.19s[39m  
  [32;1m✓[39;22m[90m [39m[90msuperadmin dashboard displays accurate subscription counts @ repetition 96 of 100[39m[90m                           [39m [90m1.94s[39m  
  [32;1m✓[39;22m[90m [39m[90msuperadmin dashboard displays accurate subscription counts @ repetition 97 of 100[39m[90m                           [39m [90m1.42s[39m  
  [32;1m✓[39;22m[90m [39m[90msuperadmin dashboard displays accurate subscription counts @ repetition 98 of 100[39m[90m                           [39m [90m1.03s[39m  
  [32;1m✓[39;22m[90m [39m[90msuperadmin dashboard displays accurate subscription counts @ repetition 99 of 100[39m[90m                           [39m [90m0.73s[39m  
  [32;1m✓[39;22m[90m [39m[90msuperadmin dashboard displays accurate subscription counts @ repetition 100 of 100[39m[90m                          [39m [90m1.88s[39m  
  [32;1m✓[39;22m[90m [39m[90msuperadmin dashboard displays accurate organization counts @ repetition 1 of 100[39m[90m                            [39m [90m1.20s[39m  
  [32;1m✓[39;22m[90m [39m[90msuperadmin dashboard displays accurate organization counts @ repetition 2 of 100[39m[90m                            [39m [90m1.27s[39m  
  [32;1m✓[39;22m[90m [39m[90msuperadmin dashboard displays accurate organization counts @ repetition 3 of 100[39m[90m                            [39m [90m1.61s[39m  
  [32;1m✓[39;22m[90m [39m[90msuperadmin dashboard displays accurate organization counts @ repetition 4 of 100[39m[90m                            [39m [90m1.76s[39m  
  [32;1m✓[39;22m[90m [39m[90msuperadmin dashboard displays accurate organization counts @ repetition 5 of 100[39m[90m                            [39m [90m1.72s[39m  
  [32;1m✓[39;22m[90m [39m[90msuperadmin dashboard displays accurate organization counts @ repetition 6 of 100[39m[90m                            [39m [90m0.74s[39m  
  [32;1m✓[39;22m[90m [39m[90msuperadmin dashboard displays accurate organization counts @ repetition 7 of 100[39m[90m                            [39m [90m0.97s[39m  
  [32;1m✓[39;22m[90m [39m[90msuperadmin dashboard displays accurate organization counts @ repetition 8 of 100[39m[90m                            [39m [90m1.07s[39m  
  [32;1m✓[39;22m[90m [39m[90msuperadmin dashboard displays accurate organization counts @ repetition 9 of 100[39m[90m                            [39m [90m0.74s[39m  
  [32;1m✓[39;22m[90m [39m[90msuperadmin dashboard displays accurate organization counts @ repetition 10 of 100[39m[90m                           [39m [90m1.52s[39m  
  [32;1m✓[39;22m[90m [39m[90msuperadmin dashboard displays accurate organization counts @ repetition 11 of 100[39m[90m                           [39m [90m1.39s[39m  
  [32;1m✓[39;22m[90m [39m[90msuperadmin dashboard displays accurate organization counts @ repetition 12 of 100[39m[90m                           [39m [90m1.65s[39m  
  [32;1m✓[39;22m[90m [39m[90msuperadmin dashboard displays accurate organization counts @ repetition 13 of 100[39m[90m                           [39m [90m1.91s[39m  
  [32;1m✓[39;22m[90m [39m[90msuperadmin dashboard displays accurate organization counts @ repetition 14 of 100[39m[90m                           [39m [90m1.04s[39m  
  [32;1m✓[39;22m[90m [39m[90msuperadmin dashboard displays accurate organization counts @ repetition 15 of 100[39m[90m                           [39m [90m1.46s[39m  
  [32;1m✓[39;22m[90m [39m[90msuperadmin dashboard displays accurate organization counts @ repetition 16 of 100[39m[90m                           [39m [90m0.85s[39m  
  [32;1m✓[39;22m[90m [39m[90msuperadmin dashboard displays accurate organization counts @ repetition 17 of 100[39m[90m                           [39m [90m2.15s[39m  
  [32;1m✓[39;22m[90m [39m[90msuperadmin dashboard displays accurate organization counts @ repetition 18 of 100[39m[90m                           [39m [90m0.75s[39m  
  [32;1m✓[39;22m[90m [39m[90msuperadmin dashboard displays accurate organization counts @ repetition 19 of 100[39m[90m                           [39m [90m0.95s[39m  
  [32;1m✓[39;22m[90m [39m[90msuperadmin dashboard displays accurate organization counts @ repetition 20 of 100[39m[90m                           [39m [90m2.39s[39m  
  [32;1m✓[39;22m[90m [39m[90msuperadmin dashboard displays accurate organization counts @ repetition 21 of 100[39m[90m                           [39m [90m1.05s[39m  
  [32;1m✓[39;22m[90m [39m[90msuperadmin dashboard displays accurate organization counts @ repetition 22 of 100[39m[90m                           [39m [90m0.87s[39m  
  [32;1m✓[39;22m[90m [39m[90msuperadmin dashboard displays accurate organization counts @ repetition 23 of 100[39m[90m                           [39m [90m1.19s[39m  
  [32;1m✓[39;22m[90m [39m[90msuperadmin dashboard displays accurate organization counts @ repetition 24 of 100[39m[90m                           [39m [90m1.23s[39m  
  [32;1m✓[39;22m[90m [39m[90msuperadmin dashboard displays accurate organization counts @ repetition 25 of 100[39m[90m                           [39m [90m0.82s[39m  
  [32;1m✓[39;22m[90m [39m[90msuperadmin dashboard displays accurate organization counts @ repetition 26 of 100[39m[90m                           [39m [90m0.81s[39m  
  [32;1m✓[39;22m[90m [39m[90msuperadmin dashboard displays accurate organization counts @ repetition 27 of 100[39m[90m                           [39m [90m0.80s[39m  
  [32;1m✓[39;22m[90m [39m[90msuperadmin dashboard displays accurate organization counts @ repetition 28 of 100[39m[90m                           [39m [90m1.84s[39m  
  [32;1m✓[39;22m[90m [39m[90msuperadmin dashboard displays accurate organization counts @ repetition 29 of 100[39m[90m                           [39m [90m0.79s[39m  
  [32;1m✓[39;22m[90m [39m[90msuperadmin dashboard displays accurate organization counts @ repetition 30 of 100[39m[90m                           [39m [90m1.68s[39m  
  [32;1m✓[39;22m[90m [39m[90msuperadmin dashboard displays accurate organization counts @ repetition 31 of 100[39m[90m                           [39m [90m2.09s[39m  
  [32;1m✓[39;22m[90m [39m[90msuperadmin dashboard displays accurate organization counts @ repetition 32 of 100[39m[90m                           [39m [90m1.43s[39m  
  [32;1m✓[39;22m[90m [39m[90msuperadmin dashboard displays accurate organization counts @ repetition 33 of 100[39m[90m                           [39m [90m0.84s[39m  
  [32;1m✓[39;22m[90m [39m[90msuperadmin dashboard displays accurate organization counts @ repetition 34 of 100[39m[90m                           [39m [90m2.12s[39m  
  [32;1m✓[39;22m[90m [39m[90msuperadmin dashboard displays accurate organization counts @ repetition 35 of 100[39m[90m                           [39m [90m0.95s[39m  
  [32;1m✓[39;22m[90m [39m[90msuperadmin dashboard displays accurate organization counts @ repetition 36 of 100[39m[90m                           [39m [90m1.20s[39m  
  [32;1m✓[39;22m[90m [39m[90msuperadmin dashboard displays accurate organization counts @ repetition 37 of 100[39m[90m                           [39m [90m0.81s[39m  
  [32;1m✓[39;22m[90m [39m[90msuperadmin dashboard displays accurate organization counts @ repetition 38 of 100[39m[90m                           [39m [90m1.21s[39m  
  [32;1m✓[39;22m[90m [39m[90msuperadmin dashboard displays accurate organization counts @ repetition 39 of 100[39m[90m                           [39m [90m0.80s[39m  
  [32;1m✓[39;22m[90m [39m[90msuperadmin dashboard displays accurate organization counts @ repetition 40 of 100[39m[90m                           [39m [90m1.87s[39m  
  [32;1m✓[39;22m[90m [39m[90msuperadmin dashboard displays accurate organization counts @ repetition 41 of 100[39m[90m                           [39m [90m1.94s[39m  
  [32;1m✓[39;22m[90m [39m[90msuperadmin dashboard displays accurate organization counts @ repetition 42 of 100[39m[90m                           [39m [90m1.42s[39m  
  [32;1m✓[39;22m[90m [39m[90msuperadmin dashboard displays accurate organization counts @ repetition 43 of 100[39m[90m                           [39m [90m1.68s[39m  
  [32;1m✓[39;22m[90m [39m[90msuperadmin dashboard displays accurate organization counts @ repetition 44 of 100[39m[90m                           [39m [90m1.04s[39m  
  [32;1m✓[39;22m[90m [39m[90msuperadmin dashboard displays accurate organization counts @ repetition 45 of 100[39m[90m                           [39m [90m1.95s[39m  
  [32;1m✓[39;22m[90m [39m[90msuperadmin dashboard displays accurate organization counts @ repetition 46 of 100[39m[90m                           [39m [90m1.26s[39m  
  [32;1m✓[39;22m[90m [39m[90msuperadmin dashboard displays accurate organization counts @ repetition 47 of 100[39m[90m                           [39m [90m1.40s[39m  
  [32;1m✓[39;22m[90m [39m[90msuperadmin dashboard displays accurate organization counts @ repetition 48 of 100[39m[90m                           [39m [90m1.08s[39m  
  [32;1m✓[39;22m[90m [39m[90msuperadmin dashboard displays accurate organization counts @ repetition 49 of 100[39m[90m                           [39m [90m1.40s[39m  
  [32;1m✓[39;22m[90m [39m[90msuperadmin dashboard displays accurate organization counts @ repetition 50 of 100[39m[90m                           [39m [90m1.66s[39m  
  [32;1m✓[39;22m[90m [39m[90msuperadmin dashboard displays accurate organization counts @ repetition 51 of 100[39m[90m                           [39m [90m2.03s[39m  
  [32;1m✓[39;22m[90m [39m[90msuperadmin dashboard displays accurate organization counts @ repetition 52 of 100[39m[90m                           [39m [90m1.28s[39m  
  [32;1m✓[39;22m[90m [39m[90msuperadmin dashboard displays accurate organization counts @ repetition 53 of 100[39m[90m                           [39m [90m1.91s[39m  
  [32;1m✓[39;22m[90m [39m[90msuperadmin dashboard displays accurate organization counts @ repetition 54 of 100[39m[90m                           [39m [90m1.19s[39m  
  [32;1m✓[39;22m[90m [39m[90msuperadmin dashboard displays accurate organization counts @ repetition 55 of 100[39m[90m                           [39m [90m2.17s[39m  
  [32;1m✓[39;22m[90m [39m[90msuperadmin dashboard displays accurate organization counts @ repetition 56 of 100[39m[90m                           [39m [90m1.89s[39m  
  [32;1m✓[39;22m[90m [39m[90msuperadmin dashboard displays accurate organization counts @ repetition 57 of 100[39m[90m                           [39m [90m1.91s[39m  
  [32;1m✓[39;22m[90m [39m[90msuperadmin dashboard displays accurate organization counts @ repetition 58 of 100[39m[90m                           [39m [90m1.11s[39m  
  [32;1m✓[39;22m[90m [39m[90msuperadmin dashboard displays accurate organization counts @ repetition 59 of 100[39m[90m                           [39m [90m1.00s[39m  
  [32;1m✓[39;22m[90m [39m[90msuperadmin dashboard displays accurate organization counts @ repetition 60 of 100[39m[90m                           [39m [90m1.90s[39m  
  [32;1m✓[39;22m[90m [39m[90msuperadmin dashboard displays accurate organization counts @ repetition 61 of 100[39m[90m                           [39m [90m2.24s[39m  
  [32;1m✓[39;22m[90m [39m[90msuperadmin dashboard displays accurate organization counts @ repetition 62 of 100[39m[90m                           [39m [90m1.91s[39m  
  [32;1m✓[39;22m[90m [39m[90msuperadmin dashboard displays accurate organization counts @ repetition 63 of 100[39m[90m                           [39m [90m1.96s[39m  
  [32;1m✓[39;22m[90m [39m[90msuperadmin dashboard displays accurate organization counts @ repetition 64 of 100[39m[90m                           [39m [90m1.46s[39m  
  [32;1m✓[39;22m[90m [39m[90msuperadmin dashboard displays accurate organization counts @ repetition 65 of 100[39m[90m                           [39m [90m2.70s[39m  
  [32;1m✓[39;22m[90m [39m[90msuperadmin dashboard displays accurate organization counts @ repetition 66 of 100[39m[90m                           [39m [90m1.88s[39m  
  [32;1m✓[39;22m[90m [39m[90msuperadmin dashboard displays accurate organization counts @ repetition 67 of 100[39m[90m                           [39m [90m1.81s[39m  
  [32;1m✓[39;22m[90m [39m[90msuperadmin dashboard displays accurate organization counts @ repetition 68 of 100[39m[90m                           [39m [90m2.96s[39m  
  [32;1m✓[39;22m[90m [39m[90msuperadmin dashboard displays accurate organization counts @ repetition 69 of 100[39m[90m                           [39m [90m1.05s[39m  
  [32;1m✓[39;22m[90m [39m[90msuperadmin dashboard displays accurate organization counts @ repetition 70 of 100[39m[90m                           [39m [90m1.00s[39m  
  [32;1m✓[39;22m[90m [39m[90msuperadmin dashboard displays accurate organization counts @ repetition 71 of 100[39m[90m                           [39m [90m1.03s[39m  
  [32;1m✓[39;22m[90m [39m[90msuperadmin dashboard displays accurate organization counts @ repetition 72 of 100[39m[90m                           [39m [90m2.11s[39m  
  [32;1m✓[39;22m[90m [39m[90msuperadmin dashboard displays accurate organization counts @ repetition 73 of 100[39m[90m                           [39m [90m2.34s[39m  
  [32;1m✓[39;22m[90m [39m[90msuperadmin dashboard displays accurate organization counts @ repetition 74 of 100[39m[90m                           [39m [90m2.34s[39m  
  [32;1m✓[39;22m[90m [39m[90msuperadmin dashboard displays accurate organization counts @ repetition 75 of 100[39m[90m                           [39m [90m1.82s[39m  
  [32;1m✓[39;22m[90m [39m[90msuperadmin dashboard displays accurate organization counts @ repetition 76 of 100[39m[90m                           [39m [90m2.24s[39m  
  [32;1m✓[39;22m[90m [39m[90msuperadmin dashboard displays accurate organization counts @ repetition 77 of 100[39m[90m                           [39m [90m0.86s[39m  
  [32;1m✓[39;22m[90m [39m[90msuperadmin dashboard displays accurate organization counts @ repetition 78 of 100[39m[90m                           [39m [90m1.45s[39m  
  [32;1m✓[39;22m[90m [39m[90msuperadmin dashboard displays accurate organization counts @ repetition 79 of 100[39m[90m                           [39m [90m3.00s[39m  
  [32;1m✓[39;22m[90m [39m[90msuperadmin dashboard displays accurate organization counts @ repetition 80 of 100[39m[90m                           [39m [90m1.91s[39m  
  [32;1m✓[39;22m[90m [39m[90msuperadmin dashboard displays accurate organization counts @ repetition 81 of 100[39m[90m                           [39m [90m1.64s[39m  
  [32;1m✓[39;22m[90m [39m[90msuperadmin dashboard displays accurate organization counts @ repetition 82 of 100[39m[90m                           [39m [90m1.16s[39m  
  [32;1m✓[39;22m[90m [39m[90msuperadmin dashboard displays accurate organization counts @ repetition 83 of 100[39m[90m                           [39m [90m2.48s[39m  
  [32;1m✓[39;22m[90m [39m[90msuperadmin dashboard displays accurate organization counts @ repetition 84 of 100[39m[90m                           [39m [90m1.01s[39m  
  [32;1m✓[39;22m[90m [39m[90msuperadmin dashboard displays accurate organization counts @ repetition 85 of 100[39m[90m                           [39m [90m1.80s[39m  
  [32;1m✓[39;22m[90m [39m[90msuperadmin dashboard displays accurate organization counts @ repetition 86 of 100[39m[90m                           [39m [90m2.77s[39m  
  [32;1m✓[39;22m[90m [39m[90msuperadmin dashboard displays accurate organization counts @ repetition 87 of 100[39m[90m                           [39m [90m2.99s[39m  
  [32;1m✓[39;22m[90m [39m[90msuperadmin dashboard displays accurate organization counts @ repetition 88 of 100[39m[90m                           [39m [90m1.32s[39m  
  [32;1m✓[39;22m[90m [39m[90msuperadmin dashboard displays accurate organization counts @ repetition 89 of 100[39m[90m                           [39m [90m1.78s[39m  
  [32;1m✓[39;22m[90m [39m[90msuperadmin dashboard displays accurate organization counts @ repetition 90 of 100[39m[90m                           [39m [90m1.11s[39m  
  [32;1m✓[39;22m[90m [39m[90msuperadmin dashboard displays accurate organization counts @ repetition 91 of 100[39m[90m                           [39m [90m1.32s[39m  
  [32;1m✓[39;22m[90m [39m[90msuperadmin dashboard displays accurate organization counts @ repetition 92 of 100[39m[90m                           [39m [90m2.36s[39m  
  [32;1m✓[39;22m[90m [39m[90msuperadmin dashboard displays accurate organization counts @ repetition 93 of 100[39m[90m                           [39m [90m2.35s[39m  
  [32;1m✓[39;22m[90m [39m[90msuperadmin dashboard displays accurate organization counts @ repetition 94 of 100[39m[90m                           [39m [90m2.18s[39m  
  [32;1m✓[39;22m[90m [39m[90msuperadmin dashboard displays accurate organization counts @ repetition 95 of 100[39m[90m                           [39m [90m2.41s[39m  
  [32;1m✓[39;22m[90m [39m[90msuperadmin dashboard displays accurate organization counts @ repetition 96 of 100[39m[90m                           [39m [90m2.32s[39m  
  [32;1m✓[39;22m[90m [39m[90msuperadmin dashboard displays accurate organization counts @ repetition 97 of 100[39m[90m                           [39m [90m1.84s[39m  
  [32;1m✓[39;22m[90m [39m[90msuperadmin dashboard displays accurate organization counts @ repetition 98 of 100[39m[90m                           [39m [90m2.42s[39m  
  [32;1m✓[39;22m[90m [39m[90msuperadmin dashboard displays accurate organization counts @ repetition 99 of 100[39m[90m                           [39m [90m1.08s[39m  
  [32;1m✓[39;22m[90m [39m[90msuperadmin dashboard displays accurate organization counts @ repetition 100 of 100[39m[90m                          [39m [90m2.57s[39m  
  [31;1m⨯[39;22m[90m [39m[90msuperadmin dashboard displays accurate system-wide resource counts @ repetition 1 of 100[39m[90m                    [39m [90m5.95s[39m  
  [31;1m⨯[39;22m[90m [39m[90msuperadmin dashboard displays accurate system-wide resource counts @ repetition 2 of 100[39m[90m                    [39m [90m4.99s[39m  
  [32;1m✓[39;22m[90m [39m[90msuperadmin dashboard displays accurate system-wide resource counts @ repetition 3 of 100[39m[90m                    [39m [90m2.48s[39m  
  [31;1m⨯[39;22m[90m [39m[90msuperadmin dashboard displays accurate system-wide resource counts @ repetition 4 of 100[39m[90m                    [39m [90m2.24s[39m  
  [32;1m✓[39;22m[90m [39m[90msuperadmin dashboard displays accurate system-wide resource counts @ repetition 5 of 100[39m[90m                    [39m [90m2.30s[39m  
  [31;1m⨯[39;22m[90m [39m[90msuperadmin dashboard displays accurate system-wide resource counts @ repetition 6 of 100[39m[90m                    [39m [90m3.22s[39m  
  [32;1m✓[39;22m[90m [39m[90msuperadmin dashboard displays accurate system-wide resource counts @ repetition 7 of 100[39m[90m                    [39m [90m2.24s[39m  
  [31;1m⨯[39;22m[90m [39m[90msuperadmin dashboard displays accurate system-wide resource counts @ repetition 8 of 100[39m[90m                    [39m [90m3.05s[39m  
  [31;1m⨯[39;22m[90m [39m[90msuperadmin dashboard displays accurate system-wide resource counts @ repetition 9 of 100[39m[90m                    [39m [90m5.44s[39m  
  [31;1m⨯[39;22m[90m [39m[90msuperadmin dashboard displays accurate system-wide resource counts @ repetition 10 of 100[39m[90m                   [39m [90m4.24s[39m  
  [31;1m⨯[39;22m[90m [39m[90msuperadmin dashboard displays accurate system-wide resource counts @ repetition 11 of 100[39m[90m                   [39m [90m6.77s[39m  
  [31;1m⨯[39;22m[90m [39m[90msuperadmin dashboard displays accurate system-wide resource counts @ repetition 12 of 100[39m[90m                   [39m [90m3.78s[39m  
  [31;1m⨯[39;22m[90m [39m[90msuperadmin dashboard displays accurate system-wide resource counts @ repetition 13 of 100[39m[90m                   [39m [90m4.25s[39m  
  [31;1m⨯[39;22m[90m [39m[90msuperadmin dashboard displays accurate system-wide resource counts @ repetition 14 of 100[39m[90m                   [39m [90m5.82s[39m  
  [31;1m⨯[39;22m[90m [39m[90msuperadmin dashboard displays accurate system-wide resource counts @ repetition 15 of 100[39m[90m                   [39m [90m1.28s[39m  
  [31;1m⨯[39;22m[90m [39m[90msuperadmin dashboard displays accurate system-wide resource counts @ repetition 16 of 100[39m[90m                   [39m [90m4.33s[39m  
  [31;1m⨯[39;22m[90m [39m[90msuperadmin dashboard displays accurate system-wide resource counts @ repetition 17 of 100[39m[90m                   [39m [90m4.24s[39m  
  [31;1m⨯[39;22m[90m [39m[90msuperadmin dashboard displays accurate system-wide resource counts @ repetition 18 of 100[39m[90m                   [39m [90m2.92s[39m  
  [31;1m⨯[39;22m[90m [39m[90msuperadmin dashboard displays accurate system-wide resource counts @ repetition 19 of 100[39m[90m                   [39m [90m3.55s[39m  
  [31;1m⨯[39;22m[90m [39m[90msuperadmin dashboard displays accurate system-wide resource counts @ repetition 20 of 100[39m[90m                   [39m [90m4.63s[39m  
  [31;1m⨯[39;22m[90m [39m[90msuperadmin dashboard displays accurate system-wide resource counts @ repetition 21 of 100[39m[90m                   [39m [90m3.20s[39m  
  [31;1m⨯[39;22m[90m [39m[90msuperadmin dashboard displays accurate system-wide resource counts @ repetition 22 of 100[39m[90m                   [39m [90m6.34s[39m  
  [31;1m⨯[39;22m[90m [39m[90msuperadmin dashboard displays accurate system-wide resource counts @ repetition 23 of 100[39m[90m                   [39m [90m2.21s[39m  
  [31;1m⨯[39;22m[90m [39m[90msuperadmin dashboard displays accurate system-wide resource counts @ repetition 24 of 100[39m[90m                   [39m [90m2.97s[39m  
  [31;1m⨯[39;22m[90m [39m[90msuperadmin dashboard displays accurate system-wide resource counts @ repetition 25 of 100[39m[90m                   [39m [90m1.59s[39m  
  [31;1m⨯[39;22m[90m [39m[90msuperadmin dashboard displays accurate system-wide resource counts @ repetition 26 of 100[39m[90m                   [39m [90m4.29s[39m  
  [31;1m⨯[39;22m[90m [39m[90msuperadmin dashboard displays accurate system-wide resource counts @ repetition 27 of 100[39m[90m                   [39m [90m4.96s[39m  
  [31;1m⨯[39;22m[90m [39m[90msuperadmin dashboard displays accurate system-wide resource counts @ repetition 28 of 100[39m[90m                   [39m [90m5.48s[39m  
  [31;1m⨯[39;22m[90m [39m[90msuperadmin dashboard displays accurate system-wide resource counts @ repetition 29 of 100[39m[90m                   [39m [90m3.75s[39m  
  [31;1m⨯[39;22m[90m [39m[90msuperadmin dashboard displays accurate system-wide resource counts @ repetition 30 of 100[39m[90m                   [39m [90m2.74s[39m  
  [31;1m⨯[39;22m[90m [39m[90msuperadmin dashboard displays accurate system-wide resource counts @ repetition 31 of 100[39m[90m                   [39m [90m3.85s[39m  
  [31;1m⨯[39;22m[90m [39m[90msuperadmin dashboard displays accurate system-wide resource counts @ repetition 32 of 100[39m[90m                   [39m [90m6.63s[39m  
  [31;1m⨯[39;22m[90m [39m[90msuperadmin dashboard displays accurate system-wide resource counts @ repetition 33 of 100[39m[90m                   [39m [90m6.41s[39m  
  [32;1m✓[39;22m[90m [39m[90msuperadmin dashboard displays accurate system-wide resource counts @ repetition 34 of 100[39m[90m                   [39m [90m3.01s[39m  
  [31;1m⨯[39;22m[90m [39m[90msuperadmin dashboard displays accurate system-wide resource counts @ repetition 35 of 100[39m[90m                   [39m [90m7.49s[39m  
  [31;1m⨯[39;22m[90m [39m[90msuperadmin dashboard displays accurate system-wide resource counts @ repetition 36 of 100[39m[90m                   [39m [90m3.63s[39m  
  [31;1m⨯[39;22m[90m [39m[90msuperadmin dashboard displays accurate system-wide resource counts @ repetition 37 of 100[39m[90m                   [39m [90m7.43s[39m  
  [31;1m⨯[39;22m[90m [39m[90msuperadmin dashboard displays accurate system-wide resource counts @ repetition 38 of 100[39m[90m                   [39m [90m4.29s[39m  
  [31;1m⨯[39;22m[90m [39m[90msuperadmin dashboard displays accurate system-wide resource counts @ repetition 39 of 100[39m[90m                   [39m [90m2.20s[39m  
  [31;1m⨯[39;22m[90m [39m[90msuperadmin dashboard displays accurate system-wide resource counts @ repetition 40 of 100[39m[90m                   [39m [90m4.62s[39m  
  [31;1m⨯[39;22m[90m [39m[90msuperadmin dashboard displays accurate system-wide resource counts @ repetition 41 of 100[39m[90m                   [39m [90m4.04s[39m  
  [31;1m⨯[39;22m[90m [39m[90msuperadmin dashboard displays accurate system-wide resource counts @ repetition 42 of 100[39m[90m                   [39m [90m3.65s[39m  
  [31;1m⨯[39;22m[90m [39m[90msuperadmin dashboard displays accurate system-wide resource counts @ repetition 43 of 100[39m[90m                   [39m [90m3.79s[39m  
  [31;1m⨯[39;22m[90m [39m[90msuperadmin dashboard displays accurate system-wide resource counts @ repetition 44 of 100[39m[90m                   [39m [90m5.42s[39m  
  [31;1m⨯[39;22m[90m [39m[90msuperadmin dashboard displays accurate system-wide resource counts @ repetition 45 of 100[39m[90m                   [39m [90m2.35s[39m  
  [31;1m⨯[39;22m[90m [39m[90msuperadmin dashboard displays accurate system-wide resource counts @ repetition 46 of 100[39m[90m                   [39m [90m3.75s[39m  
  [31;1m⨯[39;22m[90m [39m[90msuperadmin dashboard displays accurate system-wide resource counts @ repetition 47 of 100[39m[90m                   [39m [90m3.34s[39m  
  [31;1m⨯[39;22m[90m [39m[90msuperadmin dashboard displays accurate system-wide resource counts @ repetition 48 of 100[39m[90m                   [39m [90m4.38s[39m  
  [31;1m⨯[39;22m[90m [39m[90msuperadmin dashboard displays accurate system-wide resource counts @ repetition 49 of 100[39m[90m                   [39m [90m4.51s[39m  
  [31;1m⨯[39;22m[90m [39m[90msuperadmin dashboard displays accurate system-wide resource counts @ repetition 50 of 100[39m[90m                   [39m [90m4.76s[39m  
  [31;1m⨯[39;22m[90m [39m[90msuperadmin dashboard displays accurate system-wide resource counts @ repetition 51 of 100[39m[90m                   [39m [90m4.00s[39m  
  [31;1m⨯[39;22m[90m [39m[90msuperadmin dashboard displays accurate system-wide resource counts @ repetition 52 of 100[39m[90m                   [39m [90m1.71s[39m  
  [31;1m⨯[39;22m[90m [39m[90msuperadmin dashboard displays accurate system-wide resource counts @ repetition 53 of 100[39m[90m                   [39m [90m5.21s[39m  
  [31;1m⨯[39;22m[90m [39m[90msuperadmin dashboard displays accurate system-wide resource counts @ repetition 54 of 100[39m[90m                   [39m [90m5.53s[39m  
  [31;1m⨯[39;22m[90m [39m[90msuperadmin dashboard displays accurate system-wide resource counts @ repetition 55 of 100[39m[90m                   [39m [90m1.81s[39m  
  [31;1m⨯[39;22m[90m [39m[90msuperadmin dashboard displays accurate system-wide resource counts @ repetition 56 of 100[39m[90m                   [39m [90m3.37s[39m  
  [31;1m⨯[39;22m[90m [39m[90msuperadmin dashboard displays accurate system-wide resource counts @ repetition 57 of 100[39m[90m                   [39m [90m2.32s[39m  
  [31;1m⨯[39;22m[90m [39m[90msuperadmin dashboard displays accurate system-wide resource counts @ repetition 58 of 100[39m[90m                   [39m [90m4.24s[39m  
  [31;1m⨯[39;22m[90m [39m[90msuperadmin dashboard displays accurate system-wide resource counts @ repetition 59 of 100[39m[90m                   [39m [90m5.10s[39m  
  [31;1m⨯[39;22m[90m [39m[90msuperadmin dashboard displays accurate system-wide resource counts @ repetition 60 of 100[39m[90m                   [39m [90m4.18s[39m  
  [31;1m⨯[39;22m[90m [39m[90msuperadmin dashboard displays accurate system-wide resource counts @ repetition 61 of 100[39m[90m                   [39m [90m4.32s[39m  
  [31;1m⨯[39;22m[90m [39m[90msuperadmin dashboard displays accurate system-wide resource counts @ repetition 62 of 100[39m[90m                   [39m [90m4.86s[39m  
  [31;1m⨯[39;22m[90m [39m[90msuperadmin dashboard displays accurate system-wide resource counts @ repetition 63 of 100[39m[90m                   [39m [90m4.62s[39m  
  [31;1m⨯[39;22m[90m [39m[90msuperadmin dashboard displays accurate system-wide resource counts @ repetition 64 of 100[39m[90m                   [39m [90m6.68s[39m  
  [31;1m⨯[39;22m[90m [39m[90msuperadmin dashboard displays accurate system-wide resource counts @ repetition 65 of 100[39m[90m                   [39m [90m5.75s[39m  
  [31;1m⨯[39;22m[90m [39m[90msuperadmin dashboard displays accurate system-wide resource counts @ repetition 66 of 100[39m[90m                   [39m [90m2.13s[39m  
  [31;1m⨯[39;22m[90m [39m[90msuperadmin dashboard displays accurate system-wide resource counts @ repetition 67 of 100[39m[90m                   [39m [90m4.19s[39m  
  [32;1m✓[39;22m[90m [39m[90msuperadmin dashboard displays accurate system-wide resource counts @ repetition 68 of 100[39m[90m                   [39m [90m2.82s[39m  
  [32;1m✓[39;22m[90m [39m[90msuperadmin dashboard displays accurate system-wide resource counts @ repetition 69 of 100[39m[90m                   [39m [90m2.16s[39m  
  [32;1m✓[39;22m[90m [39m[90msuperadmin dashboard displays accurate system-wide resource counts @ repetition 70 of 100[39m[90m                   [39m [90m2.12s[39m  
  [31;1m⨯[39;22m[90m [39m[90msuperadmin dashboard displays accurate system-wide resource counts @ repetition 71 of 100[39m[90m                   [39m [90m5.61s[39m  
  [31;1m⨯[39;22m[90m [39m[90msuperadmin dashboard displays accurate system-wide resource counts @ repetition 72 of 100[39m[90m                   [39m [90m3.03s[39m  
  [31;1m⨯[39;22m[90m [39m[90msuperadmin dashboard displays accurate system-wide resource counts @ repetition 73 of 100[39m[90m                   [39m [90m2.57s[39m  
  [31;1m⨯[39;22m[90m [39m[90msuperadmin dashboard displays accurate system-wide resource counts @ repetition 74 of 100[39m[90m                   [39m [90m2.39s[39m  
  [31;1m⨯[39;22m[90m [39m[90msuperadmin dashboard displays accurate system-wide resource counts @ repetition 75 of 100[39m[90m                   [39m [90m1.84s[39m  
  [31;1m⨯[39;22m[90m [39m[90msuperadmin dashboard displays accurate system-wide resource counts @ repetition 76 of 100[39m[90m                   [39m [90m4.48s[39m  
  [31;1m⨯[39;22m[90m [39m[90msuperadmin dashboard displays accurate system-wide resource counts @ repetition 77 of 100[39m[90m                   [39m [90m2.82s[39m  
  [31;1m⨯[39;22m[90m [39m[90msuperadmin dashboard displays accurate system-wide resource counts @ repetition 78 of 100[39m[90m                   [39m [90m1.89s[39m  
  [31;1m⨯[39;22m[90m [39m[90msuperadmin dashboard displays accurate system-wide resource counts @ repetition 79 of 100[39m[90m                   [39m [90m1.46s[39m  
  [31;1m⨯[39;22m[90m [39m[90msuperadmin dashboard displays accurate system-wide resource counts @ repetition 80 of 100[39m[90m                   [39m [90m4.63s[39m  
  [31;1m⨯[39;22m[90m [39m[90msuperadmin dashboard displays accurate system-wide resource counts @ repetition 81 of 100[39m[90m                   [39m [90m3.27s[39m  
  [31;1m⨯[39;22m[90m [39m[90msuperadmin dashboard displays accurate system-wide resource counts @ repetition 82 of 100[39m[90m                   [39m [90m3.80s[39m  
  [31;1m⨯[39;22m[90m [39m[90msuperadmin dashboard displays accurate system-wide resource counts @ repetition 83 of 100[39m[90m                   [39m [90m2.77s[39m  
  [31;1m⨯[39;22m[90m [39m[90msuperadmin dashboard displays accurate system-wide resource counts @ repetition 84 of 100[39m[90m                   [39m [90m2.37s[39m  
  [31;1m⨯[39;22m[90m [39m[90msuperadmin dashboard displays accurate system-wide resource counts @ repetition 85 of 100[39m[90m                   [39m [90m4.54s[39m  
  [31;1m⨯[39;22m[90m [39m[90msuperadmin dashboard displays accurate system-wide resource counts @ repetition 86 of 100[39m[90m                   [39m [90m3.38s[39m  
  [31;1m⨯[39;22m[90m [39m[90msuperadmin dashboard displays accurate system-wide resource counts @ repetition 87 of 100[39m[90m                   [39m [90m1.40s[39m  
  [31;1m⨯[39;22m[90m [39m[90msuperadmin dashboard displays accurate system-wide resource counts @ repetition 88 of 100[39m[90m                   [39m [90m3.97s[39m  
  [31;1m⨯[39;22m[90m [39m[90msuperadmin dashboard displays accurate system-wide resource counts @ repetition 89 of 100[39m[90m                   [39m [90m5.82s[39m  
  [31;1m⨯[39;22m[90m [39m[90msuperadmin dashboard displays accurate system-wide resource counts @ repetition 90 of 100[39m[90m                   [39m [90m1.95s[39m  
  [31;1m⨯[39;22m[90m [39m[90msuperadmin dashboard displays accurate system-wide resource counts @ repetition 91 of 100[39m[90m                   [39m [90m3.34s[39m  
  [31;1m⨯[39;22m[90m [39m[90msuperadmin dashboard displays accurate system-wide resource counts @ repetition 92 of 100[39m[90m                   [39m [90m4.83s[39m  
  [31;1m⨯[39;22m[90m [39m[90msuperadmin dashboard displays accurate system-wide resource counts @ repetition 93 of 100[39m[90m                   [39m [90m5.31s[39m  
  [31;1m⨯[39;22m[90m [39m[90msuperadmin dashboard displays accurate system-wide resource counts @ repetition 94 of 100[39m[90m                   [39m [90m3.59s[39m  
  [31;1m⨯[39;22m[90m [39m[90msuperadmin dashboard displays accurate system-wide resource counts @ repetition 95 of 100[39m[90m                   [39m [90m2.32s[39m  
  [31;1m⨯[39;22m[90m [39m[90msuperadmin dashboard displays accurate system-wide resource counts @ repetition 96 of 100[39m[90m                   [39m [90m4.94s[39m  
  [31;1m⨯[39;22m[90m [39m[90msuperadmin dashboard displays accurate system-wide resource counts @ repetition 97 of 100[39m[90m                   [39m [90m5.75s[39m  
  [31;1m⨯[39;22m[90m [39m[90msuperadmin dashboard displays accurate system-wide resource counts @ repetition 98 of 100[39m[90m                   [39m [90m2.57s[39m  
  [32;1m✓[39;22m[90m [39m[90msuperadmin dashboard displays accurate system-wide resource counts @ repetition 99 of 100[39m[90m                   [39m [90m1.57s[39m  
  [31;1m⨯[39;22m[90m [39m[90msuperadmin dashboard displays accurate system-wide resource counts @ repetition 100 of 100[39m[90m                  [39m [90m1.58s[39m  
  [32;1m✓[39;22m[90m [39m[90madmin dashboard displays accurate portfolio statistics @ repetition 1 of 100[39m[90m                                [39m [90m1.82s[39m  
  [32;1m✓[39;22m[90m [39m[90madmin dashboard displays accurate portfolio statistics @ repetition 2 of 100[39m[90m                                [39m [90m1.34s[39m  
  [32;1m✓[39;22m[90m [39m[90madmin dashboard displays accurate portfolio statistics @ repetition 3 of 100[39m[90m                                [39m [90m1.86s[39m  
  [32;1m✓[39;22m[90m [39m[90madmin dashboard displays accurate portfolio statistics @ repetition 4 of 100[39m[90m                                [39m [90m1.08s[39m  
  [32;1m✓[39;22m[90m [39m[90madmin dashboard displays accurate portfolio statistics @ repetition 5 of 100[39m[90m                                [39m [90m1.62s[39m  
  [32;1m✓[39;22m[90m [39m[90madmin dashboard displays accurate portfolio statistics @ repetition 6 of 100[39m[90m                                [39m [90m2.11s[39m  
  [32;1m✓[39;22m[90m [39m[90madmin dashboard displays accurate portfolio statistics @ repetition 7 of 100[39m[90m                                [39m [90m1.58s[39m  
  [32;1m✓[39;22m[90m [39m[90madmin dashboard displays accurate portfolio statistics @ repetition 8 of 100[39m[90m                                [39m [90m1.16s[39m  
  [32;1m✓[39;22m[90m [39m[90madmin dashboard displays accurate portfolio statistics @ repetition 9 of 100[39m[90m                                [39m [90m1.82s[39m  
  [32;1m✓[39;22m[90m [39m[90madmin dashboard displays accurate portfolio statistics @ repetition 10 of 100[39m[90m                               [39m [90m1.80s[39m  
  [32;1m✓[39;22m[90m [39m[90madmin dashboard displays accurate portfolio statistics @ repetition 11 of 100[39m[90m                               [39m [90m1.12s[39m  
  [32;1m✓[39;22m[90m [39m[90madmin dashboard displays accurate portfolio statistics @ repetition 12 of 100[39m[90m                               [39m [90m1.36s[39m  
  [32;1m✓[39;22m[90m [39m[90madmin dashboard displays accurate portfolio statistics @ repetition 13 of 100[39m[90m                               [39m [90m1.35s[39m  
  [32;1m✓[39;22m[90m [39m[90madmin dashboard displays accurate portfolio statistics @ repetition 14 of 100[39m[90m                               [39m [90m1.56s[39m  
  [32;1m✓[39;22m[90m [39m[90madmin dashboard displays accurate portfolio statistics @ repetition 15 of 100[39m[90m                               [39m [90m1.34s[39m  
  [32;1m✓[39;22m[90m [39m[90madmin dashboard displays accurate portfolio statistics @ repetition 16 of 100[39m[90m                               [39m [90m1.41s[39m  
  [32;1m✓[39;22m[90m [39m[90madmin dashboard displays accurate portfolio statistics @ repetition 17 of 100[39m[90m                               [39m [90m1.89s[39m  
  [32;1m✓[39;22m[90m [39m[90madmin dashboard displays accurate portfolio statistics @ repetition 18 of 100[39m[90m                               [39m [90m1.37s[39m  
  [32;1m✓[39;22m[90m [39m[90madmin dashboard displays accurate portfolio statistics @ repetition 19 of 100[39m[90m                               [39m [90m1.43s[39m  
  [32;1m✓[39;22m[90m [39m[90madmin dashboard displays accurate portfolio statistics @ repetition 20 of 100[39m[90m                               [39m [90m1.35s[39m  
  [32;1m✓[39;22m[90m [39m[90madmin dashboard displays accurate portfolio statistics @ repetition 21 of 100[39m[90m                               [39m [90m1.83s[39m  
  [32;1m✓[39;22m[90m [39m[90madmin dashboard displays accurate portfolio statistics @ repetition 22 of 100[39m[90m                               [39m [90m1.88s[39m  
  [32;1m✓[39;22m[90m [39m[90madmin dashboard displays accurate portfolio statistics @ repetition 23 of 100[39m[90m                               [39m [90m1.85s[39m  
  [32;1m✓[39;22m[90m [39m[90madmin dashboard displays accurate portfolio statistics @ repetition 24 of 100[39m[90m                               [39m [90m1.60s[39m  
  [32;1m✓[39;22m[90m [39m[90madmin dashboard displays accurate portfolio statistics @ repetition 25 of 100[39m[90m                               [39m [90m1.34s[39m  
  [32;1m✓[39;22m[90m [39m[90madmin dashboard displays accurate portfolio statistics @ repetition 26 of 100[39m[90m                               [39m [90m1.08s[39m  
  [32;1m✓[39;22m[90m [39m[90madmin dashboard displays accurate portfolio statistics @ repetition 27 of 100[39m[90m                               [39m [90m1.35s[39m  
  [32;1m✓[39;22m[90m [39m[90madmin dashboard displays accurate portfolio statistics @ repetition 28 of 100[39m[90m                               [39m [90m1.62s[39m  
  [32;1m✓[39;22m[90m [39m[90madmin dashboard displays accurate portfolio statistics @ repetition 29 of 100[39m[90m                               [39m [90m1.91s[39m  
  [32;1m✓[39;22m[90m [39m[90madmin dashboard displays accurate portfolio statistics @ repetition 30 of 100[39m[90m                               [39m [90m1.68s[39m  
  [32;1m✓[39;22m[90m [39m[90madmin dashboard displays accurate portfolio statistics @ repetition 31 of 100[39m[90m                               [39m [90m1.96s[39m  
  [32;1m✓[39;22m[90m [39m[90madmin dashboard displays accurate portfolio statistics @ repetition 32 of 100[39m[90m                               [39m [90m1.19s[39m  
  [32;1m✓[39;22m[90m [39m[90madmin dashboard displays accurate portfolio statistics @ repetition 33 of 100[39m[90m                               [39m [90m1.94s[39m  
  [32;1m✓[39;22m[90m [39m[90madmin dashboard displays accurate portfolio statistics @ repetition 34 of 100[39m[90m                               [39m [90m1.48s[39m  
  [32;1m✓[39;22m[90m [39m[90madmin dashboard displays accurate portfolio statistics @ repetition 35 of 100[39m[90m                               [39m [90m1.94s[39m  
  [32;1m✓[39;22m[90m [39m[90madmin dashboard displays accurate portfolio statistics @ repetition 36 of 100[39m[90m                               [39m [90m1.82s[39m  
  [32;1m✓[39;22m[90m [39m[90madmin dashboard displays accurate portfolio statistics @ repetition 37 of 100[39m[90m                               [39m [90m1.41s[39m  
  [32;1m✓[39;22m[90m [39m[90madmin dashboard displays accurate portfolio statistics @ repetition 38 of 100[39m[90m                               [39m [90m1.41s[39m  
  [32;1m✓[39;22m[90m [39m[90madmin dashboard displays accurate portfolio statistics @ repetition 39 of 100[39m[90m                               [39m [90m1.83s[39m  
  [32;1m✓[39;22m[90m [39m[90madmin dashboard displays accurate portfolio statistics @ repetition 40 of 100[39m[90m                               [39m [90m2.42s[39m  
  [32;1m✓[39;22m[90m [39m[90madmin dashboard displays accurate portfolio statistics @ repetition 41 of 100[39m[90m                               [39m [90m1.13s[39m  
  [32;1m✓[39;22m[90m [39m[90madmin dashboard displays accurate portfolio statistics @ repetition 42 of 100[39m[90m                               [39m [90m1.11s[39m  
  [32;1m✓[39;22m[90m [39m[90madmin dashboard displays accurate portfolio statistics @ repetition 43 of 100[39m[90m                               [39m [90m1.12s[39m  
  [32;1m✓[39;22m[90m [39m[90madmin dashboard displays accurate portfolio statistics @ repetition 44 of 100[39m[90m                               [39m [90m1.95s[39m  
  [32;1m✓[39;22m[90m [39m[90madmin dashboard displays accurate portfolio statistics @ repetition 45 of 100[39m[90m                               [39m [90m1.79s[39m  
  [32;1m✓[39;22m[90m [39m[90madmin dashboard displays accurate portfolio statistics @ repetition 46 of 100[39m[90m                               [39m [90m1.11s[39m  
  [32;1m✓[39;22m[90m [39m[90madmin dashboard displays accurate portfolio statistics @ repetition 47 of 100[39m[90m                               [39m [90m1.71s[39m  
  [32;1m✓[39;22m[90m [39m[90madmin dashboard displays accurate portfolio statistics @ repetition 48 of 100[39m[90m                               [39m [90m2.14s[39m  
  [32;1m✓[39;22m[90m [39m[90madmin dashboard displays accurate portfolio statistics @ repetition 49 of 100[39m[90m                               [39m [90m2.35s[39m  
  [32;1m✓[39;22m[90m [39m[90madmin dashboard displays accurate portfolio statistics @ repetition 50 of 100[39m[90m                               [39m [90m2.49s[39m  
  [32;1m✓[39;22m[90m [39m[90madmin dashboard displays accurate portfolio statistics @ repetition 51 of 100[39m[90m                               [39m [90m1.91s[39m  
  [32;1m✓[39;22m[90m [39m[90madmin dashboard displays accurate portfolio statistics @ repetition 52 of 100[39m[90m                               [39m [90m1.70s[39m  
  [32;1m✓[39;22m[90m [39m[90madmin dashboard displays accurate portfolio statistics @ repetition 53 of 100[39m[90m                               [39m [90m1.20s[39m  
  [32;1m✓[39;22m[90m [39m[90madmin dashboard displays accurate portfolio statistics @ repetition 54 of 100[39m[90m                               [39m [90m1.67s[39m  
  [32;1m✓[39;22m[90m [39m[90madmin dashboard displays accurate portfolio statistics @ repetition 55 of 100[39m[90m                               [39m [90m2.45s[39m  
  [32;1m✓[39;22m[90m [39m[90madmin dashboard displays accurate portfolio statistics @ repetition 56 of 100[39m[90m                               [39m [90m1.89s[39m  
  [32;1m✓[39;22m[90m [39m[90madmin dashboard displays accurate portfolio statistics @ repetition 57 of 100[39m[90m                               [39m [90m2.09s[39m  
  [32;1m✓[39;22m[90m [39m[90madmin dashboard displays accurate portfolio statistics @ repetition 58 of 100[39m[90m                               [39m [90m2.01s[39m  
  [32;1m✓[39;22m[90m [39m[90madmin dashboard displays accurate portfolio statistics @ repetition 59 of 100[39m[90m                               [39m [90m1.91s[39m  
  [32;1m✓[39;22m[90m [39m[90madmin dashboard displays accurate portfolio statistics @ repetition 60 of 100[39m[90m                               [39m [90m1.11s[39m  
  [32;1m✓[39;22m[90m [39m[90madmin dashboard displays accurate portfolio statistics @ repetition 61 of 100[39m[90m                               [39m [90m1.87s[39m  
  [32;1m✓[39;22m[90m [39m[90madmin dashboard displays accurate portfolio statistics @ repetition 62 of 100[39m[90m                               [39m [90m1.61s[39m  
  [32;1m✓[39;22m[90m [39m[90madmin dashboard displays accurate portfolio statistics @ repetition 63 of 100[39m[90m                               [39m [90m1.61s[39m  
  [32;1m✓[39;22m[90m [39m[90madmin dashboard displays accurate portfolio statistics @ repetition 64 of 100[39m[90m                               [39m [90m1.64s[39m  
  [32;1m✓[39;22m[90m [39m[90madmin dashboard displays accurate portfolio statistics @ repetition 65 of 100[39m[90m                               [39m [90m1.60s[39m  
  [32;1m✓[39;22m[90m [39m[90madmin dashboard displays accurate portfolio statistics @ repetition 66 of 100[39m[90m                               [39m [90m1.39s[39m  
  [32;1m✓[39;22m[90m [39m[90madmin dashboard displays accurate portfolio statistics @ repetition 67 of 100[39m[90m                               [39m [90m1.94s[39m  
  [32;1m✓[39;22m[90m [39m[90madmin dashboard displays accurate portfolio statistics @ repetition 68 of 100[39m[90m                               [39m [90m1.90s[39m  
  [32;1m✓[39;22m[90m [39m[90madmin dashboard displays accurate portfolio statistics @ repetition 69 of 100[39m[90m                               [39m [90m1.13s[39m  
  [32;1m✓[39;22m[90m [39m[90madmin dashboard displays accurate portfolio statistics @ repetition 70 of 100[39m[90m                               [39m [90m1.49s[39m  
  [32;1m✓[39;22m[90m [39m[90madmin dashboard displays accurate portfolio statistics @ repetition 71 of 100[39m[90m                               [39m [90m1.45s[39m  
  [32;1m✓[39;22m[90m [39m[90madmin dashboard displays accurate portfolio statistics @ repetition 72 of 100[39m[90m                               [39m [90m2.36s[39m  
  [32;1m✓[39;22m[90m [39m[90madmin dashboard displays accurate portfolio statistics @ repetition 73 of 100[39m[90m                               [39m [90m1.60s[39m  
  [32;1m✓[39;22m[90m [39m[90madmin dashboard displays accurate portfolio statistics @ repetition 74 of 100[39m[90m                               [39m [90m1.74s[39m  
  [32;1m✓[39;22m[90m [39m[90madmin dashboard displays accurate portfolio statistics @ repetition 75 of 100[39m[90m                               [39m [90m1.46s[39m  
  [32;1m✓[39;22m[90m [39m[90madmin dashboard displays accurate portfolio statistics @ repetition 76 of 100[39m[90m                               [39m [90m2.10s[39m  
  [32;1m✓[39;22m[90m [39m[90madmin dashboard displays accurate portfolio statistics @ repetition 77 of 100[39m[90m                               [39m [90m1.24s[39m  
  [32;1m✓[39;22m[90m [39m[90madmin dashboard displays accurate portfolio statistics @ repetition 78 of 100[39m[90m                               [39m [90m1.76s[39m  
  [32;1m✓[39;22m[90m [39m[90madmin dashboard displays accurate portfolio statistics @ repetition 79 of 100[39m[90m                               [39m [90m2.12s[39m  
  [32;1m✓[39;22m[90m [39m[90madmin dashboard displays accurate portfolio statistics @ repetition 80 of 100[39m[90m                               [39m [90m1.53s[39m  
  [32;1m✓[39;22m[90m [39m[90madmin dashboard displays accurate portfolio statistics @ repetition 81 of 100[39m[90m                               [39m [90m2.01s[39m  
  [32;1m✓[39;22m[90m [39m[90madmin dashboard displays accurate portfolio statistics @ repetition 82 of 100[39m[90m                               [39m [90m1.94s[39m  
  [32;1m✓[39;22m[90m [39m[90madmin dashboard displays accurate portfolio statistics @ repetition 83 of 100[39m[90m                               [39m [90m2.26s[39m  
  [32;1m✓[39;22m[90m [39m[90madmin dashboard displays accurate portfolio statistics @ repetition 84 of 100[39m[90m                               [39m [90m2.00s[39m  
  [32;1m✓[39;22m[90m [39m[90madmin dashboard displays accurate portfolio statistics @ repetition 85 of 100[39m[90m                               [39m [90m1.42s[39m  
  [32;1m✓[39;22m[90m [39m[90madmin dashboard displays accurate portfolio statistics @ repetition 86 of 100[39m[90m                               [39m [90m1.43s[39m  
  [32;1m✓[39;22m[90m [39m[90madmin dashboard displays accurate portfolio statistics @ repetition 87 of 100[39m[90m                               [39m [90m1.85s[39m  
  [32;1m✓[39;22m[90m [39m[90madmin dashboard displays accurate portfolio statistics @ repetition 88 of 100[39m[90m                               [39m [90m1.90s[39m  
  [32;1m✓[39;22m[90m [39m[90madmin dashboard displays accurate portfolio statistics @ repetition 89 of 100[39m[90m                               [39m [90m1.86s[39m  
  [32;1m✓[39;22m[90m [39m[90madmin dashboard displays accurate portfolio statistics @ repetition 90 of 100[39m[90m                               [39m [90m1.14s[39m  
  [32;1m✓[39;22m[90m [39m[90madmin dashboard displays accurate portfolio statistics @ repetition 91 of 100[39m[90m                               [39m [90m1.39s[39m  
  [32;1m✓[39;22m[90m [39m[90madmin dashboard displays accurate portfolio statistics @ repetition 92 of 100[39m[90m                               [39m [90m1.94s[39m  
  [32;1m✓[39;22m[90m [39m[90madmin dashboard displays accurate portfolio statistics @ repetition 93 of 100[39m[90m                               [39m [90m1.69s[39m  
  [32;1m✓[39;22m[90m [39m[90madmin dashboard displays accurate portfolio statistics @ repetition 94 of 100[39m[90m                               [39m [90m1.38s[39m  
  [32;1m✓[39;22m[90m [39m[90madmin dashboard displays accurate portfolio statistics @ repetition 95 of 100[39m[90m                               [39m [90m1.39s[39m  
  [32;1m✓[39;22m[90m [39m[90madmin dashboard displays accurate portfolio statistics @ repetition 96 of 100[39m[90m                               [39m [90m1.38s[39m  
  [32;1m✓[39;22m[90m [39m[90madmin dashboard displays accurate portfolio statistics @ repetition 97 of 100[39m[90m                               [39m [90m1.89s[39m  
  [32;1m✓[39;22m[90m [39m[90madmin dashboard displays accurate portfolio statistics @ repetition 98 of 100[39m[90m                               [39m [90m1.88s[39m  
  [32;1m✓[39;22m[90m [39m[90madmin dashboard displays accurate portfolio statistics @ repetition 99 of 100[39m[90m                               [39m [90m1.35s[39m  
  [32;1m✓[39;22m[90m [39m[90madmin dashboard displays accurate portfolio statistics @ repetition 100 of 100[39m[90m                              [39m [90m1.38s[39m  
  [32;1m✓[39;22m[90m [39m[90madmin dashboard displays accurate subscription usage statistics @ repetition 1 of 100[39m[90m                       [39m [90m1.63s[39m  
  [32;1m✓[39;22m[90m [39m[90madmin dashboard displays accurate subscription usage statistics @ repetition 2 of 100[39m[90m                       [39m [90m1.65s[39m  
  [32;1m✓[39;22m[90m [39m[90madmin dashboard displays accurate subscription usage statistics @ repetition 3 of 100[39m[90m                       [39m [90m1.41s[39m  
  [32;1m✓[39;22m[90m [39m[90madmin dashboard displays accurate subscription usage statistics @ repetition 4 of 100[39m[90m                       [39m [90m1.15s[39m  
  [32;1m✓[39;22m[90m [39m[90madmin dashboard displays accurate subscription usage statistics @ repetition 5 of 100[39m[90m                       [39m [90m0.90s[39m  
  [32;1m✓[39;22m[90m [39m[90madmin dashboard displays accurate subscription usage statistics @ repetition 6 of 100[39m[90m                       [39m [90m1.65s[39m  
  [32;1m✓[39;22m[90m [39m[90madmin dashboard displays accurate subscription usage statistics @ repetition 7 of 100[39m[90m                       [39m [90m1.36s[39m  
  [32;1m✓[39;22m[90m [39m[90madmin dashboard displays accurate subscription usage statistics @ repetition 8 of 100[39m[90m                       [39m [90m1.61s[39m  
  [32;1m✓[39;22m[90m [39m[90madmin dashboard displays accurate subscription usage statistics @ repetition 9 of 100[39m[90m                       [39m [90m2.08s[39m  
  [32;1m✓[39;22m[90m [39m[90madmin dashboard displays accurate subscription usage statistics @ repetition 10 of 100[39m[90m                      [39m [90m1.85s[39m  
  [32;1m✓[39;22m[90m [39m[90madmin dashboard displays accurate subscription usage statistics @ repetition 11 of 100[39m[90m                      [39m [90m2.41s[39m  
  [32;1m✓[39;22m[90m [39m[90madmin dashboard displays accurate subscription usage statistics @ repetition 12 of 100[39m[90m                      [39m [90m1.57s[39m  
  [32;1m✓[39;22m[90m [39m[90madmin dashboard displays accurate subscription usage statistics @ repetition 13 of 100[39m[90m                      [39m [90m2.47s[39m  
  [32;1m✓[39;22m[90m [39m[90madmin dashboard displays accurate subscription usage statistics @ repetition 14 of 100[39m[90m                      [39m [90m1.70s[39m  
  [32;1m✓[39;22m[90m [39m[90madmin dashboard displays accurate subscription usage statistics @ repetition 15 of 100[39m[90m                      [39m [90m2.14s[39m  
  [32;1m✓[39;22m[90m [39m[90madmin dashboard displays accurate subscription usage statistics @ repetition 16 of 100[39m[90m                      [39m [90m1.43s[39m  
  [32;1m✓[39;22m[90m [39m[90madmin dashboard displays accurate subscription usage statistics @ repetition 17 of 100[39m[90m                      [39m [90m2.42s[39m  
  [32;1m✓[39;22m[90m [39m[90madmin dashboard displays accurate subscription usage statistics @ repetition 18 of 100[39m[90m                      [39m [90m0.88s[39m  
  [32;1m✓[39;22m[90m [39m[90madmin dashboard displays accurate subscription usage statistics @ repetition 19 of 100[39m[90m                      [39m [90m1.10s[39m  
  [32;1m✓[39;22m[90m [39m[90madmin dashboard displays accurate subscription usage statistics @ repetition 20 of 100[39m[90m                      [39m [90m2.23s[39m  
  [32;1m✓[39;22m[90m [39m[90madmin dashboard displays accurate subscription usage statistics @ repetition 21 of 100[39m[90m                      [39m [90m1.66s[39m  
  [32;1m✓[39;22m[90m [39m[90madmin dashboard displays accurate subscription usage statistics @ repetition 22 of 100[39m[90m                      [39m [90m1.39s[39m  
  [32;1m✓[39;22m[90m [39m[90madmin dashboard displays accurate subscription usage statistics @ repetition 23 of 100[39m[90m                      [39m [90m2.27s[39m  
  [32;1m✓[39;22m[90m [39m[90madmin dashboard displays accurate subscription usage statistics @ repetition 24 of 100[39m[90m                      [39m [90m1.12s[39m  
  [32;1m✓[39;22m[90m [39m[90madmin dashboard displays accurate subscription usage statistics @ repetition 25 of 100[39m[90m                      [39m [90m0.65s[39m  
  [32;1m✓[39;22m[90m [39m[90madmin dashboard displays accurate subscription usage statistics @ repetition 26 of 100[39m[90m                      [39m [90m1.89s[39m  
  [32;1m✓[39;22m[90m [39m[90madmin dashboard displays accurate subscription usage statistics @ repetition 27 of 100[39m[90m                      [39m [90m2.16s[39m  
  [32;1m✓[39;22m[90m [39m[90madmin dashboard displays accurate subscription usage statistics @ repetition 28 of 100[39m[90m                      [39m [90m2.34s[39m  
  [32;1m✓[39;22m[90m [39m[90madmin dashboard displays accurate subscription usage statistics @ repetition 29 of 100[39m[90m                      [39m [90m0.62s[39m  
  [32;1m✓[39;22m[90m [39m[90madmin dashboard displays accurate subscription usage statistics @ repetition 30 of 100[39m[90m                      [39m [90m2.18s[39m  
  [32;1m✓[39;22m[90m [39m[90madmin dashboard displays accurate subscription usage statistics @ repetition 31 of 100[39m[90m                      [39m [90m2.12s[39m  
  [32;1m✓[39;22m[90m [39m[90madmin dashboard displays accurate subscription usage statistics @ repetition 32 of 100[39m[90m                      [39m [90m1.45s[39m  
  [32;1m✓[39;22m[90m [39m[90madmin dashboard displays accurate subscription usage statistics @ repetition 33 of 100[39m[90m                      [39m [90m0.87s[39m  
  [32;1m✓[39;22m[90m [39m[90madmin dashboard displays accurate subscription usage statistics @ repetition 34 of 100[39m[90m                      [39m [90m1.60s[39m  
  [32;1m✓[39;22m[90m [39m[90madmin dashboard displays accurate subscription usage statistics @ repetition 35 of 100[39m[90m                      [39m [90m1.35s[39m  
  [32;1m✓[39;22m[90m [39m[90madmin dashboard displays accurate subscription usage statistics @ repetition 36 of 100[39m[90m                      [39m [90m2.37s[39m  
  [32;1m✓[39;22m[90m [39m[90madmin dashboard displays accurate subscription usage statistics @ repetition 37 of 100[39m[90m                      [39m [90m2.32s[39m  
  [32;1m✓[39;22m[90m [39m[90madmin dashboard displays accurate subscription usage statistics @ repetition 38 of 100[39m[90m                      [39m [90m2.16s[39m  
  [32;1m✓[39;22m[90m [39m[90madmin dashboard displays accurate subscription usage statistics @ repetition 39 of 100[39m[90m                      [39m [90m1.41s[39m  
  [32;1m✓[39;22m[90m [39m[90madmin dashboard displays accurate subscription usage statistics @ repetition 40 of 100[39m[90m                      [39m [90m2.44s[39m  
  [32;1m✓[39;22m[90m [39m[90madmin dashboard displays accurate subscription usage statistics @ repetition 41 of 100[39m[90m                      [39m [90m2.31s[39m  
  [32;1m✓[39;22m[90m [39m[90madmin dashboard displays accurate subscription usage statistics @ repetition 42 of 100[39m[90m                      [39m [90m0.63s[39m  
  [32;1m✓[39;22m[90m [39m[90madmin dashboard displays accurate subscription usage statistics @ repetition 43 of 100[39m[90m                      [39m [90m1.19s[39m  
  [32;1m✓[39;22m[90m [39m[90madmin dashboard displays accurate subscription usage statistics @ repetition 44 of 100[39m[90m                      [39m [90m1.98s[39m  
  [32;1m✓[39;22m[90m [39m[90madmin dashboard displays accurate subscription usage statistics @ repetition 45 of 100[39m[90m                      [39m [90m1.65s[39m  
  [32;1m✓[39;22m[90m [39m[90madmin dashboard displays accurate subscription usage statistics @ repetition 46 of 100[39m[90m                      [39m [90m1.68s[39m  
  [32;1m✓[39;22m[90m [39m[90madmin dashboard displays accurate subscription usage statistics @ repetition 47 of 100[39m[90m                      [39m [90m1.96s[39m  
  [32;1m✓[39;22m[90m [39m[90madmin dashboard displays accurate subscription usage statistics @ repetition 48 of 100[39m[90m                      [39m [90m1.35s[39m  
  [32;1m✓[39;22m[90m [39m[90madmin dashboard displays accurate subscription usage statistics @ repetition 49 of 100[39m[90m                      [39m [90m1.37s[39m  
  [32;1m✓[39;22m[90m [39m[90madmin dashboard displays accurate subscription usage statistics @ repetition 50 of 100[39m[90m                      [39m [90m1.92s[39m  
  [32;1m✓[39;22m[90m [39m[90madmin dashboard displays accurate subscription usage statistics @ repetition 51 of 100[39m[90m                      [39m [90m0.84s[39m  
  [32;1m✓[39;22m[90m [39m[90madmin dashboard displays accurate subscription usage statistics @ repetition 52 of 100[39m[90m                      [39m [90m2.40s[39m  
  [32;1m✓[39;22m[90m [39m[90madmin dashboard displays accurate subscription usage statistics @ repetition 53 of 100[39m[90m                      [39m [90m2.67s[39m  
  [32;1m✓[39;22m[90m [39m[90madmin dashboard displays accurate subscription usage statistics @ repetition 54 of 100[39m[90m                      [39m [90m0.97s[39m  
  [32;1m✓[39;22m[90m [39m[90madmin dashboard displays accurate subscription usage statistics @ repetition 55 of 100[39m[90m                      [39m [90m0.92s[39m  
  [32;1m✓[39;22m[90m [39m[90madmin dashboard displays accurate subscription usage statistics @ repetition 56 of 100[39m[90m                      [39m [90m1.26s[39m  
  [32;1m✓[39;22m[90m [39m[90madmin dashboard displays accurate subscription usage statistics @ repetition 57 of 100[39m[90m                      [39m [90m1.56s[39m  
  [32;1m✓[39;22m[90m [39m[90madmin dashboard displays accurate subscription usage statistics @ repetition 58 of 100[39m[90m                      [39m [90m2.79s[39m  
  [32;1m✓[39;22m[90m [39m[90madmin dashboard displays accurate subscription usage statistics @ repetition 59 of 100[39m[90m                      [39m [90m2.76s[39m  
  [32;1m✓[39;22m[90m [39m[90madmin dashboard displays accurate subscription usage statistics @ repetition 60 of 100[39m[90m                      [39m [90m2.01s[39m  
  [32;1m✓[39;22m[90m [39m[90madmin dashboard displays accurate subscription usage statistics @ repetition 61 of 100[39m[90m                      [39m [90m1.38s[39m  
  [32;1m✓[39;22m[90m [39m[90madmin dashboard displays accurate subscription usage statistics @ repetition 62 of 100[39m[90m                      [39m [90m0.84s[39m  
  [32;1m✓[39;22m[90m [39m[90madmin dashboard displays accurate subscription usage statistics @ repetition 63 of 100[39m[90m                      [39m [90m1.98s[39m  
  [32;1m✓[39;22m[90m [39m[90madmin dashboard displays accurate subscription usage statistics @ repetition 64 of 100[39m[90m                      [39m [90m2.17s[39m  
  [32;1m✓[39;22m[90m [39m[90madmin dashboard displays accurate subscription usage statistics @ repetition 65 of 100[39m[90m                      [39m [90m1.46s[39m  
  [32;1m✓[39;22m[90m [39m[90madmin dashboard displays accurate subscription usage statistics @ repetition 66 of 100[39m[90m                      [39m [90m1.52s[39m  
  [32;1m✓[39;22m[90m [39m[90madmin dashboard displays accurate subscription usage statistics @ repetition 67 of 100[39m[90m                      [39m [90m0.79s[39m  
  [32;1m✓[39;22m[90m [39m[90madmin dashboard displays accurate subscription usage statistics @ repetition 68 of 100[39m[90m                      [39m [90m0.79s[39m  
  [32;1m✓[39;22m[90m [39m[90madmin dashboard displays accurate subscription usage statistics @ repetition 69 of 100[39m[90m                      [39m [90m2.86s[39m  
  [32;1m✓[39;22m[90m [39m[90madmin dashboard displays accurate subscription usage statistics @ repetition 70 of 100[39m[90m                      [39m [90m2.43s[39m  
  [32;1m✓[39;22m[90m [39m[90madmin dashboard displays accurate subscription usage statistics @ repetition 71 of 100[39m[90m                      [39m [90m1.51s[39m  
  [32;1m✓[39;22m[90m [39m[90madmin dashboard displays accurate subscription usage statistics @ repetition 72 of 100[39m[90m                      [39m [90m1.30s[39m  
  [32;1m✓[39;22m[90m [39m[90madmin dashboard displays accurate subscription usage statistics @ repetition 73 of 100[39m[90m                      [39m [90m1.61s[39m  
  [32;1m✓[39;22m[90m [39m[90madmin dashboard displays accurate subscription usage statistics @ repetition 74 of 100[39m[90m                      [39m [90m1.62s[39m  
  [32;1m✓[39;22m[90m [39m[90madmin dashboard displays accurate subscription usage statistics @ repetition 75 of 100[39m[90m                      [39m [90m1.71s[39m  
  [32;1m✓[39;22m[90m [39m[90madmin dashboard displays accurate subscription usage statistics @ repetition 76 of 100[39m[90m                      [39m [90m2.81s[39m  
  [32;1m✓[39;22m[90m [39m[90madmin dashboard displays accurate subscription usage statistics @ repetition 77 of 100[39m[90m                      [39m [90m1.75s[39m  
  [32;1m✓[39;22m[90m [39m[90madmin dashboard displays accurate subscription usage statistics @ repetition 78 of 100[39m[90m                      [39m [90m2.54s[39m  
  [32;1m✓[39;22m[90m [39m[90madmin dashboard displays accurate subscription usage statistics @ repetition 79 of 100[39m[90m                      [39m [90m1.77s[39m  
  [32;1m✓[39;22m[90m [39m[90madmin dashboard displays accurate subscription usage statistics @ repetition 80 of 100[39m[90m                      [39m [90m2.35s[39m  
  [32;1m✓[39;22m[90m [39m[90madmin dashboard displays accurate subscription usage statistics @ repetition 81 of 100[39m[90m                      [39m [90m4.14s[39m  
  [32;1m✓[39;22m[90m [39m[90madmin dashboard displays accurate subscription usage statistics @ repetition 82 of 100[39m[90m                      [39m [90m1.91s[39m  
  [32;1m✓[39;22m[90m [39m[90madmin dashboard displays accurate subscription usage statistics @ repetition 83 of 100[39m[90m                      [39m [90m2.91s[39m  
  [32;1m✓[39;22m[90m [39m[90madmin dashboard displays accurate subscription usage statistics @ repetition 84 of 100[39m[90m                      [39m [90m2.90s[39m  
  [32;1m✓[39;22m[90m [39m[90madmin dashboard displays accurate subscription usage statistics @ repetition 85 of 100[39m[90m                      [39m [90m1.15s[39m  
  [32;1m✓[39;22m[90m [39m[90madmin dashboard displays accurate subscription usage statistics @ repetition 86 of 100[39m[90m                      [39m [90m2.94s[39m  
  [32;1m✓[39;22m[90m [39m[90madmin dashboard displays accurate subscription usage statistics @ repetition 87 of 100[39m[90m                      [39m [90m1.43s[39m  
  [32;1m✓[39;22m[90m [39m[90madmin dashboard displays accurate subscription usage statistics @ repetition 88 of 100[39m[90m                      [39m [90m1.40s[39m  
  [32;1m✓[39;22m[90m [39m[90madmin dashboard displays accurate subscription usage statistics @ repetition 89 of 100[39m[90m                      [39m [90m1.49s[39m  
  [32;1m✓[39;22m[90m [39m[90madmin dashboard displays accurate subscription usage statistics @ repetition 90 of 100[39m[90m                      [39m [90m2.54s[39m  
  [32;1m✓[39;22m[90m [39m[90madmin dashboard displays accurate subscription usage statistics @ repetition 91 of 100[39m[90m                      [39m [90m2.47s[39m  
  [32;1m✓[39;22m[90m [39m[90madmin dashboard displays accurate subscription usage statistics @ repetition 92 of 100[39m[90m                      [39m [90m1.07s[39m  
  [32;1m✓[39;22m[90m [39m[90madmin dashboard displays accurate subscription usage statistics @ repetition 93 of 100[39m[90m                      [39m [90m2.19s[39m  
  [32;1m✓[39;22m[90m [39m[90madmin dashboard displays accurate subscription usage statistics @ repetition 94 of 100[39m[90m                      [39m [90m2.01s[39m  
  [32;1m✓[39;22m[90m [39m[90madmin dashboard displays accurate subscription usage statistics @ repetition 95 of 100[39m[90m                      [39m [90m2.71s[39m  
  [32;1m✓[39;22m[90m [39m[90madmin dashboard displays accurate subscription usage statistics @ repetition 96 of 100[39m[90m                      [39m [90m1.62s[39m  
  [32;1m✓[39;22m[90m [39m[90madmin dashboard displays accurate subscription usage statistics @ repetition 97 of 100[39m[90m                      [39m [90m1.17s[39m  
  [32;1m✓[39;22m[90m [39m[90madmin dashboard displays accurate subscription usage statistics @ repetition 98 of 100[39m[90m                      [39m [90m2.37s[39m  
  [32;1m✓[39;22m[90m [39m[90madmin dashboard displays accurate subscription usage statistics @ repetition 99 of 100[39m[90m                      [39m [90m2.15s[39m  
  [32;1m✓[39;22m[90m [39m[90madmin dashboard displays accurate subscription usage statistics @ repetition 100 of 100[39m[90m                     [39m [90m2.97s[39m  
  [32;1m✓[39;22m[90m [39m[90mdashboard counts remain accurate after data modifications @ repetition 1 of 100[39m[90m                             [39m [90m1.27s[39m  
  [32;1m✓[39;22m[90m [39m[90mdashboard counts remain accurate after data modifications @ repetition 2 of 100[39m[90m                             [39m [90m1.13s[39m  
  [32;1m✓[39;22m[90m [39m[90mdashboard counts remain accurate after data modifications @ repetition 3 of 100[39m[90m                             [39m [90m0.98s[39m  
  [32;1m✓[39;22m[90m [39m[90mdashboard counts remain accurate after data modifications @ repetition 4 of 100[39m[90m                             [39m [90m1.09s[39m  
  [32;1m✓[39;22m[90m [39m[90mdashboard counts remain accurate after data modifications @ repetition 5 of 100[39m[90m                             [39m [90m1.05s[39m  
  [32;1m✓[39;22m[90m [39m[90mdashboard counts remain accurate after data modifications @ repetition 6 of 100[39m[90m                             [39m [90m1.15s[39m  
  [32;1m✓[39;22m[90m [39m[90mdashboard counts remain accurate after data modifications @ repetition 7 of 100[39m[90m                             [39m [90m1.25s[39m  
  [32;1m✓[39;22m[90m [39m[90mdashboard counts remain accurate after data modifications @ repetition 8 of 100[39m[90m                             [39m [90m1.16s[39m  
  [32;1m✓[39;22m[90m [39m[90mdashboard counts remain accurate after data modifications @ repetition 9 of 100[39m[90m                             [39m [90m1.12s[39m  
  [32;1m✓[39;22m[90m [39m[90mdashboard counts remain accurate after data modifications @ repetition 10 of 100[39m[90m                            [39m [90m1.10s[39m  
  [32;1m✓[39;22m[90m [39m[90mdashboard counts remain accurate after data modifications @ repetition 11 of 100[39m[90m                            [39m [90m1.11s[39m  
  [32;1m✓[39;22m[90m [39m[90mdashboard counts remain accurate after data modifications @ repetition 12 of 100[39m[90m                            [39m [90m1.13s[39m  
  [32;1m✓[39;22m[90m [39m[90mdashboard counts remain accurate after data modifications @ repetition 13 of 100[39m[90m                            [39m [90m1.13s[39m  
  [32;1m✓[39;22m[90m [39m[90mdashboard counts remain accurate after data modifications @ repetition 14 of 100[39m[90m                            [39m [90m1.23s[39m  
  [32;1m✓[39;22m[90m [39m[90mdashboard counts remain accurate after data modifications @ repetition 15 of 100[39m[90m                            [39m [90m1.19s[39m  
  [32;1m✓[39;22m[90m [39m[90mdashboard counts remain accurate after data modifications @ repetition 16 of 100[39m[90m                            [39m [90m1.00s[39m  
  [32;1m✓[39;22m[90m [39m[90mdashboard counts remain accurate after data modifications @ repetition 17 of 100[39m[90m                            [39m [90m0.95s[39m  
  [32;1m✓[39;22m[90m [39m[90mdashboard counts remain accurate after data modifications @ repetition 18 of 100[39m[90m                            [39m [90m0.97s[39m  
  [32;1m✓[39;22m[90m [39m[90mdashboard counts remain accurate after data modifications @ repetition 19 of 100[39m[90m                            [39m [90m1.10s[39m  
  [32;1m✓[39;22m[90m [39m[90mdashboard counts remain accurate after data modifications @ repetition 20 of 100[39m[90m                            [39m [90m1.04s[39m  
  [32;1m✓[39;22m[90m [39m[90mdashboard counts remain accurate after data modifications @ repetition 21 of 100[39m[90m                            [39m [90m1.14s[39m  
  [32;1m✓[39;22m[90m [39m[90mdashboard counts remain accurate after data modifications @ repetition 22 of 100[39m[90m                            [39m [90m0.97s[39m  
  [32;1m✓[39;22m[90m [39m[90mdashboard counts remain accurate after data modifications @ repetition 23 of 100[39m[90m                            [39m [90m1.01s[39m  
  [32;1m✓[39;22m[90m [39m[90mdashboard counts remain accurate after data modifications @ repetition 24 of 100[39m[90m                            [39m [90m1.12s[39m  
  [32;1m✓[39;22m[90m [39m[90mdashboard counts remain accurate after data modifications @ repetition 25 of 100[39m[90m                            [39m [90m1.03s[39m  
  [32;1m✓[39;22m[90m [39m[90mdashboard counts remain accurate after data modifications @ repetition 26 of 100[39m[90m                            [39m [90m0.94s[39m  
  [32;1m✓[39;22m[90m [39m[90mdashboard counts remain accurate after data modifications @ repetition 27 of 100[39m[90m                            [39m [90m0.83s[39m  
  [32;1m✓[39;22m[90m [39m[90mdashboard counts remain accurate after data modifications @ repetition 28 of 100[39m[90m                            [39m [90m0.88s[39m  
  [32;1m✓[39;22m[90m [39m[90mdashboard counts remain accurate after data modifications @ repetition 29 of 100[39m[90m                            [39m [90m0.91s[39m  
  [32;1m✓[39;22m[90m [39m[90mdashboard counts remain accurate after data modifications @ repetition 30 of 100[39m[90m                            [39m [90m1.13s[39m  
  [32;1m✓[39;22m[90m [39m[90mdashboard counts remain accurate after data modifications @ repetition 31 of 100[39m[90m                            [39m [90m1.21s[39m  
  [32;1m✓[39;22m[90m [39m[90mdashboard counts remain accurate after data modifications @ repetition 32 of 100[39m[90m                            [39m [90m1.03s[39m  
  [32;1m✓[39;22m[90m [39m[90mdashboard counts remain accurate after data modifications @ repetition 33 of 100[39m[90m                            [39m [90m0.86s[39m  
  [32;1m✓[39;22m[90m [39m[90mdashboard counts remain accurate after data modifications @ repetition 34 of 100[39m[90m                            [39m [90m0.86s[39m  
  [32;1m✓[39;22m[90m [39m[90mdashboard counts remain accurate after data modifications @ repetition 35 of 100[39m[90m                            [39m [90m0.90s[39m  
  [32;1m✓[39;22m[90m [39m[90mdashboard counts remain accurate after data modifications @ repetition 36 of 100[39m[90m                            [39m [90m0.89s[39m  
  [32;1m✓[39;22m[90m [39m[90mdashboard counts remain accurate after data modifications @ repetition 37 of 100[39m[90m                            [39m [90m0.98s[39m  
  [32;1m✓[39;22m[90m [39m[90mdashboard counts remain accurate after data modifications @ repetition 38 of 100[39m[90m                            [39m [90m0.82s[39m  
  [32;1m✓[39;22m[90m [39m[90mdashboard counts remain accurate after data modifications @ repetition 39 of 100[39m[90m                            [39m [90m0.91s[39m  
  [32;1m✓[39;22m[90m [39m[90mdashboard counts remain accurate after data modifications @ repetition 40 of 100[39m[90m                            [39m [90m1.22s[39m  
  [32;1m✓[39;22m[90m [39m[90mdashboard counts remain accurate after data modifications @ repetition 41 of 100[39m[90m                            [39m [90m0.88s[39m  
  [32;1m✓[39;22m[90m [39m[90mdashboard counts remain accurate after data modifications @ repetition 42 of 100[39m[90m                            [39m [90m0.87s[39m  
  [32;1m✓[39;22m[90m [39m[90mdashboard counts remain accurate after data modifications @ repetition 43 of 100[39m[90m                            [39m [90m0.87s[39m  
  [32;1m✓[39;22m[90m [39m[90mdashboard counts remain accurate after data modifications @ repetition 44 of 100[39m[90m                            [39m [90m0.83s[39m  
  [32;1m✓[39;22m[90m [39m[90mdashboard counts remain accurate after data modifications @ repetition 45 of 100[39m[90m                            [39m [90m0.98s[39m  
  [32;1m✓[39;22m[90m [39m[90mdashboard counts remain accurate after data modifications @ repetition 46 of 100[39m[90m                            [39m [90m1.13s[39m  
  [32;1m✓[39;22m[90m [39m[90mdashboard counts remain accurate after data modifications @ repetition 47 of 100[39m[90m                            [39m [90m1.24s[39m  
  [32;1m✓[39;22m[90m [39m[90mdashboard counts remain accurate after data modifications @ repetition 48 of 100[39m[90m                            [39m [90m1.07s[39m  
  [32;1m✓[39;22m[90m [39m[90mdashboard counts remain accurate after data modifications @ repetition 49 of 100[39m[90m                            [39m [90m0.94s[39m  
  [32;1m✓[39;22m[90m [39m[90mdashboard counts remain accurate after data modifications @ repetition 50 of 100[39m[90m                            [39m [90m1.04s[39m  
  [32;1m✓[39;22m[90m [39m[90mdashboard counts remain accurate after data modifications @ repetition 51 of 100[39m[90m                            [39m [90m1.04s[39m  
  [32;1m✓[39;22m[90m [39m[90mdashboard counts remain accurate after data modifications @ repetition 52 of 100[39m[90m                            [39m [90m1.01s[39m  
  [32;1m✓[39;22m[90m [39m[90mdashboard counts remain accurate after data modifications @ repetition 53 of 100[39m[90m                            [39m [90m1.00s[39m  
  [32;1m✓[39;22m[90m [39m[90mdashboard counts remain accurate after data modifications @ repetition 54 of 100[39m[90m                            [39m [90m0.99s[39m  
  [32;1m✓[39;22m[90m [39m[90mdashboard counts remain accurate after data modifications @ repetition 55 of 100[39m[90m                            [39m [90m1.03s[39m  
  [32;1m✓[39;22m[90m [39m[90mdashboard counts remain accurate after data modifications @ repetition 56 of 100[39m[90m                            [39m [90m0.93s[39m  
  [32;1m✓[39;22m[90m [39m[90mdashboard counts remain accurate after data modifications @ repetition 57 of 100[39m[90m                            [39m [90m0.96s[39m  
  [32;1m✓[39;22m[90m [39m[90mdashboard counts remain accurate after data modifications @ repetition 58 of 100[39m[90m                            [39m [90m1.03s[39m  
  [32;1m✓[39;22m[90m [39m[90mdashboard counts remain accurate after data modifications @ repetition 59 of 100[39m[90m                            [39m [90m0.92s[39m  
  [32;1m✓[39;22m[90m [39m[90mdashboard counts remain accurate after data modifications @ repetition 60 of 100[39m[90m                            [39m [90m1.16s[39m  
  [32;1m✓[39;22m[90m [39m[90mdashboard counts remain accurate after data modifications @ repetition 61 of 100[39m[90m                            [39m [90m1.01s[39m  
  [32;1m✓[39;22m[90m [39m[90mdashboard counts remain accurate after data modifications @ repetition 62 of 100[39m[90m                            [39m [90m0.98s[39m  
  [32;1m✓[39;22m[90m [39m[90mdashboard counts remain accurate after data modifications @ repetition 63 of 100[39m[90m                            [39m [90m1.06s[39m  
  [32;1m✓[39;22m[90m [39m[90mdashboard counts remain accurate after data modifications @ repetition 64 of 100[39m[90m                            [39m [90m0.90s[39m  
  [32;1m✓[39;22m[90m [39m[90mdashboard counts remain accurate after data modifications @ repetition 65 of 100[39m[90m                            [39m [90m0.90s[39m  
  [32;1m✓[39;22m[90m [39m[90mdashboard counts remain accurate after data modifications @ repetition 66 of 100[39m[90m                            [39m [90m0.96s[39m  
  [32;1m✓[39;22m[90m [39m[90mdashboard counts remain accurate after data modifications @ repetition 67 of 100[39m[90m                            [39m [90m1.01s[39m  
  [32;1m✓[39;22m[90m [39m[90mdashboard counts remain accurate after data modifications @ repetition 68 of 100[39m[90m                            [39m [90m0.96s[39m  
  [32;1m✓[39;22m[90m [39m[90mdashboard counts remain accurate after data modifications @ repetition 69 of 100[39m[90m                            [39m [90m0.95s[39m  
  [32;1m✓[39;22m[90m [39m[90mdashboard counts remain accurate after data modifications @ repetition 70 of 100[39m[90m                            [39m [90m1.01s[39m  
  [32;1m✓[39;22m[90m [39m[90mdashboard counts remain accurate after data modifications @ repetition 71 of 100[39m[90m                            [39m [90m1.04s[39m  
  [32;1m✓[39;22m[90m [39m[90mdashboard counts remain accurate after data modifications @ repetition 72 of 100[39m[90m                            [39m [90m1.03s[39m  
  [32;1m✓[39;22m[90m [39m[90mdashboard counts remain accurate after data modifications @ repetition 73 of 100[39m[90m                            [39m [90m1.02s[39m  
  [32;1m✓[39;22m[90m [39m[90mdashboard counts remain accurate after data modifications @ repetition 74 of 100[39m[90m                            [39m [90m1.05s[39m  
  [32;1m✓[39;22m[90m [39m[90mdashboard counts remain accurate after data modifications @ repetition 75 of 100[39m[90m                            [39m [90m1.04s[39m  
  [32;1m✓[39;22m[90m [39m[90mdashboard counts remain accurate after data modifications @ repetition 76 of 100[39m[90m                            [39m [90m0.96s[39m  
  [32;1m✓[39;22m[90m [39m[90mdashboard counts remain accurate after data modifications @ repetition 77 of 100[39m[90m                            [39m [90m1.05s[39m  
  [32;1m✓[39;22m[90m [39m[90mdashboard counts remain accurate after data modifications @ repetition 78 of 100[39m[90m                            [39m [90m1.05s[39m  
  [32;1m✓[39;22m[90m [39m[90mdashboard counts remain accurate after data modifications @ repetition 79 of 100[39m[90m                            [39m [90m1.06s[39m  
  [32;1m✓[39;22m[90m [39m[90mdashboard counts remain accurate after data modifications @ repetition 80 of 100[39m[90m                            [39m [90m1.01s[39m  
  [32;1m✓[39;22m[90m [39m[90mdashboard counts remain accurate after data modifications @ repetition 81 of 100[39m[90m                            [39m [90m0.93s[39m  
  [32;1m✓[39;22m[90m [39m[90mdashboard counts remain accurate after data modifications @ repetition 82 of 100[39m[90m                            [39m [90m0.97s[39m  
  [32;1m✓[39;22m[90m [39m[90mdashboard counts remain accurate after data modifications @ repetition 83 of 100[39m[90m                            [39m [90m0.97s[39m  
  [32;1m✓[39;22m[90m [39m[90mdashboard counts remain accurate after data modifications @ repetition 84 of 100[39m[90m                            [39m [90m1.04s[39m  
  [32;1m✓[39;22m[90m [39m[90mdashboard counts remain accurate after data modifications @ repetition 85 of 100[39m[90m                            [39m [90m0.99s[39m  
  [32;1m✓[39;22m[90m [39m[90mdashboard counts remain accurate after data modifications @ repetition 86 of 100[39m[90m                            [39m [90m1.06s[39m  
  [32;1m✓[39;22m[90m [39m[90mdashboard counts remain accurate after data modifications @ repetition 87 of 100[39m[90m                            [39m [90m0.99s[39m  
  [32;1m✓[39;22m[90m [39m[90mdashboard counts remain accurate after data modifications @ repetition 88 of 100[39m[90m                            [39m [90m1.02s[39m  
  [32;1m✓[39;22m[90m [39m[90mdashboard counts remain accurate after data modifications @ repetition 89 of 100[39m[90m                            [39m [90m1.05s[39m  
  [32;1m✓[39;22m[90m [39m[90mdashboard counts remain accurate after data modifications @ repetition 90 of 100[39m[90m                            [39m [90m1.01s[39m  
  [32;1m✓[39;22m[90m [39m[90mdashboard counts remain accurate after data modifications @ repetition 91 of 100[39m[90m                            [39m [90m1.13s[39m  
  [32;1m✓[39;22m[90m [39m[90mdashboard counts remain accurate after data modifications @ repetition 92 of 100[39m[90m                            [39m [90m0.99s[39m  
  [32;1m✓[39;22m[90m [39m[90mdashboard counts remain accurate after data modifications @ repetition 93 of 100[39m[90m                            [39m [90m1.03s[39m  
  [32;1m✓[39;22m[90m [39m[90mdashboard counts remain accurate after data modifications @ repetition 94 of 100[39m[90m                            [39m [90m0.96s[39m  
  [32;1m✓[39;22m[90m [39m[90mdashboard counts remain accurate after data modifications @ repetition 95 of 100[39m[90m                            [39m [90m0.98s[39m  
  [32;1m✓[39;22m[90m [39m[90mdashboard counts remain accurate after data modifications @ repetition 96 of 100[39m[90m                            [39m [90m1.05s[39m  
  [32;1m✓[39;22m[90m [39m[90mdashboard counts remain accurate after data modifications @ repetition 97 of 100[39m[90m                            [39m [90m1.02s[39m  
  [32;1m✓[39;22m[90m [39m[90mdashboard counts remain accurate after data modifications @ repetition 98 of 100[39m[90m                            [39m [90m1.07s[39m  
  [32;1m✓[39;22m[90m [39m[90mdashboard counts remain accurate after data modifications @ repetition 99 of 100[39m[90m                            [39m [90m0.98s[39m  
  [32;1m✓[39;22m[90m [39m[90mdashboard counts remain accurate after data modifications @ repetition 100 of 100[39m[90m                           [39m [90m0.99s[39m  
  [32;1m✓[39;22m[90m [39m[90msuperadmin dashboard aggregates data correctly across multiple organizations @ repetition 1 of 100[39m[90m         [39m [90m13.15s[39m  
  [32;1m✓[39;22m[90m [39m[90msuperadmin dashboard aggregates data correctly across multiple organizations @ repetition 2 of 100[39m[90m          [39m [90m5.82s[39m  
  [32;1m✓[39;22m[90m [39m[90msuperadmin dashboard aggregates data correctly across multiple organizations @ repetition 3 of 100[39m[90m          [39m [90m8.38s[39m  
  [32;1m✓[39;22m[90m [39m[90msuperadmin dashboard aggregates data correctly across multiple organizations @ repetition 4 of 100[39m[90m         [39m [90m12.30s[39m  
  [32;1m✓[39;22m[90m [39m[90msuperadmin dashboard aggregates data correctly across multiple organizations @ repetition 5 of 100[39m[90m         [39m [90m10.01s[39m  
  [32;1m✓[39;22m[90m [39m[90msuperadmin dashboard aggregates data correctly across multiple organizations @ repetition 6 of 100[39m[90m          [39m [90m8.86s[39m  
  [32;1m✓[39;22m[90m [39m[90msuperadmin dashboard aggregates data correctly across multiple organizations @ repetition 7 of 100[39m[90m          [39m [90m9.79s[39m  
  [32;1m✓[39;22m[90m [39m[90msuperadmin dashboard aggregates data correctly across multiple organizations @ repetition 8 of 100[39m[90m         [39m [90m10.43s[39m  
  [32;1m✓[39;22m[90m [39m[90msuperadmin dashboard aggregates data correctly across multiple organizations @ repetition 9 of 100[39m[90m          [39m [90m8.54s[39m  
  [32;1m✓[39;22m[90m [39m[90msuperadmin dashboard aggregates data correctly across multiple organizations @ repetition 10 of 100[39m[90m         [39m [90m7.51s[39m  
  [32;1m✓[39;22m[90m [39m[90msuperadmin dashboard aggregates data correctly across multiple organizations @ repetition 11 of 100[39m[90m         [39m [90m6.53s[39m  
  [32;1m✓[39;22m[90m [39m[90msuperadmin dashboard aggregates data correctly across multiple organizations @ repetition 12 of 100[39m[90m         [39m [90m4.16s[39m  
  [32;1m✓[39;22m[90m [39m[90msuperadmin dashboard aggregates data correctly across multiple organizations @ repetition 13 of 100[39m[90m         [39m [90m6.20s[39m  
  [32;1m✓[39;22m[90m [39m[90msuperadmin dashboard aggregates data correctly across multiple organizations @ repetition 14 of 100[39m[90m         [39m [90m7.28s[39m  
  [32;1m✓[39;22m[90m [39m[90msuperadmin dashboard aggregates data correctly across multiple organizations @ repetition 15 of 100[39m[90m        [39m [90m10.85s[39m  
  [32;1m✓[39;22m[90m [39m[90msuperadmin dashboard aggregates data correctly across multiple organizations @ repetition 16 of 100[39m[90m         [39m [90m8.26s[39m  
  [32;1m✓[39;22m[90m [39m[90msuperadmin dashboard aggregates data correctly across multiple organizations @ repetition 17 of 100[39m[90m         [39m [90m5.13s[39m  
  [32;1m✓[39;22m[90m [39m[90msuperadmin dashboard aggregates data correctly across multiple organizations @ repetition 18 of 100[39m[90m         [39m [90m3.63s[39m  
  [32;1m✓[39;22m[90m [39m[90msuperadmin dashboard aggregates data correctly across multiple organizations @ repetition 19 of 100[39m[90m         [39m [90m7.00s[39m  
  [32;1m✓[39;22m[90m [39m[90msuperadmin dashboard aggregates data correctly across multiple organizations @ repetition 20 of 100[39m[90m        [39m [90m10.94s[39m  
  [32;1m✓[39;22m[90m [39m[90msuperadmin dashboard aggregates data correctly across multiple organizations @ repetition 21 of 100[39m[90m        [39m [90m12.55s[39m  
  [32;1m✓[39;22m[90m [39m[90msuperadmin dashboard aggregates data correctly across multiple organizations @ repetition 22 of 100[39m[90m         [39m [90m5.20s[39m  
  [32;1m✓[39;22m[90m [39m[90msuperadmin dashboard aggregates data correctly across multiple organizations @ repetition 23 of 100[39m[90m        [39m [90m11.54s[39m  
  [32;1m✓[39;22m[90m [39m[90msuperadmin dashboard aggregates data correctly across multiple organizations @ repetition 24 of 100[39m[90m         [39m [90m7.63s[39m  
  [32;1m✓[39;22m[90m [39m[90msuperadmin dashboard aggregates data correctly across multiple organizations @ repetition 25 of 100[39m[90m         [39m [90m3.22s[39m  
  [32;1m✓[39;22m[90m [39m[90msuperadmin dashboard aggregates data correctly across multiple organizations @ repetition 26 of 100[39m[90m         [39m [90m3.80s[39m  
  [32;1m✓[39;22m[90m [39m[90msuperadmin dashboard aggregates data correctly across multiple organizations @ repetition 27 of 100[39m[90m         [39m [90m7.42s[39m  
  [32;1m✓[39;22m[90m [39m[90msuperadmin dashboard aggregates data correctly across multiple organizations @ repetition 28 of 100[39m[90m         [39m [90m5.93s[39m  
  [32;1m✓[39;22m[90m [39m[90msuperadmin dashboard aggregates data correctly across multiple organizations @ repetition 29 of 100[39m[90m         [39m [90m3.95s[39m  
  [32;1m✓[39;22m[90m [39m[90msuperadmin dashboard aggregates data correctly across multiple organizations @ repetition 30 of 100[39m[90m         [39m [90m4.43s[39m  
  [32;1m✓[39;22m[90m [39m[90msuperadmin dashboard aggregates data correctly across multiple organizations @ repetition 31 of 100[39m[90m         [39m [90m9.27s[39m  
  [32;1m✓[39;22m[90m [39m[90msuperadmin dashboard aggregates data correctly across multiple organizations @ repetition 32 of 100[39m[90m        [39m [90m10.63s[39m  
  [32;1m✓[39;22m[90m [39m[90msuperadmin dashboard aggregates data correctly across multiple organizations @ repetition 33 of 100[39m[90m         [39m [90m9.69s[39m  
  [32;1m✓[39;22m[90m [39m[90msuperadmin dashboard aggregates data correctly across multiple organizations @ repetition 34 of 100[39m[90m         [39m [90m7.51s[39m  
  [32;1m✓[39;22m[90m [39m[90msuperadmin dashboard aggregates data correctly across multiple organizations @ repetition 35 of 100[39m[90m         [39m [90m3.34s[39m  
  [32;1m✓[39;22m[90m [39m[90msuperadmin dashboard aggregates data correctly across multiple organizations @ repetition 36 of 100[39m[90m         [39m [90m5.79s[39m  
  [32;1m✓[39;22m[90m [39m[90msuperadmin dashboard aggregates data correctly across multiple organizations @ repetition 37 of 100[39m[90m         [39m [90m9.43s[39m  
  [32;1m✓[39;22m[90m [39m[90msuperadmin dashboard aggregates data correctly across multiple organizations @ repetition 38 of 100[39m[90m         [39m [90m7.62s[39m  
  [32;1m✓[39;22m[90m [39m[90msuperadmin dashboard aggregates data correctly across multiple organizations @ repetition 39 of 100[39m[90m         [39m [90m4.96s[39m  
  [32;1m✓[39;22m[90m [39m[90msuperadmin dashboard aggregates data correctly across multiple organizations @ repetition 40 of 100[39m[90m        [39m [90m13.26s[39m  
  [32;1m✓[39;22m[90m [39m[90msuperadmin dashboard aggregates data correctly across multiple organizations @ repetition 41 of 100[39m[90m         [39m [90m9.34s[39m  
  [32;1m✓[39;22m[90m [39m[90msuperadmin dashboard aggregates data correctly across multiple organizations @ repetition 42 of 100[39m[90m         [39m [90m6.89s[39m  
  [32;1m✓[39;22m[90m [39m[90msuperadmin dashboard aggregates data correctly across multiple organizations @ repetition 43 of 100[39m[90m         [39m [90m8.34s[39m  
  [32;1m✓[39;22m[90m [39m[90msuperadmin dashboard aggregates data correctly across multiple organizations @ repetition 44 of 100[39m[90m         [39m [90m6.68s[39m  
  [32;1m✓[39;22m[90m [39m[90msuperadmin dashboard aggregates data correctly across multiple organizations @ repetition 45 of 100[39m[90m         [39m [90m9.86s[39m  
  [32;1m✓[39;22m[90m [39m[90msuperadmin dashboard aggregates data correctly across multiple organizations @ repetition 46 of 100[39m[90m         [39m [90m7.76s[39m  
  [32;1m✓[39;22m[90m [39m[90msuperadmin dashboard aggregates data correctly across multiple organizations @ repetition 47 of 100[39m[90m         [39m [90m4.79s[39m  
  [32;1m✓[39;22m[90m [39m[90msuperadmin dashboard aggregates data correctly across multiple organizations @ repetition 48 of 100[39m[90m         [39m [90m7.03s[39m  
  [32;1m✓[39;22m[90m [39m[90msuperadmin dashboard aggregates data correctly across multiple organizations @ repetition 49 of 100[39m[90m         [39m [90m9.79s[39m  
  [32;1m✓[39;22m[90m [39m[90msuperadmin dashboard aggregates data correctly across multiple organizations @ repetition 50 of 100[39m[90m         [39m [90m9.39s[39m  
  [32;1m✓[39;22m[90m [39m[90msuperadmin dashboard aggregates data correctly across multiple organizations @ repetition 51 of 100[39m[90m         [39m [90m7.59s[39m  
  [32;1m✓[39;22m[90m [39m[90msuperadmin dashboard aggregates data correctly across multiple organizations @ repetition 52 of 100[39m[90m         [39m [90m6.72s[39m  
  [32;1m✓[39;22m[90m [39m[90msuperadmin dashboard aggregates data correctly across multiple organizations @ repetition 53 of 100[39m[90m         [39m [90m4.30s[39m  
  [32;1m✓[39;22m[90m [39m[90msuperadmin dashboard aggregates data correctly across multiple organizations @ repetition 54 of 100[39m[90m         [39m [90m6.70s[39m  
  [32;1m✓[39;22m[90m [39m[90msuperadmin dashboard aggregates data correctly across multiple organizations @ repetition 55 of 100[39m[90m         [39m [90m8.89s[39m  
  [32;1m✓[39;22m[90m [39m[90msuperadmin dashboard aggregates data correctly across multiple organizations @ repetition 56 of 100[39m[90m         [39m [90m8.56s[39m  
  [32;1m✓[39;22m[90m [39m[90msuperadmin dashboard aggregates data correctly across multiple organizations @ repetition 57 of 100[39m[90m         [39m [90m6.80s[39m  
  [32;1m✓[39;22m[90m [39m[90msuperadmin dashboard aggregates data correctly across multiple organizations @ repetition 58 of 100[39m[90m         [39m [90m8.77s[39m  
  [32;1m✓[39;22m[90m [39m[90msuperadmin dashboard aggregates data correctly across multiple organizations @ repetition 59 of 100[39m[90m         [39m [90m5.01s[39m  
  [32;1m✓[39;22m[90m [39m[90msuperadmin dashboard aggregates data correctly across multiple organizations @ repetition 60 of 100[39m[90m         [39m [90m8.96s[39m  
  [32;1m✓[39;22m[90m [39m[90msuperadmin dashboard aggregates data correctly across multiple organizations @ repetition 61 of 100[39m[90m         [39m [90m9.75s[39m  
  [32;1m✓[39;22m[90m [39m[90msuperadmin dashboard aggregates data correctly across multiple organizations @ repetition 62 of 100[39m[90m         [39m [90m6.39s[39m  
  [32;1m✓[39;22m[90m [39m[90msuperadmin dashboard aggregates data correctly across multiple organizations @ repetition 63 of 100[39m[90m        [39m [90m10.86s[39m  
  [32;1m✓[39;22m[90m [39m[90msuperadmin dashboard aggregates data correctly across multiple organizations @ repetition 64 of 100[39m[90m         [39m [90m8.72s[39m  
  [32;1m✓[39;22m[90m [39m[90msuperadmin dashboard aggregates data correctly across multiple organizations @ repetition 65 of 100[39m[90m         [39m [90m7.98s[39m  
  [32;1m✓[39;22m[90m [39m[90msuperadmin dashboard aggregates data correctly across multiple organizations @ repetition 66 of 100[39m[90m         [39m [90m8.64s[39m  
  [32;1m✓[39;22m[90m [39m[90msuperadmin dashboard aggregates data correctly across multiple organizations @ repetition 67 of 100[39m[90m         [39m [90m9.66s[39m  
  [32;1m✓[39;22m[90m [39m[90msuperadmin dashboard aggregates data correctly across multiple organizations @ repetition 68 of 100[39m[90m         [39m [90m5.80s[39m  
  [32;1m✓[39;22m[90m [39m[90msuperadmin dashboard aggregates data correctly across multiple organizations @ repetition 69 of 100[39m[90m        [39m [90m10.33s[39m  
  [32;1m✓[39;22m[90m [39m[90msuperadmin dashboard aggregates data correctly across multiple organizations @ repetition 70 of 100[39m[90m        [39m [90m10.80s[39m  
  [32;1m✓[39;22m[90m [39m[90msuperadmin dashboard aggregates data correctly across multiple organizations @ repetition 71 of 100[39m[90m         [39m [90m4.67s[39m  
  [32;1m✓[39;22m[90m [39m[90msuperadmin dashboard aggregates data correctly across multiple organizations @ repetition 72 of 100[39m[90m         [39m [90m8.13s[39m  
  [32;1m✓[39;22m[90m [39m[90msuperadmin dashboard aggregates data correctly across multiple organizations @ repetition 73 of 100[39m[90m         [39m [90m9.88s[39m  
  [32;1m✓[39;22m[90m [39m[90msuperadmin dashboard aggregates data correctly across multiple organizations @ repetition 74 of 100[39m[90m         [39m [90m5.85s[39m  
  [32;1m✓[39;22m[90m [39m[90msuperadmin dashboard aggregates data correctly across multiple organizations @ repetition 75 of 100[39m[90m         [39m [90m4.25s[39m  
  [32;1m✓[39;22m[90m [39m[90msuperadmin dashboard aggregates data correctly across multiple organizations @ repetition 76 of 100[39m[90m        [39m [90m10.04s[39m  
  [32;1m✓[39;22m[90m [39m[90msuperadmin dashboard aggregates data correctly across multiple organizations @ repetition 77 of 100[39m[90m         [39m [90m6.81s[39m  
  [32;1m✓[39;22m[90m [39m[90msuperadmin dashboard aggregates data correctly across multiple organizations @ repetition 78 of 100[39m[90m         [39m [90m7.28s[39m  
  [32;1m✓[39;22m[90m [39m[90msuperadmin dashboard aggregates data correctly across multiple organizations @ repetition 79 of 100[39m[90m         [39m [90m8.40s[39m  
  [32;1m✓[39;22m[90m [39m[90msuperadmin dashboard aggregates data correctly across multiple organizations @ repetition 80 of 100[39m[90m         [39m [90m8.92s[39m  
  [32;1m✓[39;22m[90m [39m[90msuperadmin dashboard aggregates data correctly across multiple organizations @ repetition 81 of 100[39m[90m         [39m [90m4.47s[39m  
  [32;1m✓[39;22m[90m [39m[90msuperadmin dashboard aggregates data correctly across multiple organizations @ repetition 82 of 100[39m[90m        [39m [90m10.00s[39m  
  [32;1m✓[39;22m[90m [39m[90msuperadmin dashboard aggregates data correctly across multiple organizations @ repetition 83 of 100[39m[90m         [39m [90m8.75s[39m  
  [32;1m✓[39;22m[90m [39m[90msuperadmin dashboard aggregates data correctly across multiple organizations @ repetition 84 of 100[39m[90m         [39m [90m7.64s[39m  
  [32;1m✓[39;22m[90m [39m[90msuperadmin dashboard aggregates data correctly across multiple organizations @ repetition 85 of 100[39m[90m         [39m [90m6.15s[39m  
  [32;1m✓[39;22m[90m [39m[90msuperadmin dashboard aggregates data correctly across multiple organizations @ repetition 86 of 100[39m[90m         [39m [90m8.77s[39m  
  [32;1m✓[39;22m[90m [39m[90msuperadmin dashboard aggregates data correctly across multiple organizations @ repetition 87 of 100[39m[90m         [39m [90m5.04s[39m  
  [32;1m✓[39;22m[90m [39m[90msuperadmin dashboard aggregates data correctly across multiple organizations @ repetition 88 of 100[39m[90m         [39m [90m8.47s[39m  
  [32;1m✓[39;22m[90m [39m[90msuperadmin dashboard aggregates data correctly across multiple organizations @ repetition 89 of 100[39m[90m         [39m [90m4.14s[39m  
  [32;1m✓[39;22m[90m [39m[90msuperadmin dashboard aggregates data correctly across multiple organizations @ repetition 90 of 100[39m[90m         [39m [90m6.49s[39m  
  [32;1m✓[39;22m[90m [39m[90msuperadmin dashboard aggregates data correctly across multiple organizations @ repetition 91 of 100[39m[90m         [39m [90m4.09s[39m  
  [32;1m✓[39;22m[90m [39m[90msuperadmin dashboard aggregates data correctly across multiple organizations @ repetition 92 of 100[39m[90m         [39m [90m5.80s[39m  
  [32;1m✓[39;22m[90m [39m[90msuperadmin dashboard aggregates data correctly across multiple organizations @ repetition 93 of 100[39m[90m         [39m [90m6.47s[39m  
  [32;1m✓[39;22m[90m [39m[90msuperadmin dashboard aggregates data correctly across multiple organizations @ repetition 94 of 100[39m[90m         [39m [90m9.57s[39m  
  [32;1m✓[39;22m[90m [39m[90msuperadmin dashboard aggregates data correctly across multiple organizations @ repetition 95 of 100[39m[90m         [39m [90m4.16s[39m  
  [32;1m✓[39;22m[90m [39m[90msuperadmin dashboard aggregates data correctly across multiple organizations @ repetition 96 of 100[39m[90m         [39m [90m6.46s[39m  
  [32;1m✓[39;22m[90m [39m[90msuperadmin dashboard aggregates data correctly across multiple organizations @ repetition 97 of 100[39m[90m         [39m [90m5.49s[39m  
  [32;1m✓[39;22m[90m [39m[90msuperadmin dashboard aggregates data correctly across multiple organizations @ repetition 98 of 100[39m[90m         [39m [90m6.69s[39m  
  [32;1m✓[39;22m[90m [39m[90msuperadmin dashboard aggregates data correctly across multiple organizations @ repetition 99 of 100[39m[90m         [39m [90m6.51s[39m  
  [32;1m✓[39;22m[90m [39m[90msuperadmin dashboard aggregates data correctly across multiple organizations @ repetition 100 of 100[39m[90m        [39m [90m5.39s[39m  
  [32;1m✓[39;22m[90m [39m[90madmin dashboard only counts resources within their tenant_id scope @ repetition 1 of 100[39m[90m                    [39m [90m0.65s[39m  
  [32;1m✓[39;22m[90m [39m[90madmin dashboard only counts resources within their tenant_id scope @ repetition 2 of 100[39m[90m                    [39m [90m0.63s[39m  
  [32;1m✓[39;22m[90m [39m[90madmin dashboard only counts resources within their tenant_id scope @ repetition 3 of 100[39m[90m                    [39m [90m0.70s[39m  
  [32;1m✓[39;22m[90m [39m[90madmin dashboard only counts resources within their tenant_id scope @ repetition 4 of 100[39m[90m                    [39m [90m0.62s[39m  
  [32;1m✓[39;22m[90m [39m[90madmin dashboard only counts resources within their tenant_id scope @ repetition 5 of 100[39m[90m                    [39m [90m0.61s[39m  
  [32;1m✓[39;22m[90m [39m[90madmin dashboard only counts resources within their tenant_id scope @ repetition 6 of 100[39m[90m                    [39m [90m0.64s[39m  
  [32;1m✓[39;22m[90m [39m[90madmin dashboard only counts resources within their tenant_id scope @ repetition 7 of 100[39m[90m                    [39m [90m0.70s[39m  
  [32;1m✓[39;22m[90m [39m[90madmin dashboard only counts resources within their tenant_id scope @ repetition 8 of 100[39m[90m                    [39m [90m0.68s[39m  
  [32;1m✓[39;22m[90m [39m[90madmin dashboard only counts resources within their tenant_id scope @ repetition 9 of 100[39m[90m                    [39m [90m0.71s[39m  
  [32;1m✓[39;22m[90m [39m[90madmin dashboard only counts resources within their tenant_id scope @ repetition 10 of 100[39m[90m                   [39m [90m0.66s[39m  
  [32;1m✓[39;22m[90m [39m[90madmin dashboard only counts resources within their tenant_id scope @ repetition 11 of 100[39m[90m                   [39m [90m0.62s[39m  
  [32;1m✓[39;22m[90m [39m[90madmin dashboard only counts resources within their tenant_id scope @ repetition 12 of 100[39m[90m                   [39m [90m0.62s[39m  
  [32;1m✓[39;22m[90m [39m[90madmin dashboard only counts resources within their tenant_id scope @ repetition 13 of 100[39m[90m                   [39m [90m0.64s[39m  
  [32;1m✓[39;22m[90m [39m[90madmin dashboard only counts resources within their tenant_id scope @ repetition 14 of 100[39m[90m                   [39m [90m0.69s[39m  
  [32;1m✓[39;22m[90m [39m[90madmin dashboard only counts resources within their tenant_id scope @ repetition 15 of 100[39m[90m                   [39m [90m0.63s[39m  
  [32;1m✓[39;22m[90m [39m[90madmin dashboard only counts resources within their tenant_id scope @ repetition 16 of 100[39m[90m                   [39m [90m0.67s[39m  
  [32;1m✓[39;22m[90m [39m[90madmin dashboard only counts resources within their tenant_id scope @ repetition 17 of 100[39m[90m                   [39m [90m0.67s[39m  
  [32;1m✓[39;22m[90m [39m[90madmin dashboard only counts resources within their tenant_id scope @ repetition 18 of 100[39m[90m                   [39m [90m0.64s[39m  
  [32;1m✓[39;22m[90m [39m[90madmin dashboard only counts resources within their tenant_id scope @ repetition 19 of 100[39m[90m                   [39m [90m0.62s[39m  
  [32;1m✓[39;22m[90m [39m[90madmin dashboard only counts resources within their tenant_id scope @ repetition 20 of 100[39m[90m                   [39m [90m0.60s[39m  
  [32;1m✓[39;22m[90m [39m[90madmin dashboard only counts resources within their tenant_id scope @ repetition 21 of 100[39m[90m                   [39m [90m0.65s[39m  
  [32;1m✓[39;22m[90m [39m[90madmin dashboard only counts resources within their tenant_id scope @ repetition 22 of 100[39m[90m                   [39m [90m0.69s[39m  
  [32;1m✓[39;22m[90m [39m[90madmin dashboard only counts resources within their tenant_id scope @ repetition 23 of 100[39m[90m                   [39m [90m0.68s[39m  
  [32;1m✓[39;22m[90m [39m[90madmin dashboard only counts resources within their tenant_id scope @ repetition 24 of 100[39m[90m                   [39m [90m0.59s[39m  
  [32;1m✓[39;22m[90m [39m[90madmin dashboard only counts resources within their tenant_id scope @ repetition 25 of 100[39m[90m                   [39m [90m0.64s[39m  
  [32;1m✓[39;22m[90m [39m[90madmin dashboard only counts resources within their tenant_id scope @ repetition 26 of 100[39m[90m                   [39m [90m0.64s[39m  
  [32;1m✓[39;22m[90m [39m[90madmin dashboard only counts resources within their tenant_id scope @ repetition 27 of 100[39m[90m                   [39m [90m0.65s[39m  
  [32;1m✓[39;22m[90m [39m[90madmin dashboard only counts resources within their tenant_id scope @ repetition 28 of 100[39m[90m                   [39m [90m0.64s[39m  
  [32;1m✓[39;22m[90m [39m[90madmin dashboard only counts resources within their tenant_id scope @ repetition 29 of 100[39m[90m                   [39m [90m0.67s[39m  
  [32;1m✓[39;22m[90m [39m[90madmin dashboard only counts resources within their tenant_id scope @ repetition 30 of 100[39m[90m                   [39m [90m0.66s[39m  
  [32;1m✓[39;22m[90m [39m[90madmin dashboard only counts resources within their tenant_id scope @ repetition 31 of 100[39m[90m                   [39m [90m0.66s[39m  
  [32;1m✓[39;22m[90m [39m[90madmin dashboard only counts resources within their tenant_id scope @ repetition 32 of 100[39m[90m                   [39m [90m0.62s[39m  
  [32;1m✓[39;22m[90m [39m[90madmin dashboard only counts resources within their tenant_id scope @ repetition 33 of 100[39m[90m                   [39m [90m0.68s[39m  
  [32;1m✓[39;22m[90m [39m[90madmin dashboard only counts resources within their tenant_id scope @ repetition 34 of 100[39m[90m                   [39m [90m0.67s[39m  
  [32;1m✓[39;22m[90m [39m[90madmin dashboard only counts resources within their tenant_id scope @ repetition 35 of 100[39m[90m                   [39m [90m0.80s[39m  
  [32;1m✓[39;22m[90m [39m[90madmin dashboard only counts resources within their tenant_id scope @ repetition 36 of 100[39m[90m                   [39m [90m0.72s[39m  
  [32;1m✓[39;22m[90m [39m[90madmin dashboard only counts resources within their tenant_id scope @ repetition 37 of 100[39m[90m                   [39m [90m0.69s[39m  
  [32;1m✓[39;22m[90m [39m[90madmin dashboard only counts resources within their tenant_id scope @ repetition 38 of 100[39m[90m                   [39m [90m0.72s[39m  
  [32;1m✓[39;22m[90m [39m[90madmin dashboard only counts resources within their tenant_id scope @ repetition 39 of 100[39m[90m                   [39m [90m0.70s[39m  
  [32;1m✓[39;22m[90m [39m[90madmin dashboard only counts resources within their tenant_id scope @ repetition 40 of 100[39m[90m                   [39m [90m0.69s[39m  
  [32;1m✓[39;22m[90m [39m[90madmin dashboard only counts resources within their tenant_id scope @ repetition 41 of 100[39m[90m                   [39m [90m0.69s[39m  
  [32;1m✓[39;22m[90m [39m[90madmin dashboard only counts resources within their tenant_id scope @ repetition 42 of 100[39m[90m                   [39m [90m0.74s[39m  
  [32;1m✓[39;22m[90m [39m[90madmin dashboard only counts resources within their tenant_id scope @ repetition 43 of 100[39m[90m                   [39m [90m0.70s[39m  
  [32;1m✓[39;22m[90m [39m[90madmin dashboard only counts resources within their tenant_id scope @ repetition 44 of 100[39m[90m                   [39m [90m0.71s[39m  
  [32;1m✓[39;22m[90m [39m[90madmin dashboard only counts resources within their tenant_id scope @ repetition 45 of 100[39m[90m                   [39m [90m0.72s[39m  
  [32;1m✓[39;22m[90m [39m[90madmin dashboard only counts resources within their tenant_id scope @ repetition 46 of 100[39m[90m                   [39m [90m0.69s[39m  
  [32;1m✓[39;22m[90m [39m[90madmin dashboard only counts resources within their tenant_id scope @ repetition 47 of 100[39m[90m                   [39m [90m0.73s[39m  
  [32;1m✓[39;22m[90m [39m[90madmin dashboard only counts resources within their tenant_id scope @ repetition 48 of 100[39m[90m                   [39m [90m0.68s[39m  
  [32;1m✓[39;22m[90m [39m[90madmin dashboard only counts resources within their tenant_id scope @ repetition 49 of 100[39m[90m                   [39m [90m0.69s[39m  
  [32;1m✓[39;22m[90m [39m[90madmin dashboard only counts resources within their tenant_id scope @ repetition 50 of 100[39m[90m                   [39m [90m0.68s[39m  
  [32;1m✓[39;22m[90m [39m[90madmin dashboard only counts resources within their tenant_id scope @ repetition 51 of 100[39m[90m                   [39m [90m0.70s[39m  
  [32;1m✓[39;22m[90m [39m[90madmin dashboard only counts resources within their tenant_id scope @ repetition 52 of 100[39m[90m                   [39m [90m0.81s[39m  
  [32;1m✓[39;22m[90m [39m[90madmin dashboard only counts resources within their tenant_id scope @ repetition 53 of 100[39m[90m                   [39m [90m0.69s[39m  
  [32;1m✓[39;22m[90m [39m[90madmin dashboard only counts resources within their tenant_id scope @ repetition 54 of 100[39m[90m                   [39m [90m0.70s[39m  
  [32;1m✓[39;22m[90m [39m[90madmin dashboard only counts resources within their tenant_id scope @ repetition 55 of 100[39m[90m                   [39m [90m0.68s[39m  
  [32;1m✓[39;22m[90m [39m[90madmin dashboard only counts resources within their tenant_id scope @ repetition 56 of 100[39m[90m                   [39m [90m0.68s[39m  
  [32;1m✓[39;22m[90m [39m[90madmin dashboard only counts resources within their tenant_id scope @ repetition 57 of 100[39m[90m                   [39m [90m0.68s[39m  
  [32;1m✓[39;22m[90m [39m[90madmin dashboard only counts resources within their tenant_id scope @ repetition 58 of 100[39m[90m                   [39m [90m0.65s[39m  
  [32;1m✓[39;22m[90m [39m[90madmin dashboard only counts resources within their tenant_id scope @ repetition 59 of 100[39m[90m                   [39m [90m0.62s[39m  
  [32;1m✓[39;22m[90m [39m[90madmin dashboard only counts resources within their tenant_id scope @ repetition 60 of 100[39m[90m                   [39m [90m0.72s[39m  
  [32;1m✓[39;22m[90m [39m[90madmin dashboard only counts resources within their tenant_id scope @ repetition 61 of 100[39m[90m                   [39m [90m1.01s[39m  
  [32;1m✓[39;22m[90m [39m[90madmin dashboard only counts resources within their tenant_id scope @ repetition 62 of 100[39m[90m                   [39m [90m0.80s[39m  
  [32;1m✓[39;22m[90m [39m[90madmin dashboard only counts resources within their tenant_id scope @ repetition 63 of 100[39m[90m                   [39m [90m0.71s[39m  
  [32;1m✓[39;22m[90m [39m[90madmin dashboard only counts resources within their tenant_id scope @ repetition 64 of 100[39m[90m                   [39m [90m0.67s[39m  
  [32;1m✓[39;22m[90m [39m[90madmin dashboard only counts resources within their tenant_id scope @ repetition 65 of 100[39m[90m                   [39m [90m0.64s[39m  
  [32;1m✓[39;22m[90m [39m[90madmin dashboard only counts resources within their tenant_id scope @ repetition 66 of 100[39m[90m                   [39m [90m0.69s[39m  
  [32;1m✓[39;22m[90m [39m[90madmin dashboard only counts resources within their tenant_id scope @ repetition 67 of 100[39m[90m                   [39m [90m0.67s[39m  
  [32;1m✓[39;22m[90m [39m[90madmin dashboard only counts resources within their tenant_id scope @ repetition 68 of 100[39m[90m                   [39m [90m0.71s[39m  
  [32;1m✓[39;22m[90m [39m[90madmin dashboard only counts resources within their tenant_id scope @ repetition 69 of 100[39m[90m                   [39m [90m0.81s[39m  
  [32;1m✓[39;22m[90m [39m[90madmin dashboard only counts resources within their tenant_id scope @ repetition 70 of 100[39m[90m                   [39m [90m0.70s[39m  
  [32;1m✓[39;22m[90m [39m[90madmin dashboard only counts resources within their tenant_id scope @ repetition 71 of 100[39m[90m                   [39m [90m0.73s[39m  
  [32;1m✓[39;22m[90m [39m[90madmin dashboard only counts resources within their tenant_id scope @ repetition 72 of 100[39m[90m                   [39m [90m0.73s[39m  
  [32;1m✓[39;22m[90m [39m[90madmin dashboard only counts resources within their tenant_id scope @ repetition 73 of 100[39m[90m                   [39m [90m0.70s[39m  
  [32;1m✓[39;22m[90m [39m[90madmin dashboard only counts resources within their tenant_id scope @ repetition 74 of 100[39m[90m                   [39m [90m0.68s[39m  
  [32;1m✓[39;22m[90m [39m[90madmin dashboard only counts resources within their tenant_id scope @ repetition 75 of 100[39m[90m                   [39m [90m0.74s[39m  
  [32;1m✓[39;22m[90m [39m[90madmin dashboard only counts resources within their tenant_id scope @ repetition 76 of 100[39m[90m                   [39m [90m0.72s[39m  
  [32;1m✓[39;22m[90m [39m[90madmin dashboard only counts resources within their tenant_id scope @ repetition 77 of 100[39m[90m                   [39m [90m0.72s[39m  
  [32;1m✓[39;22m[90m [39m[90madmin dashboard only counts resources within their tenant_id scope @ repetition 78 of 100[39m[90m                   [39m [90m0.66s[39m  
  [32;1m✓[39;22m[90m [39m[90madmin dashboard only counts resources within their tenant_id scope @ repetition 79 of 100[39m[90m                   [39m [90m0.70s[39m  
  [32;1m✓[39;22m[90m [39m[90madmin dashboard only counts resources within their tenant_id scope @ repetition 80 of 100[39m[90m                   [39m [90m0.72s[39m  
  [32;1m✓[39;22m[90m [39m[90madmin dashboard only counts resources within their tenant_id scope @ repetition 81 of 100[39m[90m                   [39m [90m0.72s[39m  
  [32;1m✓[39;22m[90m [39m[90madmin dashboard only counts resources within their tenant_id scope @ repetition 82 of 100[39m[90m                   [39m [90m0.75s[39m  
  [32;1m✓[39;22m[90m [39m[90madmin dashboard only counts resources within their tenant_id scope @ repetition 83 of 100[39m[90m                   [39m [90m0.74s[39m  
  [32;1m✓[39;22m[90m [39m[90madmin dashboard only counts resources within their tenant_id scope @ repetition 84 of 100[39m[90m                   [39m [90m0.74s[39m  
  [32;1m✓[39;22m[90m [39m[90madmin dashboard only counts resources within their tenant_id scope @ repetition 85 of 100[39m[90m                   [39m [90m0.77s[39m  
  [32;1m✓[39;22m[90m [39m[90madmin dashboard only counts resources within their tenant_id scope @ repetition 86 of 100[39m[90m                   [39m [90m0.76s[39m  
  [32;1m✓[39;22m[90m [39m[90madmin dashboard only counts resources within their tenant_id scope @ repetition 87 of 100[39m[90m                   [39m [90m0.74s[39m  
  [32;1m✓[39;22m[90m [39m[90madmin dashboard only counts resources within their tenant_id scope @ repetition 88 of 100[39m[90m                   [39m [90m0.72s[39m  
  [32;1m✓[39;22m[90m [39m[90madmin dashboard only counts resources within their tenant_id scope @ repetition 89 of 100[39m[90m                   [39m [90m0.72s[39m  
  [32;1m✓[39;22m[90m [39m[90madmin dashboard only counts resources within their tenant_id scope @ repetition 90 of 100[39m[90m                   [39m [90m0.74s[39m  
  [32;1m✓[39;22m[90m [39m[90madmin dashboard only counts resources within their tenant_id scope @ repetition 91 of 100[39m[90m                   [39m [90m0.71s[39m  
  [32;1m✓[39;22m[90m [39m[90madmin dashboard only counts resources within their tenant_id scope @ repetition 92 of 100[39m[90m                   [39m [90m0.72s[39m  
  [32;1m✓[39;22m[90m [39m[90madmin dashboard only counts resources within their tenant_id scope @ repetition 93 of 100[39m[90m                   [39m [90m0.75s[39m  
  [32;1m✓[39;22m[90m [39m[90madmin dashboard only counts resources within their tenant_id scope @ repetition 94 of 100[39m[90m                   [39m [90m0.76s[39m  
  [32;1m✓[39;22m[90m [39m[90madmin dashboard only counts resources within their tenant_id scope @ repetition 95 of 100[39m[90m                   [39m [90m0.77s[39m  
  [32;1m✓[39;22m[90m [39m[90madmin dashboard only counts resources within their tenant_id scope @ repetition 96 of 100[39m[90m                   [39m [90m0.77s[39m  
  [32;1m✓[39;22m[90m [39m[90madmin dashboard only counts resources within their tenant_id scope @ repetition 97 of 100[39m[90m                   [39m [90m0.78s[39m  
  [32;1m✓[39;22m[90m [39m[90madmin dashboard only counts resources within their tenant_id scope @ repetition 98 of 100[39m[90m                   [39m [90m0.82s[39m  
  [32;1m✓[39;22m[90m [39m[90madmin dashboard only counts resources within their tenant_id scope @ repetition 99 of 100[39m[90m                   [39m [90m0.78s[39m  
  [32;1m✓[39;22m[90m [39m[90madmin dashboard only counts resources within their tenant_id scope @ repetition 100 of 100[39m[90m                  [39m [90m0.76s[39m  

  [30;43;1m WARN [39;49;22m[39m Tests\Feature\DatabaseConfigurationTest[39m
  [33;1m-[39;22m[90m [39m[90msqlite database uses WAL mode[39m[90m [39m[33m→ WAL mode not supported in :memory: database[39m[90m                                 [39m [90m1.16s[39m  
  [32;1m✓[39;22m[90m [39m[90msqlite database has foreign keys enabled[39m[90m                                                                    [39m [90m0.17s[39m  

  [30;42;1m PASS [39;49;22m[39m Tests\Feature\DatabaseIndexingMigrationTest[39m
  [32;1m✓[39;22m[90m [39m[37mDatabase Indexing Migration[39m[90m → migration runs successfully without errors[39m[90m                                    [39m [90m0.24s[39m  
  [32;1m✓[39;22m[90m [39m[37mDatabase Indexing Migration[39m[90m → users table has email index[39m[90m                                                   [39m [90m0.13s[39m  
  [32;1m✓[39;22m[90m [39m[37mDatabase Indexing Migration[39m[90m → users table has is_active index[39m[90m                                               [39m [90m0.23s[39m  
  [32;1m✓[39;22m[90m [39m[37mDatabase Indexing Migration[39m[90m → users table has tenant_active composite index[39m[90m                                 [39m [90m0.19s[39m  
  [32;1m✓[39;22m[90m [39m[37mDatabase Indexing Migration[39m[90m → properties table has created_at index[39m[90m                                         [39m [90m0.17s[39m  
  [32;1m✓[39;22m[90m [39m[37mDatabase Indexing Migration[39m[90m → properties table has tenant_created composite index[39m[90m                           [39m [90m0.23s[39m  
  [32;1m✓[39;22m[90m [39m[37mDatabase Indexing Migration[39m[90m → meters table has type index[39m[90m                                                   [39m [90m0.20s[39m  
  [32;1m✓[39;22m[90m [39m[37mDatabase Indexing Migration[39m[90m → meters table has property_type composite index[39m[90m                                [39m [90m0.21s[39m  
  [32;1m✓[39;22m[90m [39m[37mDatabase Indexing Migration[39m[90m → meter_readings table has entered_by index[39m[90m                                     [39m [90m0.20s[39m  
  [32;1m✓[39;22m[90m [39m[37mDatabase Indexing Migration[39m[90m → meter_readings table has tenant_date composite index[39m[90m                          [39m [90m0.19s[39m  
  [32;1m✓[39;22m[90m [39m[37mDatabase Indexing Migration[39m[90m → invoices table has finalized_at index[39m[90m                                         [39m [90m0.20s[39m  
  [32;1m✓[39;22m[90m [39m[37mDatabase Indexing Migration[39m[90m → invoices table has tenant_status composite index[39m[90m                              [39m [90m0.18s[39m  
  [32;1m✓[39;22m[90m [39m[37mDatabase Indexing Migration[39m[90m → invoices table has period composite index[39m[90m                                     [39m [90m0.21s[39m  
  [32;1m✓[39;22m[90m [39m[37mDatabase Indexing Migration[39m[90m → buildings table has created_at index[39m[90m                                          [39m [90m0.20s[39m  
  [32;1m✓[39;22m[90m [39m[37mDatabase Indexing Migration[39m[90m → buildings table has gyvatukas index[39m[90m                                           [39m [90m0.23s[39m  
  [32;1m✓[39;22m[90m [39m[37mDatabase Indexing Migration[39m[90m → migration can be rolled back without errors[39m[90m                                   [39m [90m0.23s[39m  
  [32;1m✓[39;22m[90m [39m[37mDatabase Indexing Migration[39m[90m → indexes improve query performance for email lookups[39m[90m                           [39m [90m0.18s[39m  
  [32;1m✓[39;22m[90m [39m[37mDatabase Indexing Migration[39m[90m → indexes improve query performance for active user filtering[39m[90m                   [39m [90m0.21s[39m  

  [39;41;1m FAIL [39;49;22m[39m Tests\Feature\EmailNotificationOnAccountActionsPropertyTest[39m
  [31;1m⨯[39;22m[90m [39m[90mtenant account creation queues welcome email notification @ repetition 1 of 100[39m[90m                             [39m [90m0.80s[39m  
  [31;1m⨯[39;22m[90m [39m[90mtenant account creation queues welcome email notification @ repetition 2 of 100[39m[90m                             [39m [90m0.81s[39m  
  [31;1m⨯[39;22m[90m [39m[90mtenant account creation queues welcome email notification @ repetition 3 of 100[39m[90m                             [39m [90m0.79s[39m  
  [31;1m⨯[39;22m[90m [39m[90mtenant account creation queues welcome email notification @ repetition 4 of 100[39m[90m                             [39m [90m0.72s[39m  
  [31;1m⨯[39;22m[90m [39m[90mtenant account creation queues welcome email notification @ repetition 5 of 100[39m[90m                             [39m [90m0.87s[39m  
  [31;1m⨯[39;22m[90m [39m[90mtenant account creation queues welcome email notification @ repetition 6 of 100[39m[90m                             [39m [90m0.98s[39m  
  [31;1m⨯[39;22m[90m [39m[90mtenant account creation queues welcome email notification @ repetition 7 of 100[39m[90m                             [39m [90m0.84s[39m  
  [31;1m⨯[39;22m[90m [39m[90mtenant account creation queues welcome email notification @ repetition 8 of 100[39m[90m                             [39m [90m0.90s[39m  
  [31;1m⨯[39;22m[90m [39m[90mtenant account creation queues welcome email notification @ repetition 9 of 100[39m[90m                             [39m [90m0.83s[39m  
  [31;1m⨯[39;22m[90m [39m[90mtenant account creation queues welcome email notification @ repetition 10 of 100[39m[90m                            [39m [90m0.89s[39m  
  [31;1m⨯[39;22m[90m [39m[90mtenant account creation queues welcome email notification @ repetition 11 of 100[39m[90m                            [39m [90m0.90s[39m  
  [31;1m⨯[39;22m[90m [39m[90mtenant account creation queues welcome email notification @ repetition 12 of 100[39m[90m                            [39m [90m0.97s[39m  
  [31;1m⨯[39;22m[90m [39m[90mtenant account creation queues welcome email notification @ repetition 13 of 100[39m[90m                            [39m [90m0.87s[39m  
  [31;1m⨯[39;22m[90m [39m[90mtenant account creation queues welcome email notification @ repetition 14 of 100[39m[90m                            [39m [90m0.93s[39m  
  [31;1m⨯[39;22m[90m [39m[90mtenant account creation queues welcome email notification @ repetition 15 of 100[39m[90m                            [39m [90m0.90s[39m  
  [31;1m⨯[39;22m[90m [39m[90mtenant account creation queues welcome email notification @ repetition 16 of 100[39m[90m                            [39m [90m0.92s[39m  
  [31;1m⨯[39;22m[90m [39m[90mtenant account creation queues welcome email notification @ repetition 17 of 100[39m[90m                            [39m [90m0.86s[39m  
  [31;1m⨯[39;22m[90m [39m[90mtenant account creation queues welcome email notification @ repetition 18 of 100[39m[90m                            [39m [90m0.93s[39m  
  [31;1m⨯[39;22m[90m [39m[90mtenant account creation queues welcome email notification @ repetition 19 of 100[39m[90m                            [39m [90m1.02s[39m  
  [31;1m⨯[39;22m[90m [39m[90mtenant account creation queues welcome email notification @ repetition 20 of 100[39m[90m                            [39m [90m0.93s[39m  
  [31;1m⨯[39;22m[90m [39m[90mtenant account creation queues welcome email notification @ repetition 21 of 100[39m[90m                            [39m [90m1.00s[39m  
  [31;1m⨯[39;22m[90m [39m[90mtenant account creation queues welcome email notification @ repetition 22 of 100[39m[90m                            [39m [90m0.97s[39m  
  [31;1m⨯[39;22m[90m [39m[90mtenant account creation queues welcome email notification @ repetition 23 of 100[39m[90m                            [39m [90m0.91s[39m  
  [31;1m⨯[39;22m[90m [39m[90mtenant account creation queues welcome email notification @ repetition 24 of 100[39m[90m                            [39m [90m1.02s[39m  
  [31;1m⨯[39;22m[90m [39m[90mtenant account creation queues welcome email notification @ repetition 25 of 100[39m[90m                            [39m [90m1.07s[39m  
  [31;1m⨯[39;22m[90m [39m[90mtenant account creation queues welcome email notification @ repetition 26 of 100[39m[90m                            [39m [90m1.00s[39m  
  [31;1m⨯[39;22m[90m [39m[90mtenant account creation queues welcome email notification @ repetition 27 of 100[39m[90m                            [39m [90m0.96s[39m  
  [31;1m⨯[39;22m[90m [39m[90mtenant account creation queues welcome email notification @ repetition 28 of 100[39m[90m                            [39m [90m1.00s[39m  
  [31;1m⨯[39;22m[90m [39m[90mtenant account creation queues welcome email notification @ repetition 29 of 100[39m[90m                            [39m [90m0.99s[39m  
  [31;1m⨯[39;22m[90m [39m[90mtenant account creation queues welcome email notification @ repetition 30 of 100[39m[90m                            [39m [90m1.08s[39m  
  [31;1m⨯[39;22m[90m [39m[90mtenant account creation queues welcome email notification @ repetition 31 of 100[39m[90m                            [39m [90m1.04s[39m  
  [31;1m⨯[39;22m[90m [39m[90mtenant account creation queues welcome email notification @ repetition 32 of 100[39m[90m                            [39m [90m1.09s[39m  
  [31;1m⨯[39;22m[90m [39m[90mtenant account creation queues welcome email notification @ repetition 33 of 100[39m[90m                            [39m [90m1.06s[39m  
  [31;1m⨯[39;22m[90m [39m[90mtenant account creation queues welcome email notification @ repetition 34 of 100[39m[90m                            [39m [90m1.10s[39m  
  [31;1m⨯[39;22m[90m [39m[90mtenant account creation queues welcome email notification @ repetition 35 of 100[39m[90m                            [39m [90m1.04s[39m  
  [31;1m⨯[39;22m[90m [39m[90mtenant account creation queues welcome email notification @ repetition 36 of 100[39m[90m                            [39m [90m1.01s[39m  
  [31;1m⨯[39;22m[90m [39m[90mtenant account creation queues welcome email notification @ repetition 37 of 100[39m[90m                            [39m [90m1.02s[39m  
  [31;1m⨯[39;22m[90m [39m[90mtenant account creation queues welcome email notification @ repetition 38 of 100[39m[90m                            [39m [90m1.02s[39m  
  [31;1m⨯[39;22m[90m [39m[90mtenant account creation queues welcome email notification @ repetition 39 of 100[39m[90m                            [39m [90m1.12s[39m  
  [31;1m⨯[39;22m[90m [39m[90mtenant account creation queues welcome email notification @ repetition 40 of 100[39m[90m                            [39m [90m1.11s[39m  
  [31;1m⨯[39;22m[90m [39m[90mtenant account creation queues welcome email notification @ repetition 41 of 100[39m[90m                            [39m [90m1.05s[39m  
  [31;1m⨯[39;22m[90m [39m[90mtenant account creation queues welcome email notification @ repetition 42 of 100[39m[90m                            [39m [90m1.23s[39m  
  [31;1m⨯[39;22m[90m [39m[90mtenant account creation queues welcome email notification @ repetition 43 of 100[39m[90m                            [39m [90m1.05s[39m  
  [31;1m⨯[39;22m[90m [39m[90mtenant account creation queues welcome email notification @ repetition 44 of 100[39m[90m                            [39m [90m1.03s[39m  
  [31;1m⨯[39;22m[90m [39m[90mtenant account creation queues welcome email notification @ repetition 45 of 100[39m[90m                            [39m [90m1.08s[39m  
  [31;1m⨯[39;22m[90m [39m[90mtenant account creation queues welcome email notification @ repetition 46 of 100[39m[90m                            [39m [90m1.02s[39m  
  [31;1m⨯[39;22m[90m [39m[90mtenant account creation queues welcome email notification @ repetition 47 of 100[39m[90m                            [39m [90m1.04s[39m  
  [31;1m⨯[39;22m[90m [39m[90mtenant account creation queues welcome email notification @ repetition 48 of 100[39m[90m                            [39m [90m1.24s[39m  
  [31;1m⨯[39;22m[90m [39m[90mtenant account creation queues welcome email notification @ repetition 49 of 100[39m[90m                            [39m [90m1.03s[39m  
  [31;1m⨯[39;22m[90m [39m[90mtenant account creation queues welcome email notification @ repetition 50 of 100[39m[90m                            [39m [90m1.02s[39m  
  [31;1m⨯[39;22m[90m [39m[90mtenant account creation queues welcome email notification @ repetition 51 of 100[39m[90m                            [39m [90m1.07s[39m  
  [31;1m⨯[39;22m[90m [39m[90mtenant account creation queues welcome email notification @ repetition 52 of 100[39m[90m                            [39m [90m1.06s[39m  
  [31;1m⨯[39;22m[90m [39m[90mtenant account creation queues welcome email notification @ repetition 53 of 100[39m[90m                            [39m [90m1.03s[39m  
  [31;1m⨯[39;22m[90m [39m[90mtenant account creation queues welcome email notification @ repetition 54 of 100[39m[90m                            [39m [90m1.07s[39m  
  [31;1m⨯[39;22m[90m [39m[90mtenant account creation queues welcome email notification @ repetition 55 of 100[39m[90m                            [39m [90m0.95s[39m  
  [31;1m⨯[39;22m[90m [39m[90mtenant account creation queues welcome email notification @ repetition 56 of 100[39m[90m                            [39m [90m1.03s[39m  
  [31;1m⨯[39;22m[90m [39m[90mtenant account creation queues welcome email notification @ repetition 57 of 100[39m[90m                            [39m [90m1.01s[39m  
  [31;1m⨯[39;22m[90m [39m[90mtenant account creation queues welcome email notification @ repetition 58 of 100[39m[90m                            [39m [90m1.00s[39m  
  [31;1m⨯[39;22m[90m [39m[90mtenant account creation queues welcome email notification @ repetition 59 of 100[39m[90m                            [39m [90m1.05s[39m  
  [31;1m⨯[39;22m[90m [39m[90mtenant account creation queues welcome email notification @ repetition 60 of 100[39m[90m                            [39m [90m1.04s[39m  
  [31;1m⨯[39;22m[90m [39m[90mtenant account creation queues welcome email notification @ repetition 61 of 100[39m[90m                            [39m [90m1.02s[39m  
  [31;1m⨯[39;22m[90m [39m[90mtenant account creation queues welcome email notification @ repetition 62 of 100[39m[90m                            [39m [90m1.08s[39m  
  [31;1m⨯[39;22m[90m [39m[90mtenant account creation queues welcome email notification @ repetition 63 of 100[39m[90m                            [39m [90m1.02s[39m  
  [31;1m⨯[39;22m[90m [39m[90mtenant account creation queues welcome email notification @ repetition 64 of 100[39m[90m                            [39m [90m1.05s[39m  
  [31;1m⨯[39;22m[90m [39m[90mtenant account creation queues welcome email notification @ repetition 65 of 100[39m[90m                            [39m [90m1.10s[39m  
  [31;1m⨯[39;22m[90m [39m[90mtenant account creation queues welcome email notification @ repetition 66 of 100[39m[90m                            [39m [90m0.93s[39m  
  [31;1m⨯[39;22m[90m [39m[90mtenant account creation queues welcome email notification @ repetition 67 of 100[39m[90m                            [39m [90m0.90s[39m  
  [31;1m⨯[39;22m[90m [39m[90mtenant account creation queues welcome email notification @ repetition 68 of 100[39m[90m                            [39m [90m1.04s[39m  
  [31;1m⨯[39;22m[90m [39m[90mtenant account creation queues welcome email notification @ repetition 69 of 100[39m[90m                            [39m [90m0.87s[39m  
  [31;1m⨯[39;22m[90m [39m[90mtenant account creation queues welcome email notification @ repetition 70 of 100[39m[90m                            [39m [90m0.92s[39m  
  [31;1m⨯[39;22m[90m [39m[90mtenant account creation queues welcome email notification @ repetition 71 of 100[39m[90m                            [39m [90m1.00s[39m  
  [31;1m⨯[39;22m[90m [39m[90mtenant account creation queues welcome email notification @ repetition 72 of 100[39m[90m                            [39m [90m0.85s[39m  
  [31;1m⨯[39;22m[90m [39m[90mtenant account creation queues welcome email notification @ repetition 73 of 100[39m[90m                            [39m [90m0.80s[39m  
  [31;1m⨯[39;22m[90m [39m[90mtenant account creation queues welcome email notification @ repetition 74 of 100[39m[90m                            [39m [90m0.83s[39m  
  [31;1m⨯[39;22m[90m [39m[90mtenant account creation queues welcome email notification @ repetition 75 of 100[39m[90m                            [39m [90m0.98s[39m  
  [31;1m⨯[39;22m[90m [39m[90mtenant account creation queues welcome email notification @ repetition 76 of 100[39m[90m                            [39m [90m1.19s[39m  
  [31;1m⨯[39;22m[90m [39m[90mtenant account creation queues welcome email notification @ repetition 77 of 100[39m[90m                            [39m [90m1.02s[39m  
  [31;1m⨯[39;22m[90m [39m[90mtenant account creation queues welcome email notification @ repetition 78 of 100[39m[90m                            [39m [90m0.98s[39m  
  [31;1m⨯[39;22m[90m [39m[90mtenant account creation queues welcome email notification @ repetition 79 of 100[39m[90m                            [39m [90m0.99s[39m  
  [31;1m⨯[39;22m[90m [39m[90mtenant account creation queues welcome email notification @ repetition 80 of 100[39m[90m                            [39m [90m0.82s[39m  
  [31;1m⨯[39;22m[90m [39m[90mtenant account creation queues welcome email notification @ repetition 81 of 100[39m[90m                            [39m [90m0.85s[39m  
  [31;1m⨯[39;22m[90m [39m[90mtenant account creation queues welcome email notification @ repetition 82 of 100[39m[90m                            [39m [90m0.78s[39m  
  [31;1m⨯[39;22m[90m [39m[90mtenant account creation queues welcome email notification @ repetition 83 of 100[39m[90m                            [39m [90m0.75s[39m  
  [31;1m⨯[39;22m[90m [39m[90mtenant account creation queues welcome email notification @ repetition 84 of 100[39m[90m                            [39m [90m0.71s[39m  
  [31;1m⨯[39;22m[90m [39m[90mtenant account creation queues welcome email notification @ repetition 85 of 100[39m[90m                            [39m [90m0.93s[39m  
  [31;1m⨯[39;22m[90m [39m[90mtenant account creation queues welcome email notification @ repetition 86 of 100[39m[90m                            [39m [90m0.76s[39m  
  [31;1m⨯[39;22m[90m [39m[90mtenant account creation queues welcome email notification @ repetition 87 of 100[39m[90m                            [39m [90m0.75s[39m  
  [31;1m⨯[39;22m[90m [39m[90mtenant account creation queues welcome email notification @ repetition 88 of 100[39m[90m                            [39m [90m0.74s[39m  
  [31;1m⨯[39;22m[90m [39m[90mtenant account creation queues welcome email notification @ repetition 89 of 100[39m[90m                            [39m [90m0.74s[39m  
  [31;1m⨯[39;22m[90m [39m[90mtenant account creation queues welcome email notification @ repetition 90 of 100[39m[90m                            [39m [90m0.72s[39m  
  [31;1m⨯[39;22m[90m [39m[90mtenant account creation queues welcome email notification @ repetition 91 of 100[39m[90m                            [39m [90m0.71s[39m  
  [31;1m⨯[39;22m[90m [39m[90mtenant account creation queues welcome email notification @ repetition 92 of 100[39m[90m                            [39m [90m0.92s[39m  
  [31;1m⨯[39;22m[90m [39m[90mtenant account creation queues welcome email notification @ repetition 93 of 100[39m[90m                            [39m [90m0.80s[39m  
  [31;1m⨯[39;22m[90m [39m[90mtenant account creation queues welcome email notification @ repetition 94 of 100[39m[90m                            [39m [90m0.73s[39m  
  [31;1m⨯[39;22m[90m [39m[90mtenant account creation queues welcome email notification @ repetition 95 of 100[39m[90m                            [39m [90m0.78s[39m  
  [31;1m⨯[39;22m[90m [39m[90mtenant account creation queues welcome email notification @ repetition 96 of 100[39m[90m                            [39m [90m0.73s[39m  
  [31;1m⨯[39;22m[90m [39m[90mtenant account creation queues welcome email notification @ repetition 97 of 100[39m[90m                            [39m [90m0.67s[39m  
  [31;1m⨯[39;22m[90m [39m[90mtenant account creation queues welcome email notification @ repetition 98 of 100[39m[90m                            [39m [90m0.70s[39m  
  [31;1m⨯[39;22m[90m [39m[90mtenant account creation queues welcome email notification @ repetition 99 of 100[39m[90m                            [39m [90m0.80s[39m  
  [31;1m⨯[39;22m[90m [39m[90mtenant account creation queues welcome email notification @ repetition 100 of 100[39m[90m                           [39m [90m0.69s[39m  
  [31;1m⨯[39;22m[90m [39m[90mtenant reassignment queues reassignment email notification @ repetition 1 of 100[39m[90m                            [39m [90m0.70s[39m  
  [31;1m⨯[39;22m[90m [39m[90mtenant reassignment queues reassignment email notification @ repetition 2 of 100[39m[90m                            [39m [90m0.75s[39m  
  [31;1m⨯[39;22m[90m [39m[90mtenant reassignment queues reassignment email notification @ repetition 3 of 100[39m[90m                            [39m [90m0.75s[39m  
  [31;1m⨯[39;22m[90m [39m[90mtenant reassignment queues reassignment email notification @ repetition 4 of 100[39m[90m                            [39m [90m0.68s[39m  
  [31;1m⨯[39;22m[90m [39m[90mtenant reassignment queues reassignment email notification @ repetition 5 of 100[39m[90m                            [39m [90m0.84s[39m  
  [31;1m⨯[39;22m[90m [39m[90mtenant reassignment queues reassignment email notification @ repetition 6 of 100[39m[90m                            [39m [90m0.65s[39m  
  [31;1m⨯[39;22m[90m [39m[90mtenant reassignment queues reassignment email notification @ repetition 7 of 100[39m[90m                            [39m [90m0.68s[39m  
  [31;1m⨯[39;22m[90m [39m[90mtenant reassignment queues reassignment email notification @ repetition 8 of 100[39m[90m                            [39m [90m0.67s[39m  
  [31;1m⨯[39;22m[90m [39m[90mtenant reassignment queues reassignment email notification @ repetition 9 of 100[39m[90m                            [39m [90m0.73s[39m  
  [31;1m⨯[39;22m[90m [39m[90mtenant reassignment queues reassignment email notification @ repetition 10 of 100[39m[90m                           [39m [90m0.75s[39m  
  [31;1m⨯[39;22m[90m [39m[90mtenant reassignment queues reassignment email notification @ repetition 11 of 100[39m[90m                           [39m [90m0.68s[39m  
  [31;1m⨯[39;22m[90m [39m[90mtenant reassignment queues reassignment email notification @ repetition 12 of 100[39m[90m                           [39m [90m0.78s[39m  
  [31;1m⨯[39;22m[90m [39m[90mtenant reassignment queues reassignment email notification @ repetition 13 of 100[39m[90m                           [39m [90m0.70s[39m  
  [31;1m⨯[39;22m[90m [39m[90mtenant reassignment queues reassignment email notification @ repetition 14 of 100[39m[90m                           [39m [90m0.73s[39m  
  [31;1m⨯[39;22m[90m [39m[90mtenant reassignment queues reassignment email notification @ repetition 15 of 100[39m[90m                           [39m [90m0.71s[39m  
  [31;1m⨯[39;22m[90m [39m[90mtenant reassignment queues reassignment email notification @ repetition 16 of 100[39m[90m                           [39m [90m0.78s[39m  
  [31;1m⨯[39;22m[90m [39m[90mtenant reassignment queues reassignment email notification @ repetition 17 of 100[39m[90m                           [39m [90m0.67s[39m  
  [31;1m⨯[39;22m[90m [39m[90mtenant reassignment queues reassignment email notification @ repetition 18 of 100[39m[90m                           [39m [90m0.70s[39m  
  [31;1m⨯[39;22m[90m [39m[90mtenant reassignment queues reassignment email notification @ repetition 19 of 100[39m[90m                           [39m [90m0.78s[39m  
  [31;1m⨯[39;22m[90m [39m[90mtenant reassignment queues reassignment email notification @ repetition 20 of 100[39m[90m                           [39m [90m0.74s[39m  
  [31;1m⨯[39;22m[90m [39m[90mtenant reassignment queues reassignment email notification @ repetition 21 of 100[39m[90m                           [39m [90m0.72s[39m  
  [31;1m⨯[39;22m[90m [39m[90mtenant reassignment queues reassignment email notification @ repetition 22 of 100[39m[90m                           [39m [90m0.71s[39m  
  [31;1m⨯[39;22m[90m [39m[90mtenant reassignment queues reassignment email notification @ repetition 23 of 100[39m[90m                           [39m [90m0.72s[39m  
  [31;1m⨯[39;22m[90m [39m[90mtenant reassignment queues reassignment email notification @ repetition 24 of 100[39m[90m                           [39m [90m0.71s[39m  
  [31;1m⨯[39;22m[90m [39m[90mtenant reassignment queues reassignment email notification @ repetition 25 of 100[39m[90m                           [39m [90m0.67s[39m  
  [31;1m⨯[39;22m[90m [39m[90mtenant reassignment queues reassignment email notification @ repetition 26 of 100[39m[90m                           [39m [90m0.84s[39m  
  [31;1m⨯[39;22m[90m [39m[90mtenant reassignment queues reassignment email notification @ repetition 27 of 100[39m[90m                           [39m [90m0.73s[39m  
  [31;1m⨯[39;22m[90m [39m[90mtenant reassignment queues reassignment email notification @ repetition 28 of 100[39m[90m                           [39m [90m0.69s[39m  
  [31;1m⨯[39;22m[90m [39m[90mtenant reassignment queues reassignment email notification @ repetition 29 of 100[39m[90m                           [39m [90m0.65s[39m  
  [31;1m⨯[39;22m[90m [39m[90mtenant reassignment queues reassignment email notification @ repetition 30 of 100[39m[90m                           [39m [90m0.69s[39m  
  [31;1m⨯[39;22m[90m [39m[90mtenant reassignment queues reassignment email notification @ repetition 31 of 100[39m[90m                           [39m [90m0.73s[39m  
  [31;1m⨯[39;22m[90m [39m[90mtenant reassignment queues reassignment email notification @ repetition 32 of 100[39m[90m                           [39m [90m0.75s[39m  
  [31;1m⨯[39;22m[90m [39m[90mtenant reassignment queues reassignment email notification @ repetition 33 of 100[39m[90m                           [39m [90m0.86s[39m  
  [31;1m⨯[39;22m[90m [39m[90mtenant reassignment queues reassignment email notification @ repetition 34 of 100[39m[90m                           [39m [90m0.71s[39m  
  [31;1m⨯[39;22m[90m [39m[90mtenant reassignment queues reassignment email notification @ repetition 35 of 100[39m[90m                           [39m [90m0.92s[39m  
  [31;1m⨯[39;22m[90m [39m[90mtenant reassignment queues reassignment email notification @ repetition 36 of 100[39m[90m                           [39m [90m0.75s[39m  
  [31;1m⨯[39;22m[90m [39m[90mtenant reassignment queues reassignment email notification @ repetition 37 of 100[39m[90m                           [39m [90m0.74s[39m  
  [31;1m⨯[39;22m[90m [39m[90mtenant reassignment queues reassignment email notification @ repetition 38 of 100[39m[90m                           [39m [90m0.70s[39m  
  [31;1m⨯[39;22m[90m [39m[90mtenant reassignment queues reassignment email notification @ repetition 39 of 100[39m[90m                           [39m [90m0.72s[39m  
  [31;1m⨯[39;22m[90m [39m[90mtenant reassignment queues reassignment email notification @ repetition 40 of 100[39m[90m                           [39m [90m0.91s[39m  
  [31;1m⨯[39;22m[90m [39m[90mtenant reassignment queues reassignment email notification @ repetition 41 of 100[39m[90m                           [39m [90m0.71s[39m  
  [31;1m⨯[39;22m[90m [39m[90mtenant reassignment queues reassignment email notification @ repetition 42 of 100[39m[90m                           [39m [90m0.70s[39m  
  [31;1m⨯[39;22m[90m [39m[90mtenant reassignment queues reassignment email notification @ repetition 43 of 100[39m[90m                           [39m [90m0.66s[39m  
  [31;1m⨯[39;22m[90m [39m[90mtenant reassignment queues reassignment email notification @ repetition 44 of 100[39m[90m                           [39m [90m0.74s[39m  
  [31;1m⨯[39;22m[90m [39m[90mtenant reassignment queues reassignment email notification @ repetition 45 of 100[39m[90m                           [39m [90m0.71s[39m  
  [31;1m⨯[39;22m[90m [39m[90mtenant reassignment queues reassignment email notification @ repetition 46 of 100[39m[90m                           [39m [90m0.67s[39m  
  [31;1m⨯[39;22m[90m [39m[90mtenant reassignment queues reassignment email notification @ repetition 47 of 100[39m[90m                           [39m [90m0.74s[39m  
  [31;1m⨯[39;22m[90m [39m[90mtenant reassignment queues reassignment email notification @ repetition 48 of 100[39m[90m                           [39m [90m0.68s[39m  
  [31;1m⨯[39;22m[90m [39m[90mtenant reassignment queues reassignment email notification @ repetition 49 of 100[39m[90m                           [39m [90m0.80s[39m  
  [31;1m⨯[39;22m[90m [39m[90mtenant reassignment queues reassignment email notification @ repetition 50 of 100[39m[90m                           [39m [90m0.85s[39m  
  [31;1m⨯[39;22m[90m [39m[90mtenant reassignment queues reassignment email notification @ repetition 51 of 100[39m[90m                           [39m [90m0.93s[39m  
  [31;1m⨯[39;22m[90m [39m[90mtenant reassignment queues reassignment email notification @ repetition 52 of 100[39m[90m                           [39m [90m0.71s[39m  
  [31;1m⨯[39;22m[90m [39m[90mtenant reassignment queues reassignment email notification @ repetition 53 of 100[39m[90m                           [39m [90m0.72s[39m  
  [31;1m⨯[39;22m[90m [39m[90mtenant reassignment queues reassignment email notification @ repetition 54 of 100[39m[90m                           [39m [90m0.76s[39m  
  [31;1m⨯[39;22m[90m [39m[90mtenant reassignment queues reassignment email notification @ repetition 55 of 100[39m[90m                           [39m [90m0.71s[39m  
  [31;1m⨯[39;22m[90m [39m[90mtenant reassignment queues reassignment email notification @ repetition 56 of 100[39m[90m                           [39m [90m0.68s[39m  
  [31;1m⨯[39;22m[90m [39m[90mtenant reassignment queues reassignment email notification @ repetition 57 of 100[39m[90m                           [39m [90m0.67s[39m  
  [31;1m⨯[39;22m[90m [39m[90mtenant reassignment queues reassignment email notification @ repetition 58 of 100[39m[90m                           [39m [90m0.72s[39m  
  [31;1m⨯[39;22m[90m [39m[90mtenant reassignment queues reassignment email notification @ repetition 59 of 100[39m[90m                           [39m [90m0.65s[39m  
  [31;1m⨯[39;22m[90m [39m[90mtenant reassignment queues reassignment email notification @ repetition 60 of 100[39m[90m                           [39m [90m0.67s[39m  
  [31;1m⨯[39;22m[90m [39m[90mtenant reassignment queues reassignment email notification @ repetition 61 of 100[39m[90m                           [39m [90m0.80s[39m  
  [31;1m⨯[39;22m[90m [39m[90mtenant reassignment queues reassignment email notification @ repetition 62 of 100[39m[90m                           [39m [90m0.66s[39m  
  [31;1m⨯[39;22m[90m [39m[90mtenant reassignment queues reassignment email notification @ repetition 63 of 100[39m[90m                           [39m [90m0.68s[39m  
  [31;1m⨯[39;22m[90m [39m[90mtenant reassignment queues reassignment email notification @ repetition 64 of 100[39m[90m                           [39m [90m0.67s[39m  
  [31;1m⨯[39;22m[90m [39m[90mtenant reassignment queues reassignment email notification @ repetition 65 of 100[39m[90m                           [39m [90m0.65s[39m  
  [31;1m⨯[39;22m[90m [39m[90mtenant reassignment queues reassignment email notification @ repetition 66 of 100[39m[90m                           [39m [90m0.77s[39m  
  [31;1m⨯[39;22m[90m [39m[90mtenant reassignment queues reassignment email notification @ repetition 67 of 100[39m[90m                           [39m [90m0.68s[39m  
  [31;1m⨯[39;22m[90m [39m[90mtenant reassignment queues reassignment email notification @ repetition 68 of 100[39m[90m                           [39m [90m0.81s[39m  
  [31;1m⨯[39;22m[90m [39m[90mtenant reassignment queues reassignment email notification @ repetition 69 of 100[39m[90m                           [39m [90m0.73s[39m  
  [31;1m⨯[39;22m[90m [39m[90mtenant reassignment queues reassignment email notification @ repetition 70 of 100[39m[90m                           [39m [90m0.68s[39m  
  [31;1m⨯[39;22m[90m [39m[90mtenant reassignment queues reassignment email notification @ repetition 71 of 100[39m[90m                           [39m [90m0.69s[39m  
  [31;1m⨯[39;22m[90m [39m[90mtenant reassignment queues reassignment email notification @ repetition 72 of 100[39m[90m                           [39m [90m0.70s[39m  
  [31;1m⨯[39;22m[90m [39m[90mtenant reassignment queues reassignment email notification @ repetition 73 of 100[39m[90m                           [39m [90m0.72s[39m  
  [31;1m⨯[39;22m[90m [39m[90mtenant reassignment queues reassignment email notification @ repetition 74 of 100[39m[90m                           [39m [90m0.63s[39m  
  [31;1m⨯[39;22m[90m [39m[90mtenant reassignment queues reassignment email notification @ repetition 75 of 100[39m[90m                           [39m [90m0.80s[39m  
  [31;1m⨯[39;22m[90m [39m[90mtenant reassignment queues reassignment email notification @ repetition 76 of 100[39m[90m                           [39m [90m0.71s[39m  
  [31;1m⨯[39;22m[90m [39m[90mtenant reassignment queues reassignment email notification @ repetition 77 of 100[39m[90m                           [39m [90m0.62s[39m  
  [31;1m⨯[39;22m[90m [39m[90mtenant reassignment queues reassignment email notification @ repetition 78 of 100[39m[90m                           [39m [90m0.69s[39m  
  [31;1m⨯[39;22m[90m [39m[90mtenant reassignment queues reassignment email notification @ repetition 79 of 100[39m[90m                           [39m [90m0.68s[39m  
  [31;1m⨯[39;22m[90m [39m[90mtenant reassignment queues reassignment email notification @ repetition 80 of 100[39m[90m                           [39m [90m0.71s[39m  
  [31;1m⨯[39;22m[90m [39m[90mtenant reassignment queues reassignment email notification @ repetition 81 of 100[39m[90m                           [39m [90m0.70s[39m  
  [31;1m⨯[39;22m[90m [39m[90mtenant reassignment queues reassignment email notification @ repetition 82 of 100[39m[90m                           [39m [90m0.80s[39m  
  [31;1m⨯[39;22m[90m [39m[90mtenant reassignment queues reassignment email notification @ repetition 83 of 100[39m[90m                           [39m [90m0.68s[39m  
  [31;1m⨯[39;22m[90m [39m[90mtenant reassignment queues reassignment email notification @ repetition 84 of 100[39m[90m                           [39m [90m0.67s[39m  
  [31;1m⨯[39;22m[90m [39m[90mtenant reassignment queues reassignment email notification @ repetition 85 of 100[39m[90m                           [39m [90m0.72s[39m  
  [31;1m⨯[39;22m[90m [39m[90mtenant reassignment queues reassignment email notification @ repetition 86 of 100[39m[90m                           [39m [90m0.76s[39m  
  [31;1m⨯[39;22m[90m [39m[90mtenant reassignment queues reassignment email notification @ repetition 87 of 100[39m[90m                           [39m [90m0.78s[39m  
  [31;1m⨯[39;22m[90m [39m[90mtenant reassignment queues reassignment email notification @ repetition 88 of 100[39m[90m                           [39m [90m0.74s[39m  
  [31;1m⨯[39;22m[90m [39m[90mtenant reassignment queues reassignment email notification @ repetition 89 of 100[39m[90m                           [39m [90m0.77s[39m  
  [31;1m⨯[39;22m[90m [39m[90mtenant reassignment queues reassignment email notification @ repetition 90 of 100[39m[90m                           [39m [90m0.67s[39m  
  [31;1m⨯[39;22m[90m [39m[90mtenant reassignment queues reassignment email notification @ repetition 91 of 100[39m[90m                           [39m [90m0.69s[39m  
  [31;1m⨯[39;22m[90m [39m[90mtenant reassignment queues reassignment email notification @ repetition 92 of 100[39m[90m                           [39m [90m0.73s[39m  
  [31;1m⨯[39;22m[90m [39m[90mtenant reassignment queues reassignment email notification @ repetition 93 of 100[39m[90m                           [39m [90m0.70s[39m  
  [31;1m⨯[39;22m[90m [39m[90mtenant reassignment queues reassignment email notification @ repetition 94 of 100[39m[90m                           [39m [90m0.67s[39m  
  [31;1m⨯[39;22m[90m [39m[90mtenant reassignment queues reassignment email notification @ repetition 95 of 100[39m[90m                           [39m [90m0.77s[39m  
  [31;1m⨯[39;22m[90m [39m[90mtenant reassignment queues reassignment email notification @ repetition 96 of 100[39m[90m                           [39m [90m0.80s[39m  
  [31;1m⨯[39;22m[90m [39m[90mtenant reassignment queues reassignment email notification @ repetition 97 of 100[39m[90m                           [39m [90m0.70s[39m  
  [31;1m⨯[39;22m[90m [39m[90mtenant reassignment queues reassignment email notification @ repetition 98 of 100[39m[90m                           [39m [90m0.69s[39m  
  [31;1m⨯[39;22m[90m [39m[90mtenant reassignment queues reassignment email notification @ repetition 99 of 100[39m[90m                           [39m [90m0.72s[39m  
  [31;1m⨯[39;22m[90m [39m[90mtenant reassignment queues reassignment email notification @ repetition 100 of 100[39m[90m                          [39m [90m0.68s[39m  
  [32;1m✓[39;22m[90m [39m[90mmultiple tenant creations queue separate welcome email notifications @ repetition 1 of 100[39m[90m                  [39m [90m0.99s[39m  
  [32;1m✓[39;22m[90m [39m[90mmultiple tenant creations queue separate welcome email notifications @ repetition 2 of 100[39m[90m                  [39m [90m1.89s[39m  
  [32;1m✓[39;22m[90m [39m[90mmultiple tenant creations queue separate welcome email notifications @ repetition 3 of 100[39m[90m                  [39m [90m0.97s[39m  
  [32;1m✓[39;22m[90m [39m[90mmultiple tenant creations queue separate welcome email notifications @ repetition 4 of 100[39m[90m                  [39m [90m1.23s[39m  
  [32;1m✓[39;22m[90m [39m[90mmultiple tenant creations queue separate welcome email notifications @ repetition 5 of 100[39m[90m                  [39m [90m0.93s[39m  
  [32;1m✓[39;22m[90m [39m[90mmultiple tenant creations queue separate welcome email notifications @ repetition 6 of 100[39m[90m                  [39m [90m1.01s[39m  
  [32;1m✓[39;22m[90m [39m[90mmultiple tenant creations queue separate welcome email notifications @ repetition 7 of 100[39m[90m                  [39m [90m1.22s[39m  
  [32;1m✓[39;22m[90m [39m[90mmultiple tenant creations queue separate welcome email notifications @ repetition 8 of 100[39m[90m                  [39m [90m1.72s[39m  
  [32;1m✓[39;22m[90m [39m[90mmultiple tenant creations queue separate welcome email notifications @ repetition 9 of 100[39m[90m                  [39m [90m1.99s[39m  
  [32;1m✓[39;22m[90m [39m[90mmultiple tenant creations queue separate welcome email notifications @ repetition 10 of 100[39m[90m                 [39m [90m1.48s[39m  
  [32;1m✓[39;22m[90m [39m[90mmultiple tenant creations queue separate welcome email notifications @ repetition 11 of 100[39m[90m                 [39m [90m1.27s[39m  
  [32;1m✓[39;22m[90m [39m[90mmultiple tenant creations queue separate welcome email notifications @ repetition 12 of 100[39m[90m                 [39m [90m1.02s[39m  
  [32;1m✓[39;22m[90m [39m[90mmultiple tenant creations queue separate welcome email notifications @ repetition 13 of 100[39m[90m                 [39m [90m1.90s[39m  
  [32;1m✓[39;22m[90m [39m[90mmultiple tenant creations queue separate welcome email notifications @ repetition 14 of 100[39m[90m                 [39m [90m1.50s[39m  
  [32;1m✓[39;22m[90m [39m[90mmultiple tenant creations queue separate welcome email notifications @ repetition 15 of 100[39m[90m                 [39m [90m0.98s[39m  
  [32;1m✓[39;22m[90m [39m[90mmultiple tenant creations queue separate welcome email notifications @ repetition 16 of 100[39m[90m                 [39m [90m1.89s[39m  
  [32;1m✓[39;22m[90m [39m[90mmultiple tenant creations queue separate welcome email notifications @ repetition 17 of 100[39m[90m                 [39m [90m1.76s[39m  
  [32;1m✓[39;22m[90m [39m[90mmultiple tenant creations queue separate welcome email notifications @ repetition 18 of 100[39m[90m                 [39m [90m0.98s[39m  
  [32;1m✓[39;22m[90m [39m[90mmultiple tenant creations queue separate welcome email notifications @ repetition 19 of 100[39m[90m                 [39m [90m1.70s[39m  
  [32;1m✓[39;22m[90m [39m[90mmultiple tenant creations queue separate welcome email notifications @ repetition 20 of 100[39m[90m                 [39m [90m1.34s[39m  
  [32;1m✓[39;22m[90m [39m[90mmultiple tenant creations queue separate welcome email notifications @ repetition 21 of 100[39m[90m                 [39m [90m1.19s[39m  
  [32;1m✓[39;22m[90m [39m[90mmultiple tenant creations queue separate welcome email notifications @ repetition 22 of 100[39m[90m                 [39m [90m1.22s[39m  
  [32;1m✓[39;22m[90m [39m[90mmultiple tenant creations queue separate welcome email notifications @ repetition 23 of 100[39m[90m                 [39m [90m1.33s[39m  
  [32;1m✓[39;22m[90m [39m[90mmultiple tenant creations queue separate welcome email notifications @ repetition 24 of 100[39m[90m                 [39m [90m1.57s[39m  
  [32;1m✓[39;22m[90m [39m[90mmultiple tenant creations queue separate welcome email notifications @ repetition 25 of 100[39m[90m                 [39m [90m0.99s[39m  
  [32;1m✓[39;22m[90m [39m[90mmultiple tenant creations queue separate welcome email notifications @ repetition 26 of 100[39m[90m                 [39m [90m1.46s[39m  
  [32;1m✓[39;22m[90m [39m[90mmultiple tenant creations queue separate welcome email notifications @ repetition 27 of 100[39m[90m                 [39m [90m1.26s[39m  
  [32;1m✓[39;22m[90m [39m[90mmultiple tenant creations queue separate welcome email notifications @ repetition 28 of 100[39m[90m                 [39m [90m1.31s[39m  
  [32;1m✓[39;22m[90m [39m[90mmultiple tenant creations queue separate welcome email notifications @ repetition 29 of 100[39m[90m                 [39m [90m1.47s[39m  
  [32;1m✓[39;22m[90m [39m[90mmultiple tenant creations queue separate welcome email notifications @ repetition 30 of 100[39m[90m                 [39m [90m1.59s[39m  
  [32;1m✓[39;22m[90m [39m[90mmultiple tenant creations queue separate welcome email notifications @ repetition 31 of 100[39m[90m                 [39m [90m1.27s[39m  
  [32;1m✓[39;22m[90m [39m[90mmultiple tenant creations queue separate welcome email notifications @ repetition 32 of 100[39m[90m                 [39m [90m0.97s[39m  
  [32;1m✓[39;22m[90m [39m[90mmultiple tenant creations queue separate welcome email notifications @ repetition 33 of 100[39m[90m                 [39m [90m1.76s[39m  
  [32;1m✓[39;22m[90m [39m[90mmultiple tenant creations queue separate welcome email notifications @ repetition 34 of 100[39m[90m                 [39m [90m1.75s[39m  
  [32;1m✓[39;22m[90m [39m[90mmultiple tenant creations queue separate welcome email notifications @ repetition 35 of 100[39m[90m                 [39m [90m1.00s[39m  
  [32;1m✓[39;22m[90m [39m[90mmultiple tenant creations queue separate welcome email notifications @ repetition 36 of 100[39m[90m                 [39m [90m0.97s[39m  
  [32;1m✓[39;22m[90m [39m[90mmultiple tenant creations queue separate welcome email notifications @ repetition 37 of 100[39m[90m                 [39m [90m1.34s[39m  
  [32;1m✓[39;22m[90m [39m[90mmultiple tenant creations queue separate welcome email notifications @ repetition 38 of 100[39m[90m                 [39m [90m1.10s[39m  
  [32;1m✓[39;22m[90m [39m[90mmultiple tenant creations queue separate welcome email notifications @ repetition 39 of 100[39m[90m                 [39m [90m1.60s[39m  
  [32;1m✓[39;22m[90m [39m[90mmultiple tenant creations queue separate welcome email notifications @ repetition 40 of 100[39m[90m                 [39m [90m1.20s[39m  
  [32;1m✓[39;22m[90m [39m[90mmultiple tenant creations queue separate welcome email notifications @ repetition 41 of 100[39m[90m                 [39m [90m1.49s[39m  
  [32;1m✓[39;22m[90m [39m[90mmultiple tenant creations queue separate welcome email notifications @ repetition 42 of 100[39m[90m                 [39m [90m2.11s[39m  
  [32;1m✓[39;22m[90m [39m[90mmultiple tenant creations queue separate welcome email notifications @ repetition 43 of 100[39m[90m                 [39m [90m1.47s[39m  
  [32;1m✓[39;22m[90m [39m[90mmultiple tenant creations queue separate welcome email notifications @ repetition 44 of 100[39m[90m                 [39m [90m1.57s[39m  
  [32;1m✓[39;22m[90m [39m[90mmultiple tenant creations queue separate welcome email notifications @ repetition 45 of 100[39m[90m                 [39m [90m1.66s[39m  
  [32;1m✓[39;22m[90m [39m[90mmultiple tenant creations queue separate welcome email notifications @ repetition 46 of 100[39m[90m                 [39m [90m1.74s[39m  
  [32;1m✓[39;22m[90m [39m[90mmultiple tenant creations queue separate welcome email notifications @ repetition 47 of 100[39m[90m                 [39m [90m1.66s[39m  
  [32;1m✓[39;22m[90m [39m[90mmultiple tenant creations queue separate welcome email notifications @ repetition 48 of 100[39m[90m                 [39m [90m1.21s[39m  
  [32;1m✓[39;22m[90m [39m[90mmultiple tenant creations queue separate welcome email notifications @ repetition 49 of 100[39m[90m                 [39m [90m1.37s[39m  
  [32;1m✓[39;22m[90m [39m[90mmultiple tenant creations queue separate welcome email notifications @ repetition 50 of 100[39m[90m                 [39m [90m1.59s[39m  
  [32;1m✓[39;22m[90m [39m[90mmultiple tenant creations queue separate welcome email notifications @ repetition 51 of 100[39m[90m                 [39m [90m1.62s[39m  
  [32;1m✓[39;22m[90m [39m[90mmultiple tenant creations queue separate welcome email notifications @ repetition 52 of 100[39m[90m                 [39m [90m1.47s[39m  
  [32;1m✓[39;22m[90m [39m[90mmultiple tenant creations queue separate welcome email notifications @ repetition 53 of 100[39m[90m                 [39m [90m1.53s[39m  
  [32;1m✓[39;22m[90m [39m[90mmultiple tenant creations queue separate welcome email notifications @ repetition 54 of 100[39m[90m                 [39m [90m1.76s[39m  
  [32;1m✓[39;22m[90m [39m[90mmultiple tenant creations queue separate welcome email notifications @ repetition 55 of 100[39m[90m                 [39m [90m1.22s[39m  
  [32;1m✓[39;22m[90m [39m[90mmultiple tenant creations queue separate welcome email notifications @ repetition 56 of 100[39m[90m                 [39m [90m0.94s[39m  
  [32;1m✓[39;22m[90m [39m[90mmultiple tenant creations queue separate welcome email notifications @ repetition 57 of 100[39m[90m                 [39m [90m0.98s[39m  
  [32;1m✓[39;22m[90m [39m[90mmultiple tenant creations queue separate welcome email notifications @ repetition 58 of 100[39m[90m                 [39m [90m1.37s[39m  
  [32;1m✓[39;22m[90m [39m[90mmultiple tenant creations queue separate welcome email notifications @ repetition 59 of 100[39m[90m                 [39m [90m0.91s[39m  
  [32;1m✓[39;22m[90m [39m[90mmultiple tenant creations queue separate welcome email notifications @ repetition 60 of 100[39m[90m                 [39m [90m0.96s[39m  
  [32;1m✓[39;22m[90m [39m[90mmultiple tenant creations queue separate welcome email notifications @ repetition 61 of 100[39m[90m                 [39m [90m1.72s[39m  
  [32;1m✓[39;22m[90m [39m[90mmultiple tenant creations queue separate welcome email notifications @ repetition 62 of 100[39m[90m                 [39m [90m1.75s[39m  
  [32;1m✓[39;22m[90m [39m[90mmultiple tenant creations queue separate welcome email notifications @ repetition 63 of 100[39m[90m                 [39m [90m0.95s[39m  
  [32;1m✓[39;22m[90m [39m[90mmultiple tenant creations queue separate welcome email notifications @ repetition 64 of 100[39m[90m                 [39m [90m1.76s[39m  
  [32;1m✓[39;22m[90m [39m[90mmultiple tenant creations queue separate welcome email notifications @ repetition 65 of 100[39m[90m                 [39m [90m1.35s[39m  
  [32;1m✓[39;22m[90m [39m[90mmultiple tenant creations queue separate welcome email notifications @ repetition 66 of 100[39m[90m                 [39m [90m1.72s[39m  
  [32;1m✓[39;22m[90m [39m[90mmultiple tenant creations queue separate welcome email notifications @ repetition 67 of 100[39m[90m                 [39m [90m1.68s[39m  
  [32;1m✓[39;22m[90m [39m[90mmultiple tenant creations queue separate welcome email notifications @ repetition 68 of 100[39m[90m                 [39m [90m1.17s[39m  
  [32;1m✓[39;22m[90m [39m[90mmultiple tenant creations queue separate welcome email notifications @ repetition 69 of 100[39m[90m                 [39m [90m1.41s[39m  
  [32;1m✓[39;22m[90m [39m[90mmultiple tenant creations queue separate welcome email notifications @ repetition 70 of 100[39m[90m                 [39m [90m1.76s[39m  
  [32;1m✓[39;22m[90m [39m[90mmultiple tenant creations queue separate welcome email notifications @ repetition 71 of 100[39m[90m                 [39m [90m1.42s[39m  
  [32;1m✓[39;22m[90m [39m[90mmultiple tenant creations queue separate welcome email notifications @ repetition 72 of 100[39m[90m                 [39m [90m1.30s[39m  
  [32;1m✓[39;22m[90m [39m[90mmultiple tenant creations queue separate welcome email notifications @ repetition 73 of 100[39m[90m                 [39m [90m1.65s[39m  
  [32;1m✓[39;22m[90m [39m[90mmultiple tenant creations queue separate welcome email notifications @ repetition 74 of 100[39m[90m                 [39m [90m1.21s[39m  
  [32;1m✓[39;22m[90m [39m[90mmultiple tenant creations queue separate welcome email notifications @ repetition 75 of 100[39m[90m                 [39m [90m1.73s[39m  
  [32;1m✓[39;22m[90m [39m[90mmultiple tenant creations queue separate welcome email notifications @ repetition 76 of 100[39m[90m                 [39m [90m1.42s[39m  
  [32;1m✓[39;22m[90m [39m[90mmultiple tenant creations queue separate welcome email notifications @ repetition 77 of 100[39m[90m                 [39m [90m1.76s[39m  
  [32;1m✓[39;22m[90m [39m[90mmultiple tenant creations queue separate welcome email notifications @ repetition 78 of 100[39m[90m                 [39m [90m1.79s[39m  
  [32;1m✓[39;22m[90m [39m[90mmultiple tenant creations queue separate welcome email notifications @ repetition 79 of 100[39m[90m                 [39m [90m1.07s[39m  
  [32;1m✓[39;22m[90m [39m[90mmultiple tenant creations queue separate welcome email notifications @ repetition 80 of 100[39m[90m                 [39m [90m0.92s[39m  
  [32;1m✓[39;22m[90m [39m[90mmultiple tenant creations queue separate welcome email notifications @ repetition 81 of 100[39m[90m                 [39m [90m0.83s[39m  
  [32;1m✓[39;22m[90m [39m[90mmultiple tenant creations queue separate welcome email notifications @ repetition 82 of 100[39m[90m                 [39m [90m0.92s[39m  
  [32;1m✓[39;22m[90m [39m[90mmultiple tenant creations queue separate welcome email notifications @ repetition 83 of 100[39m[90m                 [39m [90m0.94s[39m  
  [32;1m✓[39;22m[90m [39m[90mmultiple tenant creations queue separate welcome email notifications @ repetition 84 of 100[39m[90m                 [39m [90m1.24s[39m  
  [32;1m✓[39;22m[90m [39m[90mmultiple tenant creations queue separate welcome email notifications @ repetition 85 of 100[39m[90m                 [39m [90m0.92s[39m  
  [32;1m✓[39;22m[90m [39m[90mmultiple tenant creations queue separate welcome email notifications @ repetition 86 of 100[39m[90m                 [39m [90m1.81s[39m  
  [32;1m✓[39;22m[90m [39m[90mmultiple tenant creations queue separate welcome email notifications @ repetition 87 of 100[39m[90m                 [39m [90m1.72s[39m  
  [32;1m✓[39;22m[90m [39m[90mmultiple tenant creations queue separate welcome email notifications @ repetition 88 of 100[39m[90m                 [39m [90m0.95s[39m  
  [32;1m✓[39;22m[90m [39m[90mmultiple tenant creations queue separate welcome email notifications @ repetition 89 of 100[39m[90m                 [39m [90m1.72s[39m  
  [32;1m✓[39;22m[90m [39m[90mmultiple tenant creations queue separate welcome email notifications @ repetition 90 of 100[39m[90m                 [39m [90m0.95s[39m  
  [32;1m✓[39;22m[90m [39m[90mmultiple tenant creations queue separate welcome email notifications @ repetition 91 of 100[39m[90m                 [39m [90m0.92s[39m  
  [32;1m✓[39;22m[90m [39m[90mmultiple tenant creations queue separate welcome email notifications @ repetition 92 of 100[39m[90m                 [39m [90m1.42s[39m  
  [32;1m✓[39;22m[90m [39m[90mmultiple tenant creations queue separate welcome email notifications @ repetition 93 of 100[39m[90m                 [39m [90m1.24s[39m  
  [32;1m✓[39;22m[90m [39m[90mmultiple tenant creations queue separate welcome email notifications @ repetition 94 of 100[39m[90m                 [39m [90m1.68s[39m  
  [32;1m✓[39;22m[90m [39m[90mmultiple tenant creations queue separate welcome email notifications @ repetition 95 of 100[39m[90m                 [39m [90m1.52s[39m  
  [32;1m✓[39;22m[90m [39m[90mmultiple tenant creations queue separate welcome email notifications @ repetition 96 of 100[39m[90m                 [39m [90m1.68s[39m  
  [32;1m✓[39;22m[90m [39m[90mmultiple tenant creations queue separate welcome email notifications @ repetition 97 of 100[39m[90m                 [39m [90m1.37s[39m  
  [32;1m✓[39;22m[90m [39m[90mmultiple tenant creations queue separate welcome email notifications @ repetition 98 of 100[39m[90m                 [39m [90m0.95s[39m  
  [32;1m✓[39;22m[90m [39m[90mmultiple tenant creations queue separate welcome email notifications @ repetition 99 of 100[39m[90m                 [39m [90m1.22s[39m  
  [32;1m✓[39;22m[90m [39m[90mmultiple tenant creations queue separate welcome email notifications @ repetition 100 of 100[39m[90m                [39m [90m1.09s[39m  
  [32;1m✓[39;22m[90m [39m[90mtenant reassignment to same property still queues notification @ repetition 1 of 100[39m[90m                        [39m [90m0.71s[39m  
  [32;1m✓[39;22m[90m [39m[90mtenant reassignment to same property still queues notification @ repetition 2 of 100[39m[90m                        [39m [90m0.65s[39m  
  [32;1m✓[39;22m[90m [39m[90mtenant reassignment to same property still queues notification @ repetition 3 of 100[39m[90m                        [39m [90m0.69s[39m  
  [32;1m✓[39;22m[90m [39m[90mtenant reassignment to same property still queues notification @ repetition 4 of 100[39m[90m                        [39m [90m0.72s[39m  
  [32;1m✓[39;22m[90m [39m[90mtenant reassignment to same property still queues notification @ repetition 5 of 100[39m[90m                        [39m [90m0.67s[39m  
  [32;1m✓[39;22m[90m [39m[90mtenant reassignment to same property still queues notification @ repetition 6 of 100[39m[90m                        [39m [90m0.81s[39m  
  [32;1m✓[39;22m[90m [39m[90mtenant reassignment to same property still queues notification @ repetition 7 of 100[39m[90m                        [39m [90m0.69s[39m  
  [32;1m✓[39;22m[90m [39m[90mtenant reassignment to same property still queues notification @ repetition 8 of 100[39m[90m                        [39m [90m0.68s[39m  
  [32;1m✓[39;22m[90m [39m[90mtenant reassignment to same property still queues notification @ repetition 9 of 100[39m[90m                        [39m [90m0.63s[39m  
  [32;1m✓[39;22m[90m [39m[90mtenant reassignment to same property still queues notification @ repetition 10 of 100[39m[90m                       [39m [90m0.70s[39m  
  [32;1m✓[39;22m[90m [39m[90mtenant reassignment to same property still queues notification @ repetition 11 of 100[39m[90m                       [39m [90m0.71s[39m  
  [32;1m✓[39;22m[90m [39m[90mtenant reassignment to same property still queues notification @ repetition 12 of 100[39m[90m                       [39m [90m0.73s[39m  
  [32;1m✓[39;22m[90m [39m[90mtenant reassignment to same property still queues notification @ repetition 13 of 100[39m[90m                       [39m [90m0.81s[39m  
  [32;1m✓[39;22m[90m [39m[90mtenant reassignment to same property still queues notification @ repetition 14 of 100[39m[90m                       [39m [90m0.65s[39m  
  [32;1m✓[39;22m[90m [39m[90mtenant reassignment to same property still queues notification @ repetition 15 of 100[39m[90m                       [39m [90m0.66s[39m  
  [32;1m✓[39;22m[90m [39m[90mtenant reassignment to same property still queues notification @ repetition 16 of 100[39m[90m                       [39m [90m0.70s[39m  
  [32;1m✓[39;22m[90m [39m[90mtenant reassignment to same property still queues notification @ repetition 17 of 100[39m[90m                       [39m [90m0.72s[39m  
  [32;1m✓[39;22m[90m [39m[90mtenant reassignment to same property still queues notification @ repetition 18 of 100[39m[90m                       [39m [90m0.66s[39m  
  [32;1m✓[39;22m[90m [39m[90mtenant reassignment to same property still queues notification @ repetition 19 of 100[39m[90m                       [39m [90m0.70s[39m  
  [32;1m✓[39;22m[90m [39m[90mtenant reassignment to same property still queues notification @ repetition 20 of 100[39m[90m                       [39m [90m0.83s[39m  
  [32;1m✓[39;22m[90m [39m[90mtenant reassignment to same property still queues notification @ repetition 21 of 100[39m[90m                       [39m [90m0.67s[39m  
  [32;1m✓[39;22m[90m [39m[90mtenant reassignment to same property still queues notification @ repetition 22 of 100[39m[90m                       [39m [90m0.67s[39m  
  [32;1m✓[39;22m[90m [39m[90mtenant reassignment to same property still queues notification @ repetition 23 of 100[39m[90m                       [39m [90m0.65s[39m  
  [32;1m✓[39;22m[90m [39m[90mtenant reassignment to same property still queues notification @ repetition 24 of 100[39m[90m                       [39m [90m0.68s[39m  
  [32;1m✓[39;22m[90m [39m[90mtenant reassignment to same property still queues notification @ repetition 25 of 100[39m[90m                       [39m [90m0.68s[39m  
  [32;1m✓[39;22m[90m [39m[90mtenant reassignment to same property still queues notification @ repetition 26 of 100[39m[90m                       [39m [90m0.68s[39m  
  [32;1m✓[39;22m[90m [39m[90mtenant reassignment to same property still queues notification @ repetition 27 of 100[39m[90m                       [39m [90m0.79s[39m  
  [32;1m✓[39;22m[90m [39m[90mtenant reassignment to same property still queues notification @ repetition 28 of 100[39m[90m                       [39m [90m0.70s[39m  
  [32;1m✓[39;22m[90m [39m[90mtenant reassignment to same property still queues notification @ repetition 29 of 100[39m[90m                       [39m [90m0.67s[39m  
  [32;1m✓[39;22m[90m [39m[90mtenant reassignment to same property still queues notification @ repetition 30 of 100[39m[90m                       [39m [90m0.69s[39m  
  [32;1m✓[39;22m[90m [39m[90mtenant reassignment to same property still queues notification @ repetition 31 of 100[39m[90m                       [39m [90m0.70s[39m  
  [32;1m✓[39;22m[90m [39m[90mtenant reassignment to same property still queues notification @ repetition 32 of 100[39m[90m                       [39m [90m0.69s[39m  
  [32;1m✓[39;22m[90m [39m[90mtenant reassignment to same property still queues notification @ repetition 33 of 100[39m[90m                       [39m [90m0.71s[39m  
  [32;1m✓[39;22m[90m [39m[90mtenant reassignment to same property still queues notification @ repetition 34 of 100[39m[90m                       [39m [90m0.83s[39m  
  [32;1m✓[39;22m[90m [39m[90mtenant reassignment to same property still queues notification @ repetition 35 of 100[39m[90m                       [39m [90m0.75s[39m  
  [32;1m✓[39;22m[90m [39m[90mtenant reassignment to same property still queues notification @ repetition 36 of 100[39m[90m                       [39m [90m0.71s[39m  
  [32;1m✓[39;22m[90m [39m[90mtenant reassignment to same property still queues notification @ repetition 37 of 100[39m[90m                       [39m [90m0.66s[39m  
  [32;1m✓[39;22m[90m [39m[90mtenant reassignment to same property still queues notification @ repetition 38 of 100[39m[90m                       [39m [90m0.64s[39m  
  [32;1m✓[39;22m[90m [39m[90mtenant reassignment to same property still queues notification @ repetition 39 of 100[39m[90m                       [39m [90m0.71s[39m  
  [32;1m✓[39;22m[90m [39m[90mtenant reassignment to same property still queues notification @ repetition 40 of 100[39m[90m                       [39m [90m0.72s[39m  
  [32;1m✓[39;22m[90m [39m[90mtenant reassignment to same property still queues notification @ repetition 41 of 100[39m[90m                       [39m [90m0.80s[39m  
  [32;1m✓[39;22m[90m [39m[90mtenant reassignment to same property still queues notification @ repetition 42 of 100[39m[90m                       [39m [90m0.76s[39m  
  [32;1m✓[39;22m[90m [39m[90mtenant reassignment to same property still queues notification @ repetition 43 of 100[39m[90m                       [39m [90m0.76s[39m  
  [32;1m✓[39;22m[90m [39m[90mtenant reassignment to same property still queues notification @ repetition 44 of 100[39m[90m                       [39m [90m0.68s[39m  
  [32;1m✓[39;22m[90m [39m[90mtenant reassignment to same property still queues notification @ repetition 45 of 100[39m[90m                       [39m [90m0.72s[39m  
  [32;1m✓[39;22m[90m [39m[90mtenant reassignment to same property still queues notification @ repetition 46 of 100[39m[90m                       [39m [90m0.70s[39m  
  [32;1m✓[39;22m[90m [39m[90mtenant reassignment to same property still queues notification @ repetition 47 of 100[39m[90m                       [39m [90m0.74s[39m  
  [32;1m✓[39;22m[90m [39m[90mtenant reassignment to same property still queues notification @ repetition 48 of 100[39m[90m                       [39m [90m0.87s[39m  
  [32;1m✓[39;22m[90m [39m[90mtenant reassignment to same property still queues notification @ repetition 49 of 100[39m[90m                       [39m [90m0.74s[39m  
  [32;1m✓[39;22m[90m [39m[90mtenant reassignment to same property still queues notification @ repetition 50 of 100[39m[90m                       [39m [90m0.77s[39m  
  [32;1m✓[39;22m[90m [39m[90mtenant reassignment to same property still queues notification @ repetition 51 of 100[39m[90m                       [39m [90m0.64s[39m  
  [32;1m✓[39;22m[90m [39m[90mtenant reassignment to same property still queues notification @ repetition 52 of 100[39m[90m                       [39m [90m0.70s[39m  
  [32;1m✓[39;22m[90m [39m[90mtenant reassignment to same property still queues notification @ repetition 53 of 100[39m[90m                       [39m [90m0.68s[39m  
  [32;1m✓[39;22m[90m [39m[90mtenant reassignment to same property still queues notification @ repetition 54 of 100[39m[90m                       [39m [90m0.67s[39m  
  [32;1m✓[39;22m[90m [39m[90mtenant reassignment to same property still queues notification @ repetition 55 of 100[39m[90m                       [39m [90m0.82s[39m  
  [32;1m✓[39;22m[90m [39m[90mtenant reassignment to same property still queues notification @ repetition 56 of 100[39m[90m                       [39m [90m0.63s[39m  
  [32;1m✓[39;22m[90m [39m[90mtenant reassignment to same property still queues notification @ repetition 57 of 100[39m[90m                       [39m [90m0.74s[39m  
  [32;1m✓[39;22m[90m [39m[90mtenant reassignment to same property still queues notification @ repetition 58 of 100[39m[90m                       [39m [90m0.63s[39m  
  [32;1m✓[39;22m[90m [39m[90mtenant reassignment to same property still queues notification @ repetition 59 of 100[39m[90m                       [39m [90m0.84s[39m  
  [32;1m✓[39;22m[90m [39m[90mtenant reassignment to same property still queues notification @ repetition 60 of 100[39m[90m                       [39m [90m0.74s[39m  
  [32;1m✓[39;22m[90m [39m[90mtenant reassignment to same property still queues notification @ repetition 61 of 100[39m[90m                       [39m [90m0.67s[39m  
  [32;1m✓[39;22m[90m [39m[90mtenant reassignment to same property still queues notification @ repetition 62 of 100[39m[90m                       [39m [90m0.83s[39m  
  [32;1m✓[39;22m[90m [39m[90mtenant reassignment to same property still queues notification @ repetition 63 of 100[39m[90m                       [39m [90m0.74s[39m  
  [32;1m✓[39;22m[90m [39m[90mtenant reassignment to same property still queues notification @ repetition 64 of 100[39m[90m                       [39m [90m0.73s[39m  
  [32;1m✓[39;22m[90m [39m[90mtenant reassignment to same property still queues notification @ repetition 65 of 100[39m[90m                       [39m [90m0.66s[39m  
  [32;1m✓[39;22m[90m [39m[90mtenant reassignment to same property still queues notification @ repetition 66 of 100[39m[90m                       [39m [90m0.70s[39m  
  [32;1m✓[39;22m[90m [39m[90mtenant reassignment to same property still queues notification @ repetition 67 of 100[39m[90m                       [39m [90m0.71s[39m  
  [32;1m✓[39;22m[90m [39m[90mtenant reassignment to same property still queues notification @ repetition 68 of 100[39m[90m                       [39m [90m0.74s[39m  
  [32;1m✓[39;22m[90m [39m[90mtenant reassignment to same property still queues notification @ repetition 69 of 100[39m[90m                       [39m [90m1.00s[39m  
  [32;1m✓[39;22m[90m [39m[90mtenant reassignment to same property still queues notification @ repetition 70 of 100[39m[90m                       [39m [90m0.76s[39m  
  [32;1m✓[39;22m[90m [39m[90mtenant reassignment to same property still queues notification @ repetition 71 of 100[39m[90m                       [39m [90m0.70s[39m  
  [32;1m✓[39;22m[90m [39m[90mtenant reassignment to same property still queues notification @ repetition 72 of 100[39m[90m                       [39m [90m0.65s[39m  
  [32;1m✓[39;22m[90m [39m[90mtenant reassignment to same property still queues notification @ repetition 73 of 100[39m[90m                       [39m [90m0.72s[39m  
  [32;1m✓[39;22m[90m [39m[90mtenant reassignment to same property still queues notification @ repetition 74 of 100[39m[90m                       [39m [90m0.74s[39m  
  [32;1m✓[39;22m[90m [39m[90mtenant reassignment to same property still queues notification @ repetition 75 of 100[39m[90m                       [39m [90m0.75s[39m  
  [32;1m✓[39;22m[90m [39m[90mtenant reassignment to same property still queues notification @ repetition 76 of 100[39m[90m                       [39m [90m0.93s[39m  
  [32;1m✓[39;22m[90m [39m[90mtenant reassignment to same property still queues notification @ repetition 77 of 100[39m[90m                       [39m [90m0.91s[39m  
  [32;1m✓[39;22m[90m [39m[90mtenant reassignment to same property still queues notification @ repetition 78 of 100[39m[90m                       [39m [90m0.86s[39m  
  [32;1m✓[39;22m[90m [39m[90mtenant reassignment to same property still queues notification @ repetition 79 of 100[39m[90m                       [39m [90m0.75s[39m  
  [32;1m✓[39;22m[90m [39m[90mtenant reassignment to same property still queues notification @ repetition 80 of 100[39m[90m                       [39m [90m0.70s[39m  
  [32;1m✓[39;22m[90m [39m[90mtenant reassignment to same property still queues notification @ repetition 81 of 100[39m[90m                       [39m [90m0.67s[39m  
  [32;1m✓[39;22m[90m [39m[90mtenant reassignment to same property still queues notification @ repetition 82 of 100[39m[90m                       [39m [90m0.69s[39m  
  [32;1m✓[39;22m[90m [39m[90mtenant reassignment to same property still queues notification @ repetition 83 of 100[39m[90m                       [39m [90m0.80s[39m  
  [32;1m✓[39;22m[90m [39m[90mtenant reassignment to same property still queues notification @ repetition 84 of 100[39m[90m                       [39m [90m0.75s[39m  
  [32;1m✓[39;22m[90m [39m[90mtenant reassignment to same property still queues notification @ repetition 85 of 100[39m[90m                       [39m [90m0.70s[39m  
  [32;1m✓[39;22m[90m [39m[90mtenant reassignment to same property still queues notification @ repetition 86 of 100[39m[90m                       [39m [90m0.80s[39m  
  [32;1m✓[39;22m[90m [39m[90mtenant reassignment to same property still queues notification @ repetition 87 of 100[39m[90m                       [39m [90m0.74s[39m  
  [32;1m✓[39;22m[90m [39m[90mtenant reassignment to same property still queues notification @ repetition 88 of 100[39m[90m                       [39m [90m0.74s[39m  
  [32;1m✓[39;22m[90m [39m[90mtenant reassignment to same property still queues notification @ repetition 89 of 100[39m[90m                       [39m [90m0.71s[39m  
  [32;1m✓[39;22m[90m [39m[90mtenant reassignment to same property still queues notification @ repetition 90 of 100[39m[90m                       [39m [90m0.85s[39m  
  [32;1m✓[39;22m[90m [39m[90mtenant reassignment to same property still queues notification @ repetition 91 of 100[39m[90m                       [39m [90m0.73s[39m  
  [32;1m✓[39;22m[90m [39m[90mtenant reassignment to same property still queues notification @ repetition 92 of 100[39m[90m                       [39m [90m0.69s[39m  
  [32;1m✓[39;22m[90m [39m[90mtenant reassignment to same property still queues notification @ repetition 93 of 100[39m[90m                       [39m [90m0.68s[39m  
  [32;1m✓[39;22m[90m [39m[90mtenant reassignment to same property still queues notification @ repetition 94 of 100[39m[90m                       [39m [90m0.71s[39m  
  [32;1m✓[39;22m[90m [39m[90mtenant reassignment to same property still queues notification @ repetition 95 of 100[39m[90m                       [39m [90m0.72s[39m  
  [32;1m✓[39;22m[90m [39m[90mtenant reassignment to same property still queues notification @ repetition 96 of 100[39m[90m                       [39m [90m0.70s[39m  
  [32;1m✓[39;22m[90m [39m[90mtenant reassignment to same property still queues notification @ repetition 97 of 100[39m[90m                       [39m [90m0.82s[39m  
  [32;1m✓[39;22m[90m [39m[90mtenant reassignment to same property still queues notification @ repetition 98 of 100[39m[90m                       [39m [90m0.74s[39m  
  [32;1m✓[39;22m[90m [39m[90mtenant reassignment to same property still queues notification @ repetition 99 of 100[39m[90m                       [39m [90m0.73s[39m  
  [32;1m✓[39;22m[90m [39m[90mtenant reassignment to same property still queues notification @ repetition 100 of 100[39m[90m                      [39m [90m0.70s[39m  
  [32;1m✓[39;22m[90m [39m[90memail notifications are queued not sent immediately @ repetition 1 of 100[39m[90m                                   [39m [90m0.71s[39m  
  [32;1m✓[39;22m[90m [39m[90memail notifications are queued not sent immediately @ repetition 2 of 100[39m[90m                                   [39m [90m0.72s[39m  
  [32;1m✓[39;22m[90m [39m[90memail notifications are queued not sent immediately @ repetition 3 of 100[39m[90m                                   [39m [90m0.90s[39m  
  [32;1m✓[39;22m[90m [39m[90memail notifications are queued not sent immediately @ repetition 4 of 100[39m[90m                                   [39m [90m0.74s[39m  
  [32;1m✓[39;22m[90m [39m[90memail notifications are queued not sent immediately @ repetition 5 of 100[39m[90m                                   [39m [90m0.77s[39m  
  [32;1m✓[39;22m[90m [39m[90memail notifications are queued not sent immediately @ repetition 6 of 100[39m[90m                                   [39m [90m0.73s[39m  
  [32;1m✓[39;22m[90m [39m[90memail notifications are queued not sent immediately @ repetition 7 of 100[39m[90m                                   [39m [90m0.72s[39m  
  [32;1m✓[39;22m[90m [39m[90memail notifications are queued not sent immediately @ repetition 8 of 100[39m[90m                                   [39m [90m0.74s[39m  
  [32;1m✓[39;22m[90m [39m[90memail notifications are queued not sent immediately @ repetition 9 of 100[39m[90m                                   [39m [90m0.72s[39m  
  [32;1m✓[39;22m[90m [39m[90memail notifications are queued not sent immediately @ repetition 10 of 100[39m[90m                                  [39m [90m0.83s[39m  
  [32;1m✓[39;22m[90m [39m[90memail notifications are queued not sent immediately @ repetition 11 of 100[39m[90m                                  [39m [90m0.74s[39m  
  [32;1m✓[39;22m[90m [39m[90memail notifications are queued not sent immediately @ repetition 12 of 100[39m[90m                                  [39m [90m0.84s[39m  
  [32;1m✓[39;22m[90m [39m[90memail notifications are queued not sent immediately @ repetition 13 of 100[39m[90m                                  [39m [90m0.78s[39m  
  [32;1m✓[39;22m[90m [39m[90memail notifications are queued not sent immediately @ repetition 14 of 100[39m[90m                                  [39m [90m0.75s[39m  
  [32;1m✓[39;22m[90m [39m[90memail notifications are queued not sent immediately @ repetition 15 of 100[39m[90m                                  [39m [90m0.75s[39m  
  [32;1m✓[39;22m[90m [39m[90memail notifications are queued not sent immediately @ repetition 16 of 100[39m[90m                                  [39m [90m0.78s[39m  
  [32;1m✓[39;22m[90m [39m[90memail notifications are queued not sent immediately @ repetition 17 of 100[39m[90m                                  [39m [90m0.90s[39m  
  [32;1m✓[39;22m[90m [39m[90memail notifications are queued not sent immediately @ repetition 18 of 100[39m[90m                                  [39m [90m0.78s[39m  
  [32;1m✓[39;22m[90m [39m[90memail notifications are queued not sent immediately @ repetition 19 of 100[39m[90m                                  [39m [90m0.82s[39m  
  [32;1m✓[39;22m[90m [39m[90memail notifications are queued not sent immediately @ repetition 20 of 100[39m[90m                                  [39m [90m0.82s[39m  
  [32;1m✓[39;22m[90m [39m[90memail notifications are queued not sent immediately @ repetition 21 of 100[39m[90m                                  [39m [90m0.90s[39m  
  [32;1m✓[39;22m[90m [39m[90memail notifications are queued not sent immediately @ repetition 22 of 100[39m[90m                                  [39m [90m0.86s[39m  
  [32;1m✓[39;22m[90m [39m[90memail notifications are queued not sent immediately @ repetition 23 of 100[39m[90m                                  [39m [90m1.01s[39m  
  [32;1m✓[39;22m[90m [39m[90memail notifications are queued not sent immediately @ repetition 24 of 100[39m[90m                                  [39m [90m1.16s[39m  
  [32;1m✓[39;22m[90m [39m[90memail notifications are queued not sent immediately @ repetition 25 of 100[39m[90m                                  [39m [90m1.01s[39m  
  [32;1m✓[39;22m[90m [39m[90memail notifications are queued not sent immediately @ repetition 26 of 100[39m[90m                                  [39m [90m1.02s[39m  
  [32;1m✓[39;22m[90m [39m[90memail notifications are queued not sent immediately @ repetition 27 of 100[39m[90m                                  [39m [90m0.98s[39m  
  [32;1m✓[39;22m[90m [39m[90memail notifications are queued not sent immediately @ repetition 28 of 100[39m[90m                                  [39m [90m1.04s[39m  
  [32;1m✓[39;22m[90m [39m[90memail notifications are queued not sent immediately @ repetition 29 of 100[39m[90m                                  [39m [90m1.12s[39m  
  [32;1m✓[39;22m[90m [39m[90memail notifications are queued not sent immediately @ repetition 30 of 100[39m[90m                                  [39m [90m1.08s[39m  
  [32;1m✓[39;22m[90m [39m[90memail notifications are queued not sent immediately @ repetition 31 of 100[39m[90m                                  [39m [90m1.20s[39m  
  [32;1m✓[39;22m[90m [39m[90memail notifications are queued not sent immediately @ repetition 32 of 100[39m[90m                                  [39m [90m1.04s[39m  
  [32;1m✓[39;22m[90m [39m[90memail notifications are queued not sent immediately @ repetition 33 of 100[39m[90m                                  [39m [90m1.02s[39m  
  [32;1m✓[39;22m[90m [39m[90memail notifications are queued not sent immediately @ repetition 34 of 100[39m[90m                                  [39m [90m1.14s[39m  
  [32;1m✓[39;22m[90m [39m[90memail notifications are queued not sent immediately @ repetition 35 of 100[39m[90m                                  [39m [90m1.06s[39m  
  [32;1m✓[39;22m[90m [39m[90memail notifications are queued not sent immediately @ repetition 36 of 100[39m[90m                                  [39m [90m0.91s[39m  
  [32;1m✓[39;22m[90m [39m[90memail notifications are queued not sent immediately @ repetition 37 of 100[39m[90m                                  [39m [90m0.93s[39m  
  [32;1m✓[39;22m[90m [39m[90memail notifications are queued not sent immediately @ repetition 38 of 100[39m[90m                                  [39m [90m1.02s[39m  
  [32;1m✓[39;22m[90m [39m[90memail notifications are queued not sent immediately @ repetition 39 of 100[39m[90m                                  [39m [90m0.99s[39m  
  [32;1m✓[39;22m[90m [39m[90memail notifications are queued not sent immediately @ repetition 40 of 100[39m[90m                                  [39m [90m0.99s[39m  
  [32;1m✓[39;22m[90m [39m[90memail notifications are queued not sent immediately @ repetition 41 of 100[39m[90m                                  [39m [90m1.11s[39m  
  [32;1m✓[39;22m[90m [39m[90memail notifications are queued not sent immediately @ repetition 42 of 100[39m[90m                                  [39m [90m1.25s[39m  
  [32;1m✓[39;22m[90m [39m[90memail notifications are queued not sent immediately @ repetition 43 of 100[39m[90m                                  [39m [90m1.05s[39m  
  [32;1m✓[39;22m[90m [39m[90memail notifications are queued not sent immediately @ repetition 44 of 100[39m[90m                                  [39m [90m1.16s[39m  
  [32;1m✓[39;22m[90m [39m[90memail notifications are queued not sent immediately @ repetition 45 of 100[39m[90m                                  [39m [90m1.44s[39m  
  [32;1m✓[39;22m[90m [39m[90memail notifications are queued not sent immediately @ repetition 46 of 100[39m[90m                                  [39m [90m1.04s[39m  
  [32;1m✓[39;22m[90m [39m[90memail notifications are queued not sent immediately @ repetition 47 of 100[39m[90m                                  [39m [90m1.04s[39m  
  [32;1m✓[39;22m[90m [39m[90memail notifications are queued not sent immediately @ repetition 48 of 100[39m[90m                                  [39m [90m1.05s[39m  
  [32;1m✓[39;22m[90m [39m[90memail notifications are queued not sent immediately @ repetition 49 of 100[39m[90m                                  [39m [90m1.12s[39m  
  [32;1m✓[39;22m[90m [39m[90memail notifications are queued not sent immediately @ repetition 50 of 100[39m[90m                                  [39m [90m1.07s[39m  
  [32;1m✓[39;22m[90m [39m[90memail notifications are queued not sent immediately @ repetition 51 of 100[39m[90m                                  [39m [90m1.07s[39m  
  [32;1m✓[39;22m[90m [39m[90memail notifications are queued not sent immediately @ repetition 52 of 100[39m[90m                                  [39m [90m1.22s[39m  
  [32;1m✓[39;22m[90m [39m[90memail notifications are queued not sent immediately @ repetition 53 of 100[39m[90m                                  [39m [90m0.97s[39m  
  [32;1m✓[39;22m[90m [39m[90memail notifications are queued not sent immediately @ repetition 54 of 100[39m[90m                                  [39m [90m1.11s[39m  
  [32;1m✓[39;22m[90m [39m[90memail notifications are queued not sent immediately @ repetition 55 of 100[39m[90m                                  [39m [90m1.03s[39m  
  [32;1m✓[39;22m[90m [39m[90memail notifications are queued not sent immediately @ repetition 56 of 100[39m[90m                                  [39m [90m1.03s[39m  
  [32;1m✓[39;22m[90m [39m[90memail notifications are queued not sent immediately @ repetition 57 of 100[39m[90m                                  [39m [90m1.04s[39m  
  [32;1m✓[39;22m[90m [39m[90memail notifications are queued not sent immediately @ repetition 58 of 100[39m[90m                                  [39m [90m1.09s[39m  
  [32;1m✓[39;22m[90m [39m[90memail notifications are queued not sent immediately @ repetition 59 of 100[39m[90m                                  [39m [90m1.27s[39m  
  [32;1m✓[39;22m[90m [39m[90memail notifications are queued not sent immediately @ repetition 60 of 100[39m[90m                                  [39m [90m1.04s[39m  
  [32;1m✓[39;22m[90m [39m[90memail notifications are queued not sent immediately @ repetition 61 of 100[39m[90m                                  [39m [90m1.02s[39m  
  [32;1m✓[39;22m[90m [39m[90memail notifications are queued not sent immediately @ repetition 62 of 100[39m[90m                                  [39m [90m1.03s[39m  
  [32;1m✓[39;22m[90m [39m[90memail notifications are queued not sent immediately @ repetition 63 of 100[39m[90m                                  [39m [90m1.01s[39m  
  [32;1m✓[39;22m[90m [39m[90memail notifications are queued not sent immediately @ repetition 64 of 100[39m[90m                                  [39m [90m1.05s[39m  
  [32;1m✓[39;22m[90m [39m[90memail notifications are queued not sent immediately @ repetition 65 of 100[39m[90m                                  [39m [90m1.05s[39m  
  [32;1m✓[39;22m[90m [39m[90memail notifications are queued not sent immediately @ repetition 66 of 100[39m[90m                                  [39m [90m1.14s[39m  
  [32;1m✓[39;22m[90m [39m[90memail notifications are queued not sent immediately @ repetition 67 of 100[39m[90m                                  [39m [90m1.00s[39m  
  [32;1m✓[39;22m[90m [39m[90memail notifications are queued not sent immediately @ repetition 68 of 100[39m[90m                                  [39m [90m1.04s[39m  
  [32;1m✓[39;22m[90m [39m[90memail notifications are queued not sent immediately @ repetition 69 of 100[39m[90m                                  [39m [90m1.05s[39m  
  [32;1m✓[39;22m[90m [39m[90memail notifications are queued not sent immediately @ repetition 70 of 100[39m[90m                                  [39m [90m1.05s[39m  
  [32;1m✓[39;22m[90m [39m[90memail notifications are queued not sent immediately @ repetition 71 of 100[39m[90m                                  [39m [90m1.02s[39m  
  [32;1m✓[39;22m[90m [39m[90memail notifications are queued not sent immediately @ repetition 72 of 100[39m[90m                                  [39m [90m0.99s[39m  
  [32;1m✓[39;22m[90m [39m[90memail notifications are queued not sent immediately @ repetition 73 of 100[39m[90m                                  [39m [90m1.15s[39m  
  [32;1m✓[39;22m[90m [39m[90memail notifications are queued not sent immediately @ repetition 74 of 100[39m[90m                                  [39m [90m1.05s[39m  
  [32;1m✓[39;22m[90m [39m[90memail notifications are queued not sent immediately @ repetition 75 of 100[39m[90m                                  [39m [90m0.98s[39m  
  [32;1m✓[39;22m[90m [39m[90memail notifications are queued not sent immediately @ repetition 76 of 100[39m[90m                                  [39m [90m1.02s[39m  
  [32;1m✓[39;22m[90m [39m[90memail notifications are queued not sent immediately @ repetition 77 of 100[39m[90m                                  [39m [90m0.92s[39m  
  [32;1m✓[39;22m[90m [39m[90memail notifications are queued not sent immediately @ repetition 78 of 100[39m[90m                                  [39m [90m0.85s[39m  
  [32;1m✓[39;22m[90m [39m[90memail notifications are queued not sent immediately @ repetition 79 of 100[39m[90m                                  [39m [90m1.00s[39m  
  [32;1m✓[39;22m[90m [39m[90memail notifications are queued not sent immediately @ repetition 80 of 100[39m[90m                                  [39m [90m1.09s[39m  
  [32;1m✓[39;22m[90m [39m[90memail notifications are queued not sent immediately @ repetition 81 of 100[39m[90m                                  [39m [90m0.93s[39m  
  [32;1m✓[39;22m[90m [39m[90memail notifications are queued not sent immediately @ repetition 82 of 100[39m[90m                                  [39m [90m0.80s[39m  
  [32;1m✓[39;22m[90m [39m[90memail notifications are queued not sent immediately @ repetition 83 of 100[39m[90m                                  [39m [90m0.85s[39m  
  [32;1m✓[39;22m[90m [39m[90memail notifications are queued not sent immediately @ repetition 84 of 100[39m[90m                                  [39m [90m1.12s[39m  
  [32;1m✓[39;22m[90m [39m[90memail notifications are queued not sent immediately @ repetition 85 of 100[39m[90m                                  [39m [90m1.44s[39m  
  [32;1m✓[39;22m[90m [39m[90memail notifications are queued not sent immediately @ repetition 86 of 100[39m[90m                                  [39m [90m1.32s[39m  
  [32;1m✓[39;22m[90m [39m[90memail notifications are queued not sent immediately @ repetition 87 of 100[39m[90m                                  [39m [90m1.12s[39m  
  [32;1m✓[39;22m[90m [39m[90memail notifications are queued not sent immediately @ repetition 88 of 100[39m[90m                                  [39m [90m0.81s[39m  
  [32;1m✓[39;22m[90m [39m[90memail notifications are queued not sent immediately @ repetition 89 of 100[39m[90m                                  [39m [90m0.96s[39m  
  [32;1m✓[39;22m[90m [39m[90memail notifications are queued not sent immediately @ repetition 90 of 100[39m[90m                                  [39m [90m1.11s[39m  
  [32;1m✓[39;22m[90m [39m[90memail notifications are queued not sent immediately @ repetition 91 of 100[39m[90m                                  [39m [90m1.10s[39m  
  [32;1m✓[39;22m[90m [39m[90memail notifications are queued not sent immediately @ repetition 92 of 100[39m[90m                                  [39m [90m0.96s[39m  
  [32;1m✓[39;22m[90m [39m[90memail notifications are queued not sent immediately @ repetition 93 of 100[39m[90m                                  [39m [90m0.82s[39m  
  [32;1m✓[39;22m[90m [39m[90memail notifications are queued not sent immediately @ repetition 94 of 100[39m[90m                                  [39m [90m0.90s[39m  
  [32;1m✓[39;22m[90m [39m[90memail notifications are queued not sent immediately @ repetition 95 of 100[39m[90m                                  [39m [90m0.76s[39m  
  [32;1m✓[39;22m[90m [39m[90memail notifications are queued not sent immediately @ repetition 96 of 100[39m[90m                                  [39m [90m0.72s[39m  
  [32;1m✓[39;22m[90m [39m[90memail notifications are queued not sent immediately @ repetition 97 of 100[39m[90m                                  [39m [90m0.72s[39m  
  [32;1m✓[39;22m[90m [39m[90memail notifications are queued not sent immediately @ repetition 98 of 100[39m[90m                                  [39m [90m0.68s[39m  
  [32;1m✓[39;22m[90m [39m[90memail notifications are queued not sent immediately @ repetition 99 of 100[39m[90m                                  [39m [90m0.65s[39m  
  [32;1m✓[39;22m[90m [39m[90memail notifications are queued not sent immediately @ repetition 100 of 100[39m[90m                                 [39m [90m0.80s[39m  
  [32;1m✓[39;22m[90m [39m[90mno email notifications are sent for account deactivation or reactivation @ repetition 1 of 100[39m[90m              [39m [90m0.97s[39m  
  [32;1m✓[39;22m[90m [39m[90mno email notifications are sent for account deactivation or reactivation @ repetition 2 of 100[39m[90m              [39m [90m0.64s[39m  
  [32;1m✓[39;22m[90m [39m[90mno email notifications are sent for account deactivation or reactivation @ repetition 3 of 100[39m[90m              [39m [90m0.64s[39m  
  [32;1m✓[39;22m[90m [39m[90mno email notifications are sent for account deactivation or reactivation @ repetition 4 of 100[39m[90m              [39m [90m0.67s[39m  
  [32;1m✓[39;22m[90m [39m[90mno email notifications are sent for account deactivation or reactivation @ repetition 5 of 100[39m[90m              [39m [90m0.72s[39m  
  [32;1m✓[39;22m[90m [39m[90mno email notifications are sent for account deactivation or reactivation @ repetition 6 of 100[39m[90m              [39m [90m0.76s[39m  
  [32;1m✓[39;22m[90m [39m[90mno email notifications are sent for account deactivation or reactivation @ repetition 7 of 100[39m[90m              [39m [90m0.79s[39m  
  [32;1m✓[39;22m[90m [39m[90mno email notifications are sent for account deactivation or reactivation @ repetition 8 of 100[39m[90m              [39m [90m0.91s[39m  
  [32;1m✓[39;22m[90m [39m[90mno email notifications are sent for account deactivation or reactivation @ repetition 9 of 100[39m[90m              [39m [90m0.68s[39m  
  [32;1m✓[39;22m[90m [39m[90mno email notifications are sent for account deactivation or reactivation @ repetition 10 of 100[39m[90m             [39m [90m0.59s[39m  
  [32;1m✓[39;22m[90m [39m[90mno email notifications are sent for account deactivation or reactivation @ repetition 11 of 100[39m[90m             [39m [90m0.66s[39m  
  [32;1m✓[39;22m[90m [39m[90mno email notifications are sent for account deactivation or reactivation @ repetition 12 of 100[39m[90m             [39m [90m0.65s[39m  
  [32;1m✓[39;22m[90m [39m[90mno email notifications are sent for account deactivation or reactivation @ repetition 13 of 100[39m[90m             [39m [90m0.65s[39m  
  [32;1m✓[39;22m[90m [39m[90mno email notifications are sent for account deactivation or reactivation @ repetition 14 of 100[39m[90m             [39m [90m0.60s[39m  
  [32;1m✓[39;22m[90m [39m[90mno email notifications are sent for account deactivation or reactivation @ repetition 15 of 100[39m[90m             [39m [90m0.70s[39m  
  [32;1m✓[39;22m[90m [39m[90mno email notifications are sent for account deactivation or reactivation @ repetition 16 of 100[39m[90m             [39m [90m0.69s[39m  
  [32;1m✓[39;22m[90m [39m[90mno email notifications are sent for account deactivation or reactivation @ repetition 17 of 100[39m[90m             [39m [90m0.69s[39m  
  [32;1m✓[39;22m[90m [39m[90mno email notifications are sent for account deactivation or reactivation @ repetition 18 of 100[39m[90m             [39m [90m0.72s[39m  
  [32;1m✓[39;22m[90m [39m[90mno email notifications are sent for account deactivation or reactivation @ repetition 19 of 100[39m[90m             [39m [90m0.62s[39m  
  [32;1m✓[39;22m[90m [39m[90mno email notifications are sent for account deactivation or reactivation @ repetition 20 of 100[39m[90m             [39m [90m0.71s[39m  
  [32;1m✓[39;22m[90m [39m[90mno email notifications are sent for account deactivation or reactivation @ repetition 21 of 100[39m[90m             [39m [90m0.61s[39m  
  [32;1m✓[39;22m[90m [39m[90mno email notifications are sent for account deactivation or reactivation @ repetition 22 of 100[39m[90m             [39m [90m0.73s[39m  
  [32;1m✓[39;22m[90m [39m[90mno email notifications are sent for account deactivation or reactivation @ repetition 23 of 100[39m[90m             [39m [90m0.60s[39m  
  [32;1m✓[39;22m[90m [39m[90mno email notifications are sent for account deactivation or reactivation @ repetition 24 of 100[39m[90m             [39m [90m0.73s[39m  
  [32;1m✓[39;22m[90m [39m[90mno email notifications are sent for account deactivation or reactivation @ repetition 25 of 100[39m[90m             [39m [90m0.67s[39m  
  [32;1m✓[39;22m[90m [39m[90mno email notifications are sent for account deactivation or reactivation @ repetition 26 of 100[39m[90m             [39m [90m0.60s[39m  
  [32;1m✓[39;22m[90m [39m[90mno email notifications are sent for account deactivation or reactivation @ repetition 27 of 100[39m[90m             [39m [90m0.60s[39m  
  [32;1m✓[39;22m[90m [39m[90mno email notifications are sent for account deactivation or reactivation @ repetition 28 of 100[39m[90m             [39m [90m0.60s[39m  
  [32;1m✓[39;22m[90m [39m[90mno email notifications are sent for account deactivation or reactivation @ repetition 29 of 100[39m[90m             [39m [90m0.78s[39m  
  [32;1m✓[39;22m[90m [39m[90mno email notifications are sent for account deactivation or reactivation @ repetition 30 of 100[39m[90m             [39m [90m0.63s[39m  
  [32;1m✓[39;22m[90m [39m[90mno email notifications are sent for account deactivation or reactivation @ repetition 31 of 100[39m[90m             [39m [90m0.61s[39m  
  [32;1m✓[39;22m[90m [39m[90mno email notifications are sent for account deactivation or reactivation @ repetition 32 of 100[39m[90m             [39m [90m0.67s[39m  
  [32;1m✓[39;22m[90m [39m[90mno email notifications are sent for account deactivation or reactivation @ repetition 33 of 100[39m[90m             [39m [90m0.74s[39m  
  [32;1m✓[39;22m[90m [39m[90mno email notifications are sent for account deactivation or reactivation @ repetition 34 of 100[39m[90m             [39m [90m0.61s[39m  
  [32;1m✓[39;22m[90m [39m[90mno email notifications are sent for account deactivation or reactivation @ repetition 35 of 100[39m[90m             [39m [90m0.63s[39m  
  [32;1m✓[39;22m[90m [39m[90mno email notifications are sent for account deactivation or reactivation @ repetition 36 of 100[39m[90m             [39m [90m0.75s[39m  
  [32;1m✓[39;22m[90m [39m[90mno email notifications are sent for account deactivation or reactivation @ repetition 37 of 100[39m[90m             [39m [90m0.68s[39m  
  [32;1m✓[39;22m[90m [39m[90mno email notifications are sent for account deactivation or reactivation @ repetition 38 of 100[39m[90m             [39m [90m0.60s[39m  
  [32;1m✓[39;22m[90m [39m[90mno email notifications are sent for account deactivation or reactivation @ repetition 39 of 100[39m[90m             [39m [90m0.64s[39m  
  [32;1m✓[39;22m[90m [39m[90mno email notifications are sent for account deactivation or reactivation @ repetition 40 of 100[39m[90m             [39m [90m0.66s[39m  
  [32;1m✓[39;22m[90m [39m[90mno email notifications are sent for account deactivation or reactivation @ repetition 41 of 100[39m[90m             [39m [90m0.68s[39m  
  [32;1m✓[39;22m[90m [39m[90mno email notifications are sent for account deactivation or reactivation @ repetition 42 of 100[39m[90m             [39m [90m0.63s[39m  
  [32;1m✓[39;22m[90m [39m[90mno email notifications are sent for account deactivation or reactivation @ repetition 43 of 100[39m[90m             [39m [90m0.71s[39m  
  [32;1m✓[39;22m[90m [39m[90mno email notifications are sent for account deactivation or reactivation @ repetition 44 of 100[39m[90m             [39m [90m0.66s[39m  
  [32;1m✓[39;22m[90m [39m[90mno email notifications are sent for account deactivation or reactivation @ repetition 45 of 100[39m[90m             [39m [90m0.69s[39m  
  [32;1m✓[39;22m[90m [39m[90mno email notifications are sent for account deactivation or reactivation @ repetition 46 of 100[39m[90m             [39m [90m0.67s[39m  
  [32;1m✓[39;22m[90m [39m[90mno email notifications are sent for account deactivation or reactivation @ repetition 47 of 100[39m[90m             [39m [90m0.86s[39m  
  [32;1m✓[39;22m[90m [39m[90mno email notifications are sent for account deactivation or reactivation @ repetition 48 of 100[39m[90m             [39m [90m0.79s[39m  
  [32;1m✓[39;22m[90m [39m[90mno email notifications are sent for account deactivation or reactivation @ repetition 49 of 100[39m[90m             [39m [90m0.83s[39m  
  [32;1m✓[39;22m[90m [39m[90mno email notifications are sent for account deactivation or reactivation @ repetition 50 of 100[39m[90m             [39m [90m0.89s[39m  
  [32;1m✓[39;22m[90m [39m[90mno email notifications are sent for account deactivation or reactivation @ repetition 51 of 100[39m[90m             [39m [90m0.77s[39m  
  [32;1m✓[39;22m[90m [39m[90mno email notifications are sent for account deactivation or reactivation @ repetition 52 of 100[39m[90m             [39m [90m0.83s[39m  
  [32;1m✓[39;22m[90m [39m[90mno email notifications are sent for account deactivation or reactivation @ repetition 53 of 100[39m[90m             [39m [90m0.81s[39m  
  [32;1m✓[39;22m[90m [39m[90mno email notifications are sent for account deactivation or reactivation @ repetition 54 of 100[39m[90m             [39m [90m0.79s[39m  
  [32;1m✓[39;22m[90m [39m[90mno email notifications are sent for account deactivation or reactivation @ repetition 55 of 100[39m[90m             [39m [90m0.75s[39m  
  [32;1m✓[39;22m[90m [39m[90mno email notifications are sent for account deactivation or reactivation @ repetition 56 of 100[39m[90m             [39m [90m0.78s[39m  
  [32;1m✓[39;22m[90m [39m[90mno email notifications are sent for account deactivation or reactivation @ repetition 57 of 100[39m[90m             [39m [90m0.97s[39m  
  [32;1m✓[39;22m[90m [39m[90mno email notifications are sent for account deactivation or reactivation @ repetition 58 of 100[39m[90m             [39m [90m0.80s[39m  
  [32;1m✓[39;22m[90m [39m[90mno email notifications are sent for account deactivation or reactivation @ repetition 59 of 100[39m[90m             [39m [90m0.79s[39m  
  [32;1m✓[39;22m[90m [39m[90mno email notifications are sent for account deactivation or reactivation @ repetition 60 of 100[39m[90m             [39m [90m0.81s[39m  
  [32;1m✓[39;22m[90m [39m[90mno email notifications are sent for account deactivation or reactivation @ repetition 61 of 100[39m[90m             [39m [90m0.72s[39m  
  [32;1m✓[39;22m[90m [39m[90mno email notifications are sent for account deactivation or reactivation @ repetition 62 of 100[39m[90m             [39m [90m0.80s[39m  
  [32;1m✓[39;22m[90m [39m[90mno email notifications are sent for account deactivation or reactivation @ repetition 63 of 100[39m[90m             [39m [90m0.72s[39m  
  [32;1m✓[39;22m[90m [39m[90mno email notifications are sent for account deactivation or reactivation @ repetition 64 of 100[39m[90m             [39m [90m0.68s[39m  
  [32;1m✓[39;22m[90m [39m[90mno email notifications are sent for account deactivation or reactivation @ repetition 65 of 100[39m[90m             [39m [90m0.62s[39m  
  [32;1m✓[39;22m[90m [39m[90mno email notifications are sent for account deactivation or reactivation @ repetition 66 of 100[39m[90m             [39m [90m0.64s[39m  
  [32;1m✓[39;22m[90m [39m[90mno email notifications are sent for account deactivation or reactivation @ repetition 67 of 100[39m[90m             [39m [90m0.76s[39m  
  [32;1m✓[39;22m[90m [39m[90mno email notifications are sent for account deactivation or reactivation @ repetition 68 of 100[39m[90m             [39m [90m0.70s[39m  
  [32;1m✓[39;22m[90m [39m[90mno email notifications are sent for account deactivation or reactivation @ repetition 69 of 100[39m[90m             [39m [90m0.67s[39m  
  [32;1m✓[39;22m[90m [39m[90mno email notifications are sent for account deactivation or reactivation @ repetition 70 of 100[39m[90m             [39m [90m0.71s[39m  
  [32;1m✓[39;22m[90m [39m[90mno email notifications are sent for account deactivation or reactivation @ repetition 71 of 100[39m[90m             [39m [90m0.86s[39m  
  [32;1m✓[39;22m[90m [39m[90mno email notifications are sent for account deactivation or reactivation @ repetition 72 of 100[39m[90m             [39m [90m0.77s[39m  
  [32;1m✓[39;22m[90m [39m[90mno email notifications are sent for account deactivation or reactivation @ repetition 73 of 100[39m[90m             [39m [90m0.86s[39m  
  [32;1m✓[39;22m[90m [39m[90mno email notifications are sent for account deactivation or reactivation @ repetition 74 of 100[39m[90m             [39m [90m0.92s[39m  
  [32;1m✓[39;22m[90m [39m[90mno email notifications are sent for account deactivation or reactivation @ repetition 75 of 100[39m[90m             [39m [90m0.78s[39m  
  [32;1m✓[39;22m[90m [39m[90mno email notifications are sent for account deactivation or reactivation @ repetition 76 of 100[39m[90m             [39m [90m0.65s[39m  
  [32;1m✓[39;22m[90m [39m[90mno email notifications are sent for account deactivation or reactivation @ repetition 77 of 100[39m[90m             [39m [90m0.59s[39m  
  [32;1m✓[39;22m[90m [39m[90mno email notifications are sent for account deactivation or reactivation @ repetition 78 of 100[39m[90m             [39m [90m0.78s[39m  
  [32;1m✓[39;22m[90m [39m[90mno email notifications are sent for account deactivation or reactivation @ repetition 79 of 100[39m[90m             [39m [90m0.66s[39m  
  [32;1m✓[39;22m[90m [39m[90mno email notifications are sent for account deactivation or reactivation @ repetition 80 of 100[39m[90m             [39m [90m0.73s[39m  
  [32;1m✓[39;22m[90m [39m[90mno email notifications are sent for account deactivation or reactivation @ repetition 81 of 100[39m[90m             [39m [90m0.86s[39m  
  [32;1m✓[39;22m[90m [39m[90mno email notifications are sent for account deactivation or reactivation @ repetition 82 of 100[39m[90m             [39m [90m0.78s[39m  
  [32;1m✓[39;22m[90m [39m[90mno email notifications are sent for account deactivation or reactivation @ repetition 83 of 100[39m[90m             [39m [90m0.61s[39m  
  [32;1m✓[39;22m[90m [39m[90mno email notifications are sent for account deactivation or reactivation @ repetition 84 of 100[39m[90m             [39m [90m0.62s[39m  
  [32;1m✓[39;22m[90m [39m[90mno email notifications are sent for account deactivation or reactivation @ repetition 85 of 100[39m[90m             [39m [90m0.75s[39m  
  [32;1m✓[39;22m[90m [39m[90mno email notifications are sent for account deactivation or reactivation @ repetition 86 of 100[39m[90m             [39m [90m0.73s[39m  
  [32;1m✓[39;22m[90m [39m[90mno email notifications are sent for account deactivation or reactivation @ repetition 87 of 100[39m[90m             [39m [90m0.68s[39m  
  [32;1m✓[39;22m[90m [39m[90mno email notifications are sent for account deactivation or reactivation @ repetition 88 of 100[39m[90m             [39m [90m0.73s[39m  
  [32;1m✓[39;22m[90m [39m[90mno email notifications are sent for account deactivation or reactivation @ repetition 89 of 100[39m[90m             [39m [90m0.80s[39m  
  [32;1m✓[39;22m[90m [39m[90mno email notifications are sent for account deactivation or reactivation @ repetition 90 of 100[39m[90m             [39m [90m0.80s[39m  
  [32;1m✓[39;22m[90m [39m[90mno email notifications are sent for account deactivation or reactivation @ repetition 91 of 100[39m[90m             [39m [90m0.77s[39m  
  [32;1m✓[39;22m[90m [39m[90mno email notifications are sent for account deactivation or reactivation @ repetition 92 of 100[39m[90m             [39m [90m0.88s[39m  
  [32;1m✓[39;22m[90m [39m[90mno email notifications are sent for account deactivation or reactivation @ repetition 93 of 100[39m[90m             [39m [90m0.78s[39m  
  [32;1m✓[39;22m[90m [39m[90mno email notifications are sent for account deactivation or reactivation @ repetition 94 of 100[39m[90m             [39m [90m0.65s[39m  
  [32;1m✓[39;22m[90m [39m[90mno email notifications are sent for account deactivation or reactivation @ repetition 95 of 100[39m[90m             [39m [90m0.68s[39m  
  [32;1m✓[39;22m[90m [39m[90mno email notifications are sent for account deactivation or reactivation @ repetition 96 of 100[39m[90m             [39m [90m0.64s[39m  
  [32;1m✓[39;22m[90m [39m[90mno email notifications are sent for account deactivation or reactivation @ repetition 97 of 100[39m[90m             [39m [90m0.71s[39m  
  [32;1m✓[39;22m[90m [39m[90mno email notifications are sent for account deactivation or reactivation @ repetition 98 of 100[39m[90m             [39m [90m0.59s[39m  
  [32;1m✓[39;22m[90m [39m[90mno email notifications are sent for account deactivation or reactivation @ repetition 99 of 100[39m[90m             [39m [90m0.67s[39m  
  [32;1m✓[39;22m[90m [39m[90mno email notifications are sent for account deactivation or reactivation @ repetition 100 of 100[39m[90m            [39m [90m0.76s[39m  

  [30;42;1m PASS [39;49;22m[39m Tests\Feature\ExampleTest[39m
  [32;1m✓[39;22m[90m [39m[90mthe application returns a successful response[39m[90m                                                               [39m [90m0.77s[39m  

  [39;41;1m FAIL [39;49;22m[39m Tests\Feature\FilamentAdminRoleFullResourceAccessPropertyTest[39m
  [32;1m✓[39;22m[90m [39m[90mFilament panel shows all resources to admin users in navigation @ repetition 1 of 100[39m[90m                       [39m [90m0.18s[39m  
  [32;1m✓[39;22m[90m [39m[90mFilament panel shows all resources to admin users in navigation @ repetition 2 of 100[39m[90m                       [39m [90m0.13s[39m  
  [32;1m✓[39;22m[90m [39m[90mFilament panel shows all resources to admin users in navigation @ repetition 3 of 100[39m[90m                       [39m [90m0.13s[39m  
  [32;1m✓[39;22m[90m [39m[90mFilament panel shows all resources to admin users in navigation @ repetition 4 of 100[39m[90m                       [39m [90m0.16s[39m  
  [32;1m✓[39;22m[90m [39m[90mFilament panel shows all resources to admin users in navigation @ repetition 5 of 100[39m[90m                       [39m [90m0.16s[39m  
  [32;1m✓[39;22m[90m [39m[90mFilament panel shows all resources to admin users in navigation @ repetition 6 of 100[39m[90m                       [39m [90m0.27s[39m  
  [32;1m✓[39;22m[90m [39m[90mFilament panel shows all resources to admin users in navigation @ repetition 7 of 100[39m[90m                       [39m [90m0.17s[39m  
  [32;1m✓[39;22m[90m [39m[90mFilament panel shows all resources to admin users in navigation @ repetition 8 of 100[39m[90m                       [39m [90m0.14s[39m  
  [32;1m✓[39;22m[90m [39m[90mFilament panel shows all resources to admin users in navigation @ repetition 9 of 100[39m[90m                       [39m [90m0.14s[39m  
  [32;1m✓[39;22m[90m [39m[90mFilament panel shows all resources to admin users in navigation @ repetition 10 of 100[39m[90m                      [39m [90m0.14s[39m  
  [32;1m✓[39;22m[90m [39m[90mFilament panel shows all resources to admin users in navigation @ repetition 11 of 100[39m[90m                      [39m [90m0.13s[39m  
  [32;1m✓[39;22m[90m [39m[90mFilament panel shows all resources to admin users in navigation @ repetition 12 of 100[39m[90m                      [39m [90m0.17s[39m  
  [32;1m✓[39;22m[90m [39m[90mFilament panel shows all resources to admin users in navigation @ repetition 13 of 100[39m[90m                      [39m [90m0.17s[39m  
  [32;1m✓[39;22m[90m [39m[90mFilament panel shows all resources to admin users in navigation @ repetition 14 of 100[39m[90m                      [39m [90m0.29s[39m  
  [32;1m✓[39;22m[90m [39m[90mFilament panel shows all resources to admin users in navigation @ repetition 15 of 100[39m[90m                      [39m [90m0.18s[39m  
  [32;1m✓[39;22m[90m [39m[90mFilament panel shows all resources to admin users in navigation @ repetition 16 of 100[39m[90m                      [39m [90m0.12s[39m  
  [32;1m✓[39;22m[90m [39m[90mFilament panel shows all resources to admin users in navigation @ repetition 17 of 100[39m[90m                      [39m [90m0.11s[39m  
  [32;1m✓[39;22m[90m [39m[90mFilament panel shows all resources to admin users in navigation @ repetition 18 of 100[39m[90m                      [39m [90m0.11s[39m  
  [32;1m✓[39;22m[90m [39m[90mFilament panel shows all resources to admin users in navigation @ repetition 19 of 100[39m[90m                      [39m [90m0.13s[39m  
  [32;1m✓[39;22m[90m [39m[90mFilament panel shows all resources to admin users in navigation @ repetition 20 of 100[39m[90m                      [39m [90m0.10s[39m  
  [32;1m✓[39;22m[90m [39m[90mFilament panel shows all resources to admin users in navigation @ repetition 21 of 100[39m[90m                      [39m [90m0.14s[39m  
  [32;1m✓[39;22m[90m [39m[90mFilament panel shows all resources to admin users in navigation @ repetition 22 of 100[39m[90m                      [39m [90m0.29s[39m  
  [32;1m✓[39;22m[90m [39m[90mFilament panel shows all resources to admin users in navigation @ repetition 23 of 100[39m[90m                      [39m [90m0.14s[39m  
  [32;1m✓[39;22m[90m [39m[90mFilament panel shows all resources to admin users in navigation @ repetition 24 of 100[39m[90m                      [39m [90m0.12s[39m  
  [32;1m✓[39;22m[90m [39m[90mFilament panel shows all resources to admin users in navigation @ repetition 25 of 100[39m[90m                      [39m [90m0.17s[39m  
  [32;1m✓[39;22m[90m [39m[90mFilament panel shows all resources to admin users in navigation @ repetition 26 of 100[39m[90m                      [39m [90m0.17s[39m  
  [32;1m✓[39;22m[90m [39m[90mFilament panel shows all resources to admin users in navigation @ repetition 27 of 100[39m[90m                      [39m [90m0.12s[39m  
  [32;1m✓[39;22m[90m [39m[90mFilament panel shows all resources to admin users in navigation @ repetition 28 of 100[39m[90m                      [39m [90m0.15s[39m  
  [32;1m✓[39;22m[90m [39m[90mFilament panel shows all resources to admin users in navigation @ repetition 29 of 100[39m[90m                      [39m [90m0.17s[39m  
  [32;1m✓[39;22m[90m [39m[90mFilament panel shows all resources to admin users in navigation @ repetition 30 of 100[39m[90m                      [39m [90m0.36s[39m  
  [32;1m✓[39;22m[90m [39m[90mFilament panel shows all resources to admin users in navigation @ repetition 31 of 100[39m[90m                      [39m [90m0.17s[39m  
  [32;1m✓[39;22m[90m [39m[90mFilament panel shows all resources to admin users in navigation @ repetition 32 of 100[39m[90m                      [39m [90m0.20s[39m  
  [32;1m✓[39;22m[90m [39m[90mFilament panel shows all resources to admin users in navigation @ repetition 33 of 100[39m[90m                      [39m [90m0.17s[39m  
  [32;1m✓[39;22m[90m [39m[90mFilament panel shows all resources to admin users in navigation @ repetition 34 of 100[39m[90m                      [39m [90m0.14s[39m  
  [32;1m✓[39;22m[90m [39m[90mFilament panel shows all resources to admin users in navigation @ repetition 35 of 100[39m[90m                      [39m [90m0.18s[39m  
  [32;1m✓[39;22m[90m [39m[90mFilament panel shows all resources to admin users in navigation @ repetition 36 of 100[39m[90m                      [39m [90m0.17s[39m  
  [32;1m✓[39;22m[90m [39m[90mFilament panel shows all resources to admin users in navigation @ repetition 37 of 100[39m[90m                      [39m [90m0.18s[39m  
  [32;1m✓[39;22m[90m [39m[90mFilament panel shows all resources to admin users in navigation @ repetition 38 of 100[39m[90m                      [39m [90m0.30s[39m  
  [32;1m✓[39;22m[90m [39m[90mFilament panel shows all resources to admin users in navigation @ repetition 39 of 100[39m[90m                      [39m [90m0.11s[39m  
  [32;1m✓[39;22m[90m [39m[90mFilament panel shows all resources to admin users in navigation @ repetition 40 of 100[39m[90m                      [39m [90m0.18s[39m  
  [32;1m✓[39;22m[90m [39m[90mFilament panel shows all resources to admin users in navigation @ repetition 41 of 100[39m[90m                      [39m [90m0.16s[39m  
  [32;1m✓[39;22m[90m [39m[90mFilament panel shows all resources to admin users in navigation @ repetition 42 of 100[39m[90m                      [39m [90m0.15s[39m  
  [32;1m✓[39;22m[90m [39m[90mFilament panel shows all resources to admin users in navigation @ repetition 43 of 100[39m[90m                      [39m [90m0.17s[39m  
  [32;1m✓[39;22m[90m [39m[90mFilament panel shows all resources to admin users in navigation @ repetition 44 of 100[39m[90m                      [39m [90m0.13s[39m  
  [32;1m✓[39;22m[90m [39m[90mFilament panel shows all resources to admin users in navigation @ repetition 45 of 100[39m[90m                      [39m [90m0.13s[39m  
  [32;1m✓[39;22m[90m [39m[90mFilament panel shows all resources to admin users in navigation @ repetition 46 of 100[39m[90m                      [39m [90m0.37s[39m  
  [32;1m✓[39;22m[90m [39m[90mFilament panel shows all resources to admin users in navigation @ repetition 47 of 100[39m[90m                      [39m [90m0.17s[39m  
  [32;1m✓[39;22m[90m [39m[90mFilament panel shows all resources to admin users in navigation @ repetition 48 of 100[39m[90m                      [39m [90m0.17s[39m  
  [32;1m✓[39;22m[90m [39m[90mFilament panel shows all resources to admin users in navigation @ repetition 49 of 100[39m[90m                      [39m [90m0.17s[39m  
  [32;1m✓[39;22m[90m [39m[90mFilament panel shows all resources to admin users in navigation @ repetition 50 of 100[39m[90m                      [39m [90m0.15s[39m  
  [32;1m✓[39;22m[90m [39m[90mFilament panel shows all resources to admin users in navigation @ repetition 51 of 100[39m[90m                      [39m [90m0.17s[39m  
  [32;1m✓[39;22m[90m [39m[90mFilament panel shows all resources to admin users in navigation @ repetition 52 of 100[39m[90m                      [39m [90m0.16s[39m  
  [32;1m✓[39;22m[90m [39m[90mFilament panel shows all resources to admin users in navigation @ repetition 53 of 100[39m[90m                      [39m [90m0.14s[39m  
  [32;1m✓[39;22m[90m [39m[90mFilament panel shows all resources to admin users in navigation @ repetition 54 of 100[39m[90m                      [39m [90m0.30s[39m  
  [32;1m✓[39;22m[90m [39m[90mFilament panel shows all resources to admin users in navigation @ repetition 55 of 100[39m[90m                      [39m [90m0.16s[39m  
  [32;1m✓[39;22m[90m [39m[90mFilament panel shows all resources to admin users in navigation @ repetition 56 of 100[39m[90m                      [39m [90m0.16s[39m  
  [32;1m✓[39;22m[90m [39m[90mFilament panel shows all resources to admin users in navigation @ repetition 57 of 100[39m[90m                      [39m [90m0.15s[39m  
  [32;1m✓[39;22m[90m [39m[90mFilament panel shows all resources to admin users in navigation @ repetition 58 of 100[39m[90m                      [39m [90m0.17s[39m  
  [32;1m✓[39;22m[90m [39m[90mFilament panel shows all resources to admin users in navigation @ repetition 59 of 100[39m[90m                      [39m [90m0.15s[39m  
  [32;1m✓[39;22m[90m [39m[90mFilament panel shows all resources to admin users in navigation @ repetition 60 of 100[39m[90m                      [39m [90m0.19s[39m  
  [32;1m✓[39;22m[90m [39m[90mFilament panel shows all resources to admin users in navigation @ repetition 61 of 100[39m[90m                      [39m [90m0.18s[39m  
  [32;1m✓[39;22m[90m [39m[90mFilament panel shows all resources to admin users in navigation @ repetition 62 of 100[39m[90m                      [39m [90m0.37s[39m  
  [32;1m✓[39;22m[90m [39m[90mFilament panel shows all resources to admin users in navigation @ repetition 63 of 100[39m[90m                      [39m [90m0.18s[39m  
  [32;1m✓[39;22m[90m [39m[90mFilament panel shows all resources to admin users in navigation @ repetition 64 of 100[39m[90m                      [39m [90m0.13s[39m  
  [32;1m✓[39;22m[90m [39m[90mFilament panel shows all resources to admin users in navigation @ repetition 65 of 100[39m[90m                      [39m [90m0.17s[39m  
  [32;1m✓[39;22m[90m [39m[90mFilament panel shows all resources to admin users in navigation @ repetition 66 of 100[39m[90m                      [39m [90m0.19s[39m  
  [32;1m✓[39;22m[90m [39m[90mFilament panel shows all resources to admin users in navigation @ repetition 67 of 100[39m[90m                      [39m [90m0.17s[39m  
  [32;1m✓[39;22m[90m [39m[90mFilament panel shows all resources to admin users in navigation @ repetition 68 of 100[39m[90m                      [39m [90m0.18s[39m  
  [32;1m✓[39;22m[90m [39m[90mFilament panel shows all resources to admin users in navigation @ repetition 69 of 100[39m[90m                      [39m [90m0.20s[39m  
  [32;1m✓[39;22m[90m [39m[90mFilament panel shows all resources to admin users in navigation @ repetition 70 of 100[39m[90m                      [39m [90m0.39s[39m  
  [32;1m✓[39;22m[90m [39m[90mFilament panel shows all resources to admin users in navigation @ repetition 71 of 100[39m[90m                      [39m [90m0.22s[39m  
  [32;1m✓[39;22m[90m [39m[90mFilament panel shows all resources to admin users in navigation @ repetition 72 of 100[39m[90m                      [39m [90m0.19s[39m  
  [32;1m✓[39;22m[90m [39m[90mFilament panel shows all resources to admin users in navigation @ repetition 73 of 100[39m[90m                      [39m [90m0.14s[39m  
  [32;1m✓[39;22m[90m [39m[90mFilament panel shows all resources to admin users in navigation @ repetition 74 of 100[39m[90m                      [39m [90m0.21s[39m  
  [32;1m✓[39;22m[90m [39m[90mFilament panel shows all resources to admin users in navigation @ repetition 75 of 100[39m[90m                      [39m [90m0.21s[39m  
  [32;1m✓[39;22m[90m [39m[90mFilament panel shows all resources to admin users in navigation @ repetition 76 of 100[39m[90m                      [39m [90m0.24s[39m  
  [32;1m✓[39;22m[90m [39m[90mFilament panel shows all resources to admin users in navigation @ repetition 77 of 100[39m[90m                      [39m [90m0.17s[39m  
  [32;1m✓[39;22m[90m [39m[90mFilament panel shows all resources to admin users in navigation @ repetition 78 of 100[39m[90m                      [39m [90m0.26s[39m  
  [32;1m✓[39;22m[90m [39m[90mFilament panel shows all resources to admin users in navigation @ repetition 79 of 100[39m[90m                      [39m [90m0.15s[39m  
  [32;1m✓[39;22m[90m [39m[90mFilament panel shows all resources to admin users in navigation @ repetition 80 of 100[39m[90m                      [39m [90m0.15s[39m  
  [32;1m✓[39;22m[90m [39m[90mFilament panel shows all resources to admin users in navigation @ repetition 81 of 100[39m[90m                      [39m [90m0.22s[39m  
  [32;1m✓[39;22m[90m [39m[90mFilament panel shows all resources to admin users in navigation @ repetition 82 of 100[39m[90m                      [39m [90m0.18s[39m  
  [32;1m✓[39;22m[90m [39m[90mFilament panel shows all resources to admin users in navigation @ repetition 83 of 100[39m[90m                      [39m [90m0.16s[39m  
  [32;1m✓[39;22m[90m [39m[90mFilament panel shows all resources to admin users in navigation @ repetition 84 of 100[39m[90m                      [39m [90m0.16s[39m  
  [32;1m✓[39;22m[90m [39m[90mFilament panel shows all resources to admin users in navigation @ repetition 85 of 100[39m[90m                      [39m [90m0.17s[39m  
  [32;1m✓[39;22m[90m [39m[90mFilament panel shows all resources to admin users in navigation @ repetition 86 of 100[39m[90m                      [39m [90m0.36s[39m  
  [32;1m✓[39;22m[90m [39m[90mFilament panel shows all resources to admin users in navigation @ repetition 87 of 100[39m[90m                      [39m [90m0.14s[39m  
  [32;1m✓[39;22m[90m [39m[90mFilament panel shows all resources to admin users in navigation @ repetition 88 of 100[39m[90m                      [39m [90m0.22s[39m  
  [32;1m✓[39;22m[90m [39m[90mFilament panel shows all resources to admin users in navigation @ repetition 89 of 100[39m[90m                      [39m [90m0.23s[39m  
  [32;1m✓[39;22m[90m [39m[90mFilament panel shows all resources to admin users in navigation @ repetition 90 of 100[39m[90m                      [39m [90m0.22s[39m  
  [32;1m✓[39;22m[90m [39m[90mFilament panel shows all resources to admin users in navigation @ repetition 91 of 100[39m[90m                      [39m [90m0.17s[39m  
  [32;1m✓[39;22m[90m [39m[90mFilament panel shows all resources to admin users in navigation @ repetition 92 of 100[39m[90m                      [39m [90m0.12s[39m  
  [32;1m✓[39;22m[90m [39m[90mFilament panel shows all resources to admin users in navigation @ repetition 93 of 100[39m[90m                      [39m [90m0.15s[39m  
  [32;1m✓[39;22m[90m [39m[90mFilament panel shows all resources to admin users in navigation @ repetition 94 of 100[39m[90m                      [39m [90m0.38s[39m  
  [32;1m✓[39;22m[90m [39m[90mFilament panel shows all resources to admin users in navigation @ repetition 95 of 100[39m[90m                      [39m [90m0.17s[39m  
  [32;1m✓[39;22m[90m [39m[90mFilament panel shows all resources to admin users in navigation @ repetition 96 of 100[39m[90m                      [39m [90m0.16s[39m  
  [32;1m✓[39;22m[90m [39m[90mFilament panel shows all resources to admin users in navigation @ repetition 97 of 100[39m[90m                      [39m [90m0.14s[39m  
  [32;1m✓[39;22m[90m [39m[90mFilament panel shows all resources to admin users in navigation @ repetition 98 of 100[39m[90m                      [39m [90m0.17s[39m  
  [32;1m✓[39;22m[90m [39m[90mFilament panel shows all resources to admin users in navigation @ repetition 99 of 100[39m[90m                      [39m [90m0.18s[39m  
  [32;1m✓[39;22m[90m [39m[90mFilament panel shows all resources to admin users in navigation @ repetition 100 of 100[39m[90m                     [39m [90m0.21s[39m  
  [32;1m✓[39;22m[90m [39m[90mFilament panel allows admin users to access all operational resources @ repetition 1 of 100[39m[90m                 [39m [90m0.33s[39m  
  [32;1m✓[39;22m[90m [39m[90mFilament panel allows admin users to access all operational resources @ repetition 2 of 100[39m[90m                 [39m [90m0.18s[39m  
  [32;1m✓[39;22m[90m [39m[90mFilament panel allows admin users to access all operational resources @ repetition 3 of 100[39m[90m                 [39m [90m0.17s[39m  
  [32;1m✓[39;22m[90m [39m[90mFilament panel allows admin users to access all operational resources @ repetition 4 of 100[39m[90m                 [39m [90m0.20s[39m  
  [32;1m✓[39;22m[90m [39m[90mFilament panel allows admin users to access all operational resources @ repetition 5 of 100[39m[90m                 [39m [90m0.14s[39m  
  [32;1m✓[39;22m[90m [39m[90mFilament panel allows admin users to access all operational resources @ repetition 6 of 100[39m[90m                 [39m [90m0.18s[39m  
  [32;1m✓[39;22m[90m [39m[90mFilament panel allows admin users to access all operational resources @ repetition 7 of 100[39m[90m                 [39m [90m0.15s[39m  
  [32;1m✓[39;22m[90m [39m[90mFilament panel allows admin users to access all operational resources @ repetition 8 of 100[39m[90m                 [39m [90m0.16s[39m  
  [32;1m✓[39;22m[90m [39m[90mFilament panel allows admin users to access all operational resources @ repetition 9 of 100[39m[90m                 [39m [90m0.36s[39m  
  [32;1m✓[39;22m[90m [39m[90mFilament panel allows admin users to access all operational resources @ repetition 10 of 100[39m[90m                [39m [90m0.19s[39m  
  [32;1m✓[39;22m[90m [39m[90mFilament panel allows admin users to access all operational resources @ repetition 11 of 100[39m[90m                [39m [90m0.18s[39m  
  [32;1m✓[39;22m[90m [39m[90mFilament panel allows admin users to access all operational resources @ repetition 12 of 100[39m[90m                [39m [90m0.18s[39m  
  [32;1m✓[39;22m[90m [39m[90mFilament panel allows admin users to access all operational resources @ repetition 13 of 100[39m[90m                [39m [90m0.16s[39m  
  [32;1m✓[39;22m[90m [39m[90mFilament panel allows admin users to access all operational resources @ repetition 14 of 100[39m[90m                [39m [90m0.12s[39m  
  [32;1m✓[39;22m[90m [39m[90mFilament panel allows admin users to access all operational resources @ repetition 15 of 100[39m[90m                [39m [90m0.21s[39m  
  [32;1m✓[39;22m[90m [39m[90mFilament panel allows admin users to access all operational resources @ repetition 16 of 100[39m[90m                [39m [90m0.20s[39m  
  [32;1m✓[39;22m[90m [39m[90mFilament panel allows admin users to access all operational resources @ repetition 17 of 100[39m[90m                [39m [90m0.42s[39m  
  [32;1m✓[39;22m[90m [39m[90mFilament panel allows admin users to access all operational resources @ repetition 18 of 100[39m[90m                [39m [90m0.21s[39m  
  [32;1m✓[39;22m[90m [39m[90mFilament panel allows admin users to access all operational resources @ repetition 19 of 100[39m[90m                [39m [90m0.18s[39m  
  [32;1m✓[39;22m[90m [39m[90mFilament panel allows admin users to access all operational resources @ repetition 20 of 100[39m[90m                [39m [90m0.22s[39m  
  [32;1m✓[39;22m[90m [39m[90mFilament panel allows admin users to access all operational resources @ repetition 21 of 100[39m[90m                [39m [90m0.19s[39m  
  [32;1m✓[39;22m[90m [39m[90mFilament panel allows admin users to access all operational resources @ repetition 22 of 100[39m[90m                [39m [90m0.24s[39m  
  [32;1m✓[39;22m[90m [39m[90mFilament panel allows admin users to access all operational resources @ repetition 23 of 100[39m[90m                [39m [90m0.17s[39m  
  [32;1m✓[39;22m[90m [39m[90mFilament panel allows admin users to access all operational resources @ repetition 24 of 100[39m[90m                [39m [90m0.15s[39m  
  [32;1m✓[39;22m[90m [39m[90mFilament panel allows admin users to access all operational resources @ repetition 25 of 100[39m[90m                [39m [90m0.31s[39m  
  [32;1m✓[39;22m[90m [39m[90mFilament panel allows admin users to access all operational resources @ repetition 26 of 100[39m[90m                [39m [90m0.12s[39m  
  [32;1m✓[39;22m[90m [39m[90mFilament panel allows admin users to access all operational resources @ repetition 27 of 100[39m[90m                [39m [90m0.16s[39m  
  [32;1m✓[39;22m[90m [39m[90mFilament panel allows admin users to access all operational resources @ repetition 28 of 100[39m[90m                [39m [90m0.13s[39m  
  [32;1m✓[39;22m[90m [39m[90mFilament panel allows admin users to access all operational resources @ repetition 29 of 100[39m[90m                [39m [90m0.12s[39m  
  [32;1m✓[39;22m[90m [39m[90mFilament panel allows admin users to access all operational resources @ repetition 30 of 100[39m[90m                [39m [90m0.17s[39m  
  [32;1m✓[39;22m[90m [39m[90mFilament panel allows admin users to access all operational resources @ repetition 31 of 100[39m[90m                [39m [90m0.19s[39m  
  [32;1m✓[39;22m[90m [39m[90mFilament panel allows admin users to access all operational resources @ repetition 32 of 100[39m[90m                [39m [90m0.19s[39m  
  [32;1m✓[39;22m[90m [39m[90mFilament panel allows admin users to access all operational resources @ repetition 33 of 100[39m[90m                [39m [90m0.36s[39m  
  [32;1m✓[39;22m[90m [39m[90mFilament panel allows admin users to access all operational resources @ repetition 34 of 100[39m[90m                [39m [90m0.15s[39m  
  [32;1m✓[39;22m[90m [39m[90mFilament panel allows admin users to access all operational resources @ repetition 35 of 100[39m[90m                [39m [90m0.17s[39m  
  [32;1m✓[39;22m[90m [39m[90mFilament panel allows admin users to access all operational resources @ repetition 36 of 100[39m[90m                [39m [90m0.15s[39m  
  [32;1m✓[39;22m[90m [39m[90mFilament panel allows admin users to access all operational resources @ repetition 37 of 100[39m[90m                [39m [90m0.16s[39m  
  [32;1m✓[39;22m[90m [39m[90mFilament panel allows admin users to access all operational resources @ repetition 38 of 100[39m[90m                [39m [90m0.18s[39m  
  [32;1m✓[39;22m[90m [39m[90mFilament panel allows admin users to access all operational resources @ repetition 39 of 100[39m[90m                [39m [90m0.15s[39m  
  [32;1m✓[39;22m[90m [39m[90mFilament panel allows admin users to access all operational resources @ repetition 40 of 100[39m[90m                [39m [90m0.16s[39m  
  [32;1m✓[39;22m[90m [39m[90mFilament panel allows admin users to access all operational resources @ repetition 41 of 100[39m[90m                [39m [90m0.35s[39m  
  [32;1m✓[39;22m[90m [39m[90mFilament panel allows admin users to access all operational resources @ repetition 42 of 100[39m[90m                [39m [90m0.17s[39m  
  [32;1m✓[39;22m[90m [39m[90mFilament panel allows admin users to access all operational resources @ repetition 43 of 100[39m[90m                [39m [90m0.18s[39m  
  [32;1m✓[39;22m[90m [39m[90mFilament panel allows admin users to access all operational resources @ repetition 44 of 100[39m[90m                [39m [90m0.18s[39m  
  [32;1m✓[39;22m[90m [39m[90mFilament panel allows admin users to access all operational resources @ repetition 45 of 100[39m[90m                [39m [90m0.17s[39m  
  [32;1m✓[39;22m[90m [39m[90mFilament panel allows admin users to access all operational resources @ repetition 46 of 100[39m[90m                [39m [90m0.24s[39m  
  [32;1m✓[39;22m[90m [39m[90mFilament panel allows admin users to access all operational resources @ repetition 47 of 100[39m[90m                [39m [90m0.25s[39m  
  [32;1m✓[39;22m[90m [39m[90mFilament panel allows admin users to access all operational resources @ repetition 48 of 100[39m[90m                [39m [90m0.21s[39m  
  [32;1m✓[39;22m[90m [39m[90mFilament panel allows admin users to access all operational resources @ repetition 49 of 100[39m[90m                [39m [90m0.37s[39m  
  [32;1m✓[39;22m[90m [39m[90mFilament panel allows admin users to access all operational resources @ repetition 50 of 100[39m[90m                [39m [90m0.15s[39m  
  [32;1m✓[39;22m[90m [39m[90mFilament panel allows admin users to access all operational resources @ repetition 51 of 100[39m[90m                [39m [90m0.18s[39m  
  [32;1m✓[39;22m[90m [39m[90mFilament panel allows admin users to access all operational resources @ repetition 52 of 100[39m[90m                [39m [90m0.15s[39m  
  [32;1m✓[39;22m[90m [39m[90mFilament panel allows admin users to access all operational resources @ repetition 53 of 100[39m[90m                [39m [90m0.19s[39m  
  [32;1m✓[39;22m[90m [39m[90mFilament panel allows admin users to access all operational resources @ repetition 54 of 100[39m[90m                [39m [90m0.17s[39m  
  [32;1m✓[39;22m[90m [39m[90mFilament panel allows admin users to access all operational resources @ repetition 55 of 100[39m[90m                [39m [90m0.20s[39m  
  [32;1m✓[39;22m[90m [39m[90mFilament panel allows admin users to access all operational resources @ repetition 56 of 100[39m[90m                [39m [90m0.21s[39m  
  [32;1m✓[39;22m[90m [39m[90mFilament panel allows admin users to access all operational resources @ repetition 57 of 100[39m[90m                [39m [90m0.37s[39m  
  [32;1m✓[39;22m[90m [39m[90mFilament panel allows admin users to access all operational resources @ repetition 58 of 100[39m[90m                [39m [90m0.20s[39m  
  [32;1m✓[39;22m[90m [39m[90mFilament panel allows admin users to access all operational resources @ repetition 59 of 100[39m[90m                [39m [90m0.17s[39m  
  [32;1m✓[39;22m[90m [39m[90mFilament panel allows admin users to access all operational resources @ repetition 60 of 100[39m[90m                [39m [90m0.19s[39m  
  [32;1m✓[39;22m[90m [39m[90mFilament panel allows admin users to access all operational resources @ repetition 61 of 100[39m[90m                [39m [90m0.15s[39m  
  [32;1m✓[39;22m[90m [39m[90mFilament panel allows admin users to access all operational resources @ repetition 62 of 100[39m[90m                [39m [90m0.19s[39m  
  [32;1m✓[39;22m[90m [39m[90mFilament panel allows admin users to access all operational resources @ repetition 63 of 100[39m[90m                [39m [90m0.16s[39m  
  [32;1m✓[39;22m[90m [39m[90mFilament panel allows admin users to access all operational resources @ repetition 64 of 100[39m[90m                [39m [90m0.22s[39m  
  [32;1m✓[39;22m[90m [39m[90mFilament panel allows admin users to access all operational resources @ repetition 65 of 100[39m[90m                [39m [90m0.32s[39m  
  [32;1m✓[39;22m[90m [39m[90mFilament panel allows admin users to access all operational resources @ repetition 66 of 100[39m[90m                [39m [90m0.17s[39m  
  [32;1m✓[39;22m[90m [39m[90mFilament panel allows admin users to access all operational resources @ repetition 67 of 100[39m[90m                [39m [90m0.17s[39m  
  [32;1m✓[39;22m[90m [39m[90mFilament panel allows admin users to access all operational resources @ repetition 68 of 100[39m[90m                [39m [90m0.23s[39m  
  [32;1m✓[39;22m[90m [39m[90mFilament panel allows admin users to access all operational resources @ repetition 69 of 100[39m[90m                [39m [90m0.18s[39m  
  [32;1m✓[39;22m[90m [39m[90mFilament panel allows admin users to access all operational resources @ repetition 70 of 100[39m[90m                [39m [90m0.13s[39m  
  [32;1m✓[39;22m[90m [39m[90mFilament panel allows admin users to access all operational resources @ repetition 71 of 100[39m[90m                [39m [90m0.18s[39m  
  [32;1m✓[39;22m[90m [39m[90mFilament panel allows admin users to access all operational resources @ repetition 72 of 100[39m[90m                [39m [90m0.20s[39m  
  [32;1m✓[39;22m[90m [39m[90mFilament panel allows admin users to access all operational resources @ repetition 73 of 100[39m[90m                [39m [90m0.33s[39m  
  [32;1m✓[39;22m[90m [39m[90mFilament panel allows admin users to access all operational resources @ repetition 74 of 100[39m[90m                [39m [90m0.16s[39m  
  [32;1m✓[39;22m[90m [39m[90mFilament panel allows admin users to access all operational resources @ repetition 75 of 100[39m[90m                [39m [90m0.18s[39m  
  [32;1m✓[39;22m[90m [39m[90mFilament panel allows admin users to access all operational resources @ repetition 76 of 100[39m[90m                [39m [90m0.20s[39m  
  [32;1m✓[39;22m[90m [39m[90mFilament panel allows admin users to access all operational resources @ repetition 77 of 100[39m[90m                [39m [90m0.22s[39m  
  [32;1m✓[39;22m[90m [39m[90mFilament panel allows admin users to access all operational resources @ repetition 78 of 100[39m[90m                [39m [90m0.18s[39m  
  [32;1m✓[39;22m[90m [39m[90mFilament panel allows admin users to access all operational resources @ repetition 79 of 100[39m[90m                [39m [90m0.13s[39m  
  [32;1m✓[39;22m[90m [39m[90mFilament panel allows admin users to access all operational resources @ repetition 80 of 100[39m[90m                [39m [90m0.20s[39m  
  [32;1m✓[39;22m[90m [39m[90mFilament panel allows admin users to access all operational resources @ repetition 81 of 100[39m[90m                [39m [90m0.38s[39m  
  [32;1m✓[39;22m[90m [39m[90mFilament panel allows admin users to access all operational resources @ repetition 82 of 100[39m[90m                [39m [90m0.14s[39m  
  [32;1m✓[39;22m[90m [39m[90mFilament panel allows admin users to access all operational resources @ repetition 83 of 100[39m[90m                [39m [90m0.15s[39m  
  [32;1m✓[39;22m[90m [39m[90mFilament panel allows admin users to access all operational resources @ repetition 84 of 100[39m[90m                [39m [90m0.19s[39m  
  [32;1m✓[39;22m[90m [39m[90mFilament panel allows admin users to access all operational resources @ repetition 85 of 100[39m[90m                [39m [90m0.15s[39m  
  [32;1m✓[39;22m[90m [39m[90mFilament panel allows admin users to access all operational resources @ repetition 86 of 100[39m[90m                [39m [90m0.19s[39m  
  [32;1m✓[39;22m[90m [39m[90mFilament panel allows admin users to access all operational resources @ repetition 87 of 100[39m[90m                [39m [90m0.19s[39m  
  [32;1m✓[39;22m[90m [39m[90mFilament panel allows admin users to access all operational resources @ repetition 88 of 100[39m[90m                [39m [90m0.18s[39m  
  [32;1m✓[39;22m[90m [39m[90mFilament panel allows admin users to access all operational resources @ repetition 89 of 100[39m[90m                [39m [90m0.40s[39m  
  [32;1m✓[39;22m[90m [39m[90mFilament panel allows admin users to access all operational resources @ repetition 90 of 100[39m[90m                [39m [90m0.21s[39m  
  [32;1m✓[39;22m[90m [39m[90mFilament panel allows admin users to access all operational resources @ repetition 91 of 100[39m[90m                [39m [90m0.23s[39m  
  [32;1m✓[39;22m[90m [39m[90mFilament panel allows admin users to access all operational resources @ repetition 92 of 100[39m[90m                [39m [90m0.18s[39m  
  [32;1m✓[39;22m[90m [39m[90mFilament panel allows admin users to access all operational resources @ repetition 93 of 100[39m[90m                [39m [90m0.21s[39m  
  [32;1m✓[39;22m[90m [39m[90mFilament panel allows admin users to access all operational resources @ repetition 94 of 100[39m[90m                [39m [90m0.19s[39m  
  [32;1m✓[39;22m[90m [39m[90mFilament panel allows admin users to access all operational resources @ repetition 95 of 100[39m[90m                [39m [90m0.18s[39m  
  [32;1m✓[39;22m[90m [39m[90mFilament panel allows admin users to access all operational resources @ repetition 96 of 100[39m[90m                [39m [90m0.23s[39m  
  [32;1m✓[39;22m[90m [39m[90mFilament panel allows admin users to access all operational resources @ repetition 97 of 100[39m[90m                [39m [90m0.38s[39m  
  [32;1m✓[39;22m[90m [39m[90mFilament panel allows admin users to access all operational resources @ repetition 98 of 100[39m[90m                [39m [90m0.21s[39m  
  [32;1m✓[39;22m[90m [39m[90mFilament panel allows admin users to access all operational resources @ repetition 99 of 100[39m[90m                [39m [90m0.13s[39m  
  [32;1m✓[39;22m[90m [39m[90mFilament panel allows admin users to access all operational resources @ repetition 100 of 100[39m[90m               [39m [90m0.17s[39m  
  [32;1m✓[39;22m[90m [39m[90mFilament panel allows admin users to access all system configuration resources @ repetition 1 of 100[39m[90m        [39m [90m0.16s[39m  
  [32;1m✓[39;22m[90m [39m[90mFilament panel allows admin users to access all system configuration resources @ repetition 2 of 100[39m[90m        [39m [90m0.21s[39m  
  [32;1m✓[39;22m[90m [39m[90mFilament panel allows admin users to access all system configuration resources @ repetition 3 of 100[39m[90m        [39m [90m0.16s[39m  
  [32;1m✓[39;22m[90m [39m[90mFilament panel allows admin users to access all system configuration resources @ repetition 4 of 100[39m[90m        [39m [90m0.32s[39m  
  [32;1m✓[39;22m[90m [39m[90mFilament panel allows admin users to access all system configuration resources @ repetition 5 of 100[39m[90m        [39m [90m0.14s[39m  
  [32;1m✓[39;22m[90m [39m[90mFilament panel allows admin users to access all system configuration resources @ repetition 6 of 100[39m[90m        [39m [90m0.12s[39m  
  [32;1m✓[39;22m[90m [39m[90mFilament panel allows admin users to access all system configuration resources @ repetition 7 of 100[39m[90m        [39m [90m0.16s[39m  
  [32;1m✓[39;22m[90m [39m[90mFilament panel allows admin users to access all system configuration resources @ repetition 8 of 100[39m[90m        [39m [90m0.16s[39m  
  [32;1m✓[39;22m[90m [39m[90mFilament panel allows admin users to access all system configuration resources @ repetition 9 of 100[39m[90m        [39m [90m0.14s[39m  
  [32;1m✓[39;22m[90m [39m[90mFilament panel allows admin users to access all system configuration resources @ repetition 10 of 100[39m[90m       [39m [90m0.15s[39m  
  [32;1m✓[39;22m[90m [39m[90mFilament panel allows admin users to access all system configuration resources @ repetition 11 of 100[39m[90m       [39m [90m0.18s[39m  
  [32;1m✓[39;22m[90m [39m[90mFilament panel allows admin users to access all system configuration resources @ repetition 12 of 100[39m[90m       [39m [90m0.27s[39m  
  [32;1m✓[39;22m[90m [39m[90mFilament panel allows admin users to access all system configuration resources @ repetition 13 of 100[39m[90m       [39m [90m0.11s[39m  
  [32;1m✓[39;22m[90m [39m[90mFilament panel allows admin users to access all system configuration resources @ repetition 14 of 100[39m[90m       [39m [90m0.11s[39m  
  [32;1m✓[39;22m[90m [39m[90mFilament panel allows admin users to access all system configuration resources @ repetition 15 of 100[39m[90m       [39m [90m0.15s[39m  
  [32;1m✓[39;22m[90m [39m[90mFilament panel allows admin users to access all system configuration resources @ repetition 16 of 100[39m[90m       [39m [90m0.15s[39m  
  [32;1m✓[39;22m[90m [39m[90mFilament panel allows admin users to access all system configuration resources @ repetition 17 of 100[39m[90m       [39m [90m0.17s[39m  
  [32;1m✓[39;22m[90m [39m[90mFilament panel allows admin users to access all system configuration resources @ repetition 18 of 100[39m[90m       [39m [90m0.20s[39m  
  [32;1m✓[39;22m[90m [39m[90mFilament panel allows admin users to access all system configuration resources @ repetition 19 of 100[39m[90m       [39m [90m0.18s[39m  
  [32;1m✓[39;22m[90m [39m[90mFilament panel allows admin users to access all system configuration resources @ repetition 20 of 100[39m[90m       [39m [90m0.42s[39m  
  [32;1m✓[39;22m[90m [39m[90mFilament panel allows admin users to access all system configuration resources @ repetition 21 of 100[39m[90m       [39m [90m0.22s[39m  
  [32;1m✓[39;22m[90m [39m[90mFilament panel allows admin users to access all system configuration resources @ repetition 22 of 100[39m[90m       [39m [90m0.19s[39m  
  [32;1m✓[39;22m[90m [39m[90mFilament panel allows admin users to access all system configuration resources @ repetition 23 of 100[39m[90m       [39m [90m0.14s[39m  
  [32;1m✓[39;22m[90m [39m[90mFilament panel allows admin users to access all system configuration resources @ repetition 24 of 100[39m[90m       [39m [90m0.09s[39m  
  [32;1m✓[39;22m[90m [39m[90mFilament panel allows admin users to access all system configuration resources @ repetition 25 of 100[39m[90m       [39m [90m0.12s[39m  
  [32;1m✓[39;22m[90m [39m[90mFilament panel allows admin users to access all system configuration resources @ repetition 26 of 100[39m[90m       [39m [90m0.15s[39m  
  [32;1m✓[39;22m[90m [39m[90mFilament panel allows admin users to access all system configuration resources @ repetition 27 of 100[39m[90m       [39m [90m0.13s[39m  
  [32;1m✓[39;22m[90m [39m[90mFilament panel allows admin users to access all system configuration resources @ repetition 28 of 100[39m[90m       [39m [90m0.31s[39m  
  [32;1m✓[39;22m[90m [39m[90mFilament panel allows admin users to access all system configuration resources @ repetition 29 of 100[39m[90m       [39m [90m0.20s[39m  
  [32;1m✓[39;22m[90m [39m[90mFilament panel allows admin users to access all system configuration resources @ repetition 30 of 100[39m[90m       [39m [90m0.14s[39m  
  [32;1m✓[39;22m[90m [39m[90mFilament panel allows admin users to access all system configuration resources @ repetition 31 of 100[39m[90m       [39m [90m0.18s[39m  
  [32;1m✓[39;22m[90m [39m[90mFilament panel allows admin users to access all system configuration resources @ repetition 32 of 100[39m[90m       [39m [90m0.16s[39m  
  [32;1m✓[39;22m[90m [39m[90mFilament panel allows admin users to access all system configuration resources @ repetition 33 of 100[39m[90m       [39m [90m0.14s[39m  
  [32;1m✓[39;22m[90m [39m[90mFilament panel allows admin users to access all system configuration resources @ repetition 34 of 100[39m[90m       [39m [90m0.18s[39m  
  [32;1m✓[39;22m[90m [39m[90mFilament panel allows admin users to access all system configuration resources @ repetition 35 of 100[39m[90m       [39m [90m0.18s[39m  
  [32;1m✓[39;22m[90m [39m[90mFilament panel allows admin users to access all system configuration resources @ repetition 36 of 100[39m[90m       [39m [90m0.39s[39m  
  [32;1m✓[39;22m[90m [39m[90mFilament panel allows admin users to access all system configuration resources @ repetition 37 of 100[39m[90m       [39m [90m0.22s[39m  
  [32;1m✓[39;22m[90m [39m[90mFilament panel allows admin users to access all system configuration resources @ repetition 38 of 100[39m[90m       [39m [90m0.22s[39m  
  [32;1m✓[39;22m[90m [39m[90mFilament panel allows admin users to access all system configuration resources @ repetition 39 of 100[39m[90m       [39m [90m0.15s[39m  
  [32;1m✓[39;22m[90m [39m[90mFilament panel allows admin users to access all system configuration resources @ repetition 40 of 100[39m[90m       [39m [90m0.22s[39m  
  [32;1m✓[39;22m[90m [39m[90mFilament panel allows admin users to access all system configuration resources @ repetition 41 of 100[39m[90m       [39m [90m0.18s[39m  
  [32;1m✓[39;22m[90m [39m[90mFilament panel allows admin users to access all system configuration resources @ repetition 42 of 100[39m[90m       [39m [90m0.22s[39m  
  [32;1m✓[39;22m[90m [39m[90mFilament panel allows admin users to access all system configuration resources @ repetition 43 of 100[39m[90m       [39m [90m0.17s[39m  
  [32;1m✓[39;22m[90m [39m[90mFilament panel allows admin users to access all system configuration resources @ repetition 44 of 100[39m[90m       [39m [90m0.36s[39m  
  [32;1m✓[39;22m[90m [39m[90mFilament panel allows admin users to access all system configuration resources @ repetition 45 of 100[39m[90m       [39m [90m0.19s[39m  
  [32;1m✓[39;22m[90m [39m[90mFilament panel allows admin users to access all system configuration resources @ repetition 46 of 100[39m[90m       [39m [90m0.22s[39m  
  [32;1m✓[39;22m[90m [39m[90mFilament panel allows admin users to access all system configuration resources @ repetition 47 of 100[39m[90m       [39m [90m0.22s[39m  
  [32;1m✓[39;22m[90m [39m[90mFilament panel allows admin users to access all system configuration resources @ repetition 48 of 100[39m[90m       [39m [90m0.20s[39m  
  [32;1m✓[39;22m[90m [39m[90mFilament panel allows admin users to access all system configuration resources @ repetition 49 of 100[39m[90m       [39m [90m0.13s[39m  
  [32;1m✓[39;22m[90m [39m[90mFilament panel allows admin users to access all system configuration resources @ repetition 50 of 100[39m[90m       [39m [90m0.15s[39m  
  [32;1m✓[39;22m[90m [39m[90mFilament panel allows admin users to access all system configuration resources @ repetition 51 of 100[39m[90m       [39m [90m0.18s[39m  
  [32;1m✓[39;22m[90m [39m[90mFilament panel allows admin users to access all system configuration resources @ repetition 52 of 100[39m[90m       [39m [90m0.33s[39m  
  [32;1m✓[39;22m[90m [39m[90mFilament panel allows admin users to access all system configuration resources @ repetition 53 of 100[39m[90m       [39m [90m0.16s[39m  
  [32;1m✓[39;22m[90m [39m[90mFilament panel allows admin users to access all system configuration resources @ repetition 54 of 100[39m[90m       [39m [90m0.21s[39m  
  [32;1m✓[39;22m[90m [39m[90mFilament panel allows admin users to access all system configuration resources @ repetition 55 of 100[39m[90m       [39m [90m0.17s[39m  
  [32;1m✓[39;22m[90m [39m[90mFilament panel allows admin users to access all system configuration resources @ repetition 56 of 100[39m[90m       [39m [90m0.17s[39m  
  [32;1m✓[39;22m[90m [39m[90mFilament panel allows admin users to access all system configuration resources @ repetition 57 of 100[39m[90m       [39m [90m0.17s[39m  
  [32;1m✓[39;22m[90m [39m[90mFilament panel allows admin users to access all system configuration resources @ repetition 58 of 100[39m[90m       [39m [90m0.18s[39m  
  [32;1m✓[39;22m[90m [39m[90mFilament panel allows admin users to access all system configuration resources @ repetition 59 of 100[39m[90m       [39m [90m0.13s[39m  
  [32;1m✓[39;22m[90m [39m[90mFilament panel allows admin users to access all system configuration resources @ repetition 60 of 100[39m[90m       [39m [90m0.34s[39m  
  [32;1m✓[39;22m[90m [39m[90mFilament panel allows admin users to access all system configuration resources @ repetition 61 of 100[39m[90m       [39m [90m0.20s[39m  
  [32;1m✓[39;22m[90m [39m[90mFilament panel allows admin users to access all system configuration resources @ repetition 62 of 100[39m[90m       [39m [90m0.18s[39m  
  [32;1m✓[39;22m[90m [39m[90mFilament panel allows admin users to access all system configuration resources @ repetition 63 of 100[39m[90m       [39m [90m0.19s[39m  
  [32;1m✓[39;22m[90m [39m[90mFilament panel allows admin users to access all system configuration resources @ repetition 64 of 100[39m[90m       [39m [90m0.19s[39m  
  [32;1m✓[39;22m[90m [39m[90mFilament panel allows admin users to access all system configuration resources @ repetition 65 of 100[39m[90m       [39m [90m0.18s[39m  
  [32;1m✓[39;22m[90m [39m[90mFilament panel allows admin users to access all system configuration resources @ repetition 66 of 100[39m[90m       [39m [90m0.16s[39m  
  [32;1m✓[39;22m[90m [39m[90mFilament panel allows admin users to access all system configuration resources @ repetition 67 of 100[39m[90m       [39m [90m0.15s[39m  
  [32;1m✓[39;22m[90m [39m[90mFilament panel allows admin users to access all system configuration resources @ repetition 68 of 100[39m[90m       [39m [90m0.38s[39m  
  [32;1m✓[39;22m[90m [39m[90mFilament panel allows admin users to access all system configuration resources @ repetition 69 of 100[39m[90m       [39m [90m0.23s[39m  
  [32;1m✓[39;22m[90m [39m[90mFilament panel allows admin users to access all system configuration resources @ repetition 70 of 100[39m[90m       [39m [90m0.20s[39m  
  [32;1m✓[39;22m[90m [39m[90mFilament panel allows admin users to access all system configuration resources @ repetition 71 of 100[39m[90m       [39m [90m0.20s[39m  
  [32;1m✓[39;22m[90m [39m[90mFilament panel allows admin users to access all system configuration resources @ repetition 72 of 100[39m[90m       [39m [90m0.32s[39m  
  [32;1m✓[39;22m[90m [39m[90mFilament panel allows admin users to access all system configuration resources @ repetition 73 of 100[39m[90m       [39m [90m0.20s[39m  
  [32;1m✓[39;22m[90m [39m[90mFilament panel allows admin users to access all system configuration resources @ repetition 74 of 100[39m[90m       [39m [90m0.23s[39m  
  [32;1m✓[39;22m[90m [39m[90mFilament panel allows admin users to access all system configuration resources @ repetition 75 of 100[39m[90m       [39m [90m0.23s[39m  
  [32;1m✓[39;22m[90m [39m[90mFilament panel allows admin users to access all system configuration resources @ repetition 76 of 100[39m[90m       [39m [90m0.45s[39m  
  [32;1m✓[39;22m[90m [39m[90mFilament panel allows admin users to access all system configuration resources @ repetition 77 of 100[39m[90m       [39m [90m0.20s[39m  
  [32;1m✓[39;22m[90m [39m[90mFilament panel allows admin users to access all system configuration resources @ repetition 78 of 100[39m[90m       [39m [90m0.18s[39m  
  [32;1m✓[39;22m[90m [39m[90mFilament panel allows admin users to access all system configuration resources @ repetition 79 of 100[39m[90m       [39m [90m0.17s[39m  
  [32;1m✓[39;22m[90m [39m[90mFilament panel allows admin users to access all system configuration resources @ repetition 80 of 100[39m[90m       [39m [90m0.16s[39m  
  [32;1m✓[39;22m[90m [39m[90mFilament panel allows admin users to access all system configuration resources @ repetition 81 of 100[39m[90m       [39m [90m0.14s[39m  
  [32;1m✓[39;22m[90m [39m[90mFilament panel allows admin users to access all system configuration resources @ repetition 82 of 100[39m[90m       [39m [90m0.14s[39m  
  [32;1m✓[39;22m[90m [39m[90mFilament panel allows admin users to access all system configuration resources @ repetition 83 of 100[39m[90m       [39m [90m0.17s[39m  
  [32;1m✓[39;22m[90m [39m[90mFilament panel allows admin users to access all system configuration resources @ repetition 84 of 100[39m[90m       [39m [90m0.25s[39m  
  [32;1m✓[39;22m[90m [39m[90mFilament panel allows admin users to access all system configuration resources @ repetition 85 of 100[39m[90m       [39m [90m0.15s[39m  
  [32;1m✓[39;22m[90m [39m[90mFilament panel allows admin users to access all system configuration resources @ repetition 86 of 100[39m[90m       [39m [90m0.16s[39m  
  [32;1m✓[39;22m[90m [39m[90mFilament panel allows admin users to access all system configuration resources @ repetition 87 of 100[39m[90m       [39m [90m0.15s[39m  
  [32;1m✓[39;22m[90m [39m[90mFilament panel allows admin users to access all system configuration resources @ repetition 88 of 100[39m[90m       [39m [90m0.08s[39m  
  [32;1m✓[39;22m[90m [39m[90mFilament panel allows admin users to access all system configuration resources @ repetition 89 of 100[39m[90m       [39m [90m0.15s[39m  
  [32;1m✓[39;22m[90m [39m[90mFilament panel allows admin users to access all system configuration resources @ repetition 90 of 100[39m[90m       [39m [90m0.17s[39m  
  [32;1m✓[39;22m[90m [39m[90mFilament panel allows admin users to access all system configuration resources @ repetition 91 of 100[39m[90m       [39m [90m0.16s[39m  
  [32;1m✓[39;22m[90m [39m[90mFilament panel allows admin users to access all system configuration resources @ repetition 92 of 100[39m[90m       [39m [90m0.38s[39m  
  [32;1m✓[39;22m[90m [39m[90mFilament panel allows admin users to access all system configuration resources @ repetition 93 of 100[39m[90m       [39m [90m0.21s[39m  
  [32;1m✓[39;22m[90m [39m[90mFilament panel allows admin users to access all system configuration resources @ repetition 94 of 100[39m[90m       [39m [90m0.18s[39m  
  [32;1m✓[39;22m[90m [39m[90mFilament panel allows admin users to access all system configuration resources @ repetition 95 of 100[39m[90m       [39m [90m0.16s[39m  
  [32;1m✓[39;22m[90m [39m[90mFilament panel allows admin users to access all system configuration resources @ repetition 96 of 100[39m[90m       [39m [90m0.19s[39m  
  [32;1m✓[39;22m[90m [39m[90mFilament panel allows admin users to access all system configuration resources @ repetition 97 of 100[39m[90m       [39m [90m0.17s[39m  
  [32;1m✓[39;22m[90m [39m[90mFilament panel allows admin users to access all system configuration resources @ repetition 98 of 100[39m[90m       [39m [90m0.12s[39m  
  [32;1m✓[39;22m[90m [39m[90mFilament panel allows admin users to access all system configuration resources @ repetition 99 of 100[39m[90m       [39m [90m0.16s[39m  
  [32;1m✓[39;22m[90m [39m[90mFilament panel allows admin users to access all system configuration resources @ repetition 100 of 100[39m[90m      [39m [90m0.28s[39m  
  [32;1m✓[39;22m[90m [39m[90mFilament panel allows admin users to view resources across all tenants @ repetition 1 of 100[39m[90m                [39m [90m0.13s[39m  
  [32;1m✓[39;22m[90m [39m[90mFilament panel allows admin users to view resources across all tenants @ repetition 2 of 100[39m[90m                [39m [90m0.18s[39m  
  [32;1m✓[39;22m[90m [39m[90mFilament panel allows admin users to view resources across all tenants @ repetition 3 of 100[39m[90m                [39m [90m0.18s[39m  
  [32;1m✓[39;22m[90m [39m[90mFilament panel allows admin users to view resources across all tenants @ repetition 4 of 100[39m[90m                [39m [90m0.13s[39m  
  [32;1m✓[39;22m[90m [39m[90mFilament panel allows admin users to view resources across all tenants @ repetition 5 of 100[39m[90m                [39m [90m0.11s[39m  
  [32;1m✓[39;22m[90m [39m[90mFilament panel allows admin users to view resources across all tenants @ repetition 6 of 100[39m[90m                [39m [90m0.16s[39m  
  [32;1m✓[39;22m[90m [39m[90mFilament panel allows admin users to view resources across all tenants @ repetition 7 of 100[39m[90m                [39m [90m0.35s[39m  
  [32;1m✓[39;22m[90m [39m[90mFilament panel allows admin users to view resources across all tenants @ repetition 8 of 100[39m[90m                [39m [90m0.21s[39m  
  [32;1m✓[39;22m[90m [39m[90mFilament panel allows admin users to view resources across all tenants @ repetition 9 of 100[39m[90m                [39m [90m0.19s[39m  
  [32;1m✓[39;22m[90m [39m[90mFilament panel allows admin users to view resources across all tenants @ repetition 10 of 100[39m[90m               [39m [90m0.17s[39m  
  [32;1m✓[39;22m[90m [39m[90mFilament panel allows admin users to view resources across all tenants @ repetition 11 of 100[39m[90m               [39m [90m0.21s[39m  
  [32;1m✓[39;22m[90m [39m[90mFilament panel allows admin users to view resources across all tenants @ repetition 12 of 100[39m[90m               [39m [90m0.15s[39m  
  [32;1m✓[39;22m[90m [39m[90mFilament panel allows admin users to view resources across all tenants @ repetition 13 of 100[39m[90m               [39m [90m0.15s[39m  
  [32;1m✓[39;22m[90m [39m[90mFilament panel allows admin users to view resources across all tenants @ repetition 14 of 100[39m[90m               [39m [90m0.22s[39m  
  [32;1m✓[39;22m[90m [39m[90mFilament panel allows admin users to view resources across all tenants @ repetition 15 of 100[39m[90m               [39m [90m0.32s[39m  
  [32;1m✓[39;22m[90m [39m[90mFilament panel allows admin users to view resources across all tenants @ repetition 16 of 100[39m[90m               [39m [90m0.15s[39m  
  [32;1m✓[39;22m[90m [39m[90mFilament panel allows admin users to view resources across all tenants @ repetition 17 of 100[39m[90m               [39m [90m0.09s[39m  
  [32;1m✓[39;22m[90m [39m[90mFilament panel allows admin users to view resources across all tenants @ repetition 18 of 100[39m[90m               [39m [90m0.20s[39m  
  [32;1m✓[39;22m[90m [39m[90mFilament panel allows admin users to view resources across all tenants @ repetition 19 of 100[39m[90m               [39m [90m0.20s[39m  
  [32;1m✓[39;22m[90m [39m[90mFilament panel allows admin users to view resources across all tenants @ repetition 20 of 100[39m[90m               [39m [90m0.20s[39m  
  [32;1m✓[39;22m[90m [39m[90mFilament panel allows admin users to view resources across all tenants @ repetition 21 of 100[39m[90m               [39m [90m0.19s[39m  
  [32;1m✓[39;22m[90m [39m[90mFilament panel allows admin users to view resources across all tenants @ repetition 22 of 100[39m[90m               [39m [90m0.18s[39m  
  [32;1m✓[39;22m[90m [39m[90mFilament panel allows admin users to view resources across all tenants @ repetition 23 of 100[39m[90m               [39m [90m0.38s[39m  
  [32;1m✓[39;22m[90m [39m[90mFilament panel allows admin users to view resources across all tenants @ repetition 24 of 100[39m[90m               [39m [90m0.15s[39m  
  [32;1m✓[39;22m[90m [39m[90mFilament panel allows admin users to view resources across all tenants @ repetition 25 of 100[39m[90m               [39m [90m0.12s[39m  
  [32;1m✓[39;22m[90m [39m[90mFilament panel allows admin users to view resources across all tenants @ repetition 26 of 100[39m[90m               [39m [90m0.17s[39m  
  [32;1m✓[39;22m[90m [39m[90mFilament panel allows admin users to view resources across all tenants @ repetition 27 of 100[39m[90m               [39m [90m0.14s[39m  
  [32;1m✓[39;22m[90m [39m[90mFilament panel allows admin users to view resources across all tenants @ repetition 28 of 100[39m[90m               [39m [90m0.11s[39m  
  [32;1m✓[39;22m[90m [39m[90mFilament panel allows admin users to view resources across all tenants @ repetition 29 of 100[39m[90m               [39m [90m0.15s[39m  
  [32;1m✓[39;22m[90m [39m[90mFilament panel allows admin users to view resources across all tenants @ repetition 30 of 100[39m[90m               [39m [90m0.17s[39m  
  [32;1m✓[39;22m[90m [39m[90mFilament panel allows admin users to view resources across all tenants @ repetition 31 of 100[39m[90m               [39m [90m0.34s[39m  
  [32;1m✓[39;22m[90m [39m[90mFilament panel allows admin users to view resources across all tenants @ repetition 32 of 100[39m[90m               [39m [90m0.16s[39m  
  [32;1m✓[39;22m[90m [39m[90mFilament panel allows admin users to view resources across all tenants @ repetition 33 of 100[39m[90m               [39m [90m0.19s[39m  
  [32;1m✓[39;22m[90m [39m[90mFilament panel allows admin users to view resources across all tenants @ repetition 34 of 100[39m[90m               [39m [90m0.17s[39m  
  [32;1m✓[39;22m[90m [39m[90mFilament panel allows admin users to view resources across all tenants @ repetition 35 of 100[39m[90m               [39m [90m0.21s[39m  
  [32;1m✓[39;22m[90m [39m[90mFilament panel allows admin users to view resources across all tenants @ repetition 36 of 100[39m[90m               [39m [90m0.24s[39m  
  [32;1m✓[39;22m[90m [39m[90mFilament panel allows admin users to view resources across all tenants @ repetition 37 of 100[39m[90m               [39m [90m0.20s[39m  
  [32;1m✓[39;22m[90m [39m[90mFilament panel allows admin users to view resources across all tenants @ repetition 38 of 100[39m[90m               [39m [90m0.23s[39m  
  [32;1m✓[39;22m[90m [39m[90mFilament panel allows admin users to view resources across all tenants @ repetition 39 of 100[39m[90m               [39m [90m0.36s[39m  
  [32;1m✓[39;22m[90m [39m[90mFilament panel allows admin users to view resources across all tenants @ repetition 40 of 100[39m[90m               [39m [90m0.18s[39m  
  [32;1m✓[39;22m[90m [39m[90mFilament panel allows admin users to view resources across all tenants @ repetition 41 of 100[39m[90m               [39m [90m0.12s[39m  
  [32;1m✓[39;22m[90m [39m[90mFilament panel allows admin users to view resources across all tenants @ repetition 42 of 100[39m[90m               [39m [90m0.11s[39m  
  [32;1m✓[39;22m[90m [39m[90mFilament panel allows admin users to view resources across all tenants @ repetition 43 of 100[39m[90m               [39m [90m0.13s[39m  
  [32;1m✓[39;22m[90m [39m[90mFilament panel allows admin users to view resources across all tenants @ repetition 44 of 100[39m[90m               [39m [90m0.17s[39m  
  [32;1m✓[39;22m[90m [39m[90mFilament panel allows admin users to view resources across all tenants @ repetition 45 of 100[39m[90m               [39m [90m0.18s[39m  
  [32;1m✓[39;22m[90m [39m[90mFilament panel allows admin users to view resources across all tenants @ repetition 46 of 100[39m[90m               [39m [90m0.17s[39m  
  [32;1m✓[39;22m[90m [39m[90mFilament panel allows admin users to view resources across all tenants @ repetition 47 of 100[39m[90m               [39m [90m0.38s[39m  
  [32;1m✓[39;22m[90m [39m[90mFilament panel allows admin users to view resources across all tenants @ repetition 48 of 100[39m[90m               [39m [90m0.20s[39m  
  [32;1m✓[39;22m[90m [39m[90mFilament panel allows admin users to view resources across all tenants @ repetition 49 of 100[39m[90m               [39m [90m0.14s[39m  
  [32;1m✓[39;22m[90m [39m[90mFilament panel allows admin users to view resources across all tenants @ repetition 50 of 100[39m[90m               [39m [90m0.20s[39m  
  [32;1m✓[39;22m[90m [39m[90mFilament panel allows admin users to view resources across all tenants @ repetition 51 of 100[39m[90m               [39m [90m0.23s[39m  
  [32;1m✓[39;22m[90m [39m[90mFilament panel allows admin users to view resources across all tenants @ repetition 52 of 100[39m[90m               [39m [90m0.22s[39m  
  [32;1m✓[39;22m[90m [39m[90mFilament panel allows admin users to view resources across all tenants @ repetition 53 of 100[39m[90m               [39m [90m0.17s[39m  
  [32;1m✓[39;22m[90m [39m[90mFilament panel allows admin users to view resources across all tenants @ repetition 54 of 100[39m[90m               [39m [90m0.21s[39m  
  [32;1m✓[39;22m[90m [39m[90mFilament panel allows admin users to view resources across all tenants @ repetition 55 of 100[39m[90m               [39m [90m0.39s[39m  
  [32;1m✓[39;22m[90m [39m[90mFilament panel allows admin users to view resources across all tenants @ repetition 56 of 100[39m[90m               [39m [90m0.22s[39m  
  [32;1m✓[39;22m[90m [39m[90mFilament panel allows admin users to view resources across all tenants @ repetition 57 of 100[39m[90m               [39m [90m0.13s[39m  
  [32;1m✓[39;22m[90m [39m[90mFilament panel allows admin users to view resources across all tenants @ repetition 58 of 100[39m[90m               [39m [90m0.16s[39m  
  [32;1m✓[39;22m[90m [39m[90mFilament panel allows admin users to view resources across all tenants @ repetition 59 of 100[39m[90m               [39m [90m0.15s[39m  
  [32;1m✓[39;22m[90m [39m[90mFilament panel allows admin users to view resources across all tenants @ repetition 60 of 100[39m[90m               [39m [90m0.14s[39m  
  [32;1m✓[39;22m[90m [39m[90mFilament panel allows admin users to view resources across all tenants @ repetition 61 of 100[39m[90m               [39m [90m0.19s[39m  
  [32;1m✓[39;22m[90m [39m[90mFilament panel allows admin users to view resources across all tenants @ repetition 62 of 100[39m[90m               [39m [90m0.24s[39m  
  [32;1m✓[39;22m[90m [39m[90mFilament panel allows admin users to view resources across all tenants @ repetition 63 of 100[39m[90m               [39m [90m0.41s[39m  
  [32;1m✓[39;22m[90m [39m[90mFilament panel allows admin users to view resources across all tenants @ repetition 64 of 100[39m[90m               [39m [90m0.23s[39m  
  [32;1m✓[39;22m[90m [39m[90mFilament panel allows admin users to view resources across all tenants @ repetition 65 of 100[39m[90m               [39m [90m0.20s[39m  
  [32;1m✓[39;22m[90m [39m[90mFilament panel allows admin users to view resources across all tenants @ repetition 66 of 100[39m[90m               [39m [90m0.17s[39m  
  [32;1m✓[39;22m[90m [39m[90mFilament panel allows admin users to view resources across all tenants @ repetition 67 of 100[39m[90m               [39m [90m0.17s[39m  
  [32;1m✓[39;22m[90m [39m[90mFilament panel allows admin users to view resources across all tenants @ repetition 68 of 100[39m[90m               [39m [90m0.20s[39m  
  [32;1m✓[39;22m[90m [39m[90mFilament panel allows admin users to view resources across all tenants @ repetition 69 of 100[39m[90m               [39m [90m0.16s[39m  
  [32;1m✓[39;22m[90m [39m[90mFilament panel allows admin users to view resources across all tenants @ repetition 70 of 100[39m[90m               [39m [90m0.12s[39m  
  [32;1m✓[39;22m[90m [39m[90mFilament panel allows admin users to view resources across all tenants @ repetition 71 of 100[39m[90m               [39m [90m0.39s[39m  
  [32;1m✓[39;22m[90m [39m[90mFilament panel allows admin users to view resources across all tenants @ repetition 72 of 100[39m[90m               [39m [90m0.15s[39m  
  [32;1m✓[39;22m[90m [39m[90mFilament panel allows admin users to view resources across all tenants @ repetition 73 of 100[39m[90m               [39m [90m0.20s[39m  
  [32;1m✓[39;22m[90m [39m[90mFilament panel allows admin users to view resources across all tenants @ repetition 74 of 100[39m[90m               [39m [90m0.17s[39m  
  [32;1m✓[39;22m[90m [39m[90mFilament panel allows admin users to view resources across all tenants @ repetition 75 of 100[39m[90m               [39m [90m0.10s[39m  
  [32;1m✓[39;22m[90m [39m[90mFilament panel allows admin users to view resources across all tenants @ repetition 76 of 100[39m[90m               [39m [90m0.15s[39m  
  [32;1m✓[39;22m[90m [39m[90mFilament panel allows admin users to view resources across all tenants @ repetition 77 of 100[39m[90m               [39m [90m0.13s[39m  
  [32;1m✓[39;22m[90m [39m[90mFilament panel allows admin users to view resources across all tenants @ repetition 78 of 100[39m[90m               [39m [90m0.22s[39m  
  [32;1m✓[39;22m[90m [39m[90mFilament panel allows admin users to view resources across all tenants @ repetition 79 of 100[39m[90m               [39m [90m0.45s[39m  
  [32;1m✓[39;22m[90m [39m[90mFilament panel allows admin users to view resources across all tenants @ repetition 80 of 100[39m[90m               [39m [90m0.20s[39m  
  [32;1m✓[39;22m[90m [39m[90mFilament panel allows admin users to view resources across all tenants @ repetition 81 of 100[39m[90m               [39m [90m0.20s[39m  
  [32;1m✓[39;22m[90m [39m[90mFilament panel allows admin users to view resources across all tenants @ repetition 82 of 100[39m[90m               [39m [90m0.19s[39m  
  [32;1m✓[39;22m[90m [39m[90mFilament panel allows admin users to view resources across all tenants @ repetition 83 of 100[39m[90m               [39m [90m0.16s[39m  
  [32;1m✓[39;22m[90m [39m[90mFilament panel allows admin users to view resources across all tenants @ repetition 84 of 100[39m[90m               [39m [90m0.16s[39m  
  [32;1m✓[39;22m[90m [39m[90mFilament panel allows admin users to view resources across all tenants @ repetition 85 of 100[39m[90m               [39m [90m0.19s[39m  
  [32;1m✓[39;22m[90m [39m[90mFilament panel allows admin users to view resources across all tenants @ repetition 86 of 100[39m[90m               [39m [90m0.17s[39m  
  [32;1m✓[39;22m[90m [39m[90mFilament panel allows admin users to view resources across all tenants @ repetition 87 of 100[39m[90m               [39m [90m0.35s[39m  
  [32;1m✓[39;22m[90m [39m[90mFilament panel allows admin users to view resources across all tenants @ repetition 88 of 100[39m[90m               [39m [90m0.20s[39m  
  [32;1m✓[39;22m[90m [39m[90mFilament panel allows admin users to view resources across all tenants @ repetition 89 of 100[39m[90m               [39m [90m0.19s[39m  
  [32;1m✓[39;22m[90m [39m[90mFilament panel allows admin users to view resources across all tenants @ repetition 90 of 100[39m[90m               [39m [90m0.19s[39m  
  [32;1m✓[39;22m[90m [39m[90mFilament panel allows admin users to view resources across all tenants @ repetition 91 of 100[39m[90m               [39m [90m0.20s[39m  
  [32;1m✓[39;22m[90m [39m[90mFilament panel allows admin users to view resources across all tenants @ repetition 92 of 100[39m[90m               [39m [90m0.16s[39m  
  [32;1m✓[39;22m[90m [39m[90mFilament panel allows admin users to view resources across all tenants @ repetition 93 of 100[39m[90m               [39m [90m0.19s[39m  
  [32;1m✓[39;22m[90m [39m[90mFilament panel allows admin users to view resources across all tenants @ repetition 94 of 100[39m[90m               [39m [90m0.21s[39m  
  [32;1m✓[39;22m[90m [39m[90mFilament panel allows admin users to view resources across all tenants @ repetition 95 of 100[39m[90m               [39m [90m0.37s[39m  
  [32;1m✓[39;22m[90m [39m[90mFilament panel allows admin users to view resources across all tenants @ repetition 96 of 100[39m[90m               [39m [90m0.16s[39m  
  [32;1m✓[39;22m[90m [39m[90mFilament panel allows admin users to view resources across all tenants @ repetition 97 of 100[39m[90m               [39m [90m0.20s[39m  
  [32;1m✓[39;22m[90m [39m[90mFilament panel allows admin users to view resources across all tenants @ repetition 98 of 100[39m[90m               [39m [90m0.14s[39m  
  [32;1m✓[39;22m[90m [39m[90mFilament panel allows admin users to view resources across all tenants @ repetition 99 of 100[39m[90m               [39m [90m0.18s[39m  
  [32;1m✓[39;22m[90m [39m[90mFilament panel allows admin users to view resources across all tenants @ repetition 100 of 100[39m[90m              [39m [90m0.20s[39m  
  [32;1m✓[39;22m[90m [39m[90mFilament panel allows admin users to edit resources across all tenants @ repetition 1 of 100[39m[90m                [39m [90m0.12s[39m  
  [32;1m✓[39;22m[90m [39m[90mFilament panel allows admin users to edit resources across all tenants @ repetition 2 of 100[39m[90m                [39m [90m0.34s[39m  
  [32;1m✓[39;22m[90m [39m[90mFilament panel allows admin users to edit resources across all tenants @ repetition 3 of 100[39m[90m                [39m [90m0.19s[39m  
  [32;1m✓[39;22m[90m [39m[90mFilament panel allows admin users to edit resources across all tenants @ repetition 4 of 100[39m[90m                [39m [90m0.16s[39m  
  [32;1m✓[39;22m[90m [39m[90mFilament panel allows admin users to edit resources across all tenants @ repetition 5 of 100[39m[90m                [39m [90m0.15s[39m  
  [32;1m✓[39;22m[90m [39m[90mFilament panel allows admin users to edit resources across all tenants @ repetition 6 of 100[39m[90m                [39m [90m0.18s[39m  
  [32;1m✓[39;22m[90m [39m[90mFilament panel allows admin users to edit resources across all tenants @ repetition 7 of 100[39m[90m                [39m [90m0.20s[39m  
  [32;1m✓[39;22m[90m [39m[90mFilament panel allows admin users to edit resources across all tenants @ repetition 8 of 100[39m[90m                [39m [90m0.18s[39m  
  [32;1m✓[39;22m[90m [39m[90mFilament panel allows admin users to edit resources across all tenants @ repetition 9 of 100[39m[90m                [39m [90m0.13s[39m  
  [32;1m✓[39;22m[90m [39m[90mFilament panel allows admin users to edit resources across all tenants @ repetition 10 of 100[39m[90m               [39m [90m0.39s[39m  
  [32;1m✓[39;22m[90m [39m[90mFilament panel allows admin users to edit resources across all tenants @ repetition 11 of 100[39m[90m               [39m [90m0.21s[39m  
  [32;1m✓[39;22m[90m [39m[90mFilament panel allows admin users to edit resources across all tenants @ repetition 12 of 100[39m[90m               [39m [90m0.20s[39m  
  [32;1m✓[39;22m[90m [39m[90mFilament panel allows admin users to edit resources across all tenants @ repetition 13 of 100[39m[90m               [39m [90m0.12s[39m  
  [32;1m✓[39;22m[90m [39m[90mFilament panel allows admin users to edit resources across all tenants @ repetition 14 of 100[39m[90m               [39m [90m0.18s[39m  
  [32;1m✓[39;22m[90m [39m[90mFilament panel allows admin users to edit resources across all tenants @ repetition 15 of 100[39m[90m               [39m [90m0.16s[39m  
  [32;1m✓[39;22m[90m [39m[90mFilament panel allows admin users to edit resources across all tenants @ repetition 16 of 100[39m[90m               [39m [90m0.16s[39m  
  [32;1m✓[39;22m[90m [39m[90mFilament panel allows admin users to edit resources across all tenants @ repetition 17 of 100[39m[90m               [39m [90m0.16s[39m  
  [32;1m✓[39;22m[90m [39m[90mFilament panel allows admin users to edit resources across all tenants @ repetition 18 of 100[39m[90m               [39m [90m0.35s[39m  
  [32;1m✓[39;22m[90m [39m[90mFilament panel allows admin users to edit resources across all tenants @ repetition 19 of 100[39m[90m               [39m [90m0.16s[39m  
  [32;1m✓[39;22m[90m [39m[90mFilament panel allows admin users to edit resources across all tenants @ repetition 20 of 100[39m[90m               [39m [90m0.18s[39m  
  [32;1m✓[39;22m[90m [39m[90mFilament panel allows admin users to edit resources across all tenants @ repetition 21 of 100[39m[90m               [39m [90m0.22s[39m  
  [32;1m✓[39;22m[90m [39m[90mFilament panel allows admin users to edit resources across all tenants @ repetition 22 of 100[39m[90m               [39m [90m0.19s[39m  
  [32;1m✓[39;22m[90m [39m[90mFilament panel allows admin users to edit resources across all tenants @ repetition 23 of 100[39m[90m               [39m [90m0.22s[39m  
  [32;1m✓[39;22m[90m [39m[90mFilament panel allows admin users to edit resources across all tenants @ repetition 24 of 100[39m[90m               [39m [90m0.14s[39m  
  [32;1m✓[39;22m[90m [39m[90mFilament panel allows admin users to edit resources across all tenants @ repetition 25 of 100[39m[90m               [39m [90m0.17s[39m  
  [32;1m✓[39;22m[90m [39m[90mFilament panel allows admin users to edit resources across all tenants @ repetition 26 of 100[39m[90m               [39m [90m0.33s[39m  
  [32;1m✓[39;22m[90m [39m[90mFilament panel allows admin users to edit resources across all tenants @ repetition 27 of 100[39m[90m               [39m [90m0.18s[39m  
  [32;1m✓[39;22m[90m [39m[90mFilament panel allows admin users to edit resources across all tenants @ repetition 28 of 100[39m[90m               [39m [90m0.15s[39m  
  [32;1m✓[39;22m[90m [39m[90mFilament panel allows admin users to edit resources across all tenants @ repetition 29 of 100[39m[90m               [39m [90m0.17s[39m  
  [32;1m✓[39;22m[90m [39m[90mFilament panel allows admin users to edit resources across all tenants @ repetition 30 of 100[39m[90m               [39m [90m0.18s[39m  
  [32;1m✓[39;22m[90m [39m[90mFilament panel allows admin users to edit resources across all tenants @ repetition 31 of 100[39m[90m               [39m [90m0.19s[39m  
  [32;1m✓[39;22m[90m [39m[90mFilament panel allows admin users to edit resources across all tenants @ repetition 32 of 100[39m[90m               [39m [90m0.19s[39m  
  [32;1m✓[39;22m[90m [39m[90mFilament panel allows admin users to edit resources across all tenants @ repetition 33 of 100[39m[90m               [39m [90m0.21s[39m  
  [32;1m✓[39;22m[90m [39m[90mFilament panel allows admin users to edit resources across all tenants @ repetition 34 of 100[39m[90m               [39m [90m0.36s[39m  
  [32;1m✓[39;22m[90m [39m[90mFilament panel allows admin users to edit resources across all tenants @ repetition 35 of 100[39m[90m               [39m [90m0.20s[39m  
  [32;1m✓[39;22m[90m [39m[90mFilament panel allows admin users to edit resources across all tenants @ repetition 36 of 100[39m[90m               [39m [90m0.16s[39m  
  [32;1m✓[39;22m[90m [39m[90mFilament panel allows admin users to edit resources across all tenants @ repetition 37 of 100[39m[90m               [39m [90m0.22s[39m  
  [32;1m✓[39;22m[90m [39m[90mFilament panel allows admin users to edit resources across all tenants @ repetition 38 of 100[39m[90m               [39m [90m0.17s[39m  
  [32;1m✓[39;22m[90m [39m[90mFilament panel allows admin users to edit resources across all tenants @ repetition 39 of 100[39m[90m               [39m [90m0.20s[39m  
  [32;1m✓[39;22m[90m [39m[90mFilament panel allows admin users to edit resources across all tenants @ repetition 40 of 100[39m[90m               [39m [90m0.17s[39m  
  [32;1m✓[39;22m[90m [39m[90mFilament panel allows admin users to edit resources across all tenants @ repetition 41 of 100[39m[90m               [39m [90m0.13s[39m  
  [32;1m✓[39;22m[90m [39m[90mFilament panel allows admin users to edit resources across all tenants @ repetition 42 of 100[39m[90m               [39m [90m0.33s[39m  
  [32;1m✓[39;22m[90m [39m[90mFilament panel allows admin users to edit resources across all tenants @ repetition 43 of 100[39m[90m               [39m [90m0.19s[39m  
  [32;1m✓[39;22m[90m [39m[90mFilament panel allows admin users to edit resources across all tenants @ repetition 44 of 100[39m[90m               [39m [90m0.16s[39m  
  [32;1m✓[39;22m[90m [39m[90mFilament panel allows admin users to edit resources across all tenants @ repetition 45 of 100[39m[90m               [39m [90m0.14s[39m  
  [32;1m✓[39;22m[90m [39m[90mFilament panel allows admin users to edit resources across all tenants @ repetition 46 of 100[39m[90m               [39m [90m0.19s[39m  
  [32;1m✓[39;22m[90m [39m[90mFilament panel allows admin users to edit resources across all tenants @ repetition 47 of 100[39m[90m               [39m [90m0.13s[39m  
  [32;1m✓[39;22m[90m [39m[90mFilament panel allows admin users to edit resources across all tenants @ repetition 48 of 100[39m[90m               [39m [90m0.18s[39m  
  [32;1m✓[39;22m[90m [39m[90mFilament panel allows admin users to edit resources across all tenants @ repetition 49 of 100[39m[90m               [39m [90m0.18s[39m  
  [32;1m✓[39;22m[90m [39m[90mFilament panel allows admin users to edit resources across all tenants @ repetition 50 of 100[39m[90m               [39m [90m0.37s[39m  
  [32;1m✓[39;22m[90m [39m[90mFilament panel allows admin users to edit resources across all tenants @ repetition 51 of 100[39m[90m               [39m [90m0.20s[39m  
  [32;1m✓[39;22m[90m [39m[90mFilament panel allows admin users to edit resources across all tenants @ repetition 52 of 100[39m[90m               [39m [90m0.17s[39m  
  [32;1m✓[39;22m[90m [39m[90mFilament panel allows admin users to edit resources across all tenants @ repetition 53 of 100[39m[90m               [39m [90m0.21s[39m  
  [32;1m✓[39;22m[90m [39m[90mFilament panel allows admin users to edit resources across all tenants @ repetition 54 of 100[39m[90m               [39m [90m0.19s[39m  
  [32;1m✓[39;22m[90m [39m[90mFilament panel allows admin users to edit resources across all tenants @ repetition 55 of 100[39m[90m               [39m [90m0.12s[39m  
  [32;1m✓[39;22m[90m [39m[90mFilament panel allows admin users to edit resources across all tenants @ repetition 56 of 100[39m[90m               [39m [90m0.15s[39m  
  [32;1m✓[39;22m[90m [39m[90mFilament panel allows admin users to edit resources across all tenants @ repetition 57 of 100[39m[90m               [39m [90m0.19s[39m  
  [32;1m✓[39;22m[90m [39m[90mFilament panel allows admin users to edit resources across all tenants @ repetition 58 of 100[39m[90m               [39m [90m0.31s[39m  
  [32;1m✓[39;22m[90m [39m[90mFilament panel allows admin users to edit resources across all tenants @ repetition 59 of 100[39m[90m               [39m [90m0.19s[39m  
  [32;1m✓[39;22m[90m [39m[90mFilament panel allows admin users to edit resources across all tenants @ repetition 60 of 100[39m[90m               [39m [90m0.13s[39m  
  [32;1m✓[39;22m[90m [39m[90mFilament panel allows admin users to edit resources across all tenants @ repetition 61 of 100[39m[90m               [39m [90m0.15s[39m  
  [32;1m✓[39;22m[90m [39m[90mFilament panel allows admin users to edit resources across all tenants @ repetition 62 of 100[39m[90m               [39m [90m0.16s[39m  
  [32;1m✓[39;22m[90m [39m[90mFilament panel allows admin users to edit resources across all tenants @ repetition 63 of 100[39m[90m               [39m [90m0.17s[39m  
  [32;1m✓[39;22m[90m [39m[90mFilament panel allows admin users to edit resources across all tenants @ repetition 64 of 100[39m[90m               [39m [90m0.18s[39m  
  [32;1m✓[39;22m[90m [39m[90mFilament panel allows admin users to edit resources across all tenants @ repetition 65 of 100[39m[90m               [39m [90m0.14s[39m  
  [32;1m✓[39;22m[90m [39m[90mFilament panel allows admin users to edit resources across all tenants @ repetition 66 of 100[39m[90m               [39m [90m0.35s[39m  
  [32;1m✓[39;22m[90m [39m[90mFilament panel allows admin users to edit resources across all tenants @ repetition 67 of 100[39m[90m               [39m [90m0.16s[39m  
  [32;1m✓[39;22m[90m [39m[90mFilament panel allows admin users to edit resources across all tenants @ repetition 68 of 100[39m[90m               [39m [90m0.09s[39m  
  [32;1m✓[39;22m[90m [39m[90mFilament panel allows admin users to edit resources across all tenants @ repetition 69 of 100[39m[90m               [39m [90m0.17s[39m  
  [32;1m✓[39;22m[90m [39m[90mFilament panel allows admin users to edit resources across all tenants @ repetition 70 of 100[39m[90m               [39m [90m0.15s[39m  
  [32;1m✓[39;22m[90m [39m[90mFilament panel allows admin users to edit resources across all tenants @ repetition 71 of 100[39m[90m               [39m [90m0.17s[39m  
  [32;1m✓[39;22m[90m [39m[90mFilament panel allows admin users to edit resources across all tenants @ repetition 72 of 100[39m[90m               [39m [90m0.17s[39m  
  [32;1m✓[39;22m[90m [39m[90mFilament panel allows admin users to edit resources across all tenants @ repetition 73 of 100[39m[90m               [39m [90m0.11s[39m  
  [32;1m✓[39;22m[90m [39m[90mFilament panel allows admin users to edit resources across all tenants @ repetition 74 of 100[39m[90m               [39m [90m0.26s[39m  
  [32;1m✓[39;22m[90m [39m[90mFilament panel allows admin users to edit resources across all tenants @ repetition 75 of 100[39m[90m               [39m [90m0.10s[39m  
  [32;1m✓[39;22m[90m [39m[90mFilament panel allows admin users to edit resources across all tenants @ repetition 76 of 100[39m[90m               [39m [90m0.13s[39m  
  [32;1m✓[39;22m[90m [39m[90mFilament panel allows admin users to edit resources across all tenants @ repetition 77 of 100[39m[90m               [39m [90m0.16s[39m  
  [32;1m✓[39;22m[90m [39m[90mFilament panel allows admin users to edit resources across all tenants @ repetition 78 of 100[39m[90m               [39m [90m0.12s[39m  
  [32;1m✓[39;22m[90m [39m[90mFilament panel allows admin users to edit resources across all tenants @ repetition 79 of 100[39m[90m               [39m [90m0.16s[39m  
  [32;1m✓[39;22m[90m [39m[90mFilament panel allows admin users to edit resources across all tenants @ repetition 80 of 100[39m[90m               [39m [90m0.18s[39m  
  [32;1m✓[39;22m[90m [39m[90mFilament panel allows admin users to edit resources across all tenants @ repetition 81 of 100[39m[90m               [39m [90m0.19s[39m  
  [32;1m✓[39;22m[90m [39m[90mFilament panel allows admin users to edit resources across all tenants @ repetition 82 of 100[39m[90m               [39m [90m0.42s[39m  
  [32;1m✓[39;22m[90m [39m[90mFilament panel allows admin users to edit resources across all tenants @ repetition 83 of 100[39m[90m               [39m [90m0.17s[39m  
  [32;1m✓[39;22m[90m [39m[90mFilament panel allows admin users to edit resources across all tenants @ repetition 84 of 100[39m[90m               [39m [90m0.22s[39m  
  [32;1m✓[39;22m[90m [39m[90mFilament panel allows admin users to edit resources across all tenants @ repetition 85 of 100[39m[90m               [39m [90m0.19s[39m  
  [32;1m✓[39;22m[90m [39m[90mFilament panel allows admin users to edit resources across all tenants @ repetition 86 of 100[39m[90m               [39m [90m0.19s[39m  
  [32;1m✓[39;22m[90m [39m[90mFilament panel allows admin users to edit resources across all tenants @ repetition 87 of 100[39m[90m               [39m [90m0.17s[39m  
  [32;1m✓[39;22m[90m [39m[90mFilament panel allows admin users to edit resources across all tenants @ repetition 88 of 100[39m[90m               [39m [90m0.19s[39m  
  [32;1m✓[39;22m[90m [39m[90mFilament panel allows admin users to edit resources across all tenants @ repetition 89 of 100[39m[90m               [39m [90m0.23s[39m  
  [32;1m✓[39;22m[90m [39m[90mFilament panel allows admin users to edit resources across all tenants @ repetition 90 of 100[39m[90m               [39m [90m0.35s[39m  
  [32;1m✓[39;22m[90m [39m[90mFilament panel allows admin users to edit resources across all tenants @ repetition 91 of 100[39m[90m               [39m [90m0.15s[39m  
  [32;1m✓[39;22m[90m [39m[90mFilament panel allows admin users to edit resources across all tenants @ repetition 92 of 100[39m[90m               [39m [90m0.18s[39m  
  [32;1m✓[39;22m[90m [39m[90mFilament panel allows admin users to edit resources across all tenants @ repetition 93 of 100[39m[90m               [39m [90m0.22s[39m  
  [32;1m✓[39;22m[90m [39m[90mFilament panel allows admin users to edit resources across all tenants @ repetition 94 of 100[39m[90m               [39m [90m0.20s[39m  
  [32;1m✓[39;22m[90m [39m[90mFilament panel allows admin users to edit resources across all tenants @ repetition 95 of 100[39m[90m               [39m [90m0.18s[39m  
  [32;1m✓[39;22m[90m [39m[90mFilament panel allows admin users to edit resources across all tenants @ repetition 96 of 100[39m[90m               [39m [90m0.19s[39m  
  [32;1m✓[39;22m[90m [39m[90mFilament panel allows admin users to edit resources across all tenants @ repetition 97 of 100[39m[90m               [39m [90m0.16s[39m  
  [32;1m✓[39;22m[90m [39m[90mFilament panel allows admin users to edit resources across all tenants @ repetition 98 of 100[39m[90m               [39m [90m0.33s[39m  
  [32;1m✓[39;22m[90m [39m[90mFilament panel allows admin users to edit resources across all tenants @ repetition 99 of 100[39m[90m               [39m [90m0.12s[39m  
  [32;1m✓[39;22m[90m [39m[90mFilament panel allows admin users to edit resources across all tenants @ repetition 100 of 100[39m[90m              [39m [90m0.20s[39m  
  [32;1m✓[39;22m[90m [39m[90mFilament panel allows admin users to delete resources across all tenants @ repetition 1 of 100[39m[90m              [39m [90m0.17s[39m  
  [32;1m✓[39;22m[90m [39m[90mFilament panel allows admin users to delete resources across all tenants @ repetition 2 of 100[39m[90m              [39m [90m0.18s[39m  
  [32;1m✓[39;22m[90m [39m[90mFilament panel allows admin users to delete resources across all tenants @ repetition 3 of 100[39m[90m              [39m [90m0.20s[39m  
  [32;1m✓[39;22m[90m [39m[90mFilament panel allows admin users to delete resources across all tenants @ repetition 4 of 100[39m[90m              [39m [90m0.15s[39m  
  [32;1m✓[39;22m[90m [39m[90mFilament panel allows admin users to delete resources across all tenants @ repetition 5 of 100[39m[90m              [39m [90m0.36s[39m  
  [32;1m✓[39;22m[90m [39m[90mFilament panel allows admin users to delete resources across all tenants @ repetition 6 of 100[39m[90m              [39m [90m0.16s[39m  
  [32;1m✓[39;22m[90m [39m[90mFilament panel allows admin users to delete resources across all tenants @ repetition 7 of 100[39m[90m              [39m [90m0.19s[39m  
  [32;1m✓[39;22m[90m [39m[90mFilament panel allows admin users to delete resources across all tenants @ repetition 8 of 100[39m[90m              [39m [90m0.18s[39m  
  [32;1m✓[39;22m[90m [39m[90mFilament panel allows admin users to delete resources across all tenants @ repetition 9 of 100[39m[90m              [39m [90m0.15s[39m  
  [32;1m✓[39;22m[90m [39m[90mFilament panel allows admin users to delete resources across all tenants @ repetition 10 of 100[39m[90m             [39m [90m0.20s[39m  
  [32;1m✓[39;22m[90m [39m[90mFilament panel allows admin users to delete resources across all tenants @ repetition 11 of 100[39m[90m             [39m [90m0.17s[39m  
  [32;1m✓[39;22m[90m [39m[90mFilament panel allows admin users to delete resources across all tenants @ repetition 12 of 100[39m[90m             [39m [90m0.23s[39m  
  [32;1m✓[39;22m[90m [39m[90mFilament panel allows admin users to delete resources across all tenants @ repetition 13 of 100[39m[90m             [39m [90m0.40s[39m  
  [32;1m✓[39;22m[90m [39m[90mFilament panel allows admin users to delete resources across all tenants @ repetition 14 of 100[39m[90m             [39m [90m0.22s[39m  
  [32;1m✓[39;22m[90m [39m[90mFilament panel allows admin users to delete resources across all tenants @ repetition 15 of 100[39m[90m             [39m [90m0.17s[39m  
  [32;1m✓[39;22m[90m [39m[90mFilament panel allows admin users to delete resources across all tenants @ repetition 16 of 100[39m[90m             [39m [90m0.19s[39m  
  [32;1m✓[39;22m[90m [39m[90mFilament panel allows admin users to delete resources across all tenants @ repetition 17 of 100[39m[90m             [39m [90m0.15s[39m  
  [32;1m✓[39;22m[90m [39m[90mFilament panel allows admin users to delete resources across all tenants @ repetition 18 of 100[39m[90m             [39m [90m0.19s[39m  
  [32;1m✓[39;22m[90m [39m[90mFilament panel allows admin users to delete resources across all tenants @ repetition 19 of 100[39m[90m             [39m [90m0.17s[39m  
  [32;1m✓[39;22m[90m [39m[90mFilament panel allows admin users to delete resources across all tenants @ repetition 20 of 100[39m[90m             [39m [90m0.14s[39m  
  [32;1m✓[39;22m[90m [39m[90mFilament panel allows admin users to delete resources across all tenants @ repetition 21 of 100[39m[90m             [39m [90m0.40s[39m  
  [32;1m✓[39;22m[90m [39m[90mFilament panel allows admin users to delete resources across all tenants @ repetition 22 of 100[39m[90m             [39m [90m0.17s[39m  
  [32;1m✓[39;22m[90m [39m[90mFilament panel allows admin users to delete resources across all tenants @ repetition 23 of 100[39m[90m             [39m [90m0.24s[39m  
  [32;1m✓[39;22m[90m [39m[90mFilament panel allows admin users to delete resources across all tenants @ repetition 24 of 100[39m[90m             [39m [90m0.24s[39m  
  [32;1m✓[39;22m[90m [39m[90mFilament panel allows admin users to delete resources across all tenants @ repetition 25 of 100[39m[90m             [39m [90m0.20s[39m  
  [32;1m✓[39;22m[90m [39m[90mFilament panel allows admin users to delete resources across all tenants @ repetition 26 of 100[39m[90m             [39m [90m0.20s[39m  
  [32;1m✓[39;22m[90m [39m[90mFilament panel allows admin users to delete resources across all tenants @ repetition 27 of 100[39m[90m             [39m [90m0.13s[39m  
  [32;1m✓[39;22m[90m [39m[90mFilament panel allows admin users to delete resources across all tenants @ repetition 28 of 100[39m[90m             [39m [90m0.18s[39m  
  [32;1m✓[39;22m[90m [39m[90mFilament panel allows admin users to delete resources across all tenants @ repetition 29 of 100[39m[90m             [39m [90m0.36s[39m  
  [32;1m✓[39;22m[90m [39m[90mFilament panel allows admin users to delete resources across all tenants @ repetition 30 of 100[39m[90m             [39m [90m0.19s[39m  
  [32;1m✓[39;22m[90m [39m[90mFilament panel allows admin users to delete resources across all tenants @ repetition 31 of 100[39m[90m             [39m [90m0.15s[39m  
  [32;1m✓[39;22m[90m [39m[90mFilament panel allows admin users to delete resources across all tenants @ repetition 32 of 100[39m[90m             [39m [90m0.18s[39m  
  [32;1m✓[39;22m[90m [39m[90mFilament panel allows admin users to delete resources across all tenants @ repetition 33 of 100[39m[90m             [39m [90m0.17s[39m  
  [32;1m✓[39;22m[90m [39m[90mFilament panel allows admin users to delete resources across all tenants @ repetition 34 of 100[39m[90m             [39m [90m0.18s[39m  
  [32;1m✓[39;22m[90m [39m[90mFilament panel allows admin users to delete resources across all tenants @ repetition 35 of 100[39m[90m             [39m [90m0.13s[39m  
  [32;1m✓[39;22m[90m [39m[90mFilament panel allows admin users to delete resources across all tenants @ repetition 36 of 100[39m[90m             [39m [90m0.17s[39m  
  [32;1m✓[39;22m[90m [39m[90mFilament panel allows admin users to delete resources across all tenants @ repetition 37 of 100[39m[90m             [39m [90m0.44s[39m  
  [32;1m✓[39;22m[90m [39m[90mFilament panel allows admin users to delete resources across all tenants @ repetition 38 of 100[39m[90m             [39m [90m0.24s[39m  
  [32;1m✓[39;22m[90m [39m[90mFilament panel allows admin users to delete resources across all tenants @ repetition 39 of 100[39m[90m             [39m [90m0.21s[39m  
  [32;1m✓[39;22m[90m [39m[90mFilament panel allows admin users to delete resources across all tenants @ repetition 40 of 100[39m[90m             [39m [90m0.20s[39m  
  [32;1m✓[39;22m[90m [39m[90mFilament panel allows admin users to delete resources across all tenants @ repetition 41 of 100[39m[90m             [39m [90m0.21s[39m  
  [32;1m✓[39;22m[90m [39m[90mFilament panel allows admin users to delete resources across all tenants @ repetition 42 of 100[39m[90m             [39m [90m0.20s[39m  
  [32;1m✓[39;22m[90m [39m[90mFilament panel allows admin users to delete resources across all tenants @ repetition 43 of 100[39m[90m             [39m [90m0.20s[39m  
  [32;1m✓[39;22m[90m [39m[90mFilament panel allows admin users to delete resources across all tenants @ repetition 44 of 100[39m[90m             [39m [90m0.22s[39m  
  [32;1m✓[39;22m[90m [39m[90mFilament panel allows admin users to delete resources across all tenants @ repetition 45 of 100[39m[90m             [39m [90m0.36s[39m  
  [32;1m✓[39;22m[90m [39m[90mFilament panel allows admin users to delete resources across all tenants @ repetition 46 of 100[39m[90m             [39m [90m0.17s[39m  
  [32;1m✓[39;22m[90m [39m[90mFilament panel allows admin users to delete resources across all tenants @ repetition 47 of 100[39m[90m             [39m [90m0.19s[39m  
  [32;1m✓[39;22m[90m [39m[90mFilament panel allows admin users to delete resources across all tenants @ repetition 48 of 100[39m[90m             [39m [90m0.18s[39m  
  [32;1m✓[39;22m[90m [39m[90mFilament panel allows admin users to delete resources across all tenants @ repetition 49 of 100[39m[90m             [39m [90m0.22s[39m  
  [32;1m✓[39;22m[90m [39m[90mFilament panel allows admin users to delete resources across all tenants @ repetition 50 of 100[39m[90m             [39m [90m0.22s[39m  
  [32;1m✓[39;22m[90m [39m[90mFilament panel allows admin users to delete resources across all tenants @ repetition 51 of 100[39m[90m             [39m [90m0.22s[39m  
  [32;1m✓[39;22m[90m [39m[90mFilament panel allows admin users to delete resources across all tenants @ repetition 52 of 100[39m[90m             [39m [90m0.22s[39m  
  [32;1m✓[39;22m[90m [39m[90mFilament panel allows admin users to delete resources across all tenants @ repetition 53 of 100[39m[90m             [39m [90m0.38s[39m  
  [32;1m✓[39;22m[90m [39m[90mFilament panel allows admin users to delete resources across all tenants @ repetition 54 of 100[39m[90m             [39m [90m0.23s[39m  
  [32;1m✓[39;22m[90m [39m[90mFilament panel allows admin users to delete resources across all tenants @ repetition 55 of 100[39m[90m             [39m [90m0.20s[39m  
  [32;1m✓[39;22m[90m [39m[90mFilament panel allows admin users to delete resources across all tenants @ repetition 56 of 100[39m[90m             [39m [90m0.18s[39m  
  [32;1m✓[39;22m[90m [39m[90mFilament panel allows admin users to delete resources across all tenants @ repetition 57 of 100[39m[90m             [39m [90m0.17s[39m  
  [32;1m✓[39;22m[90m [39m[90mFilament panel allows admin users to delete resources across all tenants @ repetition 58 of 100[39m[90m             [39m [90m0.21s[39m  
  [32;1m✓[39;22m[90m [39m[90mFilament panel allows admin users to delete resources across all tenants @ repetition 59 of 100[39m[90m             [39m [90m0.18s[39m  
  [32;1m✓[39;22m[90m [39m[90mFilament panel allows admin users to delete resources across all tenants @ repetition 60 of 100[39m[90m             [39m [90m0.23s[39m  
  [32;1m✓[39;22m[90m [39m[90mFilament panel allows admin users to delete resources across all tenants @ repetition 61 of 100[39m[90m             [39m [90m0.41s[39m  
  [32;1m✓[39;22m[90m [39m[90mFilament panel allows admin users to delete resources across all tenants @ repetition 62 of 100[39m[90m             [39m [90m0.25s[39m  
  [32;1m✓[39;22m[90m [39m[90mFilament panel allows admin users to delete resources across all tenants @ repetition 63 of 100[39m[90m             [39m [90m0.22s[39m  
  [32;1m✓[39;22m[90m [39m[90mFilament panel allows admin users to delete resources across all tenants @ repetition 64 of 100[39m[90m             [39m [90m0.25s[39m  
  [32;1m✓[39;22m[90m [39m[90mFilament panel allows admin users to delete resources across all tenants @ repetition 65 of 100[39m[90m             [39m [90m0.21s[39m  
  [32;1m✓[39;22m[90m [39m[90mFilament panel allows admin users to delete resources across all tenants @ repetition 66 of 100[39m[90m             [39m [90m0.17s[39m  
  [32;1m✓[39;22m[90m [39m[90mFilament panel allows admin users to delete resources across all tenants @ repetition 67 of 100[39m[90m             [39m [90m0.23s[39m  
  [32;1m✓[39;22m[90m [39m[90mFilament panel allows admin users to delete resources across all tenants @ repetition 68 of 100[39m[90m             [39m [90m0.16s[39m  
  [32;1m✓[39;22m[90m [39m[90mFilament panel allows admin users to delete resources across all tenants @ repetition 69 of 100[39m[90m             [39m [90m0.37s[39m  
  [32;1m✓[39;22m[90m [39m[90mFilament panel allows admin users to delete resources across all tenants @ repetition 70 of 100[39m[90m             [39m [90m0.19s[39m  
  [32;1m✓[39;22m[90m [39m[90mFilament panel allows admin users to delete resources across all tenants @ repetition 71 of 100[39m[90m             [39m [90m0.18s[39m  
  [32;1m✓[39;22m[90m [39m[90mFilament panel allows admin users to delete resources across all tenants @ repetition 72 of 100[39m[90m             [39m [90m0.14s[39m  
  [32;1m✓[39;22m[90m [39m[90mFilament panel allows admin users to delete resources across all tenants @ repetition 73 of 100[39m[90m             [39m [90m0.17s[39m  
  [32;1m✓[39;22m[90m [39m[90mFilament panel allows admin users to delete resources across all tenants @ repetition 74 of 100[39m[90m             [39m [90m0.10s[39m  
  [32;1m✓[39;22m[90m [39m[90mFilament panel allows admin users to delete resources across all tenants @ repetition 75 of 100[39m[90m             [39m [90m0.13s[39m  
  [32;1m✓[39;22m[90m [39m[90mFilament panel allows admin users to delete resources across all tenants @ repetition 76 of 100[39m[90m             [39m [90m0.17s[39m  
  [32;1m✓[39;22m[90m [39m[90mFilament panel allows admin users to delete resources across all tenants @ repetition 77 of 100[39m[90m             [39m [90m0.41s[39m  
  [32;1m✓[39;22m[90m [39m[90mFilament panel allows admin users to delete resources across all tenants @ repetition 78 of 100[39m[90m             [39m [90m0.18s[39m  
  [32;1m✓[39;22m[90m [39m[90mFilament panel allows admin users to delete resources across all tenants @ repetition 79 of 100[39m[90m             [39m [90m0.20s[39m  
  [32;1m✓[39;22m[90m [39m[90mFilament panel allows admin users to delete resources across all tenants @ repetition 80 of 100[39m[90m             [39m [90m0.16s[39m  
  [32;1m✓[39;22m[90m [39m[90mFilament panel allows admin users to delete resources across all tenants @ repetition 81 of 100[39m[90m             [39m [90m0.11s[39m  
  [32;1m✓[39;22m[90m [39m[90mFilament panel allows admin users to delete resources across all tenants @ repetition 82 of 100[39m[90m             [39m [90m0.16s[39m  
  [32;1m✓[39;22m[90m [39m[90mFilament panel allows admin users to delete resources across all tenants @ repetition 83 of 100[39m[90m             [39m [90m0.11s[39m  
  [32;1m✓[39;22m[90m [39m[90mFilament panel allows admin users to delete resources across all tenants @ repetition 84 of 100[39m[90m             [39m [90m0.19s[39m  
  [32;1m✓[39;22m[90m [39m[90mFilament panel allows admin users to delete resources across all tenants @ repetition 85 of 100[39m[90m             [39m [90m0.36s[39m  
  [32;1m✓[39;22m[90m [39m[90mFilament panel allows admin users to delete resources across all tenants @ repetition 86 of 100[39m[90m             [39m [90m0.21s[39m  
  [32;1m✓[39;22m[90m [39m[90mFilament panel allows admin users to delete resources across all tenants @ repetition 87 of 100[39m[90m             [39m [90m0.14s[39m  
  [32;1m✓[39;22m[90m [39m[90mFilament panel allows admin users to delete resources across all tenants @ repetition 88 of 100[39m[90m             [39m [90m0.19s[39m  
  [32;1m✓[39;22m[90m [39m[90mFilament panel allows admin users to delete resources across all tenants @ repetition 89 of 100[39m[90m             [39m [90m0.15s[39m  
  [32;1m✓[39;22m[90m [39m[90mFilament panel allows admin users to delete resources across all tenants @ repetition 90 of 100[39m[90m             [39m [90m0.21s[39m  
  [32;1m✓[39;22m[90m [39m[90mFilament panel allows admin users to delete resources across all tenants @ repetition 91 of 100[39m[90m             [39m [90m0.22s[39m  
  [32;1m✓[39;22m[90m [39m[90mFilament panel allows admin users to delete resources across all tenants @ repetition 92 of 100[39m[90m             [39m [90m0.20s[39m  
  [32;1m✓[39;22m[90m [39m[90mFilament panel allows admin users to delete resources across all tenants @ repetition 93 of 100[39m[90m             [39m [90m0.38s[39m  
  [32;1m✓[39;22m[90m [39m[90mFilament panel allows admin users to delete resources across all tenants @ repetition 94 of 100[39m[90m             [39m [90m0.23s[39m  
  [32;1m✓[39;22m[90m [39m[90mFilament panel allows admin users to delete resources across all tenants @ repetition 95 of 100[39m[90m             [39m [90m0.20s[39m  
  [32;1m✓[39;22m[90m [39m[90mFilament panel allows admin users to delete resources across all tenants @ repetition 96 of 100[39m[90m             [39m [90m0.18s[39m  
  [32;1m✓[39;22m[90m [39m[90mFilament panel allows admin users to delete resources across all tenants @ repetition 97 of 100[39m[90m             [39m [90m0.16s[39m  
  [32;1m✓[39;22m[90m [39m[90mFilament panel allows admin users to delete resources across all tenants @ repetition 98 of 100[39m[90m             [39m [90m0.20s[39m  
  [32;1m✓[39;22m[90m [39m[90mFilament panel allows admin users to delete resources across all tenants @ repetition 99 of 100[39m[90m             [39m [90m0.16s[39m  
  [32;1m✓[39;22m[90m [39m[90mFilament panel allows admin users to delete resources across all tenants @ repetition 100 of 100[39m[90m            [39m [90m0.20s[39m  
  [32;1m✓[39;22m[90m [39m[90mFilament panel allows admin users to view invoices across all tenants @ repetition 1 of 100[39m[90m                 [39m [90m0.38s[39m  
  [32;1m✓[39;22m[90m [39m[90mFilament panel allows admin users to view invoices across all tenants @ repetition 2 of 100[39m[90m                 [39m [90m0.15s[39m  
  [32;1m✓[39;22m[90m [39m[90mFilament panel allows admin users to view invoices across all tenants @ repetition 3 of 100[39m[90m                 [39m [90m0.20s[39m  
  [32;1m✓[39;22m[90m [39m[90mFilament panel allows admin users to view invoices across all tenants @ repetition 4 of 100[39m[90m                 [39m [90m0.18s[39m  
  [32;1m✓[39;22m[90m [39m[90mFilament panel allows admin users to view invoices across all tenants @ repetition 5 of 100[39m[90m                 [39m [90m0.28s[39m  
  [32;1m✓[39;22m[90m [39m[90mFilament panel allows admin users to view invoices across all tenants @ repetition 6 of 100[39m[90m                 [39m [90m0.25s[39m  
  [32;1m✓[39;22m[90m [39m[90mFilament panel allows admin users to view invoices across all tenants @ repetition 7 of 100[39m[90m                 [39m [90m0.23s[39m  
  [32;1m✓[39;22m[90m [39m[90mFilament panel allows admin users to view invoices across all tenants @ repetition 8 of 100[39m[90m                 [39m [90m0.44s[39m  
  [32;1m✓[39;22m[90m [39m[90mFilament panel allows admin users to view invoices across all tenants @ repetition 9 of 100[39m[90m                 [39m [90m0.23s[39m  
  [32;1m✓[39;22m[90m [39m[90mFilament panel allows admin users to view invoices across all tenants @ repetition 10 of 100[39m[90m                [39m [90m0.30s[39m  
  [32;1m✓[39;22m[90m [39m[90mFilament panel allows admin users to view invoices across all tenants @ repetition 11 of 100[39m[90m                [39m [90m0.20s[39m  
  [32;1m✓[39;22m[90m [39m[90mFilament panel allows admin users to view invoices across all tenants @ repetition 12 of 100[39m[90m                [39m [90m0.22s[39m  
  [32;1m✓[39;22m[90m [39m[90mFilament panel allows admin users to view invoices across all tenants @ repetition 13 of 100[39m[90m                [39m [90m0.19s[39m  
  [32;1m✓[39;22m[90m [39m[90mFilament panel allows admin users to view invoices across all tenants @ repetition 14 of 100[39m[90m                [39m [90m0.18s[39m  
  [32;1m✓[39;22m[90m [39m[90mFilament panel allows admin users to view invoices across all tenants @ repetition 15 of 100[39m[90m                [39m [90m0.18s[39m  
  [32;1m✓[39;22m[90m [39m[90mFilament panel allows admin users to view invoices across all tenants @ repetition 16 of 100[39m[90m                [39m [90m0.42s[39m  
  [32;1m✓[39;22m[90m [39m[90mFilament panel allows admin users to view invoices across all tenants @ repetition 17 of 100[39m[90m                [39m [90m0.22s[39m  
  [32;1m✓[39;22m[90m [39m[90mFilament panel allows admin users to view invoices across all tenants @ repetition 18 of 100[39m[90m                [39m [90m0.24s[39m  
  [32;1m✓[39;22m[90m [39m[90mFilament panel allows admin users to view invoices across all tenants @ repetition 19 of 100[39m[90m                [39m [90m0.19s[39m  
  [32;1m✓[39;22m[90m [39m[90mFilament panel allows admin users to view invoices across all tenants @ repetition 20 of 100[39m[90m                [39m [90m0.19s[39m  
  [32;1m✓[39;22m[90m [39m[90mFilament panel allows admin users to view invoices across all tenants @ repetition 21 of 100[39m[90m                [39m [90m0.21s[39m  
  [32;1m✓[39;22m[90m [39m[90mFilament panel allows admin users to view invoices across all tenants @ repetition 22 of 100[39m[90m                [39m [90m0.20s[39m  
  [32;1m✓[39;22m[90m [39m[90mFilament panel allows admin users to view invoices across all tenants @ repetition 23 of 100[39m[90m                [39m [90m0.19s[39m  
  [32;1m✓[39;22m[90m [39m[90mFilament panel allows admin users to view invoices across all tenants @ repetition 24 of 100[39m[90m                [39m [90m0.37s[39m  
  [32;1m✓[39;22m[90m [39m[90mFilament panel allows admin users to view invoices across all tenants @ repetition 25 of 100[39m[90m                [39m [90m0.13s[39m  
  [32;1m✓[39;22m[90m [39m[90mFilament panel allows admin users to view invoices across all tenants @ repetition 26 of 100[39m[90m                [39m [90m0.21s[39m  
  [32;1m✓[39;22m[90m [39m[90mFilament panel allows admin users to view invoices across all tenants @ repetition 27 of 100[39m[90m                [39m [90m0.17s[39m  
  [32;1m✓[39;22m[90m [39m[90mFilament panel allows admin users to view invoices across all tenants @ repetition 28 of 100[39m[90m                [39m [90m0.21s[39m  
  [32;1m✓[39;22m[90m [39m[90mFilament panel allows admin users to view invoices across all tenants @ repetition 29 of 100[39m[90m                [39m [90m0.20s[39m  
  [32;1m✓[39;22m[90m [39m[90mFilament panel allows admin users to view invoices across all tenants @ repetition 30 of 100[39m[90m                [39m [90m0.23s[39m  
  [32;1m✓[39;22m[90m [39m[90mFilament panel allows admin users to view invoices across all tenants @ repetition 31 of 100[39m[90m                [39m [90m0.25s[39m  
  [32;1m✓[39;22m[90m [39m[90mFilament panel allows admin users to view invoices across all tenants @ repetition 32 of 100[39m[90m                [39m [90m0.44s[39m  
  [32;1m✓[39;22m[90m [39m[90mFilament panel allows admin users to view invoices across all tenants @ repetition 33 of 100[39m[90m                [39m [90m0.19s[39m  
  [32;1m✓[39;22m[90m [39m[90mFilament panel allows admin users to view invoices across all tenants @ repetition 34 of 100[39m[90m                [39m [90m0.14s[39m  
  [32;1m✓[39;22m[90m [39m[90mFilament panel allows admin users to view invoices across all tenants @ repetition 35 of 100[39m[90m                [39m [90m0.18s[39m  
  [32;1m✓[39;22m[90m [39m[90mFilament panel allows admin users to view invoices across all tenants @ repetition 36 of 100[39m[90m                [39m [90m0.14s[39m  
  [32;1m✓[39;22m[90m [39m[90mFilament panel allows admin users to view invoices across all tenants @ repetition 37 of 100[39m[90m                [39m [90m0.14s[39m  
  [32;1m✓[39;22m[90m [39m[90mFilament panel allows admin users to view invoices across all tenants @ repetition 38 of 100[39m[90m                [39m [90m0.22s[39m  
  [32;1m✓[39;22m[90m [39m[90mFilament panel allows admin users to view invoices across all tenants @ repetition 39 of 100[39m[90m                [39m [90m0.18s[39m  
  [32;1m✓[39;22m[90m [39m[90mFilament panel allows admin users to view invoices across all tenants @ repetition 40 of 100[39m[90m                [39m [90m0.44s[39m  
  [32;1m✓[39;22m[90m [39m[90mFilament panel allows admin users to view invoices across all tenants @ repetition 41 of 100[39m[90m                [39m [90m0.23s[39m  
  [32;1m✓[39;22m[90m [39m[90mFilament panel allows admin users to view invoices across all tenants @ repetition 42 of 100[39m[90m                [39m [90m0.22s[39m  
  [32;1m✓[39;22m[90m [39m[90mFilament panel allows admin users to view invoices across all tenants @ repetition 43 of 100[39m[90m                [39m [90m0.24s[39m  
  [32;1m✓[39;22m[90m [39m[90mFilament panel allows admin users to view invoices across all tenants @ repetition 44 of 100[39m[90m                [39m [90m0.25s[39m  
  [32;1m✓[39;22m[90m [39m[90mFilament panel allows admin users to view invoices across all tenants @ repetition 45 of 100[39m[90m                [39m [90m0.25s[39m  
  [32;1m✓[39;22m[90m [39m[90mFilament panel allows admin users to view invoices across all tenants @ repetition 46 of 100[39m[90m                [39m [90m0.19s[39m  
  [32;1m✓[39;22m[90m [39m[90mFilament panel allows admin users to view invoices across all tenants @ repetition 47 of 100[39m[90m                [39m [90m0.19s[39m  
  [32;1m✓[39;22m[90m [39m[90mFilament panel allows admin users to view invoices across all tenants @ repetition 48 of 100[39m[90m                [39m [90m0.40s[39m  
  [32;1m✓[39;22m[90m [39m[90mFilament panel allows admin users to view invoices across all tenants @ repetition 49 of 100[39m[90m                [39m [90m0.19s[39m  
  [32;1m✓[39;22m[90m [39m[90mFilament panel allows admin users to view invoices across all tenants @ repetition 50 of 100[39m[90m                [39m [90m0.22s[39m  
  [32;1m✓[39;22m[90m [39m[90mFilament panel allows admin users to view invoices across all tenants @ repetition 51 of 100[39m[90m                [39m [90m0.17s[39m  
  [32;1m✓[39;22m[90m [39m[90mFilament panel allows admin users to view invoices across all tenants @ repetition 52 of 100[39m[90m                [39m [90m0.21s[39m  
  [32;1m✓[39;22m[90m [39m[90mFilament panel allows admin users to view invoices across all tenants @ repetition 53 of 100[39m[90m                [39m [90m0.15s[39m  
  [32;1m✓[39;22m[90m [39m[90mFilament panel allows admin users to view invoices across all tenants @ repetition 54 of 100[39m[90m                [39m [90m0.19s[39m  
  [32;1m✓[39;22m[90m [39m[90mFilament panel allows admin users to view invoices across all tenants @ repetition 55 of 100[39m[90m                [39m [90m0.16s[39m  
  [32;1m✓[39;22m[90m [39m[90mFilament panel allows admin users to view invoices across all tenants @ repetition 56 of 100[39m[90m                [39m [90m0.37s[39m  
  [32;1m✓[39;22m[90m [39m[90mFilament panel allows admin users to view invoices across all tenants @ repetition 57 of 100[39m[90m                [39m [90m0.27s[39m  
  [32;1m✓[39;22m[90m [39m[90mFilament panel allows admin users to view invoices across all tenants @ repetition 58 of 100[39m[90m                [39m [90m0.24s[39m  
  [32;1m✓[39;22m[90m [39m[90mFilament panel allows admin users to view invoices across all tenants @ repetition 59 of 100[39m[90m                [39m [90m0.21s[39m  
  [32;1m✓[39;22m[90m [39m[90mFilament panel allows admin users to view invoices across all tenants @ repetition 60 of 100[39m[90m                [39m [90m0.20s[39m  
  [32;1m✓[39;22m[90m [39m[90mFilament panel allows admin users to view invoices across all tenants @ repetition 61 of 100[39m[90m                [39m [90m0.17s[39m  
  [32;1m✓[39;22m[90m [39m[90mFilament panel allows admin users to view invoices across all tenants @ repetition 62 of 100[39m[90m                [39m [90m0.18s[39m  
  [32;1m✓[39;22m[90m [39m[90mFilament panel allows admin users to view invoices across all tenants @ repetition 63 of 100[39m[90m                [39m [90m0.18s[39m  
  [32;1m✓[39;22m[90m [39m[90mFilament panel allows admin users to view invoices across all tenants @ repetition 64 of 100[39m[90m                [39m [90m0.39s[39m  
  [32;1m✓[39;22m[90m [39m[90mFilament panel allows admin users to view invoices across all tenants @ repetition 65 of 100[39m[90m                [39m [90m0.13s[39m  
  [32;1m✓[39;22m[90m [39m[90mFilament panel allows admin users to view invoices across all tenants @ repetition 66 of 100[39m[90m                [39m [90m0.21s[39m  
  [32;1m✓[39;22m[90m [39m[90mFilament panel allows admin users to view invoices across all tenants @ repetition 67 of 100[39m[90m                [39m [90m0.21s[39m  
  [32;1m✓[39;22m[90m [39m[90mFilament panel allows admin users to view invoices across all tenants @ repetition 68 of 100[39m[90m                [39m [90m0.22s[39m  
  [32;1m✓[39;22m[90m [39m[90mFilament panel allows admin users to view invoices across all tenants @ repetition 69 of 100[39m[90m                [39m [90m0.24s[39m  
  [32;1m✓[39;22m[90m [39m[90mFilament panel allows admin users to view invoices across all tenants @ repetition 70 of 100[39m[90m                [39m [90m0.17s[39m  
  [32;1m✓[39;22m[90m [39m[90mFilament panel allows admin users to view invoices across all tenants @ repetition 71 of 100[39m[90m                [39m [90m0.23s[39m  
  [32;1m✓[39;22m[90m [39m[90mFilament panel allows admin users to view invoices across all tenants @ repetition 72 of 100[39m[90m                [39m [90m0.39s[39m  
  [32;1m✓[39;22m[90m [39m[90mFilament panel allows admin users to view invoices across all tenants @ repetition 73 of 100[39m[90m                [39m [90m0.22s[39m  
  [32;1m✓[39;22m[90m [39m[90mFilament panel allows admin users to view invoices across all tenants @ repetition 74 of 100[39m[90m                [39m [90m0.21s[39m  
  [32;1m✓[39;22m[90m [39m[90mFilament panel allows admin users to view invoices across all tenants @ repetition 75 of 100[39m[90m                [39m [90m0.21s[39m  
  [32;1m✓[39;22m[90m [39m[90mFilament panel allows admin users to view invoices across all tenants @ repetition 76 of 100[39m[90m                [39m [90m0.19s[39m  
  [32;1m✓[39;22m[90m [39m[90mFilament panel allows admin users to view invoices across all tenants @ repetition 77 of 100[39m[90m                [39m [90m0.20s[39m  
  [32;1m✓[39;22m[90m [39m[90mFilament panel allows admin users to view invoices across all tenants @ repetition 78 of 100[39m[90m                [39m [90m0.27s[39m  
  [32;1m✓[39;22m[90m [39m[90mFilament panel allows admin users to view invoices across all tenants @ repetition 79 of 100[39m[90m                [39m [90m0.25s[39m  
  [32;1m✓[39;22m[90m [39m[90mFilament panel allows admin users to view invoices across all tenants @ repetition 80 of 100[39m[90m                [39m [90m0.48s[39m  
  [32;1m✓[39;22m[90m [39m[90mFilament panel allows admin users to view invoices across all tenants @ repetition 81 of 100[39m[90m                [39m [90m0.28s[39m  
  [32;1m✓[39;22m[90m [39m[90mFilament panel allows admin users to view invoices across all tenants @ repetition 82 of 100[39m[90m                [39m [90m0.27s[39m  
  [32;1m✓[39;22m[90m [39m[90mFilament panel allows admin users to view invoices across all tenants @ repetition 83 of 100[39m[90m                [39m [90m0.22s[39m  
  [32;1m✓[39;22m[90m [39m[90mFilament panel allows admin users to view invoices across all tenants @ repetition 84 of 100[39m[90m                [39m [90m0.21s[39m  
  [32;1m✓[39;22m[90m [39m[90mFilament panel allows admin users to view invoices across all tenants @ repetition 85 of 100[39m[90m                [39m [90m0.25s[39m  
  [32;1m✓[39;22m[90m [39m[90mFilament panel allows admin users to view invoices across all tenants @ repetition 86 of 100[39m[90m                [39m [90m0.26s[39m  
  [32;1m✓[39;22m[90m [39m[90mFilament panel allows admin users to view invoices across all tenants @ repetition 87 of 100[39m[90m                [39m [90m0.27s[39m  
  [32;1m✓[39;22m[90m [39m[90mFilament panel allows admin users to view invoices across all tenants @ repetition 88 of 100[39m[90m                [39m [90m0.42s[39m  
  [32;1m✓[39;22m[90m [39m[90mFilament panel allows admin users to view invoices across all tenants @ repetition 89 of 100[39m[90m                [39m [90m0.17s[39m  
  [32;1m✓[39;22m[90m [39m[90mFilament panel allows admin users to view invoices across all tenants @ repetition 90 of 100[39m[90m                [39m [90m0.18s[39m  
  [32;1m✓[39;22m[90m [39m[90mFilament panel allows admin users to view invoices across all tenants @ repetition 91 of 100[39m[90m                [39m [90m0.22s[39m  
  [32;1m✓[39;22m[90m [39m[90mFilament panel allows admin users to view invoices across all tenants @ repetition 92 of 100[39m[90m                [39m [90m0.22s[39m  
  [32;1m✓[39;22m[90m [39m[90mFilament panel allows admin users to view invoices across all tenants @ repetition 93 of 100[39m[90m                [39m [90m0.19s[39m  
  [32;1m✓[39;22m[90m [39m[90mFilament panel allows admin users to view invoices across all tenants @ repetition 94 of 100[39m[90m                [39m [90m0.26s[39m  
  [32;1m✓[39;22m[90m [39m[90mFilament panel allows admin users to view invoices across all tenants @ repetition 95 of 100[39m[90m                [39m [90m0.27s[39m  
  [32;1m✓[39;22m[90m [39m[90mFilament panel allows admin users to view invoices across all tenants @ repetition 96 of 100[39m[90m                [39m [90m0.44s[39m  
  [32;1m✓[39;22m[90m [39m[90mFilament panel allows admin users to view invoices across all tenants @ repetition 97 of 100[39m[90m                [39m [90m0.23s[39m  
  [32;1m✓[39;22m[90m [39m[90mFilament panel allows admin users to view invoices across all tenants @ repetition 98 of 100[39m[90m                [39m [90m0.25s[39m  
  [32;1m✓[39;22m[90m [39m[90mFilament panel allows admin users to view invoices across all tenants @ repetition 99 of 100[39m[90m                [39m [90m0.27s[39m  
  [32;1m✓[39;22m[90m [39m[90mFilament panel allows admin users to view invoices across all tenants @ repetition 100 of 100[39m[90m               [39m [90m0.27s[39m  
  [32;1m✓[39;22m[90m [39m[90mFilament panel allows admin users to view meter readings across all tenants @ repetition 1 of 100[39m[90m           [39m [90m0.19s[39m  
  [32;1m✓[39;22m[90m [39m[90mFilament panel allows admin users to view meter readings across all tenants @ repetition 2 of 100[39m[90m           [39m [90m0.47s[39m  
  [32;1m✓[39;22m[90m [39m[90mFilament panel allows admin users to view meter readings across all tenants @ repetition 3 of 100[39m[90m           [39m [90m0.28s[39m  
  [32;1m✓[39;22m[90m [39m[90mFilament panel allows admin users to view meter readings across all tenants @ repetition 4 of 100[39m[90m           [39m [90m0.27s[39m  
  [32;1m✓[39;22m[90m [39m[90mFilament panel allows admin users to view meter readings across all tenants @ repetition 5 of 100[39m[90m           [39m [90m0.27s[39m  
  [32;1m✓[39;22m[90m [39m[90mFilament panel allows admin users to view meter readings across all tenants @ repetition 6 of 100[39m[90m           [39m [90m0.26s[39m  
  [32;1m✓[39;22m[90m [39m[90mFilament panel allows admin users to view meter readings across all tenants @ repetition 7 of 100[39m[90m           [39m [90m0.24s[39m  
  [32;1m✓[39;22m[90m [39m[90mFilament panel allows admin users to view meter readings across all tenants @ repetition 8 of 100[39m[90m           [39m [90m0.19s[39m  
  [32;1m✓[39;22m[90m [39m[90mFilament panel allows admin users to view meter readings across all tenants @ repetition 9 of 100[39m[90m           [39m [90m0.26s[39m  
  [32;1m✓[39;22m[90m [39m[90mFilament panel allows admin users to view meter readings across all tenants @ repetition 10 of 100[39m[90m          [39m [90m0.44s[39m  
  [32;1m✓[39;22m[90m [39m[90mFilament panel allows admin users to view meter readings across all tenants @ repetition 11 of 100[39m[90m          [39m [90m0.25s[39m  
  [32;1m✓[39;22m[90m [39m[90mFilament panel allows admin users to view meter readings across all tenants @ repetition 12 of 100[39m[90m          [39m [90m0.28s[39m  
  [32;1m✓[39;22m[90m [39m[90mFilament panel allows admin users to view meter readings across all tenants @ repetition 13 of 100[39m[90m          [39m [90m0.24s[39m  
  [32;1m✓[39;22m[90m [39m[90mFilament panel allows admin users to view meter readings across all tenants @ repetition 14 of 100[39m[90m          [39m [90m0.20s[39m  
  [32;1m✓[39;22m[90m [39m[90mFilament panel allows admin users to view meter readings across all tenants @ repetition 15 of 100[39m[90m          [39m [90m0.25s[39m  
  [32;1m✓[39;22m[90m [39m[90mFilament panel allows admin users to view meter readings across all tenants @ repetition 16 of 100[39m[90m          [39m [90m0.22s[39m  
  [32;1m✓[39;22m[90m [39m[90mFilament panel allows admin users to view meter readings across all tenants @ repetition 17 of 100[39m[90m          [39m [90m0.22s[39m  
  [32;1m✓[39;22m[90m [39m[90mFilament panel allows admin users to view meter readings across all tenants @ repetition 18 of 100[39m[90m          [39m [90m0.42s[39m  
  [32;1m✓[39;22m[90m [39m[90mFilament panel allows admin users to view meter readings across all tenants @ repetition 19 of 100[39m[90m          [39m [90m0.16s[39m  
  [32;1m✓[39;22m[90m [39m[90mFilament panel allows admin users to view meter readings across all tenants @ repetition 20 of 100[39m[90m          [39m [90m0.18s[39m  
  [32;1m✓[39;22m[90m [39m[90mFilament panel allows admin users to view meter readings across all tenants @ repetition 21 of 100[39m[90m          [39m [90m0.23s[39m  
  [32;1m✓[39;22m[90m [39m[90mFilament panel allows admin users to view meter readings across all tenants @ repetition 22 of 100[39m[90m          [39m [90m0.20s[39m  
  [32;1m✓[39;22m[90m [39m[90mFilament panel allows admin users to view meter readings across all tenants @ repetition 23 of 100[39m[90m          [39m [90m0.21s[39m  
  [32;1m✓[39;22m[90m [39m[90mFilament panel allows admin users to view meter readings across all tenants @ repetition 24 of 100[39m[90m          [39m [90m0.21s[39m  
  [32;1m✓[39;22m[90m [39m[90mFilament panel allows admin users to view meter readings across all tenants @ repetition 25 of 100[39m[90m          [39m [90m0.19s[39m  
  [32;1m✓[39;22m[90m [39m[90mFilament panel allows admin users to view meter readings across all tenants @ repetition 26 of 100[39m[90m          [39m [90m0.39s[39m  
  [32;1m✓[39;22m[90m [39m[90mFilament panel allows admin users to view meter readings across all tenants @ repetition 27 of 100[39m[90m          [39m [90m0.18s[39m  
  [32;1m✓[39;22m[90m [39m[90mFilament panel allows admin users to view meter readings across all tenants @ repetition 28 of 100[39m[90m          [39m [90m0.18s[39m  
  [32;1m✓[39;22m[90m [39m[90mFilament panel allows admin users to view meter readings across all tenants @ repetition 29 of 100[39m[90m          [39m [90m0.22s[39m  
  [32;1m✓[39;22m[90m [39m[90mFilament panel allows admin users to view meter readings across all tenants @ repetition 30 of 100[39m[90m          [39m [90m0.22s[39m  
  [32;1m✓[39;22m[90m [39m[90mFilament panel allows admin users to view meter readings across all tenants @ repetition 31 of 100[39m[90m          [39m [90m0.24s[39m  
  [32;1m✓[39;22m[90m [39m[90mFilament panel allows admin users to view meter readings across all tenants @ repetition 32 of 100[39m[90m          [39m [90m0.23s[39m  
  [32;1m✓[39;22m[90m [39m[90mFilament panel allows admin users to view meter readings across all tenants @ repetition 33 of 100[39m[90m          [39m [90m0.22s[39m  
  [32;1m✓[39;22m[90m [39m[90mFilament panel allows admin users to view meter readings across all tenants @ repetition 34 of 100[39m[90m          [39m [90m0.36s[39m  
  [32;1m✓[39;22m[90m [39m[90mFilament panel allows admin users to view meter readings across all tenants @ repetition 35 of 100[39m[90m          [39m [90m0.14s[39m  
  [32;1m✓[39;22m[90m [39m[90mFilament panel allows admin users to view meter readings across all tenants @ repetition 36 of 100[39m[90m          [39m [90m0.12s[39m  
  [32;1m✓[39;22m[90m [39m[90mFilament panel allows admin users to view meter readings across all tenants @ repetition 37 of 100[39m[90m          [39m [90m0.21s[39m  
  [32;1m✓[39;22m[90m [39m[90mFilament panel allows admin users to view meter readings across all tenants @ repetition 38 of 100[39m[90m          [39m [90m0.20s[39m  
  [32;1m✓[39;22m[90m [39m[90mFilament panel allows admin users to view meter readings across all tenants @ repetition 39 of 100[39m[90m          [39m [90m0.20s[39m  
  [32;1m✓[39;22m[90m [39m[90mFilament panel allows admin users to view meter readings across all tenants @ repetition 40 of 100[39m[90m          [39m [90m0.16s[39m  
  [32;1m✓[39;22m[90m [39m[90mFilament panel allows admin users to view meter readings across all tenants @ repetition 41 of 100[39m[90m          [39m [90m0.15s[39m  
  [32;1m✓[39;22m[90m [39m[90mFilament panel allows admin users to view meter readings across all tenants @ repetition 42 of 100[39m[90m          [39m [90m0.40s[39m  
  [32;1m✓[39;22m[90m [39m[90mFilament panel allows admin users to view meter readings across all tenants @ repetition 43 of 100[39m[90m          [39m [90m0.21s[39m  
  [32;1m✓[39;22m[90m [39m[90mFilament panel allows admin users to view meter readings across all tenants @ repetition 44 of 100[39m[90m          [39m [90m0.22s[39m  
  [32;1m✓[39;22m[90m [39m[90mFilament panel allows admin users to view meter readings across all tenants @ repetition 45 of 100[39m[90m          [39m [90m0.16s[39m  
  [32;1m✓[39;22m[90m [39m[90mFilament panel allows admin users to view meter readings across all tenants @ repetition 46 of 100[39m[90m          [39m [90m0.21s[39m  
  [32;1m✓[39;22m[90m [39m[90mFilament panel allows admin users to view meter readings across all tenants @ repetition 47 of 100[39m[90m          [39m [90m0.21s[39m  
  [32;1m✓[39;22m[90m [39m[90mFilament panel allows admin users to view meter readings across all tenants @ repetition 48 of 100[39m[90m          [39m [90m0.14s[39m  
  [32;1m✓[39;22m[90m [39m[90mFilament panel allows admin users to view meter readings across all tenants @ repetition 49 of 100[39m[90m          [39m [90m0.16s[39m  
  [32;1m✓[39;22m[90m [39m[90mFilament panel allows admin users to view meter readings across all tenants @ repetition 50 of 100[39m[90m          [39m [90m0.37s[39m  
  [32;1m✓[39;22m[90m [39m[90mFilament panel allows admin users to view meter readings across all tenants @ repetition 51 of 100[39m[90m          [39m [90m0.20s[39m  
  [32;1m✓[39;22m[90m [39m[90mFilament panel allows admin users to view meter readings across all tenants @ repetition 52 of 100[39m[90m          [39m [90m0.18s[39m  
  [32;1m✓[39;22m[90m [39m[90mFilament panel allows admin users to view meter readings across all tenants @ repetition 53 of 100[39m[90m          [39m [90m0.18s[39m  
  [32;1m✓[39;22m[90m [39m[90mFilament panel allows admin users to view meter readings across all tenants @ repetition 54 of 100[39m[90m          [39m [90m0.19s[39m  
  [32;1m✓[39;22m[90m [39m[90mFilament panel allows admin users to view meter readings across all tenants @ repetition 55 of 100[39m[90m          [39m [90m0.20s[39m  
  [32;1m✓[39;22m[90m [39m[90mFilament panel allows admin users to view meter readings across all tenants @ repetition 56 of 100[39m[90m          [39m [90m0.21s[39m  
  [32;1m✓[39;22m[90m [39m[90mFilament panel allows admin users to view meter readings across all tenants @ repetition 57 of 100[39m[90m          [39m [90m0.20s[39m  
  [32;1m✓[39;22m[90m [39m[90mFilament panel allows admin users to view meter readings across all tenants @ repetition 58 of 100[39m[90m          [39m [90m0.39s[39m  
  [32;1m✓[39;22m[90m [39m[90mFilament panel allows admin users to view meter readings across all tenants @ repetition 59 of 100[39m[90m          [39m [90m0.15s[39m  
  [32;1m✓[39;22m[90m [39m[90mFilament panel allows admin users to view meter readings across all tenants @ repetition 60 of 100[39m[90m          [39m [90m0.15s[39m  
  [32;1m✓[39;22m[90m [39m[90mFilament panel allows admin users to view meter readings across all tenants @ repetition 61 of 100[39m[90m          [39m [90m0.15s[39m  
  [32;1m✓[39;22m[90m [39m[90mFilament panel allows admin users to view meter readings across all tenants @ repetition 62 of 100[39m[90m          [39m [90m0.19s[39m  
  [32;1m✓[39;22m[90m [39m[90mFilament panel allows admin users to view meter readings across all tenants @ repetition 63 of 100[39m[90m          [39m [90m0.18s[39m  
  [32;1m✓[39;22m[90m [39m[90mFilament panel allows admin users to view meter readings across all tenants @ repetition 64 of 100[39m[90m          [39m [90m0.20s[39m  
  [32;1m✓[39;22m[90m [39m[90mFilament panel allows admin users to view meter readings across all tenants @ repetition 65 of 100[39m[90m          [39m [90m0.20s[39m  
  [32;1m✓[39;22m[90m [39m[90mFilament panel allows admin users to view meter readings across all tenants @ repetition 66 of 100[39m[90m          [39m [90m0.55s[39m  
  [32;1m✓[39;22m[90m [39m[90mFilament panel allows admin users to view meter readings across all tenants @ repetition 67 of 100[39m[90m          [39m [90m0.27s[39m  
  [32;1m✓[39;22m[90m [39m[90mFilament panel allows admin users to view meter readings across all tenants @ repetition 68 of 100[39m[90m          [39m [90m0.25s[39m  
  [32;1m✓[39;22m[90m [39m[90mFilament panel allows admin users to view meter readings across all tenants @ repetition 69 of 100[39m[90m          [39m [90m0.29s[39m  
  [32;1m✓[39;22m[90m [39m[90mFilament panel allows admin users to view meter readings across all tenants @ repetition 70 of 100[39m[90m          [39m [90m0.30s[39m  
  [32;1m✓[39;22m[90m [39m[90mFilament panel allows admin users to view meter readings across all tenants @ repetition 71 of 100[39m[90m          [39m [90m0.26s[39m  
  [32;1m✓[39;22m[90m [39m[90mFilament panel allows admin users to view meter readings across all tenants @ repetition 72 of 100[39m[90m          [39m [90m0.23s[39m  
  [32;1m✓[39;22m[90m [39m[90mFilament panel allows admin users to view meter readings across all tenants @ repetition 73 of 100[39m[90m          [39m [90m0.19s[39m  
  [32;1m✓[39;22m[90m [39m[90mFilament panel allows admin users to view meter readings across all tenants @ repetition 74 of 100[39m[90m          [39m [90m0.53s[39m  
  [32;1m✓[39;22m[90m [39m[90mFilament panel allows admin users to view meter readings across all tenants @ repetition 75 of 100[39m[90m          [39m [90m0.20s[39m  
  [32;1m✓[39;22m[90m [39m[90mFilament panel allows admin users to view meter readings across all tenants @ repetition 76 of 100[39m[90m          [39m [90m0.25s[39m  
  [32;1m✓[39;22m[90m [39m[90mFilament panel allows admin users to view meter readings across all tenants @ repetition 77 of 100[39m[90m          [39m [90m0.24s[39m  
  [32;1m✓[39;22m[90m [39m[90mFilament panel allows admin users to view meter readings across all tenants @ repetition 78 of 100[39m[90m          [39m [90m0.19s[39m  
  [32;1m✓[39;22m[90m [39m[90mFilament panel allows admin users to view meter readings across all tenants @ repetition 79 of 100[39m[90m          [39m [90m0.16s[39m  
  [32;1m✓[39;22m[90m [39m[90mFilament panel allows admin users to view meter readings across all tenants @ repetition 80 of 100[39m[90m          [39m [90m0.21s[39m  
  [32;1m✓[39;22m[90m [39m[90mFilament panel allows admin users to view meter readings across all tenants @ repetition 81 of 100[39m[90m          [39m [90m0.21s[39m  
  [32;1m✓[39;22m[90m [39m[90mFilament panel allows admin users to view meter readings across all tenants @ repetition 82 of 100[39m[90m          [39m [90m0.45s[39m  
  [32;1m✓[39;22m[90m [39m[90mFilament panel allows admin users to view meter readings across all tenants @ repetition 83 of 100[39m[90m          [39m [90m0.17s[39m  
  [32;1m✓[39;22m[90m [39m[90mFilament panel allows admin users to view meter readings across all tenants @ repetition 84 of 100[39m[90m          [39m [90m0.16s[39m  
  [32;1m✓[39;22m[90m [39m[90mFilament panel allows admin users to view meter readings across all tenants @ repetition 85 of 100[39m[90m          [39m [90m0.19s[39m  
  [32;1m✓[39;22m[90m [39m[90mFilament panel allows admin users to view meter readings across all tenants @ repetition 86 of 100[39m[90m          [39m [90m0.19s[39m  
  [32;1m✓[39;22m[90m [39m[90mFilament panel allows admin users to view meter readings across all tenants @ repetition 87 of 100[39m[90m          [39m [90m0.18s[39m  
  [32;1m✓[39;22m[90m [39m[90mFilament panel allows admin users to view meter readings across all tenants @ repetition 88 of 100[39m[90m          [39m [90m0.19s[39m  
  [32;1m✓[39;22m[90m [39m[90mFilament panel allows admin users to view meter readings across all tenants @ repetition 89 of 100[39m[90m          [39m [90m0.18s[39m  
  [32;1m✓[39;22m[90m [39m[90mFilament panel allows admin users to view meter readings across all tenants @ repetition 90 of 100[39m[90m          [39m [90m0.34s[39m  
  [32;1m✓[39;22m[90m [39m[90mFilament panel allows admin users to view meter readings across all tenants @ repetition 91 of 100[39m[90m          [39m [90m0.15s[39m  
  [32;1m✓[39;22m[90m [39m[90mFilament panel allows admin users to view meter readings across all tenants @ repetition 92 of 100[39m[90m          [39m [90m0.15s[39m  
  [32;1m✓[39;22m[90m [39m[90mFilament panel allows admin users to view meter readings across all tenants @ repetition 93 of 100[39m[90m          [39m [90m0.17s[39m  
  [32;1m✓[39;22m[90m [39m[90mFilament panel allows admin users to view meter readings across all tenants @ repetition 94 of 100[39m[90m          [39m [90m0.23s[39m  
  [32;1m✓[39;22m[90m [39m[90mFilament panel allows admin users to view meter readings across all tenants @ repetition 95 of 100[39m[90m          [39m [90m0.18s[39m  
  [32;1m✓[39;22m[90m [39m[90mFilament panel allows admin users to view meter readings across all tenants @ repetition 96 of 100[39m[90m          [39m [90m0.22s[39m  
  [32;1m✓[39;22m[90m [39m[90mFilament panel allows admin users to view meter readings across all tenants @ repetition 97 of 100[39m[90m          [39m [90m0.20s[39m  
  [32;1m✓[39;22m[90m [39m[90mFilament panel allows admin users to view meter readings across all tenants @ repetition 98 of 100[39m[90m          [39m [90m0.33s[39m  
  [32;1m✓[39;22m[90m [39m[90mFilament panel allows admin users to view meter readings across all tenants @ repetition 99 of 100[39m[90m          [39m [90m0.18s[39m  
  [32;1m✓[39;22m[90m [39m[90mFilament panel allows admin users to view meter readings across all tenants @ repetition 100 of 100[39m[90m         [39m [90m0.19s[39m  
  [32;1m✓[39;22m[90m [39m[90mFilament panel allows admin users to manage system-wide resources without tenant scope @ repetition 1 of 10[39m[90m…[39m [90m0.15s[39m  
  [32;1m✓[39;22m[90m [39m[90mFilament panel allows admin users to manage system-wide resources without tenant scope @ repetition 2 of 10[39m[90m…[39m [90m0.13s[39m  
  [32;1m✓[39;22m[90m [39m[90mFilament panel allows admin users to manage system-wide resources without tenant scope @ repetition 3 of 10[39m[90m…[39m [90m0.19s[39m  
  [32;1m✓[39;22m[90m [39m[90mFilament panel allows admin users to manage system-wide resources without tenant scope @ repetition 4 of 10[39m[90m…[39m [90m0.19s[39m  
  [32;1m✓[39;22m[90m [39m[90mFilament panel allows admin users to manage system-wide resources without tenant scope @ repetition 5 of 10[39m[90m…[39m [90m0.25s[39m  
  [32;1m✓[39;22m[90m [39m[90mFilament panel allows admin users to manage system-wide resources without tenant scope @ repetition 6 of 10[39m[90m…[39m [90m0.14s[39m  
  [32;1m✓[39;22m[90m [39m[90mFilament panel allows admin users to manage system-wide resources without tenant scope @ repetition 7 of 10[39m[90m…[39m [90m0.15s[39m  
  [32;1m✓[39;22m[90m [39m[90mFilament panel allows admin users to manage system-wide resources without tenant scope @ repetition 8 of 10[39m[90m…[39m [90m0.18s[39m  
  [32;1m✓[39;22m[90m [39m[90mFilament panel allows admin users to manage system-wide resources without tenant scope @ repetition 9 of 10[39m[90m…[39m [90m0.16s[39m  
  [32;1m✓[39;22m[90m [39m[90mFilament panel allows admin users to manage system-wide resources without tenant scope @ repetition 10 of 1[39m[90m…[39m [90m0.22s[39m  
  [32;1m✓[39;22m[90m [39m[90mFilament panel allows admin users to manage system-wide resources without tenant scope @ repetition 11 of 1[39m[90m…[39m [90m0.18s[39m  
  [32;1m✓[39;22m[90m [39m[90mFilament panel allows admin users to manage system-wide resources without tenant scope @ repetition 12 of 1[39m[90m…[39m [90m0.21s[39m  
  [32;1m✓[39;22m[90m [39m[90mFilament panel allows admin users to manage system-wide resources without tenant scope @ repetition 13 of 1[39m[90m…[39m [90m0.44s[39m  
  [32;1m✓[39;22m[90m [39m[90mFilament panel allows admin users to manage system-wide resources without tenant scope @ repetition 14 of 1[39m[90m…[39m [90m0.14s[39m  
  [32;1m✓[39;22m[90m [39m[90mFilament panel allows admin users to manage system-wide resources without tenant scope @ repetition 15 of 1[39m[90m…[39m [90m0.19s[39m  
  [32;1m✓[39;22m[90m [39m[90mFilament panel allows admin users to manage system-wide resources without tenant scope @ repetition 16 of 1[39m[90m…[39m [90m0.18s[39m  
  [32;1m✓[39;22m[90m [39m[90mFilament panel allows admin users to manage system-wide resources without tenant scope @ repetition 17 of 1[39m[90m…[39m [90m0.14s[39m  
  [32;1m✓[39;22m[90m [39m[90mFilament panel allows admin users to manage system-wide resources without tenant scope @ repetition 18 of 1[39m[90m…[39m [90m0.21s[39m  
  [32;1m✓[39;22m[90m [39m[90mFilament panel allows admin users to manage system-wide resources without tenant scope @ repetition 19 of 1[39m[90m…[39m [90m0.19s[39m  
  [32;1m✓[39;22m[90m [39m[90mFilament panel allows admin users to manage system-wide resources without tenant scope @ repetition 20 of 1[39m[90m…[39m [90m0.17s[39m  
  [32;1m✓[39;22m[90m [39m[90mFilament panel allows admin users to manage system-wide resources without tenant scope @ repetition 21 of 1[39m[90m…[39m [90m0.38s[39m  
  [32;1m✓[39;22m[90m [39m[90mFilament panel allows admin users to manage system-wide resources without tenant scope @ repetition 22 of 1[39m[90m…[39m [90m0.18s[39m  
  [32;1m✓[39;22m[90m [39m[90mFilament panel allows admin users to manage system-wide resources without tenant scope @ repetition 23 of 1[39m[90m…[39m [90m0.16s[39m  
  [32;1m✓[39;22m[90m [39m[90mFilament panel allows admin users to manage system-wide resources without tenant scope @ repetition 24 of 1[39m[90m…[39m [90m0.20s[39m  
  [32;1m✓[39;22m[90m [39m[90mFilament panel allows admin users to manage system-wide resources without tenant scope @ repetition 25 of 1[39m[90m…[39m [90m0.20s[39m  
  [32;1m✓[39;22m[90m [39m[90mFilament panel allows admin users to manage system-wide resources without tenant scope @ repetition 26 of 1[39m[90m…[39m [90m0.17s[39m  
  [32;1m✓[39;22m[90m [39m[90mFilament panel allows admin users to manage system-wide resources without tenant scope @ repetition 27 of 1[39m[90m…[39m [90m0.17s[39m  
  [32;1m✓[39;22m[90m [39m[90mFilament panel allows admin users to manage system-wide resources without tenant scope @ repetition 28 of 1[39m[90m…[39m [90m0.16s[39m  
  [32;1m✓[39;22m[90m [39m[90mFilament panel allows admin users to manage system-wide resources without tenant scope @ repetition 29 of 1[39m[90m…[39m [90m0.37s[39m  
  [32;1m✓[39;22m[90m [39m[90mFilament panel allows admin users to manage system-wide resources without tenant scope @ repetition 30 of 1[39m[90m…[39m [90m0.16s[39m  
  [32;1m✓[39;22m[90m [39m[90mFilament panel allows admin users to manage system-wide resources without tenant scope @ repetition 31 of 1[39m[90m…[39m [90m0.18s[39m  
  [32;1m✓[39;22m[90m [39m[90mFilament panel allows admin users to manage system-wide resources without tenant scope @ repetition 32 of 1[39m[90m…[39m [90m0.17s[39m  
  [32;1m✓[39;22m[90m [39m[90mFilament panel allows admin users to manage system-wide resources without tenant scope @ repetition 33 of 1[39m[90m…[39m [90m0.18s[39m  
  [32;1m✓[39;22m[90m [39m[90mFilament panel allows admin users to manage system-wide resources without tenant scope @ repetition 34 of 1[39m[90m…[39m [90m0.20s[39m  
  [32;1m✓[39;22m[90m [39m[90mFilament panel allows admin users to manage system-wide resources without tenant scope @ repetition 35 of 1[39m[90m…[39m [90m0.14s[39m  
  [32;1m✓[39;22m[90m [39m[90mFilament panel allows admin users to manage system-wide resources without tenant scope @ repetition 36 of 1[39m[90m…[39m [90m0.17s[39m  
  [32;1m✓[39;22m[90m [39m[90mFilament panel allows admin users to manage system-wide resources without tenant scope @ repetition 37 of 1[39m[90m…[39m [90m0.33s[39m  
  [32;1m✓[39;22m[90m [39m[90mFilament panel allows admin users to manage system-wide resources without tenant scope @ repetition 38 of 1[39m[90m…[39m [90m0.21s[39m  
  [32;1m✓[39;22m[90m [39m[90mFilament panel allows admin users to manage system-wide resources without tenant scope @ repetition 39 of 1[39m[90m…[39m [90m0.16s[39m  
  [32;1m✓[39;22m[90m [39m[90mFilament panel allows admin users to manage system-wide resources without tenant scope @ repetition 40 of 1[39m[90m…[39m [90m0.18s[39m  
  [32;1m✓[39;22m[90m [39m[90mFilament panel allows admin users to manage system-wide resources without tenant scope @ repetition 41 of 1[39m[90m…[39m [90m0.17s[39m  
  [32;1m✓[39;22m[90m [39m[90mFilament panel allows admin users to manage system-wide resources without tenant scope @ repetition 42 of 1[39m[90m…[39m [90m0.21s[39m  
  [32;1m✓[39;22m[90m [39m[90mFilament panel allows admin users to manage system-wide resources without tenant scope @ repetition 43 of 1[39m[90m…[39m [90m0.16s[39m  
  [32;1m✓[39;22m[90m [39m[90mFilament panel allows admin users to manage system-wide resources without tenant scope @ repetition 44 of 1[39m[90m…[39m [90m0.18s[39m  
  [32;1m✓[39;22m[90m [39m[90mFilament panel allows admin users to manage system-wide resources without tenant scope @ repetition 45 of 1[39m[90m…[39m [90m0.35s[39m  
  [32;1m✓[39;22m[90m [39m[90mFilament panel allows admin users to manage system-wide resources without tenant scope @ repetition 46 of 1[39m[90m…[39m [90m0.17s[39m  
  [32;1m✓[39;22m[90m [39m[90mFilament panel allows admin users to manage system-wide resources without tenant scope @ repetition 47 of 1[39m[90m…[39m [90m0.16s[39m  
  [32;1m✓[39;22m[90m [39m[90mFilament panel allows admin users to manage system-wide resources without tenant scope @ repetition 48 of 1[39m[90m…[39m [90m0.15s[39m  
  [32;1m✓[39;22m[90m [39m[90mFilament panel allows admin users to manage system-wide resources without tenant scope @ repetition 49 of 1[39m[90m…[39m [90m0.18s[39m  
  [32;1m✓[39;22m[90m [39m[90mFilament panel allows admin users to manage system-wide resources without tenant scope @ repetition 50 of 1[39m[90m…[39m [90m0.17s[39m  
  [32;1m✓[39;22m[90m [39m[90mFilament panel allows admin users to manage system-wide resources without tenant scope @ repetition 51 of 1[39m[90m…[39m [90m0.21s[39m  
  [32;1m✓[39;22m[90m [39m[90mFilament panel allows admin users to manage system-wide resources without tenant scope @ repetition 52 of 1[39m[90m…[39m [90m0.18s[39m  
  [32;1m✓[39;22m[90m [39m[90mFilament panel allows admin users to manage system-wide resources without tenant scope @ repetition 53 of 1[39m[90m…[39m [90m0.42s[39m  
  [32;1m✓[39;22m[90m [39m[90mFilament panel allows admin users to manage system-wide resources without tenant scope @ repetition 54 of 1[39m[90m…[39m [90m0.20s[39m  
  [32;1m✓[39;22m[90m [39m[90mFilament panel allows admin users to manage system-wide resources without tenant scope @ repetition 55 of 1[39m[90m…[39m [90m0.20s[39m  
  [32;1m✓[39;22m[90m [39m[90mFilament panel allows admin users to manage system-wide resources without tenant scope @ repetition 56 of 1[39m[90m…[39m [90m0.20s[39m  
  [32;1m✓[39;22m[90m [39m[90mFilament panel allows admin users to manage system-wide resources without tenant scope @ repetition 57 of 1[39m[90m…[39m [90m0.09s[39m  
  [32;1m✓[39;22m[90m [39m[90mFilament panel allows admin users to manage system-wide resources without tenant scope @ repetition 58 of 1[39m[90m…[39m [90m0.12s[39m  
  [32;1m✓[39;22m[90m [39m[90mFilament panel allows admin users to manage system-wide resources without tenant scope @ repetition 59 of 1[39m[90m…[39m [90m0.15s[39m  
  [32;1m✓[39;22m[90m [39m[90mFilament panel allows admin users to manage system-wide resources without tenant scope @ repetition 60 of 1[39m[90m…[39m [90m0.15s[39m  
  [32;1m✓[39;22m[90m [39m[90mFilament panel allows admin users to manage system-wide resources without tenant scope @ repetition 61 of 1[39m[90m…[39m [90m0.27s[39m  
  [32;1m✓[39;22m[90m [39m[90mFilament panel allows admin users to manage system-wide resources without tenant scope @ repetition 62 of 1[39m[90m…[39m [90m0.16s[39m  
  [32;1m✓[39;22m[90m [39m[90mFilament panel allows admin users to manage system-wide resources without tenant scope @ repetition 63 of 1[39m[90m…[39m [90m0.15s[39m  
  [32;1m✓[39;22m[90m [39m[90mFilament panel allows admin users to manage system-wide resources without tenant scope @ repetition 64 of 1[39m[90m…[39m [90m0.08s[39m  
  [32;1m✓[39;22m[90m [39m[90mFilament panel allows admin users to manage system-wide resources without tenant scope @ repetition 65 of 1[39m[90m…[39m [90m0.11s[39m  
  [32;1m✓[39;22m[90m [39m[90mFilament panel allows admin users to manage system-wide resources without tenant scope @ repetition 66 of 1[39m[90m…[39m [90m0.14s[39m  
  [32;1m✓[39;22m[90m [39m[90mFilament panel allows admin users to manage system-wide resources without tenant scope @ repetition 67 of 1[39m[90m…[39m [90m0.18s[39m  
  [32;1m✓[39;22m[90m [39m[90mFilament panel allows admin users to manage system-wide resources without tenant scope @ repetition 68 of 1[39m[90m…[39m [90m0.19s[39m  
  [32;1m✓[39;22m[90m [39m[90mFilament panel allows admin users to manage system-wide resources without tenant scope @ repetition 69 of 1[39m[90m…[39m [90m0.36s[39m  
  [32;1m✓[39;22m[90m [39m[90mFilament panel allows admin users to manage system-wide resources without tenant scope @ repetition 70 of 1[39m[90m…[39m [90m0.17s[39m  
  [32;1m✓[39;22m[90m [39m[90mFilament panel allows admin users to manage system-wide resources without tenant scope @ repetition 71 of 1[39m[90m…[39m [90m0.16s[39m  
  [32;1m✓[39;22m[90m [39m[90mFilament panel allows admin users to manage system-wide resources without tenant scope @ repetition 72 of 1[39m[90m…[39m [90m0.17s[39m  
  [32;1m✓[39;22m[90m [39m[90mFilament panel allows admin users to manage system-wide resources without tenant scope @ repetition 73 of 1[39m[90m…[39m [90m0.14s[39m  
  [32;1m✓[39;22m[90m [39m[90mFilament panel allows admin users to manage system-wide resources without tenant scope @ repetition 74 of 1[39m[90m…[39m [90m0.17s[39m  
  [32;1m✓[39;22m[90m [39m[90mFilament panel allows admin users to manage system-wide resources without tenant scope @ repetition 75 of 1[39m[90m…[39m [90m0.18s[39m  
  [32;1m✓[39;22m[90m [39m[90mFilament panel allows admin users to manage system-wide resources without tenant scope @ repetition 76 of 1[39m[90m…[39m [90m0.11s[39m  
  [32;1m✓[39;22m[90m [39m[90mFilament panel allows admin users to manage system-wide resources without tenant scope @ repetition 77 of 1[39m[90m…[39m [90m0.37s[39m  
  [32;1m✓[39;22m[90m [39m[90mFilament panel allows admin users to manage system-wide resources without tenant scope @ repetition 78 of 1[39m[90m…[39m [90m0.13s[39m  
  [32;1m✓[39;22m[90m [39m[90mFilament panel allows admin users to manage system-wide resources without tenant scope @ repetition 79 of 1[39m[90m…[39m [90m0.22s[39m  
  [32;1m✓[39;22m[90m [39m[90mFilament panel allows admin users to manage system-wide resources without tenant scope @ repetition 80 of 1[39m[90m…[39m [90m0.18s[39m  
  [32;1m✓[39;22m[90m [39m[90mFilament panel allows admin users to manage system-wide resources without tenant scope @ repetition 81 of 1[39m[90m…[39m [90m0.19s[39m  
  [32;1m✓[39;22m[90m [39m[90mFilament panel allows admin users to manage system-wide resources without tenant scope @ repetition 82 of 1[39m[90m…[39m [90m0.20s[39m  
  [32;1m✓[39;22m[90m [39m[90mFilament panel allows admin users to manage system-wide resources without tenant scope @ repetition 83 of 1[39m[90m…[39m [90m0.19s[39m  
  [32;1m✓[39;22m[90m [39m[90mFilament panel allows admin users to manage system-wide resources without tenant scope @ repetition 84 of 1[39m[90m…[39m [90m0.20s[39m  
  [32;1m✓[39;22m[90m [39m[90mFilament panel allows admin users to manage system-wide resources without tenant scope @ repetition 85 of 1[39m[90m…[39m [90m0.37s[39m  
  [32;1m✓[39;22m[90m [39m[90mFilament panel allows admin users to manage system-wide resources without tenant scope @ repetition 86 of 1[39m[90m…[39m [90m0.20s[39m  
  [32;1m✓[39;22m[90m [39m[90mFilament panel allows admin users to manage system-wide resources without tenant scope @ repetition 87 of 1[39m[90m…[39m [90m0.15s[39m  
  [32;1m✓[39;22m[90m [39m[90mFilament panel allows admin users to manage system-wide resources without tenant scope @ repetition 88 of 1[39m[90m…[39m [90m0.20s[39m  
  [32;1m✓[39;22m[90m [39m[90mFilament panel allows admin users to manage system-wide resources without tenant scope @ repetition 89 of 1[39m[90m…[39m [90m0.17s[39m  
  [32;1m✓[39;22m[90m [39m[90mFilament panel allows admin users to manage system-wide resources without tenant scope @ repetition 90 of 1[39m[90m…[39m [90m0.19s[39m  
  [32;1m✓[39;22m[90m [39m[90mFilament panel allows admin users to manage system-wide resources without tenant scope @ repetition 91 of 1[39m[90m…[39m [90m0.15s[39m  
  [32;1m✓[39;22m[90m [39m[90mFilament panel allows admin users to manage system-wide resources without tenant scope @ repetition 92 of 1[39m[90m…[39m [90m0.18s[39m  
  [32;1m✓[39;22m[90m [39m[90mFilament panel allows admin users to manage system-wide resources without tenant scope @ repetition 93 of 1[39m[90m…[39m [90m0.35s[39m  
  [32;1m✓[39;22m[90m [39m[90mFilament panel allows admin users to manage system-wide resources without tenant scope @ repetition 94 of 1[39m[90m…[39m [90m0.17s[39m  
  [32;1m✓[39;22m[90m [39m[90mFilament panel allows admin users to manage system-wide resources without tenant scope @ repetition 95 of 1[39m[90m…[39m [90m0.23s[39m  
  [32;1m✓[39;22m[90m [39m[90mFilament panel allows admin users to manage system-wide resources without tenant scope @ repetition 96 of 1[39m[90m…[39m [90m0.22s[39m  
  [32;1m✓[39;22m[90m [39m[90mFilament panel allows admin users to manage system-wide resources without tenant scope @ repetition 97 of 1[39m[90m…[39m [90m0.18s[39m  
  [32;1m✓[39;22m[90m [39m[90mFilament panel allows admin users to manage system-wide resources without tenant scope @ repetition 98 of 1[39m[90m…[39m [90m0.16s[39m  
  [32;1m✓[39;22m[90m [39m[90mFilament panel allows admin users to manage system-wide resources without tenant scope @ repetition 99 of 1[39m[90m…[39m [90m0.21s[39m  
  [32;1m✓[39;22m[90m [39m[90mFilament panel allows admin users to manage system-wide resources without tenant scope @ repetition 100 of[39m[90m… [39m [90m0.14s[39m  
  [31;1m⨯[39;22m[90m [39m[90mFilament panel allows admin users to manage all user accounts @ repetition 1 of 100[39m[90m                         [39m [90m0.37s[39m  
  [31;1m⨯[39;22m[90m [39m[90mFilament panel allows admin users to manage all user accounts @ repetition 2 of 100[39m[90m                         [39m [90m0.21s[39m  
  [31;1m⨯[39;22m[90m [39m[90mFilament panel allows admin users to manage all user accounts @ repetition 3 of 100[39m[90m                         [39m [90m0.17s[39m  
  [31;1m⨯[39;22m[90m [39m[90mFilament panel allows admin users to manage all user accounts @ repetition 4 of 100[39m[90m                         [39m [90m0.20s[39m  
  [31;1m⨯[39;22m[90m [39m[90mFilament panel allows admin users to manage all user accounts @ repetition 5 of 100[39m[90m                         [39m [90m0.15s[39m  
  [31;1m⨯[39;22m[90m [39m[90mFilament panel allows admin users to manage all user accounts @ repetition 6 of 100[39m[90m                         [39m [90m0.13s[39m  
  [31;1m⨯[39;22m[90m [39m[90mFilament panel allows admin users to manage all user accounts @ repetition 7 of 100[39m[90m                         [39m [90m0.13s[39m  
  [31;1m⨯[39;22m[90m [39m[90mFilament panel allows admin users to manage all user accounts @ repetition 8 of 100[39m[90m                         [39m [90m0.16s[39m  
  [31;1m⨯[39;22m[90m [39m[90mFilament panel allows admin users to manage all user accounts @ repetition 9 of 100[39m[90m                         [39m [90m0.34s[39m  
  [31;1m⨯[39;22m[90m [39m[90mFilament panel allows admin users to manage all user accounts @ repetition 10 of 100[39m[90m                        [39m [90m0.24s[39m  
  [31;1m⨯[39;22m[90m [39m[90mFilament panel allows admin users to manage all user accounts @ repetition 11 of 100[39m[90m                        [39m [90m0.13s[39m  
  [31;1m⨯[39;22m[90m [39m[90mFilament panel allows admin users to manage all user accounts @ repetition 12 of 100[39m[90m                        [39m [90m0.23s[39m  
  [31;1m⨯[39;22m[90m [39m[90mFilament panel allows admin users to manage all user accounts @ repetition 13 of 100[39m[90m                        [39m [90m0.19s[39m  
  [31;1m⨯[39;22m[90m [39m[90mFilament panel allows admin users to manage all user accounts @ repetition 14 of 100[39m[90m                        [39m [90m0.16s[39m  
  [31;1m⨯[39;22m[90m [39m[90mFilament panel allows admin users to manage all user accounts @ repetition 15 of 100[39m[90m                        [39m [90m0.21s[39m  
  [31;1m⨯[39;22m[90m [39m[90mFilament panel allows admin users to manage all user accounts @ repetition 16 of 100[39m[90m                        [39m [90m0.15s[39m  
  [31;1m⨯[39;22m[90m [39m[90mFilament panel allows admin users to manage all user accounts @ repetition 17 of 100[39m[90m                        [39m [90m0.34s[39m  
  [31;1m⨯[39;22m[90m [39m[90mFilament panel allows admin users to manage all user accounts @ repetition 18 of 100[39m[90m                        [39m [90m0.19s[39m  
  [31;1m⨯[39;22m[90m [39m[90mFilament panel allows admin users to manage all user accounts @ repetition 19 of 100[39m[90m                        [39m [90m0.15s[39m  
  [31;1m⨯[39;22m[90m [39m[90mFilament panel allows admin users to manage all user accounts @ repetition 20 of 100[39m[90m                        [39m [90m0.20s[39m  
  [31;1m⨯[39;22m[90m [39m[90mFilament panel allows admin users to manage all user accounts @ repetition 21 of 100[39m[90m                        [39m [90m0.17s[39m  
  [31;1m⨯[39;22m[90m [39m[90mFilament panel allows admin users to manage all user accounts @ repetition 22 of 100[39m[90m                        [39m [90m0.13s[39m  
  [31;1m⨯[39;22m[90m [39m[90mFilament panel allows admin users to manage all user accounts @ repetition 23 of 100[39m[90m                        [39m [90m0.23s[39m  
  [31;1m⨯[39;22m[90m [39m[90mFilament panel allows admin users to manage all user accounts @ repetition 24 of 100[39m[90m                        [39m [90m0.19s[39m  
  [31;1m⨯[39;22m[90m [39m[90mFilament panel allows admin users to manage all user accounts @ repetition 25 of 100[39m[90m                        [39m [90m0.36s[39m  
  [31;1m⨯[39;22m[90m [39m[90mFilament panel allows admin users to manage all user accounts @ repetition 26 of 100[39m[90m                        [39m [90m0.20s[39m  
  [31;1m⨯[39;22m[90m [39m[90mFilament panel allows admin users to manage all user accounts @ repetition 27 of 100[39m[90m                        [39m [90m0.18s[39m  
  [31;1m⨯[39;22m[90m [39m[90mFilament panel allows admin users to manage all user accounts @ repetition 28 of 100[39m[90m                        [39m [90m0.16s[39m  
  [31;1m⨯[39;22m[90m [39m[90mFilament panel allows admin users to manage all user accounts @ repetition 29 of 100[39m[90m                        [39m [90m0.17s[39m  
  [31;1m⨯[39;22m[90m [39m[90mFilament panel allows admin users to manage all user accounts @ repetition 30 of 100[39m[90m                        [39m [90m0.16s[39m  
  [31;1m⨯[39;22m[90m [39m[90mFilament panel allows admin users to manage all user accounts @ repetition 31 of 100[39m[90m                        [39m [90m0.15s[39m  
  [31;1m⨯[39;22m[90m [39m[90mFilament panel allows admin users to manage all user accounts @ repetition 32 of 100[39m[90m                        [39m [90m0.24s[39m  
  [31;1m⨯[39;22m[90m [39m[90mFilament panel allows admin users to manage all user accounts @ repetition 33 of 100[39m[90m                        [39m [90m0.32s[39m  
  [31;1m⨯[39;22m[90m [39m[90mFilament panel allows admin users to manage all user accounts @ repetition 34 of 100[39m[90m                        [39m [90m0.24s[39m  
  [31;1m⨯[39;22m[90m [39m[90mFilament panel allows admin users to manage all user accounts @ repetition 35 of 100[39m[90m                        [39m [90m0.21s[39m  
  [31;1m⨯[39;22m[90m [39m[90mFilament panel allows admin users to manage all user accounts @ repetition 36 of 100[39m[90m                        [39m [90m0.20s[39m  
  [31;1m⨯[39;22m[90m [39m[90mFilament panel allows admin users to manage all user accounts @ repetition 37 of 100[39m[90m                        [39m [90m0.19s[39m  
  [31;1m⨯[39;22m[90m [39m[90mFilament panel allows admin users to manage all user accounts @ repetition 38 of 100[39m[90m                        [39m [90m0.19s[39m  
  [31;1m⨯[39;22m[90m [39m[90mFilament panel allows admin users to manage all user accounts @ repetition 39 of 100[39m[90m                        [39m [90m0.21s[39m  
  [31;1m⨯[39;22m[90m [39m[90mFilament panel allows admin users to manage all user accounts @ repetition 40 of 100[39m[90m                        [39m [90m0.16s[39m  
  [31;1m⨯[39;22m[90m [39m[90mFilament panel allows admin users to manage all user accounts @ repetition 41 of 100[39m[90m                        [39m [90m0.36s[39m  
  [31;1m⨯[39;22m[90m [39m[90mFilament panel allows admin users to manage all user accounts @ repetition 42 of 100[39m[90m                        [39m [90m0.19s[39m  
  [31;1m⨯[39;22m[90m [39m[90mFilament panel allows admin users to manage all user accounts @ repetition 43 of 100[39m[90m                        [39m [90m0.19s[39m  
  [31;1m⨯[39;22m[90m [39m[90mFilament panel allows admin users to manage all user accounts @ repetition 44 of 100[39m[90m                        [39m [90m0.15s[39m  
  [31;1m⨯[39;22m[90m [39m[90mFilament panel allows admin users to manage all user accounts @ repetition 45 of 100[39m[90m                        [39m [90m0.18s[39m  
  [31;1m⨯[39;22m[90m [39m[90mFilament panel allows admin users to manage all user accounts @ repetition 46 of 100[39m[90m                        [39m [90m0.19s[39m  
  [31;1m⨯[39;22m[90m [39m[90mFilament panel allows admin users to manage all user accounts @ repetition 47 of 100[39m[90m                        [39m [90m0.17s[39m  
  [31;1m⨯[39;22m[90m [39m[90mFilament panel allows admin users to manage all user accounts @ repetition 48 of 100[39m[90m                        [39m [90m0.13s[39m  
  [31;1m⨯[39;22m[90m [39m[90mFilament panel allows admin users to manage all user accounts @ repetition 49 of 100[39m[90m                        [39m [90m0.34s[39m  
  [31;1m⨯[39;22m[90m [39m[90mFilament panel allows admin users to manage all user accounts @ repetition 50 of 100[39m[90m                        [39m [90m0.16s[39m  
  [31;1m⨯[39;22m[90m [39m[90mFilament panel allows admin users to manage all user accounts @ repetition 51 of 100[39m[90m                        [39m [90m0.14s[39m  
  [31;1m⨯[39;22m[90m [39m[90mFilament panel allows admin users to manage all user accounts @ repetition 52 of 100[39m[90m                        [39m [90m0.19s[39m  
  [31;1m⨯[39;22m[90m [39m[90mFilament panel allows admin users to manage all user accounts @ repetition 53 of 100[39m[90m                        [39m [90m0.22s[39m  
  [31;1m⨯[39;22m[90m [39m[90mFilament panel allows admin users to manage all user accounts @ repetition 54 of 100[39m[90m                        [39m [90m0.15s[39m  
  [31;1m⨯[39;22m[90m [39m[90mFilament panel allows admin users to manage all user accounts @ repetition 55 of 100[39m[90m                        [39m [90m0.15s[39m  
  [31;1m⨯[39;22m[90m [39m[90mFilament panel allows admin users to manage all user accounts @ repetition 56 of 100[39m[90m                        [39m [90m0.19s[39m  
  [31;1m⨯[39;22m[90m [39m[90mFilament panel allows admin users to manage all user accounts @ repetition 57 of 100[39m[90m                        [39m [90m0.39s[39m  
  [31;1m⨯[39;22m[90m [39m[90mFilament panel allows admin users to manage all user accounts @ repetition 58 of 100[39m[90m                        [39m [90m0.16s[39m  
  [31;1m⨯[39;22m[90m [39m[90mFilament panel allows admin users to manage all user accounts @ repetition 59 of 100[39m[90m                        [39m [90m0.23s[39m  
  [31;1m⨯[39;22m[90m [39m[90mFilament panel allows admin users to manage all user accounts @ repetition 60 of 100[39m[90m                        [39m [90m0.22s[39m  
  [31;1m⨯[39;22m[90m [39m[90mFilament panel allows admin users to manage all user accounts @ repetition 61 of 100[39m[90m                        [39m [90m0.13s[39m  
  [31;1m⨯[39;22m[90m [39m[90mFilament panel allows admin users to manage all user accounts @ repetition 62 of 100[39m[90m                        [39m [90m0.13s[39m  
  [31;1m⨯[39;22m[90m [39m[90mFilament panel allows admin users to manage all user accounts @ repetition 63 of 100[39m[90m                        [39m [90m0.13s[39m  
  [31;1m⨯[39;22m[90m [39m[90mFilament panel allows admin users to manage all user accounts @ repetition 64 of 100[39m[90m                        [39m [90m0.14s[39m  
  [31;1m⨯[39;22m[90m [39m[90mFilament panel allows admin users to manage all user accounts @ repetition 65 of 100[39m[90m                        [39m [90m0.30s[39m  
  [31;1m⨯[39;22m[90m [39m[90mFilament panel allows admin users to manage all user accounts @ repetition 66 of 100[39m[90m                        [39m [90m0.19s[39m  
  [31;1m⨯[39;22m[90m [39m[90mFilament panel allows admin users to manage all user accounts @ repetition 67 of 100[39m[90m                        [39m [90m0.18s[39m  
  [31;1m⨯[39;22m[90m [39m[90mFilament panel allows admin users to manage all user accounts @ repetition 68 of 100[39m[90m                        [39m [90m0.13s[39m  
  [31;1m⨯[39;22m[90m [39m[90mFilament panel allows admin users to manage all user accounts @ repetition 69 of 100[39m[90m                        [39m [90m0.16s[39m  
  [31;1m⨯[39;22m[90m [39m[90mFilament panel allows admin users to manage all user accounts @ repetition 70 of 100[39m[90m                        [39m [90m0.09s[39m  
  [31;1m⨯[39;22m[90m [39m[90mFilament panel allows admin users to manage all user accounts @ repetition 71 of 100[39m[90m                        [39m [90m0.16s[39m  
  [31;1m⨯[39;22m[90m [39m[90mFilament panel allows admin users to manage all user accounts @ repetition 72 of 100[39m[90m                        [39m [90m0.17s[39m  
  [31;1m⨯[39;22m[90m [39m[90mFilament panel allows admin users to manage all user accounts @ repetition 73 of 100[39m[90m                        [39m [90m0.28s[39m  
  [31;1m⨯[39;22m[90m [39m[90mFilament panel allows admin users to manage all user accounts @ repetition 74 of 100[39m[90m                        [39m [90m0.17s[39m  
  [31;1m⨯[39;22m[90m [39m[90mFilament panel allows admin users to manage all user accounts @ repetition 75 of 100[39m[90m                        [39m [90m0.17s[39m  
  [31;1m⨯[39;22m[90m [39m[90mFilament panel allows admin users to manage all user accounts @ repetition 76 of 100[39m[90m                        [39m [90m0.13s[39m  
  [31;1m⨯[39;22m[90m [39m[90mFilament panel allows admin users to manage all user accounts @ repetition 77 of 100[39m[90m                        [39m [90m0.17s[39m  
  [31;1m⨯[39;22m[90m [39m[90mFilament panel allows admin users to manage all user accounts @ repetition 78 of 100[39m[90m                        [39m [90m0.16s[39m  
  [31;1m⨯[39;22m[90m [39m[90mFilament panel allows admin users to manage all user accounts @ repetition 79 of 100[39m[90m                        [39m [90m0.16s[39m  
  [31;1m⨯[39;22m[90m [39m[90mFilament panel allows admin users to manage all user accounts @ repetition 80 of 100[39m[90m                        [39m [90m0.13s[39m  
  [31;1m⨯[39;22m[90m [39m[90mFilament panel allows admin users to manage all user accounts @ repetition 81 of 100[39m[90m                        [39m [90m0.32s[39m  
  [31;1m⨯[39;22m[90m [39m[90mFilament panel allows admin users to manage all user accounts @ repetition 82 of 100[39m[90m                        [39m [90m0.19s[39m  
  [31;1m⨯[39;22m[90m [39m[90mFilament panel allows admin users to manage all user accounts @ repetition 83 of 100[39m[90m                        [39m [90m0.18s[39m  
  [31;1m⨯[39;22m[90m [39m[90mFilament panel allows admin users to manage all user accounts @ repetition 84 of 100[39m[90m                        [39m [90m0.13s[39m  
  [31;1m⨯[39;22m[90m [39m[90mFilament panel allows admin users to manage all user accounts @ repetition 85 of 100[39m[90m                        [39m [90m0.12s[39m  
  [31;1m⨯[39;22m[90m [39m[90mFilament panel allows admin users to manage all user accounts @ repetition 86 of 100[39m[90m                        [39m [90m0.18s[39m  
  [31;1m⨯[39;22m[90m [39m[90mFilament panel allows admin users to manage all user accounts @ repetition 87 of 100[39m[90m                        [39m [90m0.19s[39m  
  [31;1m⨯[39;22m[90m [39m[90mFilament panel allows admin users to manage all user accounts @ repetition 88 of 100[39m[90m                        [39m [90m0.19s[39m  
  [31;1m⨯[39;22m[90m [39m[90mFilament panel allows admin users to manage all user accounts @ repetition 89 of 100[39m[90m                        [39m [90m0.34s[39m  
  [31;1m⨯[39;22m[90m [39m[90mFilament panel allows admin users to manage all user accounts @ repetition 90 of 100[39m[90m                        [39m [90m0.11s[39m  
  [31;1m⨯[39;22m[90m [39m[90mFilament panel allows admin users to manage all user accounts @ repetition 91 of 100[39m[90m                        [39m [90m0.20s[39m  
  [31;1m⨯[39;22m[90m [39m[90mFilament panel allows admin users to manage all user accounts @ repetition 92 of 100[39m[90m                        [39m [90m0.16s[39m  
  [31;1m⨯[39;22m[90m [39m[90mFilament panel allows admin users to manage all user accounts @ repetition 93 of 100[39m[90m                        [39m [90m0.23s[39m  
  [31;1m⨯[39;22m[90m [39m[90mFilament panel allows admin users to manage all user accounts @ repetition 94 of 100[39m[90m                        [39m [90m0.22s[39m  
  [31;1m⨯[39;22m[90m [39m[90mFilament panel allows admin users to manage all user accounts @ repetition 95 of 100[39m[90m                        [39m [90m0.19s[39m  
  [31;1m⨯[39;22m[90m [39m[90mFilament panel allows admin users to manage all user accounts @ repetition 96 of 100[39m[90m                        [39m [90m0.20s[39m  
  [31;1m⨯[39;22m[90m [39m[90mFilament panel allows admin users to manage all user accounts @ repetition 97 of 100[39m[90m                        [39m [90m0.41s[39m  
  [31;1m⨯[39;22m[90m [39m[90mFilament panel allows admin users to manage all user accounts @ repetition 98 of 100[39m[90m                        [39m [90m0.18s[39m  
  [31;1m⨯[39;22m[90m [39m[90mFilament panel allows admin users to manage all user accounts @ repetition 99 of 100[39m[90m                        [39m [90m0.15s[39m  
  [31;1m⨯[39;22m[90m [39m[90mFilament panel allows admin users to manage all user accounts @ repetition 100 of 100[39m[90m                       [39m [90m0.19s[39m  

  [39;41;1m FAIL [39;49;22m[39m Tests\Feature\FilamentAuthorizationDenialPropertyTest[39m
  [31;1m⨯[39;22m[90m [39m[90mFilament panel denies tenant users from accessing admin-only resources @ repetition 1 of 100[39m[90m                [39m [90m0.96s[39m  
  [31;1m⨯[39;22m[90m [39m[90mFilament panel denies tenant users from accessing admin-only resources @ repetition 2 of 100[39m[90m                [39m [90m0.26s[39m  
  [31;1m⨯[39;22m[90m [39m[90mFilament panel denies tenant users from accessing admin-only resources @ repetition 3 of 100[39m[90m                [39m [90m0.14s[39m  
  [31;1m⨯[39;22m[90m [39m[90mFilament panel denies tenant users from accessing admin-only resources @ repetition 4 of 100[39m[90m                [39m [90m0.14s[39m  
  [31;1m⨯[39;22m[90m [39m[90mFilament panel denies tenant users from accessing admin-only resources @ repetition 5 of 100[39m[90m                [39m [90m0.12s[39m  
  [31;1m⨯[39;22m[90m [39m[90mFilament panel denies tenant users from accessing admin-only resources @ repetition 6 of 100[39m[90m                [39m [90m0.18s[39m  
  [31;1m⨯[39;22m[90m [39m[90mFilament panel denies tenant users from accessing admin-only resources @ repetition 7 of 100[39m[90m                [39m [90m0.16s[39m  
  [31;1m⨯[39;22m[90m [39m[90mFilament panel denies tenant users from accessing admin-only resources @ repetition 8 of 100[39m[90m                [39m [90m0.18s[39m  
  [31;1m⨯[39;22m[90m [39m[90mFilament panel denies tenant users from accessing admin-only resources @ repetition 9 of 100[39m[90m                [39m [90m0.15s[39m  
  [31;1m⨯[39;22m[90m [39m[90mFilament panel denies tenant users from accessing admin-only resources @ repetition 10 of 100[39m[90m               [39m [90m0.34s[39m  
  [31;1m⨯[39;22m[90m [39m[90mFilament panel denies tenant users from accessing admin-only resources @ repetition 11 of 100[39m[90m               [39m [90m0.18s[39m  
  [31;1m⨯[39;22m[90m [39m[90mFilament panel denies tenant users from accessing admin-only resources @ repetition 12 of 100[39m[90m               [39m [90m0.14s[39m  
  [31;1m⨯[39;22m[90m [39m[90mFilament panel denies tenant users from accessing admin-only resources @ repetition 13 of 100[39m[90m               [39m [90m0.16s[39m  
  [31;1m⨯[39;22m[90m [39m[90mFilament panel denies tenant users from accessing admin-only resources @ repetition 14 of 100[39m[90m               [39m [90m0.16s[39m  
  [31;1m⨯[39;22m[90m [39m[90mFilament panel denies tenant users from accessing admin-only resources @ repetition 15 of 100[39m[90m               [39m [90m0.16s[39m  
  [31;1m⨯[39;22m[90m [39m[90mFilament panel denies tenant users from accessing admin-only resources @ repetition 16 of 100[39m[90m               [39m [90m0.17s[39m  
  [31;1m⨯[39;22m[90m [39m[90mFilament panel denies tenant users from accessing admin-only resources @ repetition 17 of 100[39m[90m               [39m [90m0.17s[39m  
  [31;1m⨯[39;22m[90m [39m[90mFilament panel denies tenant users from accessing admin-only resources @ repetition 18 of 100[39m[90m               [39m [90m0.39s[39m  
  [31;1m⨯[39;22m[90m [39m[90mFilament panel denies tenant users from accessing admin-only resources @ repetition 19 of 100[39m[90m               [39m [90m0.18s[39m  
  [31;1m⨯[39;22m[90m [39m[90mFilament panel denies tenant users from accessing admin-only resources @ repetition 20 of 100[39m[90m               [39m [90m0.19s[39m  
  [31;1m⨯[39;22m[90m [39m[90mFilament panel denies tenant users from accessing admin-only resources @ repetition 21 of 100[39m[90m               [39m [90m0.18s[39m  
  [31;1m⨯[39;22m[90m [39m[90mFilament panel denies tenant users from accessing admin-only resources @ repetition 22 of 100[39m[90m               [39m [90m0.18s[39m  
  [31;1m⨯[39;22m[90m [39m[90mFilament panel denies tenant users from accessing admin-only resources @ repetition 23 of 100[39m[90m               [39m [90m0.14s[39m  
  [31;1m⨯[39;22m[90m [39m[90mFilament panel denies tenant users from accessing admin-only resources @ repetition 24 of 100[39m[90m               [39m [90m0.20s[39m  
  [31;1m⨯[39;22m[90m [39m[90mFilament panel denies tenant users from accessing admin-only resources @ repetition 25 of 100[39m[90m               [39m [90m0.14s[39m  
  [31;1m⨯[39;22m[90m [39m[90mFilament panel denies tenant users from accessing admin-only resources @ repetition 26 of 100[39m[90m               [39m [90m0.35s[39m  
  [31;1m⨯[39;22m[90m [39m[90mFilament panel denies tenant users from accessing admin-only resources @ repetition 27 of 100[39m[90m               [39m [90m0.20s[39m  
  [31;1m⨯[39;22m[90m [39m[90mFilament panel denies tenant users from accessing admin-only resources @ repetition 28 of 100[39m[90m               [39m [90m0.18s[39m  
  [31;1m⨯[39;22m[90m [39m[90mFilament panel denies tenant users from accessing admin-only resources @ repetition 29 of 100[39m[90m               [39m [90m0.21s[39m  
  [31;1m⨯[39;22m[90m [39m[90mFilament panel denies tenant users from accessing admin-only resources @ repetition 30 of 100[39m[90m               [39m [90m0.16s[39m  
  [31;1m⨯[39;22m[90m [39m[90mFilament panel denies tenant users from accessing admin-only resources @ repetition 31 of 100[39m[90m               [39m [90m0.12s[39m  
  [31;1m⨯[39;22m[90m [39m[90mFilament panel denies tenant users from accessing admin-only resources @ repetition 32 of 100[39m[90m               [39m [90m0.13s[39m  
  [31;1m⨯[39;22m[90m [39m[90mFilament panel denies tenant users from accessing admin-only resources @ repetition 33 of 100[39m[90m               [39m [90m0.15s[39m  
  [31;1m⨯[39;22m[90m [39m[90mFilament panel denies tenant users from accessing admin-only resources @ repetition 34 of 100[39m[90m               [39m [90m0.40s[39m  
  [31;1m⨯[39;22m[90m [39m[90mFilament panel denies tenant users from accessing admin-only resources @ repetition 35 of 100[39m[90m               [39m [90m0.21s[39m  
  [31;1m⨯[39;22m[90m [39m[90mFilament panel denies tenant users from accessing admin-only resources @ repetition 36 of 100[39m[90m               [39m [90m0.19s[39m  
  [31;1m⨯[39;22m[90m [39m[90mFilament panel denies tenant users from accessing admin-only resources @ repetition 37 of 100[39m[90m               [39m [90m0.19s[39m  
  [31;1m⨯[39;22m[90m [39m[90mFilament panel denies tenant users from accessing admin-only resources @ repetition 38 of 100[39m[90m               [39m [90m0.22s[39m  
  [31;1m⨯[39;22m[90m [39m[90mFilament panel denies tenant users from accessing admin-only resources @ repetition 39 of 100[39m[90m               [39m [90m0.18s[39m  
  [31;1m⨯[39;22m[90m [39m[90mFilament panel denies tenant users from accessing admin-only resources @ repetition 40 of 100[39m[90m               [39m [90m0.19s[39m  
  [31;1m⨯[39;22m[90m [39m[90mFilament panel denies tenant users from accessing admin-only resources @ repetition 41 of 100[39m[90m               [39m [90m0.20s[39m  
  [31;1m⨯[39;22m[90m [39m[90mFilament panel denies tenant users from accessing admin-only resources @ repetition 42 of 100[39m[90m               [39m [90m0.33s[39m  
  [31;1m⨯[39;22m[90m [39m[90mFilament panel denies tenant users from accessing admin-only resources @ repetition 43 of 100[39m[90m               [39m [90m0.23s[39m  
  [31;1m⨯[39;22m[90m [39m[90mFilament panel denies tenant users from accessing admin-only resources @ repetition 44 of 100[39m[90m               [39m [90m0.24s[39m  
  [31;1m⨯[39;22m[90m [39m[90mFilament panel denies tenant users from accessing admin-only resources @ repetition 45 of 100[39m[90m               [39m [90m0.21s[39m  
  [31;1m⨯[39;22m[90m [39m[90mFilament panel denies tenant users from accessing admin-only resources @ repetition 46 of 100[39m[90m               [39m [90m0.20s[39m  
  [31;1m⨯[39;22m[90m [39m[90mFilament panel denies tenant users from accessing admin-only resources @ repetition 47 of 100[39m[90m               [39m [90m0.17s[39m  
  [31;1m⨯[39;22m[90m [39m[90mFilament panel denies tenant users from accessing admin-only resources @ repetition 48 of 100[39m[90m               [39m [90m0.17s[39m  
  [31;1m⨯[39;22m[90m [39m[90mFilament panel denies tenant users from accessing admin-only resources @ repetition 49 of 100[39m[90m               [39m [90m0.18s[39m  
  [31;1m⨯[39;22m[90m [39m[90mFilament panel denies tenant users from accessing admin-only resources @ repetition 50 of 100[39m[90m               [39m [90m0.34s[39m  
  [31;1m⨯[39;22m[90m [39m[90mFilament panel denies tenant users from accessing admin-only resources @ repetition 51 of 100[39m[90m               [39m [90m0.15s[39m  
  [31;1m⨯[39;22m[90m [39m[90mFilament panel denies tenant users from accessing admin-only resources @ repetition 52 of 100[39m[90m               [39m [90m0.19s[39m  
  [31;1m⨯[39;22m[90m [39m[90mFilament panel denies tenant users from accessing admin-only resources @ repetition 53 of 100[39m[90m               [39m [90m0.15s[39m  
  [31;1m⨯[39;22m[90m [39m[90mFilament panel denies tenant users from accessing admin-only resources @ repetition 54 of 100[39m[90m               [39m [90m0.18s[39m  
  [31;1m⨯[39;22m[90m [39m[90mFilament panel denies tenant users from accessing admin-only resources @ repetition 55 of 100[39m[90m               [39m [90m0.19s[39m  
  [31;1m⨯[39;22m[90m [39m[90mFilament panel denies tenant users from accessing admin-only resources @ repetition 56 of 100[39m[90m               [39m [90m0.17s[39m  
  [31;1m⨯[39;22m[90m [39m[90mFilament panel denies tenant users from accessing admin-only resources @ repetition 57 of 100[39m[90m               [39m [90m0.16s[39m  
  [31;1m⨯[39;22m[90m [39m[90mFilament panel denies tenant users from accessing admin-only resources @ repetition 58 of 100[39m[90m               [39m [90m0.34s[39m  
  [31;1m⨯[39;22m[90m [39m[90mFilament panel denies tenant users from accessing admin-only resources @ repetition 59 of 100[39m[90m               [39m [90m0.19s[39m  
  [31;1m⨯[39;22m[90m [39m[90mFilament panel denies tenant users from accessing admin-only resources @ repetition 60 of 100[39m[90m               [39m [90m0.20s[39m  
  [31;1m⨯[39;22m[90m [39m[90mFilament panel denies tenant users from accessing admin-only resources @ repetition 61 of 100[39m[90m               [39m [90m0.16s[39m  
  [31;1m⨯[39;22m[90m [39m[90mFilament panel denies tenant users from accessing admin-only resources @ repetition 62 of 100[39m[90m               [39m [90m0.22s[39m  
  [31;1m⨯[39;22m[90m [39m[90mFilament panel denies tenant users from accessing admin-only resources @ repetition 63 of 100[39m[90m               [39m [90m0.17s[39m  
  [31;1m⨯[39;22m[90m [39m[90mFilament panel denies tenant users from accessing admin-only resources @ repetition 64 of 100[39m[90m               [39m [90m0.12s[39m  
  [31;1m⨯[39;22m[90m [39m[90mFilament panel denies tenant users from accessing admin-only resources @ repetition 65 of 100[39m[90m               [39m [90m0.19s[39m  
  [31;1m⨯[39;22m[90m [39m[90mFilament panel denies tenant users from accessing admin-only resources @ repetition 66 of 100[39m[90m               [39m [90m0.44s[39m  
  [31;1m⨯[39;22m[90m [39m[90mFilament panel denies tenant users from accessing admin-only resources @ repetition 67 of 100[39m[90m               [39m [90m0.22s[39m  
  [31;1m⨯[39;22m[90m [39m[90mFilament panel denies tenant users from accessing admin-only resources @ repetition 68 of 100[39m[90m               [39m [90m0.23s[39m  
  [31;1m⨯[39;22m[90m [39m[90mFilament panel denies tenant users from accessing admin-only resources @ repetition 69 of 100[39m[90m               [39m [90m0.21s[39m  
  [31;1m⨯[39;22m[90m [39m[90mFilament panel denies tenant users from accessing admin-only resources @ repetition 70 of 100[39m[90m               [39m [90m0.22s[39m  
  [31;1m⨯[39;22m[90m [39m[90mFilament panel denies tenant users from accessing admin-only resources @ repetition 71 of 100[39m[90m               [39m [90m0.21s[39m  
  [31;1m⨯[39;22m[90m [39m[90mFilament panel denies tenant users from accessing admin-only resources @ repetition 72 of 100[39m[90m               [39m [90m0.24s[39m  
  [31;1m⨯[39;22m[90m [39m[90mFilament panel denies tenant users from accessing admin-only resources @ repetition 73 of 100[39m[90m               [39m [90m0.19s[39m  
  [31;1m⨯[39;22m[90m [39m[90mFilament panel denies tenant users from accessing admin-only resources @ repetition 74 of 100[39m[90m               [39m [90m0.44s[39m  
  [31;1m⨯[39;22m[90m [39m[90mFilament panel denies tenant users from accessing admin-only resources @ repetition 75 of 100[39m[90m               [39m [90m0.23s[39m  
  [31;1m⨯[39;22m[90m [39m[90mFilament panel denies tenant users from accessing admin-only resources @ repetition 76 of 100[39m[90m               [39m [90m0.17s[39m  
  [31;1m⨯[39;22m[90m [39m[90mFilament panel denies tenant users from accessing admin-only resources @ repetition 77 of 100[39m[90m               [39m [90m0.21s[39m  
  [31;1m⨯[39;22m[90m [39m[90mFilament panel denies tenant users from accessing admin-only resources @ repetition 78 of 100[39m[90m               [39m [90m0.20s[39m  
  [31;1m⨯[39;22m[90m [39m[90mFilament panel denies tenant users from accessing admin-only resources @ repetition 79 of 100[39m[90m               [39m [90m0.16s[39m  
  [31;1m⨯[39;22m[90m [39m[90mFilament panel denies tenant users from accessing admin-only resources @ repetition 80 of 100[39m[90m               [39m [90m0.21s[39m  
  [31;1m⨯[39;22m[90m [39m[90mFilament panel denies tenant users from accessing admin-only resources @ repetition 81 of 100[39m[90m               [39m [90m0.18s[39m  
  [31;1m⨯[39;22m[90m [39m[90mFilament panel denies tenant users from accessing admin-only resources @ repetition 82 of 100[39m[90m               [39m [90m0.43s[39m  
  [31;1m⨯[39;22m[90m [39m[90mFilament panel denies tenant users from accessing admin-only resources @ repetition 83 of 100[39m[90m               [39m [90m0.21s[39m  
  [31;1m⨯[39;22m[90m [39m[90mFilament panel denies tenant users from accessing admin-only resources @ repetition 84 of 100[39m[90m               [39m [90m0.19s[39m  
  [31;1m⨯[39;22m[90m [39m[90mFilament panel denies tenant users from accessing admin-only resources @ repetition 85 of 100[39m[90m               [39m [90m0.21s[39m  
  [31;1m⨯[39;22m[90m [39m[90mFilament panel denies tenant users from accessing admin-only resources @ repetition 86 of 100[39m[90m               [39m [90m0.19s[39m  
  [31;1m⨯[39;22m[90m [39m[90mFilament panel denies tenant users from accessing admin-only resources @ repetition 87 of 100[39m[90m               [39m [90m0.21s[39m  
  [31;1m⨯[39;22m[90m [39m[90mFilament panel denies tenant users from accessing admin-only resources @ repetition 88 of 100[39m[90m               [39m [90m0.19s[39m  
  [31;1m⨯[39;22m[90m [39m[90mFilament panel denies tenant users from accessing admin-only resources @ repetition 89 of 100[39m[90m               [39m [90m0.20s[39m  
  [31;1m⨯[39;22m[90m [39m[90mFilament panel denies tenant users from accessing admin-only resources @ repetition 90 of 100[39m[90m               [39m [90m0.40s[39m  
  [31;1m⨯[39;22m[90m [39m[90mFilament panel denies tenant users from accessing admin-only resources @ repetition 91 of 100[39m[90m               [39m [90m0.21s[39m  
  [31;1m⨯[39;22m[90m [39m[90mFilament panel denies tenant users from accessing admin-only resources @ repetition 92 of 100[39m[90m               [39m [90m0.21s[39m  
  [31;1m⨯[39;22m[90m [39m[90mFilament panel denies tenant users from accessing admin-only resources @ repetition 93 of 100[39m[90m               [39m [90m0.21s[39m  
  [31;1m⨯[39;22m[90m [39m[90mFilament panel denies tenant users from accessing admin-only resources @ repetition 94 of 100[39m[90m               [39m [90m0.21s[39m  
  [31;1m⨯[39;22m[90m [39m[90mFilament panel denies tenant users from accessing admin-only resources @ repetition 95 of 100[39m[90m               [39m [90m0.22s[39m  
  [31;1m⨯[39;22m[90m [39m[90mFilament panel denies tenant users from accessing admin-only resources @ repetition 96 of 100[39m[90m               [39m [90m0.21s[39m  
  [31;1m⨯[39;22m[90m [39m[90mFilament panel denies tenant users from accessing admin-only resources @ repetition 97 of 100[39m[90m               [39m [90m0.21s[39m  
  [31;1m⨯[39;22m[90m [39m[90mFilament panel denies tenant users from accessing admin-only resources @ repetition 98 of 100[39m[90m               [39m [90m0.40s[39m  
  [31;1m⨯[39;22m[90m [39m[90mFilament panel denies tenant users from accessing admin-only resources @ repetition 99 of 100[39m[90m               [39m [90m0.17s[39m  
  [31;1m⨯[39;22m[90m [39m[90mFilament panel denies tenant users from accessing admin-only resources @ repetition 100 of 100[39m[90m              [39m [90m0.22s[39m  
  [31;1m⨯[39;22m[90m [39m[90mFilament panel denies tenant users from accessing operational resources @ repetition 1 of 100[39m[90m               [39m [90m0.20s[39m  
  [31;1m⨯[39;22m[90m [39m[90mFilament panel denies tenant users from accessing operational resources @ repetition 2 of 100[39m[90m               [39m [90m0.21s[39m  
  [31;1m⨯[39;22m[90m [39m[90mFilament panel denies tenant users from accessing operational resources @ repetition 3 of 100[39m[90m               [39m [90m0.16s[39m  
  [31;1m⨯[39;22m[90m [39m[90mFilament panel denies tenant users from accessing operational resources @ repetition 4 of 100[39m[90m               [39m [90m0.40s[39m  
  [31;1m⨯[39;22m[90m [39m[90mFilament panel denies tenant users from accessing operational resources @ repetition 5 of 100[39m[90m               [39m [90m0.20s[39m  
  [31;1m⨯[39;22m[90m [39m[90mFilament panel denies tenant users from accessing operational resources @ repetition 6 of 100[39m[90m               [39m [90m0.17s[39m  
  [31;1m⨯[39;22m[90m [39m[90mFilament panel denies tenant users from accessing operational resources @ repetition 7 of 100[39m[90m               [39m [90m0.22s[39m  
  [31;1m⨯[39;22m[90m [39m[90mFilament panel denies tenant users from accessing operational resources @ repetition 8 of 100[39m[90m               [39m [90m0.22s[39m  
  [31;1m⨯[39;22m[90m [39m[90mFilament panel denies tenant users from accessing operational resources @ repetition 9 of 100[39m[90m               [39m [90m0.15s[39m  
  [31;1m⨯[39;22m[90m [39m[90mFilament panel denies tenant users from accessing operational resources @ repetition 10 of 100[39m[90m              [39m [90m0.23s[39m  
  [31;1m⨯[39;22m[90m [39m[90mFilament panel denies tenant users from accessing operational resources @ repetition 11 of 100[39m[90m              [39m [90m0.18s[39m  
  [31;1m⨯[39;22m[90m [39m[90mFilament panel denies tenant users from accessing operational resources @ repetition 12 of 100[39m[90m              [39m [90m0.39s[39m  
  [31;1m⨯[39;22m[90m [39m[90mFilament panel denies tenant users from accessing operational resources @ repetition 13 of 100[39m[90m              [39m [90m0.20s[39m  
  [31;1m⨯[39;22m[90m [39m[90mFilament panel denies tenant users from accessing operational resources @ repetition 14 of 100[39m[90m              [39m [90m0.19s[39m  
  [31;1m⨯[39;22m[90m [39m[90mFilament panel denies tenant users from accessing operational resources @ repetition 15 of 100[39m[90m              [39m [90m0.20s[39m  
  [31;1m⨯[39;22m[90m [39m[90mFilament panel denies tenant users from accessing operational resources @ repetition 16 of 100[39m[90m              [39m [90m0.20s[39m  
  [31;1m⨯[39;22m[90m [39m[90mFilament panel denies tenant users from accessing operational resources @ repetition 17 of 100[39m[90m              [39m [90m0.22s[39m  
  [31;1m⨯[39;22m[90m [39m[90mFilament panel denies tenant users from accessing operational resources @ repetition 18 of 100[39m[90m              [39m [90m0.21s[39m  
  [31;1m⨯[39;22m[90m [39m[90mFilament panel denies tenant users from accessing operational resources @ repetition 19 of 100[39m[90m              [39m [90m0.21s[39m  
  [31;1m⨯[39;22m[90m [39m[90mFilament panel denies tenant users from accessing operational resources @ repetition 20 of 100[39m[90m              [39m [90m0.43s[39m  
  [31;1m⨯[39;22m[90m [39m[90mFilament panel denies tenant users from accessing operational resources @ repetition 21 of 100[39m[90m              [39m [90m0.20s[39m  
  [31;1m⨯[39;22m[90m [39m[90mFilament panel denies tenant users from accessing operational resources @ repetition 22 of 100[39m[90m              [39m [90m0.22s[39m  
  [31;1m⨯[39;22m[90m [39m[90mFilament panel denies tenant users from accessing operational resources @ repetition 23 of 100[39m[90m              [39m [90m0.16s[39m  
  [31;1m⨯[39;22m[90m [39m[90mFilament panel denies tenant users from accessing operational resources @ repetition 24 of 100[39m[90m              [39m [90m0.19s[39m  
  [31;1m⨯[39;22m[90m [39m[90mFilament panel denies tenant users from accessing operational resources @ repetition 25 of 100[39m[90m              [39m [90m0.22s[39m  
  [31;1m⨯[39;22m[90m [39m[90mFilament panel denies tenant users from accessing operational resources @ repetition 26 of 100[39m[90m              [39m [90m0.19s[39m  
  [31;1m⨯[39;22m[90m [39m[90mFilament panel denies tenant users from accessing operational resources @ repetition 27 of 100[39m[90m              [39m [90m0.22s[39m  
  [31;1m⨯[39;22m[90m [39m[90mFilament panel denies tenant users from accessing operational resources @ repetition 28 of 100[39m[90m              [39m [90m0.38s[39m  
  [31;1m⨯[39;22m[90m [39m[90mFilament panel denies tenant users from accessing operational resources @ repetition 29 of 100[39m[90m              [39m [90m0.22s[39m  
  [31;1m⨯[39;22m[90m [39m[90mFilament panel denies tenant users from accessing operational resources @ repetition 30 of 100[39m[90m              [39m [90m0.22s[39m  
  [31;1m⨯[39;22m[90m [39m[90mFilament panel denies tenant users from accessing operational resources @ repetition 31 of 100[39m[90m              [39m [90m0.24s[39m  
  [31;1m⨯[39;22m[90m [39m[90mFilament panel denies tenant users from accessing operational resources @ repetition 32 of 100[39m[90m              [39m [90m0.15s[39m  
  [31;1m⨯[39;22m[90m [39m[90mFilament panel denies tenant users from accessing operational resources @ repetition 33 of 100[39m[90m              [39m [90m0.23s[39m  
  [31;1m⨯[39;22m[90m [39m[90mFilament panel denies tenant users from accessing operational resources @ repetition 34 of 100[39m[90m              [39m [90m0.23s[39m  
  [31;1m⨯[39;22m[90m [39m[90mFilament panel denies tenant users from accessing operational resources @ repetition 35 of 100[39m[90m              [39m [90m0.18s[39m  
  [31;1m⨯[39;22m[90m [39m[90mFilament panel denies tenant users from accessing operational resources @ repetition 36 of 100[39m[90m              [39m [90m0.41s[39m  
  [31;1m⨯[39;22m[90m [39m[90mFilament panel denies tenant users from accessing operational resources @ repetition 37 of 100[39m[90m              [39m [90m0.18s[39m  
  [31;1m⨯[39;22m[90m [39m[90mFilament panel denies tenant users from accessing operational resources @ repetition 38 of 100[39m[90m              [39m [90m0.21s[39m  
  [31;1m⨯[39;22m[90m [39m[90mFilament panel denies tenant users from accessing operational resources @ repetition 39 of 100[39m[90m              [39m [90m0.21s[39m  
  [31;1m⨯[39;22m[90m [39m[90mFilament panel denies tenant users from accessing operational resources @ repetition 40 of 100[39m[90m              [39m [90m0.19s[39m  
  [31;1m⨯[39;22m[90m [39m[90mFilament panel denies tenant users from accessing operational resources @ repetition 41 of 100[39m[90m              [39m [90m0.19s[39m  
  [31;1m⨯[39;22m[90m [39m[90mFilament panel denies tenant users from accessing operational resources @ repetition 42 of 100[39m[90m              [39m [90m0.24s[39m  
  [31;1m⨯[39;22m[90m [39m[90mFilament panel denies tenant users from accessing operational resources @ repetition 43 of 100[39m[90m              [39m [90m0.20s[39m  
  [31;1m⨯[39;22m[90m [39m[90mFilament panel denies tenant users from accessing operational resources @ repetition 44 of 100[39m[90m              [39m [90m0.40s[39m  
  [31;1m⨯[39;22m[90m [39m[90mFilament panel denies tenant users from accessing operational resources @ repetition 45 of 100[39m[90m              [39m [90m0.22s[39m  
  [31;1m⨯[39;22m[90m [39m[90mFilament panel denies tenant users from accessing operational resources @ repetition 46 of 100[39m[90m              [39m [90m0.21s[39m  
  [31;1m⨯[39;22m[90m [39m[90mFilament panel denies tenant users from accessing operational resources @ repetition 47 of 100[39m[90m              [39m [90m0.21s[39m  
  [31;1m⨯[39;22m[90m [39m[90mFilament panel denies tenant users from accessing operational resources @ repetition 48 of 100[39m[90m              [39m [90m0.21s[39m  
  [31;1m⨯[39;22m[90m [39m[90mFilament panel denies tenant users from accessing operational resources @ repetition 49 of 100[39m[90m              [39m [90m0.17s[39m  
  [31;1m⨯[39;22m[90m [39m[90mFilament panel denies tenant users from accessing operational resources @ repetition 50 of 100[39m[90m              [39m [90m0.17s[39m  
  [31;1m⨯[39;22m[90m [39m[90mFilament panel denies tenant users from accessing operational resources @ repetition 51 of 100[39m[90m              [39m [90m0.22s[39m  
  [31;1m⨯[39;22m[90m [39m[90mFilament panel denies tenant users from accessing operational resources @ repetition 52 of 100[39m[90m              [39m [90m0.39s[39m  
  [31;1m⨯[39;22m[90m [39m[90mFilament panel denies tenant users from accessing operational resources @ repetition 53 of 100[39m[90m              [39m [90m0.20s[39m  
  [31;1m⨯[39;22m[90m [39m[90mFilament panel denies tenant users from accessing operational resources @ repetition 54 of 100[39m[90m              [39m [90m0.21s[39m  
  [31;1m⨯[39;22m[90m [39m[90mFilament panel denies tenant users from accessing operational resources @ repetition 55 of 100[39m[90m              [39m [90m0.13s[39m  
  [31;1m⨯[39;22m[90m [39m[90mFilament panel denies tenant users from accessing operational resources @ repetition 56 of 100[39m[90m              [39m [90m0.19s[39m  
  [31;1m⨯[39;22m[90m [39m[90mFilament panel denies tenant users from accessing operational resources @ repetition 57 of 100[39m[90m              [39m [90m0.18s[39m  
  [31;1m⨯[39;22m[90m [39m[90mFilament panel denies tenant users from accessing operational resources @ repetition 58 of 100[39m[90m              [39m [90m0.19s[39m  
  [31;1m⨯[39;22m[90m [39m[90mFilament panel denies tenant users from accessing operational resources @ repetition 59 of 100[39m[90m              [39m [90m0.19s[39m  
  [31;1m⨯[39;22m[90m [39m[90mFilament panel denies tenant users from accessing operational resources @ repetition 60 of 100[39m[90m              [39m [90m0.38s[39m  
  [31;1m⨯[39;22m[90m [39m[90mFilament panel denies tenant users from accessing operational resources @ repetition 61 of 100[39m[90m              [39m [90m0.20s[39m  
  [31;1m⨯[39;22m[90m [39m[90mFilament panel denies tenant users from accessing operational resources @ repetition 62 of 100[39m[90m              [39m [90m0.14s[39m  
  [31;1m⨯[39;22m[90m [39m[90mFilament panel denies tenant users from accessing operational resources @ repetition 63 of 100[39m[90m              [39m [90m0.17s[39m  
  [31;1m⨯[39;22m[90m [39m[90mFilament panel denies tenant users from accessing operational resources @ repetition 64 of 100[39m[90m              [39m [90m0.19s[39m  
  [31;1m⨯[39;22m[90m [39m[90mFilament panel denies tenant users from accessing operational resources @ repetition 65 of 100[39m[90m              [39m [90m0.18s[39m  
  [31;1m⨯[39;22m[90m [39m[90mFilament panel denies tenant users from accessing operational resources @ repetition 66 of 100[39m[90m              [39m [90m0.17s[39m  
  [31;1m⨯[39;22m[90m [39m[90mFilament panel denies tenant users from accessing operational resources @ repetition 67 of 100[39m[90m              [39m [90m0.18s[39m  
  [31;1m⨯[39;22m[90m [39m[90mFilament panel denies tenant users from accessing operational resources @ repetition 68 of 100[39m[90m              [39m [90m0.38s[39m  
  [31;1m⨯[39;22m[90m [39m[90mFilament panel denies tenant users from accessing operational resources @ repetition 69 of 100[39m[90m              [39m [90m0.18s[39m  
  [31;1m⨯[39;22m[90m [39m[90mFilament panel denies tenant users from accessing operational resources @ repetition 70 of 100[39m[90m              [39m [90m0.18s[39m  
  [31;1m⨯[39;22m[90m [39m[90mFilament panel denies tenant users from accessing operational resources @ repetition 71 of 100[39m[90m              [39m [90m0.13s[39m  
  [31;1m⨯[39;22m[90m [39m[90mFilament panel denies tenant users from accessing operational resources @ repetition 72 of 100[39m[90m              [39m [90m0.17s[39m  
  [31;1m⨯[39;22m[90m [39m[90mFilament panel denies tenant users from accessing operational resources @ repetition 73 of 100[39m[90m              [39m [90m0.15s[39m  
  [31;1m⨯[39;22m[90m [39m[90mFilament panel denies tenant users from accessing operational resources @ repetition 74 of 100[39m[90m              [39m [90m0.18s[39m  
  [31;1m⨯[39;22m[90m [39m[90mFilament panel denies tenant users from accessing operational resources @ repetition 75 of 100[39m[90m              [39m [90m0.18s[39m  
  [31;1m⨯[39;22m[90m [39m[90mFilament panel denies tenant users from accessing operational resources @ repetition 76 of 100[39m[90m              [39m [90m0.44s[39m  
  [31;1m⨯[39;22m[90m [39m[90mFilament panel denies tenant users from accessing operational resources @ repetition 77 of 100[39m[90m              [39m [90m0.18s[39m  
  [31;1m⨯[39;22m[90m [39m[90mFilament panel denies tenant users from accessing operational resources @ repetition 78 of 100[39m[90m              [39m [90m0.21s[39m  
  [31;1m⨯[39;22m[90m [39m[90mFilament panel denies tenant users from accessing operational resources @ repetition 79 of 100[39m[90m              [39m [90m0.22s[39m  
  [31;1m⨯[39;22m[90m [39m[90mFilament panel denies tenant users from accessing operational resources @ repetition 80 of 100[39m[90m              [39m [90m0.18s[39m  
  [31;1m⨯[39;22m[90m [39m[90mFilament panel denies tenant users from accessing operational resources @ repetition 81 of 100[39m[90m              [39m [90m0.21s[39m  
  [31;1m⨯[39;22m[90m [39m[90mFilament panel denies tenant users from accessing operational resources @ repetition 82 of 100[39m[90m              [39m [90m0.15s[39m  
  [31;1m⨯[39;22m[90m [39m[90mFilament panel denies tenant users from accessing operational resources @ repetition 83 of 100[39m[90m              [39m [90m0.17s[39m  
  [31;1m⨯[39;22m[90m [39m[90mFilament panel denies tenant users from accessing operational resources @ repetition 84 of 100[39m[90m              [39m [90m0.36s[39m  
  [31;1m⨯[39;22m[90m [39m[90mFilament panel denies tenant users from accessing operational resources @ repetition 85 of 100[39m[90m              [39m [90m0.18s[39m  
  [31;1m⨯[39;22m[90m [39m[90mFilament panel denies tenant users from accessing operational resources @ repetition 86 of 100[39m[90m              [39m [90m0.15s[39m  
  [31;1m⨯[39;22m[90m [39m[90mFilament panel denies tenant users from accessing operational resources @ repetition 87 of 100[39m[90m              [39m [90m0.13s[39m  
  [31;1m⨯[39;22m[90m [39m[90mFilament panel denies tenant users from accessing operational resources @ repetition 88 of 100[39m[90m              [39m [90m0.18s[39m  
  [31;1m⨯[39;22m[90m [39m[90mFilament panel denies tenant users from accessing operational resources @ repetition 89 of 100[39m[90m              [39m [90m0.18s[39m  
  [31;1m⨯[39;22m[90m [39m[90mFilament panel denies tenant users from accessing operational resources @ repetition 90 of 100[39m[90m              [39m [90m0.16s[39m  
  [31;1m⨯[39;22m[90m [39m[90mFilament panel denies tenant users from accessing operational resources @ repetition 91 of 100[39m[90m              [39m [90m0.18s[39m  
  [31;1m⨯[39;22m[90m [39m[90mFilament panel denies tenant users from accessing operational resources @ repetition 92 of 100[39m[90m              [39m [90m0.31s[39m  
  [31;1m⨯[39;22m[90m [39m[90mFilament panel denies tenant users from accessing operational resources @ repetition 93 of 100[39m[90m              [39m [90m0.19s[39m  
  [31;1m⨯[39;22m[90m [39m[90mFilament panel denies tenant users from accessing operational resources @ repetition 94 of 100[39m[90m              [39m [90m0.18s[39m  
  [31;1m⨯[39;22m[90m [39m[90mFilament panel denies tenant users from accessing operational resources @ repetition 95 of 100[39m[90m              [39m [90m0.17s[39m  
  [31;1m⨯[39;22m[90m [39m[90mFilament panel denies tenant users from accessing operational resources @ repetition 96 of 100[39m[90m              [39m [90m0.18s[39m  
  [31;1m⨯[39;22m[90m [39m[90mFilament panel denies tenant users from accessing operational resources @ repetition 97 of 100[39m[90m              [39m [90m0.20s[39m  
  [31;1m⨯[39;22m[90m [39m[90mFilament panel denies tenant users from accessing operational resources @ repetition 98 of 100[39m[90m              [39m [90m0.17s[39m  
  [31;1m⨯[39;22m[90m [39m[90mFilament panel denies tenant users from accessing operational resources @ repetition 99 of 100[39m[90m              [39m [90m0.19s[39m  
  [31;1m⨯[39;22m[90m [39m[90mFilament panel denies tenant users from accessing operational resources @ repetition 100 of 100[39m[90m             [39m [90m0.37s[39m  
  [31;1m⨯[39;22m[90m [39m[90mFilament panel denies manager users from accessing admin-only resources @ repetition 1 of 100[39m[90m               [39m [90m0.19s[39m  
  [31;1m⨯[39;22m[90m [39m[90mFilament panel denies manager users from accessing admin-only resources @ repetition 2 of 100[39m[90m               [39m [90m0.15s[39m  
  [31;1m⨯[39;22m[90m [39m[90mFilament panel denies manager users from accessing admin-only resources @ repetition 3 of 100[39m[90m               [39m [90m0.13s[39m  
  [31;1m⨯[39;22m[90m [39m[90mFilament panel denies manager users from accessing admin-only resources @ repetition 4 of 100[39m[90m               [39m [90m0.20s[39m  
  [31;1m⨯[39;22m[90m [39m[90mFilament panel denies manager users from accessing admin-only resources @ repetition 5 of 100[39m[90m               [39m [90m0.16s[39m  
  [31;1m⨯[39;22m[90m [39m[90mFilament panel denies manager users from accessing admin-only resources @ repetition 6 of 100[39m[90m               [39m [90m0.43s[39m  
  [31;1m⨯[39;22m[90m [39m[90mFilament panel denies manager users from accessing admin-only resources @ repetition 7 of 100[39m[90m               [39m [90m0.19s[39m  
  [31;1m⨯[39;22m[90m [39m[90mFilament panel denies manager users from accessing admin-only resources @ repetition 8 of 100[39m[90m               [39m [90m0.18s[39m  
  [31;1m⨯[39;22m[90m [39m[90mFilament panel denies manager users from accessing admin-only resources @ repetition 9 of 100[39m[90m               [39m [90m0.27s[39m  
  [31;1m⨯[39;22m[90m [39m[90mFilament panel denies manager users from accessing admin-only resources @ repetition 10 of 100[39m[90m              [39m [90m0.20s[39m  
  [31;1m⨯[39;22m[90m [39m[90mFilament panel denies manager users from accessing admin-only resources @ repetition 11 of 100[39m[90m              [39m [90m0.24s[39m  
  [31;1m⨯[39;22m[90m [39m[90mFilament panel denies manager users from accessing admin-only resources @ repetition 12 of 100[39m[90m              [39m [90m0.19s[39m  
  [31;1m⨯[39;22m[90m [39m[90mFilament panel denies manager users from accessing admin-only resources @ repetition 13 of 100[39m[90m              [39m [90m0.18s[39m  
  [31;1m⨯[39;22m[90m [39m[90mFilament panel denies manager users from accessing admin-only resources @ repetition 14 of 100[39m[90m              [39m [90m0.43s[39m  
  [31;1m⨯[39;22m[90m [39m[90mFilament panel denies manager users from accessing admin-only resources @ repetition 15 of 100[39m[90m              [39m [90m0.18s[39m  
  [31;1m⨯[39;22m[90m [39m[90mFilament panel denies manager users from accessing admin-only resources @ repetition 16 of 100[39m[90m              [39m [90m0.20s[39m  
  [31;1m⨯[39;22m[90m [39m[90mFilament panel denies manager users from accessing admin-only resources @ repetition 17 of 100[39m[90m              [39m [90m0.21s[39m  
  [31;1m⨯[39;22m[90m [39m[90mFilament panel denies manager users from accessing admin-only resources @ repetition 18 of 100[39m[90m              [39m [90m0.18s[39m  
  [31;1m⨯[39;22m[90m [39m[90mFilament panel denies manager users from accessing admin-only resources @ repetition 19 of 100[39m[90m              [39m [90m0.18s[39m  
  [31;1m⨯[39;22m[90m [39m[90mFilament panel denies manager users from accessing admin-only resources @ repetition 20 of 100[39m[90m              [39m [90m0.20s[39m  
  [31;1m⨯[39;22m[90m [39m[90mFilament panel denies manager users from accessing admin-only resources @ repetition 21 of 100[39m[90m              [39m [90m0.21s[39m  
  [31;1m⨯[39;22m[90m [39m[90mFilament panel denies manager users from accessing admin-only resources @ repetition 22 of 100[39m[90m              [39m [90m0.37s[39m  
  [31;1m⨯[39;22m[90m [39m[90mFilament panel denies manager users from accessing admin-only resources @ repetition 23 of 100[39m[90m              [39m [90m0.15s[39m  
  [31;1m⨯[39;22m[90m [39m[90mFilament panel denies manager users from accessing admin-only resources @ repetition 24 of 100[39m[90m              [39m [90m0.20s[39m  
  [31;1m⨯[39;22m[90m [39m[90mFilament panel denies manager users from accessing admin-only resources @ repetition 25 of 100[39m[90m              [39m [90m0.21s[39m  
  [31;1m⨯[39;22m[90m [39m[90mFilament panel denies manager users from accessing admin-only resources @ repetition 26 of 100[39m[90m              [39m [90m0.20s[39m  
  [31;1m⨯[39;22m[90m [39m[90mFilament panel denies manager users from accessing admin-only resources @ repetition 27 of 100[39m[90m              [39m [90m0.19s[39m  
  [31;1m⨯[39;22m[90m [39m[90mFilament panel denies manager users from accessing admin-only resources @ repetition 28 of 100[39m[90m              [39m [90m0.22s[39m  
  [31;1m⨯[39;22m[90m [39m[90mFilament panel denies manager users from accessing admin-only resources @ repetition 29 of 100[39m[90m              [39m [90m0.21s[39m  
  [31;1m⨯[39;22m[90m [39m[90mFilament panel denies manager users from accessing admin-only resources @ repetition 30 of 100[39m[90m              [39m [90m0.40s[39m  
  [31;1m⨯[39;22m[90m [39m[90mFilament panel denies manager users from accessing admin-only resources @ repetition 31 of 100[39m[90m              [39m [90m0.15s[39m  
  [31;1m⨯[39;22m[90m [39m[90mFilament panel denies manager users from accessing admin-only resources @ repetition 32 of 100[39m[90m              [39m [90m0.24s[39m  
  [31;1m⨯[39;22m[90m [39m[90mFilament panel denies manager users from accessing admin-only resources @ repetition 33 of 100[39m[90m              [39m [90m0.23s[39m  
  [31;1m⨯[39;22m[90m [39m[90mFilament panel denies manager users from accessing admin-only resources @ repetition 34 of 100[39m[90m              [39m [90m0.23s[39m  
  [31;1m⨯[39;22m[90m [39m[90mFilament panel denies manager users from accessing admin-only resources @ repetition 35 of 100[39m[90m              [39m [90m0.20s[39m  
  [31;1m⨯[39;22m[90m [39m[90mFilament panel denies manager users from accessing admin-only resources @ repetition 36 of 100[39m[90m              [39m [90m0.21s[39m  
  [31;1m⨯[39;22m[90m [39m[90mFilament panel denies manager users from accessing admin-only resources @ repetition 37 of 100[39m[90m              [39m [90m0.17s[39m  
  [31;1m⨯[39;22m[90m [39m[90mFilament panel denies manager users from accessing admin-only resources @ repetition 38 of 100[39m[90m              [39m [90m0.37s[39m  
  [31;1m⨯[39;22m[90m [39m[90mFilament panel denies manager users from accessing admin-only resources @ repetition 39 of 100[39m[90m              [39m [90m0.23s[39m  
  [31;1m⨯[39;22m[90m [39m[90mFilament panel denies manager users from accessing admin-only resources @ repetition 40 of 100[39m[90m              [39m [90m0.19s[39m  
  [31;1m⨯[39;22m[90m [39m[90mFilament panel denies manager users from accessing admin-only resources @ repetition 41 of 100[39m[90m              [39m [90m0.16s[39m  
  [31;1m⨯[39;22m[90m [39m[90mFilament panel denies manager users from accessing admin-only resources @ repetition 42 of 100[39m[90m              [39m [90m0.20s[39m  
  [31;1m⨯[39;22m[90m [39m[90mFilament panel denies manager users from accessing admin-only resources @ repetition 43 of 100[39m[90m              [39m [90m0.20s[39m  
  [31;1m⨯[39;22m[90m [39m[90mFilament panel denies manager users from accessing admin-only resources @ repetition 44 of 100[39m[90m              [39m [90m0.19s[39m  
  [31;1m⨯[39;22m[90m [39m[90mFilament panel denies manager users from accessing admin-only resources @ repetition 45 of 100[39m[90m              [39m [90m0.21s[39m  
  [31;1m⨯[39;22m[90m [39m[90mFilament panel denies manager users from accessing admin-only resources @ repetition 46 of 100[39m[90m              [39m [90m0.37s[39m  
  [31;1m⨯[39;22m[90m [39m[90mFilament panel denies manager users from accessing admin-only resources @ repetition 47 of 100[39m[90m              [39m [90m0.18s[39m  
  [31;1m⨯[39;22m[90m [39m[90mFilament panel denies manager users from accessing admin-only resources @ repetition 48 of 100[39m[90m              [39m [90m0.19s[39m  
  [31;1m⨯[39;22m[90m [39m[90mFilament panel denies manager users from accessing admin-only resources @ repetition 49 of 100[39m[90m              [39m [90m0.20s[39m  
  [31;1m⨯[39;22m[90m [39m[90mFilament panel denies manager users from accessing admin-only resources @ repetition 50 of 100[39m[90m              [39m [90m0.17s[39m  
  [31;1m⨯[39;22m[90m [39m[90mFilament panel denies manager users from accessing admin-only resources @ repetition 51 of 100[39m[90m              [39m [90m0.19s[39m  
  [31;1m⨯[39;22m[90m [39m[90mFilament panel denies manager users from accessing admin-only resources @ repetition 52 of 100[39m[90m              [39m [90m0.20s[39m  
  [31;1m⨯[39;22m[90m [39m[90mFilament panel denies manager users from accessing admin-only resources @ repetition 53 of 100[39m[90m              [39m [90m0.22s[39m  
  [31;1m⨯[39;22m[90m [39m[90mFilament panel denies manager users from accessing admin-only resources @ repetition 54 of 100[39m[90m              [39m [90m0.44s[39m  
  [31;1m⨯[39;22m[90m [39m[90mFilament panel denies manager users from accessing admin-only resources @ repetition 55 of 100[39m[90m              [39m [90m0.20s[39m  
  [31;1m⨯[39;22m[90m [39m[90mFilament panel denies manager users from accessing admin-only resources @ repetition 56 of 100[39m[90m              [39m [90m0.17s[39m  
  [31;1m⨯[39;22m[90m [39m[90mFilament panel denies manager users from accessing admin-only resources @ repetition 57 of 100[39m[90m              [39m [90m0.20s[39m  
  [31;1m⨯[39;22m[90m [39m[90mFilament panel denies manager users from accessing admin-only resources @ repetition 58 of 100[39m[90m              [39m [90m0.19s[39m  
  [31;1m⨯[39;22m[90m [39m[90mFilament panel denies manager users from accessing admin-only resources @ repetition 59 of 100[39m[90m              [39m [90m0.17s[39m  
  [31;1m⨯[39;22m[90m [39m[90mFilament panel denies manager users from accessing admin-only resources @ repetition 60 of 100[39m[90m              [39m [90m0.18s[39m  
  [31;1m⨯[39;22m[90m [39m[90mFilament panel denies manager users from accessing admin-only resources @ repetition 61 of 100[39m[90m              [39m [90m0.17s[39m  
  [31;1m⨯[39;22m[90m [39m[90mFilament panel denies manager users from accessing admin-only resources @ repetition 62 of 100[39m[90m              [39m [90m0.37s[39m  
  [31;1m⨯[39;22m[90m [39m[90mFilament panel denies manager users from accessing admin-only resources @ repetition 63 of 100[39m[90m              [39m [90m0.19s[39m  
  [31;1m⨯[39;22m[90m [39m[90mFilament panel denies manager users from accessing admin-only resources @ repetition 64 of 100[39m[90m              [39m [90m0.19s[39m  
  [31;1m⨯[39;22m[90m [39m[90mFilament panel denies manager users from accessing admin-only resources @ repetition 65 of 100[39m[90m              [39m [90m0.20s[39m  
  [31;1m⨯[39;22m[90m [39m[90mFilament panel denies manager users from accessing admin-only resources @ repetition 66 of 100[39m[90m              [39m [90m0.17s[39m  
  [31;1m⨯[39;22m[90m [39m[90mFilament panel denies manager users from accessing admin-only resources @ repetition 67 of 100[39m[90m              [39m [90m0.19s[39m  
  [31;1m⨯[39;22m[90m [39m[90mFilament panel denies manager users from accessing admin-only resources @ repetition 68 of 100[39m[90m              [39m [90m0.19s[39m  
  [31;1m⨯[39;22m[90m [39m[90mFilament panel denies manager users from accessing admin-only resources @ repetition 69 of 100[39m[90m              [39m [90m0.20s[39m  
  [31;1m⨯[39;22m[90m [39m[90mFilament panel denies manager users from accessing admin-only resources @ repetition 70 of 100[39m[90m              [39m [90m0.40s[39m  
  [31;1m⨯[39;22m[90m [39m[90mFilament panel denies manager users from accessing admin-only resources @ repetition 71 of 100[39m[90m              [39m [90m0.18s[39m  
  [31;1m⨯[39;22m[90m [39m[90mFilament panel denies manager users from accessing admin-only resources @ repetition 72 of 100[39m[90m              [39m [90m0.20s[39m  
  [31;1m⨯[39;22m[90m [39m[90mFilament panel denies manager users from accessing admin-only resources @ repetition 73 of 100[39m[90m              [39m [90m0.19s[39m  
  [31;1m⨯[39;22m[90m [39m[90mFilament panel denies manager users from accessing admin-only resources @ repetition 74 of 100[39m[90m              [39m [90m0.20s[39m  
  [31;1m⨯[39;22m[90m [39m[90mFilament panel denies manager users from accessing admin-only resources @ repetition 75 of 100[39m[90m              [39m [90m0.20s[39m  
  [31;1m⨯[39;22m[90m [39m[90mFilament panel denies manager users from accessing admin-only resources @ repetition 76 of 100[39m[90m              [39m [90m0.21s[39m  
  [31;1m⨯[39;22m[90m [39m[90mFilament panel denies manager users from accessing admin-only resources @ repetition 77 of 100[39m[90m              [39m [90m0.20s[39m  
  [31;1m⨯[39;22m[90m [39m[90mFilament panel denies manager users from accessing admin-only resources @ repetition 78 of 100[39m[90m              [39m [90m0.39s[39m  
  [31;1m⨯[39;22m[90m [39m[90mFilament panel denies manager users from accessing admin-only resources @ repetition 79 of 100[39m[90m              [39m [90m0.21s[39m  
  [31;1m⨯[39;22m[90m [39m[90mFilament panel denies manager users from accessing admin-only resources @ repetition 80 of 100[39m[90m              [39m [90m0.18s[39m  
  [31;1m⨯[39;22m[90m [39m[90mFilament panel denies manager users from accessing admin-only resources @ repetition 81 of 100[39m[90m              [39m [90m0.20s[39m  
  [31;1m⨯[39;22m[90m [39m[90mFilament panel denies manager users from accessing admin-only resources @ repetition 82 of 100[39m[90m              [39m [90m0.20s[39m  
  [31;1m⨯[39;22m[90m [39m[90mFilament panel denies manager users from accessing admin-only resources @ repetition 83 of 100[39m[90m              [39m [90m0.20s[39m  
  [31;1m⨯[39;22m[90m [39m[90mFilament panel denies manager users from accessing admin-only resources @ repetition 84 of 100[39m[90m              [39m [90m0.19s[39m  
  [31;1m⨯[39;22m[90m [39m[90mFilament panel denies manager users from accessing admin-only resources @ repetition 85 of 100[39m[90m              [39m [90m0.21s[39m  
  [31;1m⨯[39;22m[90m [39m[90mFilament panel denies manager users from accessing admin-only resources @ repetition 86 of 100[39m[90m              [39m [90m0.37s[39m  
  [31;1m⨯[39;22m[90m [39m[90mFilament panel denies manager users from accessing admin-only resources @ repetition 87 of 100[39m[90m              [39m [90m0.22s[39m  
  [31;1m⨯[39;22m[90m [39m[90mFilament panel denies manager users from accessing admin-only resources @ repetition 88 of 100[39m[90m              [39m [90m0.18s[39m  
  [31;1m⨯[39;22m[90m [39m[90mFilament panel denies manager users from accessing admin-only resources @ repetition 89 of 100[39m[90m              [39m [90m0.16s[39m  
  [31;1m⨯[39;22m[90m [39m[90mFilament panel denies manager users from accessing admin-only resources @ repetition 90 of 100[39m[90m              [39m [90m0.23s[39m  
  [31;1m⨯[39;22m[90m [39m[90mFilament panel denies manager users from accessing admin-only resources @ repetition 91 of 100[39m[90m              [39m [90m0.24s[39m  
  [31;1m⨯[39;22m[90m [39m[90mFilament panel denies manager users from accessing admin-only resources @ repetition 92 of 100[39m[90m              [39m [90m0.22s[39m  
  [31;1m⨯[39;22m[90m [39m[90mFilament panel denies manager users from accessing admin-only resources @ repetition 93 of 100[39m[90m              [39m [90m0.20s[39m  
  [31;1m⨯[39;22m[90m [39m[90mFilament panel denies manager users from accessing admin-only resources @ repetition 94 of 100[39m[90m              [39m [90m0.38s[39m  
  [31;1m⨯[39;22m[90m [39m[90mFilament panel denies manager users from accessing admin-only resources @ repetition 95 of 100[39m[90m              [39m [90m0.19s[39m  
  [31;1m⨯[39;22m[90m [39m[90mFilament panel denies manager users from accessing admin-only resources @ repetition 96 of 100[39m[90m              [39m [90m0.22s[39m  
  [31;1m⨯[39;22m[90m [39m[90mFilament panel denies manager users from accessing admin-only resources @ repetition 97 of 100[39m[90m              [39m [90m0.21s[39m  
  [31;1m⨯[39;22m[90m [39m[90mFilament panel denies manager users from accessing admin-only resources @ repetition 98 of 100[39m[90m              [39m [90m0.18s[39m  
  [31;1m⨯[39;22m[90m [39m[90mFilament panel denies manager users from accessing admin-only resources @ repetition 99 of 100[39m[90m              [39m [90m0.22s[39m  
  [31;1m⨯[39;22m[90m [39m[90mFilament panel denies manager users from accessing admin-only resources @ repetition 100 of 100[39m[90m             [39m [90m0.14s[39m  
  [32;1m✓[39;22m[90m [39m[90mFilament panel denies tenant users from creating resources @ repetition 1 of 100[39m[90m                            [39m [90m0.39s[39m  
  [32;1m✓[39;22m[90m [39m[90mFilament panel denies tenant users from creating resources @ repetition 2 of 100[39m[90m                            [39m [90m0.16s[39m  
  [32;1m✓[39;22m[90m [39m[90mFilament panel denies tenant users from creating resources @ repetition 3 of 100[39m[90m                            [39m [90m0.21s[39m  
  [32;1m✓[39;22m[90m [39m[90mFilament panel denies tenant users from creating resources @ repetition 4 of 100[39m[90m                            [39m [90m0.21s[39m  
  [32;1m✓[39;22m[90m [39m[90mFilament panel denies tenant users from creating resources @ repetition 5 of 100[39m[90m                            [39m [90m0.21s[39m  
  [32;1m✓[39;22m[90m [39m[90mFilament panel denies tenant users from creating resources @ repetition 6 of 100[39m[90m                            [39m [90m0.13s[39m  
  [32;1m✓[39;22m[90m [39m[90mFilament panel denies tenant users from creating resources @ repetition 7 of 100[39m[90m                            [39m [90m0.21s[39m  
  [32;1m✓[39;22m[90m [39m[90mFilament panel denies tenant users from creating resources @ repetition 8 of 100[39m[90m                            [39m [90m0.20s[39m  
  [32;1m✓[39;22m[90m [39m[90mFilament panel denies tenant users from creating resources @ repetition 9 of 100[39m[90m                            [39m [90m0.37s[39m  
  [32;1m✓[39;22m[90m [39m[90mFilament panel denies tenant users from creating resources @ repetition 10 of 100[39m[90m                           [39m [90m0.18s[39m  
  [32;1m✓[39;22m[90m [39m[90mFilament panel denies tenant users from creating resources @ repetition 11 of 100[39m[90m                           [39m [90m0.19s[39m  
  [32;1m✓[39;22m[90m [39m[90mFilament panel denies tenant users from creating resources @ repetition 12 of 100[39m[90m                           [39m [90m0.19s[39m  
  [32;1m✓[39;22m[90m [39m[90mFilament panel denies tenant users from creating resources @ repetition 13 of 100[39m[90m                           [39m [90m0.19s[39m  
  [32;1m✓[39;22m[90m [39m[90mFilament panel denies tenant users from creating resources @ repetition 14 of 100[39m[90m                           [39m [90m0.17s[39m  
  [32;1m✓[39;22m[90m [39m[90mFilament panel denies tenant users from creating resources @ repetition 15 of 100[39m[90m                           [39m [90m0.20s[39m  
  [32;1m✓[39;22m[90m [39m[90mFilament panel denies tenant users from creating resources @ repetition 16 of 100[39m[90m                           [39m [90m0.16s[39m  
  [32;1m✓[39;22m[90m [39m[90mFilament panel denies tenant users from creating resources @ repetition 17 of 100[39m[90m                           [39m [90m0.41s[39m  
  [32;1m✓[39;22m[90m [39m[90mFilament panel denies tenant users from creating resources @ repetition 18 of 100[39m[90m                           [39m [90m0.18s[39m  
  [32;1m✓[39;22m[90m [39m[90mFilament panel denies tenant users from creating resources @ repetition 19 of 100[39m[90m                           [39m [90m0.20s[39m  
  [32;1m✓[39;22m[90m [39m[90mFilament panel denies tenant users from creating resources @ repetition 20 of 100[39m[90m                           [39m [90m0.19s[39m  
  [32;1m✓[39;22m[90m [39m[90mFilament panel denies tenant users from creating resources @ repetition 21 of 100[39m[90m                           [39m [90m0.15s[39m  
  [32;1m✓[39;22m[90m [39m[90mFilament panel denies tenant users from creating resources @ repetition 22 of 100[39m[90m                           [39m [90m0.22s[39m  
  [32;1m✓[39;22m[90m [39m[90mFilament panel denies tenant users from creating resources @ repetition 23 of 100[39m[90m                           [39m [90m0.24s[39m  
  [32;1m✓[39;22m[90m [39m[90mFilament panel denies tenant users from creating resources @ repetition 24 of 100[39m[90m                           [39m [90m0.22s[39m  
  [32;1m✓[39;22m[90m [39m[90mFilament panel denies tenant users from creating resources @ repetition 25 of 100[39m[90m                           [39m [90m0.41s[39m  
  [32;1m✓[39;22m[90m [39m[90mFilament panel denies tenant users from creating resources @ repetition 26 of 100[39m[90m                           [39m [90m0.19s[39m  
  [32;1m✓[39;22m[90m [39m[90mFilament panel denies tenant users from creating resources @ repetition 27 of 100[39m[90m                           [39m [90m0.20s[39m  
  [32;1m✓[39;22m[90m [39m[90mFilament panel denies tenant users from creating resources @ repetition 28 of 100[39m[90m                           [39m [90m0.19s[39m  
  [32;1m✓[39;22m[90m [39m[90mFilament panel denies tenant users from creating resources @ repetition 29 of 100[39m[90m                           [39m [90m0.19s[39m  
  [32;1m✓[39;22m[90m [39m[90mFilament panel denies tenant users from creating resources @ repetition 30 of 100[39m[90m                           [39m [90m0.21s[39m  
  [32;1m✓[39;22m[90m [39m[90mFilament panel denies tenant users from creating resources @ repetition 31 of 100[39m[90m                           [39m [90m0.24s[39m  
  [32;1m✓[39;22m[90m [39m[90mFilament panel denies tenant users from creating resources @ repetition 32 of 100[39m[90m                           [39m [90m0.22s[39m  
  [32;1m✓[39;22m[90m [39m[90mFilament panel denies tenant users from creating resources @ repetition 33 of 100[39m[90m                           [39m [90m0.41s[39m  
  [32;1m✓[39;22m[90m [39m[90mFilament panel denies tenant users from creating resources @ repetition 34 of 100[39m[90m                           [39m [90m0.20s[39m  
  [32;1m✓[39;22m[90m [39m[90mFilament panel denies tenant users from creating resources @ repetition 35 of 100[39m[90m                           [39m [90m0.22s[39m  
  [32;1m✓[39;22m[90m [39m[90mFilament panel denies tenant users from creating resources @ repetition 36 of 100[39m[90m                           [39m [90m0.20s[39m  
  [32;1m✓[39;22m[90m [39m[90mFilament panel denies tenant users from creating resources @ repetition 37 of 100[39m[90m                           [39m [90m0.21s[39m  
  [32;1m✓[39;22m[90m [39m[90mFilament panel denies tenant users from creating resources @ repetition 38 of 100[39m[90m                           [39m [90m0.20s[39m  
  [32;1m✓[39;22m[90m [39m[90mFilament panel denies tenant users from creating resources @ repetition 39 of 100[39m[90m                           [39m [90m0.19s[39m  
  [32;1m✓[39;22m[90m [39m[90mFilament panel denies tenant users from creating resources @ repetition 40 of 100[39m[90m                           [39m [90m0.15s[39m  
  [32;1m✓[39;22m[90m [39m[90mFilament panel denies tenant users from creating resources @ repetition 41 of 100[39m[90m                           [39m [90m0.44s[39m  
  [32;1m✓[39;22m[90m [39m[90mFilament panel denies tenant users from creating resources @ repetition 42 of 100[39m[90m                           [39m [90m0.17s[39m  
  [32;1m✓[39;22m[90m [39m[90mFilament panel denies tenant users from creating resources @ repetition 43 of 100[39m[90m                           [39m [90m0.23s[39m  
  [32;1m✓[39;22m[90m [39m[90mFilament panel denies tenant users from creating resources @ repetition 44 of 100[39m[90m                           [39m [90m0.14s[39m  
  [32;1m✓[39;22m[90m [39m[90mFilament panel denies tenant users from creating resources @ repetition 45 of 100[39m[90m                           [39m [90m0.20s[39m  
  [32;1m✓[39;22m[90m [39m[90mFilament panel denies tenant users from creating resources @ repetition 46 of 100[39m[90m                           [39m [90m0.22s[39m  
  [32;1m✓[39;22m[90m [39m[90mFilament panel denies tenant users from creating resources @ repetition 47 of 100[39m[90m                           [39m [90m0.23s[39m  
  [32;1m✓[39;22m[90m [39m[90mFilament panel denies tenant users from creating resources @ repetition 48 of 100[39m[90m                           [39m [90m0.20s[39m  
  [32;1m✓[39;22m[90m [39m[90mFilament panel denies tenant users from creating resources @ repetition 49 of 100[39m[90m                           [39m [90m0.43s[39m  
  [32;1m✓[39;22m[90m [39m[90mFilament panel denies tenant users from creating resources @ repetition 50 of 100[39m[90m                           [39m [90m0.17s[39m  
  [32;1m✓[39;22m[90m [39m[90mFilament panel denies tenant users from creating resources @ repetition 51 of 100[39m[90m                           [39m [90m0.16s[39m  
  [32;1m✓[39;22m[90m [39m[90mFilament panel denies tenant users from creating resources @ repetition 52 of 100[39m[90m                           [39m [90m0.21s[39m  
  [32;1m✓[39;22m[90m [39m[90mFilament panel denies tenant users from creating resources @ repetition 53 of 100[39m[90m                           [39m [90m0.23s[39m  
  [32;1m✓[39;22m[90m [39m[90mFilament panel denies tenant users from creating resources @ repetition 54 of 100[39m[90m                           [39m [90m0.23s[39m  
  [32;1m✓[39;22m[90m [39m[90mFilament panel denies tenant users from creating resources @ repetition 55 of 100[39m[90m                           [39m [90m0.23s[39m  
  [32;1m✓[39;22m[90m [39m[90mFilament panel denies tenant users from creating resources @ repetition 56 of 100[39m[90m                           [39m [90m0.17s[39m  
  [32;1m✓[39;22m[90m [39m[90mFilament panel denies tenant users from creating resources @ repetition 57 of 100[39m[90m                           [39m [90m0.40s[39m  
  [32;1m✓[39;22m[90m [39m[90mFilament panel denies tenant users from creating resources @ repetition 58 of 100[39m[90m                           [39m [90m0.19s[39m  
  [32;1m✓[39;22m[90m [39m[90mFilament panel denies tenant users from creating resources @ repetition 59 of 100[39m[90m                           [39m [90m0.22s[39m  
  [32;1m✓[39;22m[90m [39m[90mFilament panel denies tenant users from creating resources @ repetition 60 of 100[39m[90m                           [39m [90m0.20s[39m  
  [32;1m✓[39;22m[90m [39m[90mFilament panel denies tenant users from creating resources @ repetition 61 of 100[39m[90m                           [39m [90m0.16s[39m  
  [32;1m✓[39;22m[90m [39m[90mFilament panel denies tenant users from creating resources @ repetition 62 of 100[39m[90m                           [39m [90m0.22s[39m  
  [32;1m✓[39;22m[90m [39m[90mFilament panel denies tenant users from creating resources @ repetition 63 of 100[39m[90m                           [39m [90m0.14s[39m  
  [32;1m✓[39;22m[90m [39m[90mFilament panel denies tenant users from creating resources @ repetition 64 of 100[39m[90m                           [39m [90m0.22s[39m  
  [32;1m✓[39;22m[90m [39m[90mFilament panel denies tenant users from creating resources @ repetition 65 of 100[39m[90m                           [39m [90m0.42s[39m  
  [32;1m✓[39;22m[90m [39m[90mFilament panel denies tenant users from creating resources @ repetition 66 of 100[39m[90m                           [39m [90m0.24s[39m  
  [32;1m✓[39;22m[90m [39m[90mFilament panel denies tenant users from creating resources @ repetition 67 of 100[39m[90m                           [39m [90m0.24s[39m  
  [32;1m✓[39;22m[90m [39m[90mFilament panel denies tenant users from creating resources @ repetition 68 of 100[39m[90m                           [39m [90m0.23s[39m  
  [32;1m✓[39;22m[90m [39m[90mFilament panel denies tenant users from creating resources @ repetition 69 of 100[39m[90m                           [39m [90m0.22s[39m  
  [32;1m✓[39;22m[90m [39m[90mFilament panel denies tenant users from creating resources @ repetition 70 of 100[39m[90m                           [39m [90m0.24s[39m  
  [32;1m✓[39;22m[90m [39m[90mFilament panel denies tenant users from creating resources @ repetition 71 of 100[39m[90m                           [39m [90m0.20s[39m  
  [32;1m✓[39;22m[90m [39m[90mFilament panel denies tenant users from creating resources @ repetition 72 of 100[39m[90m                           [39m [90m0.23s[39m  
  [32;1m✓[39;22m[90m [39m[90mFilament panel denies tenant users from creating resources @ repetition 73 of 100[39m[90m                           [39m [90m0.41s[39m  
  [32;1m✓[39;22m[90m [39m[90mFilament panel denies tenant users from creating resources @ repetition 74 of 100[39m[90m                           [39m [90m0.22s[39m  
  [32;1m✓[39;22m[90m [39m[90mFilament panel denies tenant users from creating resources @ repetition 75 of 100[39m[90m                           [39m [90m0.21s[39m  
  [32;1m✓[39;22m[90m [39m[90mFilament panel denies tenant users from creating resources @ repetition 76 of 100[39m[90m                           [39m [90m0.23s[39m  
  [32;1m✓[39;22m[90m [39m[90mFilament panel denies tenant users from creating resources @ repetition 77 of 100[39m[90m                           [39m [90m0.17s[39m  
  [32;1m✓[39;22m[90m [39m[90mFilament panel denies tenant users from creating resources @ repetition 78 of 100[39m[90m                           [39m [90m0.19s[39m  
  [32;1m✓[39;22m[90m [39m[90mFilament panel denies tenant users from creating resources @ repetition 79 of 100[39m[90m                           [39m [90m0.18s[39m  
  [32;1m✓[39;22m[90m [39m[90mFilament panel denies tenant users from creating resources @ repetition 80 of 100[39m[90m                           [39m [90m0.21s[39m  
  [32;1m✓[39;22m[90m [39m[90mFilament panel denies tenant users from creating resources @ repetition 81 of 100[39m[90m                           [39m [90m0.40s[39m  
  [32;1m✓[39;22m[90m [39m[90mFilament panel denies tenant users from creating resources @ repetition 82 of 100[39m[90m                           [39m [90m0.20s[39m  
  [32;1m✓[39;22m[90m [39m[90mFilament panel denies tenant users from creating resources @ repetition 83 of 100[39m[90m                           [39m [90m0.15s[39m  
  [32;1m✓[39;22m[90m [39m[90mFilament panel denies tenant users from creating resources @ repetition 84 of 100[39m[90m                           [39m [90m0.22s[39m  
  [32;1m✓[39;22m[90m [39m[90mFilament panel denies tenant users from creating resources @ repetition 85 of 100[39m[90m                           [39m [90m0.24s[39m  
  [32;1m✓[39;22m[90m [39m[90mFilament panel denies tenant users from creating resources @ repetition 86 of 100[39m[90m                           [39m [90m0.21s[39m  
  [32;1m✓[39;22m[90m [39m[90mFilament panel denies tenant users from creating resources @ repetition 87 of 100[39m[90m                           [39m [90m0.23s[39m  
  [32;1m✓[39;22m[90m [39m[90mFilament panel denies tenant users from creating resources @ repetition 88 of 100[39m[90m                           [39m [90m0.23s[39m  
  [32;1m✓[39;22m[90m [39m[90mFilament panel denies tenant users from creating resources @ repetition 89 of 100[39m[90m                           [39m [90m0.41s[39m  
  [32;1m✓[39;22m[90m [39m[90mFilament panel denies tenant users from creating resources @ repetition 90 of 100[39m[90m                           [39m [90m0.23s[39m  
  [32;1m✓[39;22m[90m [39m[90mFilament panel denies tenant users from creating resources @ repetition 91 of 100[39m[90m                           [39m [90m0.19s[39m  
  [32;1m✓[39;22m[90m [39m[90mFilament panel denies tenant users from creating resources @ repetition 92 of 100[39m[90m                           [39m [90m0.24s[39m  
  [32;1m✓[39;22m[90m [39m[90mFilament panel denies tenant users from creating resources @ repetition 93 of 100[39m[90m                           [39m [90m0.23s[39m  
  [32;1m✓[39;22m[90m [39m[90mFilament panel denies tenant users from creating resources @ repetition 94 of 100[39m[90m                           [39m [90m0.23s[39m  
  [32;1m✓[39;22m[90m [39m[90mFilament panel denies tenant users from creating resources @ repetition 95 of 100[39m[90m                           [39m [90m0.22s[39m  
  [32;1m✓[39;22m[90m [39m[90mFilament panel denies tenant users from creating resources @ repetition 96 of 100[39m[90m                           [39m [90m0.18s[39m  
  [32;1m✓[39;22m[90m [39m[90mFilament panel denies tenant users from creating resources @ repetition 97 of 100[39m[90m                           [39m [90m0.44s[39m  
  [32;1m✓[39;22m[90m [39m[90mFilament panel denies tenant users from creating resources @ repetition 98 of 100[39m[90m                           [39m [90m0.20s[39m  
  [32;1m✓[39;22m[90m [39m[90mFilament panel denies tenant users from creating resources @ repetition 99 of 100[39m[90m                           [39m [90m0.15s[39m  
  [32;1m✓[39;22m[90m [39m[90mFilament panel denies tenant users from creating resources @ repetition 100 of 100[39m[90m                          [39m [90m0.23s[39m  
  [32;1m✓[39;22m[90m [39m[90mFilament panel denies users from viewing resources outside their tenant scope @ repetition 1 of 100[39m[90m         [39m [90m0.22s[39m  
  [32;1m✓[39;22m[90m [39m[90mFilament panel denies users from viewing resources outside their tenant scope @ repetition 2 of 100[39m[90m         [39m [90m0.20s[39m  
  [32;1m✓[39;22m[90m [39m[90mFilament panel denies users from viewing resources outside their tenant scope @ repetition 3 of 100[39m[90m         [39m [90m0.43s[39m  
  [32;1m✓[39;22m[90m [39m[90mFilament panel denies users from viewing resources outside their tenant scope @ repetition 4 of 100[39m[90m         [39m [90m0.20s[39m  
  [32;1m✓[39;22m[90m [39m[90mFilament panel denies users from viewing resources outside their tenant scope @ repetition 5 of 100[39m[90m         [39m [90m0.18s[39m  
  [32;1m✓[39;22m[90m [39m[90mFilament panel denies users from viewing resources outside their tenant scope @ repetition 6 of 100[39m[90m         [39m [90m0.21s[39m  
  [32;1m✓[39;22m[90m [39m[90mFilament panel denies users from viewing resources outside their tenant scope @ repetition 7 of 100[39m[90m         [39m [90m0.22s[39m  
  [32;1m✓[39;22m[90m [39m[90mFilament panel denies users from viewing resources outside their tenant scope @ repetition 8 of 100[39m[90m         [39m [90m0.16s[39m  
  [32;1m✓[39;22m[90m [39m[90mFilament panel denies users from viewing resources outside their tenant scope @ repetition 9 of 100[39m[90m         [39m [90m0.23s[39m  
  [32;1m✓[39;22m[90m [39m[90mFilament panel denies users from viewing resources outside their tenant scope @ repetition 10 of 100[39m[90m        [39m [90m0.21s[39m  
  [32;1m✓[39;22m[90m [39m[90mFilament panel denies users from viewing resources outside their tenant scope @ repetition 11 of 100[39m[90m        [39m [90m0.43s[39m  
  [32;1m✓[39;22m[90m [39m[90mFilament panel denies users from viewing resources outside their tenant scope @ repetition 12 of 100[39m[90m        [39m [90m0.24s[39m  
  [32;1m✓[39;22m[90m [39m[90mFilament panel denies users from viewing resources outside their tenant scope @ repetition 13 of 100[39m[90m        [39m [90m0.25s[39m  
  [32;1m✓[39;22m[90m [39m[90mFilament panel denies users from viewing resources outside their tenant scope @ repetition 14 of 100[39m[90m        [39m [90m0.22s[39m  
  [32;1m✓[39;22m[90m [39m[90mFilament panel denies users from viewing resources outside their tenant scope @ repetition 15 of 100[39m[90m        [39m [90m0.16s[39m  
  [32;1m✓[39;22m[90m [39m[90mFilament panel denies users from viewing resources outside their tenant scope @ repetition 16 of 100[39m[90m        [39m [90m0.19s[39m  
  [32;1m✓[39;22m[90m [39m[90mFilament panel denies users from viewing resources outside their tenant scope @ repetition 17 of 100[39m[90m        [39m [90m0.21s[39m  
  [32;1m✓[39;22m[90m [39m[90mFilament panel denies users from viewing resources outside their tenant scope @ repetition 18 of 100[39m[90m        [39m [90m0.20s[39m  
  [32;1m✓[39;22m[90m [39m[90mFilament panel denies users from viewing resources outside their tenant scope @ repetition 19 of 100[39m[90m        [39m [90m0.41s[39m  
  [32;1m✓[39;22m[90m [39m[90mFilament panel denies users from viewing resources outside their tenant scope @ repetition 20 of 100[39m[90m        [39m [90m0.19s[39m  
  [32;1m✓[39;22m[90m [39m[90mFilament panel denies users from viewing resources outside their tenant scope @ repetition 21 of 100[39m[90m        [39m [90m0.24s[39m  
  [32;1m✓[39;22m[90m [39m[90mFilament panel denies users from viewing resources outside their tenant scope @ repetition 22 of 100[39m[90m        [39m [90m0.23s[39m  
  [32;1m✓[39;22m[90m [39m[90mFilament panel denies users from viewing resources outside their tenant scope @ repetition 23 of 100[39m[90m        [39m [90m0.23s[39m  
  [32;1m✓[39;22m[90m [39m[90mFilament panel denies users from viewing resources outside their tenant scope @ repetition 24 of 100[39m[90m        [39m [90m0.21s[39m  
  [32;1m✓[39;22m[90m [39m[90mFilament panel denies users from viewing resources outside their tenant scope @ repetition 25 of 100[39m[90m        [39m [90m0.23s[39m  
  [32;1m✓[39;22m[90m [39m[90mFilament panel denies users from viewing resources outside their tenant scope @ repetition 26 of 100[39m[90m        [39m [90m0.16s[39m  
  [32;1m✓[39;22m[90m [39m[90mFilament panel denies users from viewing resources outside their tenant scope @ repetition 27 of 100[39m[90m        [39m [90m0.41s[39m  
  [32;1m✓[39;22m[90m [39m[90mFilament panel denies users from viewing resources outside their tenant scope @ repetition 28 of 100[39m[90m        [39m [90m0.22s[39m  
  [32;1m✓[39;22m[90m [39m[90mFilament panel denies users from viewing resources outside their tenant scope @ repetition 29 of 100[39m[90m        [39m [90m0.21s[39m  
  [32;1m✓[39;22m[90m [39m[90mFilament panel denies users from viewing resources outside their tenant scope @ repetition 30 of 100[39m[90m        [39m [90m0.22s[39m  
  [32;1m✓[39;22m[90m [39m[90mFilament panel denies users from viewing resources outside their tenant scope @ repetition 31 of 100[39m[90m        [39m [90m0.23s[39m  
  [32;1m✓[39;22m[90m [39m[90mFilament panel denies users from viewing resources outside their tenant scope @ repetition 32 of 100[39m[90m        [39m [90m0.22s[39m  
  [32;1m✓[39;22m[90m [39m[90mFilament panel denies users from viewing resources outside their tenant scope @ repetition 33 of 100[39m[90m        [39m [90m0.20s[39m  
  [32;1m✓[39;22m[90m [39m[90mFilament panel denies users from viewing resources outside their tenant scope @ repetition 34 of 100[39m[90m        [39m [90m0.24s[39m  
  [32;1m✓[39;22m[90m [39m[90mFilament panel denies users from viewing resources outside their tenant scope @ repetition 35 of 100[39m[90m        [39m [90m0.48s[39m  
  [32;1m✓[39;22m[90m [39m[90mFilament panel denies users from viewing resources outside their tenant scope @ repetition 36 of 100[39m[90m        [39m [90m0.20s[39m  
  [32;1m✓[39;22m[90m [39m[90mFilament panel denies users from viewing resources outside their tenant scope @ repetition 37 of 100[39m[90m        [39m [90m0.21s[39m  
  [32;1m✓[39;22m[90m [39m[90mFilament panel denies users from viewing resources outside their tenant scope @ repetition 38 of 100[39m[90m        [39m [90m0.22s[39m  
  [32;1m✓[39;22m[90m [39m[90mFilament panel denies users from viewing resources outside their tenant scope @ repetition 39 of 100[39m[90m        [39m [90m0.20s[39m  
  [32;1m✓[39;22m[90m [39m[90mFilament panel denies users from viewing resources outside their tenant scope @ repetition 40 of 100[39m[90m        [39m [90m0.23s[39m  
  [32;1m✓[39;22m[90m [39m[90mFilament panel denies users from viewing resources outside their tenant scope @ repetition 41 of 100[39m[90m        [39m [90m0.24s[39m  
  [32;1m✓[39;22m[90m [39m[90mFilament panel denies users from viewing resources outside their tenant scope @ repetition 42 of 100[39m[90m        [39m [90m0.18s[39m  
  [32;1m✓[39;22m[90m [39m[90mFilament panel denies users from viewing resources outside their tenant scope @ repetition 43 of 100[39m[90m        [39m [90m0.47s[39m  
  [32;1m✓[39;22m[90m [39m[90mFilament panel denies users from viewing resources outside their tenant scope @ repetition 44 of 100[39m[90m        [39m [90m0.24s[39m  
  [32;1m✓[39;22m[90m [39m[90mFilament panel denies users from viewing resources outside their tenant scope @ repetition 45 of 100[39m[90m        [39m [90m0.19s[39m  
  [32;1m✓[39;22m[90m [39m[90mFilament panel denies users from viewing resources outside their tenant scope @ repetition 46 of 100[39m[90m        [39m [90m0.21s[39m  
  [32;1m✓[39;22m[90m [39m[90mFilament panel denies users from viewing resources outside their tenant scope @ repetition 47 of 100[39m[90m        [39m [90m0.21s[39m  
  [32;1m✓[39;22m[90m [39m[90mFilament panel denies users from viewing resources outside their tenant scope @ repetition 48 of 100[39m[90m        [39m [90m0.18s[39m  
  [32;1m✓[39;22m[90m [39m[90mFilament panel denies users from viewing resources outside their tenant scope @ repetition 49 of 100[39m[90m        [39m [90m0.22s[39m  
  [32;1m✓[39;22m[90m [39m[90mFilament panel denies users from viewing resources outside their tenant scope @ repetition 50 of 100[39m[90m        [39m [90m0.21s[39m  
  [32;1m✓[39;22m[90m [39m[90mFilament panel denies users from viewing resources outside their tenant scope @ repetition 51 of 100[39m[90m        [39m [90m0.42s[39m  
  [32;1m✓[39;22m[90m [39m[90mFilament panel denies users from viewing resources outside their tenant scope @ repetition 52 of 100[39m[90m        [39m [90m0.16s[39m  
  [32;1m✓[39;22m[90m [39m[90mFilament panel denies users from viewing resources outside their tenant scope @ repetition 53 of 100[39m[90m        [39m [90m0.21s[39m  
  [32;1m✓[39;22m[90m [39m[90mFilament panel denies users from viewing resources outside their tenant scope @ repetition 54 of 100[39m[90m        [39m [90m0.19s[39m  
  [32;1m✓[39;22m[90m [39m[90mFilament panel denies users from viewing resources outside their tenant scope @ repetition 55 of 100[39m[90m        [39m [90m0.21s[39m  
  [32;1m✓[39;22m[90m [39m[90mFilament panel denies users from viewing resources outside their tenant scope @ repetition 56 of 100[39m[90m        [39m [90m0.23s[39m  
  [32;1m✓[39;22m[90m [39m[90mFilament panel denies users from viewing resources outside their tenant scope @ repetition 57 of 100[39m[90m        [39m [90m0.21s[39m  
  [32;1m✓[39;22m[90m [39m[90mFilament panel denies users from viewing resources outside their tenant scope @ repetition 58 of 100[39m[90m        [39m [90m0.20s[39m  
  [32;1m✓[39;22m[90m [39m[90mFilament panel denies users from viewing resources outside their tenant scope @ repetition 59 of 100[39m[90m        [39m [90m0.39s[39m  
  [32;1m✓[39;22m[90m [39m[90mFilament panel denies users from viewing resources outside their tenant scope @ repetition 60 of 100[39m[90m        [39m [90m0.20s[39m  
  [32;1m✓[39;22m[90m [39m[90mFilament panel denies users from viewing resources outside their tenant scope @ repetition 61 of 100[39m[90m        [39m [90m0.21s[39m  
  [32;1m✓[39;22m[90m [39m[90mFilament panel denies users from viewing resources outside their tenant scope @ repetition 62 of 100[39m[90m        [39m [90m0.21s[39m  
  [32;1m✓[39;22m[90m [39m[90mFilament panel denies users from viewing resources outside their tenant scope @ repetition 63 of 100[39m[90m        [39m [90m0.18s[39m  
  [32;1m✓[39;22m[90m [39m[90mFilament panel denies users from viewing resources outside their tenant scope @ repetition 64 of 100[39m[90m        [39m [90m0.19s[39m  
  [32;1m✓[39;22m[90m [39m[90mFilament panel denies users from viewing resources outside their tenant scope @ repetition 65 of 100[39m[90m        [39m [90m0.22s[39m  
  [32;1m✓[39;22m[90m [39m[90mFilament panel denies users from viewing resources outside their tenant scope @ repetition 66 of 100[39m[90m        [39m [90m0.20s[39m  
  [32;1m✓[39;22m[90m [39m[90mFilament panel denies users from viewing resources outside their tenant scope @ repetition 67 of 100[39m[90m        [39m [90m0.40s[39m  
  [32;1m✓[39;22m[90m [39m[90mFilament panel denies users from viewing resources outside their tenant scope @ repetition 68 of 100[39m[90m        [39m [90m0.19s[39m  
  [32;1m✓[39;22m[90m [39m[90mFilament panel denies users from viewing resources outside their tenant scope @ repetition 69 of 100[39m[90m        [39m [90m0.14s[39m  
  [32;1m✓[39;22m[90m [39m[90mFilament panel denies users from viewing resources outside their tenant scope @ repetition 70 of 100[39m[90m        [39m [90m0.20s[39m  
  [32;1m✓[39;22m[90m [39m[90mFilament panel denies users from viewing resources outside their tenant scope @ repetition 71 of 100[39m[90m        [39m [90m0.16s[39m  
  [32;1m✓[39;22m[90m [39m[90mFilament panel denies users from viewing resources outside their tenant scope @ repetition 72 of 100[39m[90m        [39m [90m0.18s[39m  
  [32;1m✓[39;22m[90m [39m[90mFilament panel denies users from viewing resources outside their tenant scope @ repetition 73 of 100[39m[90m        [39m [90m0.19s[39m  
  [32;1m✓[39;22m[90m [39m[90mFilament panel denies users from viewing resources outside their tenant scope @ repetition 74 of 100[39m[90m        [39m [90m0.19s[39m  
  [32;1m✓[39;22m[90m [39m[90mFilament panel denies users from viewing resources outside their tenant scope @ repetition 75 of 100[39m[90m        [39m [90m0.38s[39m  
  [32;1m✓[39;22m[90m [39m[90mFilament panel denies users from viewing resources outside their tenant scope @ repetition 76 of 100[39m[90m        [39m [90m0.22s[39m  
  [32;1m✓[39;22m[90m [39m[90mFilament panel denies users from viewing resources outside their tenant scope @ repetition 77 of 100[39m[90m        [39m [90m0.19s[39m  
  [32;1m✓[39;22m[90m [39m[90mFilament panel denies users from viewing resources outside their tenant scope @ repetition 78 of 100[39m[90m        [39m [90m0.22s[39m  
  [32;1m✓[39;22m[90m [39m[90mFilament panel denies users from viewing resources outside their tenant scope @ repetition 79 of 100[39m[90m        [39m [90m0.19s[39m  
  [32;1m✓[39;22m[90m [39m[90mFilament panel denies users from viewing resources outside their tenant scope @ repetition 80 of 100[39m[90m        [39m [90m0.25s[39m  
  [32;1m✓[39;22m[90m [39m[90mFilament panel denies users from viewing resources outside their tenant scope @ repetition 81 of 100[39m[90m        [39m [90m0.22s[39m  
  [32;1m✓[39;22m[90m [39m[90mFilament panel denies users from viewing resources outside their tenant scope @ repetition 82 of 100[39m[90m        [39m [90m0.21s[39m  
  [32;1m✓[39;22m[90m [39m[90mFilament panel denies users from viewing resources outside their tenant scope @ repetition 83 of 100[39m[90m        [39m [90m0.52s[39m  
  [32;1m✓[39;22m[90m [39m[90mFilament panel denies users from viewing resources outside their tenant scope @ repetition 84 of 100[39m[90m        [39m [90m0.21s[39m  
  [32;1m✓[39;22m[90m [39m[90mFilament panel denies users from viewing resources outside their tenant scope @ repetition 85 of 100[39m[90m        [39m [90m0.21s[39m  
  [32;1m✓[39;22m[90m [39m[90mFilament panel denies users from viewing resources outside their tenant scope @ repetition 86 of 100[39m[90m        [39m [90m0.18s[39m  
  [32;1m✓[39;22m[90m [39m[90mFilament panel denies users from viewing resources outside their tenant scope @ repetition 87 of 100[39m[90m        [39m [90m0.21s[39m  
  [32;1m✓[39;22m[90m [39m[90mFilament panel denies users from viewing resources outside their tenant scope @ repetition 88 of 100[39m[90m        [39m [90m0.22s[39m  
  [32;1m✓[39;22m[90m [39m[90mFilament panel denies users from viewing resources outside their tenant scope @ repetition 89 of 100[39m[90m        [39m [90m0.19s[39m  
  [32;1m✓[39;22m[90m [39m[90mFilament panel denies users from viewing resources outside their tenant scope @ repetition 90 of 100[39m[90m        [39m [90m0.21s[39m  
  [32;1m✓[39;22m[90m [39m[90mFilament panel denies users from viewing resources outside their tenant scope @ repetition 91 of 100[39m[90m        [39m [90m0.42s[39m  
  [32;1m✓[39;22m[90m [39m[90mFilament panel denies users from viewing resources outside their tenant scope @ repetition 92 of 100[39m[90m        [39m [90m0.16s[39m  
  [32;1m✓[39;22m[90m [39m[90mFilament panel denies users from viewing resources outside their tenant scope @ repetition 93 of 100[39m[90m        [39m [90m0.21s[39m  
  [32;1m✓[39;22m[90m [39m[90mFilament panel denies users from viewing resources outside their tenant scope @ repetition 94 of 100[39m[90m        [39m [90m0.16s[39m  
  [32;1m✓[39;22m[90m [39m[90mFilament panel denies users from viewing resources outside their tenant scope @ repetition 95 of 100[39m[90m        [39m [90m0.21s[39m  
  [32;1m✓[39;22m[90m [39m[90mFilament panel denies users from viewing resources outside their tenant scope @ repetition 96 of 100[39m[90m        [39m [90m0.21s[39m  
  [32;1m✓[39;22m[90m [39m[90mFilament panel denies users from viewing resources outside their tenant scope @ repetition 97 of 100[39m[90m        [39m [90m0.18s[39m  
  [32;1m✓[39;22m[90m [39m[90mFilament panel denies users from viewing resources outside their tenant scope @ repetition 98 of 100[39m[90m        [39m [90m0.19s[39m  
  [32;1m✓[39;22m[90m [39m[90mFilament panel denies users from viewing resources outside their tenant scope @ repetition 99 of 100[39m[90m        [39m [90m0.41s[39m  
  [32;1m✓[39;22m[90m [39m[90mFilament panel denies users from viewing resources outside their tenant scope @ repetition 100 of 100[39m[90m       [39m [90m0.15s[39m  
  [32;1m✓[39;22m[90m [39m[90mFilament panel denies users from editing resources outside their tenant scope @ repetition 1 of 100[39m[90m         [39m [90m0.21s[39m  
  [32;1m✓[39;22m[90m [39m[90mFilament panel denies users from editing resources outside their tenant scope @ repetition 2 of 100[39m[90m         [39m [90m0.24s[39m  
  [32;1m✓[39;22m[90m [39m[90mFilament panel denies users from editing resources outside their tenant scope @ repetition 3 of 100[39m[90m         [39m [90m0.23s[39m  
  [32;1m✓[39;22m[90m [39m[90mFilament panel denies users from editing resources outside their tenant scope @ repetition 4 of 100[39m[90m         [39m [90m0.25s[39m  
  [32;1m✓[39;22m[90m [39m[90mFilament panel denies users from editing resources outside their tenant scope @ repetition 5 of 100[39m[90m         [39m [90m0.50s[39m  
  [32;1m✓[39;22m[90m [39m[90mFilament panel denies users from editing resources outside their tenant scope @ repetition 6 of 100[39m[90m         [39m [90m0.20s[39m  
  [32;1m✓[39;22m[90m [39m[90mFilament panel denies users from editing resources outside their tenant scope @ repetition 7 of 100[39m[90m         [39m [90m0.16s[39m  
  [32;1m✓[39;22m[90m [39m[90mFilament panel denies users from editing resources outside their tenant scope @ repetition 8 of 100[39m[90m         [39m [90m0.21s[39m  
  [32;1m✓[39;22m[90m [39m[90mFilament panel denies users from editing resources outside their tenant scope @ repetition 9 of 100[39m[90m         [39m [90m0.22s[39m  
  [32;1m✓[39;22m[90m [39m[90mFilament panel denies users from editing resources outside their tenant scope @ repetition 10 of 100[39m[90m        [39m [90m0.19s[39m  
  [32;1m✓[39;22m[90m [39m[90mFilament panel denies users from editing resources outside their tenant scope @ repetition 11 of 100[39m[90m        [39m [90m0.19s[39m  
  [32;1m✓[39;22m[90m [39m[90mFilament panel denies users from editing resources outside their tenant scope @ repetition 12 of 100[39m[90m        [39m [90m0.22s[39m  
  [32;1m✓[39;22m[90m [39m[90mFilament panel denies users from editing resources outside their tenant scope @ repetition 13 of 100[39m[90m        [39m [90m0.46s[39m  
  [32;1m✓[39;22m[90m [39m[90mFilament panel denies users from editing resources outside their tenant scope @ repetition 14 of 100[39m[90m        [39m [90m0.22s[39m  
  [32;1m✓[39;22m[90m [39m[90mFilament panel denies users from editing resources outside their tenant scope @ repetition 15 of 100[39m[90m        [39m [90m0.22s[39m  
  [32;1m✓[39;22m[90m [39m[90mFilament panel denies users from editing resources outside their tenant scope @ repetition 16 of 100[39m[90m        [39m [90m0.18s[39m  
  [32;1m✓[39;22m[90m [39m[90mFilament panel denies users from editing resources outside their tenant scope @ repetition 17 of 100[39m[90m        [39m [90m0.23s[39m  
  [32;1m✓[39;22m[90m [39m[90mFilament panel denies users from editing resources outside their tenant scope @ repetition 18 of 100[39m[90m        [39m [90m0.18s[39m  
  [32;1m✓[39;22m[90m [39m[90mFilament panel denies users from editing resources outside their tenant scope @ repetition 19 of 100[39m[90m        [39m [90m0.23s[39m  
  [32;1m✓[39;22m[90m [39m[90mFilament panel denies users from editing resources outside their tenant scope @ repetition 20 of 100[39m[90m        [39m [90m0.22s[39m  
  [32;1m✓[39;22m[90m [39m[90mFilament panel denies users from editing resources outside their tenant scope @ repetition 21 of 100[39m[90m        [39m [90m0.44s[39m  
  [32;1m✓[39;22m[90m [39m[90mFilament panel denies users from editing resources outside their tenant scope @ repetition 22 of 100[39m[90m        [39m [90m0.23s[39m  
  [32;1m✓[39;22m[90m [39m[90mFilament panel denies users from editing resources outside their tenant scope @ repetition 23 of 100[39m[90m        [39m [90m0.22s[39m  
  [32;1m✓[39;22m[90m [39m[90mFilament panel denies users from editing resources outside their tenant scope @ repetition 24 of 100[39m[90m        [39m [90m0.21s[39m  
  [32;1m✓[39;22m[90m [39m[90mFilament panel denies users from editing resources outside their tenant scope @ repetition 25 of 100[39m[90m        [39m [90m0.17s[39m  
  [32;1m✓[39;22m[90m [39m[90mFilament panel denies users from editing resources outside their tenant scope @ repetition 26 of 100[39m[90m        [39m [90m0.17s[39m  
  [32;1m✓[39;22m[90m [39m[90mFilament panel denies users from editing resources outside their tenant scope @ repetition 27 of 100[39m[90m        [39m [90m0.19s[39m  
  [32;1m✓[39;22m[90m [39m[90mFilament panel denies users from editing resources outside their tenant scope @ repetition 28 of 100[39m[90m        [39m [90m0.20s[39m  
  [32;1m✓[39;22m[90m [39m[90mFilament panel denies users from editing resources outside their tenant scope @ repetition 29 of 100[39m[90m        [39m [90m0.44s[39m  
  [32;1m✓[39;22m[90m [39m[90mFilament panel denies users from editing resources outside their tenant scope @ repetition 30 of 100[39m[90m        [39m [90m0.18s[39m  
  [32;1m✓[39;22m[90m [39m[90mFilament panel denies users from editing resources outside their tenant scope @ repetition 31 of 100[39m[90m        [39m [90m0.21s[39m  
  [32;1m✓[39;22m[90m [39m[90mFilament panel denies users from editing resources outside their tenant scope @ repetition 32 of 100[39m[90m        [39m [90m0.19s[39m  
  [32;1m✓[39;22m[90m [39m[90mFilament panel denies users from editing resources outside their tenant scope @ repetition 33 of 100[39m[90m        [39m [90m0.20s[39m  
  [32;1m✓[39;22m[90m [39m[90mFilament panel denies users from editing resources outside their tenant scope @ repetition 34 of 100[39m[90m        [39m [90m0.22s[39m  
  [32;1m✓[39;22m[90m [39m[90mFilament panel denies users from editing resources outside their tenant scope @ repetition 35 of 100[39m[90m        [39m [90m0.16s[39m  
  [32;1m✓[39;22m[90m [39m[90mFilament panel denies users from editing resources outside their tenant scope @ repetition 36 of 100[39m[90m        [39m [90m0.13s[39m  
  [32;1m✓[39;22m[90m [39m[90mFilament panel denies users from editing resources outside their tenant scope @ repetition 37 of 100[39m[90m        [39m [90m0.40s[39m  
  [32;1m✓[39;22m[90m [39m[90mFilament panel denies users from editing resources outside their tenant scope @ repetition 38 of 100[39m[90m        [39m [90m0.21s[39m  
  [32;1m✓[39;22m[90m [39m[90mFilament panel denies users from editing resources outside their tenant scope @ repetition 39 of 100[39m[90m        [39m [90m0.24s[39m  
  [32;1m✓[39;22m[90m [39m[90mFilament panel denies users from editing resources outside their tenant scope @ repetition 40 of 100[39m[90m        [39m [90m0.27s[39m  
  [32;1m✓[39;22m[90m [39m[90mFilament panel denies users from editing resources outside their tenant scope @ repetition 41 of 100[39m[90m        [39m [90m0.24s[39m  
  [32;1m✓[39;22m[90m [39m[90mFilament panel denies users from editing resources outside their tenant scope @ repetition 42 of 100[39m[90m        [39m [90m0.24s[39m  
  [32;1m✓[39;22m[90m [39m[90mFilament panel denies users from editing resources outside their tenant scope @ repetition 43 of 100[39m[90m        [39m [90m0.21s[39m  
  [32;1m✓[39;22m[90m [39m[90mFilament panel denies users from editing resources outside their tenant scope @ repetition 44 of 100[39m[90m        [39m [90m0.25s[39m  
  [32;1m✓[39;22m[90m [39m[90mFilament panel denies users from editing resources outside their tenant scope @ repetition 45 of 100[39m[90m        [39m [90m0.42s[39m  
  [32;1m✓[39;22m[90m [39m[90mFilament panel denies users from editing resources outside their tenant scope @ repetition 46 of 100[39m[90m        [39m [90m0.24s[39m  
  [32;1m✓[39;22m[90m [39m[90mFilament panel denies users from editing resources outside their tenant scope @ repetition 47 of 100[39m[90m        [39m [90m0.23s[39m  
  [32;1m✓[39;22m[90m [39m[90mFilament panel denies users from editing resources outside their tenant scope @ repetition 48 of 100[39m[90m        [39m [90m0.19s[39m  
  [32;1m✓[39;22m[90m [39m[90mFilament panel denies users from editing resources outside their tenant scope @ repetition 49 of 100[39m[90m        [39m [90m0.21s[39m  
  [32;1m✓[39;22m[90m [39m[90mFilament panel denies users from editing resources outside their tenant scope @ repetition 50 of 100[39m[90m        [39m [90m0.23s[39m  
  [32;1m✓[39;22m[90m [39m[90mFilament panel denies users from editing resources outside their tenant scope @ repetition 51 of 100[39m[90m        [39m [90m0.23s[39m  
  [32;1m✓[39;22m[90m [39m[90mFilament panel denies users from editing resources outside their tenant scope @ repetition 52 of 100[39m[90m        [39m [90m0.21s[39m  
  [32;1m✓[39;22m[90m [39m[90mFilament panel denies users from editing resources outside their tenant scope @ repetition 53 of 100[39m[90m        [39m [90m0.43s[39m  
  [32;1m✓[39;22m[90m [39m[90mFilament panel denies users from editing resources outside their tenant scope @ repetition 54 of 100[39m[90m        [39m [90m0.22s[39m  
  [32;1m✓[39;22m[90m [39m[90mFilament panel denies users from editing resources outside their tenant scope @ repetition 55 of 100[39m[90m        [39m [90m0.21s[39m  
  [32;1m✓[39;22m[90m [39m[90mFilament panel denies users from editing resources outside their tenant scope @ repetition 56 of 100[39m[90m        [39m [90m0.22s[39m  
  [32;1m✓[39;22m[90m [39m[90mFilament panel denies users from editing resources outside their tenant scope @ repetition 57 of 100[39m[90m        [39m [90m0.22s[39m  
  [32;1m✓[39;22m[90m [39m[90mFilament panel denies users from editing resources outside their tenant scope @ repetition 58 of 100[39m[90m        [39m [90m0.21s[39m  
  [32;1m✓[39;22m[90m [39m[90mFilament panel denies users from editing resources outside their tenant scope @ repetition 59 of 100[39m[90m        [39m [90m0.12s[39m  
  [32;1m✓[39;22m[90m [39m[90mFilament panel denies users from editing resources outside their tenant scope @ repetition 60 of 100[39m[90m        [39m [90m0.18s[39m  
  [32;1m✓[39;22m[90m [39m[90mFilament panel denies users from editing resources outside their tenant scope @ repetition 61 of 100[39m[90m        [39m [90m0.40s[39m  
  [32;1m✓[39;22m[90m [39m[90mFilament panel denies users from editing resources outside their tenant scope @ repetition 62 of 100[39m[90m        [39m [90m0.20s[39m  
  [32;1m✓[39;22m[90m [39m[90mFilament panel denies users from editing resources outside their tenant scope @ repetition 63 of 100[39m[90m        [39m [90m0.22s[39m  
  [32;1m✓[39;22m[90m [39m[90mFilament panel denies users from editing resources outside their tenant scope @ repetition 64 of 100[39m[90m        [39m [90m0.21s[39m  
  [32;1m✓[39;22m[90m [39m[90mFilament panel denies users from editing resources outside their tenant scope @ repetition 65 of 100[39m[90m        [39m [90m0.19s[39m  
  [32;1m✓[39;22m[90m [39m[90mFilament panel denies users from editing resources outside their tenant scope @ repetition 66 of 100[39m[90m        [39m [90m0.19s[39m  
  [32;1m✓[39;22m[90m [39m[90mFilament panel denies users from editing resources outside their tenant scope @ repetition 67 of 100[39m[90m        [39m [90m0.20s[39m  
  [32;1m✓[39;22m[90m [39m[90mFilament panel denies users from editing resources outside their tenant scope @ repetition 68 of 100[39m[90m        [39m [90m0.24s[39m  
  [32;1m✓[39;22m[90m [39m[90mFilament panel denies users from editing resources outside their tenant scope @ repetition 69 of 100[39m[90m        [39m [90m0.41s[39m  
  [32;1m✓[39;22m[90m [39m[90mFilament panel denies users from editing resources outside their tenant scope @ repetition 70 of 100[39m[90m        [39m [90m0.19s[39m  
  [32;1m✓[39;22m[90m [39m[90mFilament panel denies users from editing resources outside their tenant scope @ repetition 71 of 100[39m[90m        [39m [90m0.18s[39m  
  [32;1m✓[39;22m[90m [39m[90mFilament panel denies users from editing resources outside their tenant scope @ repetition 72 of 100[39m[90m        [39m [90m0.19s[39m  
  [32;1m✓[39;22m[90m [39m[90mFilament panel denies users from editing resources outside their tenant scope @ repetition 73 of 100[39m[90m        [39m [90m0.19s[39m  
  [32;1m✓[39;22m[90m [39m[90mFilament panel denies users from editing resources outside their tenant scope @ repetition 74 of 100[39m[90m        [39m [90m0.21s[39m  
  [32;1m✓[39;22m[90m [39m[90mFilament panel denies users from editing resources outside their tenant scope @ repetition 75 of 100[39m[90m        [39m [90m0.20s[39m  
  [32;1m✓[39;22m[90m [39m[90mFilament panel denies users from editing resources outside their tenant scope @ repetition 76 of 100[39m[90m        [39m [90m0.21s[39m  
  [32;1m✓[39;22m[90m [39m[90mFilament panel denies users from editing resources outside their tenant scope @ repetition 77 of 100[39m[90m        [39m [90m0.44s[39m  
  [32;1m✓[39;22m[90m [39m[90mFilament panel denies users from editing resources outside their tenant scope @ repetition 78 of 100[39m[90m        [39m [90m0.20s[39m  
  [32;1m✓[39;22m[90m [39m[90mFilament panel denies users from editing resources outside their tenant scope @ repetition 79 of 100[39m[90m        [39m [90m0.18s[39m  
  [32;1m✓[39;22m[90m [39m[90mFilament panel denies users from editing resources outside their tenant scope @ repetition 80 of 100[39m[90m        [39m [90m0.18s[39m  
  [32;1m✓[39;22m[90m [39m[90mFilament panel denies users from editing resources outside their tenant scope @ repetition 81 of 100[39m[90m        [39m [90m0.19s[39m  
  [32;1m✓[39;22m[90m [39m[90mFilament panel denies users from editing resources outside their tenant scope @ repetition 82 of 100[39m[90m        [39m [90m0.21s[39m  
  [32;1m✓[39;22m[90m [39m[90mFilament panel denies users from editing resources outside their tenant scope @ repetition 83 of 100[39m[90m        [39m [90m0.20s[39m  
  [32;1m✓[39;22m[90m [39m[90mFilament panel denies users from editing resources outside their tenant scope @ repetition 84 of 100[39m[90m        [39m [90m0.17s[39m  
  [32;1m✓[39;22m[90m [39m[90mFilament panel denies users from editing resources outside their tenant scope @ repetition 85 of 100[39m[90m        [39m [90m0.47s[39m  
  [32;1m✓[39;22m[90m [39m[90mFilament panel denies users from editing resources outside their tenant scope @ repetition 86 of 100[39m[90m        [39m [90m0.23s[39m  
  [32;1m✓[39;22m[90m [39m[90mFilament panel denies users from editing resources outside their tenant scope @ repetition 87 of 100[39m[90m        [39m [90m0.23s[39m  
  [32;1m✓[39;22m[90m [39m[90mFilament panel denies users from editing resources outside their tenant scope @ repetition 88 of 100[39m[90m        [39m [90m0.17s[39m  
  [32;1m✓[39;22m[90m [39m[90mFilament panel denies users from editing resources outside their tenant scope @ repetition 89 of 100[39m[90m        [39m [90m0.19s[39m  
  [32;1m✓[39;22m[90m [39m[90mFilament panel denies users from editing resources outside their tenant scope @ repetition 90 of 100[39m[90m        [39m [90m0.18s[39m  
  [32;1m✓[39;22m[90m [39m[90mFilament panel denies users from editing resources outside their tenant scope @ repetition 91 of 100[39m[90m        [39m [90m0.22s[39m  
  [32;1m✓[39;22m[90m [39m[90mFilament panel denies users from editing resources outside their tenant scope @ repetition 92 of 100[39m[90m        [39m [90m0.23s[39m  
  [32;1m✓[39;22m[90m [39m[90mFilament panel denies users from editing resources outside their tenant scope @ repetition 93 of 100[39m[90m        [39m [90m0.41s[39m  
  [32;1m✓[39;22m[90m [39m[90mFilament panel denies users from editing resources outside their tenant scope @ repetition 94 of 100[39m[90m        [39m [90m0.19s[39m  
  [32;1m✓[39;22m[90m [39m[90mFilament panel denies users from editing resources outside their tenant scope @ repetition 95 of 100[39m[90m        [39m [90m0.21s[39m  
  [32;1m✓[39;22m[90m [39m[90mFilament panel denies users from editing resources outside their tenant scope @ repetition 96 of 100[39m[90m        [39m [90m0.20s[39m  
  [32;1m✓[39;22m[90m [39m[90mFilament panel denies users from editing resources outside their tenant scope @ repetition 97 of 100[39m[90m        [39m [90m0.19s[39m  
  [32;1m✓[39;22m[90m [39m[90mFilament panel denies users from editing resources outside their tenant scope @ repetition 98 of 100[39m[90m        [39m [90m0.19s[39m  
  [32;1m✓[39;22m[90m [39m[90mFilament panel denies users from editing resources outside their tenant scope @ repetition 99 of 100[39m[90m        [39m [90m0.20s[39m  
  [32;1m✓[39;22m[90m [39m[90mFilament panel denies users from editing resources outside their tenant scope @ repetition 100 of 100[39m[90m       [39m [90m0.20s[39m  
  [32;1m✓[39;22m[90m [39m[90mFilament panel denies users from deleting resources outside their tenant scope @ repetition 1 of 100[39m[90m        [39m [90m0.20s[39m  
  [32;1m✓[39;22m[90m [39m[90mFilament panel denies users from deleting resources outside their tenant scope @ repetition 2 of 100[39m[90m        [39m [90m0.18s[39m  
  [32;1m✓[39;22m[90m [39m[90mFilament panel denies users from deleting resources outside their tenant scope @ repetition 3 of 100[39m[90m        [39m [90m0.19s[39m  
  [32;1m✓[39;22m[90m [39m[90mFilament panel denies users from deleting resources outside their tenant scope @ repetition 4 of 100[39m[90m        [39m [90m0.19s[39m  
  [32;1m✓[39;22m[90m [39m[90mFilament panel denies users from deleting resources outside their tenant scope @ repetition 5 of 100[39m[90m        [39m [90m0.16s[39m  
  [32;1m✓[39;22m[90m [39m[90mFilament panel denies users from deleting resources outside their tenant scope @ repetition 6 of 100[39m[90m        [39m [90m0.20s[39m  
  [32;1m✓[39;22m[90m [39m[90mFilament panel denies users from deleting resources outside their tenant scope @ repetition 7 of 100[39m[90m        [39m [90m0.18s[39m  
  [32;1m✓[39;22m[90m [39m[90mFilament panel denies users from deleting resources outside their tenant scope @ repetition 8 of 100[39m[90m        [39m [90m0.34s[39m  
  [32;1m✓[39;22m[90m [39m[90mFilament panel denies users from deleting resources outside their tenant scope @ repetition 9 of 100[39m[90m        [39m [90m0.13s[39m  
  [32;1m✓[39;22m[90m [39m[90mFilament panel denies users from deleting resources outside their tenant scope @ repetition 10 of 100[39m[90m       [39m [90m0.22s[39m  
  [32;1m✓[39;22m[90m [39m[90mFilament panel denies users from deleting resources outside their tenant scope @ repetition 11 of 100[39m[90m       [39m [90m0.19s[39m  
  [32;1m✓[39;22m[90m [39m[90mFilament panel denies users from deleting resources outside their tenant scope @ repetition 12 of 100[39m[90m       [39m [90m0.20s[39m  
  [32;1m✓[39;22m[90m [39m[90mFilament panel denies users from deleting resources outside their tenant scope @ repetition 13 of 100[39m[90m       [39m [90m0.17s[39m  
  [32;1m✓[39;22m[90m [39m[90mFilament panel denies users from deleting resources outside their tenant scope @ repetition 14 of 100[39m[90m       [39m [90m0.11s[39m  
  [32;1m✓[39;22m[90m [39m[90mFilament panel denies users from deleting resources outside their tenant scope @ repetition 15 of 100[39m[90m       [39m [90m0.19s[39m  
  [32;1m✓[39;22m[90m [39m[90mFilament panel denies users from deleting resources outside their tenant scope @ repetition 16 of 100[39m[90m       [39m [90m0.42s[39m  
  [32;1m✓[39;22m[90m [39m[90mFilament panel denies users from deleting resources outside their tenant scope @ repetition 17 of 100[39m[90m       [39m [90m0.22s[39m  
  [32;1m✓[39;22m[90m [39m[90mFilament panel denies users from deleting resources outside their tenant scope @ repetition 18 of 100[39m[90m       [39m [90m0.21s[39m  
  [32;1m✓[39;22m[90m [39m[90mFilament panel denies users from deleting resources outside their tenant scope @ repetition 19 of 100[39m[90m       [39m [90m0.15s[39m  
  [32;1m✓[39;22m[90m [39m[90mFilament panel denies users from deleting resources outside their tenant scope @ repetition 20 of 100[39m[90m       [39m [90m0.18s[39m  
  [32;1m✓[39;22m[90m [39m[90mFilament panel denies users from deleting resources outside their tenant scope @ repetition 21 of 100[39m[90m       [39m [90m0.21s[39m  
  [32;1m✓[39;22m[90m [39m[90mFilament panel denies users from deleting resources outside their tenant scope @ repetition 22 of 100[39m[90m       [39m [90m0.14s[39m  
  [32;1m✓[39;22m[90m [39m[90mFilament panel denies users from deleting resources outside their tenant scope @ repetition 23 of 100[39m[90m       [39m [90m0.15s[39m  
  [32;1m✓[39;22m[90m [39m[90mFilament panel denies users from deleting resources outside their tenant scope @ repetition 24 of 100[39m[90m       [39m [90m0.36s[39m  
  [32;1m✓[39;22m[90m [39m[90mFilament panel denies users from deleting resources outside their tenant scope @ repetition 25 of 100[39m[90m       [39m [90m0.21s[39m  
  [32;1m✓[39;22m[90m [39m[90mFilament panel denies users from deleting resources outside their tenant scope @ repetition 26 of 100[39m[90m       [39m [90m0.19s[39m  
  [32;1m✓[39;22m[90m [39m[90mFilament panel denies users from deleting resources outside their tenant scope @ repetition 27 of 100[39m[90m       [39m [90m0.19s[39m  
  [32;1m✓[39;22m[90m [39m[90mFilament panel denies users from deleting resources outside their tenant scope @ repetition 28 of 100[39m[90m       [39m [90m0.20s[39m  
  [32;1m✓[39;22m[90m [39m[90mFilament panel denies users from deleting resources outside their tenant scope @ repetition 29 of 100[39m[90m       [39m [90m0.19s[39m  
  [32;1m✓[39;22m[90m [39m[90mFilament panel denies users from deleting resources outside their tenant scope @ repetition 30 of 100[39m[90m       [39m [90m0.20s[39m  
  [32;1m✓[39;22m[90m [39m[90mFilament panel denies users from deleting resources outside their tenant scope @ repetition 31 of 100[39m[90m       [39m [90m0.20s[39m  
  [32;1m✓[39;22m[90m [39m[90mFilament panel denies users from deleting resources outside their tenant scope @ repetition 32 of 100[39m[90m       [39m [90m0.41s[39m  
  [32;1m✓[39;22m[90m [39m[90mFilament panel denies users from deleting resources outside their tenant scope @ repetition 33 of 100[39m[90m       [39m [90m0.15s[39m  
  [32;1m✓[39;22m[90m [39m[90mFilament panel denies users from deleting resources outside their tenant scope @ repetition 34 of 100[39m[90m       [39m [90m0.16s[39m  
  [32;1m✓[39;22m[90m [39m[90mFilament panel denies users from deleting resources outside their tenant scope @ repetition 35 of 100[39m[90m       [39m [90m0.13s[39m  
  [32;1m✓[39;22m[90m [39m[90mFilament panel denies users from deleting resources outside their tenant scope @ repetition 36 of 100[39m[90m       [39m [90m0.21s[39m  
  [32;1m✓[39;22m[90m [39m[90mFilament panel denies users from deleting resources outside their tenant scope @ repetition 37 of 100[39m[90m       [39m [90m0.21s[39m  
  [32;1m✓[39;22m[90m [39m[90mFilament panel denies users from deleting resources outside their tenant scope @ repetition 38 of 100[39m[90m       [39m [90m0.16s[39m  
  [32;1m✓[39;22m[90m [39m[90mFilament panel denies users from deleting resources outside their tenant scope @ repetition 39 of 100[39m[90m       [39m [90m0.16s[39m  
  [32;1m✓[39;22m[90m [39m[90mFilament panel denies users from deleting resources outside their tenant scope @ repetition 40 of 100[39m[90m       [39m [90m0.43s[39m  
  [32;1m✓[39;22m[90m [39m[90mFilament panel denies users from deleting resources outside their tenant scope @ repetition 41 of 100[39m[90m       [39m [90m0.21s[39m  
  [32;1m✓[39;22m[90m [39m[90mFilament panel denies users from deleting resources outside their tenant scope @ repetition 42 of 100[39m[90m       [39m [90m0.19s[39m  
  [32;1m✓[39;22m[90m [39m[90mFilament panel denies users from deleting resources outside their tenant scope @ repetition 43 of 100[39m[90m       [39m [90m0.21s[39m  
  [32;1m✓[39;22m[90m [39m[90mFilament panel denies users from deleting resources outside their tenant scope @ repetition 44 of 100[39m[90m       [39m [90m0.18s[39m  
  [32;1m✓[39;22m[90m [39m[90mFilament panel denies users from deleting resources outside their tenant scope @ repetition 45 of 100[39m[90m       [39m [90m0.20s[39m  
  [32;1m✓[39;22m[90m [39m[90mFilament panel denies users from deleting resources outside their tenant scope @ repetition 46 of 100[39m[90m       [39m [90m0.19s[39m  
  [32;1m✓[39;22m[90m [39m[90mFilament panel denies users from deleting resources outside their tenant scope @ repetition 47 of 100[39m[90m       [39m [90m0.19s[39m  
  [32;1m✓[39;22m[90m [39m[90mFilament panel denies users from deleting resources outside their tenant scope @ repetition 48 of 100[39m[90m       [39m [90m0.40s[39m  
  [32;1m✓[39;22m[90m [39m[90mFilament panel denies users from deleting resources outside their tenant scope @ repetition 49 of 100[39m[90m       [39m [90m0.20s[39m  
  [32;1m✓[39;22m[90m [39m[90mFilament panel denies users from deleting resources outside their tenant scope @ repetition 50 of 100[39m[90m       [39m [90m0.19s[39m  
  [32;1m✓[39;22m[90m [39m[90mFilament panel denies users from deleting resources outside their tenant scope @ repetition 51 of 100[39m[90m       [39m [90m0.17s[39m  
  [32;1m✓[39;22m[90m [39m[90mFilament panel denies users from deleting resources outside their tenant scope @ repetition 52 of 100[39m[90m       [39m [90m0.21s[39m  
  [32;1m✓[39;22m[90m [39m[90mFilament panel denies users from deleting resources outside their tenant scope @ repetition 53 of 100[39m[90m       [39m [90m0.14s[39m  
  [32;1m✓[39;22m[90m [39m[90mFilament panel denies users from deleting resources outside their tenant scope @ repetition 54 of 100[39m[90m       [39m [90m0.16s[39m  
  [32;1m✓[39;22m[90m [39m[90mFilament panel denies users from deleting resources outside their tenant scope @ repetition 55 of 100[39m[90m       [39m [90m0.21s[39m  
  [32;1m✓[39;22m[90m [39m[90mFilament panel denies users from deleting resources outside their tenant scope @ repetition 56 of 100[39m[90m       [39m [90m0.43s[39m  
  [32;1m✓[39;22m[90m [39m[90mFilament panel denies users from deleting resources outside their tenant scope @ repetition 57 of 100[39m[90m       [39m [90m0.22s[39m  
  [32;1m✓[39;22m[90m [39m[90mFilament panel denies users from deleting resources outside their tenant scope @ repetition 58 of 100[39m[90m       [39m [90m0.20s[39m  
  [32;1m✓[39;22m[90m [39m[90mFilament panel denies users from deleting resources outside their tenant scope @ repetition 59 of 100[39m[90m       [39m [90m0.21s[39m  
  [32;1m✓[39;22m[90m [39m[90mFilament panel denies users from deleting resources outside their tenant scope @ repetition 60 of 100[39m[90m       [39m [90m0.18s[39m  
  [32;1m✓[39;22m[90m [39m[90mFilament panel denies users from deleting resources outside their tenant scope @ repetition 61 of 100[39m[90m       [39m [90m0.17s[39m  
  [32;1m✓[39;22m[90m [39m[90mFilament panel denies users from deleting resources outside their tenant scope @ repetition 62 of 100[39m[90m       [39m [90m0.14s[39m  
  [32;1m✓[39;22m[90m [39m[90mFilament panel denies users from deleting resources outside their tenant scope @ repetition 63 of 100[39m[90m       [39m [90m0.22s[39m  
  [32;1m✓[39;22m[90m [39m[90mFilament panel denies users from deleting resources outside their tenant scope @ repetition 64 of 100[39m[90m       [39m [90m0.43s[39m  
  [32;1m✓[39;22m[90m [39m[90mFilament panel denies users from deleting resources outside their tenant scope @ repetition 65 of 100[39m[90m       [39m [90m0.18s[39m  
  [32;1m✓[39;22m[90m [39m[90mFilament panel denies users from deleting resources outside their tenant scope @ repetition 66 of 100[39m[90m       [39m [90m0.22s[39m  
  [32;1m✓[39;22m[90m [39m[90mFilament panel denies users from deleting resources outside their tenant scope @ repetition 67 of 100[39m[90m       [39m [90m0.20s[39m  
  [32;1m✓[39;22m[90m [39m[90mFilament panel denies users from deleting resources outside their tenant scope @ repetition 68 of 100[39m[90m       [39m [90m0.20s[39m  
  [32;1m✓[39;22m[90m [39m[90mFilament panel denies users from deleting resources outside their tenant scope @ repetition 69 of 100[39m[90m       [39m [90m0.17s[39m  
  [32;1m✓[39;22m[90m [39m[90mFilament panel denies users from deleting resources outside their tenant scope @ repetition 70 of 100[39m[90m       [39m [90m0.20s[39m  
  [32;1m✓[39;22m[90m [39m[90mFilament panel denies users from deleting resources outside their tenant scope @ repetition 71 of 100[39m[90m       [39m [90m0.21s[39m  
  [32;1m✓[39;22m[90m [39m[90mFilament panel denies users from deleting resources outside their tenant scope @ repetition 72 of 100[39m[90m       [39m [90m0.41s[39m  
  [32;1m✓[39;22m[90m [39m[90mFilament panel denies users from deleting resources outside their tenant scope @ repetition 73 of 100[39m[90m       [39m [90m0.22s[39m  
  [32;1m✓[39;22m[90m [39m[90mFilament panel denies users from deleting resources outside their tenant scope @ repetition 74 of 100[39m[90m       [39m [90m0.21s[39m  
  [32;1m✓[39;22m[90m [39m[90mFilament panel denies users from deleting resources outside their tenant scope @ repetition 75 of 100[39m[90m       [39m [90m0.18s[39m  
  [32;1m✓[39;22m[90m [39m[90mFilament panel denies users from deleting resources outside their tenant scope @ repetition 76 of 100[39m[90m       [39m [90m0.21s[39m  
  [32;1m✓[39;22m[90m [39m[90mFilament panel denies users from deleting resources outside their tenant scope @ repetition 77 of 100[39m[90m       [39m [90m0.22s[39m  
  [32;1m✓[39;22m[90m [39m[90mFilament panel denies users from deleting resources outside their tenant scope @ repetition 78 of 100[39m[90m       [39m [90m0.22s[39m  
  [32;1m✓[39;22m[90m [39m[90mFilament panel denies users from deleting resources outside their tenant scope @ repetition 79 of 100[39m[90m       [39m [90m0.22s[39m  
  [32;1m✓[39;22m[90m [39m[90mFilament panel denies users from deleting resources outside their tenant scope @ repetition 80 of 100[39m[90m       [39m [90m0.46s[39m  
  [32;1m✓[39;22m[90m [39m[90mFilament panel denies users from deleting resources outside their tenant scope @ repetition 81 of 100[39m[90m       [39m [90m0.23s[39m  
  [32;1m✓[39;22m[90m [39m[90mFilament panel denies users from deleting resources outside their tenant scope @ repetition 82 of 100[39m[90m       [39m [90m0.21s[39m  
  [32;1m✓[39;22m[90m [39m[90mFilament panel denies users from deleting resources outside their tenant scope @ repetition 83 of 100[39m[90m       [39m [90m0.23s[39m  
  [32;1m✓[39;22m[90m [39m[90mFilament panel denies users from deleting resources outside their tenant scope @ repetition 84 of 100[39m[90m       [39m [90m0.19s[39m  
  [32;1m✓[39;22m[90m [39m[90mFilament panel denies users from deleting resources outside their tenant scope @ repetition 85 of 100[39m[90m       [39m [90m0.23s[39m  
  [32;1m✓[39;22m[90m [39m[90mFilament panel denies users from deleting resources outside their tenant scope @ repetition 86 of 100[39m[90m       [39m [90m0.21s[39m  
  [32;1m✓[39;22m[90m [39m[90mFilament panel denies users from deleting resources outside their tenant scope @ repetition 87 of 100[39m[90m       [39m [90m0.20s[39m  
  [32;1m✓[39;22m[90m [39m[90mFilament panel denies users from deleting resources outside their tenant scope @ repetition 88 of 100[39m[90m       [39m [90m0.45s[39m  
  [32;1m✓[39;22m[90m [39m[90mFilament panel denies users from deleting resources outside their tenant scope @ repetition 89 of 100[39m[90m       [39m [90m0.21s[39m  
  [32;1m✓[39;22m[90m [39m[90mFilament panel denies users from deleting resources outside their tenant scope @ repetition 90 of 100[39m[90m       [39m [90m0.22s[39m  
  [32;1m✓[39;22m[90m [39m[90mFilament panel denies users from deleting resources outside their tenant scope @ repetition 91 of 100[39m[90m       [39m [90m0.15s[39m  
  [32;1m✓[39;22m[90m [39m[90mFilament panel denies users from deleting resources outside their tenant scope @ repetition 92 of 100[39m[90m       [39m [90m0.25s[39m  
  [32;1m✓[39;22m[90m [39m[90mFilament panel denies users from deleting resources outside their tenant scope @ repetition 93 of 100[39m[90m       [39m [90m0.18s[39m  
  [32;1m✓[39;22m[90m [39m[90mFilament panel denies users from deleting resources outside their tenant scope @ repetition 94 of 100[39m[90m       [39m [90m0.25s[39m  
  [32;1m✓[39;22m[90m [39m[90mFilament panel denies users from deleting resources outside their tenant scope @ repetition 95 of 100[39m[90m       [39m [90m0.26s[39m  
  [32;1m✓[39;22m[90m [39m[90mFilament panel denies users from deleting resources outside their tenant scope @ repetition 96 of 100[39m[90m       [39m [90m0.48s[39m  
  [32;1m✓[39;22m[90m [39m[90mFilament panel denies users from deleting resources outside their tenant scope @ repetition 97 of 100[39m[90m       [39m [90m0.20s[39m  
  [32;1m✓[39;22m[90m [39m[90mFilament panel denies users from deleting resources outside their tenant scope @ repetition 98 of 100[39m[90m       [39m [90m0.25s[39m  
  [32;1m✓[39;22m[90m [39m[90mFilament panel denies users from deleting resources outside their tenant scope @ repetition 99 of 100[39m[90m       [39m [90m0.21s[39m  
  [32;1m✓[39;22m[90m [39m[90mFilament panel denies users from deleting resources outside their tenant scope @ repetition 100 of 100[39m[90m      [39m [90m0.22s[39m  
  [32;1m✓[39;22m[90m [39m[90mFilament panel denies tenant users from editing their own invoices @ repetition 1 of 100[39m[90m                    [39m [90m0.22s[39m  
  [32;1m✓[39;22m[90m [39m[90mFilament panel denies tenant users from editing their own invoices @ repetition 2 of 100[39m[90m                    [39m [90m0.49s[39m  
  [32;1m✓[39;22m[90m [39m[90mFilament panel denies tenant users from editing their own invoices @ repetition 3 of 100[39m[90m                    [39m [90m0.26s[39m  
  [32;1m✓[39;22m[90m [39m[90mFilament panel denies tenant users from editing their own invoices @ repetition 4 of 100[39m[90m                    [39m [90m0.25s[39m  
  [32;1m✓[39;22m[90m [39m[90mFilament panel denies tenant users from editing their own invoices @ repetition 5 of 100[39m[90m                    [39m [90m0.22s[39m  
  [32;1m✓[39;22m[90m [39m[90mFilament panel denies tenant users from editing their own invoices @ repetition 6 of 100[39m[90m                    [39m [90m0.22s[39m  
  [32;1m✓[39;22m[90m [39m[90mFilament panel denies tenant users from editing their own invoices @ repetition 7 of 100[39m[90m                    [39m [90m0.25s[39m  
  [32;1m✓[39;22m[90m [39m[90mFilament panel denies tenant users from editing their own invoices @ repetition 8 of 100[39m[90m                    [39m [90m0.23s[39m  
  [32;1m✓[39;22m[90m [39m[90mFilament panel denies tenant users from editing their own invoices @ repetition 9 of 100[39m[90m                    [39m [90m0.21s[39m  
  [32;1m✓[39;22m[90m [39m[90mFilament panel denies tenant users from editing their own invoices @ repetition 10 of 100[39m[90m                   [39m [90m0.49s[39m  
  [32;1m✓[39;22m[90m [39m[90mFilament panel denies tenant users from editing their own invoices @ repetition 11 of 100[39m[90m                   [39m [90m0.22s[39m  
  [32;1m✓[39;22m[90m [39m[90mFilament panel denies tenant users from editing their own invoices @ repetition 12 of 100[39m[90m                   [39m [90m0.18s[39m  
  [32;1m✓[39;22m[90m [39m[90mFilament panel denies tenant users from editing their own invoices @ repetition 13 of 100[39m[90m                   [39m [90m0.21s[39m  
  [32;1m✓[39;22m[90m [39m[90mFilament panel denies tenant users from editing their own invoices @ repetition 14 of 100[39m[90m                   [39m [90m0.23s[39m  
  [32;1m✓[39;22m[90m [39m[90mFilament panel denies tenant users from editing their own invoices @ repetition 15 of 100[39m[90m                   [39m [90m0.23s[39m  
  [32;1m✓[39;22m[90m [39m[90mFilament panel denies tenant users from editing their own invoices @ repetition 16 of 100[39m[90m                   [39m [90m0.22s[39m  
  [32;1m✓[39;22m[90m [39m[90mFilament panel denies tenant users from editing their own invoices @ repetition 17 of 100[39m[90m                   [39m [90m0.24s[39m  
  [32;1m✓[39;22m[90m [39m[90mFilament panel denies tenant users from editing their own invoices @ repetition 18 of 100[39m[90m                   [39m [90m0.40s[39m  
  [32;1m✓[39;22m[90m [39m[90mFilament panel denies tenant users from editing their own invoices @ repetition 19 of 100[39m[90m                   [39m [90m0.22s[39m  
  [32;1m✓[39;22m[90m [39m[90mFilament panel denies tenant users from editing their own invoices @ repetition 20 of 100[39m[90m                   [39m [90m0.23s[39m  
  [32;1m✓[39;22m[90m [39m[90mFilament panel denies tenant users from editing their own invoices @ repetition 21 of 100[39m[90m                   [39m [90m0.24s[39m  
  [32;1m✓[39;22m[90m [39m[90mFilament panel denies tenant users from editing their own invoices @ repetition 22 of 100[39m[90m                   [39m [90m0.24s[39m  
  [32;1m✓[39;22m[90m [39m[90mFilament panel denies tenant users from editing their own invoices @ repetition 23 of 100[39m[90m                   [39m [90m0.24s[39m  
  [32;1m✓[39;22m[90m [39m[90mFilament panel denies tenant users from editing their own invoices @ repetition 24 of 100[39m[90m                   [39m [90m0.26s[39m  
  [32;1m✓[39;22m[90m [39m[90mFilament panel denies tenant users from editing their own invoices @ repetition 25 of 100[39m[90m                   [39m [90m0.25s[39m  
  [32;1m✓[39;22m[90m [39m[90mFilament panel denies tenant users from editing their own invoices @ repetition 26 of 100[39m[90m                   [39m [90m0.52s[39m  
  [32;1m✓[39;22m[90m [39m[90mFilament panel denies tenant users from editing their own invoices @ repetition 27 of 100[39m[90m                   [39m [90m0.24s[39m  
  [32;1m✓[39;22m[90m [39m[90mFilament panel denies tenant users from editing their own invoices @ repetition 28 of 100[39m[90m                   [39m [90m0.21s[39m  
  [32;1m✓[39;22m[90m [39m[90mFilament panel denies tenant users from editing their own invoices @ repetition 29 of 100[39m[90m                   [39m [90m0.25s[39m  
  [32;1m✓[39;22m[90m [39m[90mFilament panel denies tenant users from editing their own invoices @ repetition 30 of 100[39m[90m                   [39m [90m0.20s[39m  
  [32;1m✓[39;22m[90m [39m[90mFilament panel denies tenant users from editing their own invoices @ repetition 31 of 100[39m[90m                   [39m [90m0.19s[39m  
  [32;1m✓[39;22m[90m [39m[90mFilament panel denies tenant users from editing their own invoices @ repetition 32 of 100[39m[90m                   [39m [90m0.23s[39m  
  [32;1m✓[39;22m[90m [39m[90mFilament panel denies tenant users from editing their own invoices @ repetition 33 of 100[39m[90m                   [39m [90m0.17s[39m  
  [32;1m✓[39;22m[90m [39m[90mFilament panel denies tenant users from editing their own invoices @ repetition 34 of 100[39m[90m                   [39m [90m0.48s[39m  
  [32;1m✓[39;22m[90m [39m[90mFilament panel denies tenant users from editing their own invoices @ repetition 35 of 100[39m[90m                   [39m [90m0.19s[39m  
  [32;1m✓[39;22m[90m [39m[90mFilament panel denies tenant users from editing their own invoices @ repetition 36 of 100[39m[90m                   [39m [90m0.23s[39m  
  [32;1m✓[39;22m[90m [39m[90mFilament panel denies tenant users from editing their own invoices @ repetition 37 of 100[39m[90m                   [39m [90m0.25s[39m  
  [32;1m✓[39;22m[90m [39m[90mFilament panel denies tenant users from editing their own invoices @ repetition 38 of 100[39m[90m                   [39m [90m0.26s[39m  
  [32;1m✓[39;22m[90m [39m[90mFilament panel denies tenant users from editing their own invoices @ repetition 39 of 100[39m[90m                   [39m [90m0.25s[39m  
  [32;1m✓[39;22m[90m [39m[90mFilament panel denies tenant users from editing their own invoices @ repetition 40 of 100[39m[90m                   [39m [90m0.23s[39m  
  [32;1m✓[39;22m[90m [39m[90mFilament panel denies tenant users from editing their own invoices @ repetition 41 of 100[39m[90m                   [39m [90m0.22s[39m  
  [32;1m✓[39;22m[90m [39m[90mFilament panel denies tenant users from editing their own invoices @ repetition 42 of 100[39m[90m                   [39m [90m0.45s[39m  
  [32;1m✓[39;22m[90m [39m[90mFilament panel denies tenant users from editing their own invoices @ repetition 43 of 100[39m[90m                   [39m [90m0.26s[39m  
  [32;1m✓[39;22m[90m [39m[90mFilament panel denies tenant users from editing their own invoices @ repetition 44 of 100[39m[90m                   [39m [90m0.27s[39m  
  [32;1m✓[39;22m[90m [39m[90mFilament panel denies tenant users from editing their own invoices @ repetition 45 of 100[39m[90m                   [39m [90m0.26s[39m  
  [32;1m✓[39;22m[90m [39m[90mFilament panel denies tenant users from editing their own invoices @ repetition 46 of 100[39m[90m                   [39m [90m0.21s[39m  
  [32;1m✓[39;22m[90m [39m[90mFilament panel denies tenant users from editing their own invoices @ repetition 47 of 100[39m[90m                   [39m [90m0.27s[39m  
  [32;1m✓[39;22m[90m [39m[90mFilament panel denies tenant users from editing their own invoices @ repetition 48 of 100[39m[90m                   [39m [90m0.26s[39m  
  [32;1m✓[39;22m[90m [39m[90mFilament panel denies tenant users from editing their own invoices @ repetition 49 of 100[39m[90m                   [39m [90m0.24s[39m  
  [32;1m✓[39;22m[90m [39m[90mFilament panel denies tenant users from editing their own invoices @ repetition 50 of 100[39m[90m                   [39m [90m0.47s[39m  
  [32;1m✓[39;22m[90m [39m[90mFilament panel denies tenant users from editing their own invoices @ repetition 51 of 100[39m[90m                   [39m [90m0.25s[39m  
  [32;1m✓[39;22m[90m [39m[90mFilament panel denies tenant users from editing their own invoices @ repetition 52 of 100[39m[90m                   [39m [90m0.16s[39m  
  [32;1m✓[39;22m[90m [39m[90mFilament panel denies tenant users from editing their own invoices @ repetition 53 of 100[39m[90m                   [39m [90m0.26s[39m  
  [32;1m✓[39;22m[90m [39m[90mFilament panel denies tenant users from editing their own invoices @ repetition 54 of 100[39m[90m                   [39m [90m0.24s[39m  
  [32;1m✓[39;22m[90m [39m[90mFilament panel denies tenant users from editing their own invoices @ repetition 55 of 100[39m[90m                   [39m [90m0.23s[39m  
  [32;1m✓[39;22m[90m [39m[90mFilament panel denies tenant users from editing their own invoices @ repetition 56 of 100[39m[90m                   [39m [90m0.21s[39m  
  [32;1m✓[39;22m[90m [39m[90mFilament panel denies tenant users from editing their own invoices @ repetition 57 of 100[39m[90m                   [39m [90m0.21s[39m  
  [32;1m✓[39;22m[90m [39m[90mFilament panel denies tenant users from editing their own invoices @ repetition 58 of 100[39m[90m                   [39m [90m0.53s[39m  
  [32;1m✓[39;22m[90m [39m[90mFilament panel denies tenant users from editing their own invoices @ repetition 59 of 100[39m[90m                   [39m [90m0.26s[39m  
  [32;1m✓[39;22m[90m [39m[90mFilament panel denies tenant users from editing their own invoices @ repetition 60 of 100[39m[90m                   [39m [90m0.18s[39m  
  [32;1m✓[39;22m[90m [39m[90mFilament panel denies tenant users from editing their own invoices @ repetition 61 of 100[39m[90m                   [39m [90m0.27s[39m  
  [32;1m✓[39;22m[90m [39m[90mFilament panel denies tenant users from editing their own invoices @ repetition 62 of 100[39m[90m                   [39m [90m0.25s[39m  
  [32;1m✓[39;22m[90m [39m[90mFilament panel denies tenant users from editing their own invoices @ repetition 63 of 100[39m[90m                   [39m [90m0.29s[39m  
  [32;1m✓[39;22m[90m [39m[90mFilament panel denies tenant users from editing their own invoices @ repetition 64 of 100[39m[90m                   [39m [90m0.28s[39m  
  [32;1m✓[39;22m[90m [39m[90mFilament panel denies tenant users from editing their own invoices @ repetition 65 of 100[39m[90m                   [39m [90m0.22s[39m  
  [32;1m✓[39;22m[90m [39m[90mFilament panel denies tenant users from editing their own invoices @ repetition 66 of 100[39m[90m                   [39m [90m0.53s[39m  
  [32;1m✓[39;22m[90m [39m[90mFilament panel denies tenant users from editing their own invoices @ repetition 67 of 100[39m[90m                   [39m [90m0.26s[39m  
  [32;1m✓[39;22m[90m [39m[90mFilament panel denies tenant users from editing their own invoices @ repetition 68 of 100[39m[90m                   [39m [90m0.26s[39m  
  [32;1m✓[39;22m[90m [39m[90mFilament panel denies tenant users from editing their own invoices @ repetition 69 of 100[39m[90m                   [39m [90m0.19s[39m  
  [32;1m✓[39;22m[90m [39m[90mFilament panel denies tenant users from editing their own invoices @ repetition 70 of 100[39m[90m                   [39m [90m0.26s[39m  
  [32;1m✓[39;22m[90m [39m[90mFilament panel denies tenant users from editing their own invoices @ repetition 71 of 100[39m[90m                   [39m [90m0.23s[39m  
  [32;1m✓[39;22m[90m [39m[90mFilament panel denies tenant users from editing their own invoices @ repetition 72 of 100[39m[90m                   [39m [90m0.25s[39m  
  [32;1m✓[39;22m[90m [39m[90mFilament panel denies tenant users from editing their own invoices @ repetition 73 of 100[39m[90m                   [39m [90m0.23s[39m  
  [32;1m✓[39;22m[90m [39m[90mFilament panel denies tenant users from editing their own invoices @ repetition 74 of 100[39m[90m                   [39m [90m0.47s[39m  
  [32;1m✓[39;22m[90m [39m[90mFilament panel denies tenant users from editing their own invoices @ repetition 75 of 100[39m[90m                   [39m [90m0.27s[39m  
  [32;1m✓[39;22m[90m [39m[90mFilament panel denies tenant users from editing their own invoices @ repetition 76 of 100[39m[90m                   [39m [90m0.28s[39m  
  [32;1m✓[39;22m[90m [39m[90mFilament panel denies tenant users from editing their own invoices @ repetition 77 of 100[39m[90m                   [39m [90m0.26s[39m  
  [32;1m✓[39;22m[90m [39m[90mFilament panel denies tenant users from editing their own invoices @ repetition 78 of 100[39m[90m                   [39m [90m0.29s[39m  
  [32;1m✓[39;22m[90m [39m[90mFilament panel denies tenant users from editing their own invoices @ repetition 79 of 100[39m[90m                   [39m [90m0.27s[39m  
  [32;1m✓[39;22m[90m [39m[90mFilament panel denies tenant users from editing their own invoices @ repetition 80 of 100[39m[90m                   [39m [90m0.26s[39m  
  [32;1m✓[39;22m[90m [39m[90mFilament panel denies tenant users from editing their own invoices @ repetition 81 of 100[39m[90m                   [39m [90m0.30s[39m  
  [32;1m✓[39;22m[90m [39m[90mFilament panel denies tenant users from editing their own invoices @ repetition 82 of 100[39m[90m                   [39m [90m0.60s[39m  
  [32;1m✓[39;22m[90m [39m[90mFilament panel denies tenant users from editing their own invoices @ repetition 83 of 100[39m[90m                   [39m [90m0.24s[39m  
  [32;1m✓[39;22m[90m [39m[90mFilament panel denies tenant users from editing their own invoices @ repetition 84 of 100[39m[90m                   [39m [90m0.29s[39m  
  [32;1m✓[39;22m[90m [39m[90mFilament panel denies tenant users from editing their own invoices @ repetition 85 of 100[39m[90m                   [39m [90m0.26s[39m  
  [32;1m✓[39;22m[90m [39m[90mFilament panel denies tenant users from editing their own invoices @ repetition 86 of 100[39m[90m                   [39m [90m0.19s[39m  
  [32;1m✓[39;22m[90m [39m[90mFilament panel denies tenant users from editing their own invoices @ repetition 87 of 100[39m[90m                   [39m [90m0.28s[39m  
  [32;1m✓[39;22m[90m [39m[90mFilament panel denies tenant users from editing their own invoices @ repetition 88 of 100[39m[90m                   [39m [90m0.23s[39m  
  [32;1m✓[39;22m[90m [39m[90mFilament panel denies tenant users from editing their own invoices @ repetition 89 of 100[39m[90m                   [39m [90m0.29s[39m  
  [32;1m✓[39;22m[90m [39m[90mFilament panel denies tenant users from editing their own invoices @ repetition 90 of 100[39m[90m                   [39m [90m0.56s[39m  
  [32;1m✓[39;22m[90m [39m[90mFilament panel denies tenant users from editing their own invoices @ repetition 91 of 100[39m[90m                   [39m [90m0.25s[39m  
  [32;1m✓[39;22m[90m [39m[90mFilament panel denies tenant users from editing their own invoices @ repetition 92 of 100[39m[90m                   [39m [90m0.27s[39m  
  [32;1m✓[39;22m[90m [39m[90mFilament panel denies tenant users from editing their own invoices @ repetition 93 of 100[39m[90m                   [39m [90m0.29s[39m  
  [32;1m✓[39;22m[90m [39m[90mFilament panel denies tenant users from editing their own invoices @ repetition 94 of 100[39m[90m                   [39m [90m0.27s[39m  
  [32;1m✓[39;22m[90m [39m[90mFilament panel denies tenant users from editing their own invoices @ repetition 95 of 100[39m[90m                   [39m [90m0.29s[39m  
  [32;1m✓[39;22m[90m [39m[90mFilament panel denies tenant users from editing their own invoices @ repetition 96 of 100[39m[90m                   [39m [90m0.26s[39m  
  [32;1m✓[39;22m[90m [39m[90mFilament panel denies tenant users from editing their own invoices @ repetition 97 of 100[39m[90m                   [39m [90m0.32s[39m  
  [32;1m✓[39;22m[90m [39m[90mFilament panel denies tenant users from editing their own invoices @ repetition 98 of 100[39m[90m                   [39m [90m0.67s[39m  
  [32;1m✓[39;22m[90m [39m[90mFilament panel denies tenant users from editing their own invoices @ repetition 99 of 100[39m[90m                   [39m [90m0.29s[39m  
  [32;1m✓[39;22m[90m [39m[90mFilament panel denies tenant users from editing their own invoices @ repetition 100 of 100[39m[90m                  [39m [90m0.29s[39m  
  [32;1m✓[39;22m[90m [39m[90mFilament panel denies tenant users from deleting their own invoices @ repetition 1 of 100[39m[90m                   [39m [90m0.24s[39m  
  [32;1m✓[39;22m[90m [39m[90mFilament panel denies tenant users from deleting their own invoices @ repetition 2 of 100[39m[90m                   [39m [90m0.26s[39m  
  [32;1m✓[39;22m[90m [39m[90mFilament panel denies tenant users from deleting their own invoices @ repetition 3 of 100[39m[90m                   [39m [90m0.28s[39m  
  [32;1m✓[39;22m[90m [39m[90mFilament panel denies tenant users from deleting their own invoices @ repetition 4 of 100[39m[90m                   [39m [90m0.55s[39m  
  [32;1m✓[39;22m[90m [39m[90mFilament panel denies tenant users from deleting their own invoices @ repetition 5 of 100[39m[90m                   [39m [90m0.29s[39m  
  [32;1m✓[39;22m[90m [39m[90mFilament panel denies tenant users from deleting their own invoices @ repetition 6 of 100[39m[90m                   [39m [90m0.28s[39m  
  [32;1m✓[39;22m[90m [39m[90mFilament panel denies tenant users from deleting their own invoices @ repetition 7 of 100[39m[90m                   [39m [90m0.20s[39m  
  [32;1m✓[39;22m[90m [39m[90mFilament panel denies tenant users from deleting their own invoices @ repetition 8 of 100[39m[90m                   [39m [90m0.22s[39m  
  [32;1m✓[39;22m[90m [39m[90mFilament panel denies tenant users from deleting their own invoices @ repetition 9 of 100[39m[90m                   [39m [90m0.24s[39m  
  [32;1m✓[39;22m[90m [39m[90mFilament panel denies tenant users from deleting their own invoices @ repetition 10 of 100[39m[90m                  [39m [90m0.28s[39m  
  [32;1m✓[39;22m[90m [39m[90mFilament panel denies tenant users from deleting their own invoices @ repetition 11 of 100[39m[90m                  [39m [90m0.28s[39m  
  [32;1m✓[39;22m[90m [39m[90mFilament panel denies tenant users from deleting their own invoices @ repetition 12 of 100[39m[90m                  [39m [90m0.55s[39m  
  [32;1m✓[39;22m[90m [39m[90mFilament panel denies tenant users from deleting their own invoices @ repetition 13 of 100[39m[90m                  [39m [90m0.30s[39m  
  [32;1m✓[39;22m[90m [39m[90mFilament panel denies tenant users from deleting their own invoices @ repetition 14 of 100[39m[90m                  [39m [90m0.31s[39m  
  [32;1m✓[39;22m[90m [39m[90mFilament panel denies tenant users from deleting their own invoices @ repetition 15 of 100[39m[90m                  [39m [90m0.32s[39m  
  [32;1m✓[39;22m[90m [39m[90mFilament panel denies tenant users from deleting their own invoices @ repetition 16 of 100[39m[90m                  [39m [90m0.30s[39m  
  [32;1m✓[39;22m[90m [39m[90mFilament panel denies tenant users from deleting their own invoices @ repetition 17 of 100[39m[90m                  [39m [90m0.29s[39m  
  [32;1m✓[39;22m[90m [39m[90mFilament panel denies tenant users from deleting their own invoices @ repetition 18 of 100[39m[90m                  [39m [90m0.25s[39m  
  [32;1m✓[39;22m[90m [39m[90mFilament panel denies tenant users from deleting their own invoices @ repetition 19 of 100[39m[90m                  [39m [90m0.26s[39m  
  [32;1m✓[39;22m[90m [39m[90mFilament panel denies tenant users from deleting their own invoices @ repetition 20 of 100[39m[90m                  [39m [90m0.58s[39m  
  [32;1m✓[39;22m[90m [39m[90mFilament panel denies tenant users from deleting their own invoices @ repetition 21 of 100[39m[90m                  [39m [90m0.29s[39m  
  [32;1m✓[39;22m[90m [39m[90mFilament panel denies tenant users from deleting their own invoices @ repetition 22 of 100[39m[90m                  [39m [90m0.27s[39m  
  [32;1m✓[39;22m[90m [39m[90mFilament panel denies tenant users from deleting their own invoices @ repetition 23 of 100[39m[90m                  [39m [90m0.22s[39m  
  [32;1m✓[39;22m[90m [39m[90mFilament panel denies tenant users from deleting their own invoices @ repetition 24 of 100[39m[90m                  [39m [90m0.29s[39m  
  [32;1m✓[39;22m[90m [39m[90mFilament panel denies tenant users from deleting their own invoices @ repetition 25 of 100[39m[90m                  [39m [90m0.23s[39m  
  [32;1m✓[39;22m[90m [39m[90mFilament panel denies tenant users from deleting their own invoices @ repetition 26 of 100[39m[90m                  [39m [90m0.29s[39m  
  [32;1m✓[39;22m[90m [39m[90mFilament panel denies tenant users from deleting their own invoices @ repetition 27 of 100[39m[90m                  [39m [90m0.26s[39m  
  [32;1m✓[39;22m[90m [39m[90mFilament panel denies tenant users from deleting their own invoices @ repetition 28 of 100[39m[90m                  [39m [90m0.55s[39m  
  [32;1m✓[39;22m[90m [39m[90mFilament panel denies tenant users from deleting their own invoices @ repetition 29 of 100[39m[90m                  [39m [90m0.29s[39m  
  [32;1m✓[39;22m[90m [39m[90mFilament panel denies tenant users from deleting their own invoices @ repetition 30 of 100[39m[90m                  [39m [90m0.30s[39m  
  [32;1m✓[39;22m[90m [39m[90mFilament panel denies tenant users from deleting their own invoices @ repetition 31 of 100[39m[90m                  [39m [90m0.34s[39m  
  [32;1m✓[39;22m[90m [39m[90mFilament panel denies tenant users from deleting their own invoices @ repetition 32 of 100[39m[90m                  [39m [90m0.31s[39m  
  [32;1m✓[39;22m[90m [39m[90mFilament panel denies tenant users from deleting their own invoices @ repetition 33 of 100[39m[90m                  [39m [90m0.30s[39m  
  [32;1m✓[39;22m[90m [39m[90mFilament panel denies tenant users from deleting their own invoices @ repetition 34 of 100[39m[90m                  [39m [90m0.33s[39m  
  [32;1m✓[39;22m[90m [39m[90mFilament panel denies tenant users from deleting their own invoices @ repetition 35 of 100[39m[90m                  [39m [90m0.30s[39m  
  [32;1m✓[39;22m[90m [39m[90mFilament panel denies tenant users from deleting their own invoices @ repetition 36 of 100[39m[90m                  [39m [90m0.66s[39m  
  [32;1m✓[39;22m[90m [39m[90mFilament panel denies tenant users from deleting their own invoices @ repetition 37 of 100[39m[90m                  [39m [90m0.29s[39m  
  [32;1m✓[39;22m[90m [39m[90mFilament panel denies tenant users from deleting their own invoices @ repetition 38 of 100[39m[90m                  [39m [90m0.28s[39m  
  [32;1m✓[39;22m[90m [39m[90mFilament panel denies tenant users from deleting their own invoices @ repetition 39 of 100[39m[90m                  [39m [90m0.29s[39m  
  [32;1m✓[39;22m[90m [39m[90mFilament panel denies tenant users from deleting their own invoices @ repetition 40 of 100[39m[90m                  [39m [90m0.24s[39m  
  [32;1m✓[39;22m[90m [39m[90mFilament panel denies tenant users from deleting their own invoices @ repetition 41 of 100[39m[90m                  [39m [90m0.29s[39m  
  [32;1m✓[39;22m[90m [39m[90mFilament panel denies tenant users from deleting their own invoices @ repetition 42 of 100[39m[90m                  [39m [90m0.22s[39m  
  [32;1m✓[39;22m[90m [39m[90mFilament panel denies tenant users from deleting their own invoices @ repetition 43 of 100[39m[90m                  [39m [90m0.31s[39m  
  [32;1m✓[39;22m[90m [39m[90mFilament panel denies tenant users from deleting their own invoices @ repetition 44 of 100[39m[90m                  [39m [90m0.60s[39m  
  [32;1m✓[39;22m[90m [39m[90mFilament panel denies tenant users from deleting their own invoices @ repetition 45 of 100[39m[90m                  [39m [90m0.29s[39m  
  [32;1m✓[39;22m[90m [39m[90mFilament panel denies tenant users from deleting their own invoices @ repetition 46 of 100[39m[90m                  [39m [90m0.28s[39m  
  [32;1m✓[39;22m[90m [39m[90mFilament panel denies tenant users from deleting their own invoices @ repetition 47 of 100[39m[90m                  [39m [90m0.28s[39m  
  [32;1m✓[39;22m[90m [39m[90mFilament panel denies tenant users from deleting their own invoices @ repetition 48 of 100[39m[90m                  [39m [90m0.27s[39m  
  [32;1m✓[39;22m[90m [39m[90mFilament panel denies tenant users from deleting their own invoices @ repetition 49 of 100[39m[90m                  [39m [90m0.28s[39m  
  [32;1m✓[39;22m[90m [39m[90mFilament panel denies tenant users from deleting their own invoices @ repetition 50 of 100[39m[90m                  [39m [90m0.28s[39m  
  [32;1m✓[39;22m[90m [39m[90mFilament panel denies tenant users from deleting their own invoices @ repetition 51 of 100[39m[90m                  [39m [90m0.27s[39m  
  [32;1m✓[39;22m[90m [39m[90mFilament panel denies tenant users from deleting their own invoices @ repetition 52 of 100[39m[90m                  [39m [90m0.55s[39m  
  [32;1m✓[39;22m[90m [39m[90mFilament panel denies tenant users from deleting their own invoices @ repetition 53 of 100[39m[90m                  [39m [90m0.24s[39m  
  [32;1m✓[39;22m[90m [39m[90mFilament panel denies tenant users from deleting their own invoices @ repetition 54 of 100[39m[90m                  [39m [90m0.27s[39m  
  [32;1m✓[39;22m[90m [39m[90mFilament panel denies tenant users from deleting their own invoices @ repetition 55 of 100[39m[90m                  [39m [90m0.29s[39m  
  [32;1m✓[39;22m[90m [39m[90mFilament panel denies tenant users from deleting their own invoices @ repetition 56 of 100[39m[90m                  [39m [90m0.30s[39m  
  [32;1m✓[39;22m[90m [39m[90mFilament panel denies tenant users from deleting their own invoices @ repetition 57 of 100[39m[90m                  [39m [90m0.23s[39m  
  [32;1m✓[39;22m[90m [39m[90mFilament panel denies tenant users from deleting their own invoices @ repetition 58 of 100[39m[90m                  [39m [90m0.27s[39m  
  [32;1m✓[39;22m[90m [39m[90mFilament panel denies tenant users from deleting their own invoices @ repetition 59 of 100[39m[90m                  [39m [90m0.26s[39m  
  [32;1m✓[39;22m[90m [39m[90mFilament panel denies tenant users from deleting their own invoices @ repetition 60 of 100[39m[90m                  [39m [90m0.56s[39m  
  [32;1m✓[39;22m[90m [39m[90mFilament panel denies tenant users from deleting their own invoices @ repetition 61 of 100[39m[90m                  [39m [90m0.29s[39m  
  [32;1m✓[39;22m[90m [39m[90mFilament panel denies tenant users from deleting their own invoices @ repetition 62 of 100[39m[90m                  [39m [90m0.29s[39m  
  [32;1m✓[39;22m[90m [39m[90mFilament panel denies tenant users from deleting their own invoices @ repetition 63 of 100[39m[90m                  [39m [90m0.29s[39m  
  [32;1m✓[39;22m[90m [39m[90mFilament panel denies tenant users from deleting their own invoices @ repetition 64 of 100[39m[90m                  [39m [90m0.28s[39m  
  [32;1m✓[39;22m[90m [39m[90mFilament panel denies tenant users from deleting their own invoices @ repetition 65 of 100[39m[90m                  [39m [90m0.32s[39m  
  [32;1m✓[39;22m[90m [39m[90mFilament panel denies tenant users from deleting their own invoices @ repetition 66 of 100[39m[90m                  [39m [90m0.27s[39m  
  [32;1m✓[39;22m[90m [39m[90mFilament panel denies tenant users from deleting their own invoices @ repetition 67 of 100[39m[90m                  [39m [90m0.28s[39m  
  [32;1m✓[39;22m[90m [39m[90mFilament panel denies tenant users from deleting their own invoices @ repetition 68 of 100[39m[90m                  [39m [90m0.68s[39m  
  [32;1m✓[39;22m[90m [39m[90mFilament panel denies tenant users from deleting their own invoices @ repetition 69 of 100[39m[90m                  [39m [90m0.41s[39m  
  [32;1m✓[39;22m[90m [39m[90mFilament panel denies tenant users from deleting their own invoices @ repetition 70 of 100[39m[90m                  [39m [90m0.36s[39m  
  [32;1m✓[39;22m[90m [39m[90mFilament panel denies tenant users from deleting their own invoices @ repetition 71 of 100[39m[90m                  [39m [90m0.35s[39m  
  [32;1m✓[39;22m[90m [39m[90mFilament panel denies tenant users from deleting their own invoices @ repetition 72 of 100[39m[90m                  [39m [90m0.32s[39m  
  [32;1m✓[39;22m[90m [39m[90mFilament panel denies tenant users from deleting their own invoices @ repetition 73 of 100[39m[90m                  [39m [90m0.30s[39m  
  [32;1m✓[39;22m[90m [39m[90mFilament panel denies tenant users from deleting their own invoices @ repetition 74 of 100[39m[90m                  [39m [90m0.28s[39m  
  [32;1m✓[39;22m[90m [39m[90mFilament panel denies tenant users from deleting their own invoices @ repetition 75 of 100[39m[90m                  [39m [90m0.32s[39m  
  [32;1m✓[39;22m[90m [39m[90mFilament panel denies tenant users from deleting their own invoices @ repetition 76 of 100[39m[90m                  [39m [90m0.63s[39m  
  [32;1m✓[39;22m[90m [39m[90mFilament panel denies tenant users from deleting their own invoices @ repetition 77 of 100[39m[90m                  [39m [90m0.30s[39m  
  [32;1m✓[39;22m[90m [39m[90mFilament panel denies tenant users from deleting their own invoices @ repetition 78 of 100[39m[90m                  [39m [90m0.32s[39m  
  [32;1m✓[39;22m[90m [39m[90mFilament panel denies tenant users from deleting their own invoices @ repetition 79 of 100[39m[90m                  [39m [90m0.35s[39m  
  [32;1m✓[39;22m[90m [39m[90mFilament panel denies tenant users from deleting their own invoices @ repetition 80 of 100[39m[90m                  [39m [90m0.28s[39m  
  [32;1m✓[39;22m[90m [39m[90mFilament panel denies tenant users from deleting their own invoices @ repetition 81 of 100[39m[90m                  [39m [90m0.29s[39m  
  [32;1m✓[39;22m[90m [39m[90mFilament panel denies tenant users from deleting their own invoices @ repetition 82 of 100[39m[90m                  [39m [90m0.29s[39m  
  [32;1m✓[39;22m[90m [39m[90mFilament panel denies tenant users from deleting their own invoices @ repetition 83 of 100[39m[90m                  [39m [90m0.29s[39m  
  [32;1m✓[39;22m[90m [39m[90mFilament panel denies tenant users from deleting their own invoices @ repetition 84 of 100[39m[90m                  [39m [90m0.58s[39m  
  [32;1m✓[39;22m[90m [39m[90mFilament panel denies tenant users from deleting their own invoices @ repetition 85 of 100[39m[90m                  [39m [90m0.32s[39m  
  [32;1m✓[39;22m[90m [39m[90mFilament panel denies tenant users from deleting their own invoices @ repetition 86 of 100[39m[90m                  [39m [90m0.26s[39m  
  [32;1m✓[39;22m[90m [39m[90mFilament panel denies tenant users from deleting their own invoices @ repetition 87 of 100[39m[90m                  [39m [90m0.29s[39m  
  [32;1m✓[39;22m[90m [39m[90mFilament panel denies tenant users from deleting their own invoices @ repetition 88 of 100[39m[90m                  [39m [90m0.28s[39m  
  [32;1m✓[39;22m[90m [39m[90mFilament panel denies tenant users from deleting their own invoices @ repetition 89 of 100[39m[90m                  [39m [90m0.27s[39m  
  [32;1m✓[39;22m[90m [39m[90mFilament panel denies tenant users from deleting their own invoices @ repetition 90 of 100[39m[90m                  [39m [90m0.26s[39m  
  [32;1m✓[39;22m[90m [39m[90mFilament panel denies tenant users from deleting their own invoices @ repetition 91 of 100[39m[90m                  [39m [90m0.28s[39m  
  [32;1m✓[39;22m[90m [39m[90mFilament panel denies tenant users from deleting their own invoices @ repetition 92 of 100[39m[90m                  [39m [90m0.62s[39m  
  [32;1m✓[39;22m[90m [39m[90mFilament panel denies tenant users from deleting their own invoices @ repetition 93 of 100[39m[90m                  [39m [90m0.30s[39m  
  [32;1m✓[39;22m[90m [39m[90mFilament panel denies tenant users from deleting their own invoices @ repetition 94 of 100[39m[90m                  [39m [90m0.32s[39m  
  [32;1m✓[39;22m[90m [39m[90mFilament panel denies tenant users from deleting their own invoices @ repetition 95 of 100[39m[90m                  [39m [90m0.31s[39m  
  [32;1m✓[39;22m[90m [39m[90mFilament panel denies tenant users from deleting their own invoices @ repetition 96 of 100[39m[90m                  [39m [90m0.35s[39m  
  [32;1m✓[39;22m[90m [39m[90mFilament panel denies tenant users from deleting their own invoices @ repetition 97 of 100[39m[90m                  [39m [90m0.30s[39m  
  [32;1m✓[39;22m[90m [39m[90mFilament panel denies tenant users from deleting their own invoices @ repetition 98 of 100[39m[90m                  [39m [90m0.29s[39m  
  [32;1m✓[39;22m[90m [39m[90mFilament panel denies tenant users from deleting their own invoices @ repetition 99 of 100[39m[90m                  [39m [90m0.27s[39m  
  [32;1m✓[39;22m[90m [39m[90mFilament panel denies tenant users from deleting their own invoices @ repetition 100 of 100[39m[90m                 [39m [90m0.57s[39m  
  [32;1m✓[39;22m[90m [39m[90mFilament panel denies tenant users from editing meter readings @ repetition 1 of 100[39m[90m                        [39m [90m0.29s[39m  
  [32;1m✓[39;22m[90m [39m[90mFilament panel denies tenant users from editing meter readings @ repetition 2 of 100[39m[90m                        [39m [90m0.25s[39m  
  [32;1m✓[39;22m[90m [39m[90mFilament panel denies tenant users from editing meter readings @ repetition 3 of 100[39m[90m                        [39m [90m0.26s[39m  
  [32;1m✓[39;22m[90m [39m[90mFilament panel denies tenant users from editing meter readings @ repetition 4 of 100[39m[90m                        [39m [90m0.22s[39m  
  [32;1m✓[39;22m[90m [39m[90mFilament panel denies tenant users from editing meter readings @ repetition 5 of 100[39m[90m                        [39m [90m0.52s[39m  
  [32;1m✓[39;22m[90m [39m[90mFilament panel denies tenant users from editing meter readings @ repetition 6 of 100[39m[90m                        [39m [90m0.24s[39m  
  [32;1m✓[39;22m[90m [39m[90mFilament panel denies tenant users from editing meter readings @ repetition 7 of 100[39m[90m                        [39m [90m0.24s[39m  
  [32;1m✓[39;22m[90m [39m[90mFilament panel denies tenant users from editing meter readings @ repetition 8 of 100[39m[90m                        [39m [90m0.23s[39m  
  [32;1m✓[39;22m[90m [39m[90mFilament panel denies tenant users from editing meter readings @ repetition 9 of 100[39m[90m                        [39m [90m0.27s[39m  
  [32;1m✓[39;22m[90m [39m[90mFilament panel denies tenant users from editing meter readings @ repetition 10 of 100[39m[90m                       [39m [90m0.26s[39m  
  [32;1m✓[39;22m[90m [39m[90mFilament panel denies tenant users from editing meter readings @ repetition 11 of 100[39m[90m                       [39m [90m0.28s[39m  
  [32;1m✓[39;22m[90m [39m[90mFilament panel denies tenant users from editing meter readings @ repetition 12 of 100[39m[90m                       [39m [90m0.59s[39m  
  [32;1m✓[39;22m[90m [39m[90mFilament panel denies tenant users from editing meter readings @ repetition 13 of 100[39m[90m                       [39m [90m0.24s[39m  
  [32;1m✓[39;22m[90m [39m[90mFilament panel denies tenant users from editing meter readings @ repetition 14 of 100[39m[90m                       [39m [90m0.22s[39m  
  [32;1m✓[39;22m[90m [39m[90mFilament panel denies tenant users from editing meter readings @ repetition 15 of 100[39m[90m                       [39m [90m0.27s[39m  
  [32;1m✓[39;22m[90m [39m[90mFilament panel denies tenant users from editing meter readings @ repetition 16 of 100[39m[90m                       [39m [90m0.24s[39m  
  [32;1m✓[39;22m[90m [39m[90mFilament panel denies tenant users from editing meter readings @ repetition 17 of 100[39m[90m                       [39m [90m0.20s[39m  
  [32;1m✓[39;22m[90m [39m[90mFilament panel denies tenant users from editing meter readings @ repetition 18 of 100[39m[90m                       [39m [90m0.24s[39m  
  [32;1m✓[39;22m[90m [39m[90mFilament panel denies tenant users from editing meter readings @ repetition 19 of 100[39m[90m                       [39m [90m0.53s[39m  
  [32;1m✓[39;22m[90m [39m[90mFilament panel denies tenant users from editing meter readings @ repetition 20 of 100[39m[90m                       [39m [90m0.27s[39m  
  [32;1m✓[39;22m[90m [39m[90mFilament panel denies tenant users from editing meter readings @ repetition 21 of 100[39m[90m                       [39m [90m0.25s[39m  
  [32;1m✓[39;22m[90m [39m[90mFilament panel denies tenant users from editing meter readings @ repetition 22 of 100[39m[90m                       [39m [90m0.23s[39m  
  [32;1m✓[39;22m[90m [39m[90mFilament panel denies tenant users from editing meter readings @ repetition 23 of 100[39m[90m                       [39m [90m0.26s[39m  
  [32;1m✓[39;22m[90m [39m[90mFilament panel denies tenant users from editing meter readings @ repetition 24 of 100[39m[90m                       [39m [90m0.35s[39m  
  [32;1m✓[39;22m[90m [39m[90mFilament panel denies tenant users from editing meter readings @ repetition 25 of 100[39m[90m                       [39m [90m0.34s[39m  
  [32;1m✓[39;22m[90m [39m[90mFilament panel denies tenant users from editing meter readings @ repetition 26 of 100[39m[90m                       [39m [90m0.59s[39m  
  [32;1m✓[39;22m[90m [39m[90mFilament panel denies tenant users from editing meter readings @ repetition 27 of 100[39m[90m                       [39m [90m0.30s[39m  
  [32;1m✓[39;22m[90m [39m[90mFilament panel denies tenant users from editing meter readings @ repetition 28 of 100[39m[90m                       [39m [90m0.34s[39m  
  [32;1m✓[39;22m[90m [39m[90mFilament panel denies tenant users from editing meter readings @ repetition 29 of 100[39m[90m                       [39m [90m0.30s[39m  
  [32;1m✓[39;22m[90m [39m[90mFilament panel denies tenant users from editing meter readings @ repetition 30 of 100[39m[90m                       [39m [90m0.32s[39m  
  [32;1m✓[39;22m[90m [39m[90mFilament panel denies tenant users from editing meter readings @ repetition 31 of 100[39m[90m                       [39m [90m0.29s[39m  
  [32;1m✓[39;22m[90m [39m[90mFilament panel denies tenant users from editing meter readings @ repetition 32 of 100[39m[90m                       [39m [90m0.22s[39m  
  [32;1m✓[39;22m[90m [39m[90mFilament panel denies tenant users from editing meter readings @ repetition 33 of 100[39m[90m                       [39m [90m0.51s[39m  
  [32;1m✓[39;22m[90m [39m[90mFilament panel denies tenant users from editing meter readings @ repetition 34 of 100[39m[90m                       [39m [90m0.23s[39m  
  [32;1m✓[39;22m[90m [39m[90mFilament panel denies tenant users from editing meter readings @ repetition 35 of 100[39m[90m                       [39m [90m0.20s[39m  
  [32;1m✓[39;22m[90m [39m[90mFilament panel denies tenant users from editing meter readings @ repetition 36 of 100[39m[90m                       [39m [90m0.21s[39m  
  [32;1m✓[39;22m[90m [39m[90mFilament panel denies tenant users from editing meter readings @ repetition 37 of 100[39m[90m                       [39m [90m0.23s[39m  
  [32;1m✓[39;22m[90m [39m[90mFilament panel denies tenant users from editing meter readings @ repetition 38 of 100[39m[90m                       [39m [90m0.24s[39m  
  [32;1m✓[39;22m[90m [39m[90mFilament panel denies tenant users from editing meter readings @ repetition 39 of 100[39m[90m                       [39m [90m0.20s[39m  
  [32;1m✓[39;22m[90m [39m[90mFilament panel denies tenant users from editing meter readings @ repetition 40 of 100[39m[90m                       [39m [90m0.45s[39m  
  [32;1m✓[39;22m[90m [39m[90mFilament panel denies tenant users from editing meter readings @ repetition 41 of 100[39m[90m                       [39m [90m0.25s[39m  
  [32;1m✓[39;22m[90m [39m[90mFilament panel denies tenant users from editing meter readings @ repetition 42 of 100[39m[90m                       [39m [90m0.13s[39m  
  [32;1m✓[39;22m[90m [39m[90mFilament panel denies tenant users from editing meter readings @ repetition 43 of 100[39m[90m                       [39m [90m0.17s[39m  
  [32;1m✓[39;22m[90m [39m[90mFilament panel denies tenant users from editing meter readings @ repetition 44 of 100[39m[90m                       [39m [90m0.23s[39m  
  [32;1m✓[39;22m[90m [39m[90mFilament panel denies tenant users from editing meter readings @ repetition 45 of 100[39m[90m                       [39m [90m0.22s[39m  
  [32;1m✓[39;22m[90m [39m[90mFilament panel denies tenant users from editing meter readings @ repetition 46 of 100[39m[90m                       [39m [90m0.24s[39m  
  [32;1m✓[39;22m[90m [39m[90mFilament panel denies tenant users from editing meter readings @ repetition 47 of 100[39m[90m                       [39m [90m0.48s[39m  
  [32;1m✓[39;22m[90m [39m[90mFilament panel denies tenant users from editing meter readings @ repetition 48 of 100[39m[90m                       [39m [90m0.23s[39m  
  [32;1m✓[39;22m[90m [39m[90mFilament panel denies tenant users from editing meter readings @ repetition 49 of 100[39m[90m                       [39m [90m0.17s[39m  
  [32;1m✓[39;22m[90m [39m[90mFilament panel denies tenant users from editing meter readings @ repetition 50 of 100[39m[90m                       [39m [90m0.21s[39m  
  [32;1m✓[39;22m[90m [39m[90mFilament panel denies tenant users from editing meter readings @ repetition 51 of 100[39m[90m                       [39m [90m0.19s[39m  
  [32;1m✓[39;22m[90m [39m[90mFilament panel denies tenant users from editing meter readings @ repetition 52 of 100[39m[90m                       [39m [90m0.21s[39m  
  [32;1m✓[39;22m[90m [39m[90mFilament panel denies tenant users from editing meter readings @ repetition 53 of 100[39m[90m                       [39m [90m0.24s[39m  
  [32;1m✓[39;22m[90m [39m[90mFilament panel denies tenant users from editing meter readings @ repetition 54 of 100[39m[90m                       [39m [90m0.48s[39m  
  [32;1m✓[39;22m[90m [39m[90mFilament panel denies tenant users from editing meter readings @ repetition 55 of 100[39m[90m                       [39m [90m0.26s[39m  
  [32;1m✓[39;22m[90m [39m[90mFilament panel denies tenant users from editing meter readings @ repetition 56 of 100[39m[90m                       [39m [90m0.22s[39m  
  [32;1m✓[39;22m[90m [39m[90mFilament panel denies tenant users from editing meter readings @ repetition 57 of 100[39m[90m                       [39m [90m0.21s[39m  
  [32;1m✓[39;22m[90m [39m[90mFilament panel denies tenant users from editing meter readings @ repetition 58 of 100[39m[90m                       [39m [90m0.23s[39m  
  [32;1m✓[39;22m[90m [39m[90mFilament panel denies tenant users from editing meter readings @ repetition 59 of 100[39m[90m                       [39m [90m0.23s[39m  
  [32;1m✓[39;22m[90m [39m[90mFilament panel denies tenant users from editing meter readings @ repetition 60 of 100[39m[90m                       [39m [90m0.23s[39m  
  [32;1m✓[39;22m[90m [39m[90mFilament panel denies tenant users from editing meter readings @ repetition 61 of 100[39m[90m                       [39m [90m0.46s[39m  
  [32;1m✓[39;22m[90m [39m[90mFilament panel denies tenant users from editing meter readings @ repetition 62 of 100[39m[90m                       [39m [90m0.24s[39m  
  [32;1m✓[39;22m[90m [39m[90mFilament panel denies tenant users from editing meter readings @ repetition 63 of 100[39m[90m                       [39m [90m0.17s[39m  
  [32;1m✓[39;22m[90m [39m[90mFilament panel denies tenant users from editing meter readings @ repetition 64 of 100[39m[90m                       [39m [90m0.18s[39m  
  [32;1m✓[39;22m[90m [39m[90mFilament panel denies tenant users from editing meter readings @ repetition 65 of 100[39m[90m                       [39m [90m0.16s[39m  
  [32;1m✓[39;22m[90m [39m[90mFilament panel denies tenant users from editing meter readings @ repetition 66 of 100[39m[90m                       [39m [90m0.24s[39m  
  [32;1m✓[39;22m[90m [39m[90mFilament panel denies tenant users from editing meter readings @ repetition 67 of 100[39m[90m                       [39m [90m0.23s[39m  
  [32;1m✓[39;22m[90m [39m[90mFilament panel denies tenant users from editing meter readings @ repetition 68 of 100[39m[90m                       [39m [90m0.44s[39m  
  [32;1m✓[39;22m[90m [39m[90mFilament panel denies tenant users from editing meter readings @ repetition 69 of 100[39m[90m                       [39m [90m0.23s[39m  
  [32;1m✓[39;22m[90m [39m[90mFilament panel denies tenant users from editing meter readings @ repetition 70 of 100[39m[90m                       [39m [90m0.23s[39m  
  [32;1m✓[39;22m[90m [39m[90mFilament panel denies tenant users from editing meter readings @ repetition 71 of 100[39m[90m                       [39m [90m0.23s[39m  
  [32;1m✓[39;22m[90m [39m[90mFilament panel denies tenant users from editing meter readings @ repetition 72 of 100[39m[90m                       [39m [90m0.15s[39m  
  [32;1m✓[39;22m[90m [39m[90mFilament panel denies tenant users from editing meter readings @ repetition 73 of 100[39m[90m                       [39m [90m0.24s[39m  
  [32;1m✓[39;22m[90m [39m[90mFilament panel denies tenant users from editing meter readings @ repetition 74 of 100[39m[90m                       [39m [90m0.21s[39m  
  [32;1m✓[39;22m[90m [39m[90mFilament panel denies tenant users from editing meter readings @ repetition 75 of 100[39m[90m                       [39m [90m0.45s[39m  
  [32;1m✓[39;22m[90m [39m[90mFilament panel denies tenant users from editing meter readings @ repetition 76 of 100[39m[90m                       [39m [90m0.22s[39m  
  [32;1m✓[39;22m[90m [39m[90mFilament panel denies tenant users from editing meter readings @ repetition 77 of 100[39m[90m                       [39m [90m0.26s[39m  
  [32;1m✓[39;22m[90m [39m[90mFilament panel denies tenant users from editing meter readings @ repetition 78 of 100[39m[90m                       [39m [90m0.29s[39m  
  [32;1m✓[39;22m[90m [39m[90mFilament panel denies tenant users from editing meter readings @ repetition 79 of 100[39m[90m                       [39m [90m0.27s[39m  
  [32;1m✓[39;22m[90m [39m[90mFilament panel denies tenant users from editing meter readings @ repetition 80 of 100[39m[90m                       [39m [90m0.21s[39m  
  [32;1m✓[39;22m[90m [39m[90mFilament panel denies tenant users from editing meter readings @ repetition 81 of 100[39m[90m                       [39m [90m0.20s[39m  
  [32;1m✓[39;22m[90m [39m[90mFilament panel denies tenant users from editing meter readings @ repetition 82 of 100[39m[90m                       [39m [90m0.46s[39m  
  [32;1m✓[39;22m[90m [39m[90mFilament panel denies tenant users from editing meter readings @ repetition 83 of 100[39m[90m                       [39m [90m0.20s[39m  
  [32;1m✓[39;22m[90m [39m[90mFilament panel denies tenant users from editing meter readings @ repetition 84 of 100[39m[90m                       [39m [90m0.18s[39m  
  [32;1m✓[39;22m[90m [39m[90mFilament panel denies tenant users from editing meter readings @ repetition 85 of 100[39m[90m                       [39m [90m0.23s[39m  
  [32;1m✓[39;22m[90m [39m[90mFilament panel denies tenant users from editing meter readings @ repetition 86 of 100[39m[90m                       [39m [90m0.30s[39m  
  [32;1m✓[39;22m[90m [39m[90mFilament panel denies tenant users from editing meter readings @ repetition 87 of 100[39m[90m                       [39m [90m0.28s[39m  
  [32;1m✓[39;22m[90m [39m[90mFilament panel denies tenant users from editing meter readings @ repetition 88 of 100[39m[90m                       [39m [90m0.32s[39m  
  [32;1m✓[39;22m[90m [39m[90mFilament panel denies tenant users from editing meter readings @ repetition 89 of 100[39m[90m                       [39m [90m1.79s[39m  
  [32;1m✓[39;22m[90m [39m[90mFilament panel denies tenant users from editing meter readings @ repetition 90 of 100[39m[90m                       [39m [90m1.24s[39m  
  [32;1m✓[39;22m[90m [39m[90mFilament panel denies tenant users from editing meter readings @ repetition 91 of 100[39m[90m                       [39m [90m1.35s[39m  
  [32;1m✓[39;22m[90m [39m[90mFilament panel denies tenant users from editing meter readings @ repetition 92 of 100[39m[90m                       [39m [90m0.45s[39m  
  [32;1m✓[39;22m[90m [39m[90mFilament panel denies tenant users from editing meter readings @ repetition 93 of 100[39m[90m                       [39m [90m0.36s[39m  
  [32;1m✓[39;22m[90m [39m[90mFilament panel denies tenant users from editing meter readings @ repetition 94 of 100[39m[90m                       [39m [90m0.34s[39m  
  [32;1m✓[39;22m[90m [39m[90mFilament panel denies tenant users from editing meter readings @ repetition 95 of 100[39m[90m                       [39m [90m0.35s[39m  
  [32;1m✓[39;22m[90m [39m[90mFilament panel denies tenant users from editing meter readings @ repetition 96 of 100[39m[90m                       [39m [90m0.85s[39m  
  [32;1m✓[39;22m[90m [39m[90mFilament panel denies tenant users from editing meter readings @ repetition 97 of 100[39m[90m                       [39m [90m0.35s[39m  
  [32;1m✓[39;22m[90m [39m[90mFilament panel denies tenant users from editing meter readings @ repetition 98 of 100[39m[90m                       [39m [90m0.40s[39m  
  [32;1m✓[39;22m[90m [39m[90mFilament panel denies tenant users from editing meter readings @ repetition 99 of 100[39m[90m                       [39m [90m0.39s[39m  
  [32;1m✓[39;22m[90m [39m[90mFilament panel denies tenant users from editing meter readings @ repetition 100 of 100[39m[90m                      [39m [90m0.47s[39m  
  [32;1m✓[39;22m[90m [39m[90mFilament panel denies tenant users from deleting meter readings @ repetition 1 of 100[39m[90m                       [39m [90m0.75s[39m  
  [32;1m✓[39;22m[90m [39m[90mFilament panel denies tenant users from deleting meter readings @ repetition 2 of 100[39m[90m                       [39m [90m0.41s[39m  
  [32;1m✓[39;22m[90m [39m[90mFilament panel denies tenant users from deleting meter readings @ repetition 3 of 100[39m[90m                       [39m [90m0.34s[39m  
  [32;1m✓[39;22m[90m [39m[90mFilament panel denies tenant users from deleting meter readings @ repetition 4 of 100[39m[90m                       [39m [90m0.22s[39m  
  [32;1m✓[39;22m[90m [39m[90mFilament panel denies tenant users from deleting meter readings @ repetition 5 of 100[39m[90m                       [39m [90m0.25s[39m  
  [32;1m✓[39;22m[90m [39m[90mFilament panel denies tenant users from deleting meter readings @ repetition 6 of 100[39m[90m                       [39m [90m0.29s[39m  
  [32;1m✓[39;22m[90m [39m[90mFilament panel denies tenant users from deleting meter readings @ repetition 7 of 100[39m[90m                       [39m [90m0.32s[39m  
  [32;1m✓[39;22m[90m [39m[90mFilament panel denies tenant users from deleting meter readings @ repetition 8 of 100[39m[90m                       [39m [90m0.57s[39m  
  [32;1m✓[39;22m[90m [39m[90mFilament panel denies tenant users from deleting meter readings @ repetition 9 of 100[39m[90m                       [39m [90m0.24s[39m  
  [32;1m✓[39;22m[90m [39m[90mFilament panel denies tenant users from deleting meter readings @ repetition 10 of 100[39m[90m                      [39m [90m0.23s[39m  
  [32;1m✓[39;22m[90m [39m[90mFilament panel denies tenant users from deleting meter readings @ repetition 11 of 100[39m[90m                      [39m [90m0.25s[39m  
  [32;1m✓[39;22m[90m [39m[90mFilament panel denies tenant users from deleting meter readings @ repetition 12 of 100[39m[90m                      [39m [90m0.34s[39m  
  [32;1m✓[39;22m[90m [39m[90mFilament panel denies tenant users from deleting meter readings @ repetition 13 of 100[39m[90m                      [39m [90m0.28s[39m  
  [32;1m✓[39;22m[90m [39m[90mFilament panel denies tenant users from deleting meter readings @ repetition 14 of 100[39m[90m                      [39m [90m0.29s[39m  
  [32;1m✓[39;22m[90m [39m[90mFilament panel denies tenant users from deleting meter readings @ repetition 15 of 100[39m[90m                      [39m [90m0.59s[39m  
  [32;1m✓[39;22m[90m [39m[90mFilament panel denies tenant users from deleting meter readings @ repetition 16 of 100[39m[90m                      [39m [90m0.32s[39m  
  [32;1m✓[39;22m[90m [39m[90mFilament panel denies tenant users from deleting meter readings @ repetition 17 of 100[39m[90m                      [39m [90m0.27s[39m  
  [32;1m✓[39;22m[90m [39m[90mFilament panel denies tenant users from deleting meter readings @ repetition 18 of 100[39m[90m                      [39m [90m0.27s[39m  
  [32;1m✓[39;22m[90m [39m[90mFilament panel denies tenant users from deleting meter readings @ repetition 19 of 100[39m[90m                      [39m [90m0.26s[39m  
  [32;1m✓[39;22m[90m [39m[90mFilament panel denies tenant users from deleting meter readings @ repetition 20 of 100[39m[90m                      [39m [90m0.22s[39m  
  [32;1m✓[39;22m[90m [39m[90mFilament panel denies tenant users from deleting meter readings @ repetition 21 of 100[39m[90m                      [39m [90m0.25s[39m  
  [32;1m✓[39;22m[90m [39m[90mFilament panel denies tenant users from deleting meter readings @ repetition 22 of 100[39m[90m                      [39m [90m0.62s[39m  
  [32;1m✓[39;22m[90m [39m[90mFilament panel denies tenant users from deleting meter readings @ repetition 23 of 100[39m[90m                      [39m [90m0.24s[39m  
  [32;1m✓[39;22m[90m [39m[90mFilament panel denies tenant users from deleting meter readings @ repetition 24 of 100[39m[90m                      [39m [90m0.24s[39m  
  [32;1m✓[39;22m[90m [39m[90mFilament panel denies tenant users from deleting meter readings @ repetition 25 of 100[39m[90m                      [39m [90m0.23s[39m  
  [32;1m✓[39;22m[90m [39m[90mFilament panel denies tenant users from deleting meter readings @ repetition 26 of 100[39m[90m                      [39m [90m0.26s[39m  
  [32;1m✓[39;22m[90m [39m[90mFilament panel denies tenant users from deleting meter readings @ repetition 27 of 100[39m[90m                      [39m [90m0.22s[39m  
  [32;1m✓[39;22m[90m [39m[90mFilament panel denies tenant users from deleting meter readings @ repetition 28 of 100[39m[90m                      [39m [90m0.23s[39m  
  [32;1m✓[39;22m[90m [39m[90mFilament panel denies tenant users from deleting meter readings @ repetition 29 of 100[39m[90m                      [39m [90m0.45s[39m  
  [32;1m✓[39;22m[90m [39m[90mFilament panel denies tenant users from deleting meter readings @ repetition 30 of 100[39m[90m                      [39m [90m0.21s[39m  
  [32;1m✓[39;22m[90m [39m[90mFilament panel denies tenant users from deleting meter readings @ repetition 31 of 100[39m[90m                      [39m [90m0.27s[39m  
  [32;1m✓[39;22m[90m [39m[90mFilament panel denies tenant users from deleting meter readings @ repetition 32 of 100[39m[90m                      [39m [90m0.28s[39m  
  [32;1m✓[39;22m[90m [39m[90mFilament panel denies tenant users from deleting meter readings @ repetition 33 of 100[39m[90m                      [39m [90m0.28s[39m  
  [32;1m✓[39;22m[90m [39m[90mFilament panel denies tenant users from deleting meter readings @ repetition 34 of 100[39m[90m                      [39m [90m0.26s[39m  
  [32;1m✓[39;22m[90m [39m[90mFilament panel denies tenant users from deleting meter readings @ repetition 35 of 100[39m[90m                      [39m [90m0.23s[39m  
  [32;1m✓[39;22m[90m [39m[90mFilament panel denies tenant users from deleting meter readings @ repetition 36 of 100[39m[90m                      [39m [90m0.55s[39m  
  [32;1m✓[39;22m[90m [39m[90mFilament panel denies tenant users from deleting meter readings @ repetition 37 of 100[39m[90m                      [39m [90m0.24s[39m  
  [32;1m✓[39;22m[90m [39m[90mFilament panel denies tenant users from deleting meter readings @ repetition 38 of 100[39m[90m                      [39m [90m0.24s[39m  
  [32;1m✓[39;22m[90m [39m[90mFilament panel denies tenant users from deleting meter readings @ repetition 39 of 100[39m[90m                      [39m [90m0.21s[39m  
  [32;1m✓[39;22m[90m [39m[90mFilament panel denies tenant users from deleting meter readings @ repetition 40 of 100[39m[90m                      [39m [90m0.20s[39m  
  [32;1m✓[39;22m[90m [39m[90mFilament panel denies tenant users from deleting meter readings @ repetition 41 of 100[39m[90m                      [39m [90m0.27s[39m  
  [32;1m✓[39;22m[90m [39m[90mFilament panel denies tenant users from deleting meter readings @ repetition 42 of 100[39m[90m                      [39m [90m0.28s[39m  
  [32;1m✓[39;22m[90m [39m[90mFilament panel denies tenant users from deleting meter readings @ repetition 43 of 100[39m[90m                      [39m [90m0.71s[39m  
  [32;1m✓[39;22m[90m [39m[90mFilament panel denies tenant users from deleting meter readings @ repetition 44 of 100[39m[90m                      [39m [90m0.30s[39m  
  [32;1m✓[39;22m[90m [39m[90mFilament panel denies tenant users from deleting meter readings @ repetition 45 of 100[39m[90m                      [39m [90m0.38s[39m  
  [32;1m✓[39;22m[90m [39m[90mFilament panel denies tenant users from deleting meter readings @ repetition 46 of 100[39m[90m                      [39m [90m0.38s[39m  
  [32;1m✓[39;22m[90m [39m[90mFilament panel denies tenant users from deleting meter readings @ repetition 47 of 100[39m[90m                      [39m [90m0.30s[39m  
  [32;1m✓[39;22m[90m [39m[90mFilament panel denies tenant users from deleting meter readings @ repetition 48 of 100[39m[90m                      [39m [90m0.26s[39m  
  [32;1m✓[39;22m[90m [39m[90mFilament panel denies tenant users from deleting meter readings @ repetition 49 of 100[39m[90m                      [39m [90m0.20s[39m  
  [32;1m✓[39;22m[90m [39m[90mFilament panel denies tenant users from deleting meter readings @ repetition 50 of 100[39m[90m                      [39m [90m0.48s[39m  
  [32;1m✓[39;22m[90m [39m[90mFilament panel denies tenant users from deleting meter readings @ repetition 51 of 100[39m[90m                      [39m [90m0.23s[39m  
  [32;1m✓[39;22m[90m [39m[90mFilament panel denies tenant users from deleting meter readings @ repetition 52 of 100[39m[90m                      [39m [90m0.25s[39m  
  [32;1m✓[39;22m[90m [39m[90mFilament panel denies tenant users from deleting meter readings @ repetition 53 of 100[39m[90m                      [39m [90m0.28s[39m  
  [32;1m✓[39;22m[90m [39m[90mFilament panel denies tenant users from deleting meter readings @ repetition 54 of 100[39m[90m                      [39m [90m0.25s[39m  
  [32;1m✓[39;22m[90m [39m[90mFilament panel denies tenant users from deleting meter readings @ repetition 55 of 100[39m[90m                      [39m [90m0.24s[39m  
  [32;1m✓[39;22m[90m [39m[90mFilament panel denies tenant users from deleting meter readings @ repetition 56 of 100[39m[90m                      [39m [90m0.22s[39m  
  [32;1m✓[39;22m[90m [39m[90mFilament panel denies tenant users from deleting meter readings @ repetition 57 of 100[39m[90m                      [39m [90m0.50s[39m  
  [32;1m✓[39;22m[90m [39m[90mFilament panel denies tenant users from deleting meter readings @ repetition 58 of 100[39m[90m                      [39m [90m0.21s[39m  
  [32;1m✓[39;22m[90m [39m[90mFilament panel denies tenant users from deleting meter readings @ repetition 59 of 100[39m[90m                      [39m [90m0.25s[39m  
  [32;1m✓[39;22m[90m [39m[90mFilament panel denies tenant users from deleting meter readings @ repetition 60 of 100[39m[90m                      [39m [90m0.26s[39m  
  [32;1m✓[39;22m[90m [39m[90mFilament panel denies tenant users from deleting meter readings @ repetition 61 of 100[39m[90m                      [39m [90m0.23s[39m  
  [32;1m✓[39;22m[90m [39m[90mFilament panel denies tenant users from deleting meter readings @ repetition 62 of 100[39m[90m                      [39m [90m0.28s[39m  
  [32;1m✓[39;22m[90m [39m[90mFilament panel denies tenant users from deleting meter readings @ repetition 63 of 100[39m[90m                      [39m [90m0.25s[39m  
  [32;1m✓[39;22m[90m [39m[90mFilament panel denies tenant users from deleting meter readings @ repetition 64 of 100[39m[90m                      [39m [90m0.54s[39m  
  [32;1m✓[39;22m[90m [39m[90mFilament panel denies tenant users from deleting meter readings @ repetition 65 of 100[39m[90m                      [39m [90m0.20s[39m  
  [32;1m✓[39;22m[90m [39m[90mFilament panel denies tenant users from deleting meter readings @ repetition 66 of 100[39m[90m                      [39m [90m0.27s[39m  
  [32;1m✓[39;22m[90m [39m[90mFilament panel denies tenant users from deleting meter readings @ repetition 67 of 100[39m[90m                      [39m [90m0.24s[39m  
  [32;1m✓[39;22m[90m [39m[90mFilament panel denies tenant users from deleting meter readings @ repetition 68 of 100[39m[90m                      [39m [90m0.25s[39m  
  [32;1m✓[39;22m[90m [39m[90mFilament panel denies tenant users from deleting meter readings @ repetition 69 of 100[39m[90m                      [39m [90m0.18s[39m  
  [32;1m✓[39;22m[90m [39m[90mFilament panel denies tenant users from deleting meter readings @ repetition 70 of 100[39m[90m                      [39m [90m0.26s[39m  
  [32;1m✓[39;22m[90m [39m[90mFilament panel denies tenant users from deleting meter readings @ repetition 71 of 100[39m[90m                      [39m [90m0.51s[39m  
  [32;1m✓[39;22m[90m [39m[90mFilament panel denies tenant users from deleting meter readings @ repetition 72 of 100[39m[90m                      [39m [90m0.27s[39m  
  [32;1m✓[39;22m[90m [39m[90mFilament panel denies tenant users from deleting meter readings @ repetition 73 of 100[39m[90m                      [39m [90m0.28s[39m  
  [32;1m✓[39;22m[90m [39m[90mFilament panel denies tenant users from deleting meter readings @ repetition 74 of 100[39m[90m                      [39m [90m0.24s[39m  
  [32;1m✓[39;22m[90m [39m[90mFilament panel denies tenant users from deleting meter readings @ repetition 75 of 100[39m[90m                      [39m [90m0.29s[39m  
  [32;1m✓[39;22m[90m [39m[90mFilament panel denies tenant users from deleting meter readings @ repetition 76 of 100[39m[90m                      [39m [90m0.25s[39m  
  [32;1m✓[39;22m[90m [39m[90mFilament panel denies tenant users from deleting meter readings @ repetition 77 of 100[39m[90m                      [39m [90m0.20s[39m  
  [32;1m✓[39;22m[90m [39m[90mFilament panel denies tenant users from deleting meter readings @ repetition 78 of 100[39m[90m                      [39m [90m0.54s[39m  
  [32;1m✓[39;22m[90m [39m[90mFilament panel denies tenant users from deleting meter readings @ repetition 79 of 100[39m[90m                      [39m [90m0.24s[39m  
  [32;1m✓[39;22m[90m [39m[90mFilament panel denies tenant users from deleting meter readings @ repetition 80 of 100[39m[90m                      [39m [90m0.25s[39m  
  [32;1m✓[39;22m[90m [39m[90mFilament panel denies tenant users from deleting meter readings @ repetition 81 of 100[39m[90m                      [39m [90m0.25s[39m  
  [32;1m✓[39;22m[90m [39m[90mFilament panel denies tenant users from deleting meter readings @ repetition 82 of 100[39m[90m                      [39m [90m0.25s[39m  
  [32;1m✓[39;22m[90m [39m[90mFilament panel denies tenant users from deleting meter readings @ repetition 83 of 100[39m[90m                      [39m [90m0.23s[39m  
  [32;1m✓[39;22m[90m [39m[90mFilament panel denies tenant users from deleting meter readings @ repetition 84 of 100[39m[90m                      [39m [90m0.23s[39m  
  [32;1m✓[39;22m[90m [39m[90mFilament panel denies tenant users from deleting meter readings @ repetition 85 of 100[39m[90m                      [39m [90m0.42s[39m  
  [32;1m✓[39;22m[90m [39m[90mFilament panel denies tenant users from deleting meter readings @ repetition 86 of 100[39m[90m                      [39m [90m0.19s[39m  
  [32;1m✓[39;22m[90m [39m[90mFilament panel denies tenant users from deleting meter readings @ repetition 87 of 100[39m[90m                      [39m [90m0.22s[39m  
  [32;1m✓[39;22m[90m [39m[90mFilament panel denies tenant users from deleting meter readings @ repetition 88 of 100[39m[90m                      [39m [90m0.28s[39m  
  [32;1m✓[39;22m[90m [39m[90mFilament panel denies tenant users from deleting meter readings @ repetition 89 of 100[39m[90m                      [39m [90m0.22s[39m  
  [32;1m✓[39;22m[90m [39m[90mFilament panel denies tenant users from deleting meter readings @ repetition 90 of 100[39m[90m                      [39m [90m0.22s[39m  
  [32;1m✓[39;22m[90m [39m[90mFilament panel denies tenant users from deleting meter readings @ repetition 91 of 100[39m[90m                      [39m [90m0.20s[39m  
  [32;1m✓[39;22m[90m [39m[90mFilament panel denies tenant users from deleting meter readings @ repetition 92 of 100[39m[90m                      [39m [90m0.51s[39m  
  [32;1m✓[39;22m[90m [39m[90mFilament panel denies tenant users from deleting meter readings @ repetition 93 of 100[39m[90m                      [39m [90m0.27s[39m  
  [32;1m✓[39;22m[90m [39m[90mFilament panel denies tenant users from deleting meter readings @ repetition 94 of 100[39m[90m                      [39m [90m0.23s[39m  
  [32;1m✓[39;22m[90m [39m[90mFilament panel denies tenant users from deleting meter readings @ repetition 95 of 100[39m[90m                      [39m [90m0.21s[39m  
  [32;1m✓[39;22m[90m [39m[90mFilament panel denies tenant users from deleting meter readings @ repetition 96 of 100[39m[90m                      [39m [90m0.22s[39m  
  [32;1m✓[39;22m[90m [39m[90mFilament panel denies tenant users from deleting meter readings @ repetition 97 of 100[39m[90m                      [39m [90m0.18s[39m  
  [32;1m✓[39;22m[90m [39m[90mFilament panel denies tenant users from deleting meter readings @ repetition 98 of 100[39m[90m                      [39m [90m0.24s[39m  
  [32;1m✓[39;22m[90m [39m[90mFilament panel denies tenant users from deleting meter readings @ repetition 99 of 100[39m[90m                      [39m [90m0.47s[39m  
  [32;1m✓[39;22m[90m [39m[90mFilament panel denies tenant users from deleting meter readings @ repetition 100 of 100[39m[90m                     [39m [90m0.19s[39m  
  [32;1m✓[39;22m[90m [39m[90mFilament panel denies users from viewing invoices outside their tenant scope @ repetition 1 of 100[39m[90m          [39m [90m0.23s[39m  
  [32;1m✓[39;22m[90m [39m[90mFilament panel denies users from viewing invoices outside their tenant scope @ repetition 2 of 100[39m[90m          [39m [90m0.26s[39m  
  [32;1m✓[39;22m[90m [39m[90mFilament panel denies users from viewing invoices outside their tenant scope @ repetition 3 of 100[39m[90m          [39m [90m0.27s[39m  
  [32;1m✓[39;22m[90m [39m[90mFilament panel denies users from viewing invoices outside their tenant scope @ repetition 4 of 100[39m[90m          [39m [90m0.50s[39m  
  [32;1m✓[39;22m[90m [39m[90mFilament panel denies users from viewing invoices outside their tenant scope @ repetition 5 of 100[39m[90m          [39m [90m0.19s[39m  
  [32;1m✓[39;22m[90m [39m[90mFilament panel denies users from viewing invoices outside their tenant scope @ repetition 6 of 100[39m[90m          [39m [90m0.20s[39m  
  [32;1m✓[39;22m[90m [39m[90mFilament panel denies users from viewing invoices outside their tenant scope @ repetition 7 of 100[39m[90m          [39m [90m0.24s[39m  
  [32;1m✓[39;22m[90m [39m[90mFilament panel denies users from viewing invoices outside their tenant scope @ repetition 8 of 100[39m[90m          [39m [90m0.21s[39m  
  [32;1m✓[39;22m[90m [39m[90mFilament panel denies users from viewing invoices outside their tenant scope @ repetition 9 of 100[39m[90m          [39m [90m0.27s[39m  
  [32;1m✓[39;22m[90m [39m[90mFilament panel denies users from viewing invoices outside their tenant scope @ repetition 10 of 100[39m[90m         [39m [90m0.25s[39m  
  [32;1m✓[39;22m[90m [39m[90mFilament panel denies users from viewing invoices outside their tenant scope @ repetition 11 of 100[39m[90m         [39m [90m0.51s[39m  
  [32;1m✓[39;22m[90m [39m[90mFilament panel denies users from viewing invoices outside their tenant scope @ repetition 12 of 100[39m[90m         [39m [90m0.23s[39m  
  [32;1m✓[39;22m[90m [39m[90mFilament panel denies users from viewing invoices outside their tenant scope @ repetition 13 of 100[39m[90m         [39m [90m0.23s[39m  
  [32;1m✓[39;22m[90m [39m[90mFilament panel denies users from viewing invoices outside their tenant scope @ repetition 14 of 100[39m[90m         [39m [90m0.23s[39m  
  [32;1m✓[39;22m[90m [39m[90mFilament panel denies users from viewing invoices outside their tenant scope @ repetition 15 of 100[39m[90m         [39m [90m0.24s[39m  
  [32;1m✓[39;22m[90m [39m[90mFilament panel denies users from viewing invoices outside their tenant scope @ repetition 16 of 100[39m[90m         [39m [90m0.22s[39m  
  [32;1m✓[39;22m[90m [39m[90mFilament panel denies users from viewing invoices outside their tenant scope @ repetition 17 of 100[39m[90m         [39m [90m0.16s[39m  
  [32;1m✓[39;22m[90m [39m[90mFilament panel denies users from viewing invoices outside their tenant scope @ repetition 18 of 100[39m[90m         [39m [90m0.45s[39m  
  [32;1m✓[39;22m[90m [39m[90mFilament panel denies users from viewing invoices outside their tenant scope @ repetition 19 of 100[39m[90m         [39m [90m0.20s[39m  
  [32;1m✓[39;22m[90m [39m[90mFilament panel denies users from viewing invoices outside their tenant scope @ repetition 20 of 100[39m[90m         [39m [90m0.22s[39m  
  [32;1m✓[39;22m[90m [39m[90mFilament panel denies users from viewing invoices outside their tenant scope @ repetition 21 of 100[39m[90m         [39m [90m0.22s[39m  
  [32;1m✓[39;22m[90m [39m[90mFilament panel denies users from viewing invoices outside their tenant scope @ repetition 22 of 100[39m[90m         [39m [90m0.24s[39m  
  [32;1m✓[39;22m[90m [39m[90mFilament panel denies users from viewing invoices outside their tenant scope @ repetition 23 of 100[39m[90m         [39m [90m0.22s[39m  
  [32;1m✓[39;22m[90m [39m[90mFilament panel denies users from viewing invoices outside their tenant scope @ repetition 24 of 100[39m[90m         [39m [90m0.25s[39m  
  [32;1m✓[39;22m[90m [39m[90mFilament panel denies users from viewing invoices outside their tenant scope @ repetition 25 of 100[39m[90m         [39m [90m0.53s[39m  
  [32;1m✓[39;22m[90m [39m[90mFilament panel denies users from viewing invoices outside their tenant scope @ repetition 26 of 100[39m[90m         [39m [90m0.25s[39m  
  [32;1m✓[39;22m[90m [39m[90mFilament panel denies users from viewing invoices outside their tenant scope @ repetition 27 of 100[39m[90m         [39m [90m0.23s[39m  
  [32;1m✓[39;22m[90m [39m[90mFilament panel denies users from viewing invoices outside their tenant scope @ repetition 28 of 100[39m[90m         [39m [90m0.22s[39m  
  [32;1m✓[39;22m[90m [39m[90mFilament panel denies users from viewing invoices outside their tenant scope @ repetition 29 of 100[39m[90m         [39m [90m0.21s[39m  
  [32;1m✓[39;22m[90m [39m[90mFilament panel denies users from viewing invoices outside their tenant scope @ repetition 30 of 100[39m[90m         [39m [90m0.19s[39m  
  [32;1m✓[39;22m[90m [39m[90mFilament panel denies users from viewing invoices outside their tenant scope @ repetition 31 of 100[39m[90m         [39m [90m0.21s[39m  
  [32;1m✓[39;22m[90m [39m[90mFilament panel denies users from viewing invoices outside their tenant scope @ repetition 32 of 100[39m[90m         [39m [90m0.43s[39m  
  [32;1m✓[39;22m[90m [39m[90mFilament panel denies users from viewing invoices outside their tenant scope @ repetition 33 of 100[39m[90m         [39m [90m0.17s[39m  
  [32;1m✓[39;22m[90m [39m[90mFilament panel denies users from viewing invoices outside their tenant scope @ repetition 34 of 100[39m[90m         [39m [90m0.25s[39m  
  [32;1m✓[39;22m[90m [39m[90mFilament panel denies users from viewing invoices outside their tenant scope @ repetition 35 of 100[39m[90m         [39m [90m0.23s[39m  
  [32;1m✓[39;22m[90m [39m[90mFilament panel denies users from viewing invoices outside their tenant scope @ repetition 36 of 100[39m[90m         [39m [90m0.24s[39m  
  [32;1m✓[39;22m[90m [39m[90mFilament panel denies users from viewing invoices outside their tenant scope @ repetition 37 of 100[39m[90m         [39m [90m0.21s[39m  
  [32;1m✓[39;22m[90m [39m[90mFilament panel denies users from viewing invoices outside their tenant scope @ repetition 38 of 100[39m[90m         [39m [90m0.18s[39m  
  [32;1m✓[39;22m[90m [39m[90mFilament panel denies users from viewing invoices outside their tenant scope @ repetition 39 of 100[39m[90m         [39m [90m0.47s[39m  
  [32;1m✓[39;22m[90m [39m[90mFilament panel denies users from viewing invoices outside their tenant scope @ repetition 40 of 100[39m[90m         [39m [90m0.24s[39m  
  [32;1m✓[39;22m[90m [39m[90mFilament panel denies users from viewing invoices outside their tenant scope @ repetition 41 of 100[39m[90m         [39m [90m0.23s[39m  
  [32;1m✓[39;22m[90m [39m[90mFilament panel denies users from viewing invoices outside their tenant scope @ repetition 42 of 100[39m[90m         [39m [90m0.28s[39m  
  [32;1m✓[39;22m[90m [39m[90mFilament panel denies users from viewing invoices outside their tenant scope @ repetition 43 of 100[39m[90m         [39m [90m0.22s[39m  
  [32;1m✓[39;22m[90m [39m[90mFilament panel denies users from viewing invoices outside their tenant scope @ repetition 44 of 100[39m[90m         [39m [90m0.23s[39m  
  [32;1m✓[39;22m[90m [39m[90mFilament panel denies users from viewing invoices outside their tenant scope @ repetition 45 of 100[39m[90m         [39m [90m0.23s[39m  
  [32;1m✓[39;22m[90m [39m[90mFilament panel denies users from viewing invoices outside their tenant scope @ repetition 46 of 100[39m[90m         [39m [90m0.51s[39m  
  [32;1m✓[39;22m[90m [39m[90mFilament panel denies users from viewing invoices outside their tenant scope @ repetition 47 of 100[39m[90m         [39m [90m0.29s[39m  
  [32;1m✓[39;22m[90m [39m[90mFilament panel denies users from viewing invoices outside their tenant scope @ repetition 48 of 100[39m[90m         [39m [90m0.25s[39m  
  [32;1m✓[39;22m[90m [39m[90mFilament panel denies users from viewing invoices outside their tenant scope @ repetition 49 of 100[39m[90m         [39m [90m0.22s[39m  
  [32;1m✓[39;22m[90m [39m[90mFilament panel denies users from viewing invoices outside their tenant scope @ repetition 50 of 100[39m[90m         [39m [90m0.22s[39m  
  [32;1m✓[39;22m[90m [39m[90mFilament panel denies users from viewing invoices outside their tenant scope @ repetition 51 of 100[39m[90m         [39m [90m0.21s[39m  
  [32;1m✓[39;22m[90m [39m[90mFilament panel denies users from viewing invoices outside their tenant scope @ repetition 52 of 100[39m[90m         [39m [90m0.20s[39m  
  [32;1m✓[39;22m[90m [39m[90mFilament panel denies users from viewing invoices outside their tenant scope @ repetition 53 of 100[39m[90m         [39m [90m0.48s[39m  
  [32;1m✓[39;22m[90m [39m[90mFilament panel denies users from viewing invoices outside their tenant scope @ repetition 54 of 100[39m[90m         [39m [90m0.26s[39m  
  [32;1m✓[39;22m[90m [39m[90mFilament panel denies users from viewing invoices outside their tenant scope @ repetition 55 of 100[39m[90m         [39m [90m0.23s[39m  
  [32;1m✓[39;22m[90m [39m[90mFilament panel denies users from viewing invoices outside their tenant scope @ repetition 56 of 100[39m[90m         [39m [90m0.27s[39m  
  [32;1m✓[39;22m[90m [39m[90mFilament panel denies users from viewing invoices outside their tenant scope @ repetition 57 of 100[39m[90m         [39m [90m0.23s[39m  
  [32;1m✓[39;22m[90m [39m[90mFilament panel denies users from viewing invoices outside their tenant scope @ repetition 58 of 100[39m[90m         [39m [90m0.23s[39m  
  [32;1m✓[39;22m[90m [39m[90mFilament panel denies users from viewing invoices outside their tenant scope @ repetition 59 of 100[39m[90m         [39m [90m0.28s[39m  
  [32;1m✓[39;22m[90m [39m[90mFilament panel denies users from viewing invoices outside their tenant scope @ repetition 60 of 100[39m[90m         [39m [90m0.46s[39m  
  [32;1m✓[39;22m[90m [39m[90mFilament panel denies users from viewing invoices outside their tenant scope @ repetition 61 of 100[39m[90m         [39m [90m0.23s[39m  
  [32;1m✓[39;22m[90m [39m[90mFilament panel denies users from viewing invoices outside their tenant scope @ repetition 62 of 100[39m[90m         [39m [90m0.21s[39m  
  [32;1m✓[39;22m[90m [39m[90mFilament panel denies users from viewing invoices outside their tenant scope @ repetition 63 of 100[39m[90m         [39m [90m0.25s[39m  
  [32;1m✓[39;22m[90m [39m[90mFilament panel denies users from viewing invoices outside their tenant scope @ repetition 64 of 100[39m[90m         [39m [90m0.24s[39m  
  [32;1m✓[39;22m[90m [39m[90mFilament panel denies users from viewing invoices outside their tenant scope @ repetition 65 of 100[39m[90m         [39m [90m0.22s[39m  
  [32;1m✓[39;22m[90m [39m[90mFilament panel denies users from viewing invoices outside their tenant scope @ repetition 66 of 100[39m[90m         [39m [90m0.22s[39m  
  [32;1m✓[39;22m[90m [39m[90mFilament panel denies users from viewing invoices outside their tenant scope @ repetition 67 of 100[39m[90m         [39m [90m0.54s[39m  
  [32;1m✓[39;22m[90m [39m[90mFilament panel denies users from viewing invoices outside their tenant scope @ repetition 68 of 100[39m[90m         [39m [90m0.26s[39m  
  [32;1m✓[39;22m[90m [39m[90mFilament panel denies users from viewing invoices outside their tenant scope @ repetition 69 of 100[39m[90m         [39m [90m0.27s[39m  
  [32;1m✓[39;22m[90m [39m[90mFilament panel denies users from viewing invoices outside their tenant scope @ repetition 70 of 100[39m[90m         [39m [90m0.21s[39m  
  [32;1m✓[39;22m[90m [39m[90mFilament panel denies users from viewing invoices outside their tenant scope @ repetition 71 of 100[39m[90m         [39m [90m0.22s[39m  
  [32;1m✓[39;22m[90m [39m[90mFilament panel denies users from viewing invoices outside their tenant scope @ repetition 72 of 100[39m[90m         [39m [90m0.24s[39m  
  [32;1m✓[39;22m[90m [39m[90mFilament panel denies users from viewing invoices outside their tenant scope @ repetition 73 of 100[39m[90m         [39m [90m0.26s[39m  
  [32;1m✓[39;22m[90m [39m[90mFilament panel denies users from viewing invoices outside their tenant scope @ repetition 74 of 100[39m[90m         [39m [90m0.54s[39m  
  [32;1m✓[39;22m[90m [39m[90mFilament panel denies users from viewing invoices outside their tenant scope @ repetition 75 of 100[39m[90m         [39m [90m0.24s[39m  
  [32;1m✓[39;22m[90m [39m[90mFilament panel denies users from viewing invoices outside their tenant scope @ repetition 76 of 100[39m[90m         [39m [90m0.24s[39m  
  [32;1m✓[39;22m[90m [39m[90mFilament panel denies users from viewing invoices outside their tenant scope @ repetition 77 of 100[39m[90m         [39m [90m0.30s[39m  
  [32;1m✓[39;22m[90m [39m[90mFilament panel denies users from viewing invoices outside their tenant scope @ repetition 78 of 100[39m[90m         [39m [90m0.32s[39m  
  [32;1m✓[39;22m[90m [39m[90mFilament panel denies users from viewing invoices outside their tenant scope @ repetition 79 of 100[39m[90m         [39m [90m0.23s[39m  
  [32;1m✓[39;22m[90m [39m[90mFilament panel denies users from viewing invoices outside their tenant scope @ repetition 80 of 100[39m[90m         [39m [90m0.22s[39m  
  [32;1m✓[39;22m[90m [39m[90mFilament panel denies users from viewing invoices outside their tenant scope @ repetition 81 of 100[39m[90m         [39m [90m0.46s[39m  
  [32;1m✓[39;22m[90m [39m[90mFilament panel denies users from viewing invoices outside their tenant scope @ repetition 82 of 100[39m[90m         [39m [90m0.23s[39m  
  [32;1m✓[39;22m[90m [39m[90mFilament panel denies users from viewing invoices outside their tenant scope @ repetition 83 of 100[39m[90m         [39m [90m0.27s[39m  
  [32;1m✓[39;22m[90m [39m[90mFilament panel denies users from viewing invoices outside their tenant scope @ repetition 84 of 100[39m[90m         [39m [90m0.22s[39m  
  [32;1m✓[39;22m[90m [39m[90mFilament panel denies users from viewing invoices outside their tenant scope @ repetition 85 of 100[39m[90m         [39m [90m0.21s[39m  
  [32;1m✓[39;22m[90m [39m[90mFilament panel denies users from viewing invoices outside their tenant scope @ repetition 86 of 100[39m[90m         [39m [90m0.23s[39m  
  [32;1m✓[39;22m[90m [39m[90mFilament panel denies users from viewing invoices outside their tenant scope @ repetition 87 of 100[39m[90m         [39m [90m0.22s[39m  
  [32;1m✓[39;22m[90m [39m[90mFilament panel denies users from viewing invoices outside their tenant scope @ repetition 88 of 100[39m[90m         [39m [90m0.55s[39m  
  [32;1m✓[39;22m[90m [39m[90mFilament panel denies users from viewing invoices outside their tenant scope @ repetition 89 of 100[39m[90m         [39m [90m0.19s[39m  
  [32;1m✓[39;22m[90m [39m[90mFilament panel denies users from viewing invoices outside their tenant scope @ repetition 90 of 100[39m[90m         [39m [90m0.27s[39m  
  [32;1m✓[39;22m[90m [39m[90mFilament panel denies users from viewing invoices outside their tenant scope @ repetition 91 of 100[39m[90m         [39m [90m0.28s[39m  
  [32;1m✓[39;22m[90m [39m[90mFilament panel denies users from viewing invoices outside their tenant scope @ repetition 92 of 100[39m[90m         [39m [90m0.24s[39m  
  [32;1m✓[39;22m[90m [39m[90mFilament panel denies users from viewing invoices outside their tenant scope @ repetition 93 of 100[39m[90m         [39m [90m0.24s[39m  
  [32;1m✓[39;22m[90m [39m[90mFilament panel denies users from viewing invoices outside their tenant scope @ repetition 94 of 100[39m[90m         [39m [90m0.24s[39m  
  [32;1m✓[39;22m[90m [39m[90mFilament panel denies users from viewing invoices outside their tenant scope @ repetition 95 of 100[39m[90m         [39m [90m0.46s[39m  
  [32;1m✓[39;22m[90m [39m[90mFilament panel denies users from viewing invoices outside their tenant scope @ repetition 96 of 100[39m[90m         [39m [90m0.25s[39m  
  [32;1m✓[39;22m[90m [39m[90mFilament panel denies users from viewing invoices outside their tenant scope @ repetition 97 of 100[39m[90m         [39m [90m0.27s[39m  
  [32;1m✓[39;22m[90m [39m[90mFilament panel denies users from viewing invoices outside their tenant scope @ repetition 98 of 100[39m[90m         [39m [90m0.31s[39m  
  [32;1m✓[39;22m[90m [39m[90mFilament panel denies users from viewing invoices outside their tenant scope @ repetition 99 of 100[39m[90m         [39m [90m0.33s[39m  
  [32;1m✓[39;22m[90m [39m[90mFilament panel denies users from viewing invoices outside their tenant scope @ repetition 100 of 100[39m[90m        [39m [90m0.25s[39m  
  [32;1m✓[39;22m[90m [39m[90mFilament panel denies users from viewing meter readings outside their tenant scope @ repetition 1 of 100[39m[90m    [39m [90m0.53s[39m  
  [32;1m✓[39;22m[90m [39m[90mFilament panel denies users from viewing meter readings outside their tenant scope @ repetition 2 of 100[39m[90m    [39m [90m0.23s[39m  
  [32;1m✓[39;22m[90m [39m[90mFilament panel denies users from viewing meter readings outside their tenant scope @ repetition 3 of 100[39m[90m    [39m [90m0.24s[39m  
  [32;1m✓[39;22m[90m [39m[90mFilament panel denies users from viewing meter readings outside their tenant scope @ repetition 4 of 100[39m[90m    [39m [90m0.24s[39m  
  [32;1m✓[39;22m[90m [39m[90mFilament panel denies users from viewing meter readings outside their tenant scope @ repetition 5 of 100[39m[90m    [39m [90m0.23s[39m  
  [32;1m✓[39;22m[90m [39m[90mFilament panel denies users from viewing meter readings outside their tenant scope @ repetition 6 of 100[39m[90m    [39m [90m0.20s[39m  
  [32;1m✓[39;22m[90m [39m[90mFilament panel denies users from viewing meter readings outside their tenant scope @ repetition 7 of 100[39m[90m    [39m [90m0.22s[39m  
  [32;1m✓[39;22m[90m [39m[90mFilament panel denies users from viewing meter readings outside their tenant scope @ repetition 8 of 100[39m[90m    [39m [90m0.28s[39m  
  [32;1m✓[39;22m[90m [39m[90mFilament panel denies users from viewing meter readings outside their tenant scope @ repetition 9 of 100[39m[90m    [39m [90m0.49s[39m  
  [32;1m✓[39;22m[90m [39m[90mFilament panel denies users from viewing meter readings outside their tenant scope @ repetition 10 of 100[39m[90m   [39m [90m0.21s[39m  
  [32;1m✓[39;22m[90m [39m[90mFilament panel denies users from viewing meter readings outside their tenant scope @ repetition 11 of 100[39m[90m   [39m [90m0.21s[39m  
  [32;1m✓[39;22m[90m [39m[90mFilament panel denies users from viewing meter readings outside their tenant scope @ repetition 12 of 100[39m[90m   [39m [90m0.25s[39m  
  [32;1m✓[39;22m[90m [39m[90mFilament panel denies users from viewing meter readings outside their tenant scope @ repetition 13 of 100[39m[90m   [39m [90m0.23s[39m  
  [32;1m✓[39;22m[90m [39m[90mFilament panel denies users from viewing meter readings outside their tenant scope @ repetition 14 of 100[39m[90m   [39m [90m0.27s[39m  
  [32;1m✓[39;22m[90m [39m[90mFilament panel denies users from viewing meter readings outside their tenant scope @ repetition 15 of 100[39m[90m   [39m [90m0.26s[39m  
  [32;1m✓[39;22m[90m [39m[90mFilament panel denies users from viewing meter readings outside their tenant scope @ repetition 16 of 100[39m[90m   [39m [90m0.20s[39m  
  [32;1m✓[39;22m[90m [39m[90mFilament panel denies users from viewing meter readings outside their tenant scope @ repetition 17 of 100[39m[90m   [39m [90m0.56s[39m  
  [32;1m✓[39;22m[90m [39m[90mFilament panel denies users from viewing meter readings outside their tenant scope @ repetition 18 of 100[39m[90m   [39m [90m0.22s[39m  
  [32;1m✓[39;22m[90m [39m[90mFilament panel denies users from viewing meter readings outside their tenant scope @ repetition 19 of 100[39m[90m   [39m [90m0.20s[39m  
  [32;1m✓[39;22m[90m [39m[90mFilament panel denies users from viewing meter readings outside their tenant scope @ repetition 20 of 100[39m[90m   [39m [90m0.20s[39m  
  [32;1m✓[39;22m[90m [39m[90mFilament panel denies users from viewing meter readings outside their tenant scope @ repetition 21 of 100[39m[90m   [39m [90m0.25s[39m  
  [32;1m✓[39;22m[90m [39m[90mFilament panel denies users from viewing meter readings outside their tenant scope @ repetition 22 of 100[39m[90m   [39m [90m0.24s[39m  
  [32;1m✓[39;22m[90m [39m[90mFilament panel denies users from viewing meter readings outside their tenant scope @ repetition 23 of 100[39m[90m   [39m [90m0.23s[39m  
  [32;1m✓[39;22m[90m [39m[90mFilament panel denies users from viewing meter readings outside their tenant scope @ repetition 24 of 100[39m[90m   [39m [90m0.23s[39m  
  [32;1m✓[39;22m[90m [39m[90mFilament panel denies users from viewing meter readings outside their tenant scope @ repetition 25 of 100[39m[90m   [39m [90m0.48s[39m  
  [32;1m✓[39;22m[90m [39m[90mFilament panel denies users from viewing meter readings outside their tenant scope @ repetition 26 of 100[39m[90m   [39m [90m0.21s[39m  
  [32;1m✓[39;22m[90m [39m[90mFilament panel denies users from viewing meter readings outside their tenant scope @ repetition 27 of 100[39m[90m   [39m [90m0.21s[39m  
  [32;1m✓[39;22m[90m [39m[90mFilament panel denies users from viewing meter readings outside their tenant scope @ repetition 28 of 100[39m[90m   [39m [90m0.28s[39m  
  [32;1m✓[39;22m[90m [39m[90mFilament panel denies users from viewing meter readings outside their tenant scope @ repetition 29 of 100[39m[90m   [39m [90m0.29s[39m  
  [32;1m✓[39;22m[90m [39m[90mFilament panel denies users from viewing meter readings outside their tenant scope @ repetition 30 of 100[39m[90m   [39m [90m0.22s[39m  
  [32;1m✓[39;22m[90m [39m[90mFilament panel denies users from viewing meter readings outside their tenant scope @ repetition 31 of 100[39m[90m   [39m [90m0.24s[39m  
  [32;1m✓[39;22m[90m [39m[90mFilament panel denies users from viewing meter readings outside their tenant scope @ repetition 32 of 100[39m[90m   [39m [90m0.21s[39m  
  [32;1m✓[39;22m[90m [39m[90mFilament panel denies users from viewing meter readings outside their tenant scope @ repetition 33 of 100[39m[90m   [39m [90m0.56s[39m  
  [32;1m✓[39;22m[90m [39m[90mFilament panel denies users from viewing meter readings outside their tenant scope @ repetition 34 of 100[39m[90m   [39m [90m0.20s[39m  
  [32;1m✓[39;22m[90m [39m[90mFilament panel denies users from viewing meter readings outside their tenant scope @ repetition 35 of 100[39m[90m   [39m [90m0.23s[39m  
  [32;1m✓[39;22m[90m [39m[90mFilament panel denies users from viewing meter readings outside their tenant scope @ repetition 36 of 100[39m[90m   [39m [90m0.23s[39m  
  [32;1m✓[39;22m[90m [39m[90mFilament panel denies users from viewing meter readings outside their tenant scope @ repetition 37 of 100[39m[90m   [39m [90m0.19s[39m  
  [32;1m✓[39;22m[90m [39m[90mFilament panel denies users from viewing meter readings outside their tenant scope @ repetition 38 of 100[39m[90m   [39m [90m0.26s[39m  
  [32;1m✓[39;22m[90m [39m[90mFilament panel denies users from viewing meter readings outside their tenant scope @ repetition 39 of 100[39m[90m   [39m [90m0.23s[39m  
  [32;1m✓[39;22m[90m [39m[90mFilament panel denies users from viewing meter readings outside their tenant scope @ repetition 40 of 100[39m[90m   [39m [90m0.30s[39m  
  [32;1m✓[39;22m[90m [39m[90mFilament panel denies users from viewing meter readings outside their tenant scope @ repetition 41 of 100[39m[90m   [39m [90m0.54s[39m  
  [32;1m✓[39;22m[90m [39m[90mFilament panel denies users from viewing meter readings outside their tenant scope @ repetition 42 of 100[39m[90m   [39m [90m0.22s[39m  
  [32;1m✓[39;22m[90m [39m[90mFilament panel denies users from viewing meter readings outside their tenant scope @ repetition 43 of 100[39m[90m   [39m [90m0.19s[39m  
  [32;1m✓[39;22m[90m [39m[90mFilament panel denies users from viewing meter readings outside their tenant scope @ repetition 44 of 100[39m[90m   [39m [90m0.21s[39m  
  [32;1m✓[39;22m[90m [39m[90mFilament panel denies users from viewing meter readings outside their tenant scope @ repetition 45 of 100[39m[90m   [39m [90m0.26s[39m  
  [32;1m✓[39;22m[90m [39m[90mFilament panel denies users from viewing meter readings outside their tenant scope @ repetition 46 of 100[39m[90m   [39m [90m0.25s[39m  
  [32;1m✓[39;22m[90m [39m[90mFilament panel denies users from viewing meter readings outside their tenant scope @ repetition 47 of 100[39m[90m   [39m [90m0.21s[39m  
  [32;1m✓[39;22m[90m [39m[90mFilament panel denies users from viewing meter readings outside their tenant scope @ repetition 48 of 100[39m[90m   [39m [90m0.21s[39m  
  [32;1m✓[39;22m[90m [39m[90mFilament panel denies users from viewing meter readings outside their tenant scope @ repetition 49 of 100[39m[90m   [39m [90m0.50s[39m  
  [32;1m✓[39;22m[90m [39m[90mFilament panel denies users from viewing meter readings outside their tenant scope @ repetition 50 of 100[39m[90m   [39m [90m0.21s[39m  
  [32;1m✓[39;22m[90m [39m[90mFilament panel denies users from viewing meter readings outside their tenant scope @ repetition 51 of 100[39m[90m   [39m [90m0.22s[39m  
  [32;1m✓[39;22m[90m [39m[90mFilament panel denies users from viewing meter readings outside their tenant scope @ repetition 52 of 100[39m[90m   [39m [90m0.21s[39m  
  [32;1m✓[39;22m[90m [39m[90mFilament panel denies users from viewing meter readings outside their tenant scope @ repetition 53 of 100[39m[90m   [39m [90m0.25s[39m  
  [32;1m✓[39;22m[90m [39m[90mFilament panel denies users from viewing meter readings outside their tenant scope @ repetition 54 of 100[39m[90m   [39m [90m0.26s[39m  
  [32;1m✓[39;22m[90m [39m[90mFilament panel denies users from viewing meter readings outside their tenant scope @ repetition 55 of 100[39m[90m   [39m [90m0.22s[39m  
  [32;1m✓[39;22m[90m [39m[90mFilament panel denies users from viewing meter readings outside their tenant scope @ repetition 56 of 100[39m[90m   [39m [90m0.26s[39m  
  [32;1m✓[39;22m[90m [39m[90mFilament panel denies users from viewing meter readings outside their tenant scope @ repetition 57 of 100[39m[90m   [39m [90m0.48s[39m  
  [32;1m✓[39;22m[90m [39m[90mFilament panel denies users from viewing meter readings outside their tenant scope @ repetition 58 of 100[39m[90m   [39m [90m0.24s[39m  
  [32;1m✓[39;22m[90m [39m[90mFilament panel denies users from viewing meter readings outside their tenant scope @ repetition 59 of 100[39m[90m   [39m [90m0.22s[39m  
  [32;1m✓[39;22m[90m [39m[90mFilament panel denies users from viewing meter readings outside their tenant scope @ repetition 60 of 100[39m[90m   [39m [90m0.21s[39m  
  [32;1m✓[39;22m[90m [39m[90mFilament panel denies users from viewing meter readings outside their tenant scope @ repetition 61 of 100[39m[90m   [39m [90m0.25s[39m  
  [32;1m✓[39;22m[90m [39m[90mFilament panel denies users from viewing meter readings outside their tenant scope @ repetition 62 of 100[39m[90m   [39m [90m0.21s[39m  
  [32;1m✓[39;22m[90m [39m[90mFilament panel denies users from viewing meter readings outside their tenant scope @ repetition 63 of 100[39m[90m   [39m [90m0.22s[39m  
  [32;1m✓[39;22m[90m [39m[90mFilament panel denies users from viewing meter readings outside their tenant scope @ repetition 64 of 100[39m[90m   [39m [90m0.26s[39m  
  [32;1m✓[39;22m[90m [39m[90mFilament panel denies users from viewing meter readings outside their tenant scope @ repetition 65 of 100[39m[90m   [39m [90m0.53s[39m  
  [32;1m✓[39;22m[90m [39m[90mFilament panel denies users from viewing meter readings outside their tenant scope @ repetition 66 of 100[39m[90m   [39m [90m0.24s[39m  
  [32;1m✓[39;22m[90m [39m[90mFilament panel denies users from viewing meter readings outside their tenant scope @ repetition 67 of 100[39m[90m   [39m [90m0.21s[39m  
  [32;1m✓[39;22m[90m [39m[90mFilament panel denies users from viewing meter readings outside their tenant scope @ repetition 68 of 100[39m[90m   [39m [90m0.24s[39m  
  [32;1m✓[39;22m[90m [39m[90mFilament panel denies users from viewing meter readings outside their tenant scope @ repetition 69 of 100[39m[90m   [39m [90m0.21s[39m  
  [32;1m✓[39;22m[90m [39m[90mFilament panel denies users from viewing meter readings outside their tenant scope @ repetition 70 of 100[39m[90m   [39m [90m0.20s[39m  
  [32;1m✓[39;22m[90m [39m[90mFilament panel denies users from viewing meter readings outside their tenant scope @ repetition 71 of 100[39m[90m   [39m [90m0.21s[39m  
  [32;1m✓[39;22m[90m [39m[90mFilament panel denies users from viewing meter readings outside their tenant scope @ repetition 72 of 100[39m[90m   [39m [90m0.26s[39m  
  [32;1m✓[39;22m[90m [39m[90mFilament panel denies users from viewing meter readings outside their tenant scope @ repetition 73 of 100[39m[90m   [39m [90m0.58s[39m  
  [32;1m✓[39;22m[90m [39m[90mFilament panel denies users from viewing meter readings outside their tenant scope @ repetition 74 of 100[39m[90m   [39m [90m0.26s[39m  
  [32;1m✓[39;22m[90m [39m[90mFilament panel denies users from viewing meter readings outside their tenant scope @ repetition 75 of 100[39m[90m   [39m [90m0.20s[39m  
  [32;1m✓[39;22m[90m [39m[90mFilament panel denies users from viewing meter readings outside their tenant scope @ repetition 76 of 100[39m[90m   [39m [90m0.20s[39m  
  [32;1m✓[39;22m[90m [39m[90mFilament panel denies users from viewing meter readings outside their tenant scope @ repetition 77 of 100[39m[90m   [39m [90m0.23s[39m  
  [32;1m✓[39;22m[90m [39m[90mFilament panel denies users from viewing meter readings outside their tenant scope @ repetition 78 of 100[39m[90m   [39m [90m0.24s[39m  
  [32;1m✓[39;22m[90m [39m[90mFilament panel denies users from viewing meter readings outside their tenant scope @ repetition 79 of 100[39m[90m   [39m [90m0.27s[39m  
  [32;1m✓[39;22m[90m [39m[90mFilament panel denies users from viewing meter readings outside their tenant scope @ repetition 80 of 100[39m[90m   [39m [90m0.26s[39m  
  [32;1m✓[39;22m[90m [39m[90mFilament panel denies users from viewing meter readings outside their tenant scope @ repetition 81 of 100[39m[90m   [39m [90m0.49s[39m  
  [32;1m✓[39;22m[90m [39m[90mFilament panel denies users from viewing meter readings outside their tenant scope @ repetition 82 of 100[39m[90m   [39m [90m0.26s[39m  
  [32;1m✓[39;22m[90m [39m[90mFilament panel denies users from viewing meter readings outside their tenant scope @ repetition 83 of 100[39m[90m   [39m [90m0.27s[39m  
  [32;1m✓[39;22m[90m [39m[90mFilament panel denies users from viewing meter readings outside their tenant scope @ repetition 84 of 100[39m[90m   [39m [90m0.24s[39m  
  [32;1m✓[39;22m[90m [39m[90mFilament panel denies users from viewing meter readings outside their tenant scope @ repetition 85 of 100[39m[90m   [39m [90m0.29s[39m  
  [32;1m✓[39;22m[90m [39m[90mFilament panel denies users from viewing meter readings outside their tenant scope @ repetition 86 of 100[39m[90m   [39m [90m0.28s[39m  
  [32;1m✓[39;22m[90m [39m[90mFilament panel denies users from viewing meter readings outside their tenant scope @ repetition 87 of 100[39m[90m   [39m [90m0.29s[39m  
  [32;1m✓[39;22m[90m [39m[90mFilament panel denies users from viewing meter readings outside their tenant scope @ repetition 88 of 100[39m[90m   [39m [90m0.22s[39m  
  [32;1m✓[39;22m[90m [39m[90mFilament panel denies users from viewing meter readings outside their tenant scope @ repetition 89 of 100[39m[90m   [39m [90m0.50s[39m  
  [32;1m✓[39;22m[90m [39m[90mFilament panel denies users from viewing meter readings outside their tenant scope @ repetition 90 of 100[39m[90m   [39m [90m0.25s[39m  
  [32;1m✓[39;22m[90m [39m[90mFilament panel denies users from viewing meter readings outside their tenant scope @ repetition 91 of 100[39m[90m   [39m [90m0.22s[39m  
  [32;1m✓[39;22m[90m [39m[90mFilament panel denies users from viewing meter readings outside their tenant scope @ repetition 92 of 100[39m[90m   [39m [90m0.23s[39m  
  [32;1m✓[39;22m[90m [39m[90mFilament panel denies users from viewing meter readings outside their tenant scope @ repetition 93 of 100[39m[90m   [39m [90m0.25s[39m  
  [32;1m✓[39;22m[90m [39m[90mFilament panel denies users from viewing meter readings outside their tenant scope @ repetition 94 of 100[39m[90m   [39m [90m0.23s[39m  
  [32;1m✓[39;22m[90m [39m[90mFilament panel denies users from viewing meter readings outside their tenant scope @ repetition 95 of 100[39m[90m   [39m [90m0.21s[39m  
  [32;1m✓[39;22m[90m [39m[90mFilament panel denies users from viewing meter readings outside their tenant scope @ repetition 96 of 100[39m[90m   [39m [90m0.21s[39m  
  [32;1m✓[39;22m[90m [39m[90mFilament panel denies users from viewing meter readings outside their tenant scope @ repetition 97 of 100[39m[90m   [39m [90m0.59s[39m  
  [32;1m✓[39;22m[90m [39m[90mFilament panel denies users from viewing meter readings outside their tenant scope @ repetition 98 of 100[39m[90m   [39m [90m0.30s[39m  
  [32;1m✓[39;22m[90m [39m[90mFilament panel denies users from viewing meter readings outside their tenant scope @ repetition 99 of 100[39m[90m   [39m [90m0.25s[39m  
  [32;1m✓[39;22m[90m [39m[90mFilament panel denies users from viewing meter readings outside their tenant scope @ repetition 100 of 100[39m[90m  [39m [90m0.29s[39m  
  [31;1m⨯[39;22m[90m [39m[90mFilament panel denies manager users from managing system-wide resources @ repetition 1 of 100[39m[90m               [39m [90m0.24s[39m  
  [31;1m⨯[39;22m[90m [39m[90mFilament panel denies manager users from managing system-wide resources @ repetition 2 of 100[39m[90m               [39m [90m0.24s[39m  
  [31;1m⨯[39;22m[90m [39m[90mFilament panel denies manager users from managing system-wide resources @ repetition 3 of 100[39m[90m               [39m [90m0.49s[39m  
  [31;1m⨯[39;22m[90m [39m[90mFilament panel denies manager users from managing system-wide resources @ repetition 4 of 100[39m[90m               [39m [90m0.24s[39m  
  [31;1m⨯[39;22m[90m [39m[90mFilament panel denies manager users from managing system-wide resources @ repetition 5 of 100[39m[90m               [39m [90m0.15s[39m  
  [31;1m⨯[39;22m[90m [39m[90mFilament panel denies manager users from managing system-wide resources @ repetition 6 of 100[39m[90m               [39m [90m0.19s[39m  
  [31;1m⨯[39;22m[90m [39m[90mFilament panel denies manager users from managing system-wide resources @ repetition 7 of 100[39m[90m               [39m [90m0.19s[39m  
  [31;1m⨯[39;22m[90m [39m[90mFilament panel denies manager users from managing system-wide resources @ repetition 8 of 100[39m[90m               [39m [90m0.21s[39m  
  [31;1m⨯[39;22m[90m [39m[90mFilament panel denies manager users from managing system-wide resources @ repetition 9 of 100[39m[90m               [39m [90m0.21s[39m  
  [31;1m⨯[39;22m[90m [39m[90mFilament panel denies manager users from managing system-wide resources @ repetition 10 of 100[39m[90m              [39m [90m0.48s[39m  
  [31;1m⨯[39;22m[90m [39m[90mFilament panel denies manager users from managing system-wide resources @ repetition 11 of 100[39m[90m              [39m [90m0.26s[39m  
  [31;1m⨯[39;22m[90m [39m[90mFilament panel denies manager users from managing system-wide resources @ repetition 12 of 100[39m[90m              [39m [90m0.23s[39m  
  [31;1m⨯[39;22m[90m [39m[90mFilament panel denies manager users from managing system-wide resources @ repetition 13 of 100[39m[90m              [39m [90m0.23s[39m  
  [31;1m⨯[39;22m[90m [39m[90mFilament panel denies manager users from managing system-wide resources @ repetition 14 of 100[39m[90m              [39m [90m0.24s[39m  
  [31;1m⨯[39;22m[90m [39m[90mFilament panel denies manager users from managing system-wide resources @ repetition 15 of 100[39m[90m              [39m [90m0.24s[39m  
  [31;1m⨯[39;22m[90m [39m[90mFilament panel denies manager users from managing system-wide resources @ repetition 16 of 100[39m[90m              [39m [90m0.25s[39m  
  [31;1m⨯[39;22m[90m [39m[90mFilament panel denies manager users from managing system-wide resources @ repetition 17 of 100[39m[90m              [39m [90m0.51s[39m  
  [31;1m⨯[39;22m[90m [39m[90mFilament panel denies manager users from managing system-wide resources @ repetition 18 of 100[39m[90m              [39m [90m0.27s[39m  
  [31;1m⨯[39;22m[90m [39m[90mFilament panel denies manager users from managing system-wide resources @ repetition 19 of 100[39m[90m              [39m [90m0.25s[39m  
  [31;1m⨯[39;22m[90m [39m[90mFilament panel denies manager users from managing system-wide resources @ repetition 20 of 100[39m[90m              [39m [90m0.22s[39m  
  [31;1m⨯[39;22m[90m [39m[90mFilament panel denies manager users from managing system-wide resources @ repetition 21 of 100[39m[90m              [39m [90m0.20s[39m  
  [31;1m⨯[39;22m[90m [39m[90mFilament panel denies manager users from managing system-wide resources @ repetition 22 of 100[39m[90m              [39m [90m0.25s[39m  
  [31;1m⨯[39;22m[90m [39m[90mFilament panel denies manager users from managing system-wide resources @ repetition 23 of 100[39m[90m              [39m [90m0.23s[39m  
  [31;1m⨯[39;22m[90m [39m[90mFilament panel denies manager users from managing system-wide resources @ repetition 24 of 100[39m[90m              [39m [90m0.48s[39m  
  [31;1m⨯[39;22m[90m [39m[90mFilament panel denies manager users from managing system-wide resources @ repetition 25 of 100[39m[90m              [39m [90m0.22s[39m  
  [31;1m⨯[39;22m[90m [39m[90mFilament panel denies manager users from managing system-wide resources @ repetition 26 of 100[39m[90m              [39m [90m0.22s[39m  
  [31;1m⨯[39;22m[90m [39m[90mFilament panel denies manager users from managing system-wide resources @ repetition 27 of 100[39m[90m              [39m [90m0.22s[39m  
  [31;1m⨯[39;22m[90m [39m[90mFilament panel denies manager users from managing system-wide resources @ repetition 28 of 100[39m[90m              [39m [90m0.27s[39m  
  [31;1m⨯[39;22m[90m [39m[90mFilament panel denies manager users from managing system-wide resources @ repetition 29 of 100[39m[90m              [39m [90m0.24s[39m  
  [31;1m⨯[39;22m[90m [39m[90mFilament panel denies manager users from managing system-wide resources @ repetition 30 of 100[39m[90m              [39m [90m0.23s[39m  
  [31;1m⨯[39;22m[90m [39m[90mFilament panel denies manager users from managing system-wide resources @ repetition 31 of 100[39m[90m              [39m [90m0.51s[39m  
  [31;1m⨯[39;22m[90m [39m[90mFilament panel denies manager users from managing system-wide resources @ repetition 32 of 100[39m[90m              [39m [90m0.25s[39m  
  [31;1m⨯[39;22m[90m [39m[90mFilament panel denies manager users from managing system-wide resources @ repetition 33 of 100[39m[90m              [39m [90m0.20s[39m  
  [31;1m⨯[39;22m[90m [39m[90mFilament panel denies manager users from managing system-wide resources @ repetition 34 of 100[39m[90m              [39m [90m0.23s[39m  
  [31;1m⨯[39;22m[90m [39m[90mFilament panel denies manager users from managing system-wide resources @ repetition 35 of 100[39m[90m              [39m [90m0.23s[39m  
  [31;1m⨯[39;22m[90m [39m[90mFilament panel denies manager users from managing system-wide resources @ repetition 36 of 100[39m[90m              [39m [90m0.19s[39m  
  [31;1m⨯[39;22m[90m [39m[90mFilament panel denies manager users from managing system-wide resources @ repetition 37 of 100[39m[90m              [39m [90m0.24s[39m  
  [31;1m⨯[39;22m[90m [39m[90mFilament panel denies manager users from managing system-wide resources @ repetition 38 of 100[39m[90m              [39m [90m0.40s[39m  
  [31;1m⨯[39;22m[90m [39m[90mFilament panel denies manager users from managing system-wide resources @ repetition 39 of 100[39m[90m              [39m [90m0.23s[39m  
  [31;1m⨯[39;22m[90m [39m[90mFilament panel denies manager users from managing system-wide resources @ repetition 40 of 100[39m[90m              [39m [90m0.23s[39m  
  [31;1m⨯[39;22m[90m [39m[90mFilament panel denies manager users from managing system-wide resources @ repetition 41 of 100[39m[90m              [39m [90m0.26s[39m  
  [31;1m⨯[39;22m[90m [39m[90mFilament panel denies manager users from managing system-wide resources @ repetition 42 of 100[39m[90m              [39m [90m0.23s[39m  
  [31;1m⨯[39;22m[90m [39m[90mFilament panel denies manager users from managing system-wide resources @ repetition 43 of 100[39m[90m              [39m [90m0.26s[39m  
  [31;1m⨯[39;22m[90m [39m[90mFilament panel denies manager users from managing system-wide resources @ repetition 44 of 100[39m[90m              [39m [90m0.24s[39m  
  [31;1m⨯[39;22m[90m [39m[90mFilament panel denies manager users from managing system-wide resources @ repetition 45 of 100[39m[90m              [39m [90m0.45s[39m  
  [31;1m⨯[39;22m[90m [39m[90mFilament panel denies manager users from managing system-wide resources @ repetition 46 of 100[39m[90m              [39m [90m0.22s[39m  
  [31;1m⨯[39;22m[90m [39m[90mFilament panel denies manager users from managing system-wide resources @ repetition 47 of 100[39m[90m              [39m [90m0.23s[39m  
  [31;1m⨯[39;22m[90m [39m[90mFilament panel denies manager users from managing system-wide resources @ repetition 48 of 100[39m[90m              [39m [90m0.19s[39m  
  [31;1m⨯[39;22m[90m [39m[90mFilament panel denies manager users from managing system-wide resources @ repetition 49 of 100[39m[90m              [39m [90m0.19s[39m  
  [31;1m⨯[39;22m[90m [39m[90mFilament panel denies manager users from managing system-wide resources @ repetition 50 of 100[39m[90m              [39m [90m0.22s[39m  
  [31;1m⨯[39;22m[90m [39m[90mFilament panel denies manager users from managing system-wide resources @ repetition 51 of 100[39m[90m              [39m [90m0.25s[39m  
  [31;1m⨯[39;22m[90m [39m[90mFilament panel denies manager users from managing system-wide resources @ repetition 52 of 100[39m[90m              [39m [90m0.49s[39m  
  [31;1m⨯[39;22m[90m [39m[90mFilament panel denies manager users from managing system-wide resources @ repetition 53 of 100[39m[90m              [39m [90m0.24s[39m  
  [31;1m⨯[39;22m[90m [39m[90mFilament panel denies manager users from managing system-wide resources @ repetition 54 of 100[39m[90m              [39m [90m0.18s[39m  
  [31;1m⨯[39;22m[90m [39m[90mFilament panel denies manager users from managing system-wide resources @ repetition 55 of 100[39m[90m              [39m [90m0.20s[39m  
  [31;1m⨯[39;22m[90m [39m[90mFilament panel denies manager users from managing system-wide resources @ repetition 56 of 100[39m[90m              [39m [90m0.21s[39m  
  [31;1m⨯[39;22m[90m [39m[90mFilament panel denies manager users from managing system-wide resources @ repetition 57 of 100[39m[90m              [39m [90m0.26s[39m  
  [31;1m⨯[39;22m[90m [39m[90mFilament panel denies manager users from managing system-wide resources @ repetition 58 of 100[39m[90m              [39m [90m0.22s[39m  
  [31;1m⨯[39;22m[90m [39m[90mFilament panel denies manager users from managing system-wide resources @ repetition 59 of 100[39m[90m              [39m [90m0.61s[39m  
  [31;1m⨯[39;22m[90m [39m[90mFilament panel denies manager users from managing system-wide resources @ repetition 60 of 100[39m[90m              [39m [90m0.22s[39m  
  [31;1m⨯[39;22m[90m [39m[90mFilament panel denies manager users from managing system-wide resources @ repetition 61 of 100[39m[90m              [39m [90m0.23s[39m  
  [31;1m⨯[39;22m[90m [39m[90mFilament panel denies manager users from managing system-wide resources @ repetition 62 of 100[39m[90m              [39m [90m0.24s[39m  
  [31;1m⨯[39;22m[90m [39m[90mFilament panel denies manager users from managing system-wide resources @ repetition 63 of 100[39m[90m              [39m [90m0.20s[39m  
  [31;1m⨯[39;22m[90m [39m[90mFilament panel denies manager users from managing system-wide resources @ repetition 64 of 100[39m[90m              [39m [90m0.21s[39m  
  [31;1m⨯[39;22m[90m [39m[90mFilament panel denies manager users from managing system-wide resources @ repetition 65 of 100[39m[90m              [39m [90m0.24s[39m  
  [31;1m⨯[39;22m[90m [39m[90mFilament panel denies manager users from managing system-wide resources @ repetition 66 of 100[39m[90m              [39m [90m0.53s[39m  
  [31;1m⨯[39;22m[90m [39m[90mFilament panel denies manager users from managing system-wide resources @ repetition 67 of 100[39m[90m              [39m [90m0.23s[39m  
  [31;1m⨯[39;22m[90m [39m[90mFilament panel denies manager users from managing system-wide resources @ repetition 68 of 100[39m[90m              [39m [90m0.25s[39m  
  [31;1m⨯[39;22m[90m [39m[90mFilament panel denies manager users from managing system-wide resources @ repetition 69 of 100[39m[90m              [39m [90m0.28s[39m  
  [31;1m⨯[39;22m[90m [39m[90mFilament panel denies manager users from managing system-wide resources @ repetition 70 of 100[39m[90m              [39m [90m0.27s[39m  
  [31;1m⨯[39;22m[90m [39m[90mFilament panel denies manager users from managing system-wide resources @ repetition 71 of 100[39m[90m              [39m [90m0.27s[39m  
  [31;1m⨯[39;22m[90m [39m[90mFilament panel denies manager users from managing system-wide resources @ repetition 72 of 100[39m[90m              [39m [90m0.26s[39m  
  [31;1m⨯[39;22m[90m [39m[90mFilament panel denies manager users from managing system-wide resources @ repetition 73 of 100[39m[90m              [39m [90m0.58s[39m  
  [31;1m⨯[39;22m[90m [39m[90mFilament panel denies manager users from managing system-wide resources @ repetition 74 of 100[39m[90m              [39m [90m0.25s[39m  
  [31;1m⨯[39;22m[90m [39m[90mFilament panel denies manager users from managing system-wide resources @ repetition 75 of 100[39m[90m              [39m [90m0.22s[39m  
  [31;1m⨯[39;22m[90m [39m[90mFilament panel denies manager users from managing system-wide resources @ repetition 76 of 100[39m[90m              [39m [90m0.21s[39m  
  [31;1m⨯[39;22m[90m [39m[90mFilament panel denies manager users from managing system-wide resources @ repetition 77 of 100[39m[90m              [39m [90m0.20s[39m  
  [31;1m⨯[39;22m[90m [39m[90mFilament panel denies manager users from managing system-wide resources @ repetition 78 of 100[39m[90m              [39m [90m0.22s[39m  
  [31;1m⨯[39;22m[90m [39m[90mFilament panel denies manager users from managing system-wide resources @ repetition 79 of 100[39m[90m              [39m [90m0.25s[39m  
  [31;1m⨯[39;22m[90m [39m[90mFilament panel denies manager users from managing system-wide resources @ repetition 80 of 100[39m[90m              [39m [90m0.52s[39m  
  [31;1m⨯[39;22m[90m [39m[90mFilament panel denies manager users from managing system-wide resources @ repetition 81 of 100[39m[90m              [39m [90m0.26s[39m  
  [31;1m⨯[39;22m[90m [39m[90mFilament panel denies manager users from managing system-wide resources @ repetition 82 of 100[39m[90m              [39m [90m0.21s[39m  
  [31;1m⨯[39;22m[90m [39m[90mFilament panel denies manager users from managing system-wide resources @ repetition 83 of 100[39m[90m              [39m [90m0.30s[39m  
  [31;1m⨯[39;22m[90m [39m[90mFilament panel denies manager users from managing system-wide resources @ repetition 84 of 100[39m[90m              [39m [90m0.23s[39m  
  [31;1m⨯[39;22m[90m [39m[90mFilament panel denies manager users from managing system-wide resources @ repetition 85 of 100[39m[90m              [39m [90m0.24s[39m  
  [31;1m⨯[39;22m[90m [39m[90mFilament panel denies manager users from managing system-wide resources @ repetition 86 of 100[39m[90m              [39m [90m0.25s[39m  
  [31;1m⨯[39;22m[90m [39m[90mFilament panel denies manager users from managing system-wide resources @ repetition 87 of 100[39m[90m              [39m [90m0.53s[39m  
  [31;1m⨯[39;22m[90m [39m[90mFilament panel denies manager users from managing system-wide resources @ repetition 88 of 100[39m[90m              [39m [90m0.24s[39m  
  [31;1m⨯[39;22m[90m [39m[90mFilament panel denies manager users from managing system-wide resources @ repetition 89 of 100[39m[90m              [39m [90m0.25s[39m  
  [31;1m⨯[39;22m[90m [39m[90mFilament panel denies manager users from managing system-wide resources @ repetition 90 of 100[39m[90m              [39m [90m0.24s[39m  
  [31;1m⨯[39;22m[90m [39m[90mFilament panel denies manager users from managing system-wide resources @ repetition 91 of 100[39m[90m              [39m [90m0.26s[39m  
  [31;1m⨯[39;22m[90m [39m[90mFilament panel denies manager users from managing system-wide resources @ repetition 92 of 100[39m[90m              [39m [90m0.23s[39m  
  [31;1m⨯[39;22m[90m [39m[90mFilament panel denies manager users from managing system-wide resources @ repetition 93 of 100[39m[90m              [39m [90m0.21s[39m  
  [31;1m⨯[39;22m[90m [39m[90mFilament panel denies manager users from managing system-wide resources @ repetition 94 of 100[39m[90m              [39m [90m0.50s[39m  
  [31;1m⨯[39;22m[90m [39m[90mFilament panel denies manager users from managing system-wide resources @ repetition 95 of 100[39m[90m              [39m [90m0.22s[39m  
  [31;1m⨯[39;22m[90m [39m[90mFilament panel denies manager users from managing system-wide resources @ repetition 96 of 100[39m[90m              [39m [90m0.25s[39m  
  [31;1m⨯[39;22m[90m [39m[90mFilament panel denies manager users from managing system-wide resources @ repetition 97 of 100[39m[90m              [39m [90m0.22s[39m  
  [31;1m⨯[39;22m[90m [39m[90mFilament panel denies manager users from managing system-wide resources @ repetition 98 of 100[39m[90m              [39m [90m0.24s[39m  
  [31;1m⨯[39;22m[90m [39m[90mFilament panel denies manager users from managing system-wide resources @ repetition 99 of 100[39m[90m              [39m [90m0.23s[39m  
  [31;1m⨯[39;22m[90m [39m[90mFilament panel denies manager users from managing system-wide resources @ repetition 100 of 100[39m[90m             [39m [90m0.24s[39m  
  [32;1m✓[39;22m[90m [39m[90mFilament panel denies manager users from managing user accounts @ repetition 1 of 100[39m[90m                       [39m [90m0.48s[39m  
  [32;1m✓[39;22m[90m [39m[90mFilament panel denies manager users from managing user accounts @ repetition 2 of 100[39m[90m                       [39m [90m0.23s[39m  
  [32;1m✓[39;22m[90m [39m[90mFilament panel denies manager users from managing user accounts @ repetition 3 of 100[39m[90m                       [39m [90m0.23s[39m  
  [32;1m✓[39;22m[90m [39m[90mFilament panel denies manager users from managing user accounts @ repetition 4 of 100[39m[90m                       [39m [90m0.21s[39m  
  [32;1m✓[39;22m[90m [39m[90mFilament panel denies manager users from managing user accounts @ repetition 5 of 100[39m[90m                       [39m [90m0.23s[39m  
  [32;1m✓[39;22m[90m [39m[90mFilament panel denies manager users from managing user accounts @ repetition 6 of 100[39m[90m                       [39m [90m0.20s[39m  
  [32;1m✓[39;22m[90m [39m[90mFilament panel denies manager users from managing user accounts @ repetition 7 of 100[39m[90m                       [39m [90m0.22s[39m  
  [32;1m✓[39;22m[90m [39m[90mFilament panel denies manager users from managing user accounts @ repetition 8 of 100[39m[90m                       [39m [90m0.43s[39m  
  [32;1m✓[39;22m[90m [39m[90mFilament panel denies manager users from managing user accounts @ repetition 9 of 100[39m[90m                       [39m [90m0.28s[39m  
  [32;1m✓[39;22m[90m [39m[90mFilament panel denies manager users from managing user accounts @ repetition 10 of 100[39m[90m                      [39m [90m0.24s[39m  
  [32;1m✓[39;22m[90m [39m[90mFilament panel denies manager users from managing user accounts @ repetition 11 of 100[39m[90m                      [39m [90m0.24s[39m  
  [32;1m✓[39;22m[90m [39m[90mFilament panel denies manager users from managing user accounts @ repetition 12 of 100[39m[90m                      [39m [90m0.22s[39m  
  [32;1m✓[39;22m[90m [39m[90mFilament panel denies manager users from managing user accounts @ repetition 13 of 100[39m[90m                      [39m [90m0.29s[39m  
  [32;1m✓[39;22m[90m [39m[90mFilament panel denies manager users from managing user accounts @ repetition 14 of 100[39m[90m                      [39m [90m0.21s[39m  
  [32;1m✓[39;22m[90m [39m[90mFilament panel denies manager users from managing user accounts @ repetition 15 of 100[39m[90m                      [39m [90m0.22s[39m  
  [32;1m✓[39;22m[90m [39m[90mFilament panel denies manager users from managing user accounts @ repetition 16 of 100[39m[90m                      [39m [90m0.48s[39m  
  [32;1m✓[39;22m[90m [39m[90mFilament panel denies manager users from managing user accounts @ repetition 17 of 100[39m[90m                      [39m [90m0.24s[39m  
  [32;1m✓[39;22m[90m [39m[90mFilament panel denies manager users from managing user accounts @ repetition 18 of 100[39m[90m                      [39m [90m0.27s[39m  
  [32;1m✓[39;22m[90m [39m[90mFilament panel denies manager users from managing user accounts @ repetition 19 of 100[39m[90m                      [39m [90m0.24s[39m  
  [32;1m✓[39;22m[90m [39m[90mFilament panel denies manager users from managing user accounts @ repetition 20 of 100[39m[90m                      [39m [90m0.25s[39m  
  [32;1m✓[39;22m[90m [39m[90mFilament panel denies manager users from managing user accounts @ repetition 21 of 100[39m[90m                      [39m [90m0.27s[39m  
  [32;1m✓[39;22m[90m [39m[90mFilament panel denies manager users from managing user accounts @ repetition 22 of 100[39m[90m                      [39m [90m0.32s[39m  
  [32;1m✓[39;22m[90m [39m[90mFilament panel denies manager users from managing user accounts @ repetition 23 of 100[39m[90m                      [39m [90m0.36s[39m  
  [32;1m✓[39;22m[90m [39m[90mFilament panel denies manager users from managing user accounts @ repetition 24 of 100[39m[90m                      [39m [90m0.53s[39m  
  [32;1m✓[39;22m[90m [39m[90mFilament panel denies manager users from managing user accounts @ repetition 25 of 100[39m[90m                      [39m [90m0.27s[39m  
  [32;1m✓[39;22m[90m [39m[90mFilament panel denies manager users from managing user accounts @ repetition 26 of 100[39m[90m                      [39m [90m0.22s[39m  
  [32;1m✓[39;22m[90m [39m[90mFilament panel denies manager users from managing user accounts @ repetition 27 of 100[39m[90m                      [39m [90m0.27s[39m  
  [32;1m✓[39;22m[90m [39m[90mFilament panel denies manager users from managing user accounts @ repetition 28 of 100[39m[90m                      [39m [90m0.29s[39m  
  [32;1m✓[39;22m[90m [39m[90mFilament panel denies manager users from managing user accounts @ repetition 29 of 100[39m[90m                      [39m [90m0.26s[39m  
  [32;1m✓[39;22m[90m [39m[90mFilament panel denies manager users from managing user accounts @ repetition 30 of 100[39m[90m                      [39m [90m0.23s[39m  
  [32;1m✓[39;22m[90m [39m[90mFilament panel denies manager users from managing user accounts @ repetition 31 of 100[39m[90m                      [39m [90m0.25s[39m  
  [32;1m✓[39;22m[90m [39m[90mFilament panel denies manager users from managing user accounts @ repetition 32 of 100[39m[90m                      [39m [90m0.53s[39m  
  [32;1m✓[39;22m[90m [39m[90mFilament panel denies manager users from managing user accounts @ repetition 33 of 100[39m[90m                      [39m [90m0.24s[39m  
  [32;1m✓[39;22m[90m [39m[90mFilament panel denies manager users from managing user accounts @ repetition 34 of 100[39m[90m                      [39m [90m0.23s[39m  
  [32;1m✓[39;22m[90m [39m[90mFilament panel denies manager users from managing user accounts @ repetition 35 of 100[39m[90m                      [39m [90m0.22s[39m  
  [32;1m✓[39;22m[90m [39m[90mFilament panel denies manager users from managing user accounts @ repetition 36 of 100[39m[90m                      [39m [90m0.24s[39m  
  [32;1m✓[39;22m[90m [39m[90mFilament panel denies manager users from managing user accounts @ repetition 37 of 100[39m[90m                      [39m [90m0.28s[39m  
  [32;1m✓[39;22m[90m [39m[90mFilament panel denies manager users from managing user accounts @ repetition 38 of 100[39m[90m                      [39m [90m0.20s[39m  
  [32;1m✓[39;22m[90m [39m[90mFilament panel denies manager users from managing user accounts @ repetition 39 of 100[39m[90m                      [39m [90m0.21s[39m  
  [32;1m✓[39;22m[90m [39m[90mFilament panel denies manager users from managing user accounts @ repetition 40 of 100[39m[90m                      [39m [90m0.49s[39m  
  [32;1m✓[39;22m[90m [39m[90mFilament panel denies manager users from managing user accounts @ repetition 41 of 100[39m[90m                      [39m [90m0.22s[39m  
  [32;1m✓[39;22m[90m [39m[90mFilament panel denies manager users from managing user accounts @ repetition 42 of 100[39m[90m                      [39m [90m0.26s[39m  
  [32;1m✓[39;22m[90m [39m[90mFilament panel denies manager users from managing user accounts @ repetition 43 of 100[39m[90m                      [39m [90m0.27s[39m  
  [32;1m✓[39;22m[90m [39m[90mFilament panel denies manager users from managing user accounts @ repetition 44 of 100[39m[90m                      [39m [90m0.24s[39m  
  [32;1m✓[39;22m[90m [39m[90mFilament panel denies manager users from managing user accounts @ repetition 45 of 100[39m[90m                      [39m [90m0.22s[39m  
  [32;1m✓[39;22m[90m [39m[90mFilament panel denies manager users from managing user accounts @ repetition 46 of 100[39m[90m                      [39m [90m0.23s[39m  
  [32;1m✓[39;22m[90m [39m[90mFilament panel denies manager users from managing user accounts @ repetition 47 of 100[39m[90m                      [39m [90m0.26s[39m  
  [32;1m✓[39;22m[90m [39m[90mFilament panel denies manager users from managing user accounts @ repetition 48 of 100[39m[90m                      [39m [90m0.50s[39m  
  [32;1m✓[39;22m[90m [39m[90mFilament panel denies manager users from managing user accounts @ repetition 49 of 100[39m[90m                      [39m [90m0.28s[39m  
  [32;1m✓[39;22m[90m [39m[90mFilament panel denies manager users from managing user accounts @ repetition 50 of 100[39m[90m                      [39m [90m0.25s[39m  
  [32;1m✓[39;22m[90m [39m[90mFilament panel denies manager users from managing user accounts @ repetition 51 of 100[39m[90m                      [39m [90m0.21s[39m  
  [32;1m✓[39;22m[90m [39m[90mFilament panel denies manager users from managing user accounts @ repetition 52 of 100[39m[90m                      [39m [90m0.24s[39m  
  [32;1m✓[39;22m[90m [39m[90mFilament panel denies manager users from managing user accounts @ repetition 53 of 100[39m[90m                      [39m [90m0.25s[39m  
  [32;1m✓[39;22m[90m [39m[90mFilament panel denies manager users from managing user accounts @ repetition 54 of 100[39m[90m                      [39m [90m0.25s[39m  
  [32;1m✓[39;22m[90m [39m[90mFilament panel denies manager users from managing user accounts @ repetition 55 of 100[39m[90m                      [39m [90m0.27s[39m  
  [32;1m✓[39;22m[90m [39m[90mFilament panel denies manager users from managing user accounts @ repetition 56 of 100[39m[90m                      [39m [90m0.55s[39m  
  [32;1m✓[39;22m[90m [39m[90mFilament panel denies manager users from managing user accounts @ repetition 57 of 100[39m[90m                      [39m [90m0.27s[39m  
  [32;1m✓[39;22m[90m [39m[90mFilament panel denies manager users from managing user accounts @ repetition 58 of 100[39m[90m                      [39m [90m0.25s[39m  
  [32;1m✓[39;22m[90m [39m[90mFilament panel denies manager users from managing user accounts @ repetition 59 of 100[39m[90m                      [39m [90m0.25s[39m  
  [32;1m✓[39;22m[90m [39m[90mFilament panel denies manager users from managing user accounts @ repetition 60 of 100[39m[90m                      [39m [90m0.23s[39m  
  [32;1m✓[39;22m[90m [39m[90mFilament panel denies manager users from managing user accounts @ repetition 61 of 100[39m[90m                      [39m [90m0.26s[39m  
  [32;1m✓[39;22m[90m [39m[90mFilament panel denies manager users from managing user accounts @ repetition 62 of 100[39m[90m                      [39m [90m0.22s[39m  
  [32;1m✓[39;22m[90m [39m[90mFilament panel denies manager users from managing user accounts @ repetition 63 of 100[39m[90m                      [39m [90m0.27s[39m  
  [32;1m✓[39;22m[90m [39m[90mFilament panel denies manager users from managing user accounts @ repetition 64 of 100[39m[90m                      [39m [90m0.51s[39m  
  [32;1m✓[39;22m[90m [39m[90mFilament panel denies manager users from managing user accounts @ repetition 65 of 100[39m[90m                      [39m [90m0.29s[39m  
  [32;1m✓[39;22m[90m [39m[90mFilament panel denies manager users from managing user accounts @ repetition 66 of 100[39m[90m                      [39m [90m0.23s[39m  
  [32;1m✓[39;22m[90m [39m[90mFilament panel denies manager users from managing user accounts @ repetition 67 of 100[39m[90m                      [39m [90m0.28s[39m  
  [32;1m✓[39;22m[90m [39m[90mFilament panel denies manager users from managing user accounts @ repetition 68 of 100[39m[90m                      [39m [90m0.23s[39m  
  [32;1m✓[39;22m[90m [39m[90mFilament panel denies manager users from managing user accounts @ repetition 69 of 100[39m[90m                      [39m [90m0.28s[39m  
  [32;1m✓[39;22m[90m [39m[90mFilament panel denies manager users from managing user accounts @ repetition 70 of 100[39m[90m                      [39m [90m0.23s[39m  
  [32;1m✓[39;22m[90m [39m[90mFilament panel denies manager users from managing user accounts @ repetition 71 of 100[39m[90m                      [39m [90m0.26s[39m  
  [32;1m✓[39;22m[90m [39m[90mFilament panel denies manager users from managing user accounts @ repetition 72 of 100[39m[90m                      [39m [90m0.55s[39m  
  [32;1m✓[39;22m[90m [39m[90mFilament panel denies manager users from managing user accounts @ repetition 73 of 100[39m[90m                      [39m [90m0.20s[39m  
  [32;1m✓[39;22m[90m [39m[90mFilament panel denies manager users from managing user accounts @ repetition 74 of 100[39m[90m                      [39m [90m0.25s[39m  
  [32;1m✓[39;22m[90m [39m[90mFilament panel denies manager users from managing user accounts @ repetition 75 of 100[39m[90m                      [39m [90m0.24s[39m  
  [32;1m✓[39;22m[90m [39m[90mFilament panel denies manager users from managing user accounts @ repetition 76 of 100[39m[90m                      [39m [90m0.26s[39m  
  [32;1m✓[39;22m[90m [39m[90mFilament panel denies manager users from managing user accounts @ repetition 77 of 100[39m[90m                      [39m [90m0.30s[39m  
  [32;1m✓[39;22m[90m [39m[90mFilament panel denies manager users from managing user accounts @ repetition 78 of 100[39m[90m                      [39m [90m0.23s[39m  
  [32;1m✓[39;22m[90m [39m[90mFilament panel denies manager users from managing user accounts @ repetition 79 of 100[39m[90m                      [39m [90m0.23s[39m  
  [32;1m✓[39;22m[90m [39m[90mFilament panel denies manager users from managing user accounts @ repetition 80 of 100[39m[90m                      [39m [90m0.59s[39m  
  [32;1m✓[39;22m[90m [39m[90mFilament panel denies manager users from managing user accounts @ repetition 81 of 100[39m[90m                      [39m [90m0.28s[39m  
  [32;1m✓[39;22m[90m [39m[90mFilament panel denies manager users from managing user accounts @ repetition 82 of 100[39m[90m                      [39m [90m0.30s[39m  
  [32;1m✓[39;22m[90m [39m[90mFilament panel denies manager users from managing user accounts @ repetition 83 of 100[39m[90m                      [39m [90m0.25s[39m  
  [32;1m✓[39;22m[90m [39m[90mFilament panel denies manager users from managing user accounts @ repetition 84 of 100[39m[90m                      [39m [90m0.28s[39m  
  [32;1m✓[39;22m[90m [39m[90mFilament panel denies manager users from managing user accounts @ repetition 85 of 100[39m[90m                      [39m [90m0.30s[39m  
  [32;1m✓[39;22m[90m [39m[90mFilament panel denies manager users from managing user accounts @ repetition 86 of 100[39m[90m                      [39m [90m0.27s[39m  
  [32;1m✓[39;22m[90m [39m[90mFilament panel denies manager users from managing user accounts @ repetition 87 of 100[39m[90m                      [39m [90m0.22s[39m  
  [32;1m✓[39;22m[90m [39m[90mFilament panel denies manager users from managing user accounts @ repetition 88 of 100[39m[90m                      [39m [90m0.62s[39m  
  [32;1m✓[39;22m[90m [39m[90mFilament panel denies manager users from managing user accounts @ repetition 89 of 100[39m[90m                      [39m [90m0.29s[39m  
  [32;1m✓[39;22m[90m [39m[90mFilament panel denies manager users from managing user accounts @ repetition 90 of 100[39m[90m                      [39m [90m0.26s[39m  
  [32;1m✓[39;22m[90m [39m[90mFilament panel denies manager users from managing user accounts @ repetition 91 of 100[39m[90m                      [39m [90m0.24s[39m  
  [32;1m✓[39;22m[90m [39m[90mFilament panel denies manager users from managing user accounts @ repetition 92 of 100[39m[90m                      [39m [90m0.21s[39m  
  [32;1m✓[39;22m[90m [39m[90mFilament panel denies manager users from managing user accounts @ repetition 93 of 100[39m[90m                      [39m [90m0.23s[39m  
  [32;1m✓[39;22m[90m [39m[90mFilament panel denies manager users from managing user accounts @ repetition 94 of 100[39m[90m                      [39m [90m0.25s[39m  
  [32;1m✓[39;22m[90m [39m[90mFilament panel denies manager users from managing user accounts @ repetition 95 of 100[39m[90m                      [39m [90m0.23s[39m  
  [32;1m✓[39;22m[90m [39m[90mFilament panel denies manager users from managing user accounts @ repetition 96 of 100[39m[90m                      [39m [90m0.50s[39m  
  [32;1m✓[39;22m[90m [39m[90mFilament panel denies manager users from managing user accounts @ repetition 97 of 100[39m[90m                      [39m [90m0.25s[39m  
  [32;1m✓[39;22m[90m [39m[90mFilament panel denies manager users from managing user accounts @ repetition 98 of 100[39m[90m                      [39m [90m0.31s[39m  
  [32;1m✓[39;22m[90m [39m[90mFilament panel denies manager users from managing user accounts @ repetition 99 of 100[39m[90m                      [39m [90m0.28s[39m  
  [32;1m✓[39;22m[90m [39m[90mFilament panel denies manager users from managing user accounts @ repetition 100 of 100[39m[90m                     [39m [90m0.28s[39m  

  [39;41;1m FAIL [39;49;22m[39m Tests\Feature\FilamentBuildingPropertyRelationshipVisibilityPropertyTest[39m
  [31;1m⨯[39;22m[90m [39m[90mBuildingResource displays all associated properties in relationship manager @ repetition 1 of 100[39m[90m          [39m [90m17.34s[39m  
  [32;1m✓[39;22m[90m [39m[90mBuildingResource displays all associated properties in relationship manager @ repetition 2 of 100[39m[90m           [39m [90m0.73s[39m  
  [32;1m✓[39;22m[90m [39m[90mBuildingResource displays all associated properties in relationship manager @ repetition 3 of 100[39m[90m           [39m [90m0.58s[39m  
  [32;1m✓[39;22m[90m [39m[90mBuildingResource displays all associated properties in relationship manager @ repetition 4 of 100[39m[90m           [39m [90m0.70s[39m  
  [32;1m✓[39;22m[90m [39m[90mBuildingResource displays all associated properties in relationship manager @ repetition 5 of 100[39m[90m           [39m [90m0.82s[39m  
  [32;1m✓[39;22m[90m [39m[90mBuildingResource displays all associated properties in relationship manager @ repetition 6 of 100[39m[90m           [39m [90m0.70s[39m  
  [32;1m✓[39;22m[90m [39m[90mBuildingResource displays all associated properties in relationship manager @ repetition 7 of 100[39m[90m           [39m [90m0.72s[39m  
  [32;1m✓[39;22m[90m [39m[90mBuildingResource displays all associated properties in relationship manager @ repetition 8 of 100[39m[90m           [39m [90m0.71s[39m  
  [32;1m✓[39;22m[90m [39m[90mBuildingResource displays all associated properties in relationship manager @ repetition 9 of 100[39m[90m           [39m [90m0.55s[39m  
  [31;1m⨯[39;22m[90m [39m[90mBuildingResource displays all associated properties in relationship manager @ repetition 10 of 100[39m[90m          [39m [90m0.73s[39m  
  [32;1m✓[39;22m[90m [39m[90mBuildingResource displays all associated properties in relationship manager @ repetition 11 of 100[39m[90m          [39m [90m0.76s[39m  
  [32;1m✓[39;22m[90m [39m[90mBuildingResource displays all associated properties in relationship manager @ repetition 12 of 100[39m[90m          [39m [90m0.58s[39m  
  [31;1m⨯[39;22m[90m [39m[90mBuildingResource displays all associated properties in relationship manager @ repetition 13 of 100[39m[90m          [39m [90m0.78s[39m  
  [32;1m✓[39;22m[90m [39m[90mBuildingResource displays all associated properties in relationship manager @ repetition 14 of 100[39m[90m          [39m [90m0.68s[39m  
  [32;1m✓[39;22m[90m [39m[90mBuildingResource displays all associated properties in relationship manager @ repetition 15 of 100[39m[90m          [39m [90m0.66s[39m  
  [32;1m✓[39;22m[90m [39m[90mBuildingResource displays all associated properties in relationship manager @ repetition 16 of 100[39m[90m          [39m [90m0.64s[39m  
  [31;1m⨯[39;22m[90m [39m[90mBuildingResource displays all associated properties in relationship manager @ repetition 17 of 100[39m[90m          [39m [90m0.74s[39m  
  [32;1m✓[39;22m[90m [39m[90mBuildingResource displays all associated properties in relationship manager @ repetition 18 of 100[39m[90m          [39m [90m0.65s[39m  
  [32;1m✓[39;22m[90m [39m[90mBuildingResource displays all associated properties in relationship manager @ repetition 19 of 100[39m[90m          [39m [90m0.63s[39m  
  [32;1m✓[39;22m[90m [39m[90mBuildingResource displays all associated properties in relationship manager @ repetition 20 of 100[39m[90m          [39m [90m0.61s[39m  
  [32;1m✓[39;22m[90m [39m[90mBuildingResource displays all associated properties in relationship manager @ repetition 21 of 100[39m[90m          [39m [90m0.70s[39m  
  [32;1m✓[39;22m[90m [39m[90mBuildingResource displays all associated properties in relationship manager @ repetition 22 of 100[39m[90m          [39m [90m0.63s[39m  
  [31;1m⨯[39;22m[90m [39m[90mBuildingResource displays all associated properties in relationship manager @ repetition 23 of 100[39m[90m          [39m [90m0.69s[39m  
  [32;1m✓[39;22m[90m [39m[90mBuildingResource displays all associated properties in relationship manager @ repetition 24 of 100[39m[90m          [39m [90m0.71s[39m  
  [32;1m✓[39;22m[90m [39m[90mBuildingResource displays all associated properties in relationship manager @ repetition 25 of 100[39m[90m          [39m [90m0.70s[39m  
  [32;1m✓[39;22m[90m [39m[90mBuildingResource displays all associated properties in relationship manager @ repetition 26 of 100[39m[90m          [39m [90m0.68s[39m  
  [31;1m⨯[39;22m[90m [39m[90mBuildingResource displays all associated properties in relationship manager @ repetition 27 of 100[39m[90m          [39m [90m0.68s[39m  
  [31;1m⨯[39;22m[90m [39m[90mBuildingResource displays all associated properties in relationship manager @ repetition 28 of 100[39m[90m          [39m [90m0.75s[39m  
  [31;1m⨯[39;22m[90m [39m[90mBuildingResource displays all associated properties in relationship manager @ repetition 29 of 100[39m[90m          [39m [90m0.67s[39m  
  [32;1m✓[39;22m[90m [39m[90mBuildingResource displays all associated properties in relationship manager @ repetition 30 of 100[39m[90m          [39m [90m0.67s[39m  
  [32;1m✓[39;22m[90m [39m[90mBuildingResource displays all associated properties in relationship manager @ repetition 31 of 100[39m[90m          [39m [90m0.66s[39m  
  [32;1m✓[39;22m[90m [39m[90mBuildingResource displays all associated properties in relationship manager @ repetition 32 of 100[39m[90m          [39m [90m0.64s[39m  
  [32;1m✓[39;22m[90m [39m[90mBuildingResource displays all associated properties in relationship manager @ repetition 33 of 100[39m[90m          [39m [90m0.67s[39m  
  [32;1m✓[39;22m[90m [39m[90mBuildingResource displays all associated properties in relationship manager @ repetition 34 of 100[39m[90m          [39m [90m0.57s[39m  
  [32;1m✓[39;22m[90m [39m[90mBuildingResource displays all associated properties in relationship manager @ repetition 35 of 100[39m[90m          [39m [90m0.57s[39m  
  [32;1m✓[39;22m[90m [39m[90mBuildingResource displays all associated properties in relationship manager @ repetition 36 of 100[39m[90m          [39m [90m0.66s[39m  
  [32;1m✓[39;22m[90m [39m[90mBuildingResource displays all associated properties in relationship manager @ repetition 37 of 100[39m[90m          [39m [90m0.68s[39m  
  [31;1m⨯[39;22m[90m [39m[90mBuildingResource displays all associated properties in relationship manager @ repetition 38 of 100[39m[90m          [39m [90m0.75s[39m  
  [32;1m✓[39;22m[90m [39m[90mBuildingResource displays all associated properties in relationship manager @ repetition 39 of 100[39m[90m          [39m [90m0.61s[39m  
  [32;1m✓[39;22m[90m [39m[90mBuildingResource displays all associated properties in relationship manager @ repetition 40 of 100[39m[90m          [39m [90m0.66s[39m  
  [32;1m✓[39;22m[90m [39m[90mBuildingResource displays all associated properties in relationship manager @ repetition 41 of 100[39m[90m          [39m [90m0.64s[39m  
  [31;1m⨯[39;22m[90m [39m[90mBuildingResource displays all associated properties in relationship manager @ repetition 42 of 100[39m[90m          [39m [90m0.67s[39m  
  [32;1m✓[39;22m[90m [39m[90mBuildingResource displays all associated properties in relationship manager @ repetition 43 of 100[39m[90m          [39m [90m0.71s[39m  
  [31;1m⨯[39;22m[90m [39m[90mBuildingResource displays all associated properties in relationship manager @ repetition 44 of 100[39m[90m          [39m [90m0.70s[39m  
  [32;1m✓[39;22m[90m [39m[90mBuildingResource displays all associated properties in relationship manager @ repetition 45 of 100[39m[90m          [39m [90m0.71s[39m  
  [31;1m⨯[39;22m[90m [39m[90mBuildingResource displays all associated properties in relationship manager @ repetition 46 of 100[39m[90m          [39m [90m0.77s[39m  
  [32;1m✓[39;22m[90m [39m[90mBuildingResource displays all associated properties in relationship manager @ repetition 47 of 100[39m[90m          [39m [90m0.65s[39m  
  [32;1m✓[39;22m[90m [39m[90mBuildingResource displays all associated properties in relationship manager @ repetition 48 of 100[39m[90m          [39m [90m0.65s[39m  
  [32;1m✓[39;22m[90m [39m[90mBuildingResource displays all associated properties in relationship manager @ repetition 49 of 100[39m[90m          [39m [90m0.68s[39m  
  [31;1m⨯[39;22m[90m [39m[90mBuildingResource displays all associated properties in relationship manager @ repetition 50 of 100[39m[90m          [39m [90m0.76s[39m  
  [31;1m⨯[39;22m[90m [39m[90mBuildingResource displays all associated properties in relationship manager @ repetition 51 of 100[39m[90m          [39m [90m0.79s[39m  
  [32;1m✓[39;22m[90m [39m[90mBuildingResource displays all associated properties in relationship manager @ repetition 52 of 100[39m[90m          [39m [90m0.65s[39m  
  [32;1m✓[39;22m[90m [39m[90mBuildingResource displays all associated properties in relationship manager @ repetition 53 of 100[39m[90m          [39m [90m0.66s[39m  
  [31;1m⨯[39;22m[90m [39m[90mBuildingResource displays all associated properties in relationship manager @ repetition 54 of 100[39m[90m          [39m [90m0.73s[39m  
  [31;1m⨯[39;22m[90m [39m[90mBuildingResource displays all associated properties in relationship manager @ repetition 55 of 100[39m[90m          [39m [90m0.73s[39m  
  [31;1m⨯[39;22m[90m [39m[90mBuildingResource displays all associated properties in relationship manager @ repetition 56 of 100[39m[90m          [39m [90m0.72s[39m  
  [31;1m⨯[39;22m[90m [39m[90mBuildingResource displays all associated properties in relationship manager @ repetition 57 of 100[39m[90m          [39m [90m0.75s[39m  
  [31;1m⨯[39;22m[90m [39m[90mBuildingResource displays all associated properties in relationship manager @ repetition 58 of 100[39m[90m          [39m [90m0.80s[39m  
  [31;1m⨯[39;22m[90m [39m[90mBuildingResource displays all associated properties in relationship manager @ repetition 59 of 100[39m[90m          [39m [90m0.80s[39m  
  [31;1m⨯[39;22m[90m [39m[90mBuildingResource displays all associated properties in relationship manager @ repetition 60 of 100[39m[90m          [39m [90m0.72s[39m  
  [31;1m⨯[39;22m[90m [39m[90mBuildingResource displays all associated properties in relationship manager @ repetition 61 of 100[39m[90m          [39m [90m0.71s[39m  
  [31;1m⨯[39;22m[90m [39m[90mBuildingResource displays all associated properties in relationship manager @ repetition 62 of 100[39m[90m          [39m [90m0.67s[39m  
  [32;1m✓[39;22m[90m [39m[90mBuildingResource displays all associated properties in relationship manager @ repetition 63 of 100[39m[90m          [39m [90m0.69s[39m  
  [31;1m⨯[39;22m[90m [39m[90mBuildingResource displays all associated properties in relationship manager @ repetition 64 of 100[39m[90m          [39m [90m0.84s[39m  
  [31;1m⨯[39;22m[90m [39m[90mBuildingResource displays all associated properties in relationship manager @ repetition 65 of 100[39m[90m          [39m [90m0.80s[39m  
  [32;1m✓[39;22m[90m [39m[90mBuildingResource displays all associated properties in relationship manager @ repetition 66 of 100[39m[90m          [39m [90m0.66s[39m  
  [32;1m✓[39;22m[90m [39m[90mBuildingResource displays all associated properties in relationship manager @ repetition 67 of 100[39m[90m          [39m [90m0.62s[39m  
  [32;1m✓[39;22m[90m [39m[90mBuildingResource displays all associated properties in relationship manager @ repetition 68 of 100[39m[90m          [39m [90m0.62s[39m  
  [32;1m✓[39;22m[90m [39m[90mBuildingResource displays all associated properties in relationship manager @ repetition 69 of 100[39m[90m          [39m [90m0.68s[39m  
  [32;1m✓[39;22m[90m [39m[90mBuildingResource displays all associated properties in relationship manager @ repetition 70 of 100[39m[90m          [39m [90m0.69s[39m  
  [31;1m⨯[39;22m[90m [39m[90mBuildingResource displays all associated properties in relationship manager @ repetition 71 of 100[39m[90m          [39m [90m0.83s[39m  
  [32;1m✓[39;22m[90m [39m[90mBuildingResource displays all associated properties in relationship manager @ repetition 72 of 100[39m[90m          [39m [90m0.69s[39m  
  [32;1m✓[39;22m[90m [39m[90mBuildingResource displays all associated properties in relationship manager @ repetition 73 of 100[39m[90m          [39m [90m0.76s[39m  
  [32;1m✓[39;22m[90m [39m[90mBuildingResource displays all associated properties in relationship manager @ repetition 74 of 100[39m[90m          [39m [90m0.68s[39m  
  [32;1m✓[39;22m[90m [39m[90mBuildingResource displays all associated properties in relationship manager @ repetition 75 of 100[39m[90m          [39m [90m0.69s[39m  
  [31;1m⨯[39;22m[90m [39m[90mBuildingResource displays all associated properties in relationship manager @ repetition 76 of 100[39m[90m          [39m [90m0.68s[39m  
  [32;1m✓[39;22m[90m [39m[90mBuildingResource displays all associated properties in relationship manager @ repetition 77 of 100[39m[90m          [39m [90m0.74s[39m  
  [32;1m✓[39;22m[90m [39m[90mBuildingResource displays all associated properties in relationship manager @ repetition 78 of 100[39m[90m          [39m [90m0.63s[39m  
  [31;1m⨯[39;22m[90m [39m[90mBuildingResource displays all associated properties in relationship manager @ repetition 79 of 100[39m[90m          [39m [90m0.70s[39m  
  [31;1m⨯[39;22m[90m [39m[90mBuildingResource displays all associated properties in relationship manager @ repetition 80 of 100[39m[90m          [39m [90m0.67s[39m  
  [31;1m⨯[39;22m[90m [39m[90mBuildingResource displays all associated properties in relationship manager @ repetition 81 of 100[39m[90m          [39m [90m0.73s[39m  
  [32;1m✓[39;22m[90m [39m[90mBuildingResource displays all associated properties in relationship manager @ repetition 82 of 100[39m[90m          [39m [90m0.71s[39m  
  [32;1m✓[39;22m[90m [39m[90mBuildingResource displays all associated properties in relationship manager @ repetition 83 of 100[39m[90m          [39m [90m0.71s[39m  
  [32;1m✓[39;22m[90m [39m[90mBuildingResource displays all associated properties in relationship manager @ repetition 84 of 100[39m[90m          [39m [90m0.57s[39m  
  [32;1m✓[39;22m[90m [39m[90mBuildingResource displays all associated properties in relationship manager @ repetition 85 of 100[39m[90m          [39m [90m0.73s[39m  
  [32;1m✓[39;22m[90m [39m[90mBuildingResource displays all associated properties in relationship manager @ repetition 86 of 100[39m[90m          [39m [90m0.64s[39m  
  [31;1m⨯[39;22m[90m [39m[90mBuildingResource displays all associated properties in relationship manager @ repetition 87 of 100[39m[90m          [39m [90m0.69s[39m  
  [32;1m✓[39;22m[90m [39m[90mBuildingResource displays all associated properties in relationship manager @ repetition 88 of 100[39m[90m          [39m [90m0.61s[39m  
  [31;1m⨯[39;22m[90m [39m[90mBuildingResource displays all associated properties in relationship manager @ repetition 89 of 100[39m[90m          [39m [90m0.69s[39m  
  [32;1m✓[39;22m[90m [39m[90mBuildingResource displays all associated properties in relationship manager @ repetition 90 of 100[39m[90m          [39m [90m0.65s[39m  
  [32;1m✓[39;22m[90m [39m[90mBuildingResource displays all associated properties in relationship manager @ repetition 91 of 100[39m[90m          [39m [90m0.59s[39m  
  [31;1m⨯[39;22m[90m [39m[90mBuildingResource displays all associated properties in relationship manager @ repetition 92 of 100[39m[90m          [39m [90m0.69s[39m  
  [31;1m⨯[39;22m[90m [39m[90mBuildingResource displays all associated properties in relationship manager @ repetition 93 of 100[39m[90m          [39m [90m0.66s[39m  
  [31;1m⨯[39;22m[90m [39m[90mBuildingResource displays all associated properties in relationship manager @ repetition 94 of 100[39m[90m          [39m [90m0.79s[39m  
  [32;1m✓[39;22m[90m [39m[90mBuildingResource displays all associated properties in relationship manager @ repetition 95 of 100[39m[90m          [39m [90m0.62s[39m  
  [32;1m✓[39;22m[90m [39m[90mBuildingResource displays all associated properties in relationship manager @ repetition 96 of 100[39m[90m          [39m [90m0.63s[39m  
  [31;1m⨯[39;22m[90m [39m[90mBuildingResource displays all associated properties in relationship manager @ repetition 97 of 100[39m[90m          [39m [90m0.68s[39m  
  [32;1m✓[39;22m[90m [39m[90mBuildingResource displays all associated properties in relationship manager @ repetition 98 of 100[39m[90m          [39m [90m0.57s[39m  
  [31;1m⨯[39;22m[90m [39m[90mBuildingResource displays all associated properties in relationship manager @ repetition 99 of 100[39m[90m          [39m [90m0.68s[39m  
  [32;1m✓[39;22m[90m [39m[90mBuildingResource displays all associated properties in relationship manager @ repetition 100 of 100[39m[90m         [39m [90m0.70s[39m  
  [32;1m✓[39;22m[90m [39m[90mBuildingResource displays properties even when building has no properties @ repetition 1 of 100[39m[90m             [39m [90m0.39s[39m  
  [32;1m✓[39;22m[90m [39m[90mBuildingResource displays properties even when building has no properties @ repetition 2 of 100[39m[90m             [39m [90m0.55s[39m  
  [32;1m✓[39;22m[90m [39m[90mBuildingResource displays properties even when building has no properties @ repetition 3 of 100[39m[90m             [39m [90m0.55s[39m  
  [32;1m✓[39;22m[90m [39m[90mBuildingResource displays properties even when building has no properties @ repetition 4 of 100[39m[90m             [39m [90m0.57s[39m  
  [32;1m✓[39;22m[90m [39m[90mBuildingResource displays properties even when building has no properties @ repetition 5 of 100[39m[90m             [39m [90m0.51s[39m  
  [32;1m✓[39;22m[90m [39m[90mBuildingResource displays properties even when building has no properties @ repetition 6 of 100[39m[90m             [39m [90m0.54s[39m  
  [32;1m✓[39;22m[90m [39m[90mBuildingResource displays properties even when building has no properties @ repetition 7 of 100[39m[90m             [39m [90m0.57s[39m  
  [32;1m✓[39;22m[90m [39m[90mBuildingResource displays properties even when building has no properties @ repetition 8 of 100[39m[90m             [39m [90m0.59s[39m  
  [32;1m✓[39;22m[90m [39m[90mBuildingResource displays properties even when building has no properties @ repetition 9 of 100[39m[90m             [39m [90m0.59s[39m  
  [32;1m✓[39;22m[90m [39m[90mBuildingResource displays properties even when building has no properties @ repetition 10 of 100[39m[90m            [39m [90m0.61s[39m  
  [32;1m✓[39;22m[90m [39m[90mBuildingResource displays properties even when building has no properties @ repetition 11 of 100[39m[90m            [39m [90m0.60s[39m  
  [32;1m✓[39;22m[90m [39m[90mBuildingResource displays properties even when building has no properties @ repetition 12 of 100[39m[90m            [39m [90m0.55s[39m  
  [32;1m✓[39;22m[90m [39m[90mBuildingResource displays properties even when building has no properties @ repetition 13 of 100[39m[90m            [39m [90m0.53s[39m  
  [32;1m✓[39;22m[90m [39m[90mBuildingResource displays properties even when building has no properties @ repetition 14 of 100[39m[90m            [39m [90m0.61s[39m  
  [32;1m✓[39;22m[90m [39m[90mBuildingResource displays properties even when building has no properties @ repetition 15 of 100[39m[90m            [39m [90m0.62s[39m  
  [32;1m✓[39;22m[90m [39m[90mBuildingResource displays properties even when building has no properties @ repetition 16 of 100[39m[90m            [39m [90m0.59s[39m  
  [32;1m✓[39;22m[90m [39m[90mBuildingResource displays properties even when building has no properties @ repetition 17 of 100[39m[90m            [39m [90m0.60s[39m  
  [32;1m✓[39;22m[90m [39m[90mBuildingResource displays properties even when building has no properties @ repetition 18 of 100[39m[90m            [39m [90m0.55s[39m  
  [32;1m✓[39;22m[90m [39m[90mBuildingResource displays properties even when building has no properties @ repetition 19 of 100[39m[90m            [39m [90m0.58s[39m  
  [32;1m✓[39;22m[90m [39m[90mBuildingResource displays properties even when building has no properties @ repetition 20 of 100[39m[90m            [39m [90m0.55s[39m  
  [32;1m✓[39;22m[90m [39m[90mBuildingResource displays properties even when building has no properties @ repetition 21 of 100[39m[90m            [39m [90m0.59s[39m  
  [32;1m✓[39;22m[90m [39m[90mBuildingResource displays properties even when building has no properties @ repetition 22 of 100[39m[90m            [39m [90m0.55s[39m  
  [32;1m✓[39;22m[90m [39m[90mBuildingResource displays properties even when building has no properties @ repetition 23 of 100[39m[90m            [39m [90m0.54s[39m  
  [32;1m✓[39;22m[90m [39m[90mBuildingResource displays properties even when building has no properties @ repetition 24 of 100[39m[90m            [39m [90m0.59s[39m  
  [32;1m✓[39;22m[90m [39m[90mBuildingResource displays properties even when building has no properties @ repetition 25 of 100[39m[90m            [39m [90m0.49s[39m  
  [32;1m✓[39;22m[90m [39m[90mBuildingResource displays properties even when building has no properties @ repetition 26 of 100[39m[90m            [39m [90m0.52s[39m  
  [32;1m✓[39;22m[90m [39m[90mBuildingResource displays properties even when building has no properties @ repetition 27 of 100[39m[90m            [39m [90m0.54s[39m  
  [32;1m✓[39;22m[90m [39m[90mBuildingResource displays properties even when building has no properties @ repetition 28 of 100[39m[90m            [39m [90m0.54s[39m  
  [32;1m✓[39;22m[90m [39m[90mBuildingResource displays properties even when building has no properties @ repetition 29 of 100[39m[90m            [39m [90m0.66s[39m  
  [32;1m✓[39;22m[90m [39m[90mBuildingResource displays properties even when building has no properties @ repetition 30 of 100[39m[90m            [39m [90m0.68s[39m  
  [32;1m✓[39;22m[90m [39m[90mBuildingResource displays properties even when building has no properties @ repetition 31 of 100[39m[90m            [39m [90m0.61s[39m  
  [32;1m✓[39;22m[90m [39m[90mBuildingResource displays properties even when building has no properties @ repetition 32 of 100[39m[90m            [39m [90m0.57s[39m  
  [32;1m✓[39;22m[90m [39m[90mBuildingResource displays properties even when building has no properties @ repetition 33 of 100[39m[90m            [39m [90m0.64s[39m  
  [32;1m✓[39;22m[90m [39m[90mBuildingResource displays properties even when building has no properties @ repetition 34 of 100[39m[90m            [39m [90m0.55s[39m  
  [32;1m✓[39;22m[90m [39m[90mBuildingResource displays properties even when building has no properties @ repetition 35 of 100[39m[90m            [39m [90m0.51s[39m  
  [32;1m✓[39;22m[90m [39m[90mBuildingResource displays properties even when building has no properties @ repetition 36 of 100[39m[90m            [39m [90m0.60s[39m  
  [32;1m✓[39;22m[90m [39m[90mBuildingResource displays properties even when building has no properties @ repetition 37 of 100[39m[90m            [39m [90m0.55s[39m  
  [32;1m✓[39;22m[90m [39m[90mBuildingResource displays properties even when building has no properties @ repetition 38 of 100[39m[90m            [39m [90m0.53s[39m  
  [32;1m✓[39;22m[90m [39m[90mBuildingResource displays properties even when building has no properties @ repetition 39 of 100[39m[90m            [39m [90m0.57s[39m  
  [32;1m✓[39;22m[90m [39m[90mBuildingResource displays properties even when building has no properties @ repetition 40 of 100[39m[90m            [39m [90m0.57s[39m  
  [32;1m✓[39;22m[90m [39m[90mBuildingResource displays properties even when building has no properties @ repetition 41 of 100[39m[90m            [39m [90m0.51s[39m  
  [32;1m✓[39;22m[90m [39m[90mBuildingResource displays properties even when building has no properties @ repetition 42 of 100[39m[90m            [39m [90m0.52s[39m  
  [32;1m✓[39;22m[90m [39m[90mBuildingResource displays properties even when building has no properties @ repetition 43 of 100[39m[90m            [39m [90m0.59s[39m  
  [32;1m✓[39;22m[90m [39m[90mBuildingResource displays properties even when building has no properties @ repetition 44 of 100[39m[90m            [39m [90m0.60s[39m  
  [32;1m✓[39;22m[90m [39m[90mBuildingResource displays properties even when building has no properties @ repetition 45 of 100[39m[90m            [39m [90m0.56s[39m  
  [32;1m✓[39;22m[90m [39m[90mBuildingResource displays properties even when building has no properties @ repetition 46 of 100[39m[90m            [39m [90m0.52s[39m  
  [32;1m✓[39;22m[90m [39m[90mBuildingResource displays properties even when building has no properties @ repetition 47 of 100[39m[90m            [39m [90m0.55s[39m  
  [32;1m✓[39;22m[90m [39m[90mBuildingResource displays properties even when building has no properties @ repetition 48 of 100[39m[90m            [39m [90m0.50s[39m  
  [32;1m✓[39;22m[90m [39m[90mBuildingResource displays properties even when building has no properties @ repetition 49 of 100[39m[90m            [39m [90m0.61s[39m  
  [32;1m✓[39;22m[90m [39m[90mBuildingResource displays properties even when building has no properties @ repetition 50 of 100[39m[90m            [39m [90m0.54s[39m  
  [32;1m✓[39;22m[90m [39m[90mBuildingResource displays properties even when building has no properties @ repetition 51 of 100[39m[90m            [39m [90m0.58s[39m  
  [32;1m✓[39;22m[90m [39m[90mBuildingResource displays properties even when building has no properties @ repetition 52 of 100[39m[90m            [39m [90m0.57s[39m  
  [32;1m✓[39;22m[90m [39m[90mBuildingResource displays properties even when building has no properties @ repetition 53 of 100[39m[90m            [39m [90m0.59s[39m  
  [32;1m✓[39;22m[90m [39m[90mBuildingResource displays properties even when building has no properties @ repetition 54 of 100[39m[90m            [39m [90m0.55s[39m  
  [32;1m✓[39;22m[90m [39m[90mBuildingResource displays properties even when building has no properties @ repetition 55 of 100[39m[90m            [39m [90m0.64s[39m  
  [32;1m✓[39;22m[90m [39m[90mBuildingResource displays properties even when building has no properties @ repetition 56 of 100[39m[90m            [39m [90m0.64s[39m  
  [32;1m✓[39;22m[90m [39m[90mBuildingResource displays properties even when building has no properties @ repetition 57 of 100[39m[90m            [39m [90m0.53s[39m  
  [32;1m✓[39;22m[90m [39m[90mBuildingResource displays properties even when building has no properties @ repetition 58 of 100[39m[90m            [39m [90m0.56s[39m  
  [32;1m✓[39;22m[90m [39m[90mBuildingResource displays properties even when building has no properties @ repetition 59 of 100[39m[90m            [39m [90m0.58s[39m  
  [32;1m✓[39;22m[90m [39m[90mBuildingResource displays properties even when building has no properties @ repetition 60 of 100[39m[90m            [39m [90m0.59s[39m  
  [32;1m✓[39;22m[90m [39m[90mBuildingResource displays properties even when building has no properties @ repetition 61 of 100[39m[90m            [39m [90m0.57s[39m  
  [32;1m✓[39;22m[90m [39m[90mBuildingResource displays properties even when building has no properties @ repetition 62 of 100[39m[90m            [39m [90m0.56s[39m  
  [32;1m✓[39;22m[90m [39m[90mBuildingResource displays properties even when building has no properties @ repetition 63 of 100[39m[90m            [39m [90m0.60s[39m  
  [32;1m✓[39;22m[90m [39m[90mBuildingResource displays properties even when building has no properties @ repetition 64 of 100[39m[90m            [39m [90m0.53s[39m  
  [32;1m✓[39;22m[90m [39m[90mBuildingResource displays properties even when building has no properties @ repetition 65 of 100[39m[90m            [39m [90m0.56s[39m  
  [32;1m✓[39;22m[90m [39m[90mBuildingResource displays properties even when building has no properties @ repetition 66 of 100[39m[90m            [39m [90m0.56s[39m  
  [32;1m✓[39;22m[90m [39m[90mBuildingResource displays properties even when building has no properties @ repetition 67 of 100[39m[90m            [39m [90m0.56s[39m  
  [32;1m✓[39;22m[90m [39m[90mBuildingResource displays properties even when building has no properties @ repetition 68 of 100[39m[90m            [39m [90m0.65s[39m  
  [32;1m✓[39;22m[90m [39m[90mBuildingResource displays properties even when building has no properties @ repetition 69 of 100[39m[90m            [39m [90m0.62s[39m  
  [32;1m✓[39;22m[90m [39m[90mBuildingResource displays properties even when building has no properties @ repetition 70 of 100[39m[90m            [39m [90m0.69s[39m  
  [32;1m✓[39;22m[90m [39m[90mBuildingResource displays properties even when building has no properties @ repetition 71 of 100[39m[90m            [39m [90m0.58s[39m  
  [32;1m✓[39;22m[90m [39m[90mBuildingResource displays properties even when building has no properties @ repetition 72 of 100[39m[90m            [39m [90m0.60s[39m  
  [32;1m✓[39;22m[90m [39m[90mBuildingResource displays properties even when building has no properties @ repetition 73 of 100[39m[90m            [39m [90m0.56s[39m  
  [32;1m✓[39;22m[90m [39m[90mBuildingResource displays properties even when building has no properties @ repetition 74 of 100[39m[90m            [39m [90m0.56s[39m  
  [32;1m✓[39;22m[90m [39m[90mBuildingResource displays properties even when building has no properties @ repetition 75 of 100[39m[90m            [39m [90m0.58s[39m  
  [32;1m✓[39;22m[90m [39m[90mBuildingResource displays properties even when building has no properties @ repetition 76 of 100[39m[90m            [39m [90m0.52s[39m  
  [32;1m✓[39;22m[90m [39m[90mBuildingResource displays properties even when building has no properties @ repetition 77 of 100[39m[90m            [39m [90m0.55s[39m  
  [32;1m✓[39;22m[90m [39m[90mBuildingResource displays properties even when building has no properties @ repetition 78 of 100[39m[90m            [39m [90m0.58s[39m  
  [32;1m✓[39;22m[90m [39m[90mBuildingResource displays properties even when building has no properties @ repetition 79 of 100[39m[90m            [39m [90m0.59s[39m  
  [32;1m✓[39;22m[90m [39m[90mBuildingResource displays properties even when building has no properties @ repetition 80 of 100[39m[90m            [39m [90m0.51s[39m  
  [32;1m✓[39;22m[90m [39m[90mBuildingResource displays properties even when building has no properties @ repetition 81 of 100[39m[90m            [39m [90m0.55s[39m  
  [32;1m✓[39;22m[90m [39m[90mBuildingResource displays properties even when building has no properties @ repetition 82 of 100[39m[90m            [39m [90m0.51s[39m  
  [32;1m✓[39;22m[90m [39m[90mBuildingResource displays properties even when building has no properties @ repetition 83 of 100[39m[90m            [39m [90m0.58s[39m  
  [32;1m✓[39;22m[90m [39m[90mBuildingResource displays properties even when building has no properties @ repetition 84 of 100[39m[90m            [39m [90m0.60s[39m  
  [32;1m✓[39;22m[90m [39m[90mBuildingResource displays properties even when building has no properties @ repetition 85 of 100[39m[90m            [39m [90m0.51s[39m  
  [32;1m✓[39;22m[90m [39m[90mBuildingResource displays properties even when building has no properties @ repetition 86 of 100[39m[90m            [39m [90m0.66s[39m  
  [32;1m✓[39;22m[90m [39m[90mBuildingResource displays properties even when building has no properties @ repetition 87 of 100[39m[90m            [39m [90m0.59s[39m  
  [32;1m✓[39;22m[90m [39m[90mBuildingResource displays properties even when building has no properties @ repetition 88 of 100[39m[90m            [39m [90m0.57s[39m  
  [32;1m✓[39;22m[90m [39m[90mBuildingResource displays properties even when building has no properties @ repetition 89 of 100[39m[90m            [39m [90m0.61s[39m  
  [32;1m✓[39;22m[90m [39m[90mBuildingResource displays properties even when building has no properties @ repetition 90 of 100[39m[90m            [39m [90m0.53s[39m  
  [32;1m✓[39;22m[90m [39m[90mBuildingResource displays properties even when building has no properties @ repetition 91 of 100[39m[90m            [39m [90m0.58s[39m  
  [32;1m✓[39;22m[90m [39m[90mBuildingResource displays properties even when building has no properties @ repetition 92 of 100[39m[90m            [39m [90m0.52s[39m  
  [32;1m✓[39;22m[90m [39m[90mBuildingResource displays properties even when building has no properties @ repetition 93 of 100[39m[90m            [39m [90m0.54s[39m  
  [32;1m✓[39;22m[90m [39m[90mBuildingResource displays properties even when building has no properties @ repetition 94 of 100[39m[90m            [39m [90m0.60s[39m  
  [32;1m✓[39;22m[90m [39m[90mBuildingResource displays properties even when building has no properties @ repetition 95 of 100[39m[90m            [39m [90m0.55s[39m  
  [32;1m✓[39;22m[90m [39m[90mBuildingResource displays properties even when building has no properties @ repetition 96 of 100[39m[90m            [39m [90m0.56s[39m  
  [32;1m✓[39;22m[90m [39m[90mBuildingResource displays properties even when building has no properties @ repetition 97 of 100[39m[90m            [39m [90m0.51s[39m  
  [32;1m✓[39;22m[90m [39m[90mBuildingResource displays properties even when building has no properties @ repetition 98 of 100[39m[90m            [39m [90m0.53s[39m  
  [32;1m✓[39;22m[90m [39m[90mBuildingResource displays properties even when building has no properties @ repetition 99 of 100[39m[90m            [39m [90m0.52s[39m  
  [32;1m✓[39;22m[90m [39m[90mBuildingResource displays properties even when building has no properties @ repetition 100 of 100[39m[90m           [39m [90m0.55s[39m  
  [32;1m✓[39;22m[90m [39m[90mBuildingResource only displays properties belonging to the building @ repetition 1 of 100[39m[90m                   [39m [90m0.72s[39m  
  [32;1m✓[39;22m[90m [39m[90mBuildingResource only displays properties belonging to the building @ repetition 2 of 100[39m[90m                   [39m [90m0.65s[39m  
  [32;1m✓[39;22m[90m [39m[90mBuildingResource only displays properties belonging to the building @ repetition 3 of 100[39m[90m                   [39m [90m0.74s[39m  
  [32;1m✓[39;22m[90m [39m[90mBuildingResource only displays properties belonging to the building @ repetition 4 of 100[39m[90m                   [39m [90m0.65s[39m  
  [32;1m✓[39;22m[90m [39m[90mBuildingResource only displays properties belonging to the building @ repetition 5 of 100[39m[90m                   [39m [90m0.71s[39m  
  [32;1m✓[39;22m[90m [39m[90mBuildingResource only displays properties belonging to the building @ repetition 6 of 100[39m[90m                   [39m [90m0.71s[39m  
  [32;1m✓[39;22m[90m [39m[90mBuildingResource only displays properties belonging to the building @ repetition 7 of 100[39m[90m                   [39m [90m0.70s[39m  
  [32;1m✓[39;22m[90m [39m[90mBuildingResource only displays properties belonging to the building @ repetition 8 of 100[39m[90m                   [39m [90m0.72s[39m  
  [32;1m✓[39;22m[90m [39m[90mBuildingResource only displays properties belonging to the building @ repetition 9 of 100[39m[90m                   [39m [90m0.69s[39m  
  [32;1m✓[39;22m[90m [39m[90mBuildingResource only displays properties belonging to the building @ repetition 10 of 100[39m[90m                  [39m [90m0.69s[39m  
  [32;1m✓[39;22m[90m [39m[90mBuildingResource only displays properties belonging to the building @ repetition 11 of 100[39m[90m                  [39m [90m0.65s[39m  
  [32;1m✓[39;22m[90m [39m[90mBuildingResource only displays properties belonging to the building @ repetition 12 of 100[39m[90m                  [39m [90m0.75s[39m  
  [32;1m✓[39;22m[90m [39m[90mBuildingResource only displays properties belonging to the building @ repetition 13 of 100[39m[90m                  [39m [90m0.66s[39m  
  [32;1m✓[39;22m[90m [39m[90mBuildingResource only displays properties belonging to the building @ repetition 14 of 100[39m[90m                  [39m [90m0.95s[39m  
  [32;1m✓[39;22m[90m [39m[90mBuildingResource only displays properties belonging to the building @ repetition 15 of 100[39m[90m                  [39m [90m0.72s[39m  
  [32;1m✓[39;22m[90m [39m[90mBuildingResource only displays properties belonging to the building @ repetition 16 of 100[39m[90m                  [39m [90m0.88s[39m  
  [32;1m✓[39;22m[90m [39m[90mBuildingResource only displays properties belonging to the building @ repetition 17 of 100[39m[90m                  [39m [90m0.81s[39m  
  [32;1m✓[39;22m[90m [39m[90mBuildingResource only displays properties belonging to the building @ repetition 18 of 100[39m[90m                  [39m [90m0.70s[39m  
  [32;1m✓[39;22m[90m [39m[90mBuildingResource only displays properties belonging to the building @ repetition 19 of 100[39m[90m                  [39m [90m0.78s[39m  
  [32;1m✓[39;22m[90m [39m[90mBuildingResource only displays properties belonging to the building @ repetition 20 of 100[39m[90m                  [39m [90m0.72s[39m  
  [32;1m✓[39;22m[90m [39m[90mBuildingResource only displays properties belonging to the building @ repetition 21 of 100[39m[90m                  [39m [90m0.86s[39m  
  [32;1m✓[39;22m[90m [39m[90mBuildingResource only displays properties belonging to the building @ repetition 22 of 100[39m[90m                  [39m [90m1.19s[39m  
  [32;1m✓[39;22m[90m [39m[90mBuildingResource only displays properties belonging to the building @ repetition 23 of 100[39m[90m                  [39m [90m0.86s[39m  
  [32;1m✓[39;22m[90m [39m[90mBuildingResource only displays properties belonging to the building @ repetition 24 of 100[39m[90m                  [39m [90m0.84s[39m  
  [32;1m✓[39;22m[90m [39m[90mBuildingResource only displays properties belonging to the building @ repetition 25 of 100[39m[90m                  [39m [90m0.89s[39m  
  [32;1m✓[39;22m[90m [39m[90mBuildingResource only displays properties belonging to the building @ repetition 26 of 100[39m[90m                  [39m [90m0.80s[39m  
  [32;1m✓[39;22m[90m [39m[90mBuildingResource only displays properties belonging to the building @ repetition 27 of 100[39m[90m                  [39m [90m0.80s[39m  
  [32;1m✓[39;22m[90m [39m[90mBuildingResource only displays properties belonging to the building @ repetition 28 of 100[39m[90m                  [39m [90m1.03s[39m  
  [32;1m✓[39;22m[90m [39m[90mBuildingResource only displays properties belonging to the building @ repetition 29 of 100[39m[90m                  [39m [90m0.72s[39m  
  [32;1m✓[39;22m[90m [39m[90mBuildingResource only displays properties belonging to the building @ repetition 30 of 100[39m[90m                  [39m [90m0.78s[39m  
  [32;1m✓[39;22m[90m [39m[90mBuildingResource only displays properties belonging to the building @ repetition 31 of 100[39m[90m                  [39m [90m0.78s[39m  
  [32;1m✓[39;22m[90m [39m[90mBuildingResource only displays properties belonging to the building @ repetition 32 of 100[39m[90m                  [39m [90m0.68s[39m  
  [32;1m✓[39;22m[90m [39m[90mBuildingResource only displays properties belonging to the building @ repetition 33 of 100[39m[90m                  [39m [90m0.78s[39m  
  [32;1m✓[39;22m[90m [39m[90mBuildingResource only displays properties belonging to the building @ repetition 34 of 100[39m[90m                  [39m [90m0.84s[39m  
  [32;1m✓[39;22m[90m [39m[90mBuildingResource only displays properties belonging to the building @ repetition 35 of 100[39m[90m                  [39m [90m0.88s[39m  
  [32;1m✓[39;22m[90m [39m[90mBuildingResource only displays properties belonging to the building @ repetition 36 of 100[39m[90m                  [39m [90m0.88s[39m  
  [32;1m✓[39;22m[90m [39m[90mBuildingResource only displays properties belonging to the building @ repetition 37 of 100[39m[90m                  [39m [90m0.79s[39m  
  [32;1m✓[39;22m[90m [39m[90mBuildingResource only displays properties belonging to the building @ repetition 38 of 100[39m[90m                  [39m [90m1.19s[39m  
  [32;1m✓[39;22m[90m [39m[90mBuildingResource only displays properties belonging to the building @ repetition 39 of 100[39m[90m                  [39m [90m0.93s[39m  
  [32;1m✓[39;22m[90m [39m[90mBuildingResource only displays properties belonging to the building @ repetition 40 of 100[39m[90m                  [39m [90m0.72s[39m  
  [32;1m✓[39;22m[90m [39m[90mBuildingResource only displays properties belonging to the building @ repetition 41 of 100[39m[90m                  [39m [90m0.81s[39m  
  [32;1m✓[39;22m[90m [39m[90mBuildingResource only displays properties belonging to the building @ repetition 42 of 100[39m[90m                  [39m [90m0.88s[39m  
  [32;1m✓[39;22m[90m [39m[90mBuildingResource only displays properties belonging to the building @ repetition 43 of 100[39m[90m                  [39m [90m1.28s[39m  
  [32;1m✓[39;22m[90m [39m[90mBuildingResource only displays properties belonging to the building @ repetition 44 of 100[39m[90m                  [39m [90m0.80s[39m  
  [32;1m✓[39;22m[90m [39m[90mBuildingResource only displays properties belonging to the building @ repetition 45 of 100[39m[90m                  [39m [90m0.82s[39m  
  [32;1m✓[39;22m[90m [39m[90mBuildingResource only displays properties belonging to the building @ repetition 46 of 100[39m[90m                  [39m [90m0.79s[39m  
  [32;1m✓[39;22m[90m [39m[90mBuildingResource only displays properties belonging to the building @ repetition 47 of 100[39m[90m                  [39m [90m1.02s[39m  
  [32;1m✓[39;22m[90m [39m[90mBuildingResource only displays properties belonging to the building @ repetition 48 of 100[39m[90m                  [39m [90m0.81s[39m  
  [32;1m✓[39;22m[90m [39m[90mBuildingResource only displays properties belonging to the building @ repetition 49 of 100[39m[90m                  [39m [90m0.80s[39m  
  [32;1m✓[39;22m[90m [39m[90mBuildingResource only displays properties belonging to the building @ repetition 50 of 100[39m[90m                  [39m [90m0.75s[39m  
  [32;1m✓[39;22m[90m [39m[90mBuildingResource only displays properties belonging to the building @ repetition 51 of 100[39m[90m                  [39m [90m0.87s[39m  
  [32;1m✓[39;22m[90m [39m[90mBuildingResource only displays properties belonging to the building @ repetition 52 of 100[39m[90m                  [39m [90m0.93s[39m  
  [32;1m✓[39;22m[90m [39m[90mBuildingResource only displays properties belonging to the building @ repetition 53 of 100[39m[90m                  [39m [90m0.83s[39m  
  [32;1m✓[39;22m[90m [39m[90mBuildingResource only displays properties belonging to the building @ repetition 54 of 100[39m[90m                  [39m [90m1.12s[39m  
  [32;1m✓[39;22m[90m [39m[90mBuildingResource only displays properties belonging to the building @ repetition 55 of 100[39m[90m                  [39m [90m0.86s[39m  
  [32;1m✓[39;22m[90m [39m[90mBuildingResource only displays properties belonging to the building @ repetition 56 of 100[39m[90m                  [39m [90m0.89s[39m  
  [32;1m✓[39;22m[90m [39m[90mBuildingResource only displays properties belonging to the building @ repetition 57 of 100[39m[90m                  [39m [90m0.88s[39m  
  [32;1m✓[39;22m[90m [39m[90mBuildingResource only displays properties belonging to the building @ repetition 58 of 100[39m[90m                  [39m [90m0.87s[39m  
  [32;1m✓[39;22m[90m [39m[90mBuildingResource only displays properties belonging to the building @ repetition 59 of 100[39m[90m                  [39m [90m0.85s[39m  
  [32;1m✓[39;22m[90m [39m[90mBuildingResource only displays properties belonging to the building @ repetition 60 of 100[39m[90m                  [39m [90m0.72s[39m  
  [32;1m✓[39;22m[90m [39m[90mBuildingResource only displays properties belonging to the building @ repetition 61 of 100[39m[90m                  [39m [90m0.83s[39m  
  [32;1m✓[39;22m[90m [39m[90mBuildingResource only displays properties belonging to the building @ repetition 62 of 100[39m[90m                  [39m [90m0.86s[39m  
  [32;1m✓[39;22m[90m [39m[90mBuildingResource only displays properties belonging to the building @ repetition 63 of 100[39m[90m                  [39m [90m0.80s[39m  
  [32;1m✓[39;22m[90m [39m[90mBuildingResource only displays properties belonging to the building @ repetition 64 of 100[39m[90m                  [39m [90m0.92s[39m  
  [32;1m✓[39;22m[90m [39m[90mBuildingResource only displays properties belonging to the building @ repetition 65 of 100[39m[90m                  [39m [90m1.20s[39m  
  [32;1m✓[39;22m[90m [39m[90mBuildingResource only displays properties belonging to the building @ repetition 66 of 100[39m[90m                  [39m [90m0.89s[39m  
  [32;1m✓[39;22m[90m [39m[90mBuildingResource only displays properties belonging to the building @ repetition 67 of 100[39m[90m                  [39m [90m1.04s[39m  
  [32;1m✓[39;22m[90m [39m[90mBuildingResource only displays properties belonging to the building @ repetition 68 of 100[39m[90m                  [39m [90m0.91s[39m  
  [32;1m✓[39;22m[90m [39m[90mBuildingResource only displays properties belonging to the building @ repetition 69 of 100[39m[90m                  [39m [90m0.91s[39m  
  [32;1m✓[39;22m[90m [39m[90mBuildingResource only displays properties belonging to the building @ repetition 70 of 100[39m[90m                  [39m [90m1.17s[39m  
  [32;1m✓[39;22m[90m [39m[90mBuildingResource only displays properties belonging to the building @ repetition 71 of 100[39m[90m                  [39m [90m1.03s[39m  
  [32;1m✓[39;22m[90m [39m[90mBuildingResource only displays properties belonging to the building @ repetition 72 of 100[39m[90m                  [39m [90m0.96s[39m  
  [32;1m✓[39;22m[90m [39m[90mBuildingResource only displays properties belonging to the building @ repetition 73 of 100[39m[90m                  [39m [90m0.79s[39m  
  [32;1m✓[39;22m[90m [39m[90mBuildingResource only displays properties belonging to the building @ repetition 74 of 100[39m[90m                  [39m [90m1.22s[39m  
  [32;1m✓[39;22m[90m [39m[90mBuildingResource only displays properties belonging to the building @ repetition 75 of 100[39m[90m                  [39m [90m1.03s[39m  
  [32;1m✓[39;22m[90m [39m[90mBuildingResource only displays properties belonging to the building @ repetition 76 of 100[39m[90m                  [39m [90m0.72s[39m  
  [32;1m✓[39;22m[90m [39m[90mBuildingResource only displays properties belonging to the building @ repetition 77 of 100[39m[90m                  [39m [90m0.90s[39m  
  [32;1m✓[39;22m[90m [39m[90mBuildingResource only displays properties belonging to the building @ repetition 78 of 100[39m[90m                  [39m [90m0.94s[39m  
  [32;1m✓[39;22m[90m [39m[90mBuildingResource only displays properties belonging to the building @ repetition 79 of 100[39m[90m                  [39m [90m0.74s[39m  
  [32;1m✓[39;22m[90m [39m[90mBuildingResource only displays properties belonging to the building @ repetition 80 of 100[39m[90m                  [39m [90m0.83s[39m  
  [32;1m✓[39;22m[90m [39m[90mBuildingResource only displays properties belonging to the building @ repetition 81 of 100[39m[90m                  [39m [90m1.12s[39m  
  [32;1m✓[39;22m[90m [39m[90mBuildingResource only displays properties belonging to the building @ repetition 82 of 100[39m[90m                  [39m [90m0.87s[39m  
  [32;1m✓[39;22m[90m [39m[90mBuildingResource only displays properties belonging to the building @ repetition 83 of 100[39m[90m                  [39m [90m0.78s[39m  
  [32;1m✓[39;22m[90m [39m[90mBuildingResource only displays properties belonging to the building @ repetition 84 of 100[39m[90m                  [39m [90m0.81s[39m  
  [32;1m✓[39;22m[90m [39m[90mBuildingResource only displays properties belonging to the building @ repetition 85 of 100[39m[90m                  [39m [90m0.78s[39m  
  [32;1m✓[39;22m[90m [39m[90mBuildingResource only displays properties belonging to the building @ repetition 86 of 100[39m[90m                  [39m [90m0.90s[39m  
  [32;1m✓[39;22m[90m [39m[90mBuildingResource only displays properties belonging to the building @ repetition 87 of 100[39m[90m                  [39m [90m0.73s[39m  
  [32;1m✓[39;22m[90m [39m[90mBuildingResource only displays properties belonging to the building @ repetition 88 of 100[39m[90m                  [39m [90m0.77s[39m  
  [32;1m✓[39;22m[90m [39m[90mBuildingResource only displays properties belonging to the building @ repetition 89 of 100[39m[90m                  [39m [90m0.79s[39m  
  [32;1m✓[39;22m[90m [39m[90mBuildingResource only displays properties belonging to the building @ repetition 90 of 100[39m[90m                  [39m [90m1.07s[39m  
  [32;1m✓[39;22m[90m [39m[90mBuildingResource only displays properties belonging to the building @ repetition 91 of 100[39m[90m                  [39m [90m0.93s[39m  
  [32;1m✓[39;22m[90m [39m[90mBuildingResource only displays properties belonging to the building @ repetition 92 of 100[39m[90m                  [39m [90m0.76s[39m  
  [32;1m✓[39;22m[90m [39m[90mBuildingResource only displays properties belonging to the building @ repetition 93 of 100[39m[90m                  [39m [90m0.70s[39m  
  [32;1m✓[39;22m[90m [39m[90mBuildingResource only displays properties belonging to the building @ repetition 94 of 100[39m[90m                  [39m [90m0.70s[39m  
  [32;1m✓[39;22m[90m [39m[90mBuildingResource only displays properties belonging to the building @ repetition 95 of 100[39m[90m                  [39m [90m0.69s[39m  
  [32;1m✓[39;22m[90m [39m[90mBuildingResource only displays properties belonging to the building @ repetition 96 of 100[39m[90m                  [39m [90m0.75s[39m  
  [32;1m✓[39;22m[90m [39m[90mBuildingResource only displays properties belonging to the building @ repetition 97 of 100[39m[90m                  [39m [90m0.72s[39m  
  [32;1m✓[39;22m[90m [39m[90mBuildingResource only displays properties belonging to the building @ repetition 98 of 100[39m[90m                  [39m [90m0.73s[39m  
  [32;1m✓[39;22m[90m [39m[90mBuildingResource only displays properties belonging to the building @ repetition 99 of 100[39m[90m                  [39m [90m0.71s[39m  
  [32;1m✓[39;22m[90m [39m[90mBuildingResource only displays properties belonging to the building @ repetition 100 of 100[39m[90m                 [39m [90m0.81s[39m  
  [31;1m⨯[39;22m[90m [39m[90mBuildingResource relationship manager respects tenant scope @ repetition 1 of 100[39m[90m                           [39m [90m0.72s[39m  
  [31;1m⨯[39;22m[90m [39m[90mBuildingResource relationship manager respects tenant scope @ repetition 2 of 100[39m[90m                           [39m [90m0.63s[39m  
  [31;1m⨯[39;22m[90m [39m[90mBuildingResource relationship manager respects tenant scope @ repetition 3 of 100[39m[90m                           [39m [90m0.72s[39m  
  [31;1m⨯[39;22m[90m [39m[90mBuildingResource relationship manager respects tenant scope @ repetition 4 of 100[39m[90m                           [39m [90m0.81s[39m  
  [31;1m⨯[39;22m[90m [39m[90mBuildingResource relationship manager respects tenant scope @ repetition 5 of 100[39m[90m                           [39m [90m0.69s[39m  
  [31;1m⨯[39;22m[90m [39m[90mBuildingResource relationship manager respects tenant scope @ repetition 6 of 100[39m[90m                           [39m [90m0.85s[39m  
  [31;1m⨯[39;22m[90m [39m[90mBuildingResource relationship manager respects tenant scope @ repetition 7 of 100[39m[90m                           [39m [90m0.72s[39m  
  [31;1m⨯[39;22m[90m [39m[90mBuildingResource relationship manager respects tenant scope @ repetition 8 of 100[39m[90m                           [39m [90m0.75s[39m  
  [31;1m⨯[39;22m[90m [39m[90mBuildingResource relationship manager respects tenant scope @ repetition 9 of 100[39m[90m                           [39m [90m0.64s[39m  
  [31;1m⨯[39;22m[90m [39m[90mBuildingResource relationship manager respects tenant scope @ repetition 10 of 100[39m[90m                          [39m [90m0.75s[39m  
  [31;1m⨯[39;22m[90m [39m[90mBuildingResource relationship manager respects tenant scope @ repetition 11 of 100[39m[90m                          [39m [90m0.70s[39m  
  [31;1m⨯[39;22m[90m [39m[90mBuildingResource relationship manager respects tenant scope @ repetition 12 of 100[39m[90m                          [39m [90m0.75s[39m  
  [31;1m⨯[39;22m[90m [39m[90mBuildingResource relationship manager respects tenant scope @ repetition 13 of 100[39m[90m                          [39m [90m0.72s[39m  
  [31;1m⨯[39;22m[90m [39m[90mBuildingResource relationship manager respects tenant scope @ repetition 14 of 100[39m[90m                          [39m [90m0.81s[39m  
  [31;1m⨯[39;22m[90m [39m[90mBuildingResource relationship manager respects tenant scope @ repetition 15 of 100[39m[90m                          [39m [90m0.80s[39m  
  [31;1m⨯[39;22m[90m [39m[90mBuildingResource relationship manager respects tenant scope @ repetition 16 of 100[39m[90m                          [39m [90m0.68s[39m  
  [31;1m⨯[39;22m[90m [39m[90mBuildingResource relationship manager respects tenant scope @ repetition 17 of 100[39m[90m                          [39m [90m0.73s[39m  
  [31;1m⨯[39;22m[90m [39m[90mBuildingResource relationship manager respects tenant scope @ repetition 18 of 100[39m[90m                          [39m [90m0.72s[39m  
  [31;1m⨯[39;22m[90m [39m[90mBuildingResource relationship manager respects tenant scope @ repetition 19 of 100[39m[90m                          [39m [90m0.68s[39m  
  [31;1m⨯[39;22m[90m [39m[90mBuildingResource relationship manager respects tenant scope @ repetition 20 of 100[39m[90m                          [39m [90m0.80s[39m  
  [31;1m⨯[39;22m[90m [39m[90mBuildingResource relationship manager respects tenant scope @ repetition 21 of 100[39m[90m                          [39m [90m0.71s[39m  
  [31;1m⨯[39;22m[90m [39m[90mBuildingResource relationship manager respects tenant scope @ repetition 22 of 100[39m[90m                          [39m [90m0.79s[39m  
  [31;1m⨯[39;22m[90m [39m[90mBuildingResource relationship manager respects tenant scope @ repetition 23 of 100[39m[90m                          [39m [90m0.88s[39m  
  [31;1m⨯[39;22m[90m [39m[90mBuildingResource relationship manager respects tenant scope @ repetition 24 of 100[39m[90m                          [39m [90m0.68s[39m  
  [31;1m⨯[39;22m[90m [39m[90mBuildingResource relationship manager respects tenant scope @ repetition 25 of 100[39m[90m                          [39m [90m0.76s[39m  
  [31;1m⨯[39;22m[90m [39m[90mBuildingResource relationship manager respects tenant scope @ repetition 26 of 100[39m[90m                          [39m [90m0.77s[39m  
  [31;1m⨯[39;22m[90m [39m[90mBuildingResource relationship manager respects tenant scope @ repetition 27 of 100[39m[90m                          [39m [90m0.77s[39m  
  [31;1m⨯[39;22m[90m [39m[90mBuildingResource relationship manager respects tenant scope @ repetition 28 of 100[39m[90m                          [39m [90m0.68s[39m  
  [31;1m⨯[39;22m[90m [39m[90mBuildingResource relationship manager respects tenant scope @ repetition 29 of 100[39m[90m                          [39m [90m0.84s[39m  
  [31;1m⨯[39;22m[90m [39m[90mBuildingResource relationship manager respects tenant scope @ repetition 30 of 100[39m[90m                          [39m [90m0.79s[39m  
  [31;1m⨯[39;22m[90m [39m[90mBuildingResource relationship manager respects tenant scope @ repetition 31 of 100[39m[90m                          [39m [90m0.62s[39m  
  [31;1m⨯[39;22m[90m [39m[90mBuildingResource relationship manager respects tenant scope @ repetition 32 of 100[39m[90m                          [39m [90m0.71s[39m  
  [31;1m⨯[39;22m[90m [39m[90mBuildingResource relationship manager respects tenant scope @ repetition 33 of 100[39m[90m                          [39m [90m0.71s[39m  
  [31;1m⨯[39;22m[90m [39m[90mBuildingResource relationship manager respects tenant scope @ repetition 34 of 100[39m[90m                          [39m [90m0.64s[39m  
  [31;1m⨯[39;22m[90m [39m[90mBuildingResource relationship manager respects tenant scope @ repetition 35 of 100[39m[90m                          [39m [90m0.69s[39m  
  [31;1m⨯[39;22m[90m [39m[90mBuildingResource relationship manager respects tenant scope @ repetition 36 of 100[39m[90m                          [39m [90m0.68s[39m  
  [31;1m⨯[39;22m[90m [39m[90mBuildingResource relationship manager respects tenant scope @ repetition 37 of 100[39m[90m                          [39m [90m0.77s[39m  
  [31;1m⨯[39;22m[90m [39m[90mBuildingResource relationship manager respects tenant scope @ repetition 38 of 100[39m[90m                          [39m [90m0.63s[39m  
  [31;1m⨯[39;22m[90m [39m[90mBuildingResource relationship manager respects tenant scope @ repetition 39 of 100[39m[90m                          [39m [90m0.69s[39m  
  [31;1m⨯[39;22m[90m [39m[90mBuildingResource relationship manager respects tenant scope @ repetition 40 of 100[39m[90m                          [39m [90m0.71s[39m  
  [31;1m⨯[39;22m[90m [39m[90mBuildingResource relationship manager respects tenant scope @ repetition 41 of 100[39m[90m                          [39m [90m0.66s[39m  
  [31;1m⨯[39;22m[90m [39m[90mBuildingResource relationship manager respects tenant scope @ repetition 42 of 100[39m[90m                          [39m [90m0.69s[39m  
  [31;1m⨯[39;22m[90m [39m[90mBuildingResource relationship manager respects tenant scope @ repetition 43 of 100[39m[90m                          [39m [90m0.72s[39m  
  [31;1m⨯[39;22m[90m [39m[90mBuildingResource relationship manager respects tenant scope @ repetition 44 of 100[39m[90m                          [39m [90m0.73s[39m  
  [31;1m⨯[39;22m[90m [39m[90mBuildingResource relationship manager respects tenant scope @ repetition 45 of 100[39m[90m                          [39m [90m0.86s[39m  
  [31;1m⨯[39;22m[90m [39m[90mBuildingResource relationship manager respects tenant scope @ repetition 46 of 100[39m[90m                          [39m [90m0.68s[39m  
  [31;1m⨯[39;22m[90m [39m[90mBuildingResource relationship manager respects tenant scope @ repetition 47 of 100[39m[90m                          [39m [90m0.70s[39m  
  [31;1m⨯[39;22m[90m [39m[90mBuildingResource relationship manager respects tenant scope @ repetition 48 of 100[39m[90m                          [39m [90m0.73s[39m  
  [31;1m⨯[39;22m[90m [39m[90mBuildingResource relationship manager respects tenant scope @ repetition 49 of 100[39m[90m                          [39m [90m0.72s[39m  
  [31;1m⨯[39;22m[90m [39m[90mBuildingResource relationship manager respects tenant scope @ repetition 50 of 100[39m[90m                          [39m [90m0.68s[39m  
  [31;1m⨯[39;22m[90m [39m[90mBuildingResource relationship manager respects tenant scope @ repetition 51 of 100[39m[90m                          [39m [90m0.83s[39m  
  [31;1m⨯[39;22m[90m [39m[90mBuildingResource relationship manager respects tenant scope @ repetition 52 of 100[39m[90m                          [39m [90m0.72s[39m  
  [31;1m⨯[39;22m[90m [39m[90mBuildingResource relationship manager respects tenant scope @ repetition 53 of 100[39m[90m                          [39m [90m0.71s[39m  
  [31;1m⨯[39;22m[90m [39m[90mBuildingResource relationship manager respects tenant scope @ repetition 54 of 100[39m[90m                          [39m [90m0.80s[39m  
  [31;1m⨯[39;22m[90m [39m[90mBuildingResource relationship manager respects tenant scope @ repetition 55 of 100[39m[90m                          [39m [90m0.81s[39m  
  [31;1m⨯[39;22m[90m [39m[90mBuildingResource relationship manager respects tenant scope @ repetition 56 of 100[39m[90m                          [39m [90m0.70s[39m  
  [31;1m⨯[39;22m[90m [39m[90mBuildingResource relationship manager respects tenant scope @ repetition 57 of 100[39m[90m                          [39m [90m0.73s[39m  
  [31;1m⨯[39;22m[90m [39m[90mBuildingResource relationship manager respects tenant scope @ repetition 58 of 100[39m[90m                          [39m [90m0.75s[39m  
  [31;1m⨯[39;22m[90m [39m[90mBuildingResource relationship manager respects tenant scope @ repetition 59 of 100[39m[90m                          [39m [90m0.75s[39m  
  [31;1m⨯[39;22m[90m [39m[90mBuildingResource relationship manager respects tenant scope @ repetition 60 of 100[39m[90m                          [39m [90m0.82s[39m  
  [31;1m⨯[39;22m[90m [39m[90mBuildingResource relationship manager respects tenant scope @ repetition 61 of 100[39m[90m                          [39m [90m0.73s[39m  
  [31;1m⨯[39;22m[90m [39m[90mBuildingResource relationship manager respects tenant scope @ repetition 62 of 100[39m[90m                          [39m [90m0.68s[39m  
  [31;1m⨯[39;22m[90m [39m[90mBuildingResource relationship manager respects tenant scope @ repetition 63 of 100[39m[90m                          [39m [90m0.64s[39m  
  [31;1m⨯[39;22m[90m [39m[90mBuildingResource relationship manager respects tenant scope @ repetition 64 of 100[39m[90m                          [39m [90m0.69s[39m  
  [31;1m⨯[39;22m[90m [39m[90mBuildingResource relationship manager respects tenant scope @ repetition 65 of 100[39m[90m                          [39m [90m0.75s[39m  
  [31;1m⨯[39;22m[90m [39m[90mBuildingResource relationship manager respects tenant scope @ repetition 66 of 100[39m[90m                          [39m [90m0.86s[39m  
  [31;1m⨯[39;22m[90m [39m[90mBuildingResource relationship manager respects tenant scope @ repetition 67 of 100[39m[90m                          [39m [90m0.71s[39m  
  [31;1m⨯[39;22m[90m [39m[90mBuildingResource relationship manager respects tenant scope @ repetition 68 of 100[39m[90m                          [39m [90m0.72s[39m  
  [31;1m⨯[39;22m[90m [39m[90mBuildingResource relationship manager respects tenant scope @ repetition 69 of 100[39m[90m                          [39m [90m0.77s[39m  
  [31;1m⨯[39;22m[90m [39m[90mBuildingResource relationship manager respects tenant scope @ repetition 70 of 100[39m[90m                          [39m [90m0.70s[39m  
  [31;1m⨯[39;22m[90m [39m[90mBuildingResource relationship manager respects tenant scope @ repetition 71 of 100[39m[90m                          [39m [90m0.76s[39m  
  [31;1m⨯[39;22m[90m [39m[90mBuildingResource relationship manager respects tenant scope @ repetition 72 of 100[39m[90m                          [39m [90m0.67s[39m  
  [31;1m⨯[39;22m[90m [39m[90mBuildingResource relationship manager respects tenant scope @ repetition 73 of 100[39m[90m                          [39m [90m0.73s[39m  
  [31;1m⨯[39;22m[90m [39m[90mBuildingResource relationship manager respects tenant scope @ repetition 74 of 100[39m[90m                          [39m [90m0.71s[39m  
  [31;1m⨯[39;22m[90m [39m[90mBuildingResource relationship manager respects tenant scope @ repetition 75 of 100[39m[90m                          [39m [90m0.66s[39m  
  [31;1m⨯[39;22m[90m [39m[90mBuildingResource relationship manager respects tenant scope @ repetition 76 of 100[39m[90m                          [39m [90m0.63s[39m  
  [31;1m⨯[39;22m[90m [39m[90mBuildingResource relationship manager respects tenant scope @ repetition 77 of 100[39m[90m                          [39m [90m0.72s[39m  
  [31;1m⨯[39;22m[90m [39m[90mBuildingResource relationship manager respects tenant scope @ repetition 78 of 100[39m[90m                          [39m [90m0.74s[39m  
  [31;1m⨯[39;22m[90m [39m[90mBuildingResource relationship manager respects tenant scope @ repetition 79 of 100[39m[90m                          [39m [90m0.72s[39m  
  [31;1m⨯[39;22m[90m [39m[90mBuildingResource relationship manager respects tenant scope @ repetition 80 of 100[39m[90m                          [39m [90m0.76s[39m  
  [31;1m⨯[39;22m[90m [39m[90mBuildingResource relationship manager respects tenant scope @ repetition 81 of 100[39m[90m                          [39m [90m0.73s[39m  
  [31;1m⨯[39;22m[90m [39m[90mBuildingResource relationship manager respects tenant scope @ repetition 82 of 100[39m[90m                          [39m [90m0.73s[39m  
  [31;1m⨯[39;22m[90m [39m[90mBuildingResource relationship manager respects tenant scope @ repetition 83 of 100[39m[90m                          [39m [90m0.73s[39m  
  [31;1m⨯[39;22m[90m [39m[90mBuildingResource relationship manager respects tenant scope @ repetition 84 of 100[39m[90m                          [39m [90m0.71s[39m  
  [31;1m⨯[39;22m[90m [39m[90mBuildingResource relationship manager respects tenant scope @ repetition 85 of 100[39m[90m                          [39m [90m0.64s[39m  
  [31;1m⨯[39;22m[90m [39m[90mBuildingResource relationship manager respects tenant scope @ repetition 86 of 100[39m[90m                          [39m [90m0.67s[39m  
  [31;1m⨯[39;22m[90m [39m[90mBuildingResource relationship manager respects tenant scope @ repetition 87 of 100[39m[90m                          [39m [90m0.77s[39m  
  [31;1m⨯[39;22m[90m [39m[90mBuildingResource relationship manager respects tenant scope @ repetition 88 of 100[39m[90m                          [39m [90m0.66s[39m  
  [31;1m⨯[39;22m[90m [39m[90mBuildingResource relationship manager respects tenant scope @ repetition 89 of 100[39m[90m                          [39m [90m0.65s[39m  
  [31;1m⨯[39;22m[90m [39m[90mBuildingResource relationship manager respects tenant scope @ repetition 90 of 100[39m[90m                          [39m [90m0.75s[39m  
  [31;1m⨯[39;22m[90m [39m[90mBuildingResource relationship manager respects tenant scope @ repetition 91 of 100[39m[90m                          [39m [90m0.74s[39m  
  [31;1m⨯[39;22m[90m [39m[90mBuildingResource relationship manager respects tenant scope @ repetition 92 of 100[39m[90m                          [39m [90m0.74s[39m  
  [31;1m⨯[39;22m[90m [39m[90mBuildingResource relationship manager respects tenant scope @ repetition 93 of 100[39m[90m                          [39m [90m0.71s[39m  
  [31;1m⨯[39;22m[90m [39m[90mBuildingResource relationship manager respects tenant scope @ repetition 94 of 100[39m[90m                          [39m [90m0.67s[39m  
  [31;1m⨯[39;22m[90m [39m[90mBuildingResource relationship manager respects tenant scope @ repetition 95 of 100[39m[90m                          [39m [90m0.72s[39m  
  [31;1m⨯[39;22m[90m [39m[90mBuildingResource relationship manager respects tenant scope @ repetition 96 of 100[39m[90m                          [39m [90m0.78s[39m  
  [31;1m⨯[39;22m[90m [39m[90mBuildingResource relationship manager respects tenant scope @ repetition 97 of 100[39m[90m                          [39m [90m0.91s[39m  
  [31;1m⨯[39;22m[90m [39m[90mBuildingResource relationship manager respects tenant scope @ repetition 98 of 100[39m[90m                          [39m [90m0.74s[39m  
  [31;1m⨯[39;22m[90m [39m[90mBuildingResource relationship manager respects tenant scope @ repetition 99 of 100[39m[90m                          [39m [90m0.79s[39m  
  [31;1m⨯[39;22m[90m [39m[90mBuildingResource relationship manager respects tenant scope @ repetition 100 of 100[39m[90m                         [39m [90m0.86s[39m  

  [30;42;1m PASS [39;49;22m[39m Tests\Feature\FilamentBuildingResourceTenantScopeTest[39m
  [32;1m✓[39;22m[90m [39m[90mBuildingResource automatically filters buildings by authenticated user tenant_id @ repetition 1 of 100[39m[90m      [39m [90m1.43s[39m  
  [32;1m✓[39;22m[90m [39m[90mBuildingResource automatically filters buildings by authenticated user tenant_id @ repetition 2 of 100[39m[90m      [39m [90m0.46s[39m  
  [32;1m✓[39;22m[90m [39m[90mBuildingResource automatically filters buildings by authenticated user tenant_id @ repetition 3 of 100[39m[90m      [39m [90m0.44s[39m  
  [32;1m✓[39;22m[90m [39m[90mBuildingResource automatically filters buildings by authenticated user tenant_id @ repetition 4 of 100[39m[90m      [39m [90m0.47s[39m  
  [32;1m✓[39;22m[90m [39m[90mBuildingResource automatically filters buildings by authenticated user tenant_id @ repetition 5 of 100[39m[90m      [39m [90m0.72s[39m  
  [32;1m✓[39;22m[90m [39m[90mBuildingResource automatically filters buildings by authenticated user tenant_id @ repetition 6 of 100[39m[90m      [39m [90m0.46s[39m  
  [32;1m✓[39;22m[90m [39m[90mBuildingResource automatically filters buildings by authenticated user tenant_id @ repetition 7 of 100[39m[90m      [39m [90m0.47s[39m  
  [32;1m✓[39;22m[90m [39m[90mBuildingResource automatically filters buildings by authenticated user tenant_id @ repetition 8 of 100[39m[90m      [39m [90m0.85s[39m  
  [32;1m✓[39;22m[90m [39m[90mBuildingResource automatically filters buildings by authenticated user tenant_id @ repetition 9 of 100[39m[90m      [39m [90m0.45s[39m  
  [32;1m✓[39;22m[90m [39m[90mBuildingResource automatically filters buildings by authenticated user tenant_id @ repetition 10 of 100[39m[90m     [39m [90m0.42s[39m  
  [32;1m✓[39;22m[90m [39m[90mBuildingResource automatically filters buildings by authenticated user tenant_id @ repetition 11 of 100[39m[90m     [39m [90m0.51s[39m  
  [32;1m✓[39;22m[90m [39m[90mBuildingResource automatically filters buildings by authenticated user tenant_id @ repetition 12 of 100[39m[90m     [39m [90m0.80s[39m  
  [32;1m✓[39;22m[90m [39m[90mBuildingResource automatically filters buildings by authenticated user tenant_id @ repetition 13 of 100[39m[90m     [39m [90m0.54s[39m  
  [32;1m✓[39;22m[90m [39m[90mBuildingResource automatically filters buildings by authenticated user tenant_id @ repetition 14 of 100[39m[90m     [39m [90m0.45s[39m  
  [32;1m✓[39;22m[90m [39m[90mBuildingResource automatically filters buildings by authenticated user tenant_id @ repetition 15 of 100[39m[90m     [39m [90m0.45s[39m  
  [32;1m✓[39;22m[90m [39m[90mBuildingResource automatically filters buildings by authenticated user tenant_id @ repetition 16 of 100[39m[90m     [39m [90m0.82s[39m  
  [32;1m✓[39;22m[90m [39m[90mBuildingResource automatically filters buildings by authenticated user tenant_id @ repetition 17 of 100[39m[90m     [39m [90m0.59s[39m  
  [32;1m✓[39;22m[90m [39m[90mBuildingResource automatically filters buildings by authenticated user tenant_id @ repetition 18 of 100[39m[90m     [39m [90m0.49s[39m  
  [32;1m✓[39;22m[90m [39m[90mBuildingResource automatically filters buildings by authenticated user tenant_id @ repetition 19 of 100[39m[90m     [39m [90m0.88s[39m  
  [32;1m✓[39;22m[90m [39m[90mBuildingResource automatically filters buildings by authenticated user tenant_id @ repetition 20 of 100[39m[90m     [39m [90m0.57s[39m  
  [32;1m✓[39;22m[90m [39m[90mBuildingResource automatically filters buildings by authenticated user tenant_id @ repetition 21 of 100[39m[90m     [39m [90m0.42s[39m  
  [32;1m✓[39;22m[90m [39m[90mBuildingResource automatically filters buildings by authenticated user tenant_id @ repetition 22 of 100[39m[90m     [39m [90m0.47s[39m  
  [32;1m✓[39;22m[90m [39m[90mBuildingResource automatically filters buildings by authenticated user tenant_id @ repetition 23 of 100[39m[90m     [39m [90m0.69s[39m  
  [32;1m✓[39;22m[90m [39m[90mBuildingResource automatically filters buildings by authenticated user tenant_id @ repetition 24 of 100[39m[90m     [39m [90m0.47s[39m  
  [32;1m✓[39;22m[90m [39m[90mBuildingResource automatically filters buildings by authenticated user tenant_id @ repetition 25 of 100[39m[90m     [39m [90m0.46s[39m  
  [32;1m✓[39;22m[90m [39m[90mBuildingResource automatically filters buildings by authenticated user tenant_id @ repetition 26 of 100[39m[90m     [39m [90m0.45s[39m  
  [32;1m✓[39;22m[90m [39m[90mBuildingResource automatically filters buildings by authenticated user tenant_id @ repetition 27 of 100[39m[90m     [39m [90m0.66s[39m  
  [32;1m✓[39;22m[90m [39m[90mBuildingResource automatically filters buildings by authenticated user tenant_id @ repetition 28 of 100[39m[90m     [39m [90m0.44s[39m  
  [32;1m✓[39;22m[90m [39m[90mBuildingResource automatically filters buildings by authenticated user tenant_id @ repetition 29 of 100[39m[90m     [39m [90m0.46s[39m  
  [32;1m✓[39;22m[90m [39m[90mBuildingResource automatically filters buildings by authenticated user tenant_id @ repetition 30 of 100[39m[90m     [39m [90m0.71s[39m  
  [32;1m✓[39;22m[90m [39m[90mBuildingResource automatically filters buildings by authenticated user tenant_id @ repetition 31 of 100[39m[90m     [39m [90m0.49s[39m  
  [32;1m✓[39;22m[90m [39m[90mBuildingResource automatically filters buildings by authenticated user tenant_id @ repetition 32 of 100[39m[90m     [39m [90m0.44s[39m  
  [32;1m✓[39;22m[90m [39m[90mBuildingResource automatically filters buildings by authenticated user tenant_id @ repetition 33 of 100[39m[90m     [39m [90m0.53s[39m  
  [32;1m✓[39;22m[90m [39m[90mBuildingResource automatically filters buildings by authenticated user tenant_id @ repetition 34 of 100[39m[90m     [39m [90m0.81s[39m  
  [32;1m✓[39;22m[90m [39m[90mBuildingResource automatically filters buildings by authenticated user tenant_id @ repetition 35 of 100[39m[90m     [39m [90m0.38s[39m  
  [32;1m✓[39;22m[90m [39m[90mBuildingResource automatically filters buildings by authenticated user tenant_id @ repetition 36 of 100[39m[90m     [39m [90m0.44s[39m  
  [32;1m✓[39;22m[90m [39m[90mBuildingResource automatically filters buildings by authenticated user tenant_id @ repetition 37 of 100[39m[90m     [39m [90m0.43s[39m  
  [32;1m✓[39;22m[90m [39m[90mBuildingResource automatically filters buildings by authenticated user tenant_id @ repetition 38 of 100[39m[90m     [39m [90m0.60s[39m  
  [32;1m✓[39;22m[90m [39m[90mBuildingResource automatically filters buildings by authenticated user tenant_id @ repetition 39 of 100[39m[90m     [39m [90m0.46s[39m  
  [32;1m✓[39;22m[90m [39m[90mBuildingResource automatically filters buildings by authenticated user tenant_id @ repetition 40 of 100[39m[90m     [39m [90m0.46s[39m  
  [32;1m✓[39;22m[90m [39m[90mBuildingResource automatically filters buildings by authenticated user tenant_id @ repetition 41 of 100[39m[90m     [39m [90m0.82s[39m  
  [32;1m✓[39;22m[90m [39m[90mBuildingResource automatically filters buildings by authenticated user tenant_id @ repetition 42 of 100[39m[90m     [39m [90m0.46s[39m  
  [32;1m✓[39;22m[90m [39m[90mBuildingResource automatically filters buildings by authenticated user tenant_id @ repetition 43 of 100[39m[90m     [39m [90m0.44s[39m  
  [32;1m✓[39;22m[90m [39m[90mBuildingResource automatically filters buildings by authenticated user tenant_id @ repetition 44 of 100[39m[90m     [39m [90m0.48s[39m  
  [32;1m✓[39;22m[90m [39m[90mBuildingResource automatically filters buildings by authenticated user tenant_id @ repetition 45 of 100[39m[90m     [39m [90m0.87s[39m  
  [32;1m✓[39;22m[90m [39m[90mBuildingResource automatically filters buildings by authenticated user tenant_id @ repetition 46 of 100[39m[90m     [39m [90m0.46s[39m  
  [32;1m✓[39;22m[90m [39m[90mBuildingResource automatically filters buildings by authenticated user tenant_id @ repetition 47 of 100[39m[90m     [39m [90m0.48s[39m  
  [32;1m✓[39;22m[90m [39m[90mBuildingResource automatically filters buildings by authenticated user tenant_id @ repetition 48 of 100[39m[90m     [39m [90m0.49s[39m  
  [32;1m✓[39;22m[90m [39m[90mBuildingResource automatically filters buildings by authenticated user tenant_id @ repetition 49 of 100[39m[90m     [39m [90m0.68s[39m  
  [32;1m✓[39;22m[90m [39m[90mBuildingResource automatically filters buildings by authenticated user tenant_id @ repetition 50 of 100[39m[90m     [39m [90m0.42s[39m  
  [32;1m✓[39;22m[90m [39m[90mBuildingResource automatically filters buildings by authenticated user tenant_id @ repetition 51 of 100[39m[90m     [39m [90m0.50s[39m  
  [32;1m✓[39;22m[90m [39m[90mBuildingResource automatically filters buildings by authenticated user tenant_id @ repetition 52 of 100[39m[90m     [39m [90m0.84s[39m  
  [32;1m✓[39;22m[90m [39m[90mBuildingResource automatically filters buildings by authenticated user tenant_id @ repetition 53 of 100[39m[90m     [39m [90m0.49s[39m  
  [32;1m✓[39;22m[90m [39m[90mBuildingResource automatically filters buildings by authenticated user tenant_id @ repetition 54 of 100[39m[90m     [39m [90m0.45s[39m  
  [32;1m✓[39;22m[90m [39m[90mBuildingResource automatically filters buildings by authenticated user tenant_id @ repetition 55 of 100[39m[90m     [39m [90m0.59s[39m  
  [32;1m✓[39;22m[90m [39m[90mBuildingResource automatically filters buildings by authenticated user tenant_id @ repetition 56 of 100[39m[90m     [39m [90m0.81s[39m  
  [32;1m✓[39;22m[90m [39m[90mBuildingResource automatically filters buildings by authenticated user tenant_id @ repetition 57 of 100[39m[90m     [39m [90m0.52s[39m  
  [32;1m✓[39;22m[90m [39m[90mBuildingResource automatically filters buildings by authenticated user tenant_id @ repetition 58 of 100[39m[90m     [39m [90m0.49s[39m  
  [32;1m✓[39;22m[90m [39m[90mBuildingResource automatically filters buildings by authenticated user tenant_id @ repetition 59 of 100[39m[90m     [39m [90m0.44s[39m  
  [32;1m✓[39;22m[90m [39m[90mBuildingResource automatically filters buildings by authenticated user tenant_id @ repetition 60 of 100[39m[90m     [39m [90m1.02s[39m  
  [32;1m✓[39;22m[90m [39m[90mBuildingResource automatically filters buildings by authenticated user tenant_id @ repetition 61 of 100[39m[90m     [39m [90m0.62s[39m  
  [32;1m✓[39;22m[90m [39m[90mBuildingResource automatically filters buildings by authenticated user tenant_id @ repetition 62 of 100[39m[90m     [39m [90m0.51s[39m  
  [32;1m✓[39;22m[90m [39m[90mBuildingResource automatically filters buildings by authenticated user tenant_id @ repetition 63 of 100[39m[90m     [39m [90m0.81s[39m  
  [32;1m✓[39;22m[90m [39m[90mBuildingResource automatically filters buildings by authenticated user tenant_id @ repetition 64 of 100[39m[90m     [39m [90m0.52s[39m  
  [32;1m✓[39;22m[90m [39m[90mBuildingResource automatically filters buildings by authenticated user tenant_id @ repetition 65 of 100[39m[90m     [39m [90m0.42s[39m  
  [32;1m✓[39;22m[90m [39m[90mBuildingResource automatically filters buildings by authenticated user tenant_id @ repetition 66 of 100[39m[90m     [39m [90m0.46s[39m  
  [32;1m✓[39;22m[90m [39m[90mBuildingResource automatically filters buildings by authenticated user tenant_id @ repetition 67 of 100[39m[90m     [39m [90m0.85s[39m  
  [32;1m✓[39;22m[90m [39m[90mBuildingResource automatically filters buildings by authenticated user tenant_id @ repetition 68 of 100[39m[90m     [39m [90m0.53s[39m  
  [32;1m✓[39;22m[90m [39m[90mBuildingResource automatically filters buildings by authenticated user tenant_id @ repetition 69 of 100[39m[90m     [39m [90m0.53s[39m  
  [32;1m✓[39;22m[90m [39m[90mBuildingResource automatically filters buildings by authenticated user tenant_id @ repetition 70 of 100[39m[90m     [39m [90m0.50s[39m  
  [32;1m✓[39;22m[90m [39m[90mBuildingResource automatically filters buildings by authenticated user tenant_id @ repetition 71 of 100[39m[90m     [39m [90m0.70s[39m  
  [32;1m✓[39;22m[90m [39m[90mBuildingResource automatically filters buildings by authenticated user tenant_id @ repetition 72 of 100[39m[90m     [39m [90m0.45s[39m  
  [32;1m✓[39;22m[90m [39m[90mBuildingResource automatically filters buildings by authenticated user tenant_id @ repetition 73 of 100[39m[90m     [39m [90m0.51s[39m  
  [32;1m✓[39;22m[90m [39m[90mBuildingResource automatically filters buildings by authenticated user tenant_id @ repetition 74 of 100[39m[90m     [39m [90m0.94s[39m  
  [32;1m✓[39;22m[90m [39m[90mBuildingResource automatically filters buildings by authenticated user tenant_id @ repetition 75 of 100[39m[90m     [39m [90m0.52s[39m  
  [32;1m✓[39;22m[90m [39m[90mBuildingResource automatically filters buildings by authenticated user tenant_id @ repetition 76 of 100[39m[90m     [39m [90m0.50s[39m  
  [32;1m✓[39;22m[90m [39m[90mBuildingResource automatically filters buildings by authenticated user tenant_id @ repetition 77 of 100[39m[90m     [39m [90m0.57s[39m  
  [32;1m✓[39;22m[90m [39m[90mBuildingResource automatically filters buildings by authenticated user tenant_id @ repetition 78 of 100[39m[90m     [39m [90m0.98s[39m  
  [32;1m✓[39;22m[90m [39m[90mBuildingResource automatically filters buildings by authenticated user tenant_id @ repetition 79 of 100[39m[90m     [39m [90m0.58s[39m  
  [32;1m✓[39;22m[90m [39m[90mBuildingResource automatically filters buildings by authenticated user tenant_id @ repetition 80 of 100[39m[90m     [39m [90m0.58s[39m  
  [32;1m✓[39;22m[90m [39m[90mBuildingResource automatically filters buildings by authenticated user tenant_id @ repetition 81 of 100[39m[90m     [39m [90m0.40s[39m  
  [32;1m✓[39;22m[90m [39m[90mBuildingResource automatically filters buildings by authenticated user tenant_id @ repetition 82 of 100[39m[90m     [39m [90m0.85s[39m  
  [32;1m✓[39;22m[90m [39m[90mBuildingResource automatically filters buildings by authenticated user tenant_id @ repetition 83 of 100[39m[90m     [39m [90m0.55s[39m  
  [32;1m✓[39;22m[90m [39m[90mBuildingResource automatically filters buildings by authenticated user tenant_id @ repetition 84 of 100[39m[90m     [39m [90m0.44s[39m  
  [32;1m✓[39;22m[90m [39m[90mBuildingResource automatically filters buildings by authenticated user tenant_id @ repetition 85 of 100[39m[90m     [39m [90m0.84s[39m  
  [32;1m✓[39;22m[90m [39m[90mBuildingResource automatically filters buildings by authenticated user tenant_id @ repetition 86 of 100[39m[90m     [39m [90m0.55s[39m  
  [32;1m✓[39;22m[90m [39m[90mBuildingResource automatically filters buildings by authenticated user tenant_id @ repetition 87 of 100[39m[90m     [39m [90m0.49s[39m  
  [32;1m✓[39;22m[90m [39m[90mBuildingResource automatically filters buildings by authenticated user tenant_id @ repetition 88 of 100[39m[90m     [39m [90m0.46s[39m  
  [32;1m✓[39;22m[90m [39m[90mBuildingResource automatically filters buildings by authenticated user tenant_id @ repetition 89 of 100[39m[90m     [39m [90m0.80s[39m  
  [32;1m✓[39;22m[90m [39m[90mBuildingResource automatically filters buildings by authenticated user tenant_id @ repetition 90 of 100[39m[90m     [39m [90m0.57s[39m  
  [32;1m✓[39;22m[90m [39m[90mBuildingResource automatically filters buildings by authenticated user tenant_id @ repetition 91 of 100[39m[90m     [39m [90m0.49s[39m  
  [32;1m✓[39;22m[90m [39m[90mBuildingResource automatically filters buildings by authenticated user tenant_id @ repetition 92 of 100[39m[90m     [39m [90m0.48s[39m  
  [32;1m✓[39;22m[90m [39m[90mBuildingResource automatically filters buildings by authenticated user tenant_id @ repetition 93 of 100[39m[90m     [39m [90m0.79s[39m  
  [32;1m✓[39;22m[90m [39m[90mBuildingResource automatically filters buildings by authenticated user tenant_id @ repetition 94 of 100[39m[90m     [39m [90m0.48s[39m  
  [32;1m✓[39;22m[90m [39m[90mBuildingResource automatically filters buildings by authenticated user tenant_id @ repetition 95 of 100[39m[90m     [39m [90m0.41s[39m  
  [32;1m✓[39;22m[90m [39m[90mBuildingResource automatically filters buildings by authenticated user tenant_id @ repetition 96 of 100[39m[90m     [39m [90m0.79s[39m  
  [32;1m✓[39;22m[90m [39m[90mBuildingResource automatically filters buildings by authenticated user tenant_id @ repetition 97 of 100[39m[90m     [39m [90m0.38s[39m  
  [32;1m✓[39;22m[90m [39m[90mBuildingResource automatically filters buildings by authenticated user tenant_id @ repetition 98 of 100[39m[90m     [39m [90m0.53s[39m  
  [32;1m✓[39;22m[90m [39m[90mBuildingResource automatically filters buildings by authenticated user tenant_id @ repetition 99 of 100[39m[90m     [39m [90m0.47s[39m  
  [32;1m✓[39;22m[90m [39m[90mBuildingResource automatically filters buildings by authenticated user tenant_id @ repetition 100 of 100[39m[90m    [39m [90m0.80s[39m  
  [32;1m✓[39;22m[90m [39m[90mBuildingResource edit page only allows editing buildings within tenant scope @ repetition 1 of 100[39m[90m          [39m [90m0.36s[39m  
  [32;1m✓[39;22m[90m [39m[90mBuildingResource edit page only allows editing buildings within tenant scope @ repetition 2 of 100[39m[90m          [39m [90m0.57s[39m  
  [32;1m✓[39;22m[90m [39m[90mBuildingResource edit page only allows editing buildings within tenant scope @ repetition 3 of 100[39m[90m          [39m [90m0.27s[39m  
  [32;1m✓[39;22m[90m [39m[90mBuildingResource edit page only allows editing buildings within tenant scope @ repetition 4 of 100[39m[90m          [39m [90m0.51s[39m  
  [32;1m✓[39;22m[90m [39m[90mBuildingResource edit page only allows editing buildings within tenant scope @ repetition 5 of 100[39m[90m          [39m [90m0.34s[39m  
  [32;1m✓[39;22m[90m [39m[90mBuildingResource edit page only allows editing buildings within tenant scope @ repetition 6 of 100[39m[90m          [39m [90m0.61s[39m  
  [32;1m✓[39;22m[90m [39m[90mBuildingResource edit page only allows editing buildings within tenant scope @ repetition 7 of 100[39m[90m          [39m [90m0.29s[39m  
  [32;1m✓[39;22m[90m [39m[90mBuildingResource edit page only allows editing buildings within tenant scope @ repetition 8 of 100[39m[90m          [39m [90m0.63s[39m  
  [32;1m✓[39;22m[90m [39m[90mBuildingResource edit page only allows editing buildings within tenant scope @ repetition 9 of 100[39m[90m          [39m [90m0.31s[39m  
  [32;1m✓[39;22m[90m [39m[90mBuildingResource edit page only allows editing buildings within tenant scope @ repetition 10 of 100[39m[90m         [39m [90m0.67s[39m  
  [32;1m✓[39;22m[90m [39m[90mBuildingResource edit page only allows editing buildings within tenant scope @ repetition 11 of 100[39m[90m         [39m [90m0.34s[39m  
  [32;1m✓[39;22m[90m [39m[90mBuildingResource edit page only allows editing buildings within tenant scope @ repetition 12 of 100[39m[90m         [39m [90m0.58s[39m  
  [32;1m✓[39;22m[90m [39m[90mBuildingResource edit page only allows editing buildings within tenant scope @ repetition 13 of 100[39m[90m         [39m [90m0.33s[39m  
  [32;1m✓[39;22m[90m [39m[90mBuildingResource edit page only allows editing buildings within tenant scope @ repetition 14 of 100[39m[90m         [39m [90m0.55s[39m  
  [32;1m✓[39;22m[90m [39m[90mBuildingResource edit page only allows editing buildings within tenant scope @ repetition 15 of 100[39m[90m         [39m [90m0.31s[39m  
  [32;1m✓[39;22m[90m [39m[90mBuildingResource edit page only allows editing buildings within tenant scope @ repetition 16 of 100[39m[90m         [39m [90m0.61s[39m  
  [32;1m✓[39;22m[90m [39m[90mBuildingResource edit page only allows editing buildings within tenant scope @ repetition 17 of 100[39m[90m         [39m [90m0.32s[39m  
  [32;1m✓[39;22m[90m [39m[90mBuildingResource edit page only allows editing buildings within tenant scope @ repetition 18 of 100[39m[90m         [39m [90m0.61s[39m  
  [32;1m✓[39;22m[90m [39m[90mBuildingResource edit page only allows editing buildings within tenant scope @ repetition 19 of 100[39m[90m         [39m [90m0.34s[39m  
  [32;1m✓[39;22m[90m [39m[90mBuildingResource edit page only allows editing buildings within tenant scope @ repetition 20 of 100[39m[90m         [39m [90m0.60s[39m  
  [32;1m✓[39;22m[90m [39m[90mBuildingResource edit page only allows editing buildings within tenant scope @ repetition 21 of 100[39m[90m         [39m [90m0.28s[39m  
  [32;1m✓[39;22m[90m [39m[90mBuildingResource edit page only allows editing buildings within tenant scope @ repetition 22 of 100[39m[90m         [39m [90m0.53s[39m  
  [32;1m✓[39;22m[90m [39m[90mBuildingResource edit page only allows editing buildings within tenant scope @ repetition 23 of 100[39m[90m         [39m [90m0.27s[39m  
  [32;1m✓[39;22m[90m [39m[90mBuildingResource edit page only allows editing buildings within tenant scope @ repetition 24 of 100[39m[90m         [39m [90m0.56s[39m  
  [32;1m✓[39;22m[90m [39m[90mBuildingResource edit page only allows editing buildings within tenant scope @ repetition 25 of 100[39m[90m         [39m [90m0.29s[39m  
  [32;1m✓[39;22m[90m [39m[90mBuildingResource edit page only allows editing buildings within tenant scope @ repetition 26 of 100[39m[90m         [39m [90m0.60s[39m  
  [32;1m✓[39;22m[90m [39m[90mBuildingResource edit page only allows editing buildings within tenant scope @ repetition 27 of 100[39m[90m         [39m [90m0.32s[39m  
  [32;1m✓[39;22m[90m [39m[90mBuildingResource edit page only allows editing buildings within tenant scope @ repetition 28 of 100[39m[90m         [39m [90m0.59s[39m  
  [32;1m✓[39;22m[90m [39m[90mBuildingResource edit page only allows editing buildings within tenant scope @ repetition 29 of 100[39m[90m         [39m [90m0.29s[39m  
  [32;1m✓[39;22m[90m [39m[90mBuildingResource edit page only allows editing buildings within tenant scope @ repetition 30 of 100[39m[90m         [39m [90m0.58s[39m  
  [32;1m✓[39;22m[90m [39m[90mBuildingResource edit page only allows editing buildings within tenant scope @ repetition 31 of 100[39m[90m         [39m [90m0.28s[39m  
  [32;1m✓[39;22m[90m [39m[90mBuildingResource edit page only allows editing buildings within tenant scope @ repetition 32 of 100[39m[90m         [39m [90m0.59s[39m  
  [32;1m✓[39;22m[90m [39m[90mBuildingResource edit page only allows editing buildings within tenant scope @ repetition 33 of 100[39m[90m         [39m [90m0.30s[39m  
  [32;1m✓[39;22m[90m [39m[90mBuildingResource edit page only allows editing buildings within tenant scope @ repetition 34 of 100[39m[90m         [39m [90m0.59s[39m  
  [32;1m✓[39;22m[90m [39m[90mBuildingResource edit page only allows editing buildings within tenant scope @ repetition 35 of 100[39m[90m         [39m [90m0.30s[39m  
  [32;1m✓[39;22m[90m [39m[90mBuildingResource edit page only allows editing buildings within tenant scope @ repetition 36 of 100[39m[90m         [39m [90m0.55s[39m  
  [32;1m✓[39;22m[90m [39m[90mBuildingResource edit page only allows editing buildings within tenant scope @ repetition 37 of 100[39m[90m         [39m [90m0.33s[39m  
  [32;1m✓[39;22m[90m [39m[90mBuildingResource edit page only allows editing buildings within tenant scope @ repetition 38 of 100[39m[90m         [39m [90m0.55s[39m  
  [32;1m✓[39;22m[90m [39m[90mBuildingResource edit page only allows editing buildings within tenant scope @ repetition 39 of 100[39m[90m         [39m [90m0.31s[39m  
  [32;1m✓[39;22m[90m [39m[90mBuildingResource edit page only allows editing buildings within tenant scope @ repetition 40 of 100[39m[90m         [39m [90m0.64s[39m  
  [32;1m✓[39;22m[90m [39m[90mBuildingResource edit page only allows editing buildings within tenant scope @ repetition 41 of 100[39m[90m         [39m [90m0.26s[39m  
  [32;1m✓[39;22m[90m [39m[90mBuildingResource edit page only allows editing buildings within tenant scope @ repetition 42 of 100[39m[90m         [39m [90m0.53s[39m  
  [32;1m✓[39;22m[90m [39m[90mBuildingResource edit page only allows editing buildings within tenant scope @ repetition 43 of 100[39m[90m         [39m [90m0.28s[39m  
  [32;1m✓[39;22m[90m [39m[90mBuildingResource edit page only allows editing buildings within tenant scope @ repetition 44 of 100[39m[90m         [39m [90m0.61s[39m  
  [32;1m✓[39;22m[90m [39m[90mBuildingResource edit page only allows editing buildings within tenant scope @ repetition 45 of 100[39m[90m         [39m [90m0.32s[39m  
  [32;1m✓[39;22m[90m [39m[90mBuildingResource edit page only allows editing buildings within tenant scope @ repetition 46 of 100[39m[90m         [39m [90m0.56s[39m  
  [32;1m✓[39;22m[90m [39m[90mBuildingResource edit page only allows editing buildings within tenant scope @ repetition 47 of 100[39m[90m         [39m [90m0.33s[39m  
  [32;1m✓[39;22m[90m [39m[90mBuildingResource edit page only allows editing buildings within tenant scope @ repetition 48 of 100[39m[90m         [39m [90m0.60s[39m  
  [32;1m✓[39;22m[90m [39m[90mBuildingResource edit page only allows editing buildings within tenant scope @ repetition 49 of 100[39m[90m         [39m [90m0.29s[39m  
  [32;1m✓[39;22m[90m [39m[90mBuildingResource edit page only allows editing buildings within tenant scope @ repetition 50 of 100[39m[90m         [39m [90m0.57s[39m  
  [32;1m✓[39;22m[90m [39m[90mBuildingResource edit page only allows editing buildings within tenant scope @ repetition 51 of 100[39m[90m         [39m [90m0.27s[39m  
  [32;1m✓[39;22m[90m [39m[90mBuildingResource edit page only allows editing buildings within tenant scope @ repetition 52 of 100[39m[90m         [39m [90m0.62s[39m  
  [32;1m✓[39;22m[90m [39m[90mBuildingResource edit page only allows editing buildings within tenant scope @ repetition 53 of 100[39m[90m         [39m [90m0.30s[39m  
  [32;1m✓[39;22m[90m [39m[90mBuildingResource edit page only allows editing buildings within tenant scope @ repetition 54 of 100[39m[90m         [39m [90m0.58s[39m  
  [32;1m✓[39;22m[90m [39m[90mBuildingResource edit page only allows editing buildings within tenant scope @ repetition 55 of 100[39m[90m         [39m [90m0.35s[39m  
  [32;1m✓[39;22m[90m [39m[90mBuildingResource edit page only allows editing buildings within tenant scope @ repetition 56 of 100[39m[90m         [39m [90m0.55s[39m  
  [32;1m✓[39;22m[90m [39m[90mBuildingResource edit page only allows editing buildings within tenant scope @ repetition 57 of 100[39m[90m         [39m [90m0.32s[39m  
  [32;1m✓[39;22m[90m [39m[90mBuildingResource edit page only allows editing buildings within tenant scope @ repetition 58 of 100[39m[90m         [39m [90m0.64s[39m  
  [32;1m✓[39;22m[90m [39m[90mBuildingResource edit page only allows editing buildings within tenant scope @ repetition 59 of 100[39m[90m         [39m [90m0.34s[39m  
  [32;1m✓[39;22m[90m [39m[90mBuildingResource edit page only allows editing buildings within tenant scope @ repetition 60 of 100[39m[90m         [39m [90m0.54s[39m  
  [32;1m✓[39;22m[90m [39m[90mBuildingResource edit page only allows editing buildings within tenant scope @ repetition 61 of 100[39m[90m         [39m [90m0.31s[39m  
  [32;1m✓[39;22m[90m [39m[90mBuildingResource edit page only allows editing buildings within tenant scope @ repetition 62 of 100[39m[90m         [39m [90m0.56s[39m  
  [32;1m✓[39;22m[90m [39m[90mBuildingResource edit page only allows editing buildings within tenant scope @ repetition 63 of 100[39m[90m         [39m [90m0.27s[39m  
  [32;1m✓[39;22m[90m [39m[90mBuildingResource edit page only allows editing buildings within tenant scope @ repetition 64 of 100[39m[90m         [39m [90m0.66s[39m  
  [32;1m✓[39;22m[90m [39m[90mBuildingResource edit page only allows editing buildings within tenant scope @ repetition 65 of 100[39m[90m         [39m [90m0.28s[39m  
  [32;1m✓[39;22m[90m [39m[90mBuildingResource edit page only allows editing buildings within tenant scope @ repetition 66 of 100[39m[90m         [39m [90m0.59s[39m  
  [32;1m✓[39;22m[90m [39m[90mBuildingResource edit page only allows editing buildings within tenant scope @ repetition 67 of 100[39m[90m         [39m [90m0.29s[39m  
  [32;1m✓[39;22m[90m [39m[90mBuildingResource edit page only allows editing buildings within tenant scope @ repetition 68 of 100[39m[90m         [39m [90m0.55s[39m  
  [32;1m✓[39;22m[90m [39m[90mBuildingResource edit page only allows editing buildings within tenant scope @ repetition 69 of 100[39m[90m         [39m [90m0.29s[39m  
  [32;1m✓[39;22m[90m [39m[90mBuildingResource edit page only allows editing buildings within tenant scope @ repetition 70 of 100[39m[90m         [39m [90m0.60s[39m  
  [32;1m✓[39;22m[90m [39m[90mBuildingResource edit page only allows editing buildings within tenant scope @ repetition 71 of 100[39m[90m         [39m [90m0.30s[39m  
  [32;1m✓[39;22m[90m [39m[90mBuildingResource edit page only allows editing buildings within tenant scope @ repetition 72 of 100[39m[90m         [39m [90m0.63s[39m  
  [32;1m✓[39;22m[90m [39m[90mBuildingResource edit page only allows editing buildings within tenant scope @ repetition 73 of 100[39m[90m         [39m [90m0.24s[39m  
  [32;1m✓[39;22m[90m [39m[90mBuildingResource edit page only allows editing buildings within tenant scope @ repetition 74 of 100[39m[90m         [39m [90m0.61s[39m  
  [32;1m✓[39;22m[90m [39m[90mBuildingResource edit page only allows editing buildings within tenant scope @ repetition 75 of 100[39m[90m         [39m [90m0.30s[39m  
  [32;1m✓[39;22m[90m [39m[90mBuildingResource edit page only allows editing buildings within tenant scope @ repetition 76 of 100[39m[90m         [39m [90m0.57s[39m  
  [32;1m✓[39;22m[90m [39m[90mBuildingResource edit page only allows editing buildings within tenant scope @ repetition 77 of 100[39m[90m         [39m [90m0.26s[39m  
  [32;1m✓[39;22m[90m [39m[90mBuildingResource edit page only allows editing buildings within tenant scope @ repetition 78 of 100[39m[90m         [39m [90m0.64s[39m  
  [32;1m✓[39;22m[90m [39m[90mBuildingResource edit page only allows editing buildings within tenant scope @ repetition 79 of 100[39m[90m         [39m [90m0.35s[39m  
  [32;1m✓[39;22m[90m [39m[90mBuildingResource edit page only allows editing buildings within tenant scope @ repetition 80 of 100[39m[90m         [39m [90m0.62s[39m  
  [32;1m✓[39;22m[90m [39m[90mBuildingResource edit page only allows editing buildings within tenant scope @ repetition 81 of 100[39m[90m         [39m [90m0.29s[39m  
  [32;1m✓[39;22m[90m [39m[90mBuildingResource edit page only allows editing buildings within tenant scope @ repetition 82 of 100[39m[90m         [39m [90m0.58s[39m  
  [32;1m✓[39;22m[90m [39m[90mBuildingResource edit page only allows editing buildings within tenant scope @ repetition 83 of 100[39m[90m         [39m [90m0.28s[39m  
  [32;1m✓[39;22m[90m [39m[90mBuildingResource edit page only allows editing buildings within tenant scope @ repetition 84 of 100[39m[90m         [39m [90m0.58s[39m  
  [32;1m✓[39;22m[90m [39m[90mBuildingResource edit page only allows editing buildings within tenant scope @ repetition 85 of 100[39m[90m         [39m [90m0.31s[39m  
  [32;1m✓[39;22m[90m [39m[90mBuildingResource edit page only allows editing buildings within tenant scope @ repetition 86 of 100[39m[90m         [39m [90m0.53s[39m  
  [32;1m✓[39;22m[90m [39m[90mBuildingResource edit page only allows editing buildings within tenant scope @ repetition 87 of 100[39m[90m         [39m [90m0.27s[39m  
  [32;1m✓[39;22m[90m [39m[90mBuildingResource edit page only allows editing buildings within tenant scope @ repetition 88 of 100[39m[90m         [39m [90m0.68s[39m  
  [32;1m✓[39;22m[90m [39m[90mBuildingResource edit page only allows editing buildings within tenant scope @ repetition 89 of 100[39m[90m         [39m [90m0.28s[39m  
  [32;1m✓[39;22m[90m [39m[90mBuildingResource edit page only allows editing buildings within tenant scope @ repetition 90 of 100[39m[90m         [39m [90m0.60s[39m  
  [32;1m✓[39;22m[90m [39m[90mBuildingResource edit page only allows editing buildings within tenant scope @ repetition 91 of 100[39m[90m         [39m [90m0.39s[39m  
  [32;1m✓[39;22m[90m [39m[90mBuildingResource edit page only allows editing buildings within tenant scope @ repetition 92 of 100[39m[90m         [39m [90m0.71s[39m  
  [32;1m✓[39;22m[90m [39m[90mBuildingResource edit page only allows editing buildings within tenant scope @ repetition 93 of 100[39m[90m         [39m [90m0.35s[39m  
  [32;1m✓[39;22m[90m [39m[90mBuildingResource edit page only allows editing buildings within tenant scope @ repetition 94 of 100[39m[90m         [39m [90m0.62s[39m  
  [32;1m✓[39;22m[90m [39m[90mBuildingResource edit page only allows editing buildings within tenant scope @ repetition 95 of 100[39m[90m         [39m [90m0.32s[39m  
  [32;1m✓[39;22m[90m [39m[90mBuildingResource edit page only allows editing buildings within tenant scope @ repetition 96 of 100[39m[90m         [39m [90m0.67s[39m  
  [32;1m✓[39;22m[90m [39m[90mBuildingResource edit page only allows editing buildings within tenant scope @ repetition 97 of 100[39m[90m         [39m [90m0.26s[39m  
  [32;1m✓[39;22m[90m [39m[90mBuildingResource edit page only allows editing buildings within tenant scope @ repetition 98 of 100[39m[90m         [39m [90m0.57s[39m  
  [32;1m✓[39;22m[90m [39m[90mBuildingResource edit page only allows editing buildings within tenant scope @ repetition 99 of 100[39m[90m         [39m [90m0.26s[39m  
  [32;1m✓[39;22m[90m [39m[90mBuildingResource edit page only allows editing buildings within tenant scope @ repetition 100 of 100[39m[90m        [39m [90m0.59s[39m  
  [32;1m✓[39;22m[90m [39m[90mSuperadmin users can access buildings from all tenants @ repetition 1 of 100[39m[90m                                [39m [90m0.76s[39m  
  [32;1m✓[39;22m[90m [39m[90mSuperadmin users can access buildings from all tenants @ repetition 2 of 100[39m[90m                                [39m [90m0.65s[39m  
  [32;1m✓[39;22m[90m [39m[90mSuperadmin users can access buildings from all tenants @ repetition 3 of 100[39m[90m                                [39m [90m0.74s[39m  
  [32;1m✓[39;22m[90m [39m[90mSuperadmin users can access buildings from all tenants @ repetition 4 of 100[39m[90m                                [39m [90m0.66s[39m  
  [32;1m✓[39;22m[90m [39m[90mSuperadmin users can access buildings from all tenants @ repetition 5 of 100[39m[90m                                [39m [90m0.66s[39m  
  [32;1m✓[39;22m[90m [39m[90mSuperadmin users can access buildings from all tenants @ repetition 6 of 100[39m[90m                                [39m [90m0.71s[39m  
  [32;1m✓[39;22m[90m [39m[90mSuperadmin users can access buildings from all tenants @ repetition 7 of 100[39m[90m                                [39m [90m0.74s[39m  
  [32;1m✓[39;22m[90m [39m[90mSuperadmin users can access buildings from all tenants @ repetition 8 of 100[39m[90m                                [39m [90m0.41s[39m  
  [32;1m✓[39;22m[90m [39m[90mSuperadmin users can access buildings from all tenants @ repetition 9 of 100[39m[90m                                [39m [90m0.69s[39m  
  [32;1m✓[39;22m[90m [39m[90mSuperadmin users can access buildings from all tenants @ repetition 10 of 100[39m[90m                               [39m [90m0.77s[39m  
  [32;1m✓[39;22m[90m [39m[90mSuperadmin users can access buildings from all tenants @ repetition 11 of 100[39m[90m                               [39m [90m0.70s[39m  
  [32;1m✓[39;22m[90m [39m[90mSuperadmin users can access buildings from all tenants @ repetition 12 of 100[39m[90m                               [39m [90m0.64s[39m  
  [32;1m✓[39;22m[90m [39m[90mSuperadmin users can access buildings from all tenants @ repetition 13 of 100[39m[90m                               [39m [90m0.76s[39m  
  [32;1m✓[39;22m[90m [39m[90mSuperadmin users can access buildings from all tenants @ repetition 14 of 100[39m[90m                               [39m [90m0.71s[39m  
  [32;1m✓[39;22m[90m [39m[90mSuperadmin users can access buildings from all tenants @ repetition 15 of 100[39m[90m                               [39m [90m0.69s[39m  
  [32;1m✓[39;22m[90m [39m[90mSuperadmin users can access buildings from all tenants @ repetition 16 of 100[39m[90m                               [39m [90m0.72s[39m  
  [32;1m✓[39;22m[90m [39m[90mSuperadmin users can access buildings from all tenants @ repetition 17 of 100[39m[90m                               [39m [90m0.44s[39m  
  [32;1m✓[39;22m[90m [39m[90mSuperadmin users can access buildings from all tenants @ repetition 18 of 100[39m[90m                               [39m [90m0.68s[39m  
  [32;1m✓[39;22m[90m [39m[90mSuperadmin users can access buildings from all tenants @ repetition 19 of 100[39m[90m                               [39m [90m0.65s[39m  
  [32;1m✓[39;22m[90m [39m[90mSuperadmin users can access buildings from all tenants @ repetition 20 of 100[39m[90m                               [39m [90m0.76s[39m  
  [32;1m✓[39;22m[90m [39m[90mSuperadmin users can access buildings from all tenants @ repetition 21 of 100[39m[90m                               [39m [90m0.77s[39m  
  [32;1m✓[39;22m[90m [39m[90mSuperadmin users can access buildings from all tenants @ repetition 22 of 100[39m[90m                               [39m [90m0.69s[39m  
  [32;1m✓[39;22m[90m [39m[90mSuperadmin users can access buildings from all tenants @ repetition 23 of 100[39m[90m                               [39m [90m0.72s[39m  
  [32;1m✓[39;22m[90m [39m[90mSuperadmin users can access buildings from all tenants @ repetition 24 of 100[39m[90m                               [39m [90m0.68s[39m  
  [32;1m✓[39;22m[90m [39m[90mSuperadmin users can access buildings from all tenants @ repetition 25 of 100[39m[90m                               [39m [90m0.59s[39m  
  [32;1m✓[39;22m[90m [39m[90mSuperadmin users can access buildings from all tenants @ repetition 26 of 100[39m[90m                               [39m [90m0.48s[39m  
  [32;1m✓[39;22m[90m [39m[90mSuperadmin users can access buildings from all tenants @ repetition 27 of 100[39m[90m                               [39m [90m0.71s[39m  
  [32;1m✓[39;22m[90m [39m[90mSuperadmin users can access buildings from all tenants @ repetition 28 of 100[39m[90m                               [39m [90m0.70s[39m  
  [32;1m✓[39;22m[90m [39m[90mSuperadmin users can access buildings from all tenants @ repetition 29 of 100[39m[90m                               [39m [90m0.66s[39m  
  [32;1m✓[39;22m[90m [39m[90mSuperadmin users can access buildings from all tenants @ repetition 30 of 100[39m[90m                               [39m [90m0.62s[39m  
  [32;1m✓[39;22m[90m [39m[90mSuperadmin users can access buildings from all tenants @ repetition 31 of 100[39m[90m                               [39m [90m0.59s[39m  
  [32;1m✓[39;22m[90m [39m[90mSuperadmin users can access buildings from all tenants @ repetition 32 of 100[39m[90m                               [39m [90m0.64s[39m  
  [32;1m✓[39;22m[90m [39m[90mSuperadmin users can access buildings from all tenants @ repetition 33 of 100[39m[90m                               [39m [90m0.70s[39m  
  [32;1m✓[39;22m[90m [39m[90mSuperadmin users can access buildings from all tenants @ repetition 34 of 100[39m[90m                               [39m [90m0.73s[39m  
  [32;1m✓[39;22m[90m [39m[90mSuperadmin users can access buildings from all tenants @ repetition 35 of 100[39m[90m                               [39m [90m0.41s[39m  
  [32;1m✓[39;22m[90m [39m[90mSuperadmin users can access buildings from all tenants @ repetition 36 of 100[39m[90m                               [39m [90m0.63s[39m  
  [32;1m✓[39;22m[90m [39m[90mSuperadmin users can access buildings from all tenants @ repetition 37 of 100[39m[90m                               [39m [90m0.67s[39m  
  [32;1m✓[39;22m[90m [39m[90mSuperadmin users can access buildings from all tenants @ repetition 38 of 100[39m[90m                               [39m [90m0.64s[39m  
  [32;1m✓[39;22m[90m [39m[90mSuperadmin users can access buildings from all tenants @ repetition 39 of 100[39m[90m                               [39m [90m0.72s[39m  
  [32;1m✓[39;22m[90m [39m[90mSuperadmin users can access buildings from all tenants @ repetition 40 of 100[39m[90m                               [39m [90m0.75s[39m  
  [32;1m✓[39;22m[90m [39m[90mSuperadmin users can access buildings from all tenants @ repetition 41 of 100[39m[90m                               [39m [90m0.77s[39m  
  [32;1m✓[39;22m[90m [39m[90mSuperadmin users can access buildings from all tenants @ repetition 42 of 100[39m[90m                               [39m [90m0.73s[39m  
  [32;1m✓[39;22m[90m [39m[90mSuperadmin users can access buildings from all tenants @ repetition 43 of 100[39m[90m                               [39m [90m0.70s[39m  
  [32;1m✓[39;22m[90m [39m[90mSuperadmin users can access buildings from all tenants @ repetition 44 of 100[39m[90m                               [39m [90m0.39s[39m  
  [32;1m✓[39;22m[90m [39m[90mSuperadmin users can access buildings from all tenants @ repetition 45 of 100[39m[90m                               [39m [90m0.67s[39m  
  [32;1m✓[39;22m[90m [39m[90mSuperadmin users can access buildings from all tenants @ repetition 46 of 100[39m[90m                               [39m [90m0.69s[39m  
  [32;1m✓[39;22m[90m [39m[90mSuperadmin users can access buildings from all tenants @ repetition 47 of 100[39m[90m                               [39m [90m0.61s[39m  
  [32;1m✓[39;22m[90m [39m[90mSuperadmin users can access buildings from all tenants @ repetition 48 of 100[39m[90m                               [39m [90m0.66s[39m  
  [32;1m✓[39;22m[90m [39m[90mSuperadmin users can access buildings from all tenants @ repetition 49 of 100[39m[90m                               [39m [90m0.71s[39m  
  [32;1m✓[39;22m[90m [39m[90mSuperadmin users can access buildings from all tenants @ repetition 50 of 100[39m[90m                               [39m [90m0.69s[39m  
  [32;1m✓[39;22m[90m [39m[90mSuperadmin users can access buildings from all tenants @ repetition 51 of 100[39m[90m                               [39m [90m0.62s[39m  
  [32;1m✓[39;22m[90m [39m[90mSuperadmin users can access buildings from all tenants @ repetition 52 of 100[39m[90m                               [39m [90m0.62s[39m  
  [32;1m✓[39;22m[90m [39m[90mSuperadmin users can access buildings from all tenants @ repetition 53 of 100[39m[90m                               [39m [90m0.42s[39m  
  [32;1m✓[39;22m[90m [39m[90mSuperadmin users can access buildings from all tenants @ repetition 54 of 100[39m[90m                               [39m [90m0.58s[39m  
  [32;1m✓[39;22m[90m [39m[90mSuperadmin users can access buildings from all tenants @ repetition 55 of 100[39m[90m                               [39m [90m0.67s[39m  
  [32;1m✓[39;22m[90m [39m[90mSuperadmin users can access buildings from all tenants @ repetition 56 of 100[39m[90m                               [39m [90m0.72s[39m  
  [32;1m✓[39;22m[90m [39m[90mSuperadmin users can access buildings from all tenants @ repetition 57 of 100[39m[90m                               [39m [90m0.65s[39m  
  [32;1m✓[39;22m[90m [39m[90mSuperadmin users can access buildings from all tenants @ repetition 58 of 100[39m[90m                               [39m [90m0.61s[39m  
  [32;1m✓[39;22m[90m [39m[90mSuperadmin users can access buildings from all tenants @ repetition 59 of 100[39m[90m                               [39m [90m0.68s[39m  
  [32;1m✓[39;22m[90m [39m[90mSuperadmin users can access buildings from all tenants @ repetition 60 of 100[39m[90m                               [39m [90m0.65s[39m  
  [32;1m✓[39;22m[90m [39m[90mSuperadmin users can access buildings from all tenants @ repetition 61 of 100[39m[90m                               [39m [90m0.67s[39m  
  [32;1m✓[39;22m[90m [39m[90mSuperadmin users can access buildings from all tenants @ repetition 62 of 100[39m[90m                               [39m [90m0.38s[39m  
  [32;1m✓[39;22m[90m [39m[90mSuperadmin users can access buildings from all tenants @ repetition 63 of 100[39m[90m                               [39m [90m0.65s[39m  
  [32;1m✓[39;22m[90m [39m[90mSuperadmin users can access buildings from all tenants @ repetition 64 of 100[39m[90m                               [39m [90m0.80s[39m  
  [32;1m✓[39;22m[90m [39m[90mSuperadmin users can access buildings from all tenants @ repetition 65 of 100[39m[90m                               [39m [90m0.67s[39m  
  [32;1m✓[39;22m[90m [39m[90mSuperadmin users can access buildings from all tenants @ repetition 66 of 100[39m[90m                               [39m [90m0.74s[39m  
  [32;1m✓[39;22m[90m [39m[90mSuperadmin users can access buildings from all tenants @ repetition 67 of 100[39m[90m                               [39m [90m0.71s[39m  
  [32;1m✓[39;22m[90m [39m[90mSuperadmin users can access buildings from all tenants @ repetition 68 of 100[39m[90m                               [39m [90m0.68s[39m  
  [32;1m✓[39;22m[90m [39m[90mSuperadmin users can access buildings from all tenants @ repetition 69 of 100[39m[90m                               [39m [90m0.69s[39m  
  [32;1m✓[39;22m[90m [39m[90mSuperadmin users can access buildings from all tenants @ repetition 70 of 100[39m[90m                               [39m [90m0.70s[39m  
  [32;1m✓[39;22m[90m [39m[90mSuperadmin users can access buildings from all tenants @ repetition 71 of 100[39m[90m                               [39m [90m0.40s[39m  
  [32;1m✓[39;22m[90m [39m[90mSuperadmin users can access buildings from all tenants @ repetition 72 of 100[39m[90m                               [39m [90m0.69s[39m  
  [32;1m✓[39;22m[90m [39m[90mSuperadmin users can access buildings from all tenants @ repetition 73 of 100[39m[90m                               [39m [90m0.68s[39m  
  [32;1m✓[39;22m[90m [39m[90mSuperadmin users can access buildings from all tenants @ repetition 74 of 100[39m[90m                               [39m [90m0.78s[39m  
  [32;1m✓[39;22m[90m [39m[90mSuperadmin users can access buildings from all tenants @ repetition 75 of 100[39m[90m                               [39m [90m0.71s[39m  
  [32;1m✓[39;22m[90m [39m[90mSuperadmin users can access buildings from all tenants @ repetition 76 of 100[39m[90m                               [39m [90m0.67s[39m  
  [32;1m✓[39;22m[90m [39m[90mSuperadmin users can access buildings from all tenants @ repetition 77 of 100[39m[90m                               [39m [90m0.84s[39m  
  [32;1m✓[39;22m[90m [39m[90mSuperadmin users can access buildings from all tenants @ repetition 78 of 100[39m[90m                               [39m [90m0.74s[39m  
  [32;1m✓[39;22m[90m [39m[90mSuperadmin users can access buildings from all tenants @ repetition 79 of 100[39m[90m                               [39m [90m0.69s[39m  
  [32;1m✓[39;22m[90m [39m[90mSuperadmin users can access buildings from all tenants @ repetition 80 of 100[39m[90m                               [39m [90m0.47s[39m  
  [32;1m✓[39;22m[90m [39m[90mSuperadmin users can access buildings from all tenants @ repetition 81 of 100[39m[90m                               [39m [90m0.76s[39m  
  [32;1m✓[39;22m[90m [39m[90mSuperadmin users can access buildings from all tenants @ repetition 82 of 100[39m[90m                               [39m [90m0.73s[39m  
  [32;1m✓[39;22m[90m [39m[90mSuperadmin users can access buildings from all tenants @ repetition 83 of 100[39m[90m                               [39m [90m0.73s[39m  
  [32;1m✓[39;22m[90m [39m[90mSuperadmin users can access buildings from all tenants @ repetition 84 of 100[39m[90m                               [39m [90m0.74s[39m  
  [32;1m✓[39;22m[90m [39m[90mSuperadmin users can access buildings from all tenants @ repetition 85 of 100[39m[90m                               [39m [90m0.82s[39m  
  [32;1m✓[39;22m[90m [39m[90mSuperadmin users can access buildings from all tenants @ repetition 86 of 100[39m[90m                               [39m [90m0.84s[39m  
  [32;1m✓[39;22m[90m [39m[90mSuperadmin users can access buildings from all tenants @ repetition 87 of 100[39m[90m                               [39m [90m0.73s[39m  
  [32;1m✓[39;22m[90m [39m[90mSuperadmin users can access buildings from all tenants @ repetition 88 of 100[39m[90m                               [39m [90m0.87s[39m  
  [32;1m✓[39;22m[90m [39m[90mSuperadmin users can access buildings from all tenants @ repetition 89 of 100[39m[90m                               [39m [90m0.40s[39m  
  [32;1m✓[39;22m[90m [39m[90mSuperadmin users can access buildings from all tenants @ repetition 90 of 100[39m[90m                               [39m [90m0.74s[39m  
  [32;1m✓[39;22m[90m [39m[90mSuperadmin users can access buildings from all tenants @ repetition 91 of 100[39m[90m                               [39m [90m0.75s[39m  
  [32;1m✓[39;22m[90m [39m[90mSuperadmin users can access buildings from all tenants @ repetition 92 of 100[39m[90m                               [39m [90m0.66s[39m  
  [32;1m✓[39;22m[90m [39m[90mSuperadmin users can access buildings from all tenants @ repetition 93 of 100[39m[90m                               [39m [90m0.72s[39m  
  [32;1m✓[39;22m[90m [39m[90mSuperadmin users can access buildings from all tenants @ repetition 94 of 100[39m[90m                               [39m [90m0.69s[39m  
  [32;1m✓[39;22m[90m [39m[90mSuperadmin users can access buildings from all tenants @ repetition 95 of 100[39m[90m                               [39m [90m0.72s[39m  
  [32;1m✓[39;22m[90m [39m[90mSuperadmin users can access buildings from all tenants @ repetition 96 of 100[39m[90m                               [39m [90m0.65s[39m  
  [32;1m✓[39;22m[90m [39m[90mSuperadmin users can access buildings from all tenants @ repetition 97 of 100[39m[90m                               [39m [90m0.67s[39m  
  [32;1m✓[39;22m[90m [39m[90mSuperadmin users can access buildings from all tenants @ repetition 98 of 100[39m[90m                               [39m [90m0.46s[39m  
  [32;1m✓[39;22m[90m [39m[90mSuperadmin users can access buildings from all tenants @ repetition 99 of 100[39m[90m                               [39m [90m0.79s[39m  
  [32;1m✓[39;22m[90m [39m[90mSuperadmin users can access buildings from all tenants @ repetition 100 of 100[39m[90m                              [39m [90m0.64s[39m  

  [39;41;1m FAIL [39;49;22m[39m Tests\Feature\FilamentBuildingValidationConsistencyPropertyTest[39m
  [31;1m⨯[39;22m[90m [39m[90mFilament BuildingResource applies same validation rules as StoreBuildingRequest for create operations @ rep[39m[90m…[39m [90m1.73s[39m  
  [31;1m⨯[39;22m[90m [39m[90mFilament BuildingResource applies same validation rules as StoreBuildingRequest for create operations @ rep[39m[90m…[39m [90m0.87s[39m  
  [31;1m⨯[39;22m[90m [39m[90mFilament BuildingResource applies same validation rules as StoreBuildingRequest for create operations @ rep[39m[90m…[39m [90m0.77s[39m  
  [31;1m⨯[39;22m[90m [39m[90mFilament BuildingResource applies same validation rules as StoreBuildingRequest for create operations @ rep[39m[90m…[39m [90m1.03s[39m  
  [31;1m⨯[39;22m[90m [39m[90mFilament BuildingResource applies same validation rules as StoreBuildingRequest for create operations @ rep[39m[90m…[39m [90m0.96s[39m  
  [31;1m⨯[39;22m[90m [39m[90mFilament BuildingResource applies same validation rules as StoreBuildingRequest for create operations @ rep[39m[90m…[39m [90m0.71s[39m  
  [31;1m⨯[39;22m[90m [39m[90mFilament BuildingResource applies same validation rules as StoreBuildingRequest for create operations @ rep[39m[90m…[39m [90m1.06s[39m  
  [31;1m⨯[39;22m[90m [39m[90mFilament BuildingResource applies same validation rules as StoreBuildingRequest for create operations @ rep[39m[90m…[39m [90m1.03s[39m  
  [31;1m⨯[39;22m[90m [39m[90mFilament BuildingResource applies same validation rules as StoreBuildingRequest for create operations @ rep[39m[90m…[39m [90m0.76s[39m  
  [31;1m⨯[39;22m[90m [39m[90mFilament BuildingResource applies same validation rules as StoreBuildingRequest for create operations @ rep[39m[90m…[39m [90m0.93s[39m  
  [31;1m⨯[39;22m[90m [39m[90mFilament BuildingResource applies same validation rules as StoreBuildingRequest for create operations @ rep[39m[90m…[39m [90m0.76s[39m  
  [31;1m⨯[39;22m[90m [39m[90mFilament BuildingResource applies same validation rules as StoreBuildingRequest for create operations @ rep[39m[90m…[39m [90m1.07s[39m  
  [31;1m⨯[39;22m[90m [39m[90mFilament BuildingResource applies same validation rules as StoreBuildingRequest for create operations @ rep[39m[90m…[39m [90m1.01s[39m  
  [31;1m⨯[39;22m[90m [39m[90mFilament BuildingResource applies same validation rules as StoreBuildingRequest for create operations @ rep[39m[90m…[39m [90m0.72s[39m  
  [31;1m⨯[39;22m[90m [39m[90mFilament BuildingResource applies same validation rules as StoreBuildingRequest for create operations @ rep[39m[90m…[39m [90m0.96s[39m  
  [31;1m⨯[39;22m[90m [39m[90mFilament BuildingResource applies same validation rules as StoreBuildingRequest for create operations @ rep[39m[90m…[39m [90m0.92s[39m  
  [31;1m⨯[39;22m[90m [39m[90mFilament BuildingResource applies same validation rules as StoreBuildingRequest for create operations @ rep[39m[90m…[39m [90m0.86s[39m  
  [31;1m⨯[39;22m[90m [39m[90mFilament BuildingResource applies same validation rules as StoreBuildingRequest for create operations @ rep[39m[90m…[39m [90m1.08s[39m  
  [31;1m⨯[39;22m[90m [39m[90mFilament BuildingResource applies same validation rules as StoreBuildingRequest for create operations @ rep[39m[90m…[39m [90m0.80s[39m  
  [31;1m⨯[39;22m[90m [39m[90mFilament BuildingResource applies same validation rules as StoreBuildingRequest for create operations @ rep[39m[90m…[39m [90m0.95s[39m  
  [31;1m⨯[39;22m[90m [39m[90mFilament BuildingResource applies same validation rules as StoreBuildingRequest for create operations @ rep[39m[90m…[39m [90m0.94s[39m  
  [31;1m⨯[39;22m[90m [39m[90mFilament BuildingResource applies same validation rules as StoreBuildingRequest for create operations @ rep[39m[90m…[39m [90m0.76s[39m  
  [31;1m⨯[39;22m[90m [39m[90mFilament BuildingResource applies same validation rules as StoreBuildingRequest for create operations @ rep[39m[90m…[39m [90m0.84s[39m  
  [31;1m⨯[39;22m[90m [39m[90mFilament BuildingResource applies same validation rules as StoreBuildingRequest for create operations @ rep[39m[90m…[39m [90m0.88s[39m  
  [31;1m⨯[39;22m[90m [39m[90mFilament BuildingResource applies same validation rules as StoreBuildingRequest for create operations @ rep[39m[90m…[39m [90m0.88s[39m  
  [31;1m⨯[39;22m[90m [39m[90mFilament BuildingResource applies same validation rules as StoreBuildingRequest for create operations @ rep[39m[90m…[39m [90m1.00s[39m  
  [31;1m⨯[39;22m[90m [39m[90mFilament BuildingResource applies same validation rules as StoreBuildingRequest for create operations @ rep[39m[90m…[39m [90m0.88s[39m  
  [31;1m⨯[39;22m[90m [39m[90mFilament BuildingResource applies same validation rules as StoreBuildingRequest for create operations @ rep[39m[90m…[39m [90m1.05s[39m  
  [31;1m⨯[39;22m[90m [39m[90mFilament BuildingResource applies same validation rules as StoreBuildingRequest for create operations @ rep[39m[90m…[39m [90m1.05s[39m  
  [31;1m⨯[39;22m[90m [39m[90mFilament BuildingResource applies same validation rules as StoreBuildingRequest for create operations @ rep[39m[90m…[39m [90m0.90s[39m  
  [31;1m⨯[39;22m[90m [39m[90mFilament BuildingResource applies same validation rules as StoreBuildingRequest for create operations @ rep[39m[90m…[39m [90m1.02s[39m  
  [31;1m⨯[39;22m[90m [39m[90mFilament BuildingResource applies same validation rules as StoreBuildingRequest for create operations @ rep[39m[90m…[39m [90m0.97s[39m  
  [31;1m⨯[39;22m[90m [39m[90mFilament BuildingResource applies same validation rules as StoreBuildingRequest for create operations @ rep[39m[90m…[39m [90m0.72s[39m  
  [31;1m⨯[39;22m[90m [39m[90mFilament BuildingResource applies same validation rules as StoreBuildingRequest for create operations @ rep[39m[90m…[39m [90m0.89s[39m  
  [31;1m⨯[39;22m[90m [39m[90mFilament BuildingResource applies same validation rules as StoreBuildingRequest for create operations @ rep[39m[90m…[39m [90m0.75s[39m  
  [31;1m⨯[39;22m[90m [39m[90mFilament BuildingResource applies same validation rules as StoreBuildingRequest for create operations @ rep[39m[90m…[39m [90m0.94s[39m  
  [31;1m⨯[39;22m[90m [39m[90mFilament BuildingResource applies same validation rules as StoreBuildingRequest for create operations @ rep[39m[90m…[39m [90m0.89s[39m  
  [31;1m⨯[39;22m[90m [39m[90mFilament BuildingResource applies same validation rules as StoreBuildingRequest for create operations @ rep[39m[90m…[39m [90m0.67s[39m  
  [31;1m⨯[39;22m[90m [39m[90mFilament BuildingResource applies same validation rules as StoreBuildingRequest for create operations @ rep[39m[90m…[39m [90m0.88s[39m  
  [31;1m⨯[39;22m[90m [39m[90mFilament BuildingResource applies same validation rules as StoreBuildingRequest for create operations @ rep[39m[90m…[39m [90m0.84s[39m  
  [31;1m⨯[39;22m[90m [39m[90mFilament BuildingResource applies same validation rules as StoreBuildingRequest for create operations @ rep[39m[90m…[39m [90m0.68s[39m  
  [31;1m⨯[39;22m[90m [39m[90mFilament BuildingResource applies same validation rules as StoreBuildingRequest for create operations @ rep[39m[90m…[39m [90m0.99s[39m  
  [31;1m⨯[39;22m[90m [39m[90mFilament BuildingResource applies same validation rules as StoreBuildingRequest for create operations @ rep[39m[90m…[39m [90m0.74s[39m  
  [31;1m⨯[39;22m[90m [39m[90mFilament BuildingResource applies same validation rules as StoreBuildingRequest for create operations @ rep[39m[90m…[39m [90m0.81s[39m  
  [31;1m⨯[39;22m[90m [39m[90mFilament BuildingResource applies same validation rules as StoreBuildingRequest for create operations @ rep[39m[90m…[39m [90m0.76s[39m  
  [31;1m⨯[39;22m[90m [39m[90mFilament BuildingResource applies same validation rules as StoreBuildingRequest for create operations @ rep[39m[90m…[39m [90m0.68s[39m  
  [31;1m⨯[39;22m[90m [39m[90mFilament BuildingResource applies same validation rules as StoreBuildingRequest for create operations @ rep[39m[90m…[39m [90m0.87s[39m  
  [31;1m⨯[39;22m[90m [39m[90mFilament BuildingResource applies same validation rules as StoreBuildingRequest for create operations @ rep[39m[90m…[39m [90m0.89s[39m  
  [31;1m⨯[39;22m[90m [39m[90mFilament BuildingResource applies same validation rules as StoreBuildingRequest for create operations @ rep[39m[90m…[39m [90m0.70s[39m  
  [31;1m⨯[39;22m[90m [39m[90mFilament BuildingResource applies same validation rules as StoreBuildingRequest for create operations @ rep[39m[90m…[39m [90m0.89s[39m  
  [31;1m⨯[39;22m[90m [39m[90mFilament BuildingResource applies same validation rules as StoreBuildingRequest for create operations @ rep[39m[90m…[39m [90m0.70s[39m  
  [31;1m⨯[39;22m[90m [39m[90mFilament BuildingResource applies same validation rules as StoreBuildingRequest for create operations @ rep[39m[90m…[39m [90m0.89s[39m  
  [31;1m⨯[39;22m[90m [39m[90mFilament BuildingResource applies same validation rules as StoreBuildingRequest for create operations @ rep[39m[90m…[39m [90m0.77s[39m  
  [31;1m⨯[39;22m[90m [39m[90mFilament BuildingResource applies same validation rules as StoreBuildingRequest for create operations @ rep[39m[90m…[39m [90m0.69s[39m  
  [31;1m⨯[39;22m[90m [39m[90mFilament BuildingResource applies same validation rules as StoreBuildingRequest for create operations @ rep[39m[90m…[39m [90m0.90s[39m  
  [31;1m⨯[39;22m[90m [39m[90mFilament BuildingResource applies same validation rules as StoreBuildingRequest for create operations @ rep[39m[90m…[39m [90m0.82s[39m  
  [31;1m⨯[39;22m[90m [39m[90mFilament BuildingResource applies same validation rules as StoreBuildingRequest for create operations @ rep[39m[90m…[39m [90m0.63s[39m  
  [31;1m⨯[39;22m[90m [39m[90mFilament BuildingResource applies same validation rules as StoreBuildingRequest for create operations @ rep[39m[90m…[39m [90m0.89s[39m  
  [31;1m⨯[39;22m[90m [39m[90mFilament BuildingResource applies same validation rules as StoreBuildingRequest for create operations @ rep[39m[90m…[39m [90m0.70s[39m  
  [31;1m⨯[39;22m[90m [39m[90mFilament BuildingResource applies same validation rules as StoreBuildingRequest for create operations @ rep[39m[90m…[39m [90m0.83s[39m  
  [31;1m⨯[39;22m[90m [39m[90mFilament BuildingResource applies same validation rules as StoreBuildingRequest for create operations @ rep[39m[90m…[39m [90m0.77s[39m  
  [31;1m⨯[39;22m[90m [39m[90mFilament BuildingResource applies same validation rules as StoreBuildingRequest for create operations @ rep[39m[90m…[39m [90m0.63s[39m  
  [31;1m⨯[39;22m[90m [39m[90mFilament BuildingResource applies same validation rules as StoreBuildingRequest for create operations @ rep[39m[90m…[39m [90m0.87s[39m  
  [31;1m⨯[39;22m[90m [39m[90mFilament BuildingResource applies same validation rules as StoreBuildingRequest for create operations @ rep[39m[90m…[39m [90m0.84s[39m  
  [31;1m⨯[39;22m[90m [39m[90mFilament BuildingResource applies same validation rules as StoreBuildingRequest for create operations @ rep[39m[90m…[39m [90m0.66s[39m  
  [31;1m⨯[39;22m[90m [39m[90mFilament BuildingResource applies same validation rules as StoreBuildingRequest for create operations @ rep[39m[90m…[39m [90m0.78s[39m  
  [31;1m⨯[39;22m[90m [39m[90mFilament BuildingResource applies same validation rules as StoreBuildingRequest for create operations @ rep[39m[90m…[39m [90m0.65s[39m  
  [31;1m⨯[39;22m[90m [39m[90mFilament BuildingResource applies same validation rules as StoreBuildingRequest for create operations @ rep[39m[90m…[39m [90m0.79s[39m  
  [31;1m⨯[39;22m[90m [39m[90mFilament BuildingResource applies same validation rules as StoreBuildingRequest for create operations @ rep[39m[90m…[39m [90m0.80s[39m  
  [31;1m⨯[39;22m[90m [39m[90mFilament BuildingResource applies same validation rules as StoreBuildingRequest for create operations @ rep[39m[90m…[39m [90m0.66s[39m  
  [31;1m⨯[39;22m[90m [39m[90mFilament BuildingResource applies same validation rules as StoreBuildingRequest for create operations @ rep[39m[90m…[39m [90m0.83s[39m  
  [31;1m⨯[39;22m[90m [39m[90mFilament BuildingResource applies same validation rules as StoreBuildingRequest for create operations @ rep[39m[90m…[39m [90m0.77s[39m  
  [31;1m⨯[39;22m[90m [39m[90mFilament BuildingResource applies same validation rules as StoreBuildingRequest for create operations @ rep[39m[90m…[39m [90m0.63s[39m  
  [31;1m⨯[39;22m[90m [39m[90mFilament BuildingResource applies same validation rules as StoreBuildingRequest for create operations @ rep[39m[90m…[39m [90m0.87s[39m  
  [31;1m⨯[39;22m[90m [39m[90mFilament BuildingResource applies same validation rules as StoreBuildingRequest for create operations @ rep[39m[90m…[39m [90m0.67s[39m  
  [31;1m⨯[39;22m[90m [39m[90mFilament BuildingResource applies same validation rules as StoreBuildingRequest for create operations @ rep[39m[90m…[39m [90m0.87s[39m  
  [31;1m⨯[39;22m[90m [39m[90mFilament BuildingResource applies same validation rules as StoreBuildingRequest for create operations @ rep[39m[90m…[39m [90m0.91s[39m  
  [31;1m⨯[39;22m[90m [39m[90mFilament BuildingResource applies same validation rules as StoreBuildingRequest for create operations @ rep[39m[90m…[39m [90m0.71s[39m  
  [31;1m⨯[39;22m[90m [39m[90mFilament BuildingResource applies same validation rules as StoreBuildingRequest for create operations @ rep[39m[90m…[39m [90m0.92s[39m  
  [31;1m⨯[39;22m[90m [39m[90mFilament BuildingResource applies same validation rules as StoreBuildingRequest for create operations @ rep[39m[90m…[39m [90m0.87s[39m  
  [31;1m⨯[39;22m[90m [39m[90mFilament BuildingResource applies same validation rules as StoreBuildingRequest for create operations @ rep[39m[90m…[39m [90m0.70s[39m  
  [31;1m⨯[39;22m[90m [39m[90mFilament BuildingResource applies same validation rules as StoreBuildingRequest for create operations @ rep[39m[90m…[39m [90m0.78s[39m  
  [31;1m⨯[39;22m[90m [39m[90mFilament BuildingResource applies same validation rules as StoreBuildingRequest for create operations @ rep[39m[90m…[39m [90m0.64s[39m  
  [31;1m⨯[39;22m[90m [39m[90mFilament BuildingResource applies same validation rules as StoreBuildingRequest for create operations @ rep[39m[90m…[39m [90m0.86s[39m  
  [31;1m⨯[39;22m[90m [39m[90mFilament BuildingResource applies same validation rules as StoreBuildingRequest for create operations @ rep[39m[90m…[39m [90m0.80s[39m  
  [31;1m⨯[39;22m[90m [39m[90mFilament BuildingResource applies same validation rules as StoreBuildingRequest for create operations @ rep[39m[90m…[39m [90m0.66s[39m  
  [31;1m⨯[39;22m[90m [39m[90mFilament BuildingResource applies same validation rules as StoreBuildingRequest for create operations @ rep[39m[90m…[39m [90m0.84s[39m  
  [31;1m⨯[39;22m[90m [39m[90mFilament BuildingResource applies same validation rules as StoreBuildingRequest for create operations @ rep[39m[90m…[39m [90m0.83s[39m  
  [31;1m⨯[39;22m[90m [39m[90mFilament BuildingResource applies same validation rules as StoreBuildingRequest for create operations @ rep[39m[90m…[39m [90m0.70s[39m  
  [31;1m⨯[39;22m[90m [39m[90mFilament BuildingResource applies same validation rules as StoreBuildingRequest for create operations @ rep[39m[90m…[39m [90m0.95s[39m  
  [31;1m⨯[39;22m[90m [39m[90mFilament BuildingResource applies same validation rules as StoreBuildingRequest for create operations @ rep[39m[90m…[39m [90m0.60s[39m  
  [31;1m⨯[39;22m[90m [39m[90mFilament BuildingResource applies same validation rules as StoreBuildingRequest for create operations @ rep[39m[90m…[39m [90m0.81s[39m  
  [31;1m⨯[39;22m[90m [39m[90mFilament BuildingResource applies same validation rules as StoreBuildingRequest for create operations @ rep[39m[90m…[39m [90m0.85s[39m  
  [31;1m⨯[39;22m[90m [39m[90mFilament BuildingResource applies same validation rules as StoreBuildingRequest for create operations @ rep[39m[90m…[39m [90m0.66s[39m  
  [31;1m⨯[39;22m[90m [39m[90mFilament BuildingResource applies same validation rules as StoreBuildingRequest for create operations @ rep[39m[90m…[39m [90m0.91s[39m  
  [31;1m⨯[39;22m[90m [39m[90mFilament BuildingResource applies same validation rules as StoreBuildingRequest for create operations @ rep[39m[90m…[39m [90m0.82s[39m  
  [31;1m⨯[39;22m[90m [39m[90mFilament BuildingResource applies same validation rules as StoreBuildingRequest for create operations @ rep[39m[90m…[39m [90m0.76s[39m  
  [31;1m⨯[39;22m[90m [39m[90mFilament BuildingResource applies same validation rules as StoreBuildingRequest for create operations @ rep[39m[90m…[39m [90m0.88s[39m  
  [31;1m⨯[39;22m[90m [39m[90mFilament BuildingResource applies same validation rules as StoreBuildingRequest for create operations @ rep[39m[90m…[39m [90m0.68s[39m  
  [31;1m⨯[39;22m[90m [39m[90mFilament BuildingResource applies same validation rules as StoreBuildingRequest for create operations @ rep[39m[90m…[39m [90m0.91s[39m  
  [31;1m⨯[39;22m[90m [39m[90mFilament BuildingResource rejects invalid data consistently with StoreBuildingRequest @ repetition 1 of 100[39m[90m [39m [90m0.90s[39m  
  [31;1m⨯[39;22m[90m [39m[90mFilament BuildingResource rejects invalid data consistently with StoreBuildingRequest @ repetition 2 of 100[39m[90m [39m [90m0.82s[39m  
  [31;1m⨯[39;22m[90m [39m[90mFilament BuildingResource rejects invalid data consistently with StoreBuildingRequest @ repetition 3 of 100[39m[90m [39m [90m0.64s[39m  
  [31;1m⨯[39;22m[90m [39m[90mFilament BuildingResource rejects invalid data consistently with StoreBuildingRequest @ repetition 4 of 100[39m[90m [39m [90m0.85s[39m  
  [31;1m⨯[39;22m[90m [39m[90mFilament BuildingResource rejects invalid data consistently with StoreBuildingRequest @ repetition 5 of 100[39m[90m [39m [90m0.69s[39m  
  [31;1m⨯[39;22m[90m [39m[90mFilament BuildingResource rejects invalid data consistently with StoreBuildingRequest @ repetition 6 of 100[39m[90m [39m [90m0.79s[39m  
  [31;1m⨯[39;22m[90m [39m[90mFilament BuildingResource rejects invalid data consistently with StoreBuildingRequest @ repetition 7 of 100[39m[90m [39m [90m0.82s[39m  
  [31;1m⨯[39;22m[90m [39m[90mFilament BuildingResource rejects invalid data consistently with StoreBuildingRequest @ repetition 8 of 100[39m[90m [39m [90m0.62s[39m  
  [31;1m⨯[39;22m[90m [39m[90mFilament BuildingResource rejects invalid data consistently with StoreBuildingRequest @ repetition 9 of 100[39m[90m [39m [90m0.89s[39m  
  [31;1m⨯[39;22m[90m [39m[90mFilament BuildingResource rejects invalid data consistently with StoreBuildingRequest @ repetition 10 of 10[39m[90m…[39m [90m0.83s[39m  
  [31;1m⨯[39;22m[90m [39m[90mFilament BuildingResource rejects invalid data consistently with StoreBuildingRequest @ repetition 11 of 10[39m[90m…[39m [90m0.62s[39m  
  [31;1m⨯[39;22m[90m [39m[90mFilament BuildingResource rejects invalid data consistently with StoreBuildingRequest @ repetition 12 of 10[39m[90m…[39m [90m0.85s[39m  
  [31;1m⨯[39;22m[90m [39m[90mFilament BuildingResource rejects invalid data consistently with StoreBuildingRequest @ repetition 13 of 10[39m[90m…[39m [90m0.61s[39m  
  [31;1m⨯[39;22m[90m [39m[90mFilament BuildingResource rejects invalid data consistently with StoreBuildingRequest @ repetition 14 of 10[39m[90m…[39m [90m0.90s[39m  
  [31;1m⨯[39;22m[90m [39m[90mFilament BuildingResource rejects invalid data consistently with StoreBuildingRequest @ repetition 15 of 10[39m[90m…[39m [90m0.80s[39m  
  [31;1m⨯[39;22m[90m [39m[90mFilament BuildingResource rejects invalid data consistently with StoreBuildingRequest @ repetition 16 of 10[39m[90m…[39m [90m0.62s[39m  
  [31;1m⨯[39;22m[90m [39m[90mFilament BuildingResource rejects invalid data consistently with StoreBuildingRequest @ repetition 17 of 10[39m[90m…[39m [90m0.83s[39m  
  [31;1m⨯[39;22m[90m [39m[90mFilament BuildingResource rejects invalid data consistently with StoreBuildingRequest @ repetition 18 of 10[39m[90m…[39m [90m0.93s[39m  
  [31;1m⨯[39;22m[90m [39m[90mFilament BuildingResource rejects invalid data consistently with StoreBuildingRequest @ repetition 19 of 10[39m[90m…[39m [90m0.70s[39m  
  [31;1m⨯[39;22m[90m [39m[90mFilament BuildingResource rejects invalid data consistently with StoreBuildingRequest @ repetition 20 of 10[39m[90m…[39m [90m0.90s[39m  
  [31;1m⨯[39;22m[90m [39m[90mFilament BuildingResource rejects invalid data consistently with StoreBuildingRequest @ repetition 21 of 10[39m[90m…[39m [90m0.66s[39m  
  [31;1m⨯[39;22m[90m [39m[90mFilament BuildingResource rejects invalid data consistently with StoreBuildingRequest @ repetition 22 of 10[39m[90m…[39m [90m0.87s[39m  
  [31;1m⨯[39;22m[90m [39m[90mFilament BuildingResource rejects invalid data consistently with StoreBuildingRequest @ repetition 23 of 10[39m[90m…[39m [90m0.91s[39m  
  [31;1m⨯[39;22m[90m [39m[90mFilament BuildingResource rejects invalid data consistently with StoreBuildingRequest @ repetition 24 of 10[39m[90m…[39m [90m0.64s[39m  
  [31;1m⨯[39;22m[90m [39m[90mFilament BuildingResource rejects invalid data consistently with StoreBuildingRequest @ repetition 25 of 10[39m[90m…[39m [90m0.85s[39m  
  [31;1m⨯[39;22m[90m [39m[90mFilament BuildingResource rejects invalid data consistently with StoreBuildingRequest @ repetition 26 of 10[39m[90m…[39m [90m0.93s[39m  
  [31;1m⨯[39;22m[90m [39m[90mFilament BuildingResource rejects invalid data consistently with StoreBuildingRequest @ repetition 27 of 10[39m[90m…[39m [90m0.71s[39m  
  [31;1m⨯[39;22m[90m [39m[90mFilament BuildingResource rejects invalid data consistently with StoreBuildingRequest @ repetition 28 of 10[39m[90m…[39m [90m0.89s[39m  
  [31;1m⨯[39;22m[90m [39m[90mFilament BuildingResource rejects invalid data consistently with StoreBuildingRequest @ repetition 29 of 10[39m[90m…[39m [90m0.64s[39m  
  [31;1m⨯[39;22m[90m [39m[90mFilament BuildingResource rejects invalid data consistently with StoreBuildingRequest @ repetition 30 of 10[39m[90m…[39m [90m0.95s[39m  
  [31;1m⨯[39;22m[90m [39m[90mFilament BuildingResource rejects invalid data consistently with StoreBuildingRequest @ repetition 31 of 10[39m[90m…[39m [90m0.89s[39m  
  [31;1m⨯[39;22m[90m [39m[90mFilament BuildingResource rejects invalid data consistently with StoreBuildingRequest @ repetition 32 of 10[39m[90m…[39m [90m0.69s[39m  
  [31;1m⨯[39;22m[90m [39m[90mFilament BuildingResource rejects invalid data consistently with StoreBuildingRequest @ repetition 33 of 10[39m[90m…[39m [90m1.03s[39m  
  [31;1m⨯[39;22m[90m [39m[90mFilament BuildingResource rejects invalid data consistently with StoreBuildingRequest @ repetition 34 of 10[39m[90m…[39m [90m0.86s[39m  
  [31;1m⨯[39;22m[90m [39m[90mFilament BuildingResource rejects invalid data consistently with StoreBuildingRequest @ repetition 35 of 10[39m[90m…[39m [90m0.79s[39m  
  [31;1m⨯[39;22m[90m [39m[90mFilament BuildingResource rejects invalid data consistently with StoreBuildingRequest @ repetition 36 of 10[39m[90m…[39m [90m0.93s[39m  
  [31;1m⨯[39;22m[90m [39m[90mFilament BuildingResource rejects invalid data consistently with StoreBuildingRequest @ repetition 37 of 10[39m[90m…[39m [90m0.69s[39m  
  [31;1m⨯[39;22m[90m [39m[90mFilament BuildingResource rejects invalid data consistently with StoreBuildingRequest @ repetition 38 of 10[39m[90m…[39m [90m0.96s[39m  
  [31;1m⨯[39;22m[90m [39m[90mFilament BuildingResource rejects invalid data consistently with StoreBuildingRequest @ repetition 39 of 10[39m[90m…[39m [90m1.01s[39m  
  [31;1m⨯[39;22m[90m [39m[90mFilament BuildingResource rejects invalid data consistently with StoreBuildingRequest @ repetition 40 of 10[39m[90m…[39m [90m0.87s[39m  
  [31;1m⨯[39;22m[90m [39m[90mFilament BuildingResource rejects invalid data consistently with StoreBuildingRequest @ repetition 41 of 10[39m[90m…[39m [90m1.05s[39m  
  [31;1m⨯[39;22m[90m [39m[90mFilament BuildingResource rejects invalid data consistently with StoreBuildingRequest @ repetition 42 of 10[39m[90m…[39m [90m1.01s[39m  
  [31;1m⨯[39;22m[90m [39m[90mFilament BuildingResource rejects invalid data consistently with StoreBuildingRequest @ repetition 43 of 10[39m[90m…[39m [90m0.77s[39m  
  [31;1m⨯[39;22m[90m [39m[90mFilament BuildingResource rejects invalid data consistently with StoreBuildingRequest @ repetition 44 of 10[39m[90m…[39m [90m0.91s[39m  
  [31;1m⨯[39;22m[90m [39m[90mFilament BuildingResource rejects invalid data consistently with StoreBuildingRequest @ repetition 45 of 10[39m[90m…[39m [90m0.69s[39m  
  [31;1m⨯[39;22m[90m [39m[90mFilament BuildingResource rejects invalid data consistently with StoreBuildingRequest @ repetition 46 of 10[39m[90m…[39m [90m0.86s[39m  
  [31;1m⨯[39;22m[90m [39m[90mFilament BuildingResource rejects invalid data consistently with StoreBuildingRequest @ repetition 47 of 10[39m[90m…[39m [90m0.87s[39m  
  [31;1m⨯[39;22m[90m [39m[90mFilament BuildingResource rejects invalid data consistently with StoreBuildingRequest @ repetition 48 of 10[39m[90m…[39m [90m0.66s[39m  
  [31;1m⨯[39;22m[90m [39m[90mFilament BuildingResource rejects invalid data consistently with StoreBuildingRequest @ repetition 49 of 10[39m[90m…[39m [90m0.86s[39m  
  [31;1m⨯[39;22m[90m [39m[90mFilament BuildingResource rejects invalid data consistently with StoreBuildingRequest @ repetition 50 of 10[39m[90m…[39m [90m0.98s[39m  
  [31;1m⨯[39;22m[90m [39m[90mFilament BuildingResource rejects invalid data consistently with StoreBuildingRequest @ repetition 51 of 10[39m[90m…[39m [90m0.70s[39m  
  [31;1m⨯[39;22m[90m [39m[90mFilament BuildingResource rejects invalid data consistently with StoreBuildingRequest @ repetition 52 of 10[39m[90m…[39m [90m0.85s[39m  
  [31;1m⨯[39;22m[90m [39m[90mFilament BuildingResource rejects invalid data consistently with StoreBuildingRequest @ repetition 53 of 10[39m[90m…[39m [90m0.73s[39m  
  [31;1m⨯[39;22m[90m [39m[90mFilament BuildingResource rejects invalid data consistently with StoreBuildingRequest @ repetition 54 of 10[39m[90m…[39m [90m0.93s[39m  
  [31;1m⨯[39;22m[90m [39m[90mFilament BuildingResource rejects invalid data consistently with StoreBuildingRequest @ repetition 55 of 10[39m[90m…[39m [90m0.94s[39m  
  [31;1m⨯[39;22m[90m [39m[90mFilament BuildingResource rejects invalid data consistently with StoreBuildingRequest @ repetition 56 of 10[39m[90m…[39m [90m0.75s[39m  
  [31;1m⨯[39;22m[90m [39m[90mFilament BuildingResource rejects invalid data consistently with StoreBuildingRequest @ repetition 57 of 10[39m[90m…[39m [90m1.03s[39m  
  [31;1m⨯[39;22m[90m [39m[90mFilament BuildingResource rejects invalid data consistently with StoreBuildingRequest @ repetition 58 of 10[39m[90m…[39m [90m0.87s[39m  
  [31;1m⨯[39;22m[90m [39m[90mFilament BuildingResource rejects invalid data consistently with StoreBuildingRequest @ repetition 59 of 10[39m[90m…[39m [90m0.87s[39m  
  [31;1m⨯[39;22m[90m [39m[90mFilament BuildingResource rejects invalid data consistently with StoreBuildingRequest @ repetition 60 of 10[39m[90m…[39m [90m1.11s[39m  
  [31;1m⨯[39;22m[90m [39m[90mFilament BuildingResource rejects invalid data consistently with StoreBuildingRequest @ repetition 61 of 10[39m[90m…[39m [90m0.77s[39m  
  [31;1m⨯[39;22m[90m [39m[90mFilament BuildingResource rejects invalid data consistently with StoreBuildingRequest @ repetition 62 of 10[39m[90m…[39m [90m0.95s[39m  
  [31;1m⨯[39;22m[90m [39m[90mFilament BuildingResource rejects invalid data consistently with StoreBuildingRequest @ repetition 63 of 10[39m[90m…[39m [90m1.05s[39m  
  [31;1m⨯[39;22m[90m [39m[90mFilament BuildingResource rejects invalid data consistently with StoreBuildingRequest @ repetition 64 of 10[39m[90m…[39m [90m0.83s[39m  
  [31;1m⨯[39;22m[90m [39m[90mFilament BuildingResource rejects invalid data consistently with StoreBuildingRequest @ repetition 65 of 10[39m[90m…[39m [90m1.06s[39m  
  [31;1m⨯[39;22m[90m [39m[90mFilament BuildingResource rejects invalid data consistently with StoreBuildingRequest @ repetition 66 of 10[39m[90m…[39m [90m0.95s[39m  
  [31;1m⨯[39;22m[90m [39m[90mFilament BuildingResource rejects invalid data consistently with StoreBuildingRequest @ repetition 67 of 10[39m[90m…[39m [90m0.66s[39m  
  [31;1m⨯[39;22m[90m [39m[90mFilament BuildingResource rejects invalid data consistently with StoreBuildingRequest @ repetition 68 of 10[39m[90m…[39m [90m0.91s[39m  
  [31;1m⨯[39;22m[90m [39m[90mFilament BuildingResource rejects invalid data consistently with StoreBuildingRequest @ repetition 69 of 10[39m[90m…[39m [90m0.80s[39m  
  [31;1m⨯[39;22m[90m [39m[90mFilament BuildingResource rejects invalid data consistently with StoreBuildingRequest @ repetition 70 of 10[39m[90m…[39m [90m0.97s[39m  
  [31;1m⨯[39;22m[90m [39m[90mFilament BuildingResource rejects invalid data consistently with StoreBuildingRequest @ repetition 71 of 10[39m[90m…[39m [90m0.85s[39m  
  [31;1m⨯[39;22m[90m [39m[90mFilament BuildingResource rejects invalid data consistently with StoreBuildingRequest @ repetition 72 of 10[39m[90m…[39m [90m0.76s[39m  
  [31;1m⨯[39;22m[90m [39m[90mFilament BuildingResource rejects invalid data consistently with StoreBuildingRequest @ repetition 73 of 10[39m[90m…[39m [90m0.94s[39m  
  [31;1m⨯[39;22m[90m [39m[90mFilament BuildingResource rejects invalid data consistently with StoreBuildingRequest @ repetition 74 of 10[39m[90m…[39m [90m0.97s[39m  
  [31;1m⨯[39;22m[90m [39m[90mFilament BuildingResource rejects invalid data consistently with StoreBuildingRequest @ repetition 75 of 10[39m[90m…[39m [90m0.74s[39m  
  [31;1m⨯[39;22m[90m [39m[90mFilament BuildingResource rejects invalid data consistently with StoreBuildingRequest @ repetition 76 of 10[39m[90m…[39m [90m0.83s[39m  
  [31;1m⨯[39;22m[90m [39m[90mFilament BuildingResource rejects invalid data consistently with StoreBuildingRequest @ repetition 77 of 10[39m[90m…[39m [90m0.71s[39m  
  [31;1m⨯[39;22m[90m [39m[90mFilament BuildingResource rejects invalid data consistently with StoreBuildingRequest @ repetition 78 of 10[39m[90m…[39m [90m1.14s[39m  
  [31;1m⨯[39;22m[90m [39m[90mFilament BuildingResource rejects invalid data consistently with StoreBuildingRequest @ repetition 79 of 10[39m[90m…[39m [90m1.06s[39m  
  [31;1m⨯[39;22m[90m [39m[90mFilament BuildingResource rejects invalid data consistently with StoreBuildingRequest @ repetition 80 of 10[39m[90m…[39m [90m0.74s[39m  
  [31;1m⨯[39;22m[90m [39m[90mFilament BuildingResource rejects invalid data consistently with StoreBuildingRequest @ repetition 81 of 10[39m[90m…[39m [90m1.06s[39m  
  [31;1m⨯[39;22m[90m [39m[90mFilament BuildingResource rejects invalid data consistently with StoreBuildingRequest @ repetition 82 of 10[39m[90m…[39m [90m1.10s[39m  
  [31;1m⨯[39;22m[90m [39m[90mFilament BuildingResource rejects invalid data consistently with StoreBuildingRequest @ repetition 83 of 10[39m[90m…[39m [90m0.88s[39m  
  [31;1m⨯[39;22m[90m [39m[90mFilament BuildingResource rejects invalid data consistently with StoreBuildingRequest @ repetition 84 of 10[39m[90m…[39m [90m1.14s[39m  
  [31;1m⨯[39;22m[90m [39m[90mFilament BuildingResource rejects invalid data consistently with StoreBuildingRequest @ repetition 85 of 10[39m[90m…[39m [90m0.97s[39m  
  [31;1m⨯[39;22m[90m [39m[90mFilament BuildingResource rejects invalid data consistently with StoreBuildingRequest @ repetition 86 of 10[39m[90m…[39m [90m1.08s[39m  
  [31;1m⨯[39;22m[90m [39m[90mFilament BuildingResource rejects invalid data consistently with StoreBuildingRequest @ repetition 87 of 10[39m[90m…[39m [90m0.97s[39m  
  [31;1m⨯[39;22m[90m [39m[90mFilament BuildingResource rejects invalid data consistently with StoreBuildingRequest @ repetition 88 of 10[39m[90m…[39m [90m0.83s[39m  
  [31;1m⨯[39;22m[90m [39m[90mFilament BuildingResource rejects invalid data consistently with StoreBuildingRequest @ repetition 89 of 10[39m[90m…[39m [90m0.98s[39m  
  [31;1m⨯[39;22m[90m [39m[90mFilament BuildingResource rejects invalid data consistently with StoreBuildingRequest @ repetition 90 of 10[39m[90m…[39m [90m0.93s[39m  
  [31;1m⨯[39;22m[90m [39m[90mFilament BuildingResource rejects invalid data consistently with StoreBuildingRequest @ repetition 91 of 10[39m[90m…[39m [90m0.78s[39m  
  [31;1m⨯[39;22m[90m [39m[90mFilament BuildingResource rejects invalid data consistently with StoreBuildingRequest @ repetition 92 of 10[39m[90m…[39m [90m0.95s[39m  
  [31;1m⨯[39;22m[90m [39m[90mFilament BuildingResource rejects invalid data consistently with StoreBuildingRequest @ repetition 93 of 10[39m[90m…[39m [90m0.81s[39m  
  [31;1m⨯[39;22m[90m [39m[90mFilament BuildingResource rejects invalid data consistently with StoreBuildingRequest @ repetition 94 of 10[39m[90m…[39m [90m1.10s[39m  
  [31;1m⨯[39;22m[90m [39m[90mFilament BuildingResource rejects invalid data consistently with StoreBuildingRequest @ repetition 95 of 10[39m[90m…[39m [90m0.97s[39m  
  [31;1m⨯[39;22m[90m [39m[90mFilament BuildingResource rejects invalid data consistently with StoreBuildingRequest @ repetition 96 of 10[39m[90m…[39m [90m0.90s[39m  
  [31;1m⨯[39;22m[90m [39m[90mFilament BuildingResource rejects invalid data consistently with StoreBuildingRequest @ repetition 97 of 10[39m[90m…[39m [90m0.97s[39m  
  [31;1m⨯[39;22m[90m [39m[90mFilament BuildingResource rejects invalid data consistently with StoreBuildingRequest @ repetition 98 of 10[39m[90m…[39m [90m1.12s[39m  
  [31;1m⨯[39;22m[90m [39m[90mFilament BuildingResource rejects invalid data consistently with StoreBuildingRequest @ repetition 99 of 10[39m[90m…[39m [90m0.70s[39m  
  [31;1m⨯[39;22m[90m [39m[90mFilament BuildingResource rejects invalid data consistently with StoreBuildingRequest @ repetition 100 of 1[39m[90m…[39m [90m0.89s[39m  
  [31;1m⨯[39;22m[90m [39m[90mFilament BuildingResource applies same validation rules as UpdateBuildingRequest for edit operations @ repe[39m[90m…[39m [90m1.05s[39m  
  [31;1m⨯[39;22m[90m [39m[90mFilament BuildingResource applies same validation rules as UpdateBuildingRequest for edit operations @ repe[39m[90m…[39m [90m0.95s[39m  
  [31;1m⨯[39;22m[90m [39m[90mFilament BuildingResource applies same validation rules as UpdateBuildingRequest for edit operations @ repe[39m[90m…[39m [90m0.95s[39m  
  [31;1m⨯[39;22m[90m [39m[90mFilament BuildingResource applies same validation rules as UpdateBuildingRequest for edit operations @ repe[39m[90m…[39m [90m0.67s[39m  
  [31;1m⨯[39;22m[90m [39m[90mFilament BuildingResource applies same validation rules as UpdateBuildingRequest for edit operations @ repe[39m[90m…[39m [90m0.98s[39m  
  [31;1m⨯[39;22m[90m [39m[90mFilament BuildingResource applies same validation rules as UpdateBuildingRequest for edit operations @ repe[39m[90m…[39m [90m0.87s[39m  
  [31;1m⨯[39;22m[90m [39m[90mFilament BuildingResource applies same validation rules as UpdateBuildingRequest for edit operations @ repe[39m[90m…[39m [90m0.89s[39m  
  [31;1m⨯[39;22m[90m [39m[90mFilament BuildingResource applies same validation rules as UpdateBuildingRequest for edit operations @ repe[39m[90m…[39m [90m0.86s[39m  
  [31;1m⨯[39;22m[90m [39m[90mFilament BuildingResource applies same validation rules as UpdateBuildingRequest for edit operations @ repe[39m[90m…[39m [90m0.91s[39m  
  [31;1m⨯[39;22m[90m [39m[90mFilament BuildingResource applies same validation rules as UpdateBuildingRequest for edit operations @ repe[39m[90m…[39m [90m0.72s[39m  
  [31;1m⨯[39;22m[90m [39m[90mFilament BuildingResource applies same validation rules as UpdateBuildingRequest for edit operations @ repe[39m[90m…[39m [90m0.87s[39m  
  [31;1m⨯[39;22m[90m [39m[90mFilament BuildingResource applies same validation rules as UpdateBuildingRequest for edit operations @ repe[39m[90m…[39m [90m0.83s[39m  
  [31;1m⨯[39;22m[90m [39m[90mFilament BuildingResource applies same validation rules as UpdateBuildingRequest for edit operations @ repe[39m[90m…[39m [90m0.87s[39m  
  [31;1m⨯[39;22m[90m [39m[90mFilament BuildingResource applies same validation rules as UpdateBuildingRequest for edit operations @ repe[39m[90m…[39m [90m0.81s[39m  
  [31;1m⨯[39;22m[90m [39m[90mFilament BuildingResource applies same validation rules as UpdateBuildingRequest for edit operations @ repe[39m[90m…[39m [90m0.92s[39m  
  [31;1m⨯[39;22m[90m [39m[90mFilament BuildingResource applies same validation rules as UpdateBuildingRequest for edit operations @ repe[39m[90m…[39m [90m0.65s[39m  
  [31;1m⨯[39;22m[90m [39m[90mFilament BuildingResource applies same validation rules as UpdateBuildingRequest for edit operations @ repe[39m[90m…[39m [90m0.91s[39m  
  [31;1m⨯[39;22m[90m [39m[90mFilament BuildingResource applies same validation rules as UpdateBuildingRequest for edit operations @ repe[39m[90m…[39m [90m0.86s[39m  
  [31;1m⨯[39;22m[90m [39m[90mFilament BuildingResource applies same validation rules as UpdateBuildingRequest for edit operations @ repe[39m[90m…[39m [90m0.97s[39m  
  [31;1m⨯[39;22m[90m [39m[90mFilament BuildingResource applies same validation rules as UpdateBuildingRequest for edit operations @ repe[39m[90m…[39m [90m0.92s[39m  
  [31;1m⨯[39;22m[90m [39m[90mFilament BuildingResource applies same validation rules as UpdateBuildingRequest for edit operations @ repe[39m[90m…[39m [90m0.89s[39m  
  [31;1m⨯[39;22m[90m [39m[90mFilament BuildingResource applies same validation rules as UpdateBuildingRequest for edit operations @ repe[39m[90m…[39m [90m0.69s[39m  
  [31;1m⨯[39;22m[90m [39m[90mFilament BuildingResource applies same validation rules as UpdateBuildingRequest for edit operations @ repe[39m[90m…[39m [90m0.88s[39m  
  [31;1m⨯[39;22m[90m [39m[90mFilament BuildingResource applies same validation rules as UpdateBuildingRequest for edit operations @ repe[39m[90m…[39m [90m0.83s[39m  
  [31;1m⨯[39;22m[90m [39m[90mFilament BuildingResource applies same validation rules as UpdateBuildingRequest for edit operations @ repe[39m[90m…[39m [90m0.87s[39m  
  [31;1m⨯[39;22m[90m [39m[90mFilament BuildingResource applies same validation rules as UpdateBuildingRequest for edit operations @ repe[39m[90m…[39m [90m0.80s[39m  
  [31;1m⨯[39;22m[90m [39m[90mFilament BuildingResource applies same validation rules as UpdateBuildingRequest for edit operations @ repe[39m[90m…[39m [90m0.87s[39m  
  [31;1m⨯[39;22m[90m [39m[90mFilament BuildingResource applies same validation rules as UpdateBuildingRequest for edit operations @ repe[39m[90m…[39m [90m0.73s[39m  
  [31;1m⨯[39;22m[90m [39m[90mFilament BuildingResource applies same validation rules as UpdateBuildingRequest for edit operations @ repe[39m[90m…[39m [90m0.85s[39m  
  [31;1m⨯[39;22m[90m [39m[90mFilament BuildingResource applies same validation rules as UpdateBuildingRequest for edit operations @ repe[39m[90m…[39m [90m0.97s[39m  
  [31;1m⨯[39;22m[90m [39m[90mFilament BuildingResource applies same validation rules as UpdateBuildingRequest for edit operations @ repe[39m[90m…[39m [90m0.94s[39m  
  [31;1m⨯[39;22m[90m [39m[90mFilament BuildingResource applies same validation rules as UpdateBuildingRequest for edit operations @ repe[39m[90m…[39m [90m0.84s[39m  
  [31;1m⨯[39;22m[90m [39m[90mFilament BuildingResource applies same validation rules as UpdateBuildingRequest for edit operations @ repe[39m[90m…[39m [90m0.85s[39m  
  [31;1m⨯[39;22m[90m [39m[90mFilament BuildingResource applies same validation rules as UpdateBuildingRequest for edit operations @ repe[39m[90m…[39m [90m0.65s[39m  
  [31;1m⨯[39;22m[90m [39m[90mFilament BuildingResource applies same validation rules as UpdateBuildingRequest for edit operations @ repe[39m[90m…[39m [90m0.96s[39m  
  [31;1m⨯[39;22m[90m [39m[90mFilament BuildingResource applies same validation rules as UpdateBuildingRequest for edit operations @ repe[39m[90m…[39m [90m0.88s[39m  
  [31;1m⨯[39;22m[90m [39m[90mFilament BuildingResource applies same validation rules as UpdateBuildingRequest for edit operations @ repe[39m[90m…[39m [90m0.81s[39m  
  [31;1m⨯[39;22m[90m [39m[90mFilament BuildingResource applies same validation rules as UpdateBuildingRequest for edit operations @ repe[39m[90m…[39m [90m0.82s[39m  
  [31;1m⨯[39;22m[90m [39m[90mFilament BuildingResource applies same validation rules as UpdateBuildingRequest for edit operations @ repe[39m[90m…[39m [90m0.81s[39m  
  [31;1m⨯[39;22m[90m [39m[90mFilament BuildingResource applies same validation rules as UpdateBuildingRequest for edit operations @ repe[39m[90m…[39m [90m0.66s[39m  
  [31;1m⨯[39;22m[90m [39m[90mFilament BuildingResource applies same validation rules as UpdateBuildingRequest for edit operations @ repe[39m[90m…[39m [90m0.87s[39m  
  [31;1m⨯[39;22m[90m [39m[90mFilament BuildingResource applies same validation rules as UpdateBuildingRequest for edit operations @ repe[39m[90m…[39m [90m0.90s[39m  
  [31;1m⨯[39;22m[90m [39m[90mFilament BuildingResource applies same validation rules as UpdateBuildingRequest for edit operations @ repe[39m[90m…[39m [90m0.86s[39m  
  [31;1m⨯[39;22m[90m [39m[90mFilament BuildingResource applies same validation rules as UpdateBuildingRequest for edit operations @ repe[39m[90m…[39m [90m0.80s[39m  
  [31;1m⨯[39;22m[90m [39m[90mFilament BuildingResource applies same validation rules as UpdateBuildingRequest for edit operations @ repe[39m[90m…[39m [90m0.82s[39m  
  [31;1m⨯[39;22m[90m [39m[90mFilament BuildingResource applies same validation rules as UpdateBuildingRequest for edit operations @ repe[39m[90m…[39m [90m0.67s[39m  
  [31;1m⨯[39;22m[90m [39m[90mFilament BuildingResource applies same validation rules as UpdateBuildingRequest for edit operations @ repe[39m[90m…[39m [90m0.87s[39m  
  [31;1m⨯[39;22m[90m [39m[90mFilament BuildingResource applies same validation rules as UpdateBuildingRequest for edit operations @ repe[39m[90m…[39m [90m0.88s[39m  
  [31;1m⨯[39;22m[90m [39m[90mFilament BuildingResource applies same validation rules as UpdateBuildingRequest for edit operations @ repe[39m[90m…[39m [90m0.83s[39m  
  [31;1m⨯[39;22m[90m [39m[90mFilament BuildingResource applies same validation rules as UpdateBuildingRequest for edit operations @ repe[39m[90m…[39m [90m0.73s[39m  
  [31;1m⨯[39;22m[90m [39m[90mFilament BuildingResource applies same validation rules as UpdateBuildingRequest for edit operations @ repe[39m[90m…[39m [90m0.82s[39m  
  [31;1m⨯[39;22m[90m [39m[90mFilament BuildingResource applies same validation rules as UpdateBuildingRequest for edit operations @ repe[39m[90m…[39m [90m0.66s[39m  
  [31;1m⨯[39;22m[90m [39m[90mFilament BuildingResource applies same validation rules as UpdateBuildingRequest for edit operations @ repe[39m[90m…[39m [90m0.87s[39m  
  [31;1m⨯[39;22m[90m [39m[90mFilament BuildingResource applies same validation rules as UpdateBuildingRequest for edit operations @ repe[39m[90m…[39m [90m0.90s[39m  
  [31;1m⨯[39;22m[90m [39m[90mFilament BuildingResource applies same validation rules as UpdateBuildingRequest for edit operations @ repe[39m[90m…[39m [90m0.94s[39m  
  [31;1m⨯[39;22m[90m [39m[90mFilament BuildingResource applies same validation rules as UpdateBuildingRequest for edit operations @ repe[39m[90m…[39m [90m0.92s[39m  
  [31;1m⨯[39;22m[90m [39m[90mFilament BuildingResource applies same validation rules as UpdateBuildingRequest for edit operations @ repe[39m[90m…[39m [90m0.91s[39m  
  [31;1m⨯[39;22m[90m [39m[90mFilament BuildingResource applies same validation rules as UpdateBuildingRequest for edit operations @ repe[39m[90m…[39m [90m0.66s[39m  
  [31;1m⨯[39;22m[90m [39m[90mFilament BuildingResource applies same validation rules as UpdateBuildingRequest for edit operations @ repe[39m[90m…[39m [90m0.84s[39m  
  [31;1m⨯[39;22m[90m [39m[90mFilament BuildingResource applies same validation rules as UpdateBuildingRequest for edit operations @ repe[39m[90m…[39m [90m0.85s[39m  
  [31;1m⨯[39;22m[90m [39m[90mFilament BuildingResource applies same validation rules as UpdateBuildingRequest for edit operations @ repe[39m[90m…[39m [90m0.81s[39m  
  [31;1m⨯[39;22m[90m [39m[90mFilament BuildingResource applies same validation rules as UpdateBuildingRequest for edit operations @ repe[39m[90m…[39m [90m0.91s[39m  
  [31;1m⨯[39;22m[90m [39m[90mFilament BuildingResource applies same validation rules as UpdateBuildingRequest for edit operations @ repe[39m[90m…[39m [90m0.86s[39m  
  [31;1m⨯[39;22m[90m [39m[90mFilament BuildingResource applies same validation rules as UpdateBuildingRequest for edit operations @ repe[39m[90m…[39m [90m0.76s[39m  
  [31;1m⨯[39;22m[90m [39m[90mFilament BuildingResource applies same validation rules as UpdateBuildingRequest for edit operations @ repe[39m[90m…[39m [90m0.90s[39m  
  [31;1m⨯[39;22m[90m [39m[90mFilament BuildingResource applies same validation rules as UpdateBuildingRequest for edit operations @ repe[39m[90m…[39m [90m0.98s[39m  
  [31;1m⨯[39;22m[90m [39m[90mFilament BuildingResource applies same validation rules as UpdateBuildingRequest for edit operations @ repe[39m[90m…[39m [90m0.86s[39m  
  [31;1m⨯[39;22m[90m [39m[90mFilament BuildingResource applies same validation rules as UpdateBuildingRequest for edit operations @ repe[39m[90m…[39m [90m0.83s[39m  
  [31;1m⨯[39;22m[90m [39m[90mFilament BuildingResource applies same validation rules as UpdateBuildingRequest for edit operations @ repe[39m[90m…[39m [90m0.90s[39m  
  [31;1m⨯[39;22m[90m [39m[90mFilament BuildingResource applies same validation rules as UpdateBuildingRequest for edit operations @ repe[39m[90m…[39m [90m0.67s[39m  
  [31;1m⨯[39;22m[90m [39m[90mFilament BuildingResource applies same validation rules as UpdateBuildingRequest for edit operations @ repe[39m[90m…[39m [90m0.88s[39m  
  [31;1m⨯[39;22m[90m [39m[90mFilament BuildingResource applies same validation rules as UpdateBuildingRequest for edit operations @ repe[39m[90m…[39m [90m0.85s[39m  
  [31;1m⨯[39;22m[90m [39m[90mFilament BuildingResource applies same validation rules as UpdateBuildingRequest for edit operations @ repe[39m[90m…[39m [90m0.86s[39m  
  [31;1m⨯[39;22m[90m [39m[90mFilament BuildingResource applies same validation rules as UpdateBuildingRequest for edit operations @ repe[39m[90m…[39m [90m0.87s[39m  
  [31;1m⨯[39;22m[90m [39m[90mFilament BuildingResource applies same validation rules as UpdateBuildingRequest for edit operations @ repe[39m[90m…[39m [90m0.81s[39m  
  [31;1m⨯[39;22m[90m [39m[90mFilament BuildingResource applies same validation rules as UpdateBuildingRequest for edit operations @ repe[39m[90m…[39m [90m0.62s[39m  
  [31;1m⨯[39;22m[90m [39m[90mFilament BuildingResource applies same validation rules as UpdateBuildingRequest for edit operations @ repe[39m[90m…[39m [90m0.88s[39m  
  [31;1m⨯[39;22m[90m [39m[90mFilament BuildingResource applies same validation rules as UpdateBuildingRequest for edit operations @ repe[39m[90m…[39m [90m0.91s[39m  
  [31;1m⨯[39;22m[90m [39m[90mFilament BuildingResource applies same validation rules as UpdateBuildingRequest for edit operations @ repe[39m[90m…[39m [90m1.01s[39m  
  [31;1m⨯[39;22m[90m [39m[90mFilament BuildingResource applies same validation rules as UpdateBuildingRequest for edit operations @ repe[39m[90m…[39m [90m0.77s[39m  
  [31;1m⨯[39;22m[90m [39m[90mFilament BuildingResource applies same validation rules as UpdateBuildingRequest for edit operations @ repe[39m[90m…[39m [90m0.84s[39m  
  [31;1m⨯[39;22m[90m [39m[90mFilament BuildingResource applies same validation rules as UpdateBuildingRequest for edit operations @ repe[39m[90m…[39m [90m0.68s[39m  
  [31;1m⨯[39;22m[90m [39m[90mFilament BuildingResource applies same validation rules as UpdateBuildingRequest for edit operations @ repe[39m[90m…[39m [90m0.81s[39m  
  [31;1m⨯[39;22m[90m [39m[90mFilament BuildingResource applies same validation rules as UpdateBuildingRequest for edit operations @ repe[39m[90m…[39m [90m0.93s[39m  
  [31;1m⨯[39;22m[90m [39m[90mFilament BuildingResource applies same validation rules as UpdateBuildingRequest for edit operations @ repe[39m[90m…[39m [90m0.85s[39m  
  [31;1m⨯[39;22m[90m [39m[90mFilament BuildingResource applies same validation rules as UpdateBuildingRequest for edit operations @ repe[39m[90m…[39m [90m0.75s[39m  
  [31;1m⨯[39;22m[90m [39m[90mFilament BuildingResource applies same validation rules as UpdateBuildingRequest for edit operations @ repe[39m[90m…[39m [90m0.85s[39m  
  [31;1m⨯[39;22m[90m [39m[90mFilament BuildingResource applies same validation rules as UpdateBuildingRequest for edit operations @ repe[39m[90m…[39m [90m0.62s[39m  
  [31;1m⨯[39;22m[90m [39m[90mFilament BuildingResource applies same validation rules as UpdateBuildingRequest for edit operations @ repe[39m[90m…[39m [90m0.85s[39m  
  [31;1m⨯[39;22m[90m [39m[90mFilament BuildingResource applies same validation rules as UpdateBuildingRequest for edit operations @ repe[39m[90m…[39m [90m0.85s[39m  
  [31;1m⨯[39;22m[90m [39m[90mFilament BuildingResource applies same validation rules as UpdateBuildingRequest for edit operations @ repe[39m[90m…[39m [90m0.90s[39m  
  [31;1m⨯[39;22m[90m [39m[90mFilament BuildingResource applies same validation rules as UpdateBuildingRequest for edit operations @ repe[39m[90m…[39m [90m0.96s[39m  
  [31;1m⨯[39;22m[90m [39m[90mFilament BuildingResource applies same validation rules as UpdateBuildingRequest for edit operations @ repe[39m[90m…[39m [90m0.89s[39m  
  [31;1m⨯[39;22m[90m [39m[90mFilament BuildingResource applies same validation rules as UpdateBuildingRequest for edit operations @ repe[39m[90m…[39m [90m0.74s[39m  
  [31;1m⨯[39;22m[90m [39m[90mFilament BuildingResource applies same validation rules as UpdateBuildingRequest for edit operations @ repe[39m[90m…[39m [90m0.88s[39m  
  [31;1m⨯[39;22m[90m [39m[90mFilament BuildingResource applies same validation rules as UpdateBuildingRequest for edit operations @ repe[39m[90m…[39m [90m0.90s[39m  
  [31;1m⨯[39;22m[90m [39m[90mFilament BuildingResource applies same validation rules as UpdateBuildingRequest for edit operations @ repe[39m[90m…[39m [90m0.96s[39m  
  [31;1m⨯[39;22m[90m [39m[90mFilament BuildingResource applies same validation rules as UpdateBuildingRequest for edit operations @ repe[39m[90m…[39m [90m0.90s[39m  
  [31;1m⨯[39;22m[90m [39m[90mFilament BuildingResource applies same validation rules as UpdateBuildingRequest for edit operations @ repe[39m[90m…[39m [90m0.90s[39m  
  [31;1m⨯[39;22m[90m [39m[90mFilament BuildingResource applies same validation rules as UpdateBuildingRequest for edit operations @ repe[39m[90m…[39m [90m0.80s[39m  
  [31;1m⨯[39;22m[90m [39m[90mFilament BuildingResource rejects invalid updates consistently with UpdateBuildingRequest @ repetition 1 of[39m[90m…[39m [90m0.71s[39m  
  [31;1m⨯[39;22m[90m [39m[90mFilament BuildingResource rejects invalid updates consistently with UpdateBuildingRequest @ repetition 2 of[39m[90m…[39m [90m0.97s[39m  
  [31;1m⨯[39;22m[90m [39m[90mFilament BuildingResource rejects invalid updates consistently with UpdateBuildingRequest @ repetition 3 of[39m[90m…[39m [90m1.01s[39m  
  [31;1m⨯[39;22m[90m [39m[90mFilament BuildingResource rejects invalid updates consistently with UpdateBuildingRequest @ repetition 4 of[39m[90m…[39m [90m0.96s[39m  
  [31;1m⨯[39;22m[90m [39m[90mFilament BuildingResource rejects invalid updates consistently with UpdateBuildingRequest @ repetition 5 of[39m[90m…[39m [90m0.94s[39m  
  [31;1m⨯[39;22m[90m [39m[90mFilament BuildingResource rejects invalid updates consistently with UpdateBuildingRequest @ repetition 6 of[39m[90m…[39m [90m0.97s[39m  
  [31;1m⨯[39;22m[90m [39m[90mFilament BuildingResource rejects invalid updates consistently with UpdateBuildingRequest @ repetition 7 of[39m[90m…[39m [90m0.74s[39m  
  [31;1m⨯[39;22m[90m [39m[90mFilament BuildingResource rejects invalid updates consistently with UpdateBuildingRequest @ repetition 8 of[39m[90m…[39m [90m0.92s[39m  
  [31;1m⨯[39;22m[90m [39m[90mFilament BuildingResource rejects invalid updates consistently with UpdateBuildingRequest @ repetition 9 of[39m[90m…[39m [90m1.02s[39m  
  [31;1m⨯[39;22m[90m [39m[90mFilament BuildingResource rejects invalid updates consistently with UpdateBuildingRequest @ repetition 10 o[39m[90m…[39m [90m0.88s[39m  
  [31;1m⨯[39;22m[90m [39m[90mFilament BuildingResource rejects invalid updates consistently with UpdateBuildingRequest @ repetition 11 o[39m[90m…[39m [90m1.04s[39m  
  [31;1m⨯[39;22m[90m [39m[90mFilament BuildingResource rejects invalid updates consistently with UpdateBuildingRequest @ repetition 12 o[39m[90m…[39m [90m1.10s[39m  
  [31;1m⨯[39;22m[90m [39m[90mFilament BuildingResource rejects invalid updates consistently with UpdateBuildingRequest @ repetition 13 o[39m[90m…[39m [90m0.79s[39m  
  [31;1m⨯[39;22m[90m [39m[90mFilament BuildingResource rejects invalid updates consistently with UpdateBuildingRequest @ repetition 14 o[39m[90m…[39m [90m0.99s[39m  
  [31;1m⨯[39;22m[90m [39m[90mFilament BuildingResource rejects invalid updates consistently with UpdateBuildingRequest @ repetition 15 o[39m[90m…[39m [90m0.97s[39m  
  [31;1m⨯[39;22m[90m [39m[90mFilament BuildingResource rejects invalid updates consistently with UpdateBuildingRequest @ repetition 16 o[39m[90m…[39m [90m1.05s[39m  
  [31;1m⨯[39;22m[90m [39m[90mFilament BuildingResource rejects invalid updates consistently with UpdateBuildingRequest @ repetition 17 o[39m[90m…[39m [90m1.01s[39m  
  [31;1m⨯[39;22m[90m [39m[90mFilament BuildingResource rejects invalid updates consistently with UpdateBuildingRequest @ repetition 18 o[39m[90m…[39m [90m1.08s[39m  
  [31;1m⨯[39;22m[90m [39m[90mFilament BuildingResource rejects invalid updates consistently with UpdateBuildingRequest @ repetition 19 o[39m[90m…[39m [90m0.85s[39m  
  [31;1m⨯[39;22m[90m [39m[90mFilament BuildingResource rejects invalid updates consistently with UpdateBuildingRequest @ repetition 20 o[39m[90m…[39m [90m1.13s[39m  
  [31;1m⨯[39;22m[90m [39m[90mFilament BuildingResource rejects invalid updates consistently with UpdateBuildingRequest @ repetition 21 o[39m[90m…[39m [90m1.36s[39m  
  [31;1m⨯[39;22m[90m [39m[90mFilament BuildingResource rejects invalid updates consistently with UpdateBuildingRequest @ repetition 22 o[39m[90m…[39m [90m1.09s[39m  
  [31;1m⨯[39;22m[90m [39m[90mFilament BuildingResource rejects invalid updates consistently with UpdateBuildingRequest @ repetition 23 o[39m[90m…[39m [90m1.02s[39m  
  [31;1m⨯[39;22m[90m [39m[90mFilament BuildingResource rejects invalid updates consistently with UpdateBuildingRequest @ repetition 24 o[39m[90m…[39m [90m1.10s[39m  
  [31;1m⨯[39;22m[90m [39m[90mFilament BuildingResource rejects invalid updates consistently with UpdateBuildingRequest @ repetition 25 o[39m[90m…[39m [90m0.85s[39m  
  [31;1m⨯[39;22m[90m [39m[90mFilament BuildingResource rejects invalid updates consistently with UpdateBuildingRequest @ repetition 26 o[39m[90m…[39m [90m0.97s[39m  
  [31;1m⨯[39;22m[90m [39m[90mFilament BuildingResource rejects invalid updates consistently with UpdateBuildingRequest @ repetition 27 o[39m[90m…[39m [90m1.00s[39m  
  [31;1m⨯[39;22m[90m [39m[90mFilament BuildingResource rejects invalid updates consistently with UpdateBuildingRequest @ repetition 28 o[39m[90m…[39m [90m1.41s[39m  
  [31;1m⨯[39;22m[90m [39m[90mFilament BuildingResource rejects invalid updates consistently with UpdateBuildingRequest @ repetition 29 o[39m[90m…[39m [90m1.40s[39m  
  [31;1m⨯[39;22m[90m [39m[90mFilament BuildingResource rejects invalid updates consistently with UpdateBuildingRequest @ repetition 30 o[39m[90m…[39m [90m1.13s[39m  
  [31;1m⨯[39;22m[90m [39m[90mFilament BuildingResource rejects invalid updates consistently with UpdateBuildingRequest @ repetition 31 o[39m[90m…[39m [90m0.75s[39m  
  [31;1m⨯[39;22m[90m [39m[90mFilament BuildingResource rejects invalid updates consistently with UpdateBuildingRequest @ repetition 32 o[39m[90m…[39m [90m0.92s[39m  
  [31;1m⨯[39;22m[90m [39m[90mFilament BuildingResource rejects invalid updates consistently with UpdateBuildingRequest @ repetition 33 o[39m[90m…[39m [90m0.92s[39m  
  [31;1m⨯[39;22m[90m [39m[90mFilament BuildingResource rejects invalid updates consistently with UpdateBuildingRequest @ repetition 34 o[39m[90m…[39m [90m0.91s[39m  
  [31;1m⨯[39;22m[90m [39m[90mFilament BuildingResource rejects invalid updates consistently with UpdateBuildingRequest @ repetition 35 o[39m[90m…[39m [90m0.91s[39m  
  [31;1m⨯[39;22m[90m [39m[90mFilament BuildingResource rejects invalid updates consistently with UpdateBuildingRequest @ repetition 36 o[39m[90m…[39m [90m0.89s[39m  
  [31;1m⨯[39;22m[90m [39m[90mFilament BuildingResource rejects invalid updates consistently with UpdateBuildingRequest @ repetition 37 o[39m[90m…[39m [90m0.79s[39m  
  [31;1m⨯[39;22m[90m [39m[90mFilament BuildingResource rejects invalid updates consistently with UpdateBuildingRequest @ repetition 38 o[39m[90m…[39m [90m1.07s[39m  
  [31;1m⨯[39;22m[90m [39m[90mFilament BuildingResource rejects invalid updates consistently with UpdateBuildingRequest @ repetition 39 o[39m[90m…[39m [90m1.06s[39m  
  [31;1m⨯[39;22m[90m [39m[90mFilament BuildingResource rejects invalid updates consistently with UpdateBuildingRequest @ repetition 40 o[39m[90m…[39m [90m0.90s[39m  
  [31;1m⨯[39;22m[90m [39m[90mFilament BuildingResource rejects invalid updates consistently with UpdateBuildingRequest @ repetition 41 o[39m[90m…[39m [90m0.92s[39m  
  [31;1m⨯[39;22m[90m [39m[90mFilament BuildingResource rejects invalid updates consistently with UpdateBuildingRequest @ repetition 42 o[39m[90m…[39m [90m0.92s[39m  
  [31;1m⨯[39;22m[90m [39m[90mFilament BuildingResource rejects invalid updates consistently with UpdateBuildingRequest @ repetition 43 o[39m[90m…[39m [90m0.68s[39m  
  [31;1m⨯[39;22m[90m [39m[90mFilament BuildingResource rejects invalid updates consistently with UpdateBuildingRequest @ repetition 44 o[39m[90m…[39m [90m0.91s[39m  
  [31;1m⨯[39;22m[90m [39m[90mFilament BuildingResource rejects invalid updates consistently with UpdateBuildingRequest @ repetition 45 o[39m[90m…[39m [90m0.95s[39m  
  [31;1m⨯[39;22m[90m [39m[90mFilament BuildingResource rejects invalid updates consistently with UpdateBuildingRequest @ repetition 46 o[39m[90m…[39m [90m0.94s[39m  
  [31;1m⨯[39;22m[90m [39m[90mFilament BuildingResource rejects invalid updates consistently with UpdateBuildingRequest @ repetition 47 o[39m[90m…[39m [90m0.96s[39m  
  [31;1m⨯[39;22m[90m [39m[90mFilament BuildingResource rejects invalid updates consistently with UpdateBuildingRequest @ repetition 48 o[39m[90m…[39m [90m0.84s[39m  
  [31;1m⨯[39;22m[90m [39m[90mFilament BuildingResource rejects invalid updates consistently with UpdateBuildingRequest @ repetition 49 o[39m[90m…[39m [90m0.78s[39m  
  [31;1m⨯[39;22m[90m [39m[90mFilament BuildingResource rejects invalid updates consistently with UpdateBuildingRequest @ repetition 50 o[39m[90m…[39m [90m0.91s[39m  
  [31;1m⨯[39;22m[90m [39m[90mFilament BuildingResource rejects invalid updates consistently with UpdateBuildingRequest @ repetition 51 o[39m[90m…[39m [90m0.90s[39m  
  [31;1m⨯[39;22m[90m [39m[90mFilament BuildingResource rejects invalid updates consistently with UpdateBuildingRequest @ repetition 52 o[39m[90m…[39m [90m0.84s[39m  
  [31;1m⨯[39;22m[90m [39m[90mFilament BuildingResource rejects invalid updates consistently with UpdateBuildingRequest @ repetition 53 o[39m[90m…[39m [90m0.86s[39m  
  [31;1m⨯[39;22m[90m [39m[90mFilament BuildingResource rejects invalid updates consistently with UpdateBuildingRequest @ repetition 54 o[39m[90m…[39m [90m0.94s[39m  
  [31;1m⨯[39;22m[90m [39m[90mFilament BuildingResource rejects invalid updates consistently with UpdateBuildingRequest @ repetition 55 o[39m[90m…[39m [90m0.78s[39m  
  [31;1m⨯[39;22m[90m [39m[90mFilament BuildingResource rejects invalid updates consistently with UpdateBuildingRequest @ repetition 56 o[39m[90m…[39m [90m0.97s[39m  
  [31;1m⨯[39;22m[90m [39m[90mFilament BuildingResource rejects invalid updates consistently with UpdateBuildingRequest @ repetition 57 o[39m[90m…[39m [90m0.89s[39m  
  [31;1m⨯[39;22m[90m [39m[90mFilament BuildingResource rejects invalid updates consistently with UpdateBuildingRequest @ repetition 58 o[39m[90m…[39m [90m0.84s[39m  
  [31;1m⨯[39;22m[90m [39m[90mFilament BuildingResource rejects invalid updates consistently with UpdateBuildingRequest @ repetition 59 o[39m[90m…[39m [90m0.86s[39m  
  [31;1m⨯[39;22m[90m [39m[90mFilament BuildingResource rejects invalid updates consistently with UpdateBuildingRequest @ repetition 60 o[39m[90m…[39m [90m0.80s[39m  
  [31;1m⨯[39;22m[90m [39m[90mFilament BuildingResource rejects invalid updates consistently with UpdateBuildingRequest @ repetition 61 o[39m[90m…[39m [90m0.66s[39m  
  [31;1m⨯[39;22m[90m [39m[90mFilament BuildingResource rejects invalid updates consistently with UpdateBuildingRequest @ repetition 62 o[39m[90m…[39m [90m0.87s[39m  
  [31;1m⨯[39;22m[90m [39m[90mFilament BuildingResource rejects invalid updates consistently with UpdateBuildingRequest @ repetition 63 o[39m[90m…[39m [90m0.86s[39m  
  [31;1m⨯[39;22m[90m [39m[90mFilament BuildingResource rejects invalid updates consistently with UpdateBuildingRequest @ repetition 64 o[39m[90m…[39m [90m0.79s[39m  
  [31;1m⨯[39;22m[90m [39m[90mFilament BuildingResource rejects invalid updates consistently with UpdateBuildingRequest @ repetition 65 o[39m[90m…[39m [90m0.78s[39m  
  [31;1m⨯[39;22m[90m [39m[90mFilament BuildingResource rejects invalid updates consistently with UpdateBuildingRequest @ repetition 66 o[39m[90m…[39m [90m0.79s[39m  
  [31;1m⨯[39;22m[90m [39m[90mFilament BuildingResource rejects invalid updates consistently with UpdateBuildingRequest @ repetition 67 o[39m[90m…[39m [90m0.62s[39m  
  [31;1m⨯[39;22m[90m [39m[90mFilament BuildingResource rejects invalid updates consistently with UpdateBuildingRequest @ repetition 68 o[39m[90m…[39m [90m0.87s[39m  
  [31;1m⨯[39;22m[90m [39m[90mFilament BuildingResource rejects invalid updates consistently with UpdateBuildingRequest @ repetition 69 o[39m[90m…[39m [90m0.84s[39m  
  [31;1m⨯[39;22m[90m [39m[90mFilament BuildingResource rejects invalid updates consistently with UpdateBuildingRequest @ repetition 70 o[39m[90m…[39m [90m0.81s[39m  
  [31;1m⨯[39;22m[90m [39m[90mFilament BuildingResource rejects invalid updates consistently with UpdateBuildingRequest @ repetition 71 o[39m[90m…[39m [90m0.77s[39m  
  [31;1m⨯[39;22m[90m [39m[90mFilament BuildingResource rejects invalid updates consistently with UpdateBuildingRequest @ repetition 72 o[39m[90m…[39m [90m0.76s[39m  
  [31;1m⨯[39;22m[90m [39m[90mFilament BuildingResource rejects invalid updates consistently with UpdateBuildingRequest @ repetition 73 o[39m[90m…[39m [90m0.63s[39m  
  [31;1m⨯[39;22m[90m [39m[90mFilament BuildingResource rejects invalid updates consistently with UpdateBuildingRequest @ repetition 74 o[39m[90m…[39m [90m0.78s[39m  
  [31;1m⨯[39;22m[90m [39m[90mFilament BuildingResource rejects invalid updates consistently with UpdateBuildingRequest @ repetition 75 o[39m[90m…[39m [90m0.80s[39m  
  [31;1m⨯[39;22m[90m [39m[90mFilament BuildingResource rejects invalid updates consistently with UpdateBuildingRequest @ repetition 76 o[39m[90m…[39m [90m0.68s[39m  
  [31;1m⨯[39;22m[90m [39m[90mFilament BuildingResource rejects invalid updates consistently with UpdateBuildingRequest @ repetition 77 o[39m[90m…[39m [90m0.78s[39m  
  [31;1m⨯[39;22m[90m [39m[90mFilament BuildingResource rejects invalid updates consistently with UpdateBuildingRequest @ repetition 78 o[39m[90m…[39m [90m0.79s[39m  
  [31;1m⨯[39;22m[90m [39m[90mFilament BuildingResource rejects invalid updates consistently with UpdateBuildingRequest @ repetition 79 o[39m[90m…[39m [90m0.62s[39m  
  [31;1m⨯[39;22m[90m [39m[90mFilament BuildingResource rejects invalid updates consistently with UpdateBuildingRequest @ repetition 80 o[39m[90m…[39m [90m0.78s[39m  
  [31;1m⨯[39;22m[90m [39m[90mFilament BuildingResource rejects invalid updates consistently with UpdateBuildingRequest @ repetition 81 o[39m[90m…[39m [90m0.77s[39m  
  [31;1m⨯[39;22m[90m [39m[90mFilament BuildingResource rejects invalid updates consistently with UpdateBuildingRequest @ repetition 82 o[39m[90m…[39m [90m0.80s[39m  
  [31;1m⨯[39;22m[90m [39m[90mFilament BuildingResource rejects invalid updates consistently with UpdateBuildingRequest @ repetition 83 o[39m[90m…[39m [90m0.74s[39m  
  [31;1m⨯[39;22m[90m [39m[90mFilament BuildingResource rejects invalid updates consistently with UpdateBuildingRequest @ repetition 84 o[39m[90m…[39m [90m0.78s[39m  
  [31;1m⨯[39;22m[90m [39m[90mFilament BuildingResource rejects invalid updates consistently with UpdateBuildingRequest @ repetition 85 o[39m[90m…[39m [90m0.65s[39m  
  [31;1m⨯[39;22m[90m [39m[90mFilament BuildingResource rejects invalid updates consistently with UpdateBuildingRequest @ repetition 86 o[39m[90m…[39m [90m0.80s[39m  
  [31;1m⨯[39;22m[90m [39m[90mFilament BuildingResource rejects invalid updates consistently with UpdateBuildingRequest @ repetition 87 o[39m[90m…[39m [90m0.77s[39m  
  [31;1m⨯[39;22m[90m [39m[90mFilament BuildingResource rejects invalid updates consistently with UpdateBuildingRequest @ repetition 88 o[39m[90m…[39m [90m0.69s[39m  
  [31;1m⨯[39;22m[90m [39m[90mFilament BuildingResource rejects invalid updates consistently with UpdateBuildingRequest @ repetition 89 o[39m[90m…[39m [90m0.78s[39m  
  [31;1m⨯[39;22m[90m [39m[90mFilament BuildingResource rejects invalid updates consistently with UpdateBuildingRequest @ repetition 90 o[39m[90m…[39m [90m0.78s[39m  
  [31;1m⨯[39;22m[90m [39m[90mFilament BuildingResource rejects invalid updates consistently with UpdateBuildingRequest @ repetition 91 o[39m[90m…[39m [90m0.60s[39m  
  [31;1m⨯[39;22m[90m [39m[90mFilament BuildingResource rejects invalid updates consistently with UpdateBuildingRequest @ repetition 92 o[39m[90m…[39m [90m0.74s[39m  
  [31;1m⨯[39;22m[90m [39m[90mFilament BuildingResource rejects invalid updates consistently with UpdateBuildingRequest @ repetition 93 o[39m[90m…[39m [90m0.83s[39m  
  [31;1m⨯[39;22m[90m [39m[90mFilament BuildingResource rejects invalid updates consistently with UpdateBuildingRequest @ repetition 94 o[39m[90m…[39m [90m0.85s[39m  
  [31;1m⨯[39;22m[90m [39m[90mFilament BuildingResource rejects invalid updates consistently with UpdateBuildingRequest @ repetition 95 o[39m[90m…[39m [90m0.73s[39m  
  [31;1m⨯[39;22m[90m [39m[90mFilament BuildingResource rejects invalid updates consistently with UpdateBuildingRequest @ repetition 96 o[39m[90m…[39m [90m0.81s[39m  
  [31;1m⨯[39;22m[90m [39m[90mFilament BuildingResource rejects invalid updates consistently with UpdateBuildingRequest @ repetition 97 o[39m[90m…[39m [90m0.64s[39m  
  [31;1m⨯[39;22m[90m [39m[90mFilament BuildingResource rejects invalid updates consistently with UpdateBuildingRequest @ repetition 98 o[39m[90m…[39m [90m0.79s[39m  
  [31;1m⨯[39;22m[90m [39m[90mFilament BuildingResource rejects invalid updates consistently with UpdateBuildingRequest @ repetition 99 o[39m[90m…[39m [90m0.84s[39m  
  [31;1m⨯[39;22m[90m [39m[90mFilament BuildingResource rejects invalid updates consistently with UpdateBuildingRequest @ repetition 100[39m[90m… [39m [90m0.78s[39m  

  [39;41;1m FAIL [39;49;22m[39m Tests\Feature\FilamentContentLocalizationResourcesTest[39m
  [32;1m✓[39;22m[90m [39m[90mFaqResource can be instantiated and has correct model[39m[90m                                                       [39m [90m0.77s[39m  
  [31;1m⨯[39;22m[90m [39m[90mFaqResource is only visible to superadmin users[39m[90m                                                             [39m [90m0.17s[39m  
  [31;1m⨯[39;22m[90m [39m[90mFaqResource form schema is properly configured[39m[90m                                                              [39m [90m0.39s[39m  
  [31;1m⨯[39;22m[90m [39m[90mFaqResource table is properly configured[39m[90m                                                                    [39m [90m0.22s[39m  
  [32;1m✓[39;22m[90m [39m[90mLanguageResource can be instantiated and has correct model[39m[90m                                                  [39m [90m0.40s[39m  
  [32;1m✓[39;22m[90m [39m[90mLanguageResource is only visible to superadmin users[39m[90m                                                        [39m [90m0.25s[39m  
  [32;1m✓[39;22m[90m [39m[90mLanguageResource form schema is properly configured[39m[90m                                                         [39m [90m0.26s[39m  
  [31;1m⨯[39;22m[90m [39m[90mLanguageResource table is properly configured[39m[90m                                                               [39m [90m0.14s[39m  
  [32;1m✓[39;22m[90m [39m[90mTranslationResource can be instantiated and has correct model[39m[90m                                               [39m [90m0.25s[39m  
  [32;1m✓[39;22m[90m [39m[90mTranslationResource is only visible to superadmin users[39m[90m                                                     [39m [90m0.17s[39m  
  [32;1m✓[39;22m[90m [39m[90mTranslationResource form schema is properly configured[39m[90m                                                      [39m [90m0.31s[39m  
  [31;1m⨯[39;22m[90m [39m[90mTranslationResource table is properly configured[39m[90m                                                            [39m [90m0.20s[39m  
  [32;1m✓[39;22m[90m [39m[90mFaqResource CRUD operations work correctly[39m[90m                                                                  [39m [90m0.57s[39m  
  [31;1m⨯[39;22m[90m [39m[90mLanguageResource CRUD operations work correctly[39m[90m                                                             [39m [90m0.22s[39m  
  [32;1m✓[39;22m[90m [39m[90mTranslationResource CRUD operations work correctly[39m[90m                                                          [39m [90m0.23s[39m  

  [39;41;1m FAIL [39;49;22m[39m Tests\Feature\FilamentInvoiceFinalizationImmutabilityPropertyTest[39m
  [31;1m⨯[39;22m[90m [39m[90mProperty 9: Once an invoice is finalized through Filament, it cannot be modified @ repetition 1 of 100[39m[90m      [39m [90m2.31s[39m  
  [31;1m⨯[39;22m[90m [39m[90mProperty 9: Once an invoice is finalized through Filament, it cannot be modified @ repetition 2 of 100[39m[90m      [39m [90m0.68s[39m  
  [31;1m⨯[39;22m[90m [39m[90mProperty 9: Once an invoice is finalized through Filament, it cannot be modified @ repetition 3 of 100[39m[90m      [39m [90m0.67s[39m  
  [31;1m⨯[39;22m[90m [39m[90mProperty 9: Once an invoice is finalized through Filament, it cannot be modified @ repetition 4 of 100[39m[90m      [39m [90m0.58s[39m  
  [31;1m⨯[39;22m[90m [39m[90mProperty 9: Once an invoice is finalized through Filament, it cannot be modified @ repetition 5 of 100[39m[90m      [39m [90m0.70s[39m  
  [31;1m⨯[39;22m[90m [39m[90mProperty 9: Once an invoice is finalized through Filament, it cannot be modified @ repetition 6 of 100[39m[90m      [39m [90m0.72s[39m  
  [31;1m⨯[39;22m[90m [39m[90mProperty 9: Once an invoice is finalized through Filament, it cannot be modified @ repetition 7 of 100[39m[90m      [39m [90m0.54s[39m  
  [31;1m⨯[39;22m[90m [39m[90mProperty 9: Once an invoice is finalized through Filament, it cannot be modified @ repetition 8 of 100[39m[90m      [39m [90m0.76s[39m  
  [31;1m⨯[39;22m[90m [39m[90mProperty 9: Once an invoice is finalized through Filament, it cannot be modified @ repetition 9 of 100[39m[90m      [39m [90m0.70s[39m  
  [31;1m⨯[39;22m[90m [39m[90mProperty 9: Once an invoice is finalized through Filament, it cannot be modified @ repetition 10 of 100[39m[90m     [39m [90m0.53s[39m  
  [31;1m⨯[39;22m[90m [39m[90mProperty 9: Once an invoice is finalized through Filament, it cannot be modified @ repetition 11 of 100[39m[90m     [39m [90m0.77s[39m  
  [31;1m⨯[39;22m[90m [39m[90mProperty 9: Once an invoice is finalized through Filament, it cannot be modified @ repetition 12 of 100[39m[90m     [39m [90m0.69s[39m  
  [31;1m⨯[39;22m[90m [39m[90mProperty 9: Once an invoice is finalized through Filament, it cannot be modified @ repetition 13 of 100[39m[90m     [39m [90m0.56s[39m  
  [31;1m⨯[39;22m[90m [39m[90mProperty 9: Once an invoice is finalized through Filament, it cannot be modified @ repetition 14 of 100[39m[90m     [39m [90m0.76s[39m  
  [31;1m⨯[39;22m[90m [39m[90mProperty 9: Once an invoice is finalized through Filament, it cannot be modified @ repetition 15 of 100[39m[90m     [39m [90m0.66s[39m  
  [31;1m⨯[39;22m[90m [39m[90mProperty 9: Once an invoice is finalized through Filament, it cannot be modified @ repetition 16 of 100[39m[90m     [39m [90m0.58s[39m  
  [31;1m⨯[39;22m[90m [39m[90mProperty 9: Once an invoice is finalized through Filament, it cannot be modified @ repetition 17 of 100[39m[90m     [39m [90m0.75s[39m  
  [31;1m⨯[39;22m[90m [39m[90mProperty 9: Once an invoice is finalized through Filament, it cannot be modified @ repetition 18 of 100[39m[90m     [39m [90m0.64s[39m  
  [31;1m⨯[39;22m[90m [39m[90mProperty 9: Once an invoice is finalized through Filament, it cannot be modified @ repetition 19 of 100[39m[90m     [39m [90m0.62s[39m  
  [31;1m⨯[39;22m[90m [39m[90mProperty 9: Once an invoice is finalized through Filament, it cannot be modified @ repetition 20 of 100[39m[90m     [39m [90m0.81s[39m  
  [31;1m⨯[39;22m[90m [39m[90mProperty 9: Once an invoice is finalized through Filament, it cannot be modified @ repetition 21 of 100[39m[90m     [39m [90m0.69s[39m  
  [31;1m⨯[39;22m[90m [39m[90mProperty 9: Once an invoice is finalized through Filament, it cannot be modified @ repetition 22 of 100[39m[90m     [39m [90m0.60s[39m  
  [31;1m⨯[39;22m[90m [39m[90mProperty 9: Once an invoice is finalized through Filament, it cannot be modified @ repetition 23 of 100[39m[90m     [39m [90m0.82s[39m  
  [31;1m⨯[39;22m[90m [39m[90mProperty 9: Once an invoice is finalized through Filament, it cannot be modified @ repetition 24 of 100[39m[90m     [39m [90m0.69s[39m  
  [31;1m⨯[39;22m[90m [39m[90mProperty 9: Once an invoice is finalized through Filament, it cannot be modified @ repetition 25 of 100[39m[90m     [39m [90m0.58s[39m  
  [31;1m⨯[39;22m[90m [39m[90mProperty 9: Once an invoice is finalized through Filament, it cannot be modified @ repetition 26 of 100[39m[90m     [39m [90m0.81s[39m  
  [31;1m⨯[39;22m[90m [39m[90mProperty 9: Once an invoice is finalized through Filament, it cannot be modified @ repetition 27 of 100[39m[90m     [39m [90m0.70s[39m  
  [31;1m⨯[39;22m[90m [39m[90mProperty 9: Once an invoice is finalized through Filament, it cannot be modified @ repetition 28 of 100[39m[90m     [39m [90m0.67s[39m  
  [31;1m⨯[39;22m[90m [39m[90mProperty 9: Once an invoice is finalized through Filament, it cannot be modified @ repetition 29 of 100[39m[90m     [39m [90m0.76s[39m  
  [31;1m⨯[39;22m[90m [39m[90mProperty 9: Once an invoice is finalized through Filament, it cannot be modified @ repetition 30 of 100[39m[90m     [39m [90m0.70s[39m  
  [31;1m⨯[39;22m[90m [39m[90mProperty 9: Once an invoice is finalized through Filament, it cannot be modified @ repetition 31 of 100[39m[90m     [39m [90m0.63s[39m  
  [31;1m⨯[39;22m[90m [39m[90mProperty 9: Once an invoice is finalized through Filament, it cannot be modified @ repetition 32 of 100[39m[90m     [39m [90m0.84s[39m  
  [31;1m⨯[39;22m[90m [39m[90mProperty 9: Once an invoice is finalized through Filament, it cannot be modified @ repetition 33 of 100[39m[90m     [39m [90m0.71s[39m  
  [31;1m⨯[39;22m[90m [39m[90mProperty 9: Once an invoice is finalized through Filament, it cannot be modified @ repetition 34 of 100[39m[90m     [39m [90m0.66s[39m  
  [31;1m⨯[39;22m[90m [39m[90mProperty 9: Once an invoice is finalized through Filament, it cannot be modified @ repetition 35 of 100[39m[90m     [39m [90m0.81s[39m  
  [31;1m⨯[39;22m[90m [39m[90mProperty 9: Once an invoice is finalized through Filament, it cannot be modified @ repetition 36 of 100[39m[90m     [39m [90m0.70s[39m  
  [31;1m⨯[39;22m[90m [39m[90mProperty 9: Once an invoice is finalized through Filament, it cannot be modified @ repetition 37 of 100[39m[90m     [39m [90m0.62s[39m  
  [31;1m⨯[39;22m[90m [39m[90mProperty 9: Once an invoice is finalized through Filament, it cannot be modified @ repetition 38 of 100[39m[90m     [39m [90m0.77s[39m  
  [31;1m⨯[39;22m[90m [39m[90mProperty 9: Once an invoice is finalized through Filament, it cannot be modified @ repetition 39 of 100[39m[90m     [39m [90m0.67s[39m  
  [31;1m⨯[39;22m[90m [39m[90mProperty 9: Once an invoice is finalized through Filament, it cannot be modified @ repetition 40 of 100[39m[90m     [39m [90m0.56s[39m  
  [31;1m⨯[39;22m[90m [39m[90mProperty 9: Once an invoice is finalized through Filament, it cannot be modified @ repetition 41 of 100[39m[90m     [39m [90m0.71s[39m  
  [31;1m⨯[39;22m[90m [39m[90mProperty 9: Once an invoice is finalized through Filament, it cannot be modified @ repetition 42 of 100[39m[90m     [39m [90m0.64s[39m  
  [31;1m⨯[39;22m[90m [39m[90mProperty 9: Once an invoice is finalized through Filament, it cannot be modified @ repetition 43 of 100[39m[90m     [39m [90m0.58s[39m  
  [31;1m⨯[39;22m[90m [39m[90mProperty 9: Once an invoice is finalized through Filament, it cannot be modified @ repetition 44 of 100[39m[90m     [39m [90m0.77s[39m  
  [31;1m⨯[39;22m[90m [39m[90mProperty 9: Once an invoice is finalized through Filament, it cannot be modified @ repetition 45 of 100[39m[90m     [39m [90m0.63s[39m  
  [31;1m⨯[39;22m[90m [39m[90mProperty 9: Once an invoice is finalized through Filament, it cannot be modified @ repetition 46 of 100[39m[90m     [39m [90m0.61s[39m  
  [31;1m⨯[39;22m[90m [39m[90mProperty 9: Once an invoice is finalized through Filament, it cannot be modified @ repetition 47 of 100[39m[90m     [39m [90m0.83s[39m  
  [31;1m⨯[39;22m[90m [39m[90mProperty 9: Once an invoice is finalized through Filament, it cannot be modified @ repetition 48 of 100[39m[90m     [39m [90m0.72s[39m  
  [31;1m⨯[39;22m[90m [39m[90mProperty 9: Once an invoice is finalized through Filament, it cannot be modified @ repetition 49 of 100[39m[90m     [39m [90m0.54s[39m  
  [31;1m⨯[39;22m[90m [39m[90mProperty 9: Once an invoice is finalized through Filament, it cannot be modified @ repetition 50 of 100[39m[90m     [39m [90m0.74s[39m  
  [31;1m⨯[39;22m[90m [39m[90mProperty 9: Once an invoice is finalized through Filament, it cannot be modified @ repetition 51 of 100[39m[90m     [39m [90m0.66s[39m  
  [31;1m⨯[39;22m[90m [39m[90mProperty 9: Once an invoice is finalized through Filament, it cannot be modified @ repetition 52 of 100[39m[90m     [39m [90m0.65s[39m  
  [31;1m⨯[39;22m[90m [39m[90mProperty 9: Once an invoice is finalized through Filament, it cannot be modified @ repetition 53 of 100[39m[90m     [39m [90m0.84s[39m  
  [31;1m⨯[39;22m[90m [39m[90mProperty 9: Once an invoice is finalized through Filament, it cannot be modified @ repetition 54 of 100[39m[90m     [39m [90m0.66s[39m  
  [31;1m⨯[39;22m[90m [39m[90mProperty 9: Once an invoice is finalized through Filament, it cannot be modified @ repetition 55 of 100[39m[90m     [39m [90m0.64s[39m  
  [31;1m⨯[39;22m[90m [39m[90mProperty 9: Once an invoice is finalized through Filament, it cannot be modified @ repetition 56 of 100[39m[90m     [39m [90m0.79s[39m  
  [31;1m⨯[39;22m[90m [39m[90mProperty 9: Once an invoice is finalized through Filament, it cannot be modified @ repetition 57 of 100[39m[90m     [39m [90m0.71s[39m  
  [31;1m⨯[39;22m[90m [39m[90mProperty 9: Once an invoice is finalized through Filament, it cannot be modified @ repetition 58 of 100[39m[90m     [39m [90m0.58s[39m  
  [31;1m⨯[39;22m[90m [39m[90mProperty 9: Once an invoice is finalized through Filament, it cannot be modified @ repetition 59 of 100[39m[90m     [39m [90m0.80s[39m  
  [31;1m⨯[39;22m[90m [39m[90mProperty 9: Once an invoice is finalized through Filament, it cannot be modified @ repetition 60 of 100[39m[90m     [39m [90m0.62s[39m  
  [31;1m⨯[39;22m[90m [39m[90mProperty 9: Once an invoice is finalized through Filament, it cannot be modified @ repetition 61 of 100[39m[90m     [39m [90m0.69s[39m  
  [31;1m⨯[39;22m[90m [39m[90mProperty 9: Once an invoice is finalized through Filament, it cannot be modified @ repetition 62 of 100[39m[90m     [39m [90m0.89s[39m  
  [31;1m⨯[39;22m[90m [39m[90mProperty 9: Once an invoice is finalized through Filament, it cannot be modified @ repetition 63 of 100[39m[90m     [39m [90m0.75s[39m  
  [31;1m⨯[39;22m[90m [39m[90mProperty 9: Once an invoice is finalized through Filament, it cannot be modified @ repetition 64 of 100[39m[90m     [39m [90m0.64s[39m  
  [31;1m⨯[39;22m[90m [39m[90mProperty 9: Once an invoice is finalized through Filament, it cannot be modified @ repetition 65 of 100[39m[90m     [39m [90m0.78s[39m  
  [31;1m⨯[39;22m[90m [39m[90mProperty 9: Once an invoice is finalized through Filament, it cannot be modified @ repetition 66 of 100[39m[90m     [39m [90m0.69s[39m  
  [31;1m⨯[39;22m[90m [39m[90mProperty 9: Once an invoice is finalized through Filament, it cannot be modified @ repetition 67 of 100[39m[90m     [39m [90m0.65s[39m  
  [31;1m⨯[39;22m[90m [39m[90mProperty 9: Once an invoice is finalized through Filament, it cannot be modified @ repetition 68 of 100[39m[90m     [39m [90m0.83s[39m  
  [31;1m⨯[39;22m[90m [39m[90mProperty 9: Once an invoice is finalized through Filament, it cannot be modified @ repetition 69 of 100[39m[90m     [39m [90m0.77s[39m  
  [31;1m⨯[39;22m[90m [39m[90mProperty 9: Once an invoice is finalized through Filament, it cannot be modified @ repetition 70 of 100[39m[90m     [39m [90m0.63s[39m  
  [31;1m⨯[39;22m[90m [39m[90mProperty 9: Once an invoice is finalized through Filament, it cannot be modified @ repetition 71 of 100[39m[90m     [39m [90m0.90s[39m  
  [31;1m⨯[39;22m[90m [39m[90mProperty 9: Once an invoice is finalized through Filament, it cannot be modified @ repetition 72 of 100[39m[90m     [39m [90m0.75s[39m  
  [31;1m⨯[39;22m[90m [39m[90mProperty 9: Once an invoice is finalized through Filament, it cannot be modified @ repetition 73 of 100[39m[90m     [39m [90m0.66s[39m  
  [31;1m⨯[39;22m[90m [39m[90mProperty 9: Once an invoice is finalized through Filament, it cannot be modified @ repetition 74 of 100[39m[90m     [39m [90m0.80s[39m  
  [31;1m⨯[39;22m[90m [39m[90mProperty 9: Once an invoice is finalized through Filament, it cannot be modified @ repetition 75 of 100[39m[90m     [39m [90m0.62s[39m  
  [31;1m⨯[39;22m[90m [39m[90mProperty 9: Once an invoice is finalized through Filament, it cannot be modified @ repetition 76 of 100[39m[90m     [39m [90m0.60s[39m  
  [31;1m⨯[39;22m[90m [39m[90mProperty 9: Once an invoice is finalized through Filament, it cannot be modified @ repetition 77 of 100[39m[90m     [39m [90m0.77s[39m  
  [31;1m⨯[39;22m[90m [39m[90mProperty 9: Once an invoice is finalized through Filament, it cannot be modified @ repetition 78 of 100[39m[90m     [39m [90m0.69s[39m  
  [31;1m⨯[39;22m[90m [39m[90mProperty 9: Once an invoice is finalized through Filament, it cannot be modified @ repetition 79 of 100[39m[90m     [39m [90m0.64s[39m  
  [31;1m⨯[39;22m[90m [39m[90mProperty 9: Once an invoice is finalized through Filament, it cannot be modified @ repetition 80 of 100[39m[90m     [39m [90m0.80s[39m  
  [31;1m⨯[39;22m[90m [39m[90mProperty 9: Once an invoice is finalized through Filament, it cannot be modified @ repetition 81 of 100[39m[90m     [39m [90m0.79s[39m  
  [31;1m⨯[39;22m[90m [39m[90mProperty 9: Once an invoice is finalized through Filament, it cannot be modified @ repetition 82 of 100[39m[90m     [39m [90m0.71s[39m  
  [31;1m⨯[39;22m[90m [39m[90mProperty 9: Once an invoice is finalized through Filament, it cannot be modified @ repetition 83 of 100[39m[90m     [39m [90m0.75s[39m  
  [31;1m⨯[39;22m[90m [39m[90mProperty 9: Once an invoice is finalized through Filament, it cannot be modified @ repetition 84 of 100[39m[90m     [39m [90m0.76s[39m  
  [31;1m⨯[39;22m[90m [39m[90mProperty 9: Once an invoice is finalized through Filament, it cannot be modified @ repetition 85 of 100[39m[90m     [39m [90m0.61s[39m  
  [31;1m⨯[39;22m[90m [39m[90mProperty 9: Once an invoice is finalized through Filament, it cannot be modified @ repetition 86 of 100[39m[90m     [39m [90m0.79s[39m  
  [31;1m⨯[39;22m[90m [39m[90mProperty 9: Once an invoice is finalized through Filament, it cannot be modified @ repetition 87 of 100[39m[90m     [39m [90m0.70s[39m  
  [31;1m⨯[39;22m[90m [39m[90mProperty 9: Once an invoice is finalized through Filament, it cannot be modified @ repetition 88 of 100[39m[90m     [39m [90m0.66s[39m  
  [31;1m⨯[39;22m[90m [39m[90mProperty 9: Once an invoice is finalized through Filament, it cannot be modified @ repetition 89 of 100[39m[90m     [39m [90m0.85s[39m  
  [31;1m⨯[39;22m[90m [39m[90mProperty 9: Once an invoice is finalized through Filament, it cannot be modified @ repetition 90 of 100[39m[90m     [39m [90m0.76s[39m  
  [31;1m⨯[39;22m[90m [39m[90mProperty 9: Once an invoice is finalized through Filament, it cannot be modified @ repetition 91 of 100[39m[90m     [39m [90m0.70s[39m  
  [31;1m⨯[39;22m[90m [39m[90mProperty 9: Once an invoice is finalized through Filament, it cannot be modified @ repetition 92 of 100[39m[90m     [39m [90m0.88s[39m  
  [31;1m⨯[39;22m[90m [39m[90mProperty 9: Once an invoice is finalized through Filament, it cannot be modified @ repetition 93 of 100[39m[90m     [39m [90m0.82s[39m  
  [31;1m⨯[39;22m[90m [39m[90mProperty 9: Once an invoice is finalized through Filament, it cannot be modified @ repetition 94 of 100[39m[90m     [39m [90m0.67s[39m  
  [31;1m⨯[39;22m[90m [39m[90mProperty 9: Once an invoice is finalized through Filament, it cannot be modified @ repetition 95 of 100[39m[90m     [39m [90m0.89s[39m  
  [31;1m⨯[39;22m[90m [39m[90mProperty 9: Once an invoice is finalized through Filament, it cannot be modified @ repetition 96 of 100[39m[90m     [39m [90m0.80s[39m  
  [31;1m⨯[39;22m[90m [39m[90mProperty 9: Once an invoice is finalized through Filament, it cannot be modified @ repetition 97 of 100[39m[90m     [39m [90m0.74s[39m  
  [31;1m⨯[39;22m[90m [39m[90mProperty 9: Once an invoice is finalized through Filament, it cannot be modified @ repetition 98 of 100[39m[90m     [39m [90m0.87s[39m  
  [31;1m⨯[39;22m[90m [39m[90mProperty 9: Once an invoice is finalized through Filament, it cannot be modified @ repetition 99 of 100[39m[90m     [39m [90m0.74s[39m  
  [31;1m⨯[39;22m[90m [39m[90mProperty 9: Once an invoice is finalized through Filament, it cannot be modified @ repetition 100 of 100[39m[90m    [39m [90m0.71s[39m  
  [32;1m✓[39;22m[90m [39m[90mProperty 9: Finalized invoices can only have status changes (to PAID) with (1) @ repetition to PAID of 100[39m[90m  [39m [90m0.28s[39m  
  [32;1m✓[39;22m[90m [39m[90mProperty 9: Finalized invoices can only have status changes (to PAID) with (2) @ repetition to PAID of 100[39m[90m  [39m [90m0.27s[39m  
  [32;1m✓[39;22m[90m [39m[90mProperty 9: Finalized invoices can only have status changes (to PAID) with (3) @ repetition to PAID of 100[39m[90m  [39m [90m0.26s[39m  
  [32;1m✓[39;22m[90m [39m[90mProperty 9: Finalized invoices can only have status changes (to PAID) with (4) @ repetition to PAID of 100[39m[90m  [39m [90m0.25s[39m  
  [32;1m✓[39;22m[90m [39m[90mProperty 9: Finalized invoices can only have status changes (to PAID) with (5) @ repetition to PAID of 100[39m[90m  [39m [90m0.26s[39m  
  [32;1m✓[39;22m[90m [39m[90mProperty 9: Finalized invoices can only have status changes (to PAID) with (6) @ repetition to PAID of 100[39m[90m  [39m [90m0.23s[39m  
  [32;1m✓[39;22m[90m [39m[90mProperty 9: Finalized invoices can only have status changes (to PAID) with (7) @ repetition to PAID of 100[39m[90m  [39m [90m0.47s[39m  
  [32;1m✓[39;22m[90m [39m[90mProperty 9: Finalized invoices can only have status changes (to PAID) with (8) @ repetition to PAID of 100[39m[90m  [39m [90m0.19s[39m  
  [32;1m✓[39;22m[90m [39m[90mProperty 9: Finalized invoices can only have status changes (to PAID) with (9) @ repetition to PAID of 100[39m[90m  [39m [90m0.27s[39m  
  [32;1m✓[39;22m[90m [39m[90mProperty 9: Finalized invoices can only have status changes (to PAID) with (10) @ repetition to PAID of 100[39m[90m [39m [90m0.21s[39m  
  [32;1m✓[39;22m[90m [39m[90mProperty 9: Finalized invoices can only have status changes (to PAID) with (11) @ repetition to PAID of 100[39m[90m [39m [90m0.24s[39m  
  [32;1m✓[39;22m[90m [39m[90mProperty 9: Finalized invoices can only have status changes (to PAID) with (12) @ repetition to PAID of 100[39m[90m [39m [90m0.20s[39m  
  [32;1m✓[39;22m[90m [39m[90mProperty 9: Finalized invoices can only have status changes (to PAID) with (13) @ repetition to PAID of 100[39m[90m [39m [90m0.25s[39m  
  [32;1m✓[39;22m[90m [39m[90mProperty 9: Finalized invoices can only have status changes (to PAID) with (14) @ repetition to PAID of 100[39m[90m [39m [90m0.22s[39m  
  [32;1m✓[39;22m[90m [39m[90mProperty 9: Finalized invoices can only have status changes (to PAID) with (15) @ repetition to PAID of 100[39m[90m [39m [90m0.58s[39m  
  [32;1m✓[39;22m[90m [39m[90mProperty 9: Finalized invoices can only have status changes (to PAID) with (16) @ repetition to PAID of 100[39m[90m [39m [90m0.24s[39m  
  [32;1m✓[39;22m[90m [39m[90mProperty 9: Finalized invoices can only have status changes (to PAID) with (17) @ repetition to PAID of 100[39m[90m [39m [90m0.25s[39m  
  [32;1m✓[39;22m[90m [39m[90mProperty 9: Finalized invoices can only have status changes (to PAID) with (18) @ repetition to PAID of 100[39m[90m [39m [90m0.27s[39m  
  [32;1m✓[39;22m[90m [39m[90mProperty 9: Finalized invoices can only have status changes (to PAID) with (19) @ repetition to PAID of 100[39m[90m [39m [90m0.24s[39m  
  [32;1m✓[39;22m[90m [39m[90mProperty 9: Finalized invoices can only have status changes (to PAID) with (20) @ repetition to PAID of 100[39m[90m [39m [90m0.28s[39m  
  [32;1m✓[39;22m[90m [39m[90mProperty 9: Finalized invoices can only have status changes (to PAID) with (21) @ repetition to PAID of 100[39m[90m [39m [90m0.26s[39m  
  [32;1m✓[39;22m[90m [39m[90mProperty 9: Finalized invoices can only have status changes (to PAID) with (22) @ repetition to PAID of 100[39m[90m [39m [90m0.24s[39m  
  [32;1m✓[39;22m[90m [39m[90mProperty 9: Finalized invoices can only have status changes (to PAID) with (23) @ repetition to PAID of 100[39m[90m [39m [90m0.60s[39m  
  [32;1m✓[39;22m[90m [39m[90mProperty 9: Finalized invoices can only have status changes (to PAID) with (24) @ repetition to PAID of 100[39m[90m [39m [90m0.25s[39m  
  [32;1m✓[39;22m[90m [39m[90mProperty 9: Finalized invoices can only have status changes (to PAID) with (25) @ repetition to PAID of 100[39m[90m [39m [90m0.29s[39m  
  [32;1m✓[39;22m[90m [39m[90mProperty 9: Finalized invoices can only have status changes (to PAID) with (26) @ repetition to PAID of 100[39m[90m [39m [90m0.28s[39m  
  [32;1m✓[39;22m[90m [39m[90mProperty 9: Finalized invoices can only have status changes (to PAID) with (27) @ repetition to PAID of 100[39m[90m [39m [90m0.27s[39m  
  [32;1m✓[39;22m[90m [39m[90mProperty 9: Finalized invoices can only have status changes (to PAID) with (28) @ repetition to PAID of 100[39m[90m [39m [90m0.28s[39m  
  [32;1m✓[39;22m[90m [39m[90mProperty 9: Finalized invoices can only have status changes (to PAID) with (29) @ repetition to PAID of 100[39m[90m [39m [90m0.26s[39m  
  [32;1m✓[39;22m[90m [39m[90mProperty 9: Finalized invoices can only have status changes (to PAID) with (30) @ repetition to PAID of 100[39m[90m [39m [90m0.27s[39m  
  [32;1m✓[39;22m[90m [39m[90mProperty 9: Finalized invoices can only have status changes (to PAID) with (31) @ repetition to PAID of 100[39m[90m [39m [90m0.53s[39m  
  [32;1m✓[39;22m[90m [39m[90mProperty 9: Finalized invoices can only have status changes (to PAID) with (32) @ repetition to PAID of 100[39m[90m [39m [90m0.24s[39m  
  [32;1m✓[39;22m[90m [39m[90mProperty 9: Finalized invoices can only have status changes (to PAID) with (33) @ repetition to PAID of 100[39m[90m [39m [90m0.22s[39m  
  [32;1m✓[39;22m[90m [39m[90mProperty 9: Finalized invoices can only have status changes (to PAID) with (34) @ repetition to PAID of 100[39m[90m [39m [90m0.25s[39m  
  [32;1m✓[39;22m[90m [39m[90mProperty 9: Finalized invoices can only have status changes (to PAID) with (35) @ repetition to PAID of 100[39m[90m [39m [90m0.28s[39m  
  [32;1m✓[39;22m[90m [39m[90mProperty 9: Finalized invoices can only have status changes (to PAID) with (36) @ repetition to PAID of 100[39m[90m [39m [90m0.23s[39m  
  [32;1m✓[39;22m[90m [39m[90mProperty 9: Finalized invoices can only have status changes (to PAID) with (37) @ repetition to PAID of 100[39m[90m [39m [90m0.20s[39m  
  [32;1m✓[39;22m[90m [39m[90mProperty 9: Finalized invoices can only have status changes (to PAID) with (38) @ repetition to PAID of 100[39m[90m [39m [90m0.24s[39m  
  [32;1m✓[39;22m[90m [39m[90mProperty 9: Finalized invoices can only have status changes (to PAID) with (39) @ repetition to PAID of 100[39m[90m [39m [90m0.57s[39m  
  [32;1m✓[39;22m[90m [39m[90mProperty 9: Finalized invoices can only have status changes (to PAID) with (40) @ repetition to PAID of 100[39m[90m [39m [90m0.25s[39m  
  [32;1m✓[39;22m[90m [39m[90mProperty 9: Finalized invoices can only have status changes (to PAID) with (41) @ repetition to PAID of 100[39m[90m [39m [90m0.31s[39m  
  [32;1m✓[39;22m[90m [39m[90mProperty 9: Finalized invoices can only have status changes (to PAID) with (42) @ repetition to PAID of 100[39m[90m [39m [90m0.25s[39m  
  [32;1m✓[39;22m[90m [39m[90mProperty 9: Finalized invoices can only have status changes (to PAID) with (43) @ repetition to PAID of 100[39m[90m [39m [90m0.29s[39m  
  [32;1m✓[39;22m[90m [39m[90mProperty 9: Finalized invoices can only have status changes (to PAID) with (44) @ repetition to PAID of 100[39m[90m [39m [90m0.26s[39m  
  [32;1m✓[39;22m[90m [39m[90mProperty 9: Finalized invoices can only have status changes (to PAID) with (45) @ repetition to PAID of 100[39m[90m [39m [90m0.26s[39m  
  [32;1m✓[39;22m[90m [39m[90mProperty 9: Finalized invoices can only have status changes (to PAID) with (46) @ repetition to PAID of 100[39m[90m [39m [90m0.23s[39m  
  [32;1m✓[39;22m[90m [39m[90mProperty 9: Finalized invoices can only have status changes (to PAID) with (47) @ repetition to PAID of 100[39m[90m [39m [90m0.56s[39m  
  [32;1m✓[39;22m[90m [39m[90mProperty 9: Finalized invoices can only have status changes (to PAID) with (48) @ repetition to PAID of 100[39m[90m [39m [90m0.30s[39m  
  [32;1m✓[39;22m[90m [39m[90mProperty 9: Finalized invoices can only have status changes (to PAID) with (49) @ repetition to PAID of 100[39m[90m [39m [90m0.30s[39m  
  [32;1m✓[39;22m[90m [39m[90mProperty 9: Finalized invoices can only have status changes (to PAID) with (50) @ repetition to PAID of 100[39m[90m [39m [90m0.33s[39m  
  [32;1m✓[39;22m[90m [39m[90mProperty 9: Finalized invoices can only have status changes (to PAID) with (51) @ repetition to PAID of 100[39m[90m [39m [90m0.29s[39m  
  [32;1m✓[39;22m[90m [39m[90mProperty 9: Finalized invoices can only have status changes (to PAID) with (52) @ repetition to PAID of 100[39m[90m [39m [90m0.23s[39m  
  [32;1m✓[39;22m[90m [39m[90mProperty 9: Finalized invoices can only have status changes (to PAID) with (53) @ repetition to PAID of 100[39m[90m [39m [90m0.27s[39m  
  [32;1m✓[39;22m[90m [39m[90mProperty 9: Finalized invoices can only have status changes (to PAID) with (54) @ repetition to PAID of 100[39m[90m [39m [90m0.32s[39m  
  [32;1m✓[39;22m[90m [39m[90mProperty 9: Finalized invoices can only have status changes (to PAID) with (55) @ repetition to PAID of 100[39m[90m [39m [90m0.59s[39m  
  [32;1m✓[39;22m[90m [39m[90mProperty 9: Finalized invoices can only have status changes (to PAID) with (56) @ repetition to PAID of 100[39m[90m [39m [90m0.35s[39m  
  [32;1m✓[39;22m[90m [39m[90mProperty 9: Finalized invoices can only have status changes (to PAID) with (57) @ repetition to PAID of 100[39m[90m [39m [90m0.35s[39m  
  [32;1m✓[39;22m[90m [39m[90mProperty 9: Finalized invoices can only have status changes (to PAID) with (58) @ repetition to PAID of 100[39m[90m [39m [90m0.35s[39m  
  [32;1m✓[39;22m[90m [39m[90mProperty 9: Finalized invoices can only have status changes (to PAID) with (59) @ repetition to PAID of 100[39m[90m [39m [90m0.30s[39m  
  [32;1m✓[39;22m[90m [39m[90mProperty 9: Finalized invoices can only have status changes (to PAID) with (60) @ repetition to PAID of 100[39m[90m [39m [90m0.29s[39m  
  [32;1m✓[39;22m[90m [39m[90mProperty 9: Finalized invoices can only have status changes (to PAID) with (61) @ repetition to PAID of 100[39m[90m [39m [90m0.30s[39m  
  [32;1m✓[39;22m[90m [39m[90mProperty 9: Finalized invoices can only have status changes (to PAID) with (62) @ repetition to PAID of 100[39m[90m [39m [90m0.28s[39m  
  [32;1m✓[39;22m[90m [39m[90mProperty 9: Finalized invoices can only have status changes (to PAID) with (63) @ repetition to PAID of 100[39m[90m [39m [90m0.61s[39m  
  [32;1m✓[39;22m[90m [39m[90mProperty 9: Finalized invoices can only have status changes (to PAID) with (64) @ repetition to PAID of 100[39m[90m [39m [90m0.31s[39m  
  [32;1m✓[39;22m[90m [39m[90mProperty 9: Finalized invoices can only have status changes (to PAID) with (65) @ repetition to PAID of 100[39m[90m [39m [90m0.28s[39m  
  [32;1m✓[39;22m[90m [39m[90mProperty 9: Finalized invoices can only have status changes (to PAID) with (66) @ repetition to PAID of 100[39m[90m [39m [90m0.36s[39m  
  [32;1m✓[39;22m[90m [39m[90mProperty 9: Finalized invoices can only have status changes (to PAID) with (67) @ repetition to PAID of 100[39m[90m [39m [90m0.34s[39m  
  [32;1m✓[39;22m[90m [39m[90mProperty 9: Finalized invoices can only have status changes (to PAID) with (68) @ repetition to PAID of 100[39m[90m [39m [90m0.36s[39m  
  [32;1m✓[39;22m[90m [39m[90mProperty 9: Finalized invoices can only have status changes (to PAID) with (69) @ repetition to PAID of 100[39m[90m [39m [90m0.31s[39m  
  [32;1m✓[39;22m[90m [39m[90mProperty 9: Finalized invoices can only have status changes (to PAID) with (70) @ repetition to PAID of 100[39m[90m [39m [90m0.34s[39m  
  [32;1m✓[39;22m[90m [39m[90mProperty 9: Finalized invoices can only have status changes (to PAID) with (71) @ repetition to PAID of 100[39m[90m [39m [90m0.68s[39m  
  [32;1m✓[39;22m[90m [39m[90mProperty 9: Finalized invoices can only have status changes (to PAID) with (72) @ repetition to PAID of 100[39m[90m [39m [90m0.34s[39m  
  [32;1m✓[39;22m[90m [39m[90mProperty 9: Finalized invoices can only have status changes (to PAID) with (73) @ repetition to PAID of 100[39m[90m [39m [90m0.27s[39m  
  [32;1m✓[39;22m[90m [39m[90mProperty 9: Finalized invoices can only have status changes (to PAID) with (74) @ repetition to PAID of 100[39m[90m [39m [90m0.27s[39m  
  [32;1m✓[39;22m[90m [39m[90mProperty 9: Finalized invoices can only have status changes (to PAID) with (75) @ repetition to PAID of 100[39m[90m [39m [90m0.30s[39m  
  [32;1m✓[39;22m[90m [39m[90mProperty 9: Finalized invoices can only have status changes (to PAID) with (76) @ repetition to PAID of 100[39m[90m [39m [90m0.35s[39m  
  [32;1m✓[39;22m[90m [39m[90mProperty 9: Finalized invoices can only have status changes (to PAID) with (77) @ repetition to PAID of 100[39m[90m [39m [90m0.23s[39m  
  [32;1m✓[39;22m[90m [39m[90mProperty 9: Finalized invoices can only have status changes (to PAID) with (78) @ repetition to PAID of 100[39m[90m [39m [90m0.26s[39m  
  [32;1m✓[39;22m[90m [39m[90mProperty 9: Finalized invoices can only have status changes (to PAID) with (79) @ repetition to PAID of 100[39m[90m [39m [90m0.66s[39m  
  [32;1m✓[39;22m[90m [39m[90mProperty 9: Finalized invoices can only have status changes (to PAID) with (80) @ repetition to PAID of 100[39m[90m [39m [90m0.26s[39m  
  [32;1m✓[39;22m[90m [39m[90mProperty 9: Finalized invoices can only have status changes (to PAID) with (81) @ repetition to PAID of 100[39m[90m [39m [90m0.26s[39m  
  [32;1m✓[39;22m[90m [39m[90mProperty 9: Finalized invoices can only have status changes (to PAID) with (82) @ repetition to PAID of 100[39m[90m [39m [90m0.29s[39m  
  [32;1m✓[39;22m[90m [39m[90mProperty 9: Finalized invoices can only have status changes (to PAID) with (83) @ repetition to PAID of 100[39m[90m [39m [90m0.31s[39m  
  [32;1m✓[39;22m[90m [39m[90mProperty 9: Finalized invoices can only have status changes (to PAID) with (84) @ repetition to PAID of 100[39m[90m [39m [90m0.31s[39m  
  [32;1m✓[39;22m[90m [39m[90mProperty 9: Finalized invoices can only have status changes (to PAID) with (85) @ repetition to PAID of 100[39m[90m [39m [90m0.32s[39m  
  [32;1m✓[39;22m[90m [39m[90mProperty 9: Finalized invoices can only have status changes (to PAID) with (86) @ repetition to PAID of 100[39m[90m [39m [90m0.38s[39m  
  [32;1m✓[39;22m[90m [39m[90mProperty 9: Finalized invoices can only have status changes (to PAID) with (87) @ repetition to PAID of 100[39m[90m [39m [90m0.74s[39m  
  [32;1m✓[39;22m[90m [39m[90mProperty 9: Finalized invoices can only have status changes (to PAID) with (88) @ repetition to PAID of 100[39m[90m [39m [90m0.31s[39m  
  [32;1m✓[39;22m[90m [39m[90mProperty 9: Finalized invoices can only have status changes (to PAID) with (89) @ repetition to PAID of 100[39m[90m [39m [90m0.36s[39m  
  [32;1m✓[39;22m[90m [39m[90mProperty 9: Finalized invoices can only have status changes (to PAID) with (90) @ repetition to PAID of 100[39m[90m [39m [90m0.28s[39m  
  [32;1m✓[39;22m[90m [39m[90mProperty 9: Finalized invoices can only have status changes (to PAID) with (91) @ repetition to PAID of 100[39m[90m [39m [90m0.41s[39m  
  [32;1m✓[39;22m[90m [39m[90mProperty 9: Finalized invoices can only have status changes (to PAID) with (92) @ repetition to PAID of 100[39m[90m [39m [90m0.28s[39m  
  [32;1m✓[39;22m[90m [39m[90mProperty 9: Finalized invoices can only have status changes (to PAID) with (93) @ repetition to PAID of 100[39m[90m [39m [90m0.25s[39m  
  [32;1m✓[39;22m[90m [39m[90mProperty 9: Finalized invoices can only have status changes (to PAID) with (94) @ repetition to PAID of 100[39m[90m [39m [90m0.31s[39m  
  [32;1m✓[39;22m[90m [39m[90mProperty 9: Finalized invoices can only have status changes (to PAID) with (95) @ repetition to PAID of 100[39m[90m [39m [90m0.62s[39m  
  [32;1m✓[39;22m[90m [39m[90mProperty 9: Finalized invoices can only have status changes (to PAID) with (96) @ repetition to PAID of 100[39m[90m [39m [90m0.31s[39m  
  [32;1m✓[39;22m[90m [39m[90mProperty 9: Finalized invoices can only have status changes (to PAID) with (97) @ repetition to PAID of 100[39m[90m [39m [90m0.28s[39m  
  [32;1m✓[39;22m[90m [39m[90mProperty 9: Finalized invoices can only have status changes (to PAID) with (98) @ repetition to PAID of 100[39m[90m [39m [90m0.28s[39m  
  [32;1m✓[39;22m[90m [39m[90mProperty 9: Finalized invoices can only have status changes (to PAID) with (99) @ repetition to PAID of 100[39m[90m [39m [90m0.34s[39m  
  [32;1m✓[39;22m[90m [39m[90mProperty 9: Finalized invoices can only have status changes (to PAID) with (100) @ repetition to PAID of 10[39m[90m…[39m [90m0.31s[39m  

  [30;42;1m PASS [39;49;22m[39m Tests\Feature\FilamentInvoiceItemsVisibilityPropertyTest[39m
  [32;1m✓[39;22m[90m [39m[90mInvoiceResource displays all invoice items with snapshotted pricing details @ repetition 1 of 100[39m[90m           [39m [90m0.93s[39m  
  [32;1m✓[39;22m[90m [39m[90mInvoiceResource displays all invoice items with snapshotted pricing details @ repetition 2 of 100[39m[90m           [39m [90m0.75s[39m  
  [32;1m✓[39;22m[90m [39m[90mInvoiceResource displays all invoice items with snapshotted pricing details @ repetition 3 of 100[39m[90m           [39m [90m0.49s[39m  
  [32;1m✓[39;22m[90m [39m[90mInvoiceResource displays all invoice items with snapshotted pricing details @ repetition 4 of 100[39m[90m           [39m [90m0.70s[39m  
  [32;1m✓[39;22m[90m [39m[90mInvoiceResource displays all invoice items with snapshotted pricing details @ repetition 5 of 100[39m[90m           [39m [90m0.35s[39m  
  [32;1m✓[39;22m[90m [39m[90mInvoiceResource displays all invoice items with snapshotted pricing details @ repetition 6 of 100[39m[90m           [39m [90m0.73s[39m  
  [32;1m✓[39;22m[90m [39m[90mInvoiceResource displays all invoice items with snapshotted pricing details @ repetition 7 of 100[39m[90m           [39m [90m0.75s[39m  
  [32;1m✓[39;22m[90m [39m[90mInvoiceResource displays all invoice items with snapshotted pricing details @ repetition 8 of 100[39m[90m           [39m [90m0.43s[39m  
  [32;1m✓[39;22m[90m [39m[90mInvoiceResource displays all invoice items with snapshotted pricing details @ repetition 9 of 100[39m[90m           [39m [90m0.61s[39m  
  [32;1m✓[39;22m[90m [39m[90mInvoiceResource displays all invoice items with snapshotted pricing details @ repetition 10 of 100[39m[90m          [39m [90m0.55s[39m  
  [32;1m✓[39;22m[90m [39m[90mInvoiceResource displays all invoice items with snapshotted pricing details @ repetition 11 of 100[39m[90m          [39m [90m0.69s[39m  
  [32;1m✓[39;22m[90m [39m[90mInvoiceResource displays all invoice items with snapshotted pricing details @ repetition 12 of 100[39m[90m          [39m [90m0.72s[39m  
  [32;1m✓[39;22m[90m [39m[90mInvoiceResource displays all invoice items with snapshotted pricing details @ repetition 13 of 100[39m[90m          [39m [90m0.33s[39m  
  [32;1m✓[39;22m[90m [39m[90mInvoiceResource displays all invoice items with snapshotted pricing details @ repetition 14 of 100[39m[90m          [39m [90m0.70s[39m  
  [32;1m✓[39;22m[90m [39m[90mInvoiceResource displays all invoice items with snapshotted pricing details @ repetition 15 of 100[39m[90m          [39m [90m0.41s[39m  
  [32;1m✓[39;22m[90m [39m[90mInvoiceResource displays all invoice items with snapshotted pricing details @ repetition 16 of 100[39m[90m          [39m [90m0.72s[39m  
  [32;1m✓[39;22m[90m [39m[90mInvoiceResource displays all invoice items with snapshotted pricing details @ repetition 17 of 100[39m[90m          [39m [90m0.57s[39m  
  [32;1m✓[39;22m[90m [39m[90mInvoiceResource displays all invoice items with snapshotted pricing details @ repetition 18 of 100[39m[90m          [39m [90m0.41s[39m  
  [32;1m✓[39;22m[90m [39m[90mInvoiceResource displays all invoice items with snapshotted pricing details @ repetition 19 of 100[39m[90m          [39m [90m0.65s[39m  
  [32;1m✓[39;22m[90m [39m[90mInvoiceResource displays all invoice items with snapshotted pricing details @ repetition 20 of 100[39m[90m          [39m [90m0.40s[39m  
  [32;1m✓[39;22m[90m [39m[90mInvoiceResource displays all invoice items with snapshotted pricing details @ repetition 21 of 100[39m[90m          [39m [90m0.66s[39m  
  [32;1m✓[39;22m[90m [39m[90mInvoiceResource displays all invoice items with snapshotted pricing details @ repetition 22 of 100[39m[90m          [39m [90m0.63s[39m  
  [32;1m✓[39;22m[90m [39m[90mInvoiceResource displays all invoice items with snapshotted pricing details @ repetition 23 of 100[39m[90m          [39m [90m0.38s[39m  
  [32;1m✓[39;22m[90m [39m[90mInvoiceResource displays all invoice items with snapshotted pricing details @ repetition 24 of 100[39m[90m          [39m [90m0.68s[39m  
  [32;1m✓[39;22m[90m [39m[90mInvoiceResource displays all invoice items with snapshotted pricing details @ repetition 25 of 100[39m[90m          [39m [90m0.37s[39m  
  [32;1m✓[39;22m[90m [39m[90mInvoiceResource displays all invoice items with snapshotted pricing details @ repetition 26 of 100[39m[90m          [39m [90m0.58s[39m  
  [32;1m✓[39;22m[90m [39m[90mInvoiceResource displays all invoice items with snapshotted pricing details @ repetition 27 of 100[39m[90m          [39m [90m0.62s[39m  
  [32;1m✓[39;22m[90m [39m[90mInvoiceResource displays all invoice items with snapshotted pricing details @ repetition 28 of 100[39m[90m          [39m [90m0.40s[39m  
  [32;1m✓[39;22m[90m [39m[90mInvoiceResource displays all invoice items with snapshotted pricing details @ repetition 29 of 100[39m[90m          [39m [90m0.49s[39m  
  [32;1m✓[39;22m[90m [39m[90mInvoiceResource displays all invoice items with snapshotted pricing details @ repetition 30 of 100[39m[90m          [39m [90m0.35s[39m  
  [32;1m✓[39;22m[90m [39m[90mInvoiceResource displays all invoice items with snapshotted pricing details @ repetition 31 of 100[39m[90m          [39m [90m0.65s[39m  
  [32;1m✓[39;22m[90m [39m[90mInvoiceResource displays all invoice items with snapshotted pricing details @ repetition 32 of 100[39m[90m          [39m [90m0.53s[39m  
  [32;1m✓[39;22m[90m [39m[90mInvoiceResource displays all invoice items with snapshotted pricing details @ repetition 33 of 100[39m[90m          [39m [90m0.33s[39m  
  [32;1m✓[39;22m[90m [39m[90mInvoiceResource displays all invoice items with snapshotted pricing details @ repetition 34 of 100[39m[90m          [39m [90m0.61s[39m  
  [32;1m✓[39;22m[90m [39m[90mInvoiceResource displays all invoice items with snapshotted pricing details @ repetition 35 of 100[39m[90m          [39m [90m0.31s[39m  
  [32;1m✓[39;22m[90m [39m[90mInvoiceResource displays all invoice items with snapshotted pricing details @ repetition 36 of 100[39m[90m          [39m [90m0.60s[39m  
  [32;1m✓[39;22m[90m [39m[90mInvoiceResource displays all invoice items with snapshotted pricing details @ repetition 37 of 100[39m[90m          [39m [90m0.61s[39m  
  [32;1m✓[39;22m[90m [39m[90mInvoiceResource displays all invoice items with snapshotted pricing details @ repetition 38 of 100[39m[90m          [39m [90m0.30s[39m  
  [32;1m✓[39;22m[90m [39m[90mInvoiceResource displays all invoice items with snapshotted pricing details @ repetition 39 of 100[39m[90m          [39m [90m0.64s[39m  
  [32;1m✓[39;22m[90m [39m[90mInvoiceResource displays all invoice items with snapshotted pricing details @ repetition 40 of 100[39m[90m          [39m [90m0.36s[39m  
  [32;1m✓[39;22m[90m [39m[90mInvoiceResource displays all invoice items with snapshotted pricing details @ repetition 41 of 100[39m[90m          [39m [90m0.60s[39m  
  [32;1m✓[39;22m[90m [39m[90mInvoiceResource displays all invoice items with snapshotted pricing details @ repetition 42 of 100[39m[90m          [39m [90m0.55s[39m  
  [32;1m✓[39;22m[90m [39m[90mInvoiceResource displays all invoice items with snapshotted pricing details @ repetition 43 of 100[39m[90m          [39m [90m0.34s[39m  
  [32;1m✓[39;22m[90m [39m[90mInvoiceResource displays all invoice items with snapshotted pricing details @ repetition 44 of 100[39m[90m          [39m [90m0.50s[39m  
  [32;1m✓[39;22m[90m [39m[90mInvoiceResource displays all invoice items with snapshotted pricing details @ repetition 45 of 100[39m[90m          [39m [90m0.37s[39m  
  [32;1m✓[39;22m[90m [39m[90mInvoiceResource displays all invoice items with snapshotted pricing details @ repetition 46 of 100[39m[90m          [39m [90m0.66s[39m  
  [32;1m✓[39;22m[90m [39m[90mInvoiceResource displays all invoice items with snapshotted pricing details @ repetition 47 of 100[39m[90m          [39m [90m0.58s[39m  
  [32;1m✓[39;22m[90m [39m[90mInvoiceResource displays all invoice items with snapshotted pricing details @ repetition 48 of 100[39m[90m          [39m [90m0.33s[39m  
  [32;1m✓[39;22m[90m [39m[90mInvoiceResource displays all invoice items with snapshotted pricing details @ repetition 49 of 100[39m[90m          [39m [90m0.57s[39m  
  [32;1m✓[39;22m[90m [39m[90mInvoiceResource displays all invoice items with snapshotted pricing details @ repetition 50 of 100[39m[90m          [39m [90m0.35s[39m  
  [32;1m✓[39;22m[90m [39m[90mInvoiceResource displays all invoice items with snapshotted pricing details @ repetition 51 of 100[39m[90m          [39m [90m0.63s[39m  
  [32;1m✓[39;22m[90m [39m[90mInvoiceResource displays all invoice items with snapshotted pricing details @ repetition 52 of 100[39m[90m          [39m [90m0.54s[39m  
  [32;1m✓[39;22m[90m [39m[90mInvoiceResource displays all invoice items with snapshotted pricing details @ repetition 53 of 100[39m[90m          [39m [90m0.40s[39m  
  [32;1m✓[39;22m[90m [39m[90mInvoiceResource displays all invoice items with snapshotted pricing details @ repetition 54 of 100[39m[90m          [39m [90m0.53s[39m  
  [32;1m✓[39;22m[90m [39m[90mInvoiceResource displays all invoice items with snapshotted pricing details @ repetition 55 of 100[39m[90m          [39m [90m0.32s[39m  
  [32;1m✓[39;22m[90m [39m[90mInvoiceResource displays all invoice items with snapshotted pricing details @ repetition 56 of 100[39m[90m          [39m [90m0.66s[39m  
  [32;1m✓[39;22m[90m [39m[90mInvoiceResource displays all invoice items with snapshotted pricing details @ repetition 57 of 100[39m[90m          [39m [90m0.52s[39m  
  [32;1m✓[39;22m[90m [39m[90mInvoiceResource displays all invoice items with snapshotted pricing details @ repetition 58 of 100[39m[90m          [39m [90m0.34s[39m  
  [32;1m✓[39;22m[90m [39m[90mInvoiceResource displays all invoice items with snapshotted pricing details @ repetition 59 of 100[39m[90m          [39m [90m0.53s[39m  
  [32;1m✓[39;22m[90m [39m[90mInvoiceResource displays all invoice items with snapshotted pricing details @ repetition 60 of 100[39m[90m          [39m [90m0.34s[39m  
  [32;1m✓[39;22m[90m [39m[90mInvoiceResource displays all invoice items with snapshotted pricing details @ repetition 61 of 100[39m[90m          [39m [90m0.64s[39m  
  [32;1m✓[39;22m[90m [39m[90mInvoiceResource displays all invoice items with snapshotted pricing details @ repetition 62 of 100[39m[90m          [39m [90m0.60s[39m  
  [32;1m✓[39;22m[90m [39m[90mInvoiceResource displays all invoice items with snapshotted pricing details @ repetition 63 of 100[39m[90m          [39m [90m0.30s[39m  
  [32;1m✓[39;22m[90m [39m[90mInvoiceResource displays all invoice items with snapshotted pricing details @ repetition 64 of 100[39m[90m          [39m [90m0.58s[39m  
  [32;1m✓[39;22m[90m [39m[90mInvoiceResource displays all invoice items with snapshotted pricing details @ repetition 65 of 100[39m[90m          [39m [90m0.33s[39m  
  [32;1m✓[39;22m[90m [39m[90mInvoiceResource displays all invoice items with snapshotted pricing details @ repetition 66 of 100[39m[90m          [39m [90m0.71s[39m  
  [32;1m✓[39;22m[90m [39m[90mInvoiceResource displays all invoice items with snapshotted pricing details @ repetition 67 of 100[39m[90m          [39m [90m0.55s[39m  
  [32;1m✓[39;22m[90m [39m[90mInvoiceResource displays all invoice items with snapshotted pricing details @ repetition 68 of 100[39m[90m          [39m [90m0.40s[39m  
  [32;1m✓[39;22m[90m [39m[90mInvoiceResource displays all invoice items with snapshotted pricing details @ repetition 69 of 100[39m[90m          [39m [90m0.51s[39m  
  [32;1m✓[39;22m[90m [39m[90mInvoiceResource displays all invoice items with snapshotted pricing details @ repetition 70 of 100[39m[90m          [39m [90m0.35s[39m  
  [32;1m✓[39;22m[90m [39m[90mInvoiceResource displays all invoice items with snapshotted pricing details @ repetition 71 of 100[39m[90m          [39m [90m0.64s[39m  
  [32;1m✓[39;22m[90m [39m[90mInvoiceResource displays all invoice items with snapshotted pricing details @ repetition 72 of 100[39m[90m          [39m [90m0.57s[39m  
  [32;1m✓[39;22m[90m [39m[90mInvoiceResource displays all invoice items with snapshotted pricing details @ repetition 73 of 100[39m[90m          [39m [90m0.23s[39m  
  [32;1m✓[39;22m[90m [39m[90mInvoiceResource displays all invoice items with snapshotted pricing details @ repetition 74 of 100[39m[90m          [39m [90m0.58s[39m  
  [32;1m✓[39;22m[90m [39m[90mInvoiceResource displays all invoice items with snapshotted pricing details @ repetition 75 of 100[39m[90m          [39m [90m0.33s[39m  
  [32;1m✓[39;22m[90m [39m[90mInvoiceResource displays all invoice items with snapshotted pricing details @ repetition 76 of 100[39m[90m          [39m [90m0.60s[39m  
  [32;1m✓[39;22m[90m [39m[90mInvoiceResource displays all invoice items with snapshotted pricing details @ repetition 77 of 100[39m[90m          [39m [90m0.61s[39m  
  [32;1m✓[39;22m[90m [39m[90mInvoiceResource displays all invoice items with snapshotted pricing details @ repetition 78 of 100[39m[90m          [39m [90m0.37s[39m  
  [32;1m✓[39;22m[90m [39m[90mInvoiceResource displays all invoice items with snapshotted pricing details @ repetition 79 of 100[39m[90m          [39m [90m0.50s[39m  
  [32;1m✓[39;22m[90m [39m[90mInvoiceResource displays all invoice items with snapshotted pricing details @ repetition 80 of 100[39m[90m          [39m [90m0.36s[39m  
  [32;1m✓[39;22m[90m [39m[90mInvoiceResource displays all invoice items with snapshotted pricing details @ repetition 81 of 100[39m[90m          [39m [90m0.69s[39m  
  [32;1m✓[39;22m[90m [39m[90mInvoiceResource displays all invoice items with snapshotted pricing details @ repetition 82 of 100[39m[90m          [39m [90m0.52s[39m  
  [32;1m✓[39;22m[90m [39m[90mInvoiceResource displays all invoice items with snapshotted pricing details @ repetition 83 of 100[39m[90m          [39m [90m0.39s[39m  
  [32;1m✓[39;22m[90m [39m[90mInvoiceResource displays all invoice items with snapshotted pricing details @ repetition 84 of 100[39m[90m          [39m [90m0.55s[39m  
  [32;1m✓[39;22m[90m [39m[90mInvoiceResource displays all invoice items with snapshotted pricing details @ repetition 85 of 100[39m[90m          [39m [90m0.38s[39m  
  [32;1m✓[39;22m[90m [39m[90mInvoiceResource displays all invoice items with snapshotted pricing details @ repetition 86 of 100[39m[90m          [39m [90m0.66s[39m  
  [32;1m✓[39;22m[90m [39m[90mInvoiceResource displays all invoice items with snapshotted pricing details @ repetition 87 of 100[39m[90m          [39m [90m0.55s[39m  
  [32;1m✓[39;22m[90m [39m[90mInvoiceResource displays all invoice items with snapshotted pricing details @ repetition 88 of 100[39m[90m          [39m [90m0.34s[39m  
  [32;1m✓[39;22m[90m [39m[90mInvoiceResource displays all invoice items with snapshotted pricing details @ repetition 89 of 100[39m[90m          [39m [90m0.55s[39m  
  [32;1m✓[39;22m[90m [39m[90mInvoiceResource displays all invoice items with snapshotted pricing details @ repetition 90 of 100[39m[90m          [39m [90m0.37s[39m  
  [32;1m✓[39;22m[90m [39m[90mInvoiceResource displays all invoice items with snapshotted pricing details @ repetition 91 of 100[39m[90m          [39m [90m0.67s[39m  
  [32;1m✓[39;22m[90m [39m[90mInvoiceResource displays all invoice items with snapshotted pricing details @ repetition 92 of 100[39m[90m          [39m [90m0.53s[39m  
  [32;1m✓[39;22m[90m [39m[90mInvoiceResource displays all invoice items with snapshotted pricing details @ repetition 93 of 100[39m[90m          [39m [90m0.33s[39m  
  [32;1m✓[39;22m[90m [39m[90mInvoiceResource displays all invoice items with snapshotted pricing details @ repetition 94 of 100[39m[90m          [39m [90m0.63s[39m  
  [32;1m✓[39;22m[90m [39m[90mInvoiceResource displays all invoice items with snapshotted pricing details @ repetition 95 of 100[39m[90m          [39m [90m0.32s[39m  
  [32;1m✓[39;22m[90m [39m[90mInvoiceResource displays all invoice items with snapshotted pricing details @ repetition 96 of 100[39m[90m          [39m [90m0.63s[39m  
  [32;1m✓[39;22m[90m [39m[90mInvoiceResource displays all invoice items with snapshotted pricing details @ repetition 97 of 100[39m[90m          [39m [90m0.54s[39m  
  [32;1m✓[39;22m[90m [39m[90mInvoiceResource displays all invoice items with snapshotted pricing details @ repetition 98 of 100[39m[90m          [39m [90m0.35s[39m  
  [32;1m✓[39;22m[90m [39m[90mInvoiceResource displays all invoice items with snapshotted pricing details @ repetition 99 of 100[39m[90m          [39m [90m0.55s[39m  
  [32;1m✓[39;22m[90m [39m[90mInvoiceResource displays all invoice items with snapshotted pricing details @ repetition 100 of 100[39m[90m         [39m [90m0.31s[39m  
  [32;1m✓[39;22m[90m [39m[90mInvoiceResource displays invoice items even when invoice has no items @ repetition 1 of 100[39m[90m                 [39m [90m0.27s[39m  
  [32;1m✓[39;22m[90m [39m[90mInvoiceResource displays invoice items even when invoice has no items @ repetition 2 of 100[39m[90m                 [39m [90m0.49s[39m  
  [32;1m✓[39;22m[90m [39m[90mInvoiceResource displays invoice items even when invoice has no items @ repetition 3 of 100[39m[90m                 [39m [90m0.63s[39m  
  [32;1m✓[39;22m[90m [39m[90mInvoiceResource displays invoice items even when invoice has no items @ repetition 4 of 100[39m[90m                 [39m [90m0.30s[39m  
  [32;1m✓[39;22m[90m [39m[90mInvoiceResource displays invoice items even when invoice has no items @ repetition 5 of 100[39m[90m                 [39m [90m0.52s[39m  
  [32;1m✓[39;22m[90m [39m[90mInvoiceResource displays invoice items even when invoice has no items @ repetition 6 of 100[39m[90m                 [39m [90m0.32s[39m  
  [32;1m✓[39;22m[90m [39m[90mInvoiceResource displays invoice items even when invoice has no items @ repetition 7 of 100[39m[90m                 [39m [90m0.55s[39m  
  [32;1m✓[39;22m[90m [39m[90mInvoiceResource displays invoice items even when invoice has no items @ repetition 8 of 100[39m[90m                 [39m [90m0.51s[39m  
  [32;1m✓[39;22m[90m [39m[90mInvoiceResource displays invoice items even when invoice has no items @ repetition 9 of 100[39m[90m                 [39m [90m0.33s[39m  
  [32;1m✓[39;22m[90m [39m[90mInvoiceResource displays invoice items even when invoice has no items @ repetition 10 of 100[39m[90m                [39m [90m0.54s[39m  
  [32;1m✓[39;22m[90m [39m[90mInvoiceResource displays invoice items even when invoice has no items @ repetition 11 of 100[39m[90m                [39m [90m0.27s[39m  
  [32;1m✓[39;22m[90m [39m[90mInvoiceResource displays invoice items even when invoice has no items @ repetition 12 of 100[39m[90m                [39m [90m0.61s[39m  
  [32;1m✓[39;22m[90m [39m[90mInvoiceResource displays invoice items even when invoice has no items @ repetition 13 of 100[39m[90m                [39m [90m0.51s[39m  
  [32;1m✓[39;22m[90m [39m[90mInvoiceResource displays invoice items even when invoice has no items @ repetition 14 of 100[39m[90m                [39m [90m0.31s[39m  
  [32;1m✓[39;22m[90m [39m[90mInvoiceResource displays invoice items even when invoice has no items @ repetition 15 of 100[39m[90m                [39m [90m0.48s[39m  
  [32;1m✓[39;22m[90m [39m[90mInvoiceResource displays invoice items even when invoice has no items @ repetition 16 of 100[39m[90m                [39m [90m0.23s[39m  
  [32;1m✓[39;22m[90m [39m[90mInvoiceResource displays invoice items even when invoice has no items @ repetition 17 of 100[39m[90m                [39m [90m0.62s[39m  
  [32;1m✓[39;22m[90m [39m[90mInvoiceResource displays invoice items even when invoice has no items @ repetition 18 of 100[39m[90m                [39m [90m0.51s[39m  
  [32;1m✓[39;22m[90m [39m[90mInvoiceResource displays invoice items even when invoice has no items @ repetition 19 of 100[39m[90m                [39m [90m0.30s[39m  
  [32;1m✓[39;22m[90m [39m[90mInvoiceResource displays invoice items even when invoice has no items @ repetition 20 of 100[39m[90m                [39m [90m0.45s[39m  
  [32;1m✓[39;22m[90m [39m[90mInvoiceResource displays invoice items even when invoice has no items @ repetition 21 of 100[39m[90m                [39m [90m0.28s[39m  
  [32;1m✓[39;22m[90m [39m[90mInvoiceResource displays invoice items even when invoice has no items @ repetition 22 of 100[39m[90m                [39m [90m0.61s[39m  
  [32;1m✓[39;22m[90m [39m[90mInvoiceResource displays invoice items even when invoice has no items @ repetition 23 of 100[39m[90m                [39m [90m0.52s[39m  
  [32;1m✓[39;22m[90m [39m[90mInvoiceResource displays invoice items even when invoice has no items @ repetition 24 of 100[39m[90m                [39m [90m0.32s[39m  
  [32;1m✓[39;22m[90m [39m[90mInvoiceResource displays invoice items even when invoice has no items @ repetition 25 of 100[39m[90m                [39m [90m0.53s[39m  
  [32;1m✓[39;22m[90m [39m[90mInvoiceResource displays invoice items even when invoice has no items @ repetition 26 of 100[39m[90m                [39m [90m0.30s[39m  
  [32;1m✓[39;22m[90m [39m[90mInvoiceResource displays invoice items even when invoice has no items @ repetition 27 of 100[39m[90m                [39m [90m0.59s[39m  
  [32;1m✓[39;22m[90m [39m[90mInvoiceResource displays invoice items even when invoice has no items @ repetition 28 of 100[39m[90m                [39m [90m0.52s[39m  
  [32;1m✓[39;22m[90m [39m[90mInvoiceResource displays invoice items even when invoice has no items @ repetition 29 of 100[39m[90m                [39m [90m0.33s[39m  
  [32;1m✓[39;22m[90m [39m[90mInvoiceResource displays invoice items even when invoice has no items @ repetition 30 of 100[39m[90m                [39m [90m0.50s[39m  
  [32;1m✓[39;22m[90m [39m[90mInvoiceResource displays invoice items even when invoice has no items @ repetition 31 of 100[39m[90m                [39m [90m0.30s[39m  
  [32;1m✓[39;22m[90m [39m[90mInvoiceResource displays invoice items even when invoice has no items @ repetition 32 of 100[39m[90m                [39m [90m0.59s[39m  
  [32;1m✓[39;22m[90m [39m[90mInvoiceResource displays invoice items even when invoice has no items @ repetition 33 of 100[39m[90m                [39m [90m0.50s[39m  
  [32;1m✓[39;22m[90m [39m[90mInvoiceResource displays invoice items even when invoice has no items @ repetition 34 of 100[39m[90m                [39m [90m0.36s[39m  
  [32;1m✓[39;22m[90m [39m[90mInvoiceResource displays invoice items even when invoice has no items @ repetition 35 of 100[39m[90m                [39m [90m0.56s[39m  
  [32;1m✓[39;22m[90m [39m[90mInvoiceResource displays invoice items even when invoice has no items @ repetition 36 of 100[39m[90m                [39m [90m0.30s[39m  
  [32;1m✓[39;22m[90m [39m[90mInvoiceResource displays invoice items even when invoice has no items @ repetition 37 of 100[39m[90m                [39m [90m0.59s[39m  
  [32;1m✓[39;22m[90m [39m[90mInvoiceResource displays invoice items even when invoice has no items @ repetition 38 of 100[39m[90m                [39m [90m0.53s[39m  
  [32;1m✓[39;22m[90m [39m[90mInvoiceResource displays invoice items even when invoice has no items @ repetition 39 of 100[39m[90m                [39m [90m0.31s[39m  
  [32;1m✓[39;22m[90m [39m[90mInvoiceResource displays invoice items even when invoice has no items @ repetition 40 of 100[39m[90m                [39m [90m0.47s[39m  
  [32;1m✓[39;22m[90m [39m[90mInvoiceResource displays invoice items even when invoice has no items @ repetition 41 of 100[39m[90m                [39m [90m0.26s[39m  
  [32;1m✓[39;22m[90m [39m[90mInvoiceResource displays invoice items even when invoice has no items @ repetition 42 of 100[39m[90m                [39m [90m0.71s[39m  
  [32;1m✓[39;22m[90m [39m[90mInvoiceResource displays invoice items even when invoice has no items @ repetition 43 of 100[39m[90m                [39m [90m0.62s[39m  
  [32;1m✓[39;22m[90m [39m[90mInvoiceResource displays invoice items even when invoice has no items @ repetition 44 of 100[39m[90m                [39m [90m0.39s[39m  
  [32;1m✓[39;22m[90m [39m[90mInvoiceResource displays invoice items even when invoice has no items @ repetition 45 of 100[39m[90m                [39m [90m0.55s[39m  
  [32;1m✓[39;22m[90m [39m[90mInvoiceResource displays invoice items even when invoice has no items @ repetition 46 of 100[39m[90m                [39m [90m0.33s[39m  
  [32;1m✓[39;22m[90m [39m[90mInvoiceResource displays invoice items even when invoice has no items @ repetition 47 of 100[39m[90m                [39m [90m0.63s[39m  
  [32;1m✓[39;22m[90m [39m[90mInvoiceResource displays invoice items even when invoice has no items @ repetition 48 of 100[39m[90m                [39m [90m0.59s[39m  
  [32;1m✓[39;22m[90m [39m[90mInvoiceResource displays invoice items even when invoice has no items @ repetition 49 of 100[39m[90m                [39m [90m0.37s[39m  
  [32;1m✓[39;22m[90m [39m[90mInvoiceResource displays invoice items even when invoice has no items @ repetition 50 of 100[39m[90m                [39m [90m0.58s[39m  
  [32;1m✓[39;22m[90m [39m[90mInvoiceResource displays invoice items even when invoice has no items @ repetition 51 of 100[39m[90m                [39m [90m0.29s[39m  
  [32;1m✓[39;22m[90m [39m[90mInvoiceResource displays invoice items even when invoice has no items @ repetition 52 of 100[39m[90m                [39m [90m0.64s[39m  
  [32;1m✓[39;22m[90m [39m[90mInvoiceResource displays invoice items even when invoice has no items @ repetition 53 of 100[39m[90m                [39m [90m0.57s[39m  
  [32;1m✓[39;22m[90m [39m[90mInvoiceResource displays invoice items even when invoice has no items @ repetition 54 of 100[39m[90m                [39m [90m0.33s[39m  
  [32;1m✓[39;22m[90m [39m[90mInvoiceResource displays invoice items even when invoice has no items @ repetition 55 of 100[39m[90m                [39m [90m0.58s[39m  
  [32;1m✓[39;22m[90m [39m[90mInvoiceResource displays invoice items even when invoice has no items @ repetition 56 of 100[39m[90m                [39m [90m0.35s[39m  
  [32;1m✓[39;22m[90m [39m[90mInvoiceResource displays invoice items even when invoice has no items @ repetition 57 of 100[39m[90m                [39m [90m0.68s[39m  
  [32;1m✓[39;22m[90m [39m[90mInvoiceResource displays invoice items even when invoice has no items @ repetition 58 of 100[39m[90m                [39m [90m0.61s[39m  
  [32;1m✓[39;22m[90m [39m[90mInvoiceResource displays invoice items even when invoice has no items @ repetition 59 of 100[39m[90m                [39m [90m0.33s[39m  
  [32;1m✓[39;22m[90m [39m[90mInvoiceResource displays invoice items even when invoice has no items @ repetition 60 of 100[39m[90m                [39m [90m0.58s[39m  
  [32;1m✓[39;22m[90m [39m[90mInvoiceResource displays invoice items even when invoice has no items @ repetition 61 of 100[39m[90m                [39m [90m0.33s[39m  
  [32;1m✓[39;22m[90m [39m[90mInvoiceResource displays invoice items even when invoice has no items @ repetition 62 of 100[39m[90m                [39m [90m0.57s[39m  
  [32;1m✓[39;22m[90m [39m[90mInvoiceResource displays invoice items even when invoice has no items @ repetition 63 of 100[39m[90m                [39m [90m0.54s[39m  
  [32;1m✓[39;22m[90m [39m[90mInvoiceResource displays invoice items even when invoice has no items @ repetition 64 of 100[39m[90m                [39m [90m0.35s[39m  
  [32;1m✓[39;22m[90m [39m[90mInvoiceResource displays invoice items even when invoice has no items @ repetition 65 of 100[39m[90m                [39m [90m0.57s[39m  
  [32;1m✓[39;22m[90m [39m[90mInvoiceResource displays invoice items even when invoice has no items @ repetition 66 of 100[39m[90m                [39m [90m0.38s[39m  
  [32;1m✓[39;22m[90m [39m[90mInvoiceResource displays invoice items even when invoice has no items @ repetition 67 of 100[39m[90m                [39m [90m0.64s[39m  
  [32;1m✓[39;22m[90m [39m[90mInvoiceResource displays invoice items even when invoice has no items @ repetition 68 of 100[39m[90m                [39m [90m0.53s[39m  
  [32;1m✓[39;22m[90m [39m[90mInvoiceResource displays invoice items even when invoice has no items @ repetition 69 of 100[39m[90m                [39m [90m0.32s[39m  
  [32;1m✓[39;22m[90m [39m[90mInvoiceResource displays invoice items even when invoice has no items @ repetition 70 of 100[39m[90m                [39m [90m0.53s[39m  
  [32;1m✓[39;22m[90m [39m[90mInvoiceResource displays invoice items even when invoice has no items @ repetition 71 of 100[39m[90m                [39m [90m0.35s[39m  
  [32;1m✓[39;22m[90m [39m[90mInvoiceResource displays invoice items even when invoice has no items @ repetition 72 of 100[39m[90m                [39m [90m0.52s[39m  
  [32;1m✓[39;22m[90m [39m[90mInvoiceResource displays invoice items even when invoice has no items @ repetition 73 of 100[39m[90m                [39m [90m0.51s[39m  
  [32;1m✓[39;22m[90m [39m[90mInvoiceResource displays invoice items even when invoice has no items @ repetition 74 of 100[39m[90m                [39m [90m0.33s[39m  
  [32;1m✓[39;22m[90m [39m[90mInvoiceResource displays invoice items even when invoice has no items @ repetition 75 of 100[39m[90m                [39m [90m0.60s[39m  
  [32;1m✓[39;22m[90m [39m[90mInvoiceResource displays invoice items even when invoice has no items @ repetition 76 of 100[39m[90m                [39m [90m0.31s[39m  
  [32;1m✓[39;22m[90m [39m[90mInvoiceResource displays invoice items even when invoice has no items @ repetition 77 of 100[39m[90m                [39m [90m0.69s[39m  
  [32;1m✓[39;22m[90m [39m[90mInvoiceResource displays invoice items even when invoice has no items @ repetition 78 of 100[39m[90m                [39m [90m0.53s[39m  
  [32;1m✓[39;22m[90m [39m[90mInvoiceResource displays invoice items even when invoice has no items @ repetition 79 of 100[39m[90m                [39m [90m0.35s[39m  
  [32;1m✓[39;22m[90m [39m[90mInvoiceResource displays invoice items even when invoice has no items @ repetition 80 of 100[39m[90m                [39m [90m0.49s[39m  
  [32;1m✓[39;22m[90m [39m[90mInvoiceResource displays invoice items even when invoice has no items @ repetition 81 of 100[39m[90m                [39m [90m0.31s[39m  
  [32;1m✓[39;22m[90m [39m[90mInvoiceResource displays invoice items even when invoice has no items @ repetition 82 of 100[39m[90m                [39m [90m0.65s[39m  
  [32;1m✓[39;22m[90m [39m[90mInvoiceResource displays invoice items even when invoice has no items @ repetition 83 of 100[39m[90m                [39m [90m0.60s[39m  
  [32;1m✓[39;22m[90m [39m[90mInvoiceResource displays invoice items even when invoice has no items @ repetition 84 of 100[39m[90m                [39m [90m0.33s[39m  
  [32;1m✓[39;22m[90m [39m[90mInvoiceResource displays invoice items even when invoice has no items @ repetition 85 of 100[39m[90m                [39m [90m0.53s[39m  
  [32;1m✓[39;22m[90m [39m[90mInvoiceResource displays invoice items even when invoice has no items @ repetition 86 of 100[39m[90m                [39m [90m0.35s[39m  
  [32;1m✓[39;22m[90m [39m[90mInvoiceResource displays invoice items even when invoice has no items @ repetition 87 of 100[39m[90m                [39m [90m0.51s[39m  
  [32;1m✓[39;22m[90m [39m[90mInvoiceResource displays invoice items even when invoice has no items @ repetition 88 of 100[39m[90m                [39m [90m0.51s[39m  
  [32;1m✓[39;22m[90m [39m[90mInvoiceResource displays invoice items even when invoice has no items @ repetition 89 of 100[39m[90m                [39m [90m0.33s[39m  
  [32;1m✓[39;22m[90m [39m[90mInvoiceResource displays invoice items even when invoice has no items @ repetition 90 of 100[39m[90m                [39m [90m0.48s[39m  
  [32;1m✓[39;22m[90m [39m[90mInvoiceResource displays invoice items even when invoice has no items @ repetition 91 of 100[39m[90m                [39m [90m0.33s[39m  
  [32;1m✓[39;22m[90m [39m[90mInvoiceResource displays invoice items even when invoice has no items @ repetition 92 of 100[39m[90m                [39m [90m0.48s[39m  
  [32;1m✓[39;22m[90m [39m[90mInvoiceResource displays invoice items even when invoice has no items @ repetition 93 of 100[39m[90m                [39m [90m0.53s[39m  
  [32;1m✓[39;22m[90m [39m[90mInvoiceResource displays invoice items even when invoice has no items @ repetition 94 of 100[39m[90m                [39m [90m0.37s[39m  
  [32;1m✓[39;22m[90m [39m[90mInvoiceResource displays invoice items even when invoice has no items @ repetition 95 of 100[39m[90m                [39m [90m0.51s[39m  
  [32;1m✓[39;22m[90m [39m[90mInvoiceResource displays invoice items even when invoice has no items @ repetition 96 of 100[39m[90m                [39m [90m0.33s[39m  
  [32;1m✓[39;22m[90m [39m[90mInvoiceResource displays invoice items even when invoice has no items @ repetition 97 of 100[39m[90m                [39m [90m0.67s[39m  
  [32;1m✓[39;22m[90m [39m[90mInvoiceResource displays invoice items even when invoice has no items @ repetition 98 of 100[39m[90m                [39m [90m0.52s[39m  
  [32;1m✓[39;22m[90m [39m[90mInvoiceResource displays invoice items even when invoice has no items @ repetition 99 of 100[39m[90m                [39m [90m0.29s[39m  
  [32;1m✓[39;22m[90m [39m[90mInvoiceResource displays invoice items even when invoice has no items @ repetition 100 of 100[39m[90m               [39m [90m0.55s[39m  
  [32;1m✓[39;22m[90m [39m[90mInvoiceResource preserves snapshotted pricing details across different invoice statuses @ repetition 1 of 1[39m[90m…[39m [90m0.55s[39m  
  [32;1m✓[39;22m[90m [39m[90mInvoiceResource preserves snapshotted pricing details across different invoice statuses @ repetition 2 of 1[39m[90m…[39m [90m0.24s[39m  
  [32;1m✓[39;22m[90m [39m[90mInvoiceResource preserves snapshotted pricing details across different invoice statuses @ repetition 3 of 1[39m[90m…[39m [90m0.51s[39m  
  [32;1m✓[39;22m[90m [39m[90mInvoiceResource preserves snapshotted pricing details across different invoice statuses @ repetition 4 of 1[39m[90m…[39m [90m0.28s[39m  
  [32;1m✓[39;22m[90m [39m[90mInvoiceResource preserves snapshotted pricing details across different invoice statuses @ repetition 5 of 1[39m[90m…[39m [90m0.53s[39m  
  [32;1m✓[39;22m[90m [39m[90mInvoiceResource preserves snapshotted pricing details across different invoice statuses @ repetition 6 of 1[39m[90m…[39m [90m0.29s[39m  
  [32;1m✓[39;22m[90m [39m[90mInvoiceResource preserves snapshotted pricing details across different invoice statuses @ repetition 7 of 1[39m[90m…[39m [90m0.52s[39m  
  [32;1m✓[39;22m[90m [39m[90mInvoiceResource preserves snapshotted pricing details across different invoice statuses @ repetition 8 of 1[39m[90m…[39m [90m0.27s[39m  
  [32;1m✓[39;22m[90m [39m[90mInvoiceResource preserves snapshotted pricing details across different invoice statuses @ repetition 9 of 1[39m[90m…[39m [90m0.50s[39m  
  [32;1m✓[39;22m[90m [39m[90mInvoiceResource preserves snapshotted pricing details across different invoice statuses @ repetition 10 of[39m[90m… [39m [90m0.29s[39m  
  [32;1m✓[39;22m[90m [39m[90mInvoiceResource preserves snapshotted pricing details across different invoice statuses @ repetition 11 of[39m[90m… [39m [90m0.47s[39m  
  [32;1m✓[39;22m[90m [39m[90mInvoiceResource preserves snapshotted pricing details across different invoice statuses @ repetition 12 of[39m[90m… [39m [90m0.27s[39m  
  [32;1m✓[39;22m[90m [39m[90mInvoiceResource preserves snapshotted pricing details across different invoice statuses @ repetition 13 of[39m[90m… [39m [90m0.47s[39m  
  [32;1m✓[39;22m[90m [39m[90mInvoiceResource preserves snapshotted pricing details across different invoice statuses @ repetition 14 of[39m[90m… [39m [90m0.28s[39m  
  [32;1m✓[39;22m[90m [39m[90mInvoiceResource preserves snapshotted pricing details across different invoice statuses @ repetition 15 of[39m[90m… [39m [90m0.49s[39m  
  [32;1m✓[39;22m[90m [39m[90mInvoiceResource preserves snapshotted pricing details across different invoice statuses @ repetition 16 of[39m[90m… [39m [90m0.29s[39m  
  [32;1m✓[39;22m[90m [39m[90mInvoiceResource preserves snapshotted pricing details across different invoice statuses @ repetition 17 of[39m[90m… [39m [90m0.55s[39m  
  [32;1m✓[39;22m[90m [39m[90mInvoiceResource preserves snapshotted pricing details across different invoice statuses @ repetition 18 of[39m[90m… [39m [90m0.27s[39m  
  [32;1m✓[39;22m[90m [39m[90mInvoiceResource preserves snapshotted pricing details across different invoice statuses @ repetition 19 of[39m[90m… [39m [90m0.52s[39m  
  [32;1m✓[39;22m[90m [39m[90mInvoiceResource preserves snapshotted pricing details across different invoice statuses @ repetition 20 of[39m[90m… [39m [90m0.33s[39m  
  [32;1m✓[39;22m[90m [39m[90mInvoiceResource preserves snapshotted pricing details across different invoice statuses @ repetition 21 of[39m[90m… [39m [90m0.57s[39m  
  [32;1m✓[39;22m[90m [39m[90mInvoiceResource preserves snapshotted pricing details across different invoice statuses @ repetition 22 of[39m[90m… [39m [90m0.32s[39m  
  [32;1m✓[39;22m[90m [39m[90mInvoiceResource preserves snapshotted pricing details across different invoice statuses @ repetition 23 of[39m[90m… [39m [90m0.55s[39m  
  [32;1m✓[39;22m[90m [39m[90mInvoiceResource preserves snapshotted pricing details across different invoice statuses @ repetition 24 of[39m[90m… [39m [90m0.31s[39m  
  [32;1m✓[39;22m[90m [39m[90mInvoiceResource preserves snapshotted pricing details across different invoice statuses @ repetition 25 of[39m[90m… [39m [90m0.62s[39m  
  [32;1m✓[39;22m[90m [39m[90mInvoiceResource preserves snapshotted pricing details across different invoice statuses @ repetition 26 of[39m[90m… [39m [90m0.40s[39m  
  [32;1m✓[39;22m[90m [39m[90mInvoiceResource preserves snapshotted pricing details across different invoice statuses @ repetition 27 of[39m[90m… [39m [90m0.53s[39m  
  [32;1m✓[39;22m[90m [39m[90mInvoiceResource preserves snapshotted pricing details across different invoice statuses @ repetition 28 of[39m[90m… [39m [90m0.24s[39m  
  [32;1m✓[39;22m[90m [39m[90mInvoiceResource preserves snapshotted pricing details across different invoice statuses @ repetition 29 of[39m[90m… [39m [90m0.47s[39m  
  [32;1m✓[39;22m[90m [39m[90mInvoiceResource preserves snapshotted pricing details across different invoice statuses @ repetition 30 of[39m[90m… [39m [90m0.30s[39m  
  [32;1m✓[39;22m[90m [39m[90mInvoiceResource preserves snapshotted pricing details across different invoice statuses @ repetition 31 of[39m[90m… [39m [90m0.54s[39m  
  [32;1m✓[39;22m[90m [39m[90mInvoiceResource preserves snapshotted pricing details across different invoice statuses @ repetition 32 of[39m[90m… [39m [90m0.29s[39m  
  [32;1m✓[39;22m[90m [39m[90mInvoiceResource preserves snapshotted pricing details across different invoice statuses @ repetition 33 of[39m[90m… [39m [90m0.47s[39m  
  [32;1m✓[39;22m[90m [39m[90mInvoiceResource preserves snapshotted pricing details across different invoice statuses @ repetition 34 of[39m[90m… [39m [90m0.28s[39m  
  [32;1m✓[39;22m[90m [39m[90mInvoiceResource preserves snapshotted pricing details across different invoice statuses @ repetition 35 of[39m[90m… [39m [90m0.57s[39m  
  [32;1m✓[39;22m[90m [39m[90mInvoiceResource preserves snapshotted pricing details across different invoice statuses @ repetition 36 of[39m[90m… [39m [90m0.28s[39m  
  [32;1m✓[39;22m[90m [39m[90mInvoiceResource preserves snapshotted pricing details across different invoice statuses @ repetition 37 of[39m[90m… [39m [90m0.51s[39m  
  [32;1m✓[39;22m[90m [39m[90mInvoiceResource preserves snapshotted pricing details across different invoice statuses @ repetition 38 of[39m[90m… [39m [90m0.32s[39m  
  [32;1m✓[39;22m[90m [39m[90mInvoiceResource preserves snapshotted pricing details across different invoice statuses @ repetition 39 of[39m[90m… [39m [90m0.53s[39m  
  [32;1m✓[39;22m[90m [39m[90mInvoiceResource preserves snapshotted pricing details across different invoice statuses @ repetition 40 of[39m[90m… [39m [90m0.34s[39m  
  [32;1m✓[39;22m[90m [39m[90mInvoiceResource preserves snapshotted pricing details across different invoice statuses @ repetition 41 of[39m[90m… [39m [90m0.47s[39m  
  [32;1m✓[39;22m[90m [39m[90mInvoiceResource preserves snapshotted pricing details across different invoice statuses @ repetition 42 of[39m[90m… [39m [90m0.29s[39m  
  [32;1m✓[39;22m[90m [39m[90mInvoiceResource preserves snapshotted pricing details across different invoice statuses @ repetition 43 of[39m[90m… [39m [90m0.53s[39m  
  [32;1m✓[39;22m[90m [39m[90mInvoiceResource preserves snapshotted pricing details across different invoice statuses @ repetition 44 of[39m[90m… [39m [90m0.34s[39m  
  [32;1m✓[39;22m[90m [39m[90mInvoiceResource preserves snapshotted pricing details across different invoice statuses @ repetition 45 of[39m[90m… [39m [90m0.57s[39m  
  [32;1m✓[39;22m[90m [39m[90mInvoiceResource preserves snapshotted pricing details across different invoice statuses @ repetition 46 of[39m[90m… [39m [90m0.36s[39m  
  [32;1m✓[39;22m[90m [39m[90mInvoiceResource preserves snapshotted pricing details across different invoice statuses @ repetition 47 of[39m[90m… [39m [90m0.50s[39m  
  [32;1m✓[39;22m[90m [39m[90mInvoiceResource preserves snapshotted pricing details across different invoice statuses @ repetition 48 of[39m[90m… [39m [90m0.29s[39m  
  [32;1m✓[39;22m[90m [39m[90mInvoiceResource preserves snapshotted pricing details across different invoice statuses @ repetition 49 of[39m[90m… [39m [90m0.49s[39m  
  [32;1m✓[39;22m[90m [39m[90mInvoiceResource preserves snapshotted pricing details across different invoice statuses @ repetition 50 of[39m[90m… [39m [90m0.28s[39m  
  [32;1m✓[39;22m[90m [39m[90mInvoiceResource preserves snapshotted pricing details across different invoice statuses @ repetition 51 of[39m[90m… [39m [90m0.54s[39m  
  [32;1m✓[39;22m[90m [39m[90mInvoiceResource preserves snapshotted pricing details across different invoice statuses @ repetition 52 of[39m[90m… [39m [90m0.29s[39m  
  [32;1m✓[39;22m[90m [39m[90mInvoiceResource preserves snapshotted pricing details across different invoice statuses @ repetition 53 of[39m[90m… [39m [90m0.50s[39m  
  [32;1m✓[39;22m[90m [39m[90mInvoiceResource preserves snapshotted pricing details across different invoice statuses @ repetition 54 of[39m[90m… [39m [90m0.25s[39m  
  [32;1m✓[39;22m[90m [39m[90mInvoiceResource preserves snapshotted pricing details across different invoice statuses @ repetition 55 of[39m[90m… [39m [90m0.52s[39m  
  [32;1m✓[39;22m[90m [39m[90mInvoiceResource preserves snapshotted pricing details across different invoice statuses @ repetition 56 of[39m[90m… [39m [90m0.26s[39m  
  [32;1m✓[39;22m[90m [39m[90mInvoiceResource preserves snapshotted pricing details across different invoice statuses @ repetition 57 of[39m[90m… [39m [90m0.48s[39m  
  [32;1m✓[39;22m[90m [39m[90mInvoiceResource preserves snapshotted pricing details across different invoice statuses @ repetition 58 of[39m[90m… [39m [90m0.23s[39m  
  [32;1m✓[39;22m[90m [39m[90mInvoiceResource preserves snapshotted pricing details across different invoice statuses @ repetition 59 of[39m[90m… [39m [90m0.50s[39m  
  [32;1m✓[39;22m[90m [39m[90mInvoiceResource preserves snapshotted pricing details across different invoice statuses @ repetition 60 of[39m[90m… [39m [90m0.32s[39m  
  [32;1m✓[39;22m[90m [39m[90mInvoiceResource preserves snapshotted pricing details across different invoice statuses @ repetition 61 of[39m[90m… [39m [90m0.58s[39m  
  [32;1m✓[39;22m[90m [39m[90mInvoiceResource preserves snapshotted pricing details across different invoice statuses @ repetition 62 of[39m[90m… [39m [90m0.30s[39m  
  [32;1m✓[39;22m[90m [39m[90mInvoiceResource preserves snapshotted pricing details across different invoice statuses @ repetition 63 of[39m[90m… [39m [90m0.50s[39m  
  [32;1m✓[39;22m[90m [39m[90mInvoiceResource preserves snapshotted pricing details across different invoice statuses @ repetition 64 of[39m[90m… [39m [90m0.33s[39m  
  [32;1m✓[39;22m[90m [39m[90mInvoiceResource preserves snapshotted pricing details across different invoice statuses @ repetition 65 of[39m[90m… [39m [90m0.52s[39m  
  [32;1m✓[39;22m[90m [39m[90mInvoiceResource preserves snapshotted pricing details across different invoice statuses @ repetition 66 of[39m[90m… [39m [90m0.31s[39m  
  [32;1m✓[39;22m[90m [39m[90mInvoiceResource preserves snapshotted pricing details across different invoice statuses @ repetition 67 of[39m[90m… [39m [90m0.49s[39m  
  [32;1m✓[39;22m[90m [39m[90mInvoiceResource preserves snapshotted pricing details across different invoice statuses @ repetition 68 of[39m[90m… [39m [90m0.30s[39m  
  [32;1m✓[39;22m[90m [39m[90mInvoiceResource preserves snapshotted pricing details across different invoice statuses @ repetition 69 of[39m[90m… [39m [90m0.49s[39m  
  [32;1m✓[39;22m[90m [39m[90mInvoiceResource preserves snapshotted pricing details across different invoice statuses @ repetition 70 of[39m[90m… [39m [90m0.35s[39m  
  [32;1m✓[39;22m[90m [39m[90mInvoiceResource preserves snapshotted pricing details across different invoice statuses @ repetition 71 of[39m[90m… [39m [90m0.65s[39m  
  [32;1m✓[39;22m[90m [39m[90mInvoiceResource preserves snapshotted pricing details across different invoice statuses @ repetition 72 of[39m[90m… [39m [90m0.33s[39m  
  [32;1m✓[39;22m[90m [39m[90mInvoiceResource preserves snapshotted pricing details across different invoice statuses @ repetition 73 of[39m[90m… [39m [90m0.53s[39m  
  [32;1m✓[39;22m[90m [39m[90mInvoiceResource preserves snapshotted pricing details across different invoice statuses @ repetition 74 of[39m[90m… [39m [90m0.28s[39m  
  [32;1m✓[39;22m[90m [39m[90mInvoiceResource preserves snapshotted pricing details across different invoice statuses @ repetition 75 of[39m[90m… [39m [90m0.56s[39m  
  [32;1m✓[39;22m[90m [39m[90mInvoiceResource preserves snapshotted pricing details across different invoice statuses @ repetition 76 of[39m[90m… [39m [90m0.30s[39m  
  [32;1m✓[39;22m[90m [39m[90mInvoiceResource preserves snapshotted pricing details across different invoice statuses @ repetition 77 of[39m[90m… [39m [90m0.52s[39m  
  [32;1m✓[39;22m[90m [39m[90mInvoiceResource preserves snapshotted pricing details across different invoice statuses @ repetition 78 of[39m[90m… [39m [90m0.31s[39m  
  [32;1m✓[39;22m[90m [39m[90mInvoiceResource preserves snapshotted pricing details across different invoice statuses @ repetition 79 of[39m[90m… [39m [90m0.51s[39m  
  [32;1m✓[39;22m[90m [39m[90mInvoiceResource preserves snapshotted pricing details across different invoice statuses @ repetition 80 of[39m[90m… [39m [90m0.37s[39m  
  [32;1m✓[39;22m[90m [39m[90mInvoiceResource preserves snapshotted pricing details across different invoice statuses @ repetition 81 of[39m[90m… [39m [90m0.59s[39m  
  [32;1m✓[39;22m[90m [39m[90mInvoiceResource preserves snapshotted pricing details across different invoice statuses @ repetition 82 of[39m[90m… [39m [90m0.35s[39m  
  [32;1m✓[39;22m[90m [39m[90mInvoiceResource preserves snapshotted pricing details across different invoice statuses @ repetition 83 of[39m[90m… [39m [90m0.48s[39m  
  [32;1m✓[39;22m[90m [39m[90mInvoiceResource preserves snapshotted pricing details across different invoice statuses @ repetition 84 of[39m[90m… [39m [90m0.28s[39m  
  [32;1m✓[39;22m[90m [39m[90mInvoiceResource preserves snapshotted pricing details across different invoice statuses @ repetition 85 of[39m[90m… [39m [90m0.52s[39m  
  [32;1m✓[39;22m[90m [39m[90mInvoiceResource preserves snapshotted pricing details across different invoice statuses @ repetition 86 of[39m[90m… [39m [90m0.32s[39m  
  [32;1m✓[39;22m[90m [39m[90mInvoiceResource preserves snapshotted pricing details across different invoice statuses @ repetition 87 of[39m[90m… [39m [90m0.56s[39m  
  [32;1m✓[39;22m[90m [39m[90mInvoiceResource preserves snapshotted pricing details across different invoice statuses @ repetition 88 of[39m[90m… [39m [90m0.25s[39m  
  [32;1m✓[39;22m[90m [39m[90mInvoiceResource preserves snapshotted pricing details across different invoice statuses @ repetition 89 of[39m[90m… [39m [90m0.52s[39m  
  [32;1m✓[39;22m[90m [39m[90mInvoiceResource preserves snapshotted pricing details across different invoice statuses @ repetition 90 of[39m[90m… [39m [90m0.35s[39m  
  [32;1m✓[39;22m[90m [39m[90mInvoiceResource preserves snapshotted pricing details across different invoice statuses @ repetition 91 of[39m[90m… [39m [90m0.61s[39m  
  [32;1m✓[39;22m[90m [39m[90mInvoiceResource preserves snapshotted pricing details across different invoice statuses @ repetition 92 of[39m[90m… [39m [90m0.29s[39m  
  [32;1m✓[39;22m[90m [39m[90mInvoiceResource preserves snapshotted pricing details across different invoice statuses @ repetition 93 of[39m[90m… [39m [90m0.57s[39m  
  [32;1m✓[39;22m[90m [39m[90mInvoiceResource preserves snapshotted pricing details across different invoice statuses @ repetition 94 of[39m[90m… [39m [90m0.34s[39m  
  [32;1m✓[39;22m[90m [39m[90mInvoiceResource preserves snapshotted pricing details across different invoice statuses @ repetition 95 of[39m[90m… [39m [90m0.49s[39m  
  [32;1m✓[39;22m[90m [39m[90mInvoiceResource preserves snapshotted pricing details across different invoice statuses @ repetition 96 of[39m[90m… [39m [90m0.35s[39m  
  [32;1m✓[39;22m[90m [39m[90mInvoiceResource preserves snapshotted pricing details across different invoice statuses @ repetition 97 of[39m[90m… [39m [90m0.52s[39m  
  [32;1m✓[39;22m[90m [39m[90mInvoiceResource preserves snapshotted pricing details across different invoice statuses @ repetition 98 of[39m[90m… [39m [90m0.35s[39m  
  [32;1m✓[39;22m[90m [39m[90mInvoiceResource preserves snapshotted pricing details across different invoice statuses @ repetition 99 of[39m[90m… [39m [90m0.49s[39m  
  [32;1m✓[39;22m[90m [39m[90mInvoiceResource preserves snapshotted pricing details across different invoice statuses @ repetition 100 of[39m[90m…[39m [90m0.32s[39m  

  [39;41;1m FAIL [39;49;22m[39m Tests\Feature\FilamentInvoiceResourceTenantScopeTest[39m
  [32;1m✓[39;22m[90m [39m[90mInvoiceResource automatically filters invoices by authenticated user tenant_id @ repetition 1 of 100[39m[90m        [39m [90m1.12s[39m  
  [32;1m✓[39;22m[90m [39m[90mInvoiceResource automatically filters invoices by authenticated user tenant_id @ repetition 2 of 100[39m[90m        [39m [90m0.56s[39m  
  [32;1m✓[39;22m[90m [39m[90mInvoiceResource automatically filters invoices by authenticated user tenant_id @ repetition 3 of 100[39m[90m        [39m [90m0.68s[39m  
  [32;1m✓[39;22m[90m [39m[90mInvoiceResource automatically filters invoices by authenticated user tenant_id @ repetition 4 of 100[39m[90m        [39m [90m0.52s[39m  
  [32;1m✓[39;22m[90m [39m[90mInvoiceResource automatically filters invoices by authenticated user tenant_id @ repetition 5 of 100[39m[90m        [39m [90m0.88s[39m  
  [32;1m✓[39;22m[90m [39m[90mInvoiceResource automatically filters invoices by authenticated user tenant_id @ repetition 6 of 100[39m[90m        [39m [90m0.76s[39m  
  [32;1m✓[39;22m[90m [39m[90mInvoiceResource automatically filters invoices by authenticated user tenant_id @ repetition 7 of 100[39m[90m        [39m [90m0.50s[39m  
  [32;1m✓[39;22m[90m [39m[90mInvoiceResource automatically filters invoices by authenticated user tenant_id @ repetition 8 of 100[39m[90m        [39m [90m0.75s[39m  
  [32;1m✓[39;22m[90m [39m[90mInvoiceResource automatically filters invoices by authenticated user tenant_id @ repetition 9 of 100[39m[90m        [39m [90m0.52s[39m  
  [32;1m✓[39;22m[90m [39m[90mInvoiceResource automatically filters invoices by authenticated user tenant_id @ repetition 10 of 100[39m[90m       [39m [90m0.73s[39m  
  [32;1m✓[39;22m[90m [39m[90mInvoiceResource automatically filters invoices by authenticated user tenant_id @ repetition 11 of 100[39m[90m       [39m [90m0.51s[39m  
  [32;1m✓[39;22m[90m [39m[90mInvoiceResource automatically filters invoices by authenticated user tenant_id @ repetition 12 of 100[39m[90m       [39m [90m0.85s[39m  
  [32;1m✓[39;22m[90m [39m[90mInvoiceResource automatically filters invoices by authenticated user tenant_id @ repetition 13 of 100[39m[90m       [39m [90m0.68s[39m  
  [32;1m✓[39;22m[90m [39m[90mInvoiceResource automatically filters invoices by authenticated user tenant_id @ repetition 14 of 100[39m[90m       [39m [90m0.55s[39m  
  [32;1m✓[39;22m[90m [39m[90mInvoiceResource automatically filters invoices by authenticated user tenant_id @ repetition 15 of 100[39m[90m       [39m [90m0.74s[39m  
  [32;1m✓[39;22m[90m [39m[90mInvoiceResource automatically filters invoices by authenticated user tenant_id @ repetition 16 of 100[39m[90m       [39m [90m0.52s[39m  
  [32;1m✓[39;22m[90m [39m[90mInvoiceResource automatically filters invoices by authenticated user tenant_id @ repetition 17 of 100[39m[90m       [39m [90m0.89s[39m  
  [32;1m✓[39;22m[90m [39m[90mInvoiceResource automatically filters invoices by authenticated user tenant_id @ repetition 18 of 100[39m[90m       [39m [90m0.54s[39m  
  [32;1m✓[39;22m[90m [39m[90mInvoiceResource automatically filters invoices by authenticated user tenant_id @ repetition 19 of 100[39m[90m       [39m [90m0.83s[39m  
  [32;1m✓[39;22m[90m [39m[90mInvoiceResource automatically filters invoices by authenticated user tenant_id @ repetition 20 of 100[39m[90m       [39m [90m0.70s[39m  
  [32;1m✓[39;22m[90m [39m[90mInvoiceResource automatically filters invoices by authenticated user tenant_id @ repetition 21 of 100[39m[90m       [39m [90m0.54s[39m  
  [32;1m✓[39;22m[90m [39m[90mInvoiceResource automatically filters invoices by authenticated user tenant_id @ repetition 22 of 100[39m[90m       [39m [90m0.90s[39m  
  [32;1m✓[39;22m[90m [39m[90mInvoiceResource automatically filters invoices by authenticated user tenant_id @ repetition 23 of 100[39m[90m       [39m [90m0.65s[39m  
  [32;1m✓[39;22m[90m [39m[90mInvoiceResource automatically filters invoices by authenticated user tenant_id @ repetition 24 of 100[39m[90m       [39m [90m0.92s[39m  
  [32;1m✓[39;22m[90m [39m[90mInvoiceResource automatically filters invoices by authenticated user tenant_id @ repetition 25 of 100[39m[90m       [39m [90m0.49s[39m  
  [32;1m✓[39;22m[90m [39m[90mInvoiceResource automatically filters invoices by authenticated user tenant_id @ repetition 26 of 100[39m[90m       [39m [90m1.03s[39m  
  [32;1m✓[39;22m[90m [39m[90mInvoiceResource automatically filters invoices by authenticated user tenant_id @ repetition 27 of 100[39m[90m       [39m [90m0.81s[39m  
  [32;1m✓[39;22m[90m [39m[90mInvoiceResource automatically filters invoices by authenticated user tenant_id @ repetition 28 of 100[39m[90m       [39m [90m0.53s[39m  
  [32;1m✓[39;22m[90m [39m[90mInvoiceResource automatically filters invoices by authenticated user tenant_id @ repetition 29 of 100[39m[90m       [39m [90m0.87s[39m  
  [32;1m✓[39;22m[90m [39m[90mInvoiceResource automatically filters invoices by authenticated user tenant_id @ repetition 30 of 100[39m[90m       [39m [90m0.58s[39m  
  [32;1m✓[39;22m[90m [39m[90mInvoiceResource automatically filters invoices by authenticated user tenant_id @ repetition 31 of 100[39m[90m       [39m [90m0.79s[39m  
  [32;1m✓[39;22m[90m [39m[90mInvoiceResource automatically filters invoices by authenticated user tenant_id @ repetition 32 of 100[39m[90m       [39m [90m0.54s[39m  
  [32;1m✓[39;22m[90m [39m[90mInvoiceResource automatically filters invoices by authenticated user tenant_id @ repetition 33 of 100[39m[90m       [39m [90m0.90s[39m  
  [32;1m✓[39;22m[90m [39m[90mInvoiceResource automatically filters invoices by authenticated user tenant_id @ repetition 34 of 100[39m[90m       [39m [90m0.85s[39m  
  [32;1m✓[39;22m[90m [39m[90mInvoiceResource automatically filters invoices by authenticated user tenant_id @ repetition 35 of 100[39m[90m       [39m [90m0.72s[39m  
  [32;1m✓[39;22m[90m [39m[90mInvoiceResource automatically filters invoices by authenticated user tenant_id @ repetition 36 of 100[39m[90m       [39m [90m1.11s[39m  
  [32;1m✓[39;22m[90m [39m[90mInvoiceResource automatically filters invoices by authenticated user tenant_id @ repetition 37 of 100[39m[90m       [39m [90m0.51s[39m  
  [32;1m✓[39;22m[90m [39m[90mInvoiceResource automatically filters invoices by authenticated user tenant_id @ repetition 38 of 100[39m[90m       [39m [90m0.86s[39m  
  [32;1m✓[39;22m[90m [39m[90mInvoiceResource automatically filters invoices by authenticated user tenant_id @ repetition 39 of 100[39m[90m       [39m [90m0.58s[39m  
  [32;1m✓[39;22m[90m [39m[90mInvoiceResource automatically filters invoices by authenticated user tenant_id @ repetition 40 of 100[39m[90m       [39m [90m1.17s[39m  
  [32;1m✓[39;22m[90m [39m[90mInvoiceResource automatically filters invoices by authenticated user tenant_id @ repetition 41 of 100[39m[90m       [39m [90m0.78s[39m  
  [32;1m✓[39;22m[90m [39m[90mInvoiceResource automatically filters invoices by authenticated user tenant_id @ repetition 42 of 100[39m[90m       [39m [90m0.71s[39m  
  [32;1m✓[39;22m[90m [39m[90mInvoiceResource automatically filters invoices by authenticated user tenant_id @ repetition 43 of 100[39m[90m       [39m [90m1.09s[39m  
  [32;1m✓[39;22m[90m [39m[90mInvoiceResource automatically filters invoices by authenticated user tenant_id @ repetition 44 of 100[39m[90m       [39m [90m0.56s[39m  
  [32;1m✓[39;22m[90m [39m[90mInvoiceResource automatically filters invoices by authenticated user tenant_id @ repetition 45 of 100[39m[90m       [39m [90m0.96s[39m  
  [32;1m✓[39;22m[90m [39m[90mInvoiceResource automatically filters invoices by authenticated user tenant_id @ repetition 46 of 100[39m[90m       [39m [90m0.80s[39m  
  [32;1m✓[39;22m[90m [39m[90mInvoiceResource automatically filters invoices by authenticated user tenant_id @ repetition 47 of 100[39m[90m       [39m [90m1.07s[39m  
  [32;1m✓[39;22m[90m [39m[90mInvoiceResource automatically filters invoices by authenticated user tenant_id @ repetition 48 of 100[39m[90m       [39m [90m0.89s[39m  
  [32;1m✓[39;22m[90m [39m[90mInvoiceResource automatically filters invoices by authenticated user tenant_id @ repetition 49 of 100[39m[90m       [39m [90m0.73s[39m  
  [32;1m✓[39;22m[90m [39m[90mInvoiceResource automatically filters invoices by authenticated user tenant_id @ repetition 50 of 100[39m[90m       [39m [90m0.99s[39m  
  [32;1m✓[39;22m[90m [39m[90mInvoiceResource automatically filters invoices by authenticated user tenant_id @ repetition 51 of 100[39m[90m       [39m [90m0.68s[39m  
  [32;1m✓[39;22m[90m [39m[90mInvoiceResource automatically filters invoices by authenticated user tenant_id @ repetition 52 of 100[39m[90m       [39m [90m1.00s[39m  
  [32;1m✓[39;22m[90m [39m[90mInvoiceResource automatically filters invoices by authenticated user tenant_id @ repetition 53 of 100[39m[90m       [39m [90m0.66s[39m  
  [32;1m✓[39;22m[90m [39m[90mInvoiceResource automatically filters invoices by authenticated user tenant_id @ repetition 54 of 100[39m[90m       [39m [90m0.93s[39m  
  [32;1m✓[39;22m[90m [39m[90mInvoiceResource automatically filters invoices by authenticated user tenant_id @ repetition 55 of 100[39m[90m       [39m [90m0.87s[39m  
  [32;1m✓[39;22m[90m [39m[90mInvoiceResource automatically filters invoices by authenticated user tenant_id @ repetition 56 of 100[39m[90m       [39m [90m0.66s[39m  
  [32;1m✓[39;22m[90m [39m[90mInvoiceResource automatically filters invoices by authenticated user tenant_id @ repetition 57 of 100[39m[90m       [39m [90m1.11s[39m  
  [32;1m✓[39;22m[90m [39m[90mInvoiceResource automatically filters invoices by authenticated user tenant_id @ repetition 58 of 100[39m[90m       [39m [90m0.61s[39m  
  [32;1m✓[39;22m[90m [39m[90mInvoiceResource automatically filters invoices by authenticated user tenant_id @ repetition 59 of 100[39m[90m       [39m [90m0.81s[39m  
  [32;1m✓[39;22m[90m [39m[90mInvoiceResource automatically filters invoices by authenticated user tenant_id @ repetition 60 of 100[39m[90m       [39m [90m0.63s[39m  
  [32;1m✓[39;22m[90m [39m[90mInvoiceResource automatically filters invoices by authenticated user tenant_id @ repetition 61 of 100[39m[90m       [39m [90m0.93s[39m  
  [32;1m✓[39;22m[90m [39m[90mInvoiceResource automatically filters invoices by authenticated user tenant_id @ repetition 62 of 100[39m[90m       [39m [90m0.93s[39m  
  [32;1m✓[39;22m[90m [39m[90mInvoiceResource automatically filters invoices by authenticated user tenant_id @ repetition 63 of 100[39m[90m       [39m [90m0.64s[39m  
  [32;1m✓[39;22m[90m [39m[90mInvoiceResource automatically filters invoices by authenticated user tenant_id @ repetition 64 of 100[39m[90m       [39m [90m0.91s[39m  
  [32;1m✓[39;22m[90m [39m[90mInvoiceResource automatically filters invoices by authenticated user tenant_id @ repetition 65 of 100[39m[90m       [39m [90m0.63s[39m  
  [32;1m✓[39;22m[90m [39m[90mInvoiceResource automatically filters invoices by authenticated user tenant_id @ repetition 66 of 100[39m[90m       [39m [90m0.88s[39m  
  [32;1m✓[39;22m[90m [39m[90mInvoiceResource automatically filters invoices by authenticated user tenant_id @ repetition 67 of 100[39m[90m       [39m [90m0.55s[39m  
  [32;1m✓[39;22m[90m [39m[90mInvoiceResource automatically filters invoices by authenticated user tenant_id @ repetition 68 of 100[39m[90m       [39m [90m0.92s[39m  
  [32;1m✓[39;22m[90m [39m[90mInvoiceResource automatically filters invoices by authenticated user tenant_id @ repetition 69 of 100[39m[90m       [39m [90m0.71s[39m  
  [32;1m✓[39;22m[90m [39m[90mInvoiceResource automatically filters invoices by authenticated user tenant_id @ repetition 70 of 100[39m[90m       [39m [90m0.53s[39m  
  [32;1m✓[39;22m[90m [39m[90mInvoiceResource automatically filters invoices by authenticated user tenant_id @ repetition 71 of 100[39m[90m       [39m [90m0.82s[39m  
  [32;1m✓[39;22m[90m [39m[90mInvoiceResource automatically filters invoices by authenticated user tenant_id @ repetition 72 of 100[39m[90m       [39m [90m0.46s[39m  
  [32;1m✓[39;22m[90m [39m[90mInvoiceResource automatically filters invoices by authenticated user tenant_id @ repetition 73 of 100[39m[90m       [39m [90m0.80s[39m  
  [32;1m✓[39;22m[90m [39m[90mInvoiceResource automatically filters invoices by authenticated user tenant_id @ repetition 74 of 100[39m[90m       [39m [90m0.56s[39m  
  [32;1m✓[39;22m[90m [39m[90mInvoiceResource automatically filters invoices by authenticated user tenant_id @ repetition 75 of 100[39m[90m       [39m [90m0.80s[39m  
  [32;1m✓[39;22m[90m [39m[90mInvoiceResource automatically filters invoices by authenticated user tenant_id @ repetition 76 of 100[39m[90m       [39m [90m0.77s[39m  
  [32;1m✓[39;22m[90m [39m[90mInvoiceResource automatically filters invoices by authenticated user tenant_id @ repetition 77 of 100[39m[90m       [39m [90m0.47s[39m  
  [32;1m✓[39;22m[90m [39m[90mInvoiceResource automatically filters invoices by authenticated user tenant_id @ repetition 78 of 100[39m[90m       [39m [90m0.78s[39m  
  [32;1m✓[39;22m[90m [39m[90mInvoiceResource automatically filters invoices by authenticated user tenant_id @ repetition 79 of 100[39m[90m       [39m [90m0.49s[39m  
  [32;1m✓[39;22m[90m [39m[90mInvoiceResource automatically filters invoices by authenticated user tenant_id @ repetition 80 of 100[39m[90m       [39m [90m0.69s[39m  
  [32;1m✓[39;22m[90m [39m[90mInvoiceResource automatically filters invoices by authenticated user tenant_id @ repetition 81 of 100[39m[90m       [39m [90m0.44s[39m  
  [32;1m✓[39;22m[90m [39m[90mInvoiceResource automatically filters invoices by authenticated user tenant_id @ repetition 82 of 100[39m[90m       [39m [90m0.71s[39m  
  [32;1m✓[39;22m[90m [39m[90mInvoiceResource automatically filters invoices by authenticated user tenant_id @ repetition 83 of 100[39m[90m       [39m [90m0.67s[39m  
  [32;1m✓[39;22m[90m [39m[90mInvoiceResource automatically filters invoices by authenticated user tenant_id @ repetition 84 of 100[39m[90m       [39m [90m0.48s[39m  
  [32;1m✓[39;22m[90m [39m[90mInvoiceResource automatically filters invoices by authenticated user tenant_id @ repetition 85 of 100[39m[90m       [39m [90m0.80s[39m  
  [32;1m✓[39;22m[90m [39m[90mInvoiceResource automatically filters invoices by authenticated user tenant_id @ repetition 86 of 100[39m[90m       [39m [90m0.43s[39m  
  [32;1m✓[39;22m[90m [39m[90mInvoiceResource automatically filters invoices by authenticated user tenant_id @ repetition 87 of 100[39m[90m       [39m [90m0.59s[39m  
  [32;1m✓[39;22m[90m [39m[90mInvoiceResource automatically filters invoices by authenticated user tenant_id @ repetition 88 of 100[39m[90m       [39m [90m0.43s[39m  
  [32;1m✓[39;22m[90m [39m[90mInvoiceResource automatically filters invoices by authenticated user tenant_id @ repetition 89 of 100[39m[90m       [39m [90m0.69s[39m  
  [32;1m✓[39;22m[90m [39m[90mInvoiceResource automatically filters invoices by authenticated user tenant_id @ repetition 90 of 100[39m[90m       [39m [90m0.60s[39m  
  [32;1m✓[39;22m[90m [39m[90mInvoiceResource automatically filters invoices by authenticated user tenant_id @ repetition 91 of 100[39m[90m       [39m [90m0.38s[39m  
  [32;1m✓[39;22m[90m [39m[90mInvoiceResource automatically filters invoices by authenticated user tenant_id @ repetition 92 of 100[39m[90m       [39m [90m0.78s[39m  
  [32;1m✓[39;22m[90m [39m[90mInvoiceResource automatically filters invoices by authenticated user tenant_id @ repetition 93 of 100[39m[90m       [39m [90m0.36s[39m  
  [32;1m✓[39;22m[90m [39m[90mInvoiceResource automatically filters invoices by authenticated user tenant_id @ repetition 94 of 100[39m[90m       [39m [90m0.65s[39m  
  [32;1m✓[39;22m[90m [39m[90mInvoiceResource automatically filters invoices by authenticated user tenant_id @ repetition 95 of 100[39m[90m       [39m [90m0.39s[39m  
  [32;1m✓[39;22m[90m [39m[90mInvoiceResource automatically filters invoices by authenticated user tenant_id @ repetition 96 of 100[39m[90m       [39m [90m0.71s[39m  
  [32;1m✓[39;22m[90m [39m[90mInvoiceResource automatically filters invoices by authenticated user tenant_id @ repetition 97 of 100[39m[90m       [39m [90m0.34s[39m  
  [32;1m✓[39;22m[90m [39m[90mInvoiceResource automatically filters invoices by authenticated user tenant_id @ repetition 98 of 100[39m[90m       [39m [90m0.58s[39m  
  [32;1m✓[39;22m[90m [39m[90mInvoiceResource automatically filters invoices by authenticated user tenant_id @ repetition 99 of 100[39m[90m       [39m [90m0.62s[39m  
  [32;1m✓[39;22m[90m [39m[90mInvoiceResource automatically filters invoices by authenticated user tenant_id @ repetition 100 of 100[39m[90m      [39m [90m0.41s[39m  
  [31;1m⨯[39;22m[90m [39m[90mInvoiceResource view page only allows viewing invoices within tenant scope @ repetition 1 of 100[39m[90m            [39m [90m0.60s[39m  
  [31;1m⨯[39;22m[90m [39m[90mInvoiceResource view page only allows viewing invoices within tenant scope @ repetition 2 of 100[39m[90m            [39m [90m0.26s[39m  
  [31;1m⨯[39;22m[90m [39m[90mInvoiceResource view page only allows viewing invoices within tenant scope @ repetition 3 of 100[39m[90m            [39m [90m0.50s[39m  
  [31;1m⨯[39;22m[90m [39m[90mInvoiceResource view page only allows viewing invoices within tenant scope @ repetition 4 of 100[39m[90m            [39m [90m0.26s[39m  
  [31;1m⨯[39;22m[90m [39m[90mInvoiceResource view page only allows viewing invoices within tenant scope @ repetition 5 of 100[39m[90m            [39m [90m0.50s[39m  
  [31;1m⨯[39;22m[90m [39m[90mInvoiceResource view page only allows viewing invoices within tenant scope @ repetition 6 of 100[39m[90m            [39m [90m0.31s[39m  
  [31;1m⨯[39;22m[90m [39m[90mInvoiceResource view page only allows viewing invoices within tenant scope @ repetition 7 of 100[39m[90m            [39m [90m0.49s[39m  
  [31;1m⨯[39;22m[90m [39m[90mInvoiceResource view page only allows viewing invoices within tenant scope @ repetition 8 of 100[39m[90m            [39m [90m0.29s[39m  
  [31;1m⨯[39;22m[90m [39m[90mInvoiceResource view page only allows viewing invoices within tenant scope @ repetition 9 of 100[39m[90m            [39m [90m0.47s[39m  
  [31;1m⨯[39;22m[90m [39m[90mInvoiceResource view page only allows viewing invoices within tenant scope @ repetition 10 of 100[39m[90m           [39m [90m0.34s[39m  
  [31;1m⨯[39;22m[90m [39m[90mInvoiceResource view page only allows viewing invoices within tenant scope @ repetition 11 of 100[39m[90m           [39m [90m0.47s[39m  
  [31;1m⨯[39;22m[90m [39m[90mInvoiceResource view page only allows viewing invoices within tenant scope @ repetition 12 of 100[39m[90m           [39m [90m0.35s[39m  
  [31;1m⨯[39;22m[90m [39m[90mInvoiceResource view page only allows viewing invoices within tenant scope @ repetition 13 of 100[39m[90m           [39m [90m0.49s[39m  
  [31;1m⨯[39;22m[90m [39m[90mInvoiceResource view page only allows viewing invoices within tenant scope @ repetition 14 of 100[39m[90m           [39m [90m0.28s[39m  
  [31;1m⨯[39;22m[90m [39m[90mInvoiceResource view page only allows viewing invoices within tenant scope @ repetition 15 of 100[39m[90m           [39m [90m0.52s[39m  
  [31;1m⨯[39;22m[90m [39m[90mInvoiceResource view page only allows viewing invoices within tenant scope @ repetition 16 of 100[39m[90m           [39m [90m0.27s[39m  
  [31;1m⨯[39;22m[90m [39m[90mInvoiceResource view page only allows viewing invoices within tenant scope @ repetition 17 of 100[39m[90m           [39m [90m0.53s[39m  
  [31;1m⨯[39;22m[90m [39m[90mInvoiceResource view page only allows viewing invoices within tenant scope @ repetition 18 of 100[39m[90m           [39m [90m0.29s[39m  
  [31;1m⨯[39;22m[90m [39m[90mInvoiceResource view page only allows viewing invoices within tenant scope @ repetition 19 of 100[39m[90m           [39m [90m0.52s[39m  
  [31;1m⨯[39;22m[90m [39m[90mInvoiceResource view page only allows viewing invoices within tenant scope @ repetition 20 of 100[39m[90m           [39m [90m0.32s[39m  
  [31;1m⨯[39;22m[90m [39m[90mInvoiceResource view page only allows viewing invoices within tenant scope @ repetition 21 of 100[39m[90m           [39m [90m0.51s[39m  
  [31;1m⨯[39;22m[90m [39m[90mInvoiceResource view page only allows viewing invoices within tenant scope @ repetition 22 of 100[39m[90m           [39m [90m0.28s[39m  
  [31;1m⨯[39;22m[90m [39m[90mInvoiceResource view page only allows viewing invoices within tenant scope @ repetition 23 of 100[39m[90m           [39m [90m0.48s[39m  
  [31;1m⨯[39;22m[90m [39m[90mInvoiceResource view page only allows viewing invoices within tenant scope @ repetition 24 of 100[39m[90m           [39m [90m0.29s[39m  
  [31;1m⨯[39;22m[90m [39m[90mInvoiceResource view page only allows viewing invoices within tenant scope @ repetition 25 of 100[39m[90m           [39m [90m0.53s[39m  
  [31;1m⨯[39;22m[90m [39m[90mInvoiceResource view page only allows viewing invoices within tenant scope @ repetition 26 of 100[39m[90m           [39m [90m0.28s[39m  
  [31;1m⨯[39;22m[90m [39m[90mInvoiceResource view page only allows viewing invoices within tenant scope @ repetition 27 of 100[39m[90m           [39m [90m0.50s[39m  
  [31;1m⨯[39;22m[90m [39m[90mInvoiceResource view page only allows viewing invoices within tenant scope @ repetition 28 of 100[39m[90m           [39m [90m0.34s[39m  
  [31;1m⨯[39;22m[90m [39m[90mInvoiceResource view page only allows viewing invoices within tenant scope @ repetition 29 of 100[39m[90m           [39m [90m0.49s[39m  
  [31;1m⨯[39;22m[90m [39m[90mInvoiceResource view page only allows viewing invoices within tenant scope @ repetition 30 of 100[39m[90m           [39m [90m0.26s[39m  
  [31;1m⨯[39;22m[90m [39m[90mInvoiceResource view page only allows viewing invoices within tenant scope @ repetition 31 of 100[39m[90m           [39m [90m0.52s[39m  
  [31;1m⨯[39;22m[90m [39m[90mInvoiceResource view page only allows viewing invoices within tenant scope @ repetition 32 of 100[39m[90m           [39m [90m0.30s[39m  
  [31;1m⨯[39;22m[90m [39m[90mInvoiceResource view page only allows viewing invoices within tenant scope @ repetition 33 of 100[39m[90m           [39m [90m0.60s[39m  
  [31;1m⨯[39;22m[90m [39m[90mInvoiceResource view page only allows viewing invoices within tenant scope @ repetition 34 of 100[39m[90m           [39m [90m0.28s[39m  
  [31;1m⨯[39;22m[90m [39m[90mInvoiceResource view page only allows viewing invoices within tenant scope @ repetition 35 of 100[39m[90m           [39m [90m0.54s[39m  
  [31;1m⨯[39;22m[90m [39m[90mInvoiceResource view page only allows viewing invoices within tenant scope @ repetition 36 of 100[39m[90m           [39m [90m0.26s[39m  
  [31;1m⨯[39;22m[90m [39m[90mInvoiceResource view page only allows viewing invoices within tenant scope @ repetition 37 of 100[39m[90m           [39m [90m0.47s[39m  
  [31;1m⨯[39;22m[90m [39m[90mInvoiceResource view page only allows viewing invoices within tenant scope @ repetition 38 of 100[39m[90m           [39m [90m0.28s[39m  
  [31;1m⨯[39;22m[90m [39m[90mInvoiceResource view page only allows viewing invoices within tenant scope @ repetition 39 of 100[39m[90m           [39m [90m0.47s[39m  
  [31;1m⨯[39;22m[90m [39m[90mInvoiceResource view page only allows viewing invoices within tenant scope @ repetition 40 of 100[39m[90m           [39m [90m0.26s[39m  
  [31;1m⨯[39;22m[90m [39m[90mInvoiceResource view page only allows viewing invoices within tenant scope @ repetition 41 of 100[39m[90m           [39m [90m0.45s[39m  
  [31;1m⨯[39;22m[90m [39m[90mInvoiceResource view page only allows viewing invoices within tenant scope @ repetition 42 of 100[39m[90m           [39m [90m0.28s[39m  
  [31;1m⨯[39;22m[90m [39m[90mInvoiceResource view page only allows viewing invoices within tenant scope @ repetition 43 of 100[39m[90m           [39m [90m0.48s[39m  
  [31;1m⨯[39;22m[90m [39m[90mInvoiceResource view page only allows viewing invoices within tenant scope @ repetition 44 of 100[39m[90m           [39m [90m0.22s[39m  
  [31;1m⨯[39;22m[90m [39m[90mInvoiceResource view page only allows viewing invoices within tenant scope @ repetition 45 of 100[39m[90m           [39m [90m0.48s[39m  
  [31;1m⨯[39;22m[90m [39m[90mInvoiceResource view page only allows viewing invoices within tenant scope @ repetition 46 of 100[39m[90m           [39m [90m0.23s[39m  
  [31;1m⨯[39;22m[90m [39m[90mInvoiceResource view page only allows viewing invoices within tenant scope @ repetition 47 of 100[39m[90m           [39m [90m0.49s[39m  
  [31;1m⨯[39;22m[90m [39m[90mInvoiceResource view page only allows viewing invoices within tenant scope @ repetition 48 of 100[39m[90m           [39m [90m0.28s[39m  
  [31;1m⨯[39;22m[90m [39m[90mInvoiceResource view page only allows viewing invoices within tenant scope @ repetition 49 of 100[39m[90m           [39m [90m0.51s[39m  
  [31;1m⨯[39;22m[90m [39m[90mInvoiceResource view page only allows viewing invoices within tenant scope @ repetition 50 of 100[39m[90m           [39m [90m0.28s[39m  
  [31;1m⨯[39;22m[90m [39m[90mInvoiceResource view page only allows viewing invoices within tenant scope @ repetition 51 of 100[39m[90m           [39m [90m0.50s[39m  
  [31;1m⨯[39;22m[90m [39m[90mInvoiceResource view page only allows viewing invoices within tenant scope @ repetition 52 of 100[39m[90m           [39m [90m0.29s[39m  
  [31;1m⨯[39;22m[90m [39m[90mInvoiceResource view page only allows viewing invoices within tenant scope @ repetition 53 of 100[39m[90m           [39m [90m0.48s[39m  
  [31;1m⨯[39;22m[90m [39m[90mInvoiceResource view page only allows viewing invoices within tenant scope @ repetition 54 of 100[39m[90m           [39m [90m0.24s[39m  
  [31;1m⨯[39;22m[90m [39m[90mInvoiceResource view page only allows viewing invoices within tenant scope @ repetition 55 of 100[39m[90m           [39m [90m0.47s[39m  
  [31;1m⨯[39;22m[90m [39m[90mInvoiceResource view page only allows viewing invoices within tenant scope @ repetition 56 of 100[39m[90m           [39m [90m0.26s[39m  
  [31;1m⨯[39;22m[90m [39m[90mInvoiceResource view page only allows viewing invoices within tenant scope @ repetition 57 of 100[39m[90m           [39m [90m0.50s[39m  
  [31;1m⨯[39;22m[90m [39m[90mInvoiceResource view page only allows viewing invoices within tenant scope @ repetition 58 of 100[39m[90m           [39m [90m0.30s[39m  
  [31;1m⨯[39;22m[90m [39m[90mInvoiceResource view page only allows viewing invoices within tenant scope @ repetition 59 of 100[39m[90m           [39m [90m0.48s[39m  
  [31;1m⨯[39;22m[90m [39m[90mInvoiceResource view page only allows viewing invoices within tenant scope @ repetition 60 of 100[39m[90m           [39m [90m0.32s[39m  
  [31;1m⨯[39;22m[90m [39m[90mInvoiceResource view page only allows viewing invoices within tenant scope @ repetition 61 of 100[39m[90m           [39m [90m0.46s[39m  
  [31;1m⨯[39;22m[90m [39m[90mInvoiceResource view page only allows viewing invoices within tenant scope @ repetition 62 of 100[39m[90m           [39m [90m0.27s[39m  
  [31;1m⨯[39;22m[90m [39m[90mInvoiceResource view page only allows viewing invoices within tenant scope @ repetition 63 of 100[39m[90m           [39m [90m0.49s[39m  
  [31;1m⨯[39;22m[90m [39m[90mInvoiceResource view page only allows viewing invoices within tenant scope @ repetition 64 of 100[39m[90m           [39m [90m0.25s[39m  
  [31;1m⨯[39;22m[90m [39m[90mInvoiceResource view page only allows viewing invoices within tenant scope @ repetition 65 of 100[39m[90m           [39m [90m0.51s[39m  
  [31;1m⨯[39;22m[90m [39m[90mInvoiceResource view page only allows viewing invoices within tenant scope @ repetition 66 of 100[39m[90m           [39m [90m0.27s[39m  
  [31;1m⨯[39;22m[90m [39m[90mInvoiceResource view page only allows viewing invoices within tenant scope @ repetition 67 of 100[39m[90m           [39m [90m0.53s[39m  
  [31;1m⨯[39;22m[90m [39m[90mInvoiceResource view page only allows viewing invoices within tenant scope @ repetition 68 of 100[39m[90m           [39m [90m0.27s[39m  
  [31;1m⨯[39;22m[90m [39m[90mInvoiceResource view page only allows viewing invoices within tenant scope @ repetition 69 of 100[39m[90m           [39m [90m0.55s[39m  
  [31;1m⨯[39;22m[90m [39m[90mInvoiceResource view page only allows viewing invoices within tenant scope @ repetition 70 of 100[39m[90m           [39m [90m0.24s[39m  
  [31;1m⨯[39;22m[90m [39m[90mInvoiceResource view page only allows viewing invoices within tenant scope @ repetition 71 of 100[39m[90m           [39m [90m0.39s[39m  
  [31;1m⨯[39;22m[90m [39m[90mInvoiceResource view page only allows viewing invoices within tenant scope @ repetition 72 of 100[39m[90m           [39m [90m0.29s[39m  
  [31;1m⨯[39;22m[90m [39m[90mInvoiceResource view page only allows viewing invoices within tenant scope @ repetition 73 of 100[39m[90m           [39m [90m0.51s[39m  
  [31;1m⨯[39;22m[90m [39m[90mInvoiceResource view page only allows viewing invoices within tenant scope @ repetition 74 of 100[39m[90m           [39m [90m0.28s[39m  
  [31;1m⨯[39;22m[90m [39m[90mInvoiceResource view page only allows viewing invoices within tenant scope @ repetition 75 of 100[39m[90m           [39m [90m0.46s[39m  
  [31;1m⨯[39;22m[90m [39m[90mInvoiceResource view page only allows viewing invoices within tenant scope @ repetition 76 of 100[39m[90m           [39m [90m0.23s[39m  
  [31;1m⨯[39;22m[90m [39m[90mInvoiceResource view page only allows viewing invoices within tenant scope @ repetition 77 of 100[39m[90m           [39m [90m0.44s[39m  
  [31;1m⨯[39;22m[90m [39m[90mInvoiceResource view page only allows viewing invoices within tenant scope @ repetition 78 of 100[39m[90m           [39m [90m0.28s[39m  
  [31;1m⨯[39;22m[90m [39m[90mInvoiceResource view page only allows viewing invoices within tenant scope @ repetition 79 of 100[39m[90m           [39m [90m0.43s[39m  
  [31;1m⨯[39;22m[90m [39m[90mInvoiceResource view page only allows viewing invoices within tenant scope @ repetition 80 of 100[39m[90m           [39m [90m0.27s[39m  
  [31;1m⨯[39;22m[90m [39m[90mInvoiceResource view page only allows viewing invoices within tenant scope @ repetition 81 of 100[39m[90m           [39m [90m0.51s[39m  
  [31;1m⨯[39;22m[90m [39m[90mInvoiceResource view page only allows viewing invoices within tenant scope @ repetition 82 of 100[39m[90m           [39m [90m0.28s[39m  
  [31;1m⨯[39;22m[90m [39m[90mInvoiceResource view page only allows viewing invoices within tenant scope @ repetition 83 of 100[39m[90m           [39m [90m0.44s[39m  
  [31;1m⨯[39;22m[90m [39m[90mInvoiceResource view page only allows viewing invoices within tenant scope @ repetition 84 of 100[39m[90m           [39m [90m0.24s[39m  
  [31;1m⨯[39;22m[90m [39m[90mInvoiceResource view page only allows viewing invoices within tenant scope @ repetition 85 of 100[39m[90m           [39m [90m0.45s[39m  
  [31;1m⨯[39;22m[90m [39m[90mInvoiceResource view page only allows viewing invoices within tenant scope @ repetition 86 of 100[39m[90m           [39m [90m0.32s[39m  
  [31;1m⨯[39;22m[90m [39m[90mInvoiceResource view page only allows viewing invoices within tenant scope @ repetition 87 of 100[39m[90m           [39m [90m0.53s[39m  
  [31;1m⨯[39;22m[90m [39m[90mInvoiceResource view page only allows viewing invoices within tenant scope @ repetition 88 of 100[39m[90m           [39m [90m0.29s[39m  
  [31;1m⨯[39;22m[90m [39m[90mInvoiceResource view page only allows viewing invoices within tenant scope @ repetition 89 of 100[39m[90m           [39m [90m0.46s[39m  
  [31;1m⨯[39;22m[90m [39m[90mInvoiceResource view page only allows viewing invoices within tenant scope @ repetition 90 of 100[39m[90m           [39m [90m0.28s[39m  
  [31;1m⨯[39;22m[90m [39m[90mInvoiceResource view page only allows viewing invoices within tenant scope @ repetition 91 of 100[39m[90m           [39m [90m0.53s[39m  
  [31;1m⨯[39;22m[90m [39m[90mInvoiceResource view page only allows viewing invoices within tenant scope @ repetition 92 of 100[39m[90m           [39m [90m0.30s[39m  
  [31;1m⨯[39;22m[90m [39m[90mInvoiceResource view page only allows viewing invoices within tenant scope @ repetition 93 of 100[39m[90m           [39m [90m0.52s[39m  
  [31;1m⨯[39;22m[90m [39m[90mInvoiceResource view page only allows viewing invoices within tenant scope @ repetition 94 of 100[39m[90m           [39m [90m0.25s[39m  
  [31;1m⨯[39;22m[90m [39m[90mInvoiceResource view page only allows viewing invoices within tenant scope @ repetition 95 of 100[39m[90m           [39m [90m0.51s[39m  
  [31;1m⨯[39;22m[90m [39m[90mInvoiceResource view page only allows viewing invoices within tenant scope @ repetition 96 of 100[39m[90m           [39m [90m0.26s[39m  
  [31;1m⨯[39;22m[90m [39m[90mInvoiceResource view page only allows viewing invoices within tenant scope @ repetition 97 of 100[39m[90m           [39m [90m0.58s[39m  
  [31;1m⨯[39;22m[90m [39m[90mInvoiceResource view page only allows viewing invoices within tenant scope @ repetition 98 of 100[39m[90m           [39m [90m0.25s[39m  
  [31;1m⨯[39;22m[90m [39m[90mInvoiceResource view page only allows viewing invoices within tenant scope @ repetition 99 of 100[39m[90m           [39m [90m0.51s[39m  
  [31;1m⨯[39;22m[90m [39m[90mInvoiceResource view page only allows viewing invoices within tenant scope @ repetition 100 of 100[39m[90m          [39m [90m0.29s[39m  
  [32;1m✓[39;22m[90m [39m[90mInvoiceResource edit page only allows editing invoices within tenant scope @ repetition 1 of 100[39m[90m            [39m [90m0.29s[39m  
  [32;1m✓[39;22m[90m [39m[90mInvoiceResource edit page only allows editing invoices within tenant scope @ repetition 2 of 100[39m[90m            [39m [90m0.43s[39m  
  [32;1m✓[39;22m[90m [39m[90mInvoiceResource edit page only allows editing invoices within tenant scope @ repetition 3 of 100[39m[90m            [39m [90m0.56s[39m  
  [32;1m✓[39;22m[90m [39m[90mInvoiceResource edit page only allows editing invoices within tenant scope @ repetition 4 of 100[39m[90m            [39m [90m0.31s[39m  
  [32;1m✓[39;22m[90m [39m[90mInvoiceResource edit page only allows editing invoices within tenant scope @ repetition 5 of 100[39m[90m            [39m [90m0.46s[39m  
  [32;1m✓[39;22m[90m [39m[90mInvoiceResource edit page only allows editing invoices within tenant scope @ repetition 6 of 100[39m[90m            [39m [90m0.56s[39m  
  [32;1m✓[39;22m[90m [39m[90mInvoiceResource edit page only allows editing invoices within tenant scope @ repetition 7 of 100[39m[90m            [39m [90m0.29s[39m  
  [32;1m✓[39;22m[90m [39m[90mInvoiceResource edit page only allows editing invoices within tenant scope @ repetition 8 of 100[39m[90m            [39m [90m0.49s[39m  
  [32;1m✓[39;22m[90m [39m[90mInvoiceResource edit page only allows editing invoices within tenant scope @ repetition 9 of 100[39m[90m            [39m [90m0.50s[39m  
  [32;1m✓[39;22m[90m [39m[90mInvoiceResource edit page only allows editing invoices within tenant scope @ repetition 10 of 100[39m[90m           [39m [90m0.25s[39m  
  [32;1m✓[39;22m[90m [39m[90mInvoiceResource edit page only allows editing invoices within tenant scope @ repetition 11 of 100[39m[90m           [39m [90m0.48s[39m  
  [32;1m✓[39;22m[90m [39m[90mInvoiceResource edit page only allows editing invoices within tenant scope @ repetition 12 of 100[39m[90m           [39m [90m0.52s[39m  
  [32;1m✓[39;22m[90m [39m[90mInvoiceResource edit page only allows editing invoices within tenant scope @ repetition 13 of 100[39m[90m           [39m [90m0.31s[39m  
  [32;1m✓[39;22m[90m [39m[90mInvoiceResource edit page only allows editing invoices within tenant scope @ repetition 14 of 100[39m[90m           [39m [90m0.49s[39m  
  [32;1m✓[39;22m[90m [39m[90mInvoiceResource edit page only allows editing invoices within tenant scope @ repetition 15 of 100[39m[90m           [39m [90m0.47s[39m  
  [32;1m✓[39;22m[90m [39m[90mInvoiceResource edit page only allows editing invoices within tenant scope @ repetition 16 of 100[39m[90m           [39m [90m0.27s[39m  
  [32;1m✓[39;22m[90m [39m[90mInvoiceResource edit page only allows editing invoices within tenant scope @ repetition 17 of 100[39m[90m           [39m [90m0.45s[39m  
  [32;1m✓[39;22m[90m [39m[90mInvoiceResource edit page only allows editing invoices within tenant scope @ repetition 18 of 100[39m[90m           [39m [90m0.50s[39m  
  [32;1m✓[39;22m[90m [39m[90mInvoiceResource edit page only allows editing invoices within tenant scope @ repetition 19 of 100[39m[90m           [39m [90m0.21s[39m  
  [32;1m✓[39;22m[90m [39m[90mInvoiceResource edit page only allows editing invoices within tenant scope @ repetition 20 of 100[39m[90m           [39m [90m0.49s[39m  
  [32;1m✓[39;22m[90m [39m[90mInvoiceResource edit page only allows editing invoices within tenant scope @ repetition 21 of 100[39m[90m           [39m [90m0.51s[39m  
  [32;1m✓[39;22m[90m [39m[90mInvoiceResource edit page only allows editing invoices within tenant scope @ repetition 22 of 100[39m[90m           [39m [90m0.30s[39m  
  [32;1m✓[39;22m[90m [39m[90mInvoiceResource edit page only allows editing invoices within tenant scope @ repetition 23 of 100[39m[90m           [39m [90m0.49s[39m  
  [32;1m✓[39;22m[90m [39m[90mInvoiceResource edit page only allows editing invoices within tenant scope @ repetition 24 of 100[39m[90m           [39m [90m0.44s[39m  
  [32;1m✓[39;22m[90m [39m[90mInvoiceResource edit page only allows editing invoices within tenant scope @ repetition 25 of 100[39m[90m           [39m [90m0.31s[39m  
  [32;1m✓[39;22m[90m [39m[90mInvoiceResource edit page only allows editing invoices within tenant scope @ repetition 26 of 100[39m[90m           [39m [90m0.49s[39m  
  [32;1m✓[39;22m[90m [39m[90mInvoiceResource edit page only allows editing invoices within tenant scope @ repetition 27 of 100[39m[90m           [39m [90m0.50s[39m  
  [32;1m✓[39;22m[90m [39m[90mInvoiceResource edit page only allows editing invoices within tenant scope @ repetition 28 of 100[39m[90m           [39m [90m0.26s[39m  
  [32;1m✓[39;22m[90m [39m[90mInvoiceResource edit page only allows editing invoices within tenant scope @ repetition 29 of 100[39m[90m           [39m [90m0.46s[39m  
  [32;1m✓[39;22m[90m [39m[90mInvoiceResource edit page only allows editing invoices within tenant scope @ repetition 30 of 100[39m[90m           [39m [90m0.50s[39m  
  [32;1m✓[39;22m[90m [39m[90mInvoiceResource edit page only allows editing invoices within tenant scope @ repetition 31 of 100[39m[90m           [39m [90m0.26s[39m  
  [32;1m✓[39;22m[90m [39m[90mInvoiceResource edit page only allows editing invoices within tenant scope @ repetition 32 of 100[39m[90m           [39m [90m0.51s[39m  
  [32;1m✓[39;22m[90m [39m[90mInvoiceResource edit page only allows editing invoices within tenant scope @ repetition 33 of 100[39m[90m           [39m [90m0.53s[39m  
  [32;1m✓[39;22m[90m [39m[90mInvoiceResource edit page only allows editing invoices within tenant scope @ repetition 34 of 100[39m[90m           [39m [90m0.29s[39m  
  [32;1m✓[39;22m[90m [39m[90mInvoiceResource edit page only allows editing invoices within tenant scope @ repetition 35 of 100[39m[90m           [39m [90m0.51s[39m  
  [32;1m✓[39;22m[90m [39m[90mInvoiceResource edit page only allows editing invoices within tenant scope @ repetition 36 of 100[39m[90m           [39m [90m0.54s[39m  
  [32;1m✓[39;22m[90m [39m[90mInvoiceResource edit page only allows editing invoices within tenant scope @ repetition 37 of 100[39m[90m           [39m [90m0.28s[39m  
  [32;1m✓[39;22m[90m [39m[90mInvoiceResource edit page only allows editing invoices within tenant scope @ repetition 38 of 100[39m[90m           [39m [90m0.46s[39m  
  [32;1m✓[39;22m[90m [39m[90mInvoiceResource edit page only allows editing invoices within tenant scope @ repetition 39 of 100[39m[90m           [39m [90m0.49s[39m  
  [32;1m✓[39;22m[90m [39m[90mInvoiceResource edit page only allows editing invoices within tenant scope @ repetition 40 of 100[39m[90m           [39m [90m0.28s[39m  
  [32;1m✓[39;22m[90m [39m[90mInvoiceResource edit page only allows editing invoices within tenant scope @ repetition 41 of 100[39m[90m           [39m [90m0.54s[39m  
  [32;1m✓[39;22m[90m [39m[90mInvoiceResource edit page only allows editing invoices within tenant scope @ repetition 42 of 100[39m[90m           [39m [90m0.48s[39m  
  [32;1m✓[39;22m[90m [39m[90mInvoiceResource edit page only allows editing invoices within tenant scope @ repetition 43 of 100[39m[90m           [39m [90m0.30s[39m  
  [32;1m✓[39;22m[90m [39m[90mInvoiceResource edit page only allows editing invoices within tenant scope @ repetition 44 of 100[39m[90m           [39m [90m0.48s[39m  
  [32;1m✓[39;22m[90m [39m[90mInvoiceResource edit page only allows editing invoices within tenant scope @ repetition 45 of 100[39m[90m           [39m [90m0.53s[39m  
  [32;1m✓[39;22m[90m [39m[90mInvoiceResource edit page only allows editing invoices within tenant scope @ repetition 46 of 100[39m[90m           [39m [90m0.30s[39m  
  [32;1m✓[39;22m[90m [39m[90mInvoiceResource edit page only allows editing invoices within tenant scope @ repetition 47 of 100[39m[90m           [39m [90m0.44s[39m  
  [32;1m✓[39;22m[90m [39m[90mInvoiceResource edit page only allows editing invoices within tenant scope @ repetition 48 of 100[39m[90m           [39m [90m0.53s[39m  
  [32;1m✓[39;22m[90m [39m[90mInvoiceResource edit page only allows editing invoices within tenant scope @ repetition 49 of 100[39m[90m           [39m [90m0.30s[39m  
  [32;1m✓[39;22m[90m [39m[90mInvoiceResource edit page only allows editing invoices within tenant scope @ repetition 50 of 100[39m[90m           [39m [90m0.51s[39m  
  [32;1m✓[39;22m[90m [39m[90mInvoiceResource edit page only allows editing invoices within tenant scope @ repetition 51 of 100[39m[90m           [39m [90m0.47s[39m  
  [32;1m✓[39;22m[90m [39m[90mInvoiceResource edit page only allows editing invoices within tenant scope @ repetition 52 of 100[39m[90m           [39m [90m0.26s[39m  
  [32;1m✓[39;22m[90m [39m[90mInvoiceResource edit page only allows editing invoices within tenant scope @ repetition 53 of 100[39m[90m           [39m [90m0.49s[39m  
  [32;1m✓[39;22m[90m [39m[90mInvoiceResource edit page only allows editing invoices within tenant scope @ repetition 54 of 100[39m[90m           [39m [90m0.48s[39m  
  [32;1m✓[39;22m[90m [39m[90mInvoiceResource edit page only allows editing invoices within tenant scope @ repetition 55 of 100[39m[90m           [39m [90m0.31s[39m  
  [32;1m✓[39;22m[90m [39m[90mInvoiceResource edit page only allows editing invoices within tenant scope @ repetition 56 of 100[39m[90m           [39m [90m0.47s[39m  
  [32;1m✓[39;22m[90m [39m[90mInvoiceResource edit page only allows editing invoices within tenant scope @ repetition 57 of 100[39m[90m           [39m [90m0.49s[39m  
  [32;1m✓[39;22m[90m [39m[90mInvoiceResource edit page only allows editing invoices within tenant scope @ repetition 58 of 100[39m[90m           [39m [90m0.27s[39m  
  [32;1m✓[39;22m[90m [39m[90mInvoiceResource edit page only allows editing invoices within tenant scope @ repetition 59 of 100[39m[90m           [39m [90m0.49s[39m  
  [32;1m✓[39;22m[90m [39m[90mInvoiceResource edit page only allows editing invoices within tenant scope @ repetition 60 of 100[39m[90m           [39m [90m0.54s[39m  
  [32;1m✓[39;22m[90m [39m[90mInvoiceResource edit page only allows editing invoices within tenant scope @ repetition 61 of 100[39m[90m           [39m [90m0.32s[39m  
  [32;1m✓[39;22m[90m [39m[90mInvoiceResource edit page only allows editing invoices within tenant scope @ repetition 62 of 100[39m[90m           [39m [90m0.42s[39m  
  [32;1m✓[39;22m[90m [39m[90mInvoiceResource edit page only allows editing invoices within tenant scope @ repetition 63 of 100[39m[90m           [39m [90m0.54s[39m  
  [32;1m✓[39;22m[90m [39m[90mInvoiceResource edit page only allows editing invoices within tenant scope @ repetition 64 of 100[39m[90m           [39m [90m0.31s[39m  
  [32;1m✓[39;22m[90m [39m[90mInvoiceResource edit page only allows editing invoices within tenant scope @ repetition 65 of 100[39m[90m           [39m [90m0.48s[39m  
  [32;1m✓[39;22m[90m [39m[90mInvoiceResource edit page only allows editing invoices within tenant scope @ repetition 66 of 100[39m[90m           [39m [90m0.48s[39m  
  [32;1m✓[39;22m[90m [39m[90mInvoiceResource edit page only allows editing invoices within tenant scope @ repetition 67 of 100[39m[90m           [39m [90m0.28s[39m  
  [32;1m✓[39;22m[90m [39m[90mInvoiceResource edit page only allows editing invoices within tenant scope @ repetition 68 of 100[39m[90m           [39m [90m0.53s[39m  
  [32;1m✓[39;22m[90m [39m[90mInvoiceResource edit page only allows editing invoices within tenant scope @ repetition 69 of 100[39m[90m           [39m [90m0.48s[39m  
  [32;1m✓[39;22m[90m [39m[90mInvoiceResource edit page only allows editing invoices within tenant scope @ repetition 70 of 100[39m[90m           [39m [90m0.29s[39m  
  [32;1m✓[39;22m[90m [39m[90mInvoiceResource edit page only allows editing invoices within tenant scope @ repetition 71 of 100[39m[90m           [39m [90m0.50s[39m  
  [32;1m✓[39;22m[90m [39m[90mInvoiceResource edit page only allows editing invoices within tenant scope @ repetition 72 of 100[39m[90m           [39m [90m0.50s[39m  
  [32;1m✓[39;22m[90m [39m[90mInvoiceResource edit page only allows editing invoices within tenant scope @ repetition 73 of 100[39m[90m           [39m [90m0.27s[39m  
  [32;1m✓[39;22m[90m [39m[90mInvoiceResource edit page only allows editing invoices within tenant scope @ repetition 74 of 100[39m[90m           [39m [90m0.49s[39m  
  [32;1m✓[39;22m[90m [39m[90mInvoiceResource edit page only allows editing invoices within tenant scope @ repetition 75 of 100[39m[90m           [39m [90m0.50s[39m  
  [32;1m✓[39;22m[90m [39m[90mInvoiceResource edit page only allows editing invoices within tenant scope @ repetition 76 of 100[39m[90m           [39m [90m0.32s[39m  
  [32;1m✓[39;22m[90m [39m[90mInvoiceResource edit page only allows editing invoices within tenant scope @ repetition 77 of 100[39m[90m           [39m [90m0.50s[39m  
  [32;1m✓[39;22m[90m [39m[90mInvoiceResource edit page only allows editing invoices within tenant scope @ repetition 78 of 100[39m[90m           [39m [90m0.50s[39m  
  [32;1m✓[39;22m[90m [39m[90mInvoiceResource edit page only allows editing invoices within tenant scope @ repetition 79 of 100[39m[90m           [39m [90m0.28s[39m  
  [32;1m✓[39;22m[90m [39m[90mInvoiceResource edit page only allows editing invoices within tenant scope @ repetition 80 of 100[39m[90m           [39m [90m0.54s[39m  
  [32;1m✓[39;22m[90m [39m[90mInvoiceResource edit page only allows editing invoices within tenant scope @ repetition 81 of 100[39m[90m           [39m [90m0.50s[39m  
  [32;1m✓[39;22m[90m [39m[90mInvoiceResource edit page only allows editing invoices within tenant scope @ repetition 82 of 100[39m[90m           [39m [90m0.28s[39m  
  [32;1m✓[39;22m[90m [39m[90mInvoiceResource edit page only allows editing invoices within tenant scope @ repetition 83 of 100[39m[90m           [39m [90m0.52s[39m  
  [32;1m✓[39;22m[90m [39m[90mInvoiceResource edit page only allows editing invoices within tenant scope @ repetition 84 of 100[39m[90m           [39m [90m0.53s[39m  
  [32;1m✓[39;22m[90m [39m[90mInvoiceResource edit page only allows editing invoices within tenant scope @ repetition 85 of 100[39m[90m           [39m [90m0.28s[39m  
  [32;1m✓[39;22m[90m [39m[90mInvoiceResource edit page only allows editing invoices within tenant scope @ repetition 86 of 100[39m[90m           [39m [90m0.46s[39m  
  [32;1m✓[39;22m[90m [39m[90mInvoiceResource edit page only allows editing invoices within tenant scope @ repetition 87 of 100[39m[90m           [39m [90m0.48s[39m  
  [32;1m✓[39;22m[90m [39m[90mInvoiceResource edit page only allows editing invoices within tenant scope @ repetition 88 of 100[39m[90m           [39m [90m0.30s[39m  
  [32;1m✓[39;22m[90m [39m[90mInvoiceResource edit page only allows editing invoices within tenant scope @ repetition 89 of 100[39m[90m           [39m [90m0.55s[39m  
  [32;1m✓[39;22m[90m [39m[90mInvoiceResource edit page only allows editing invoices within tenant scope @ repetition 90 of 100[39m[90m           [39m [90m0.50s[39m  
  [32;1m✓[39;22m[90m [39m[90mInvoiceResource edit page only allows editing invoices within tenant scope @ repetition 91 of 100[39m[90m           [39m [90m0.30s[39m  
  [32;1m✓[39;22m[90m [39m[90mInvoiceResource edit page only allows editing invoices within tenant scope @ repetition 92 of 100[39m[90m           [39m [90m0.48s[39m  
  [32;1m✓[39;22m[90m [39m[90mInvoiceResource edit page only allows editing invoices within tenant scope @ repetition 93 of 100[39m[90m           [39m [90m0.50s[39m  
  [32;1m✓[39;22m[90m [39m[90mInvoiceResource edit page only allows editing invoices within tenant scope @ repetition 94 of 100[39m[90m           [39m [90m0.31s[39m  
  [32;1m✓[39;22m[90m [39m[90mInvoiceResource edit page only allows editing invoices within tenant scope @ repetition 95 of 100[39m[90m           [39m [90m0.57s[39m  
  [32;1m✓[39;22m[90m [39m[90mInvoiceResource edit page only allows editing invoices within tenant scope @ repetition 96 of 100[39m[90m           [39m [90m0.47s[39m  
  [32;1m✓[39;22m[90m [39m[90mInvoiceResource edit page only allows editing invoices within tenant scope @ repetition 97 of 100[39m[90m           [39m [90m0.31s[39m  
  [32;1m✓[39;22m[90m [39m[90mInvoiceResource edit page only allows editing invoices within tenant scope @ repetition 98 of 100[39m[90m           [39m [90m0.54s[39m  
  [32;1m✓[39;22m[90m [39m[90mInvoiceResource edit page only allows editing invoices within tenant scope @ repetition 99 of 100[39m[90m           [39m [90m0.48s[39m  
  [32;1m✓[39;22m[90m [39m[90mInvoiceResource edit page only allows editing invoices within tenant scope @ repetition 100 of 100[39m[90m          [39m [90m0.31s[39m  

  [30;42;1m PASS [39;49;22m[39m Tests\Feature\FilamentInvoiceStatusFilteringPropertyTest[39m
  [32;1m✓[39;22m[90m [39m[90mInvoiceResource filters invoices by status correctly @ repetition 1 of 100[39m[90m                                  [39m [90m1.26s[39m  
  [32;1m✓[39;22m[90m [39m[90mInvoiceResource filters invoices by status correctly @ repetition 2 of 100[39m[90m                                  [39m [90m1.17s[39m  
  [32;1m✓[39;22m[90m [39m[90mInvoiceResource filters invoices by status correctly @ repetition 3 of 100[39m[90m                                  [39m [90m1.09s[39m  
  [32;1m✓[39;22m[90m [39m[90mInvoiceResource filters invoices by status correctly @ repetition 4 of 100[39m[90m                                  [39m [90m0.92s[39m  
  [32;1m✓[39;22m[90m [39m[90mInvoiceResource filters invoices by status correctly @ repetition 5 of 100[39m[90m                                  [39m [90m1.24s[39m  
  [32;1m✓[39;22m[90m [39m[90mInvoiceResource filters invoices by status correctly @ repetition 6 of 100[39m[90m                                  [39m [90m1.20s[39m  
  [32;1m✓[39;22m[90m [39m[90mInvoiceResource filters invoices by status correctly @ repetition 7 of 100[39m[90m                                  [39m [90m1.08s[39m  
  [32;1m✓[39;22m[90m [39m[90mInvoiceResource filters invoices by status correctly @ repetition 8 of 100[39m[90m                                  [39m [90m1.44s[39m  
  [32;1m✓[39;22m[90m [39m[90mInvoiceResource filters invoices by status correctly @ repetition 9 of 100[39m[90m                                  [39m [90m1.17s[39m  
  [32;1m✓[39;22m[90m [39m[90mInvoiceResource filters invoices by status correctly @ repetition 10 of 100[39m[90m                                 [39m [90m1.01s[39m  
  [32;1m✓[39;22m[90m [39m[90mInvoiceResource filters invoices by status correctly @ repetition 11 of 100[39m[90m                                 [39m [90m1.35s[39m  
  [32;1m✓[39;22m[90m [39m[90mInvoiceResource filters invoices by status correctly @ repetition 12 of 100[39m[90m                                 [39m [90m1.02s[39m  
  [32;1m✓[39;22m[90m [39m[90mInvoiceResource filters invoices by status correctly @ repetition 13 of 100[39m[90m                                 [39m [90m1.04s[39m  
  [32;1m✓[39;22m[90m [39m[90mInvoiceResource filters invoices by status correctly @ repetition 14 of 100[39m[90m                                 [39m [90m1.27s[39m  
  [32;1m✓[39;22m[90m [39m[90mInvoiceResource filters invoices by status correctly @ repetition 15 of 100[39m[90m                                 [39m [90m1.16s[39m  
  [32;1m✓[39;22m[90m [39m[90mInvoiceResource filters invoices by status correctly @ repetition 16 of 100[39m[90m                                 [39m [90m1.04s[39m  
  [32;1m✓[39;22m[90m [39m[90mInvoiceResource filters invoices by status correctly @ repetition 17 of 100[39m[90m                                 [39m [90m1.36s[39m  
  [32;1m✓[39;22m[90m [39m[90mInvoiceResource filters invoices by status correctly @ repetition 18 of 100[39m[90m                                 [39m [90m1.29s[39m  
  [32;1m✓[39;22m[90m [39m[90mInvoiceResource filters invoices by status correctly @ repetition 19 of 100[39m[90m                                 [39m [90m1.12s[39m  
  [32;1m✓[39;22m[90m [39m[90mInvoiceResource filters invoices by status correctly @ repetition 20 of 100[39m[90m                                 [39m [90m1.29s[39m  
  [32;1m✓[39;22m[90m [39m[90mInvoiceResource filters invoices by status correctly @ repetition 21 of 100[39m[90m                                 [39m [90m1.24s[39m  
  [32;1m✓[39;22m[90m [39m[90mInvoiceResource filters invoices by status correctly @ repetition 22 of 100[39m[90m                                 [39m [90m1.18s[39m  
  [32;1m✓[39;22m[90m [39m[90mInvoiceResource filters invoices by status correctly @ repetition 23 of 100[39m[90m                                 [39m [90m1.46s[39m  
  [32;1m✓[39;22m[90m [39m[90mInvoiceResource filters invoices by status correctly @ repetition 24 of 100[39m[90m                                 [39m [90m1.06s[39m  
  [32;1m✓[39;22m[90m [39m[90mInvoiceResource filters invoices by status correctly @ repetition 25 of 100[39m[90m                                 [39m [90m1.40s[39m  
  [32;1m✓[39;22m[90m [39m[90mInvoiceResource filters invoices by status correctly @ repetition 26 of 100[39m[90m                                 [39m [90m1.51s[39m  
  [32;1m✓[39;22m[90m [39m[90mInvoiceResource filters invoices by status correctly @ repetition 27 of 100[39m[90m                                 [39m [90m1.13s[39m  
  [32;1m✓[39;22m[90m [39m[90mInvoiceResource filters invoices by status correctly @ repetition 28 of 100[39m[90m                                 [39m [90m1.27s[39m  
  [32;1m✓[39;22m[90m [39m[90mInvoiceResource filters invoices by status correctly @ repetition 29 of 100[39m[90m                                 [39m [90m1.35s[39m  
  [32;1m✓[39;22m[90m [39m[90mInvoiceResource filters invoices by status correctly @ repetition 30 of 100[39m[90m                                 [39m [90m1.23s[39m  
  [32;1m✓[39;22m[90m [39m[90mInvoiceResource filters invoices by status correctly @ repetition 31 of 100[39m[90m                                 [39m [90m1.06s[39m  
  [32;1m✓[39;22m[90m [39m[90mInvoiceResource filters invoices by status correctly @ repetition 32 of 100[39m[90m                                 [39m [90m1.55s[39m  
  [32;1m✓[39;22m[90m [39m[90mInvoiceResource filters invoices by status correctly @ repetition 33 of 100[39m[90m                                 [39m [90m1.21s[39m  
  [32;1m✓[39;22m[90m [39m[90mInvoiceResource filters invoices by status correctly @ repetition 34 of 100[39m[90m                                 [39m [90m1.16s[39m  
  [32;1m✓[39;22m[90m [39m[90mInvoiceResource filters invoices by status correctly @ repetition 35 of 100[39m[90m                                 [39m [90m1.46s[39m  
  [32;1m✓[39;22m[90m [39m[90mInvoiceResource filters invoices by status correctly @ repetition 36 of 100[39m[90m                                 [39m [90m1.35s[39m  
  [32;1m✓[39;22m[90m [39m[90mInvoiceResource filters invoices by status correctly @ repetition 37 of 100[39m[90m                                 [39m [90m1.18s[39m  
  [32;1m✓[39;22m[90m [39m[90mInvoiceResource filters invoices by status correctly @ repetition 38 of 100[39m[90m                                 [39m [90m1.61s[39m  
  [32;1m✓[39;22m[90m [39m[90mInvoiceResource filters invoices by status correctly @ repetition 39 of 100[39m[90m                                 [39m [90m1.44s[39m  
  [32;1m✓[39;22m[90m [39m[90mInvoiceResource filters invoices by status correctly @ repetition 40 of 100[39m[90m                                 [39m [90m1.39s[39m  
  [32;1m✓[39;22m[90m [39m[90mInvoiceResource filters invoices by status correctly @ repetition 41 of 100[39m[90m                                 [39m [90m1.67s[39m  
  [32;1m✓[39;22m[90m [39m[90mInvoiceResource filters invoices by status correctly @ repetition 42 of 100[39m[90m                                 [39m [90m1.73s[39m  
  [32;1m✓[39;22m[90m [39m[90mInvoiceResource filters invoices by status correctly @ repetition 43 of 100[39m[90m                                 [39m [90m1.41s[39m  
  [32;1m✓[39;22m[90m [39m[90mInvoiceResource filters invoices by status correctly @ repetition 44 of 100[39m[90m                                 [39m [90m1.78s[39m  
  [32;1m✓[39;22m[90m [39m[90mInvoiceResource filters invoices by status correctly @ repetition 45 of 100[39m[90m                                 [39m [90m1.32s[39m  
  [32;1m✓[39;22m[90m [39m[90mInvoiceResource filters invoices by status correctly @ repetition 46 of 100[39m[90m                                 [39m [90m1.50s[39m  
  [32;1m✓[39;22m[90m [39m[90mInvoiceResource filters invoices by status correctly @ repetition 47 of 100[39m[90m                                 [39m [90m1.75s[39m  
  [32;1m✓[39;22m[90m [39m[90mInvoiceResource filters invoices by status correctly @ repetition 48 of 100[39m[90m                                 [39m [90m1.42s[39m  
  [32;1m✓[39;22m[90m [39m[90mInvoiceResource filters invoices by status correctly @ repetition 49 of 100[39m[90m                                 [39m [90m1.48s[39m  
  [32;1m✓[39;22m[90m [39m[90mInvoiceResource filters invoices by status correctly @ repetition 50 of 100[39m[90m                                 [39m [90m1.78s[39m  
  [32;1m✓[39;22m[90m [39m[90mInvoiceResource filters invoices by status correctly @ repetition 51 of 100[39m[90m                                 [39m [90m1.36s[39m  
  [32;1m✓[39;22m[90m [39m[90mInvoiceResource filters invoices by status correctly @ repetition 52 of 100[39m[90m                                 [39m [90m1.48s[39m  
  [32;1m✓[39;22m[90m [39m[90mInvoiceResource filters invoices by status correctly @ repetition 53 of 100[39m[90m                                 [39m [90m1.82s[39m  
  [32;1m✓[39;22m[90m [39m[90mInvoiceResource filters invoices by status correctly @ repetition 54 of 100[39m[90m                                 [39m [90m1.61s[39m  
  [32;1m✓[39;22m[90m [39m[90mInvoiceResource filters invoices by status correctly @ repetition 55 of 100[39m[90m                                 [39m [90m1.73s[39m  
  [32;1m✓[39;22m[90m [39m[90mInvoiceResource filters invoices by status correctly @ repetition 56 of 100[39m[90m                                 [39m [90m1.99s[39m  
  [32;1m✓[39;22m[90m [39m[90mInvoiceResource filters invoices by status correctly @ repetition 57 of 100[39m[90m                                 [39m [90m1.58s[39m  
  [32;1m✓[39;22m[90m [39m[90mInvoiceResource filters invoices by status correctly @ repetition 58 of 100[39m[90m                                 [39m [90m1.68s[39m  
  [32;1m✓[39;22m[90m [39m[90mInvoiceResource filters invoices by status correctly @ repetition 59 of 100[39m[90m                                 [39m [90m1.43s[39m  
  [32;1m✓[39;22m[90m [39m[90mInvoiceResource filters invoices by status correctly @ repetition 60 of 100[39m[90m                                 [39m [90m1.63s[39m  
  [32;1m✓[39;22m[90m [39m[90mInvoiceResource filters invoices by status correctly @ repetition 61 of 100[39m[90m                                 [39m [90m1.18s[39m  
  [32;1m✓[39;22m[90m [39m[90mInvoiceResource filters invoices by status correctly @ repetition 62 of 100[39m[90m                                 [39m [90m1.46s[39m  
  [32;1m✓[39;22m[90m [39m[90mInvoiceResource filters invoices by status correctly @ repetition 63 of 100[39m[90m                                 [39m [90m1.34s[39m  
  [32;1m✓[39;22m[90m [39m[90mInvoiceResource filters invoices by status correctly @ repetition 64 of 100[39m[90m                                 [39m [90m1.26s[39m  
  [32;1m✓[39;22m[90m [39m[90mInvoiceResource filters invoices by status correctly @ repetition 65 of 100[39m[90m                                 [39m [90m1.40s[39m  
  [32;1m✓[39;22m[90m [39m[90mInvoiceResource filters invoices by status correctly @ repetition 66 of 100[39m[90m                                 [39m [90m1.17s[39m  
  [32;1m✓[39;22m[90m [39m[90mInvoiceResource filters invoices by status correctly @ repetition 67 of 100[39m[90m                                 [39m [90m1.17s[39m  
  [32;1m✓[39;22m[90m [39m[90mInvoiceResource filters invoices by status correctly @ repetition 68 of 100[39m[90m                                 [39m [90m1.23s[39m  
  [32;1m✓[39;22m[90m [39m[90mInvoiceResource filters invoices by status correctly @ repetition 69 of 100[39m[90m                                 [39m [90m0.98s[39m  
  [32;1m✓[39;22m[90m [39m[90mInvoiceResource filters invoices by status correctly @ repetition 70 of 100[39m[90m                                 [39m [90m1.34s[39m  
  [32;1m✓[39;22m[90m [39m[90mInvoiceResource filters invoices by status correctly @ repetition 71 of 100[39m[90m                                 [39m [90m1.18s[39m  
  [32;1m✓[39;22m[90m [39m[90mInvoiceResource filters invoices by status correctly @ repetition 72 of 100[39m[90m                                 [39m [90m1.06s[39m  
  [32;1m✓[39;22m[90m [39m[90mInvoiceResource filters invoices by status correctly @ repetition 73 of 100[39m[90m                                 [39m [90m1.02s[39m  
  [32;1m✓[39;22m[90m [39m[90mInvoiceResource filters invoices by status correctly @ repetition 74 of 100[39m[90m                                 [39m [90m1.12s[39m  
  [32;1m✓[39;22m[90m [39m[90mInvoiceResource filters invoices by status correctly @ repetition 75 of 100[39m[90m                                 [39m [90m1.08s[39m  
  [32;1m✓[39;22m[90m [39m[90mInvoiceResource filters invoices by status correctly @ repetition 76 of 100[39m[90m                                 [39m [90m1.03s[39m  
  [32;1m✓[39;22m[90m [39m[90mInvoiceResource filters invoices by status correctly @ repetition 77 of 100[39m[90m                                 [39m [90m1.31s[39m  
  [32;1m✓[39;22m[90m [39m[90mInvoiceResource filters invoices by status correctly @ repetition 78 of 100[39m[90m                                 [39m [90m1.16s[39m  
  [32;1m✓[39;22m[90m [39m[90mInvoiceResource filters invoices by status correctly @ repetition 79 of 100[39m[90m                                 [39m [90m1.04s[39m  
  [32;1m✓[39;22m[90m [39m[90mInvoiceResource filters invoices by status correctly @ repetition 80 of 100[39m[90m                                 [39m [90m1.19s[39m  
  [32;1m✓[39;22m[90m [39m[90mInvoiceResource filters invoices by status correctly @ repetition 81 of 100[39m[90m                                 [39m [90m1.15s[39m  
  [32;1m✓[39;22m[90m [39m[90mInvoiceResource filters invoices by status correctly @ repetition 82 of 100[39m[90m                                 [39m [90m1.13s[39m  
  [32;1m✓[39;22m[90m [39m[90mInvoiceResource filters invoices by status correctly @ repetition 83 of 100[39m[90m                                 [39m [90m1.19s[39m  
  [32;1m✓[39;22m[90m [39m[90mInvoiceResource filters invoices by status correctly @ repetition 84 of 100[39m[90m                                 [39m [90m1.17s[39m  
  [32;1m✓[39;22m[90m [39m[90mInvoiceResource filters invoices by status correctly @ repetition 85 of 100[39m[90m                                 [39m [90m0.96s[39m  
  [32;1m✓[39;22m[90m [39m[90mInvoiceResource filters invoices by status correctly @ repetition 86 of 100[39m[90m                                 [39m [90m1.16s[39m  
  [32;1m✓[39;22m[90m [39m[90mInvoiceResource filters invoices by status correctly @ repetition 87 of 100[39m[90m                                 [39m [90m0.99s[39m  
  [32;1m✓[39;22m[90m [39m[90mInvoiceResource filters invoices by status correctly @ repetition 88 of 100[39m[90m                                 [39m [90m1.03s[39m  
  [32;1m✓[39;22m[90m [39m[90mInvoiceResource filters invoices by status correctly @ repetition 89 of 100[39m[90m                                 [39m [90m1.26s[39m  
  [32;1m✓[39;22m[90m [39m[90mInvoiceResource filters invoices by status correctly @ repetition 90 of 100[39m[90m                                 [39m [90m0.94s[39m  
  [32;1m✓[39;22m[90m [39m[90mInvoiceResource filters invoices by status correctly @ repetition 91 of 100[39m[90m                                 [39m [90m0.95s[39m  
  [32;1m✓[39;22m[90m [39m[90mInvoiceResource filters invoices by status correctly @ repetition 92 of 100[39m[90m                                 [39m [90m1.22s[39m  
  [32;1m✓[39;22m[90m [39m[90mInvoiceResource filters invoices by status correctly @ repetition 93 of 100[39m[90m                                 [39m [90m0.99s[39m  
  [32;1m✓[39;22m[90m [39m[90mInvoiceResource filters invoices by status correctly @ repetition 94 of 100[39m[90m                                 [39m [90m0.99s[39m  
  [32;1m✓[39;22m[90m [39m[90mInvoiceResource filters invoices by status correctly @ repetition 95 of 100[39m[90m                                 [39m [90m1.19s[39m  
  [32;1m✓[39;22m[90m [39m[90mInvoiceResource filters invoices by status correctly @ repetition 96 of 100[39m[90m                                 [39m [90m0.95s[39m  
  [32;1m✓[39;22m[90m [39m[90mInvoiceResource filters invoices by status correctly @ repetition 97 of 100[39m[90m                                 [39m [90m1.06s[39m  
  [32;1m✓[39;22m[90m [39m[90mInvoiceResource filters invoices by status correctly @ repetition 98 of 100[39m[90m                                 [39m [90m1.01s[39m  
  [32;1m✓[39;22m[90m [39m[90mInvoiceResource filters invoices by status correctly @ repetition 99 of 100[39m[90m                                 [39m [90m1.08s[39m  
  [32;1m✓[39;22m[90m [39m[90mInvoiceResource filters invoices by status correctly @ repetition 100 of 100[39m[90m                                [39m [90m0.97s[39m  
  [32;1m✓[39;22m[90m [39m[90mInvoiceResource shows all invoices when no status filter is applied @ repetition 1 of 100[39m[90m                   [39m [90m0.28s[39m  
  [32;1m✓[39;22m[90m [39m[90mInvoiceResource shows all invoices when no status filter is applied @ repetition 2 of 100[39m[90m                   [39m [90m0.35s[39m  
  [32;1m✓[39;22m[90m [39m[90mInvoiceResource shows all invoices when no status filter is applied @ repetition 3 of 100[39m[90m                   [39m [90m0.59s[39m  
  [32;1m✓[39;22m[90m [39m[90mInvoiceResource shows all invoices when no status filter is applied @ repetition 4 of 100[39m[90m                   [39m [90m0.32s[39m  
  [32;1m✓[39;22m[90m [39m[90mInvoiceResource shows all invoices when no status filter is applied @ repetition 5 of 100[39m[90m                   [39m [90m0.31s[39m  
  [32;1m✓[39;22m[90m [39m[90mInvoiceResource shows all invoices when no status filter is applied @ repetition 6 of 100[39m[90m                   [39m [90m0.69s[39m  
  [32;1m✓[39;22m[90m [39m[90mInvoiceResource shows all invoices when no status filter is applied @ repetition 7 of 100[39m[90m                   [39m [90m0.35s[39m  
  [32;1m✓[39;22m[90m [39m[90mInvoiceResource shows all invoices when no status filter is applied @ repetition 8 of 100[39m[90m                   [39m [90m0.33s[39m  
  [32;1m✓[39;22m[90m [39m[90mInvoiceResource shows all invoices when no status filter is applied @ repetition 9 of 100[39m[90m                   [39m [90m0.65s[39m  
  [32;1m✓[39;22m[90m [39m[90mInvoiceResource shows all invoices when no status filter is applied @ repetition 10 of 100[39m[90m                  [39m [90m0.42s[39m  
  [32;1m✓[39;22m[90m [39m[90mInvoiceResource shows all invoices when no status filter is applied @ repetition 11 of 100[39m[90m                  [39m [90m0.32s[39m  
  [32;1m✓[39;22m[90m [39m[90mInvoiceResource shows all invoices when no status filter is applied @ repetition 12 of 100[39m[90m                  [39m [90m0.65s[39m  
  [32;1m✓[39;22m[90m [39m[90mInvoiceResource shows all invoices when no status filter is applied @ repetition 13 of 100[39m[90m                  [39m [90m0.33s[39m  
  [32;1m✓[39;22m[90m [39m[90mInvoiceResource shows all invoices when no status filter is applied @ repetition 14 of 100[39m[90m                  [39m [90m0.31s[39m  
  [32;1m✓[39;22m[90m [39m[90mInvoiceResource shows all invoices when no status filter is applied @ repetition 15 of 100[39m[90m                  [39m [90m0.74s[39m  
  [32;1m✓[39;22m[90m [39m[90mInvoiceResource shows all invoices when no status filter is applied @ repetition 16 of 100[39m[90m                  [39m [90m0.38s[39m  
  [32;1m✓[39;22m[90m [39m[90mInvoiceResource shows all invoices when no status filter is applied @ repetition 17 of 100[39m[90m                  [39m [90m0.42s[39m  
  [32;1m✓[39;22m[90m [39m[90mInvoiceResource shows all invoices when no status filter is applied @ repetition 18 of 100[39m[90m                  [39m [90m0.61s[39m  
  [32;1m✓[39;22m[90m [39m[90mInvoiceResource shows all invoices when no status filter is applied @ repetition 19 of 100[39m[90m                  [39m [90m0.32s[39m  
  [32;1m✓[39;22m[90m [39m[90mInvoiceResource shows all invoices when no status filter is applied @ repetition 20 of 100[39m[90m                  [39m [90m0.33s[39m  
  [32;1m✓[39;22m[90m [39m[90mInvoiceResource shows all invoices when no status filter is applied @ repetition 21 of 100[39m[90m                  [39m [90m0.71s[39m  
  [32;1m✓[39;22m[90m [39m[90mInvoiceResource shows all invoices when no status filter is applied @ repetition 22 of 100[39m[90m                  [39m [90m0.33s[39m  
  [32;1m✓[39;22m[90m [39m[90mInvoiceResource shows all invoices when no status filter is applied @ repetition 23 of 100[39m[90m                  [39m [90m0.30s[39m  
  [32;1m✓[39;22m[90m [39m[90mInvoiceResource shows all invoices when no status filter is applied @ repetition 24 of 100[39m[90m                  [39m [90m0.64s[39m  
  [32;1m✓[39;22m[90m [39m[90mInvoiceResource shows all invoices when no status filter is applied @ repetition 25 of 100[39m[90m                  [39m [90m0.30s[39m  
  [32;1m✓[39;22m[90m [39m[90mInvoiceResource shows all invoices when no status filter is applied @ repetition 26 of 100[39m[90m                  [39m [90m0.37s[39m  
  [32;1m✓[39;22m[90m [39m[90mInvoiceResource shows all invoices when no status filter is applied @ repetition 27 of 100[39m[90m                  [39m [90m0.68s[39m  
  [32;1m✓[39;22m[90m [39m[90mInvoiceResource shows all invoices when no status filter is applied @ repetition 28 of 100[39m[90m                  [39m [90m0.35s[39m  
  [32;1m✓[39;22m[90m [39m[90mInvoiceResource shows all invoices when no status filter is applied @ repetition 29 of 100[39m[90m                  [39m [90m0.29s[39m  
  [32;1m✓[39;22m[90m [39m[90mInvoiceResource shows all invoices when no status filter is applied @ repetition 30 of 100[39m[90m                  [39m [90m0.58s[39m  
  [32;1m✓[39;22m[90m [39m[90mInvoiceResource shows all invoices when no status filter is applied @ repetition 31 of 100[39m[90m                  [39m [90m0.37s[39m  
  [32;1m✓[39;22m[90m [39m[90mInvoiceResource shows all invoices when no status filter is applied @ repetition 32 of 100[39m[90m                  [39m [90m0.32s[39m  
  [32;1m✓[39;22m[90m [39m[90mInvoiceResource shows all invoices when no status filter is applied @ repetition 33 of 100[39m[90m                  [39m [90m0.68s[39m  
  [32;1m✓[39;22m[90m [39m[90mInvoiceResource shows all invoices when no status filter is applied @ repetition 34 of 100[39m[90m                  [39m [90m0.39s[39m  
  [32;1m✓[39;22m[90m [39m[90mInvoiceResource shows all invoices when no status filter is applied @ repetition 35 of 100[39m[90m                  [39m [90m0.30s[39m  
  [32;1m✓[39;22m[90m [39m[90mInvoiceResource shows all invoices when no status filter is applied @ repetition 36 of 100[39m[90m                  [39m [90m0.63s[39m  
  [32;1m✓[39;22m[90m [39m[90mInvoiceResource shows all invoices when no status filter is applied @ repetition 37 of 100[39m[90m                  [39m [90m0.37s[39m  
  [32;1m✓[39;22m[90m [39m[90mInvoiceResource shows all invoices when no status filter is applied @ repetition 38 of 100[39m[90m                  [39m [90m0.35s[39m  
  [32;1m✓[39;22m[90m [39m[90mInvoiceResource shows all invoices when no status filter is applied @ repetition 39 of 100[39m[90m                  [39m [90m0.64s[39m  
  [32;1m✓[39;22m[90m [39m[90mInvoiceResource shows all invoices when no status filter is applied @ repetition 40 of 100[39m[90m                  [39m [90m0.31s[39m  
  [32;1m✓[39;22m[90m [39m[90mInvoiceResource shows all invoices when no status filter is applied @ repetition 41 of 100[39m[90m                  [39m [90m0.32s[39m  
  [32;1m✓[39;22m[90m [39m[90mInvoiceResource shows all invoices when no status filter is applied @ repetition 42 of 100[39m[90m                  [39m [90m0.64s[39m  
  [32;1m✓[39;22m[90m [39m[90mInvoiceResource shows all invoices when no status filter is applied @ repetition 43 of 100[39m[90m                  [39m [90m0.33s[39m  
  [32;1m✓[39;22m[90m [39m[90mInvoiceResource shows all invoices when no status filter is applied @ repetition 44 of 100[39m[90m                  [39m [90m0.38s[39m  
  [32;1m✓[39;22m[90m [39m[90mInvoiceResource shows all invoices when no status filter is applied @ repetition 45 of 100[39m[90m                  [39m [90m0.67s[39m  
  [32;1m✓[39;22m[90m [39m[90mInvoiceResource shows all invoices when no status filter is applied @ repetition 46 of 100[39m[90m                  [39m [90m0.30s[39m  
  [32;1m✓[39;22m[90m [39m[90mInvoiceResource shows all invoices when no status filter is applied @ repetition 47 of 100[39m[90m                  [39m [90m0.37s[39m  
  [32;1m✓[39;22m[90m [39m[90mInvoiceResource shows all invoices when no status filter is applied @ repetition 48 of 100[39m[90m                  [39m [90m0.70s[39m  
  [32;1m✓[39;22m[90m [39m[90mInvoiceResource shows all invoices when no status filter is applied @ repetition 49 of 100[39m[90m                  [39m [90m0.29s[39m  
  [32;1m✓[39;22m[90m [39m[90mInvoiceResource shows all invoices when no status filter is applied @ repetition 50 of 100[39m[90m                  [39m [90m0.37s[39m  
  [32;1m✓[39;22m[90m [39m[90mInvoiceResource shows all invoices when no status filter is applied @ repetition 51 of 100[39m[90m                  [39m [90m0.59s[39m  
  [32;1m✓[39;22m[90m [39m[90mInvoiceResource shows all invoices when no status filter is applied @ repetition 52 of 100[39m[90m                  [39m [90m0.38s[39m  
  [32;1m✓[39;22m[90m [39m[90mInvoiceResource shows all invoices when no status filter is applied @ repetition 53 of 100[39m[90m                  [39m [90m0.28s[39m  
  [32;1m✓[39;22m[90m [39m[90mInvoiceResource shows all invoices when no status filter is applied @ repetition 54 of 100[39m[90m                  [39m [90m0.59s[39m  
  [32;1m✓[39;22m[90m [39m[90mInvoiceResource shows all invoices when no status filter is applied @ repetition 55 of 100[39m[90m                  [39m [90m0.26s[39m  
  [32;1m✓[39;22m[90m [39m[90mInvoiceResource shows all invoices when no status filter is applied @ repetition 56 of 100[39m[90m                  [39m [90m0.34s[39m  
  [32;1m✓[39;22m[90m [39m[90mInvoiceResource shows all invoices when no status filter is applied @ repetition 57 of 100[39m[90m                  [39m [90m0.59s[39m  
  [32;1m✓[39;22m[90m [39m[90mInvoiceResource shows all invoices when no status filter is applied @ repetition 58 of 100[39m[90m                  [39m [90m0.29s[39m  
  [32;1m✓[39;22m[90m [39m[90mInvoiceResource shows all invoices when no status filter is applied @ repetition 59 of 100[39m[90m                  [39m [90m0.29s[39m  
  [32;1m✓[39;22m[90m [39m[90mInvoiceResource shows all invoices when no status filter is applied @ repetition 60 of 100[39m[90m                  [39m [90m0.53s[39m  
  [32;1m✓[39;22m[90m [39m[90mInvoiceResource shows all invoices when no status filter is applied @ repetition 61 of 100[39m[90m                  [39m [90m0.31s[39m  
  [32;1m✓[39;22m[90m [39m[90mInvoiceResource shows all invoices when no status filter is applied @ repetition 62 of 100[39m[90m                  [39m [90m0.38s[39m  
  [32;1m✓[39;22m[90m [39m[90mInvoiceResource shows all invoices when no status filter is applied @ repetition 63 of 100[39m[90m                  [39m [90m0.67s[39m  
  [32;1m✓[39;22m[90m [39m[90mInvoiceResource shows all invoices when no status filter is applied @ repetition 64 of 100[39m[90m                  [39m [90m0.29s[39m  
  [32;1m✓[39;22m[90m [39m[90mInvoiceResource shows all invoices when no status filter is applied @ repetition 65 of 100[39m[90m                  [39m [90m0.30s[39m  
  [32;1m✓[39;22m[90m [39m[90mInvoiceResource shows all invoices when no status filter is applied @ repetition 66 of 100[39m[90m                  [39m [90m0.60s[39m  
  [32;1m✓[39;22m[90m [39m[90mInvoiceResource shows all invoices when no status filter is applied @ repetition 67 of 100[39m[90m                  [39m [90m0.30s[39m  
  [32;1m✓[39;22m[90m [39m[90mInvoiceResource shows all invoices when no status filter is applied @ repetition 68 of 100[39m[90m                  [39m [90m0.34s[39m  
  [32;1m✓[39;22m[90m [39m[90mInvoiceResource shows all invoices when no status filter is applied @ repetition 69 of 100[39m[90m                  [39m [90m0.67s[39m  
  [32;1m✓[39;22m[90m [39m[90mInvoiceResource shows all invoices when no status filter is applied @ repetition 70 of 100[39m[90m                  [39m [90m0.34s[39m  
  [32;1m✓[39;22m[90m [39m[90mInvoiceResource shows all invoices when no status filter is applied @ repetition 71 of 100[39m[90m                  [39m [90m0.29s[39m  
  [32;1m✓[39;22m[90m [39m[90mInvoiceResource shows all invoices when no status filter is applied @ repetition 72 of 100[39m[90m                  [39m [90m0.65s[39m  
  [32;1m✓[39;22m[90m [39m[90mInvoiceResource shows all invoices when no status filter is applied @ repetition 73 of 100[39m[90m                  [39m [90m0.34s[39m  
  [32;1m✓[39;22m[90m [39m[90mInvoiceResource shows all invoices when no status filter is applied @ repetition 74 of 100[39m[90m                  [39m [90m0.38s[39m  
  [32;1m✓[39;22m[90m [39m[90mInvoiceResource shows all invoices when no status filter is applied @ repetition 75 of 100[39m[90m                  [39m [90m0.69s[39m  
  [32;1m✓[39;22m[90m [39m[90mInvoiceResource shows all invoices when no status filter is applied @ repetition 76 of 100[39m[90m                  [39m [90m0.27s[39m  
  [32;1m✓[39;22m[90m [39m[90mInvoiceResource shows all invoices when no status filter is applied @ repetition 77 of 100[39m[90m                  [39m [90m0.34s[39m  
  [32;1m✓[39;22m[90m [39m[90mInvoiceResource shows all invoices when no status filter is applied @ repetition 78 of 100[39m[90m                  [39m [90m0.66s[39m  
  [32;1m✓[39;22m[90m [39m[90mInvoiceResource shows all invoices when no status filter is applied @ repetition 79 of 100[39m[90m                  [39m [90m0.32s[39m  
  [32;1m✓[39;22m[90m [39m[90mInvoiceResource shows all invoices when no status filter is applied @ repetition 80 of 100[39m[90m                  [39m [90m0.29s[39m  
  [32;1m✓[39;22m[90m [39m[90mInvoiceResource shows all invoices when no status filter is applied @ repetition 81 of 100[39m[90m                  [39m [90m0.69s[39m  
  [32;1m✓[39;22m[90m [39m[90mInvoiceResource shows all invoices when no status filter is applied @ repetition 82 of 100[39m[90m                  [39m [90m0.35s[39m  
  [32;1m✓[39;22m[90m [39m[90mInvoiceResource shows all invoices when no status filter is applied @ repetition 83 of 100[39m[90m                  [39m [90m0.38s[39m  
  [32;1m✓[39;22m[90m [39m[90mInvoiceResource shows all invoices when no status filter is applied @ repetition 84 of 100[39m[90m                  [39m [90m0.63s[39m  
  [32;1m✓[39;22m[90m [39m[90mInvoiceResource shows all invoices when no status filter is applied @ repetition 85 of 100[39m[90m                  [39m [90m0.35s[39m  
  [32;1m✓[39;22m[90m [39m[90mInvoiceResource shows all invoices when no status filter is applied @ repetition 86 of 100[39m[90m                  [39m [90m0.33s[39m  
  [32;1m✓[39;22m[90m [39m[90mInvoiceResource shows all invoices when no status filter is applied @ repetition 87 of 100[39m[90m                  [39m [90m0.68s[39m  
  [32;1m✓[39;22m[90m [39m[90mInvoiceResource shows all invoices when no status filter is applied @ repetition 88 of 100[39m[90m                  [39m [90m0.38s[39m  
  [32;1m✓[39;22m[90m [39m[90mInvoiceResource shows all invoices when no status filter is applied @ repetition 89 of 100[39m[90m                  [39m [90m0.33s[39m  
  [32;1m✓[39;22m[90m [39m[90mInvoiceResource shows all invoices when no status filter is applied @ repetition 90 of 100[39m[90m                  [39m [90m0.65s[39m  
  [32;1m✓[39;22m[90m [39m[90mInvoiceResource shows all invoices when no status filter is applied @ repetition 91 of 100[39m[90m                  [39m [90m0.30s[39m  
  [32;1m✓[39;22m[90m [39m[90mInvoiceResource shows all invoices when no status filter is applied @ repetition 92 of 100[39m[90m                  [39m [90m0.36s[39m  
  [32;1m✓[39;22m[90m [39m[90mInvoiceResource shows all invoices when no status filter is applied @ repetition 93 of 100[39m[90m                  [39m [90m0.67s[39m  
  [32;1m✓[39;22m[90m [39m[90mInvoiceResource shows all invoices when no status filter is applied @ repetition 94 of 100[39m[90m                  [39m [90m0.31s[39m  
  [32;1m✓[39;22m[90m [39m[90mInvoiceResource shows all invoices when no status filter is applied @ repetition 95 of 100[39m[90m                  [39m [90m0.36s[39m  
  [32;1m✓[39;22m[90m [39m[90mInvoiceResource shows all invoices when no status filter is applied @ repetition 96 of 100[39m[90m                  [39m [90m0.64s[39m  
  [32;1m✓[39;22m[90m [39m[90mInvoiceResource shows all invoices when no status filter is applied @ repetition 97 of 100[39m[90m                  [39m [90m0.32s[39m  
  [32;1m✓[39;22m[90m [39m[90mInvoiceResource shows all invoices when no status filter is applied @ repetition 98 of 100[39m[90m                  [39m [90m0.37s[39m  
  [32;1m✓[39;22m[90m [39m[90mInvoiceResource shows all invoices when no status filter is applied @ repetition 99 of 100[39m[90m                  [39m [90m0.74s[39m  
  [32;1m✓[39;22m[90m [39m[90mInvoiceResource shows all invoices when no status filter is applied @ repetition 100 of 100[39m[90m                 [39m [90m0.38s[39m  
  [32;1m✓[39;22m[90m [39m[90mInvoiceResource status filter respects tenant scope @ repetition 1 of 100[39m[90m                                   [39m [90m0.67s[39m  
  [32;1m✓[39;22m[90m [39m[90mInvoiceResource status filter respects tenant scope @ repetition 2 of 100[39m[90m                                   [39m [90m0.36s[39m  
  [32;1m✓[39;22m[90m [39m[90mInvoiceResource status filter respects tenant scope @ repetition 3 of 100[39m[90m                                   [39m [90m0.63s[39m  
  [32;1m✓[39;22m[90m [39m[90mInvoiceResource status filter respects tenant scope @ repetition 4 of 100[39m[90m                                   [39m [90m0.44s[39m  
  [32;1m✓[39;22m[90m [39m[90mInvoiceResource status filter respects tenant scope @ repetition 5 of 100[39m[90m                                   [39m [90m0.68s[39m  
  [32;1m✓[39;22m[90m [39m[90mInvoiceResource status filter respects tenant scope @ repetition 6 of 100[39m[90m                                   [39m [90m0.38s[39m  
  [32;1m✓[39;22m[90m [39m[90mInvoiceResource status filter respects tenant scope @ repetition 7 of 100[39m[90m                                   [39m [90m0.62s[39m  
  [32;1m✓[39;22m[90m [39m[90mInvoiceResource status filter respects tenant scope @ repetition 8 of 100[39m[90m                                   [39m [90m0.63s[39m  
  [32;1m✓[39;22m[90m [39m[90mInvoiceResource status filter respects tenant scope @ repetition 9 of 100[39m[90m                                   [39m [90m0.44s[39m  
  [32;1m✓[39;22m[90m [39m[90mInvoiceResource status filter respects tenant scope @ repetition 10 of 100[39m[90m                                  [39m [90m0.68s[39m  
  [32;1m✓[39;22m[90m [39m[90mInvoiceResource status filter respects tenant scope @ repetition 11 of 100[39m[90m                                  [39m [90m0.48s[39m  
  [32;1m✓[39;22m[90m [39m[90mInvoiceResource status filter respects tenant scope @ repetition 12 of 100[39m[90m                                  [39m [90m0.62s[39m  
  [32;1m✓[39;22m[90m [39m[90mInvoiceResource status filter respects tenant scope @ repetition 13 of 100[39m[90m                                  [39m [90m0.40s[39m  
  [32;1m✓[39;22m[90m [39m[90mInvoiceResource status filter respects tenant scope @ repetition 14 of 100[39m[90m                                  [39m [90m0.66s[39m  
  [32;1m✓[39;22m[90m [39m[90mInvoiceResource status filter respects tenant scope @ repetition 15 of 100[39m[90m                                  [39m [90m0.42s[39m  
  [32;1m✓[39;22m[90m [39m[90mInvoiceResource status filter respects tenant scope @ repetition 16 of 100[39m[90m                                  [39m [90m0.67s[39m  
  [32;1m✓[39;22m[90m [39m[90mInvoiceResource status filter respects tenant scope @ repetition 17 of 100[39m[90m                                  [39m [90m0.42s[39m  
  [32;1m✓[39;22m[90m [39m[90mInvoiceResource status filter respects tenant scope @ repetition 18 of 100[39m[90m                                  [39m [90m0.73s[39m  
  [32;1m✓[39;22m[90m [39m[90mInvoiceResource status filter respects tenant scope @ repetition 19 of 100[39m[90m                                  [39m [90m0.41s[39m  
  [32;1m✓[39;22m[90m [39m[90mInvoiceResource status filter respects tenant scope @ repetition 20 of 100[39m[90m                                  [39m [90m0.69s[39m  
  [32;1m✓[39;22m[90m [39m[90mInvoiceResource status filter respects tenant scope @ repetition 21 of 100[39m[90m                                  [39m [90m0.38s[39m  
  [32;1m✓[39;22m[90m [39m[90mInvoiceResource status filter respects tenant scope @ repetition 22 of 100[39m[90m                                  [39m [90m0.57s[39m  
  [32;1m✓[39;22m[90m [39m[90mInvoiceResource status filter respects tenant scope @ repetition 23 of 100[39m[90m                                  [39m [90m0.37s[39m  
  [32;1m✓[39;22m[90m [39m[90mInvoiceResource status filter respects tenant scope @ repetition 24 of 100[39m[90m                                  [39m [90m0.62s[39m  
  [32;1m✓[39;22m[90m [39m[90mInvoiceResource status filter respects tenant scope @ repetition 25 of 100[39m[90m                                  [39m [90m0.45s[39m  
  [32;1m✓[39;22m[90m [39m[90mInvoiceResource status filter respects tenant scope @ repetition 26 of 100[39m[90m                                  [39m [90m0.71s[39m  
  [32;1m✓[39;22m[90m [39m[90mInvoiceResource status filter respects tenant scope @ repetition 27 of 100[39m[90m                                  [39m [90m0.41s[39m  
  [32;1m✓[39;22m[90m [39m[90mInvoiceResource status filter respects tenant scope @ repetition 28 of 100[39m[90m                                  [39m [90m0.65s[39m  
  [32;1m✓[39;22m[90m [39m[90mInvoiceResource status filter respects tenant scope @ repetition 29 of 100[39m[90m                                  [39m [90m0.61s[39m  
  [32;1m✓[39;22m[90m [39m[90mInvoiceResource status filter respects tenant scope @ repetition 30 of 100[39m[90m                                  [39m [90m0.49s[39m  
  [32;1m✓[39;22m[90m [39m[90mInvoiceResource status filter respects tenant scope @ repetition 31 of 100[39m[90m                                  [39m [90m0.74s[39m  
  [32;1m✓[39;22m[90m [39m[90mInvoiceResource status filter respects tenant scope @ repetition 32 of 100[39m[90m                                  [39m [90m0.52s[39m  
  [32;1m✓[39;22m[90m [39m[90mInvoiceResource status filter respects tenant scope @ repetition 33 of 100[39m[90m                                  [39m [90m0.75s[39m  
  [32;1m✓[39;22m[90m [39m[90mInvoiceResource status filter respects tenant scope @ repetition 34 of 100[39m[90m                                  [39m [90m0.47s[39m  
  [32;1m✓[39;22m[90m [39m[90mInvoiceResource status filter respects tenant scope @ repetition 35 of 100[39m[90m                                  [39m [90m0.68s[39m  
  [32;1m✓[39;22m[90m [39m[90mInvoiceResource status filter respects tenant scope @ repetition 36 of 100[39m[90m                                  [39m [90m0.42s[39m  
  [32;1m✓[39;22m[90m [39m[90mInvoiceResource status filter respects tenant scope @ repetition 37 of 100[39m[90m                                  [39m [90m0.66s[39m  
  [32;1m✓[39;22m[90m [39m[90mInvoiceResource status filter respects tenant scope @ repetition 38 of 100[39m[90m                                  [39m [90m0.48s[39m  
  [32;1m✓[39;22m[90m [39m[90mInvoiceResource status filter respects tenant scope @ repetition 39 of 100[39m[90m                                  [39m [90m0.73s[39m  
  [32;1m✓[39;22m[90m [39m[90mInvoiceResource status filter respects tenant scope @ repetition 40 of 100[39m[90m                                  [39m [90m0.59s[39m  
  [32;1m✓[39;22m[90m [39m[90mInvoiceResource status filter respects tenant scope @ repetition 41 of 100[39m[90m                                  [39m [90m0.71s[39m  
  [32;1m✓[39;22m[90m [39m[90mInvoiceResource status filter respects tenant scope @ repetition 42 of 100[39m[90m                                  [39m [90m0.45s[39m  
  [32;1m✓[39;22m[90m [39m[90mInvoiceResource status filter respects tenant scope @ repetition 43 of 100[39m[90m                                  [39m [90m0.65s[39m  
  [32;1m✓[39;22m[90m [39m[90mInvoiceResource status filter respects tenant scope @ repetition 44 of 100[39m[90m                                  [39m [90m0.41s[39m  
  [32;1m✓[39;22m[90m [39m[90mInvoiceResource status filter respects tenant scope @ repetition 45 of 100[39m[90m                                  [39m [90m0.69s[39m  
  [32;1m✓[39;22m[90m [39m[90mInvoiceResource status filter respects tenant scope @ repetition 46 of 100[39m[90m                                  [39m [90m0.81s[39m  
  [32;1m✓[39;22m[90m [39m[90mInvoiceResource status filter respects tenant scope @ repetition 47 of 100[39m[90m                                  [39m [90m0.50s[39m  
  [32;1m✓[39;22m[90m [39m[90mInvoiceResource status filter respects tenant scope @ repetition 48 of 100[39m[90m                                  [39m [90m0.77s[39m  
  [32;1m✓[39;22m[90m [39m[90mInvoiceResource status filter respects tenant scope @ repetition 49 of 100[39m[90m                                  [39m [90m0.58s[39m  
  [32;1m✓[39;22m[90m [39m[90mInvoiceResource status filter respects tenant scope @ repetition 50 of 100[39m[90m                                  [39m [90m0.69s[39m  
  [32;1m✓[39;22m[90m [39m[90mInvoiceResource status filter respects tenant scope @ repetition 51 of 100[39m[90m                                  [39m [90m0.48s[39m  
  [32;1m✓[39;22m[90m [39m[90mInvoiceResource status filter respects tenant scope @ repetition 52 of 100[39m[90m                                  [39m [90m0.73s[39m  
  [32;1m✓[39;22m[90m [39m[90mInvoiceResource status filter respects tenant scope @ repetition 53 of 100[39m[90m                                  [39m [90m0.51s[39m  
  [32;1m✓[39;22m[90m [39m[90mInvoiceResource status filter respects tenant scope @ repetition 54 of 100[39m[90m                                  [39m [90m0.82s[39m  
  [32;1m✓[39;22m[90m [39m[90mInvoiceResource status filter respects tenant scope @ repetition 55 of 100[39m[90m                                  [39m [90m0.74s[39m  
  [32;1m✓[39;22m[90m [39m[90mInvoiceResource status filter respects tenant scope @ repetition 56 of 100[39m[90m                                  [39m [90m0.46s[39m  
  [32;1m✓[39;22m[90m [39m[90mInvoiceResource status filter respects tenant scope @ repetition 57 of 100[39m[90m                                  [39m [90m0.75s[39m  
  [32;1m✓[39;22m[90m [39m[90mInvoiceResource status filter respects tenant scope @ repetition 58 of 100[39m[90m                                  [39m [90m0.47s[39m  
  [32;1m✓[39;22m[90m [39m[90mInvoiceResource status filter respects tenant scope @ repetition 59 of 100[39m[90m                                  [39m [90m0.84s[39m  
  [32;1m✓[39;22m[90m [39m[90mInvoiceResource status filter respects tenant scope @ repetition 60 of 100[39m[90m                                  [39m [90m0.43s[39m  
  [32;1m✓[39;22m[90m [39m[90mInvoiceResource status filter respects tenant scope @ repetition 61 of 100[39m[90m                                  [39m [90m0.73s[39m  
  [32;1m✓[39;22m[90m [39m[90mInvoiceResource status filter respects tenant scope @ repetition 62 of 100[39m[90m                                  [39m [90m0.55s[39m  
  [32;1m✓[39;22m[90m [39m[90mInvoiceResource status filter respects tenant scope @ repetition 63 of 100[39m[90m                                  [39m [90m0.86s[39m  
  [32;1m✓[39;22m[90m [39m[90mInvoiceResource status filter respects tenant scope @ repetition 64 of 100[39m[90m                                  [39m [90m0.48s[39m  
  [32;1m✓[39;22m[90m [39m[90mInvoiceResource status filter respects tenant scope @ repetition 65 of 100[39m[90m                                  [39m [90m0.89s[39m  
  [32;1m✓[39;22m[90m [39m[90mInvoiceResource status filter respects tenant scope @ repetition 66 of 100[39m[90m                                  [39m [90m0.45s[39m  
  [32;1m✓[39;22m[90m [39m[90mInvoiceResource status filter respects tenant scope @ repetition 67 of 100[39m[90m                                  [39m [90m0.76s[39m  
  [32;1m✓[39;22m[90m [39m[90mInvoiceResource status filter respects tenant scope @ repetition 68 of 100[39m[90m                                  [39m [90m0.54s[39m  
  [32;1m✓[39;22m[90m [39m[90mInvoiceResource status filter respects tenant scope @ repetition 69 of 100[39m[90m                                  [39m [90m0.87s[39m  
  [32;1m✓[39;22m[90m [39m[90mInvoiceResource status filter respects tenant scope @ repetition 70 of 100[39m[90m                                  [39m [90m0.53s[39m  
  [32;1m✓[39;22m[90m [39m[90mInvoiceResource status filter respects tenant scope @ repetition 71 of 100[39m[90m                                  [39m [90m0.83s[39m  
  [32;1m✓[39;22m[90m [39m[90mInvoiceResource status filter respects tenant scope @ repetition 72 of 100[39m[90m                                  [39m [90m0.67s[39m  
  [32;1m✓[39;22m[90m [39m[90mInvoiceResource status filter respects tenant scope @ repetition 73 of 100[39m[90m                                  [39m [90m0.89s[39m  
  [32;1m✓[39;22m[90m [39m[90mInvoiceResource status filter respects tenant scope @ repetition 74 of 100[39m[90m                                  [39m [90m0.56s[39m  
  [32;1m✓[39;22m[90m [39m[90mInvoiceResource status filter respects tenant scope @ repetition 75 of 100[39m[90m                                  [39m [90m0.87s[39m  
  [32;1m✓[39;22m[90m [39m[90mInvoiceResource status filter respects tenant scope @ repetition 76 of 100[39m[90m                                  [39m [90m0.54s[39m  
  [32;1m✓[39;22m[90m [39m[90mInvoiceResource status filter respects tenant scope @ repetition 77 of 100[39m[90m                                  [39m [90m0.71s[39m  
  [32;1m✓[39;22m[90m [39m[90mInvoiceResource status filter respects tenant scope @ repetition 78 of 100[39m[90m                                  [39m [90m0.54s[39m  
  [32;1m✓[39;22m[90m [39m[90mInvoiceResource status filter respects tenant scope @ repetition 79 of 100[39m[90m                                  [39m [90m0.77s[39m  
  [32;1m✓[39;22m[90m [39m[90mInvoiceResource status filter respects tenant scope @ repetition 80 of 100[39m[90m                                  [39m [90m0.46s[39m  
  [32;1m✓[39;22m[90m [39m[90mInvoiceResource status filter respects tenant scope @ repetition 81 of 100[39m[90m                                  [39m [90m0.80s[39m  
  [32;1m✓[39;22m[90m [39m[90mInvoiceResource status filter respects tenant scope @ repetition 82 of 100[39m[90m                                  [39m [90m0.63s[39m  
  [32;1m✓[39;22m[90m [39m[90mInvoiceResource status filter respects tenant scope @ repetition 83 of 100[39m[90m                                  [39m [90m0.56s[39m  
  [32;1m✓[39;22m[90m [39m[90mInvoiceResource status filter respects tenant scope @ repetition 84 of 100[39m[90m                                  [39m [90m0.84s[39m  
  [32;1m✓[39;22m[90m [39m[90mInvoiceResource status filter respects tenant scope @ repetition 85 of 100[39m[90m                                  [39m [90m0.46s[39m  
  [32;1m✓[39;22m[90m [39m[90mInvoiceResource status filter respects tenant scope @ repetition 86 of 100[39m[90m                                  [39m [90m0.81s[39m  
  [32;1m✓[39;22m[90m [39m[90mInvoiceResource status filter respects tenant scope @ repetition 87 of 100[39m[90m                                  [39m [90m0.52s[39m  
  [32;1m✓[39;22m[90m [39m[90mInvoiceResource status filter respects tenant scope @ repetition 88 of 100[39m[90m                                  [39m [90m0.69s[39m  
  [32;1m✓[39;22m[90m [39m[90mInvoiceResource status filter respects tenant scope @ repetition 89 of 100[39m[90m                                  [39m [90m0.42s[39m  
  [32;1m✓[39;22m[90m [39m[90mInvoiceResource status filter respects tenant scope @ repetition 90 of 100[39m[90m                                  [39m [90m0.59s[39m  
  [32;1m✓[39;22m[90m [39m[90mInvoiceResource status filter respects tenant scope @ repetition 91 of 100[39m[90m                                  [39m [90m0.55s[39m  
  [32;1m✓[39;22m[90m [39m[90mInvoiceResource status filter respects tenant scope @ repetition 92 of 100[39m[90m                                  [39m [90m0.62s[39m  
  [32;1m✓[39;22m[90m [39m[90mInvoiceResource status filter respects tenant scope @ repetition 93 of 100[39m[90m                                  [39m [90m0.38s[39m  
  [32;1m✓[39;22m[90m [39m[90mInvoiceResource status filter respects tenant scope @ repetition 94 of 100[39m[90m                                  [39m [90m0.75s[39m  
  [32;1m✓[39;22m[90m [39m[90mInvoiceResource status filter respects tenant scope @ repetition 95 of 100[39m[90m                                  [39m [90m0.46s[39m  
  [32;1m✓[39;22m[90m [39m[90mInvoiceResource status filter respects tenant scope @ repetition 96 of 100[39m[90m                                  [39m [90m0.69s[39m  
  [32;1m✓[39;22m[90m [39m[90mInvoiceResource status filter respects tenant scope @ repetition 97 of 100[39m[90m                                  [39m [90m0.48s[39m  
  [32;1m✓[39;22m[90m [39m[90mInvoiceResource status filter respects tenant scope @ repetition 98 of 100[39m[90m                                  [39m [90m0.64s[39m  
  [32;1m✓[39;22m[90m [39m[90mInvoiceResource status filter respects tenant scope @ repetition 99 of 100[39m[90m                                  [39m [90m0.40s[39m  
  [32;1m✓[39;22m[90m [39m[90mInvoiceResource status filter respects tenant scope @ repetition 100 of 100[39m[90m                                 [39m [90m0.64s[39m  
  [32;1m✓[39;22m[90m [39m[90mInvoiceResource status filter returns empty result when no invoices match @ repetition 1 of 100[39m[90m             [39m [90m0.78s[39m  
  [32;1m✓[39;22m[90m [39m[90mInvoiceResource status filter returns empty result when no invoices match @ repetition 2 of 100[39m[90m             [39m [90m0.77s[39m  
  [32;1m✓[39;22m[90m [39m[90mInvoiceResource status filter returns empty result when no invoices match @ repetition 3 of 100[39m[90m             [39m [90m0.76s[39m  
  [32;1m✓[39;22m[90m [39m[90mInvoiceResource status filter returns empty result when no invoices match @ repetition 4 of 100[39m[90m             [39m [90m0.73s[39m  
  [32;1m✓[39;22m[90m [39m[90mInvoiceResource status filter returns empty result when no invoices match @ repetition 5 of 100[39m[90m             [39m [90m0.76s[39m  
  [32;1m✓[39;22m[90m [39m[90mInvoiceResource status filter returns empty result when no invoices match @ repetition 6 of 100[39m[90m             [39m [90m0.80s[39m  
  [32;1m✓[39;22m[90m [39m[90mInvoiceResource status filter returns empty result when no invoices match @ repetition 7 of 100[39m[90m             [39m [90m0.81s[39m  
  [32;1m✓[39;22m[90m [39m[90mInvoiceResource status filter returns empty result when no invoices match @ repetition 8 of 100[39m[90m             [39m [90m0.72s[39m  
  [32;1m✓[39;22m[90m [39m[90mInvoiceResource status filter returns empty result when no invoices match @ repetition 9 of 100[39m[90m             [39m [90m0.72s[39m  
  [32;1m✓[39;22m[90m [39m[90mInvoiceResource status filter returns empty result when no invoices match @ repetition 10 of 100[39m[90m            [39m [90m0.63s[39m  
  [32;1m✓[39;22m[90m [39m[90mInvoiceResource status filter returns empty result when no invoices match @ repetition 11 of 100[39m[90m            [39m [90m0.67s[39m  
  [32;1m✓[39;22m[90m [39m[90mInvoiceResource status filter returns empty result when no invoices match @ repetition 12 of 100[39m[90m            [39m [90m0.73s[39m  
  [32;1m✓[39;22m[90m [39m[90mInvoiceResource status filter returns empty result when no invoices match @ repetition 13 of 100[39m[90m            [39m [90m0.77s[39m  
  [32;1m✓[39;22m[90m [39m[90mInvoiceResource status filter returns empty result when no invoices match @ repetition 14 of 100[39m[90m            [39m [90m0.74s[39m  
  [32;1m✓[39;22m[90m [39m[90mInvoiceResource status filter returns empty result when no invoices match @ repetition 15 of 100[39m[90m            [39m [90m0.66s[39m  
  [32;1m✓[39;22m[90m [39m[90mInvoiceResource status filter returns empty result when no invoices match @ repetition 16 of 100[39m[90m            [39m [90m0.64s[39m  
  [32;1m✓[39;22m[90m [39m[90mInvoiceResource status filter returns empty result when no invoices match @ repetition 17 of 100[39m[90m            [39m [90m0.75s[39m  
  [32;1m✓[39;22m[90m [39m[90mInvoiceResource status filter returns empty result when no invoices match @ repetition 18 of 100[39m[90m            [39m [90m0.77s[39m  
  [32;1m✓[39;22m[90m [39m[90mInvoiceResource status filter returns empty result when no invoices match @ repetition 19 of 100[39m[90m            [39m [90m0.77s[39m  
  [32;1m✓[39;22m[90m [39m[90mInvoiceResource status filter returns empty result when no invoices match @ repetition 20 of 100[39m[90m            [39m [90m0.78s[39m  
  [32;1m✓[39;22m[90m [39m[90mInvoiceResource status filter returns empty result when no invoices match @ repetition 21 of 100[39m[90m            [39m [90m0.69s[39m  
  [32;1m✓[39;22m[90m [39m[90mInvoiceResource status filter returns empty result when no invoices match @ repetition 22 of 100[39m[90m            [39m [90m0.61s[39m  
  [32;1m✓[39;22m[90m [39m[90mInvoiceResource status filter returns empty result when no invoices match @ repetition 23 of 100[39m[90m            [39m [90m0.82s[39m  
  [32;1m✓[39;22m[90m [39m[90mInvoiceResource status filter returns empty result when no invoices match @ repetition 24 of 100[39m[90m            [39m [90m0.79s[39m  
  [32;1m✓[39;22m[90m [39m[90mInvoiceResource status filter returns empty result when no invoices match @ repetition 25 of 100[39m[90m            [39m [90m0.69s[39m  
  [32;1m✓[39;22m[90m [39m[90mInvoiceResource status filter returns empty result when no invoices match @ repetition 26 of 100[39m[90m            [39m [90m0.77s[39m  
  [32;1m✓[39;22m[90m [39m[90mInvoiceResource status filter returns empty result when no invoices match @ repetition 27 of 100[39m[90m            [39m [90m0.74s[39m  
  [32;1m✓[39;22m[90m [39m[90mInvoiceResource status filter returns empty result when no invoices match @ repetition 28 of 100[39m[90m            [39m [90m0.74s[39m  
  [32;1m✓[39;22m[90m [39m[90mInvoiceResource status filter returns empty result when no invoices match @ repetition 29 of 100[39m[90m            [39m [90m0.71s[39m  
  [32;1m✓[39;22m[90m [39m[90mInvoiceResource status filter returns empty result when no invoices match @ repetition 30 of 100[39m[90m            [39m [90m0.68s[39m  
  [32;1m✓[39;22m[90m [39m[90mInvoiceResource status filter returns empty result when no invoices match @ repetition 31 of 100[39m[90m            [39m [90m0.70s[39m  
  [32;1m✓[39;22m[90m [39m[90mInvoiceResource status filter returns empty result when no invoices match @ repetition 32 of 100[39m[90m            [39m [90m0.65s[39m  
  [32;1m✓[39;22m[90m [39m[90mInvoiceResource status filter returns empty result when no invoices match @ repetition 33 of 100[39m[90m            [39m [90m0.70s[39m  
  [32;1m✓[39;22m[90m [39m[90mInvoiceResource status filter returns empty result when no invoices match @ repetition 34 of 100[39m[90m            [39m [90m0.76s[39m  
  [32;1m✓[39;22m[90m [39m[90mInvoiceResource status filter returns empty result when no invoices match @ repetition 35 of 100[39m[90m            [39m [90m0.76s[39m  
  [32;1m✓[39;22m[90m [39m[90mInvoiceResource status filter returns empty result when no invoices match @ repetition 36 of 100[39m[90m            [39m [90m0.77s[39m  
  [32;1m✓[39;22m[90m [39m[90mInvoiceResource status filter returns empty result when no invoices match @ repetition 37 of 100[39m[90m            [39m [90m0.80s[39m  
  [32;1m✓[39;22m[90m [39m[90mInvoiceResource status filter returns empty result when no invoices match @ repetition 38 of 100[39m[90m            [39m [90m0.68s[39m  
  [32;1m✓[39;22m[90m [39m[90mInvoiceResource status filter returns empty result when no invoices match @ repetition 39 of 100[39m[90m            [39m [90m0.75s[39m  
  [32;1m✓[39;22m[90m [39m[90mInvoiceResource status filter returns empty result when no invoices match @ repetition 40 of 100[39m[90m            [39m [90m0.72s[39m  
  [32;1m✓[39;22m[90m [39m[90mInvoiceResource status filter returns empty result when no invoices match @ repetition 41 of 100[39m[90m            [39m [90m0.76s[39m  
  [32;1m✓[39;22m[90m [39m[90mInvoiceResource status filter returns empty result when no invoices match @ repetition 42 of 100[39m[90m            [39m [90m0.71s[39m  
  [32;1m✓[39;22m[90m [39m[90mInvoiceResource status filter returns empty result when no invoices match @ repetition 43 of 100[39m[90m            [39m [90m0.70s[39m  
  [32;1m✓[39;22m[90m [39m[90mInvoiceResource status filter returns empty result when no invoices match @ repetition 44 of 100[39m[90m            [39m [90m0.61s[39m  
  [32;1m✓[39;22m[90m [39m[90mInvoiceResource status filter returns empty result when no invoices match @ repetition 45 of 100[39m[90m            [39m [90m0.71s[39m  
  [32;1m✓[39;22m[90m [39m[90mInvoiceResource status filter returns empty result when no invoices match @ repetition 46 of 100[39m[90m            [39m [90m0.76s[39m  
  [32;1m✓[39;22m[90m [39m[90mInvoiceResource status filter returns empty result when no invoices match @ repetition 47 of 100[39m[90m            [39m [90m0.78s[39m  
  [32;1m✓[39;22m[90m [39m[90mInvoiceResource status filter returns empty result when no invoices match @ repetition 48 of 100[39m[90m            [39m [90m0.79s[39m  
  [32;1m✓[39;22m[90m [39m[90mInvoiceResource status filter returns empty result when no invoices match @ repetition 49 of 100[39m[90m            [39m [90m0.68s[39m  
  [32;1m✓[39;22m[90m [39m[90mInvoiceResource status filter returns empty result when no invoices match @ repetition 50 of 100[39m[90m            [39m [90m0.68s[39m  
  [32;1m✓[39;22m[90m [39m[90mInvoiceResource status filter returns empty result when no invoices match @ repetition 51 of 100[39m[90m            [39m [90m0.73s[39m  
  [32;1m✓[39;22m[90m [39m[90mInvoiceResource status filter returns empty result when no invoices match @ repetition 52 of 100[39m[90m            [39m [90m0.68s[39m  
  [32;1m✓[39;22m[90m [39m[90mInvoiceResource status filter returns empty result when no invoices match @ repetition 53 of 100[39m[90m            [39m [90m0.69s[39m  
  [32;1m✓[39;22m[90m [39m[90mInvoiceResource status filter returns empty result when no invoices match @ repetition 54 of 100[39m[90m            [39m [90m0.74s[39m  
  [32;1m✓[39;22m[90m [39m[90mInvoiceResource status filter returns empty result when no invoices match @ repetition 55 of 100[39m[90m            [39m [90m0.84s[39m  
  [32;1m✓[39;22m[90m [39m[90mInvoiceResource status filter returns empty result when no invoices match @ repetition 56 of 100[39m[90m            [39m [90m0.66s[39m  
  [32;1m✓[39;22m[90m [39m[90mInvoiceResource status filter returns empty result when no invoices match @ repetition 57 of 100[39m[90m            [39m [90m0.74s[39m  
  [32;1m✓[39;22m[90m [39m[90mInvoiceResource status filter returns empty result when no invoices match @ repetition 58 of 100[39m[90m            [39m [90m0.75s[39m  
  [32;1m✓[39;22m[90m [39m[90mInvoiceResource status filter returns empty result when no invoices match @ repetition 59 of 100[39m[90m            [39m [90m0.64s[39m  
  [32;1m✓[39;22m[90m [39m[90mInvoiceResource status filter returns empty result when no invoices match @ repetition 60 of 100[39m[90m            [39m [90m0.77s[39m  
  [32;1m✓[39;22m[90m [39m[90mInvoiceResource status filter returns empty result when no invoices match @ repetition 61 of 100[39m[90m            [39m [90m0.79s[39m  
  [32;1m✓[39;22m[90m [39m[90mInvoiceResource status filter returns empty result when no invoices match @ repetition 62 of 100[39m[90m            [39m [90m0.65s[39m  
  [32;1m✓[39;22m[90m [39m[90mInvoiceResource status filter returns empty result when no invoices match @ repetition 63 of 100[39m[90m            [39m [90m0.69s[39m  
  [32;1m✓[39;22m[90m [39m[90mInvoiceResource status filter returns empty result when no invoices match @ repetition 64 of 100[39m[90m            [39m [90m0.71s[39m  
  [32;1m✓[39;22m[90m [39m[90mInvoiceResource status filter returns empty result when no invoices match @ repetition 65 of 100[39m[90m            [39m [90m0.76s[39m  
  [32;1m✓[39;22m[90m [39m[90mInvoiceResource status filter returns empty result when no invoices match @ repetition 66 of 100[39m[90m            [39m [90m0.84s[39m  
  [32;1m✓[39;22m[90m [39m[90mInvoiceResource status filter returns empty result when no invoices match @ repetition 67 of 100[39m[90m            [39m [90m0.78s[39m  
  [32;1m✓[39;22m[90m [39m[90mInvoiceResource status filter returns empty result when no invoices match @ repetition 68 of 100[39m[90m            [39m [90m0.72s[39m  
  [32;1m✓[39;22m[90m [39m[90mInvoiceResource status filter returns empty result when no invoices match @ repetition 69 of 100[39m[90m            [39m [90m0.74s[39m  
  [32;1m✓[39;22m[90m [39m[90mInvoiceResource status filter returns empty result when no invoices match @ repetition 70 of 100[39m[90m            [39m [90m0.79s[39m  
  [32;1m✓[39;22m[90m [39m[90mInvoiceResource status filter returns empty result when no invoices match @ repetition 71 of 100[39m[90m            [39m [90m0.86s[39m  
  [32;1m✓[39;22m[90m [39m[90mInvoiceResource status filter returns empty result when no invoices match @ repetition 72 of 100[39m[90m            [39m [90m0.75s[39m  
  [32;1m✓[39;22m[90m [39m[90mInvoiceResource status filter returns empty result when no invoices match @ repetition 73 of 100[39m[90m            [39m [90m0.79s[39m  
  [32;1m✓[39;22m[90m [39m[90mInvoiceResource status filter returns empty result when no invoices match @ repetition 74 of 100[39m[90m            [39m [90m0.84s[39m  
  [32;1m✓[39;22m[90m [39m[90mInvoiceResource status filter returns empty result when no invoices match @ repetition 75 of 100[39m[90m            [39m [90m0.78s[39m  
  [32;1m✓[39;22m[90m [39m[90mInvoiceResource status filter returns empty result when no invoices match @ repetition 76 of 100[39m[90m            [39m [90m0.84s[39m  
  [32;1m✓[39;22m[90m [39m[90mInvoiceResource status filter returns empty result when no invoices match @ repetition 77 of 100[39m[90m            [39m [90m0.80s[39m  
  [32;1m✓[39;22m[90m [39m[90mInvoiceResource status filter returns empty result when no invoices match @ repetition 78 of 100[39m[90m            [39m [90m0.83s[39m  
  [32;1m✓[39;22m[90m [39m[90mInvoiceResource status filter returns empty result when no invoices match @ repetition 79 of 100[39m[90m            [39m [90m0.76s[39m  
  [32;1m✓[39;22m[90m [39m[90mInvoiceResource status filter returns empty result when no invoices match @ repetition 80 of 100[39m[90m            [39m [90m0.82s[39m  
  [32;1m✓[39;22m[90m [39m[90mInvoiceResource status filter returns empty result when no invoices match @ repetition 81 of 100[39m[90m            [39m [90m0.69s[39m  
  [32;1m✓[39;22m[90m [39m[90mInvoiceResource status filter returns empty result when no invoices match @ repetition 82 of 100[39m[90m            [39m [90m0.83s[39m  
  [32;1m✓[39;22m[90m [39m[90mInvoiceResource status filter returns empty result when no invoices match @ repetition 83 of 100[39m[90m            [39m [90m0.87s[39m  
  [32;1m✓[39;22m[90m [39m[90mInvoiceResource status filter returns empty result when no invoices match @ repetition 84 of 100[39m[90m            [39m [90m1.02s[39m  
  [32;1m✓[39;22m[90m [39m[90mInvoiceResource status filter returns empty result when no invoices match @ repetition 85 of 100[39m[90m            [39m [90m0.85s[39m  
  [32;1m✓[39;22m[90m [39m[90mInvoiceResource status filter returns empty result when no invoices match @ repetition 86 of 100[39m[90m            [39m [90m0.78s[39m  
  [32;1m✓[39;22m[90m [39m[90mInvoiceResource status filter returns empty result when no invoices match @ repetition 87 of 100[39m[90m            [39m [90m0.90s[39m  
  [32;1m✓[39;22m[90m [39m[90mInvoiceResource status filter returns empty result when no invoices match @ repetition 88 of 100[39m[90m            [39m [90m0.82s[39m  
  [32;1m✓[39;22m[90m [39m[90mInvoiceResource status filter returns empty result when no invoices match @ repetition 89 of 100[39m[90m            [39m [90m0.78s[39m  
  [32;1m✓[39;22m[90m [39m[90mInvoiceResource status filter returns empty result when no invoices match @ repetition 90 of 100[39m[90m            [39m [90m0.75s[39m  
  [32;1m✓[39;22m[90m [39m[90mInvoiceResource status filter returns empty result when no invoices match @ repetition 91 of 100[39m[90m            [39m [90m0.76s[39m  
  [32;1m✓[39;22m[90m [39m[90mInvoiceResource status filter returns empty result when no invoices match @ repetition 92 of 100[39m[90m            [39m [90m0.81s[39m  
  [32;1m✓[39;22m[90m [39m[90mInvoiceResource status filter returns empty result when no invoices match @ repetition 93 of 100[39m[90m            [39m [90m0.83s[39m  
  [32;1m✓[39;22m[90m [39m[90mInvoiceResource status filter returns empty result when no invoices match @ repetition 94 of 100[39m[90m            [39m [90m0.85s[39m  
  [32;1m✓[39;22m[90m [39m[90mInvoiceResource status filter returns empty result when no invoices match @ repetition 95 of 100[39m[90m            [39m [90m0.80s[39m  
  [32;1m✓[39;22m[90m [39m[90mInvoiceResource status filter returns empty result when no invoices match @ repetition 96 of 100[39m[90m            [39m [90m0.83s[39m  
  [32;1m✓[39;22m[90m [39m[90mInvoiceResource status filter returns empty result when no invoices match @ repetition 97 of 100[39m[90m            [39m [90m0.88s[39m  
  [32;1m✓[39;22m[90m [39m[90mInvoiceResource status filter returns empty result when no invoices match @ repetition 98 of 100[39m[90m            [39m [90m0.83s[39m  
  [32;1m✓[39;22m[90m [39m[90mInvoiceResource status filter returns empty result when no invoices match @ repetition 99 of 100[39m[90m            [39m [90m0.75s[39m  
  [32;1m✓[39;22m[90m [39m[90mInvoiceResource status filter returns empty result when no invoices match @ repetition 100 of 100[39m[90m           [39m [90m0.91s[39m  
  [32;1m✓[39;22m[90m [39m[90mInvoiceResource status filter can be cleared to show all invoices @ repetition 1 of 100[39m[90m                     [39m [90m0.81s[39m  
  [32;1m✓[39;22m[90m [39m[90mInvoiceResource status filter can be cleared to show all invoices @ repetition 2 of 100[39m[90m                     [39m [90m0.91s[39m  
  [32;1m✓[39;22m[90m [39m[90mInvoiceResource status filter can be cleared to show all invoices @ repetition 3 of 100[39m[90m                     [39m [90m0.82s[39m  
  [32;1m✓[39;22m[90m [39m[90mInvoiceResource status filter can be cleared to show all invoices @ repetition 4 of 100[39m[90m                     [39m [90m0.82s[39m  
  [32;1m✓[39;22m[90m [39m[90mInvoiceResource status filter can be cleared to show all invoices @ repetition 5 of 100[39m[90m                     [39m [90m0.62s[39m  
  [32;1m✓[39;22m[90m [39m[90mInvoiceResource status filter can be cleared to show all invoices @ repetition 6 of 100[39m[90m                     [39m [90m0.97s[39m  
  [32;1m✓[39;22m[90m [39m[90mInvoiceResource status filter can be cleared to show all invoices @ repetition 7 of 100[39m[90m                     [39m [90m0.98s[39m  
  [32;1m✓[39;22m[90m [39m[90mInvoiceResource status filter can be cleared to show all invoices @ repetition 8 of 100[39m[90m                     [39m [90m1.03s[39m  
  [32;1m✓[39;22m[90m [39m[90mInvoiceResource status filter can be cleared to show all invoices @ repetition 9 of 100[39m[90m                     [39m [90m0.58s[39m  
  [32;1m✓[39;22m[90m [39m[90mInvoiceResource status filter can be cleared to show all invoices @ repetition 10 of 100[39m[90m                    [39m [90m1.05s[39m  
  [32;1m✓[39;22m[90m [39m[90mInvoiceResource status filter can be cleared to show all invoices @ repetition 11 of 100[39m[90m                    [39m [90m0.89s[39m  
  [32;1m✓[39;22m[90m [39m[90mInvoiceResource status filter can be cleared to show all invoices @ repetition 12 of 100[39m[90m                    [39m [90m1.03s[39m  
  [32;1m✓[39;22m[90m [39m[90mInvoiceResource status filter can be cleared to show all invoices @ repetition 13 of 100[39m[90m                    [39m [90m0.68s[39m  
  [32;1m✓[39;22m[90m [39m[90mInvoiceResource status filter can be cleared to show all invoices @ repetition 14 of 100[39m[90m                    [39m [90m1.17s[39m  
  [32;1m✓[39;22m[90m [39m[90mInvoiceResource status filter can be cleared to show all invoices @ repetition 15 of 100[39m[90m                    [39m [90m1.08s[39m  
  [32;1m✓[39;22m[90m [39m[90mInvoiceResource status filter can be cleared to show all invoices @ repetition 16 of 100[39m[90m                    [39m [90m0.95s[39m  
  [32;1m✓[39;22m[90m [39m[90mInvoiceResource status filter can be cleared to show all invoices @ repetition 17 of 100[39m[90m                    [39m [90m0.82s[39m  
  [32;1m✓[39;22m[90m [39m[90mInvoiceResource status filter can be cleared to show all invoices @ repetition 18 of 100[39m[90m                    [39m [90m1.02s[39m  
  [32;1m✓[39;22m[90m [39m[90mInvoiceResource status filter can be cleared to show all invoices @ repetition 19 of 100[39m[90m                    [39m [90m1.12s[39m  
  [32;1m✓[39;22m[90m [39m[90mInvoiceResource status filter can be cleared to show all invoices @ repetition 20 of 100[39m[90m                    [39m [90m1.04s[39m  
  [32;1m✓[39;22m[90m [39m[90mInvoiceResource status filter can be cleared to show all invoices @ repetition 21 of 100[39m[90m                    [39m [90m0.74s[39m  
  [32;1m✓[39;22m[90m [39m[90mInvoiceResource status filter can be cleared to show all invoices @ repetition 22 of 100[39m[90m                    [39m [90m1.08s[39m  
  [32;1m✓[39;22m[90m [39m[90mInvoiceResource status filter can be cleared to show all invoices @ repetition 23 of 100[39m[90m                    [39m [90m0.97s[39m  
  [32;1m✓[39;22m[90m [39m[90mInvoiceResource status filter can be cleared to show all invoices @ repetition 24 of 100[39m[90m                    [39m [90m1.14s[39m  
  [32;1m✓[39;22m[90m [39m[90mInvoiceResource status filter can be cleared to show all invoices @ repetition 25 of 100[39m[90m                    [39m [90m0.78s[39m  
  [32;1m✓[39;22m[90m [39m[90mInvoiceResource status filter can be cleared to show all invoices @ repetition 26 of 100[39m[90m                    [39m [90m1.23s[39m  
  [32;1m✓[39;22m[90m [39m[90mInvoiceResource status filter can be cleared to show all invoices @ repetition 27 of 100[39m[90m                    [39m [90m1.05s[39m  
  [32;1m✓[39;22m[90m [39m[90mInvoiceResource status filter can be cleared to show all invoices @ repetition 28 of 100[39m[90m                    [39m [90m1.21s[39m  
  [32;1m✓[39;22m[90m [39m[90mInvoiceResource status filter can be cleared to show all invoices @ repetition 29 of 100[39m[90m                    [39m [90m0.77s[39m  
  [32;1m✓[39;22m[90m [39m[90mInvoiceResource status filter can be cleared to show all invoices @ repetition 30 of 100[39m[90m                    [39m [90m1.28s[39m  
  [32;1m✓[39;22m[90m [39m[90mInvoiceResource status filter can be cleared to show all invoices @ repetition 31 of 100[39m[90m                    [39m [90m1.13s[39m  
  [32;1m✓[39;22m[90m [39m[90mInvoiceResource status filter can be cleared to show all invoices @ repetition 32 of 100[39m[90m                    [39m [90m1.02s[39m  
  [32;1m✓[39;22m[90m [39m[90mInvoiceResource status filter can be cleared to show all invoices @ repetition 33 of 100[39m[90m                    [39m [90m0.89s[39m  
  [32;1m✓[39;22m[90m [39m[90mInvoiceResource status filter can be cleared to show all invoices @ repetition 34 of 100[39m[90m                    [39m [90m1.00s[39m  
  [32;1m✓[39;22m[90m [39m[90mInvoiceResource status filter can be cleared to show all invoices @ repetition 35 of 100[39m[90m                    [39m [90m0.97s[39m  
  [32;1m✓[39;22m[90m [39m[90mInvoiceResource status filter can be cleared to show all invoices @ repetition 36 of 100[39m[90m                    [39m [90m1.04s[39m  
  [32;1m✓[39;22m[90m [39m[90mInvoiceResource status filter can be cleared to show all invoices @ repetition 37 of 100[39m[90m                    [39m [90m0.63s[39m  
  [32;1m✓[39;22m[90m [39m[90mInvoiceResource status filter can be cleared to show all invoices @ repetition 38 of 100[39m[90m                    [39m [90m1.11s[39m  
  [32;1m✓[39;22m[90m [39m[90mInvoiceResource status filter can be cleared to show all invoices @ repetition 39 of 100[39m[90m                    [39m [90m0.76s[39m  
  [32;1m✓[39;22m[90m [39m[90mInvoiceResource status filter can be cleared to show all invoices @ repetition 40 of 100[39m[90m                    [39m [90m0.81s[39m  
  [32;1m✓[39;22m[90m [39m[90mInvoiceResource status filter can be cleared to show all invoices @ repetition 41 of 100[39m[90m                    [39m [90m0.60s[39m  
  [32;1m✓[39;22m[90m [39m[90mInvoiceResource status filter can be cleared to show all invoices @ repetition 42 of 100[39m[90m                    [39m [90m0.95s[39m  
  [32;1m✓[39;22m[90m [39m[90mInvoiceResource status filter can be cleared to show all invoices @ repetition 43 of 100[39m[90m                    [39m [90m0.85s[39m  
  [32;1m✓[39;22m[90m [39m[90mInvoiceResource status filter can be cleared to show all invoices @ repetition 44 of 100[39m[90m                    [39m [90m0.86s[39m  
  [32;1m✓[39;22m[90m [39m[90mInvoiceResource status filter can be cleared to show all invoices @ repetition 45 of 100[39m[90m                    [39m [90m0.66s[39m  
  [32;1m✓[39;22m[90m [39m[90mInvoiceResource status filter can be cleared to show all invoices @ repetition 46 of 100[39m[90m                    [39m [90m0.98s[39m  
  [32;1m✓[39;22m[90m [39m[90mInvoiceResource status filter can be cleared to show all invoices @ repetition 47 of 100[39m[90m                    [39m [90m0.91s[39m  
  [32;1m✓[39;22m[90m [39m[90mInvoiceResource status filter can be cleared to show all invoices @ repetition 48 of 100[39m[90m                    [39m [90m0.76s[39m  
  [32;1m✓[39;22m[90m [39m[90mInvoiceResource status filter can be cleared to show all invoices @ repetition 49 of 100[39m[90m                    [39m [90m0.51s[39m  
  [32;1m✓[39;22m[90m [39m[90mInvoiceResource status filter can be cleared to show all invoices @ repetition 50 of 100[39m[90m                    [39m [90m0.91s[39m  
  [32;1m✓[39;22m[90m [39m[90mInvoiceResource status filter can be cleared to show all invoices @ repetition 51 of 100[39m[90m                    [39m [90m0.82s[39m  
  [32;1m✓[39;22m[90m [39m[90mInvoiceResource status filter can be cleared to show all invoices @ repetition 52 of 100[39m[90m                    [39m [90m0.88s[39m  
  [32;1m✓[39;22m[90m [39m[90mInvoiceResource status filter can be cleared to show all invoices @ repetition 53 of 100[39m[90m                    [39m [90m0.58s[39m  
  [32;1m✓[39;22m[90m [39m[90mInvoiceResource status filter can be cleared to show all invoices @ repetition 54 of 100[39m[90m                    [39m [90m0.88s[39m  
  [32;1m✓[39;22m[90m [39m[90mInvoiceResource status filter can be cleared to show all invoices @ repetition 55 of 100[39m[90m                    [39m [90m0.79s[39m  
  [32;1m✓[39;22m[90m [39m[90mInvoiceResource status filter can be cleared to show all invoices @ repetition 56 of 100[39m[90m                    [39m [90m0.70s[39m  
  [32;1m✓[39;22m[90m [39m[90mInvoiceResource status filter can be cleared to show all invoices @ repetition 57 of 100[39m[90m                    [39m [90m0.52s[39m  
  [32;1m✓[39;22m[90m [39m[90mInvoiceResource status filter can be cleared to show all invoices @ repetition 58 of 100[39m[90m                    [39m [90m0.85s[39m  
  [32;1m✓[39;22m[90m [39m[90mInvoiceResource status filter can be cleared to show all invoices @ repetition 59 of 100[39m[90m                    [39m [90m0.75s[39m  
  [32;1m✓[39;22m[90m [39m[90mInvoiceResource status filter can be cleared to show all invoices @ repetition 60 of 100[39m[90m                    [39m [90m0.72s[39m  
  [32;1m✓[39;22m[90m [39m[90mInvoiceResource status filter can be cleared to show all invoices @ repetition 61 of 100[39m[90m                    [39m [90m0.53s[39m  
  [32;1m✓[39;22m[90m [39m[90mInvoiceResource status filter can be cleared to show all invoices @ repetition 62 of 100[39m[90m                    [39m [90m0.86s[39m  
  [32;1m✓[39;22m[90m [39m[90mInvoiceResource status filter can be cleared to show all invoices @ repetition 63 of 100[39m[90m                    [39m [90m0.79s[39m  
  [32;1m✓[39;22m[90m [39m[90mInvoiceResource status filter can be cleared to show all invoices @ repetition 64 of 100[39m[90m                    [39m [90m0.81s[39m  
  [32;1m✓[39;22m[90m [39m[90mInvoiceResource status filter can be cleared to show all invoices @ repetition 65 of 100[39m[90m                    [39m [90m0.58s[39m  
  [32;1m✓[39;22m[90m [39m[90mInvoiceResource status filter can be cleared to show all invoices @ repetition 66 of 100[39m[90m                    [39m [90m0.92s[39m  
  [32;1m✓[39;22m[90m [39m[90mInvoiceResource status filter can be cleared to show all invoices @ repetition 67 of 100[39m[90m                    [39m [90m0.76s[39m  
  [32;1m✓[39;22m[90m [39m[90mInvoiceResource status filter can be cleared to show all invoices @ repetition 68 of 100[39m[90m                    [39m [90m0.69s[39m  
  [32;1m✓[39;22m[90m [39m[90mInvoiceResource status filter can be cleared to show all invoices @ repetition 69 of 100[39m[90m                    [39m [90m0.52s[39m  
  [32;1m✓[39;22m[90m [39m[90mInvoiceResource status filter can be cleared to show all invoices @ repetition 70 of 100[39m[90m                    [39m [90m0.86s[39m  
  [32;1m✓[39;22m[90m [39m[90mInvoiceResource status filter can be cleared to show all invoices @ repetition 71 of 100[39m[90m                    [39m [90m0.73s[39m  
  [32;1m✓[39;22m[90m [39m[90mInvoiceResource status filter can be cleared to show all invoices @ repetition 72 of 100[39m[90m                    [39m [90m0.69s[39m  
  [32;1m✓[39;22m[90m [39m[90mInvoiceResource status filter can be cleared to show all invoices @ repetition 73 of 100[39m[90m                    [39m [90m0.57s[39m  
  [32;1m✓[39;22m[90m [39m[90mInvoiceResource status filter can be cleared to show all invoices @ repetition 74 of 100[39m[90m                    [39m [90m0.87s[39m  
  [32;1m✓[39;22m[90m [39m[90mInvoiceResource status filter can be cleared to show all invoices @ repetition 75 of 100[39m[90m                    [39m [90m0.79s[39m  
  [32;1m✓[39;22m[90m [39m[90mInvoiceResource status filter can be cleared to show all invoices @ repetition 76 of 100[39m[90m                    [39m [90m0.71s[39m  
  [32;1m✓[39;22m[90m [39m[90mInvoiceResource status filter can be cleared to show all invoices @ repetition 77 of 100[39m[90m                    [39m [90m0.53s[39m  
  [32;1m✓[39;22m[90m [39m[90mInvoiceResource status filter can be cleared to show all invoices @ repetition 78 of 100[39m[90m                    [39m [90m0.78s[39m  
  [32;1m✓[39;22m[90m [39m[90mInvoiceResource status filter can be cleared to show all invoices @ repetition 79 of 100[39m[90m                    [39m [90m0.70s[39m  
  [32;1m✓[39;22m[90m [39m[90mInvoiceResource status filter can be cleared to show all invoices @ repetition 80 of 100[39m[90m                    [39m [90m0.77s[39m  
  [32;1m✓[39;22m[90m [39m[90mInvoiceResource status filter can be cleared to show all invoices @ repetition 81 of 100[39m[90m                    [39m [90m0.56s[39m  
  [32;1m✓[39;22m[90m [39m[90mInvoiceResource status filter can be cleared to show all invoices @ repetition 82 of 100[39m[90m                    [39m [90m0.82s[39m  
  [32;1m✓[39;22m[90m [39m[90mInvoiceResource status filter can be cleared to show all invoices @ repetition 83 of 100[39m[90m                    [39m [90m0.75s[39m  
  [32;1m✓[39;22m[90m [39m[90mInvoiceResource status filter can be cleared to show all invoices @ repetition 84 of 100[39m[90m                    [39m [90m0.83s[39m  
  [32;1m✓[39;22m[90m [39m[90mInvoiceResource status filter can be cleared to show all invoices @ repetition 85 of 100[39m[90m                    [39m [90m0.59s[39m  
  [32;1m✓[39;22m[90m [39m[90mInvoiceResource status filter can be cleared to show all invoices @ repetition 86 of 100[39m[90m                    [39m [90m0.78s[39m  
  [32;1m✓[39;22m[90m [39m[90mInvoiceResource status filter can be cleared to show all invoices @ repetition 87 of 100[39m[90m                    [39m [90m0.77s[39m  
  [32;1m✓[39;22m[90m [39m[90mInvoiceResource status filter can be cleared to show all invoices @ repetition 88 of 100[39m[90m                    [39m [90m0.72s[39m  
  [32;1m✓[39;22m[90m [39m[90mInvoiceResource status filter can be cleared to show all invoices @ repetition 89 of 100[39m[90m                    [39m [90m0.49s[39m  
  [32;1m✓[39;22m[90m [39m[90mInvoiceResource status filter can be cleared to show all invoices @ repetition 90 of 100[39m[90m                    [39m [90m0.92s[39m  
  [32;1m✓[39;22m[90m [39m[90mInvoiceResource status filter can be cleared to show all invoices @ repetition 91 of 100[39m[90m                    [39m [90m0.75s[39m  
  [32;1m✓[39;22m[90m [39m[90mInvoiceResource status filter can be cleared to show all invoices @ repetition 92 of 100[39m[90m                    [39m [90m0.78s[39m  
  [32;1m✓[39;22m[90m [39m[90mInvoiceResource status filter can be cleared to show all invoices @ repetition 93 of 100[39m[90m                    [39m [90m0.49s[39m  
  [32;1m✓[39;22m[90m [39m[90mInvoiceResource status filter can be cleared to show all invoices @ repetition 94 of 100[39m[90m                    [39m [90m0.77s[39m  
  [32;1m✓[39;22m[90m [39m[90mInvoiceResource status filter can be cleared to show all invoices @ repetition 95 of 100[39m[90m                    [39m [90m0.77s[39m  
  [32;1m✓[39;22m[90m [39m[90mInvoiceResource status filter can be cleared to show all invoices @ repetition 96 of 100[39m[90m                    [39m [90m0.74s[39m  
  [32;1m✓[39;22m[90m [39m[90mInvoiceResource status filter can be cleared to show all invoices @ repetition 97 of 100[39m[90m                    [39m [90m0.52s[39m  
  [32;1m✓[39;22m[90m [39m[90mInvoiceResource status filter can be cleared to show all invoices @ repetition 98 of 100[39m[90m                    [39m [90m0.84s[39m  
  [32;1m✓[39;22m[90m [39m[90mInvoiceResource status filter can be cleared to show all invoices @ repetition 99 of 100[39m[90m                    [39m [90m0.75s[39m  
  [32;1m✓[39;22m[90m [39m[90mInvoiceResource status filter can be cleared to show all invoices @ repetition 100 of 100[39m[90m                   [39m [90m0.75s[39m  

  [39;41;1m FAIL [39;49;22m[39m Tests\Feature\FilamentManagerRoleResourceAccessPropertyTest[39m
  [32;1m✓[39;22m[90m [39m[90mFilament panel shows operational resources to manager users in navigation @ repetition 1 of 100[39m[90m             [39m [90m1.40s[39m  
  [32;1m✓[39;22m[90m [39m[90mFilament panel shows operational resources to manager users in navigation @ repetition 2 of 100[39m[90m             [39m [90m0.25s[39m  
  [32;1m✓[39;22m[90m [39m[90mFilament panel shows operational resources to manager users in navigation @ repetition 3 of 100[39m[90m             [39m [90m0.24s[39m  
  [32;1m✓[39;22m[90m [39m[90mFilament panel shows operational resources to manager users in navigation @ repetition 4 of 100[39m[90m             [39m [90m0.19s[39m  
  [32;1m✓[39;22m[90m [39m[90mFilament panel shows operational resources to manager users in navigation @ repetition 5 of 100[39m[90m             [39m [90m0.23s[39m  
  [32;1m✓[39;22m[90m [39m[90mFilament panel shows operational resources to manager users in navigation @ repetition 6 of 100[39m[90m             [39m [90m0.22s[39m  
  [32;1m✓[39;22m[90m [39m[90mFilament panel shows operational resources to manager users in navigation @ repetition 7 of 100[39m[90m             [39m [90m0.31s[39m  
  [32;1m✓[39;22m[90m [39m[90mFilament panel shows operational resources to manager users in navigation @ repetition 8 of 100[39m[90m             [39m [90m0.33s[39m  
  [32;1m✓[39;22m[90m [39m[90mFilament panel shows operational resources to manager users in navigation @ repetition 9 of 100[39m[90m             [39m [90m0.50s[39m  
  [32;1m✓[39;22m[90m [39m[90mFilament panel shows operational resources to manager users in navigation @ repetition 10 of 100[39m[90m            [39m [90m0.21s[39m  
  [32;1m✓[39;22m[90m [39m[90mFilament panel shows operational resources to manager users in navigation @ repetition 11 of 100[39m[90m            [39m [90m0.19s[39m  
  [32;1m✓[39;22m[90m [39m[90mFilament panel shows operational resources to manager users in navigation @ repetition 12 of 100[39m[90m            [39m [90m0.24s[39m  
  [32;1m✓[39;22m[90m [39m[90mFilament panel shows operational resources to manager users in navigation @ repetition 13 of 100[39m[90m            [39m [90m0.19s[39m  
  [32;1m✓[39;22m[90m [39m[90mFilament panel shows operational resources to manager users in navigation @ repetition 14 of 100[39m[90m            [39m [90m0.21s[39m  
  [32;1m✓[39;22m[90m [39m[90mFilament panel shows operational resources to manager users in navigation @ repetition 15 of 100[39m[90m            [39m [90m0.21s[39m  
  [32;1m✓[39;22m[90m [39m[90mFilament panel shows operational resources to manager users in navigation @ repetition 16 of 100[39m[90m            [39m [90m0.24s[39m  
  [32;1m✓[39;22m[90m [39m[90mFilament panel shows operational resources to manager users in navigation @ repetition 17 of 100[39m[90m            [39m [90m0.50s[39m  
  [32;1m✓[39;22m[90m [39m[90mFilament panel shows operational resources to manager users in navigation @ repetition 18 of 100[39m[90m            [39m [90m0.17s[39m  
  [32;1m✓[39;22m[90m [39m[90mFilament panel shows operational resources to manager users in navigation @ repetition 19 of 100[39m[90m            [39m [90m0.22s[39m  
  [32;1m✓[39;22m[90m [39m[90mFilament panel shows operational resources to manager users in navigation @ repetition 20 of 100[39m[90m            [39m [90m0.19s[39m  
  [32;1m✓[39;22m[90m [39m[90mFilament panel shows operational resources to manager users in navigation @ repetition 21 of 100[39m[90m            [39m [90m0.23s[39m  
  [32;1m✓[39;22m[90m [39m[90mFilament panel shows operational resources to manager users in navigation @ repetition 22 of 100[39m[90m            [39m [90m0.21s[39m  
  [32;1m✓[39;22m[90m [39m[90mFilament panel shows operational resources to manager users in navigation @ repetition 23 of 100[39m[90m            [39m [90m0.22s[39m  
  [32;1m✓[39;22m[90m [39m[90mFilament panel shows operational resources to manager users in navigation @ repetition 24 of 100[39m[90m            [39m [90m0.20s[39m  
  [32;1m✓[39;22m[90m [39m[90mFilament panel shows operational resources to manager users in navigation @ repetition 25 of 100[39m[90m            [39m [90m0.52s[39m  
  [32;1m✓[39;22m[90m [39m[90mFilament panel shows operational resources to manager users in navigation @ repetition 26 of 100[39m[90m            [39m [90m0.24s[39m  
  [32;1m✓[39;22m[90m [39m[90mFilament panel shows operational resources to manager users in navigation @ repetition 27 of 100[39m[90m            [39m [90m0.23s[39m  
  [32;1m✓[39;22m[90m [39m[90mFilament panel shows operational resources to manager users in navigation @ repetition 28 of 100[39m[90m            [39m [90m0.22s[39m  
  [32;1m✓[39;22m[90m [39m[90mFilament panel shows operational resources to manager users in navigation @ repetition 29 of 100[39m[90m            [39m [90m0.21s[39m  
  [32;1m✓[39;22m[90m [39m[90mFilament panel shows operational resources to manager users in navigation @ repetition 30 of 100[39m[90m            [39m [90m0.21s[39m  
  [32;1m✓[39;22m[90m [39m[90mFilament panel shows operational resources to manager users in navigation @ repetition 31 of 100[39m[90m            [39m [90m0.27s[39m  
  [32;1m✓[39;22m[90m [39m[90mFilament panel shows operational resources to manager users in navigation @ repetition 32 of 100[39m[90m            [39m [90m0.21s[39m  
  [32;1m✓[39;22m[90m [39m[90mFilament panel shows operational resources to manager users in navigation @ repetition 33 of 100[39m[90m            [39m [90m0.52s[39m  
  [32;1m✓[39;22m[90m [39m[90mFilament panel shows operational resources to manager users in navigation @ repetition 34 of 100[39m[90m            [39m [90m0.23s[39m  
  [32;1m✓[39;22m[90m [39m[90mFilament panel shows operational resources to manager users in navigation @ repetition 35 of 100[39m[90m            [39m [90m0.23s[39m  
  [32;1m✓[39;22m[90m [39m[90mFilament panel shows operational resources to manager users in navigation @ repetition 36 of 100[39m[90m            [39m [90m0.23s[39m  
  [32;1m✓[39;22m[90m [39m[90mFilament panel shows operational resources to manager users in navigation @ repetition 37 of 100[39m[90m            [39m [90m0.26s[39m  
  [32;1m✓[39;22m[90m [39m[90mFilament panel shows operational resources to manager users in navigation @ repetition 38 of 100[39m[90m            [39m [90m0.22s[39m  
  [32;1m✓[39;22m[90m [39m[90mFilament panel shows operational resources to manager users in navigation @ repetition 39 of 100[39m[90m            [39m [90m0.19s[39m  
  [32;1m✓[39;22m[90m [39m[90mFilament panel shows operational resources to manager users in navigation @ repetition 40 of 100[39m[90m            [39m [90m0.25s[39m  
  [32;1m✓[39;22m[90m [39m[90mFilament panel shows operational resources to manager users in navigation @ repetition 41 of 100[39m[90m            [39m [90m0.53s[39m  
  [32;1m✓[39;22m[90m [39m[90mFilament panel shows operational resources to manager users in navigation @ repetition 42 of 100[39m[90m            [39m [90m0.21s[39m  
  [32;1m✓[39;22m[90m [39m[90mFilament panel shows operational resources to manager users in navigation @ repetition 43 of 100[39m[90m            [39m [90m0.19s[39m  
  [32;1m✓[39;22m[90m [39m[90mFilament panel shows operational resources to manager users in navigation @ repetition 44 of 100[39m[90m            [39m [90m0.20s[39m  
  [32;1m✓[39;22m[90m [39m[90mFilament panel shows operational resources to manager users in navigation @ repetition 45 of 100[39m[90m            [39m [90m0.25s[39m  
  [32;1m✓[39;22m[90m [39m[90mFilament panel shows operational resources to manager users in navigation @ repetition 46 of 100[39m[90m            [39m [90m0.26s[39m  
  [32;1m✓[39;22m[90m [39m[90mFilament panel shows operational resources to manager users in navigation @ repetition 47 of 100[39m[90m            [39m [90m0.20s[39m  
  [32;1m✓[39;22m[90m [39m[90mFilament panel shows operational resources to manager users in navigation @ repetition 48 of 100[39m[90m            [39m [90m0.24s[39m  
  [32;1m✓[39;22m[90m [39m[90mFilament panel shows operational resources to manager users in navigation @ repetition 49 of 100[39m[90m            [39m [90m0.50s[39m  
  [32;1m✓[39;22m[90m [39m[90mFilament panel shows operational resources to manager users in navigation @ repetition 50 of 100[39m[90m            [39m [90m0.22s[39m  
  [32;1m✓[39;22m[90m [39m[90mFilament panel shows operational resources to manager users in navigation @ repetition 51 of 100[39m[90m            [39m [90m0.22s[39m  
  [32;1m✓[39;22m[90m [39m[90mFilament panel shows operational resources to manager users in navigation @ repetition 52 of 100[39m[90m            [39m [90m0.18s[39m  
  [32;1m✓[39;22m[90m [39m[90mFilament panel shows operational resources to manager users in navigation @ repetition 53 of 100[39m[90m            [39m [90m0.26s[39m  
  [32;1m✓[39;22m[90m [39m[90mFilament panel shows operational resources to manager users in navigation @ repetition 54 of 100[39m[90m            [39m [90m0.16s[39m  
  [32;1m✓[39;22m[90m [39m[90mFilament panel shows operational resources to manager users in navigation @ repetition 55 of 100[39m[90m            [39m [90m0.18s[39m  
  [32;1m✓[39;22m[90m [39m[90mFilament panel shows operational resources to manager users in navigation @ repetition 56 of 100[39m[90m            [39m [90m0.20s[39m  
  [32;1m✓[39;22m[90m [39m[90mFilament panel shows operational resources to manager users in navigation @ repetition 57 of 100[39m[90m            [39m [90m0.51s[39m  
  [32;1m✓[39;22m[90m [39m[90mFilament panel shows operational resources to manager users in navigation @ repetition 58 of 100[39m[90m            [39m [90m0.18s[39m  
  [32;1m✓[39;22m[90m [39m[90mFilament panel shows operational resources to manager users in navigation @ repetition 59 of 100[39m[90m            [39m [90m0.21s[39m  
  [32;1m✓[39;22m[90m [39m[90mFilament panel shows operational resources to manager users in navigation @ repetition 60 of 100[39m[90m            [39m [90m0.21s[39m  
  [32;1m✓[39;22m[90m [39m[90mFilament panel shows operational resources to manager users in navigation @ repetition 61 of 100[39m[90m            [39m [90m0.22s[39m  
  [32;1m✓[39;22m[90m [39m[90mFilament panel shows operational resources to manager users in navigation @ repetition 62 of 100[39m[90m            [39m [90m0.23s[39m  
  [32;1m✓[39;22m[90m [39m[90mFilament panel shows operational resources to manager users in navigation @ repetition 63 of 100[39m[90m            [39m [90m0.22s[39m  
  [32;1m✓[39;22m[90m [39m[90mFilament panel shows operational resources to manager users in navigation @ repetition 64 of 100[39m[90m            [39m [90m0.18s[39m  
  [32;1m✓[39;22m[90m [39m[90mFilament panel shows operational resources to manager users in navigation @ repetition 65 of 100[39m[90m            [39m [90m0.60s[39m  
  [32;1m✓[39;22m[90m [39m[90mFilament panel shows operational resources to manager users in navigation @ repetition 66 of 100[39m[90m            [39m [90m0.20s[39m  
  [32;1m✓[39;22m[90m [39m[90mFilament panel shows operational resources to manager users in navigation @ repetition 67 of 100[39m[90m            [39m [90m0.24s[39m  
  [32;1m✓[39;22m[90m [39m[90mFilament panel shows operational resources to manager users in navigation @ repetition 68 of 100[39m[90m            [39m [90m0.22s[39m  
  [32;1m✓[39;22m[90m [39m[90mFilament panel shows operational resources to manager users in navigation @ repetition 69 of 100[39m[90m            [39m [90m0.20s[39m  
  [32;1m✓[39;22m[90m [39m[90mFilament panel shows operational resources to manager users in navigation @ repetition 70 of 100[39m[90m            [39m [90m0.21s[39m  
  [32;1m✓[39;22m[90m [39m[90mFilament panel shows operational resources to manager users in navigation @ repetition 71 of 100[39m[90m            [39m [90m0.16s[39m  
  [32;1m✓[39;22m[90m [39m[90mFilament panel shows operational resources to manager users in navigation @ repetition 72 of 100[39m[90m            [39m [90m0.17s[39m  
  [32;1m✓[39;22m[90m [39m[90mFilament panel shows operational resources to manager users in navigation @ repetition 73 of 100[39m[90m            [39m [90m0.52s[39m  
  [32;1m✓[39;22m[90m [39m[90mFilament panel shows operational resources to manager users in navigation @ repetition 74 of 100[39m[90m            [39m [90m0.22s[39m  
  [32;1m✓[39;22m[90m [39m[90mFilament panel shows operational resources to manager users in navigation @ repetition 75 of 100[39m[90m            [39m [90m0.24s[39m  
  [32;1m✓[39;22m[90m [39m[90mFilament panel shows operational resources to manager users in navigation @ repetition 76 of 100[39m[90m            [39m [90m0.23s[39m  
  [32;1m✓[39;22m[90m [39m[90mFilament panel shows operational resources to manager users in navigation @ repetition 77 of 100[39m[90m            [39m [90m0.19s[39m  
  [32;1m✓[39;22m[90m [39m[90mFilament panel shows operational resources to manager users in navigation @ repetition 78 of 100[39m[90m            [39m [90m0.23s[39m  
  [32;1m✓[39;22m[90m [39m[90mFilament panel shows operational resources to manager users in navigation @ repetition 79 of 100[39m[90m            [39m [90m0.19s[39m  
  [32;1m✓[39;22m[90m [39m[90mFilament panel shows operational resources to manager users in navigation @ repetition 80 of 100[39m[90m            [39m [90m0.20s[39m  
  [32;1m✓[39;22m[90m [39m[90mFilament panel shows operational resources to manager users in navigation @ repetition 81 of 100[39m[90m            [39m [90m0.56s[39m  
  [32;1m✓[39;22m[90m [39m[90mFilament panel shows operational resources to manager users in navigation @ repetition 82 of 100[39m[90m            [39m [90m0.23s[39m  
  [32;1m✓[39;22m[90m [39m[90mFilament panel shows operational resources to manager users in navigation @ repetition 83 of 100[39m[90m            [39m [90m0.23s[39m  
  [32;1m✓[39;22m[90m [39m[90mFilament panel shows operational resources to manager users in navigation @ repetition 84 of 100[39m[90m            [39m [90m0.21s[39m  
  [32;1m✓[39;22m[90m [39m[90mFilament panel shows operational resources to manager users in navigation @ repetition 85 of 100[39m[90m            [39m [90m0.23s[39m  
  [32;1m✓[39;22m[90m [39m[90mFilament panel shows operational resources to manager users in navigation @ repetition 86 of 100[39m[90m            [39m [90m0.19s[39m  
  [32;1m✓[39;22m[90m [39m[90mFilament panel shows operational resources to manager users in navigation @ repetition 87 of 100[39m[90m            [39m [90m0.23s[39m  
  [32;1m✓[39;22m[90m [39m[90mFilament panel shows operational resources to manager users in navigation @ repetition 88 of 100[39m[90m            [39m [90m0.23s[39m  
  [32;1m✓[39;22m[90m [39m[90mFilament panel shows operational resources to manager users in navigation @ repetition 89 of 100[39m[90m            [39m [90m0.46s[39m  
  [32;1m✓[39;22m[90m [39m[90mFilament panel shows operational resources to manager users in navigation @ repetition 90 of 100[39m[90m            [39m [90m0.18s[39m  
  [32;1m✓[39;22m[90m [39m[90mFilament panel shows operational resources to manager users in navigation @ repetition 91 of 100[39m[90m            [39m [90m0.18s[39m  
  [32;1m✓[39;22m[90m [39m[90mFilament panel shows operational resources to manager users in navigation @ repetition 92 of 100[39m[90m            [39m [90m0.21s[39m  
  [32;1m✓[39;22m[90m [39m[90mFilament panel shows operational resources to manager users in navigation @ repetition 93 of 100[39m[90m            [39m [90m0.18s[39m  
  [32;1m✓[39;22m[90m [39m[90mFilament panel shows operational resources to manager users in navigation @ repetition 94 of 100[39m[90m            [39m [90m0.19s[39m  
  [32;1m✓[39;22m[90m [39m[90mFilament panel shows operational resources to manager users in navigation @ repetition 95 of 100[39m[90m            [39m [90m0.17s[39m  
  [32;1m✓[39;22m[90m [39m[90mFilament panel shows operational resources to manager users in navigation @ repetition 96 of 100[39m[90m            [39m [90m0.21s[39m  
  [32;1m✓[39;22m[90m [39m[90mFilament panel shows operational resources to manager users in navigation @ repetition 97 of 100[39m[90m            [39m [90m0.43s[39m  
  [32;1m✓[39;22m[90m [39m[90mFilament panel shows operational resources to manager users in navigation @ repetition 98 of 100[39m[90m            [39m [90m0.20s[39m  
  [32;1m✓[39;22m[90m [39m[90mFilament panel shows operational resources to manager users in navigation @ repetition 99 of 100[39m[90m            [39m [90m0.21s[39m  
  [32;1m✓[39;22m[90m [39m[90mFilament panel shows operational resources to manager users in navigation @ repetition 100 of 100[39m[90m           [39m [90m0.20s[39m  
  [31;1m⨯[39;22m[90m [39m[90mFilament panel hides admin-only resources from manager users in navigation @ repetition 1 of 100[39m[90m            [39m [90m0.55s[39m  
  [31;1m⨯[39;22m[90m [39m[90mFilament panel hides admin-only resources from manager users in navigation @ repetition 2 of 100[39m[90m            [39m [90m0.21s[39m  
  [31;1m⨯[39;22m[90m [39m[90mFilament panel hides admin-only resources from manager users in navigation @ repetition 3 of 100[39m[90m            [39m [90m0.18s[39m  
  [31;1m⨯[39;22m[90m [39m[90mFilament panel hides admin-only resources from manager users in navigation @ repetition 4 of 100[39m[90m            [39m [90m0.24s[39m  
  [31;1m⨯[39;22m[90m [39m[90mFilament panel hides admin-only resources from manager users in navigation @ repetition 5 of 100[39m[90m            [39m [90m0.18s[39m  
  [31;1m⨯[39;22m[90m [39m[90mFilament panel hides admin-only resources from manager users in navigation @ repetition 6 of 100[39m[90m            [39m [90m0.17s[39m  
  [31;1m⨯[39;22m[90m [39m[90mFilament panel hides admin-only resources from manager users in navigation @ repetition 7 of 100[39m[90m            [39m [90m0.16s[39m  
  [31;1m⨯[39;22m[90m [39m[90mFilament panel hides admin-only resources from manager users in navigation @ repetition 8 of 100[39m[90m            [39m [90m0.15s[39m  
  [31;1m⨯[39;22m[90m [39m[90mFilament panel hides admin-only resources from manager users in navigation @ repetition 9 of 100[39m[90m            [39m [90m0.51s[39m  
  [31;1m⨯[39;22m[90m [39m[90mFilament panel hides admin-only resources from manager users in navigation @ repetition 10 of 100[39m[90m           [39m [90m0.14s[39m  
  [31;1m⨯[39;22m[90m [39m[90mFilament panel hides admin-only resources from manager users in navigation @ repetition 11 of 100[39m[90m           [39m [90m0.18s[39m  
  [31;1m⨯[39;22m[90m [39m[90mFilament panel hides admin-only resources from manager users in navigation @ repetition 12 of 100[39m[90m           [39m [90m0.23s[39m  
  [31;1m⨯[39;22m[90m [39m[90mFilament panel hides admin-only resources from manager users in navigation @ repetition 13 of 100[39m[90m           [39m [90m0.20s[39m  
  [31;1m⨯[39;22m[90m [39m[90mFilament panel hides admin-only resources from manager users in navigation @ repetition 14 of 100[39m[90m           [39m [90m0.23s[39m  
  [31;1m⨯[39;22m[90m [39m[90mFilament panel hides admin-only resources from manager users in navigation @ repetition 15 of 100[39m[90m           [39m [90m0.20s[39m  
  [31;1m⨯[39;22m[90m [39m[90mFilament panel hides admin-only resources from manager users in navigation @ repetition 16 of 100[39m[90m           [39m [90m0.18s[39m  
  [31;1m⨯[39;22m[90m [39m[90mFilament panel hides admin-only resources from manager users in navigation @ repetition 17 of 100[39m[90m           [39m [90m0.48s[39m  
  [31;1m⨯[39;22m[90m [39m[90mFilament panel hides admin-only resources from manager users in navigation @ repetition 18 of 100[39m[90m           [39m [90m0.21s[39m  
  [31;1m⨯[39;22m[90m [39m[90mFilament panel hides admin-only resources from manager users in navigation @ repetition 19 of 100[39m[90m           [39m [90m0.15s[39m  
  [31;1m⨯[39;22m[90m [39m[90mFilament panel hides admin-only resources from manager users in navigation @ repetition 20 of 100[39m[90m           [39m [90m0.21s[39m  
  [31;1m⨯[39;22m[90m [39m[90mFilament panel hides admin-only resources from manager users in navigation @ repetition 21 of 100[39m[90m           [39m [90m0.21s[39m  
  [31;1m⨯[39;22m[90m [39m[90mFilament panel hides admin-only resources from manager users in navigation @ repetition 22 of 100[39m[90m           [39m [90m0.18s[39m  
  [31;1m⨯[39;22m[90m [39m[90mFilament panel hides admin-only resources from manager users in navigation @ repetition 23 of 100[39m[90m           [39m [90m0.12s[39m  
  [31;1m⨯[39;22m[90m [39m[90mFilament panel hides admin-only resources from manager users in navigation @ repetition 24 of 100[39m[90m           [39m [90m0.17s[39m  
  [31;1m⨯[39;22m[90m [39m[90mFilament panel hides admin-only resources from manager users in navigation @ repetition 25 of 100[39m[90m           [39m [90m0.51s[39m  
  [31;1m⨯[39;22m[90m [39m[90mFilament panel hides admin-only resources from manager users in navigation @ repetition 26 of 100[39m[90m           [39m [90m0.24s[39m  
  [31;1m⨯[39;22m[90m [39m[90mFilament panel hides admin-only resources from manager users in navigation @ repetition 27 of 100[39m[90m           [39m [90m0.20s[39m  
  [31;1m⨯[39;22m[90m [39m[90mFilament panel hides admin-only resources from manager users in navigation @ repetition 28 of 100[39m[90m           [39m [90m0.26s[39m  
  [31;1m⨯[39;22m[90m [39m[90mFilament panel hides admin-only resources from manager users in navigation @ repetition 29 of 100[39m[90m           [39m [90m0.21s[39m  
  [31;1m⨯[39;22m[90m [39m[90mFilament panel hides admin-only resources from manager users in navigation @ repetition 30 of 100[39m[90m           [39m [90m0.20s[39m  
  [31;1m⨯[39;22m[90m [39m[90mFilament panel hides admin-only resources from manager users in navigation @ repetition 31 of 100[39m[90m           [39m [90m0.12s[39m  
  [31;1m⨯[39;22m[90m [39m[90mFilament panel hides admin-only resources from manager users in navigation @ repetition 32 of 100[39m[90m           [39m [90m0.19s[39m  
  [31;1m⨯[39;22m[90m [39m[90mFilament panel hides admin-only resources from manager users in navigation @ repetition 33 of 100[39m[90m           [39m [90m0.46s[39m  
  [31;1m⨯[39;22m[90m [39m[90mFilament panel hides admin-only resources from manager users in navigation @ repetition 34 of 100[39m[90m           [39m [90m0.17s[39m  
  [31;1m⨯[39;22m[90m [39m[90mFilament panel hides admin-only resources from manager users in navigation @ repetition 35 of 100[39m[90m           [39m [90m0.20s[39m  
  [31;1m⨯[39;22m[90m [39m[90mFilament panel hides admin-only resources from manager users in navigation @ repetition 36 of 100[39m[90m           [39m [90m0.19s[39m  
  [31;1m⨯[39;22m[90m [39m[90mFilament panel hides admin-only resources from manager users in navigation @ repetition 37 of 100[39m[90m           [39m [90m0.15s[39m  
  [31;1m⨯[39;22m[90m [39m[90mFilament panel hides admin-only resources from manager users in navigation @ repetition 38 of 100[39m[90m           [39m [90m0.15s[39m  
  [31;1m⨯[39;22m[90m [39m[90mFilament panel hides admin-only resources from manager users in navigation @ repetition 39 of 100[39m[90m           [39m [90m0.18s[39m  
  [31;1m⨯[39;22m[90m [39m[90mFilament panel hides admin-only resources from manager users in navigation @ repetition 40 of 100[39m[90m           [39m [90m0.21s[39m  
  [31;1m⨯[39;22m[90m [39m[90mFilament panel hides admin-only resources from manager users in navigation @ repetition 41 of 100[39m[90m           [39m [90m0.47s[39m  
  [31;1m⨯[39;22m[90m [39m[90mFilament panel hides admin-only resources from manager users in navigation @ repetition 42 of 100[39m[90m           [39m [90m0.16s[39m  
  [31;1m⨯[39;22m[90m [39m[90mFilament panel hides admin-only resources from manager users in navigation @ repetition 43 of 100[39m[90m           [39m [90m0.17s[39m  
  [31;1m⨯[39;22m[90m [39m[90mFilament panel hides admin-only resources from manager users in navigation @ repetition 44 of 100[39m[90m           [39m [90m0.17s[39m  
  [31;1m⨯[39;22m[90m [39m[90mFilament panel hides admin-only resources from manager users in navigation @ repetition 45 of 100[39m[90m           [39m [90m0.21s[39m  
  [31;1m⨯[39;22m[90m [39m[90mFilament panel hides admin-only resources from manager users in navigation @ repetition 46 of 100[39m[90m           [39m [90m0.22s[39m  
  [31;1m⨯[39;22m[90m [39m[90mFilament panel hides admin-only resources from manager users in navigation @ repetition 47 of 100[39m[90m           [39m [90m0.20s[39m  
  [31;1m⨯[39;22m[90m [39m[90mFilament panel hides admin-only resources from manager users in navigation @ repetition 48 of 100[39m[90m           [39m [90m0.18s[39m  
  [31;1m⨯[39;22m[90m [39m[90mFilament panel hides admin-only resources from manager users in navigation @ repetition 49 of 100[39m[90m           [39m [90m0.49s[39m  
  [31;1m⨯[39;22m[90m [39m[90mFilament panel hides admin-only resources from manager users in navigation @ repetition 50 of 100[39m[90m           [39m [90m0.20s[39m  
  [31;1m⨯[39;22m[90m [39m[90mFilament panel hides admin-only resources from manager users in navigation @ repetition 51 of 100[39m[90m           [39m [90m0.18s[39m  
  [31;1m⨯[39;22m[90m [39m[90mFilament panel hides admin-only resources from manager users in navigation @ repetition 52 of 100[39m[90m           [39m [90m0.22s[39m  
  [31;1m⨯[39;22m[90m [39m[90mFilament panel hides admin-only resources from manager users in navigation @ repetition 53 of 100[39m[90m           [39m [90m0.22s[39m  
  [31;1m⨯[39;22m[90m [39m[90mFilament panel hides admin-only resources from manager users in navigation @ repetition 54 of 100[39m[90m           [39m [90m0.24s[39m  
  [31;1m⨯[39;22m[90m [39m[90mFilament panel hides admin-only resources from manager users in navigation @ repetition 55 of 100[39m[90m           [39m [90m0.18s[39m  
  [31;1m⨯[39;22m[90m [39m[90mFilament panel hides admin-only resources from manager users in navigation @ repetition 56 of 100[39m[90m           [39m [90m0.14s[39m  
  [31;1m⨯[39;22m[90m [39m[90mFilament panel hides admin-only resources from manager users in navigation @ repetition 57 of 100[39m[90m           [39m [90m0.48s[39m  
  [31;1m⨯[39;22m[90m [39m[90mFilament panel hides admin-only resources from manager users in navigation @ repetition 58 of 100[39m[90m           [39m [90m0.15s[39m  
  [31;1m⨯[39;22m[90m [39m[90mFilament panel hides admin-only resources from manager users in navigation @ repetition 59 of 100[39m[90m           [39m [90m0.15s[39m  
  [31;1m⨯[39;22m[90m [39m[90mFilament panel hides admin-only resources from manager users in navigation @ repetition 60 of 100[39m[90m           [39m [90m0.20s[39m  
  [31;1m⨯[39;22m[90m [39m[90mFilament panel hides admin-only resources from manager users in navigation @ repetition 61 of 100[39m[90m           [39m [90m0.16s[39m  
  [31;1m⨯[39;22m[90m [39m[90mFilament panel hides admin-only resources from manager users in navigation @ repetition 62 of 100[39m[90m           [39m [90m0.18s[39m  
  [31;1m⨯[39;22m[90m [39m[90mFilament panel hides admin-only resources from manager users in navigation @ repetition 63 of 100[39m[90m           [39m [90m0.19s[39m  
  [31;1m⨯[39;22m[90m [39m[90mFilament panel hides admin-only resources from manager users in navigation @ repetition 64 of 100[39m[90m           [39m [90m0.23s[39m  
  [31;1m⨯[39;22m[90m [39m[90mFilament panel hides admin-only resources from manager users in navigation @ repetition 65 of 100[39m[90m           [39m [90m0.51s[39m  
  [31;1m⨯[39;22m[90m [39m[90mFilament panel hides admin-only resources from manager users in navigation @ repetition 66 of 100[39m[90m           [39m [90m0.22s[39m  
  [31;1m⨯[39;22m[90m [39m[90mFilament panel hides admin-only resources from manager users in navigation @ repetition 67 of 100[39m[90m           [39m [90m0.19s[39m  
  [31;1m⨯[39;22m[90m [39m[90mFilament panel hides admin-only resources from manager users in navigation @ repetition 68 of 100[39m[90m           [39m [90m0.17s[39m  
  [31;1m⨯[39;22m[90m [39m[90mFilament panel hides admin-only resources from manager users in navigation @ repetition 69 of 100[39m[90m           [39m [90m0.20s[39m  
  [31;1m⨯[39;22m[90m [39m[90mFilament panel hides admin-only resources from manager users in navigation @ repetition 70 of 100[39m[90m           [39m [90m0.18s[39m  
  [31;1m⨯[39;22m[90m [39m[90mFilament panel hides admin-only resources from manager users in navigation @ repetition 71 of 100[39m[90m           [39m [90m0.20s[39m  
  [31;1m⨯[39;22m[90m [39m[90mFilament panel hides admin-only resources from manager users in navigation @ repetition 72 of 100[39m[90m           [39m [90m0.20s[39m  
  [31;1m⨯[39;22m[90m [39m[90mFilament panel hides admin-only resources from manager users in navigation @ repetition 73 of 100[39m[90m           [39m [90m0.47s[39m  
  [31;1m⨯[39;22m[90m [39m[90mFilament panel hides admin-only resources from manager users in navigation @ repetition 74 of 100[39m[90m           [39m [90m0.22s[39m  
  [31;1m⨯[39;22m[90m [39m[90mFilament panel hides admin-only resources from manager users in navigation @ repetition 75 of 100[39m[90m           [39m [90m0.18s[39m  
  [31;1m⨯[39;22m[90m [39m[90mFilament panel hides admin-only resources from manager users in navigation @ repetition 76 of 100[39m[90m           [39m [90m0.16s[39m  
  [31;1m⨯[39;22m[90m [39m[90mFilament panel hides admin-only resources from manager users in navigation @ repetition 77 of 100[39m[90m           [39m [90m0.23s[39m  
  [31;1m⨯[39;22m[90m [39m[90mFilament panel hides admin-only resources from manager users in navigation @ repetition 78 of 100[39m[90m           [39m [90m0.24s[39m  
  [31;1m⨯[39;22m[90m [39m[90mFilament panel hides admin-only resources from manager users in navigation @ repetition 79 of 100[39m[90m           [39m [90m0.20s[39m  
  [31;1m⨯[39;22m[90m [39m[90mFilament panel hides admin-only resources from manager users in navigation @ repetition 80 of 100[39m[90m           [39m [90m0.22s[39m  
  [31;1m⨯[39;22m[90m [39m[90mFilament panel hides admin-only resources from manager users in navigation @ repetition 81 of 100[39m[90m           [39m [90m0.50s[39m  
  [31;1m⨯[39;22m[90m [39m[90mFilament panel hides admin-only resources from manager users in navigation @ repetition 82 of 100[39m[90m           [39m [90m0.18s[39m  
  [31;1m⨯[39;22m[90m [39m[90mFilament panel hides admin-only resources from manager users in navigation @ repetition 83 of 100[39m[90m           [39m [90m0.21s[39m  
  [31;1m⨯[39;22m[90m [39m[90mFilament panel hides admin-only resources from manager users in navigation @ repetition 84 of 100[39m[90m           [39m [90m0.18s[39m  
  [31;1m⨯[39;22m[90m [39m[90mFilament panel hides admin-only resources from manager users in navigation @ repetition 85 of 100[39m[90m           [39m [90m0.21s[39m  
  [31;1m⨯[39;22m[90m [39m[90mFilament panel hides admin-only resources from manager users in navigation @ repetition 86 of 100[39m[90m           [39m [90m0.20s[39m  
  [31;1m⨯[39;22m[90m [39m[90mFilament panel hides admin-only resources from manager users in navigation @ repetition 87 of 100[39m[90m           [39m [90m0.19s[39m  
  [31;1m⨯[39;22m[90m [39m[90mFilament panel hides admin-only resources from manager users in navigation @ repetition 88 of 100[39m[90m           [39m [90m0.18s[39m  
  [31;1m⨯[39;22m[90m [39m[90mFilament panel hides admin-only resources from manager users in navigation @ repetition 89 of 100[39m[90m           [39m [90m0.50s[39m  
  [31;1m⨯[39;22m[90m [39m[90mFilament panel hides admin-only resources from manager users in navigation @ repetition 90 of 100[39m[90m           [39m [90m0.20s[39m  
  [31;1m⨯[39;22m[90m [39m[90mFilament panel hides admin-only resources from manager users in navigation @ repetition 91 of 100[39m[90m           [39m [90m0.19s[39m  
  [31;1m⨯[39;22m[90m [39m[90mFilament panel hides admin-only resources from manager users in navigation @ repetition 92 of 100[39m[90m           [39m [90m0.20s[39m  
  [31;1m⨯[39;22m[90m [39m[90mFilament panel hides admin-only resources from manager users in navigation @ repetition 93 of 100[39m[90m           [39m [90m0.18s[39m  
  [31;1m⨯[39;22m[90m [39m[90mFilament panel hides admin-only resources from manager users in navigation @ repetition 94 of 100[39m[90m           [39m [90m0.21s[39m  
  [31;1m⨯[39;22m[90m [39m[90mFilament panel hides admin-only resources from manager users in navigation @ repetition 95 of 100[39m[90m           [39m [90m0.19s[39m  
  [31;1m⨯[39;22m[90m [39m[90mFilament panel hides admin-only resources from manager users in navigation @ repetition 96 of 100[39m[90m           [39m [90m0.19s[39m  
  [31;1m⨯[39;22m[90m [39m[90mFilament panel hides admin-only resources from manager users in navigation @ repetition 97 of 100[39m[90m           [39m [90m0.48s[39m  
  [31;1m⨯[39;22m[90m [39m[90mFilament panel hides admin-only resources from manager users in navigation @ repetition 98 of 100[39m[90m           [39m [90m0.23s[39m  
  [31;1m⨯[39;22m[90m [39m[90mFilament panel hides admin-only resources from manager users in navigation @ repetition 99 of 100[39m[90m           [39m [90m0.23s[39m  
  [31;1m⨯[39;22m[90m [39m[90mFilament panel hides admin-only resources from manager users in navigation @ repetition 100 of 100[39m[90m          [39m [90m0.31s[39m  
  [32;1m✓[39;22m[90m [39m[90mFilament panel allows manager users to access PropertyResource with tenant scope @ repetition 1 of 100[39m[90m      [39m [90m0.57s[39m  
  [32;1m✓[39;22m[90m [39m[90mFilament panel allows manager users to access PropertyResource with tenant scope @ repetition 2 of 100[39m[90m      [39m [90m0.27s[39m  
  [32;1m✓[39;22m[90m [39m[90mFilament panel allows manager users to access PropertyResource with tenant scope @ repetition 3 of 100[39m[90m      [39m [90m0.21s[39m  
  [32;1m✓[39;22m[90m [39m[90mFilament panel allows manager users to access PropertyResource with tenant scope @ repetition 4 of 100[39m[90m      [39m [90m0.20s[39m  
  [32;1m✓[39;22m[90m [39m[90mFilament panel allows manager users to access PropertyResource with tenant scope @ repetition 5 of 100[39m[90m      [39m [90m0.30s[39m  
  [32;1m✓[39;22m[90m [39m[90mFilament panel allows manager users to access PropertyResource with tenant scope @ repetition 6 of 100[39m[90m      [39m [90m0.25s[39m  
  [32;1m✓[39;22m[90m [39m[90mFilament panel allows manager users to access PropertyResource with tenant scope @ repetition 7 of 100[39m[90m      [39m [90m0.22s[39m  
  [32;1m✓[39;22m[90m [39m[90mFilament panel allows manager users to access PropertyResource with tenant scope @ repetition 8 of 100[39m[90m      [39m [90m0.18s[39m  
  [32;1m✓[39;22m[90m [39m[90mFilament panel allows manager users to access PropertyResource with tenant scope @ repetition 9 of 100[39m[90m      [39m [90m0.46s[39m  
  [32;1m✓[39;22m[90m [39m[90mFilament panel allows manager users to access PropertyResource with tenant scope @ repetition 10 of 100[39m[90m     [39m [90m0.16s[39m  
  [32;1m✓[39;22m[90m [39m[90mFilament panel allows manager users to access PropertyResource with tenant scope @ repetition 11 of 100[39m[90m     [39m [90m0.19s[39m  
  [32;1m✓[39;22m[90m [39m[90mFilament panel allows manager users to access PropertyResource with tenant scope @ repetition 12 of 100[39m[90m     [39m [90m0.23s[39m  
  [32;1m✓[39;22m[90m [39m[90mFilament panel allows manager users to access PropertyResource with tenant scope @ repetition 13 of 100[39m[90m     [39m [90m0.24s[39m  
  [32;1m✓[39;22m[90m [39m[90mFilament panel allows manager users to access PropertyResource with tenant scope @ repetition 14 of 100[39m[90m     [39m [90m0.25s[39m  
  [32;1m✓[39;22m[90m [39m[90mFilament panel allows manager users to access PropertyResource with tenant scope @ repetition 15 of 100[39m[90m     [39m [90m0.22s[39m  
  [32;1m✓[39;22m[90m [39m[90mFilament panel allows manager users to access PropertyResource with tenant scope @ repetition 16 of 100[39m[90m     [39m [90m0.23s[39m  
  [32;1m✓[39;22m[90m [39m[90mFilament panel allows manager users to access PropertyResource with tenant scope @ repetition 17 of 100[39m[90m     [39m [90m0.52s[39m  
  [32;1m✓[39;22m[90m [39m[90mFilament panel allows manager users to access PropertyResource with tenant scope @ repetition 18 of 100[39m[90m     [39m [90m0.22s[39m  
  [32;1m✓[39;22m[90m [39m[90mFilament panel allows manager users to access PropertyResource with tenant scope @ repetition 19 of 100[39m[90m     [39m [90m0.16s[39m  
  [32;1m✓[39;22m[90m [39m[90mFilament panel allows manager users to access PropertyResource with tenant scope @ repetition 20 of 100[39m[90m     [39m [90m0.21s[39m  
  [32;1m✓[39;22m[90m [39m[90mFilament panel allows manager users to access PropertyResource with tenant scope @ repetition 21 of 100[39m[90m     [39m [90m0.23s[39m  
  [32;1m✓[39;22m[90m [39m[90mFilament panel allows manager users to access PropertyResource with tenant scope @ repetition 22 of 100[39m[90m     [39m [90m0.20s[39m  
  [32;1m✓[39;22m[90m [39m[90mFilament panel allows manager users to access PropertyResource with tenant scope @ repetition 23 of 100[39m[90m     [39m [90m0.18s[39m  
  [32;1m✓[39;22m[90m [39m[90mFilament panel allows manager users to access PropertyResource with tenant scope @ repetition 24 of 100[39m[90m     [39m [90m0.23s[39m  
  [32;1m✓[39;22m[90m [39m[90mFilament panel allows manager users to access PropertyResource with tenant scope @ repetition 25 of 100[39m[90m     [39m [90m0.55s[39m  
  [32;1m✓[39;22m[90m [39m[90mFilament panel allows manager users to access PropertyResource with tenant scope @ repetition 26 of 100[39m[90m     [39m [90m0.25s[39m  
  [32;1m✓[39;22m[90m [39m[90mFilament panel allows manager users to access PropertyResource with tenant scope @ repetition 27 of 100[39m[90m     [39m [90m0.20s[39m  
  [32;1m✓[39;22m[90m [39m[90mFilament panel allows manager users to access PropertyResource with tenant scope @ repetition 28 of 100[39m[90m     [39m [90m0.19s[39m  
  [32;1m✓[39;22m[90m [39m[90mFilament panel allows manager users to access PropertyResource with tenant scope @ repetition 29 of 100[39m[90m     [39m [90m0.20s[39m  
  [32;1m✓[39;22m[90m [39m[90mFilament panel allows manager users to access PropertyResource with tenant scope @ repetition 30 of 100[39m[90m     [39m [90m0.20s[39m  
  [32;1m✓[39;22m[90m [39m[90mFilament panel allows manager users to access PropertyResource with tenant scope @ repetition 31 of 100[39m[90m     [39m [90m0.26s[39m  
  [32;1m✓[39;22m[90m [39m[90mFilament panel allows manager users to access PropertyResource with tenant scope @ repetition 32 of 100[39m[90m     [39m [90m0.17s[39m  
  [32;1m✓[39;22m[90m [39m[90mFilament panel allows manager users to access PropertyResource with tenant scope @ repetition 33 of 100[39m[90m     [39m [90m0.51s[39m  
  [32;1m✓[39;22m[90m [39m[90mFilament panel allows manager users to access PropertyResource with tenant scope @ repetition 34 of 100[39m[90m     [39m [90m0.24s[39m  
  [32;1m✓[39;22m[90m [39m[90mFilament panel allows manager users to access PropertyResource with tenant scope @ repetition 35 of 100[39m[90m     [39m [90m0.24s[39m  
  [32;1m✓[39;22m[90m [39m[90mFilament panel allows manager users to access PropertyResource with tenant scope @ repetition 36 of 100[39m[90m     [39m [90m0.29s[39m  
  [32;1m✓[39;22m[90m [39m[90mFilament panel allows manager users to access PropertyResource with tenant scope @ repetition 37 of 100[39m[90m     [39m [90m0.22s[39m  
  [32;1m✓[39;22m[90m [39m[90mFilament panel allows manager users to access PropertyResource with tenant scope @ repetition 38 of 100[39m[90m     [39m [90m0.24s[39m  
  [32;1m✓[39;22m[90m [39m[90mFilament panel allows manager users to access PropertyResource with tenant scope @ repetition 39 of 100[39m[90m     [39m [90m0.21s[39m  
  [32;1m✓[39;22m[90m [39m[90mFilament panel allows manager users to access PropertyResource with tenant scope @ repetition 40 of 100[39m[90m     [39m [90m0.16s[39m  
  [32;1m✓[39;22m[90m [39m[90mFilament panel allows manager users to access PropertyResource with tenant scope @ repetition 41 of 100[39m[90m     [39m [90m0.52s[39m  
  [32;1m✓[39;22m[90m [39m[90mFilament panel allows manager users to access PropertyResource with tenant scope @ repetition 42 of 100[39m[90m     [39m [90m0.24s[39m  
  [32;1m✓[39;22m[90m [39m[90mFilament panel allows manager users to access PropertyResource with tenant scope @ repetition 43 of 100[39m[90m     [39m [90m0.21s[39m  
  [32;1m✓[39;22m[90m [39m[90mFilament panel allows manager users to access PropertyResource with tenant scope @ repetition 44 of 100[39m[90m     [39m [90m0.22s[39m  
  [32;1m✓[39;22m[90m [39m[90mFilament panel allows manager users to access PropertyResource with tenant scope @ repetition 45 of 100[39m[90m     [39m [90m0.17s[39m  
  [32;1m✓[39;22m[90m [39m[90mFilament panel allows manager users to access PropertyResource with tenant scope @ repetition 46 of 100[39m[90m     [39m [90m0.23s[39m  
  [32;1m✓[39;22m[90m [39m[90mFilament panel allows manager users to access PropertyResource with tenant scope @ repetition 47 of 100[39m[90m     [39m [90m0.24s[39m  
  [32;1m✓[39;22m[90m [39m[90mFilament panel allows manager users to access PropertyResource with tenant scope @ repetition 48 of 100[39m[90m     [39m [90m0.23s[39m  
  [32;1m✓[39;22m[90m [39m[90mFilament panel allows manager users to access PropertyResource with tenant scope @ repetition 49 of 100[39m[90m     [39m [90m0.57s[39m  
  [32;1m✓[39;22m[90m [39m[90mFilament panel allows manager users to access PropertyResource with tenant scope @ repetition 50 of 100[39m[90m     [39m [90m0.24s[39m  
  [32;1m✓[39;22m[90m [39m[90mFilament panel allows manager users to access PropertyResource with tenant scope @ repetition 51 of 100[39m[90m     [39m [90m0.19s[39m  
  [32;1m✓[39;22m[90m [39m[90mFilament panel allows manager users to access PropertyResource with tenant scope @ repetition 52 of 100[39m[90m     [39m [90m0.20s[39m  
  [32;1m✓[39;22m[90m [39m[90mFilament panel allows manager users to access PropertyResource with tenant scope @ repetition 53 of 100[39m[90m     [39m [90m0.23s[39m  
  [32;1m✓[39;22m[90m [39m[90mFilament panel allows manager users to access PropertyResource with tenant scope @ repetition 54 of 100[39m[90m     [39m [90m0.22s[39m  
  [32;1m✓[39;22m[90m [39m[90mFilament panel allows manager users to access PropertyResource with tenant scope @ repetition 55 of 100[39m[90m     [39m [90m0.24s[39m  
  [32;1m✓[39;22m[90m [39m[90mFilament panel allows manager users to access PropertyResource with tenant scope @ repetition 56 of 100[39m[90m     [39m [90m0.17s[39m  
  [32;1m✓[39;22m[90m [39m[90mFilament panel allows manager users to access PropertyResource with tenant scope @ repetition 57 of 100[39m[90m     [39m [90m0.54s[39m  
  [32;1m✓[39;22m[90m [39m[90mFilament panel allows manager users to access PropertyResource with tenant scope @ repetition 58 of 100[39m[90m     [39m [90m0.25s[39m  
  [32;1m✓[39;22m[90m [39m[90mFilament panel allows manager users to access PropertyResource with tenant scope @ repetition 59 of 100[39m[90m     [39m [90m0.23s[39m  
  [32;1m✓[39;22m[90m [39m[90mFilament panel allows manager users to access PropertyResource with tenant scope @ repetition 60 of 100[39m[90m     [39m [90m0.23s[39m  
  [32;1m✓[39;22m[90m [39m[90mFilament panel allows manager users to access PropertyResource with tenant scope @ repetition 61 of 100[39m[90m     [39m [90m0.27s[39m  
  [32;1m✓[39;22m[90m [39m[90mFilament panel allows manager users to access PropertyResource with tenant scope @ repetition 62 of 100[39m[90m     [39m [90m0.23s[39m  
  [32;1m✓[39;22m[90m [39m[90mFilament panel allows manager users to access PropertyResource with tenant scope @ repetition 63 of 100[39m[90m     [39m [90m0.22s[39m  
  [32;1m✓[39;22m[90m [39m[90mFilament panel allows manager users to access PropertyResource with tenant scope @ repetition 64 of 100[39m[90m     [39m [90m0.27s[39m  
  [32;1m✓[39;22m[90m [39m[90mFilament panel allows manager users to access PropertyResource with tenant scope @ repetition 65 of 100[39m[90m     [39m [90m0.51s[39m  
  [32;1m✓[39;22m[90m [39m[90mFilament panel allows manager users to access PropertyResource with tenant scope @ repetition 66 of 100[39m[90m     [39m [90m0.20s[39m  
  [32;1m✓[39;22m[90m [39m[90mFilament panel allows manager users to access PropertyResource with tenant scope @ repetition 67 of 100[39m[90m     [39m [90m0.21s[39m  
  [32;1m✓[39;22m[90m [39m[90mFilament panel allows manager users to access PropertyResource with tenant scope @ repetition 68 of 100[39m[90m     [39m [90m0.26s[39m  
  [32;1m✓[39;22m[90m [39m[90mFilament panel allows manager users to access PropertyResource with tenant scope @ repetition 69 of 100[39m[90m     [39m [90m0.19s[39m  
  [32;1m✓[39;22m[90m [39m[90mFilament panel allows manager users to access PropertyResource with tenant scope @ repetition 70 of 100[39m[90m     [39m [90m0.29s[39m  
  [32;1m✓[39;22m[90m [39m[90mFilament panel allows manager users to access PropertyResource with tenant scope @ repetition 71 of 100[39m[90m     [39m [90m0.27s[39m  
  [32;1m✓[39;22m[90m [39m[90mFilament panel allows manager users to access PropertyResource with tenant scope @ repetition 72 of 100[39m[90m     [39m [90m0.23s[39m  
  [32;1m✓[39;22m[90m [39m[90mFilament panel allows manager users to access PropertyResource with tenant scope @ repetition 73 of 100[39m[90m     [39m [90m0.56s[39m  
  [32;1m✓[39;22m[90m [39m[90mFilament panel allows manager users to access PropertyResource with tenant scope @ repetition 74 of 100[39m[90m     [39m [90m0.22s[39m  
  [32;1m✓[39;22m[90m [39m[90mFilament panel allows manager users to access PropertyResource with tenant scope @ repetition 75 of 100[39m[90m     [39m [90m0.25s[39m  
  [32;1m✓[39;22m[90m [39m[90mFilament panel allows manager users to access PropertyResource with tenant scope @ repetition 76 of 100[39m[90m     [39m [90m0.29s[39m  
  [32;1m✓[39;22m[90m [39m[90mFilament panel allows manager users to access PropertyResource with tenant scope @ repetition 77 of 100[39m[90m     [39m [90m0.21s[39m  
  [32;1m✓[39;22m[90m [39m[90mFilament panel allows manager users to access PropertyResource with tenant scope @ repetition 78 of 100[39m[90m     [39m [90m0.23s[39m  
  [32;1m✓[39;22m[90m [39m[90mFilament panel allows manager users to access PropertyResource with tenant scope @ repetition 79 of 100[39m[90m     [39m [90m0.24s[39m  
  [32;1m✓[39;22m[90m [39m[90mFilament panel allows manager users to access PropertyResource with tenant scope @ repetition 80 of 100[39m[90m     [39m [90m0.17s[39m  
  [32;1m✓[39;22m[90m [39m[90mFilament panel allows manager users to access PropertyResource with tenant scope @ repetition 81 of 100[39m[90m     [39m [90m0.57s[39m  
  [32;1m✓[39;22m[90m [39m[90mFilament panel allows manager users to access PropertyResource with tenant scope @ repetition 82 of 100[39m[90m     [39m [90m0.26s[39m  
  [32;1m✓[39;22m[90m [39m[90mFilament panel allows manager users to access PropertyResource with tenant scope @ repetition 83 of 100[39m[90m     [39m [90m0.30s[39m  
  [32;1m✓[39;22m[90m [39m[90mFilament panel allows manager users to access PropertyResource with tenant scope @ repetition 84 of 100[39m[90m     [39m [90m0.26s[39m  
  [32;1m✓[39;22m[90m [39m[90mFilament panel allows manager users to access PropertyResource with tenant scope @ repetition 85 of 100[39m[90m     [39m [90m0.24s[39m  
  [32;1m✓[39;22m[90m [39m[90mFilament panel allows manager users to access PropertyResource with tenant scope @ repetition 86 of 100[39m[90m     [39m [90m0.20s[39m  
  [32;1m✓[39;22m[90m [39m[90mFilament panel allows manager users to access PropertyResource with tenant scope @ repetition 87 of 100[39m[90m     [39m [90m0.24s[39m  
  [32;1m✓[39;22m[90m [39m[90mFilament panel allows manager users to access PropertyResource with tenant scope @ repetition 88 of 100[39m[90m     [39m [90m0.24s[39m  
  [32;1m✓[39;22m[90m [39m[90mFilament panel allows manager users to access PropertyResource with tenant scope @ repetition 89 of 100[39m[90m     [39m [90m0.61s[39m  
  [32;1m✓[39;22m[90m [39m[90mFilament panel allows manager users to access PropertyResource with tenant scope @ repetition 90 of 100[39m[90m     [39m [90m0.30s[39m  
  [32;1m✓[39;22m[90m [39m[90mFilament panel allows manager users to access PropertyResource with tenant scope @ repetition 91 of 100[39m[90m     [39m [90m0.24s[39m  
  [32;1m✓[39;22m[90m [39m[90mFilament panel allows manager users to access PropertyResource with tenant scope @ repetition 92 of 100[39m[90m     [39m [90m0.24s[39m  
  [32;1m✓[39;22m[90m [39m[90mFilament panel allows manager users to access PropertyResource with tenant scope @ repetition 93 of 100[39m[90m     [39m [90m0.28s[39m  
  [32;1m✓[39;22m[90m [39m[90mFilament panel allows manager users to access PropertyResource with tenant scope @ repetition 94 of 100[39m[90m     [39m [90m0.31s[39m  
  [32;1m✓[39;22m[90m [39m[90mFilament panel allows manager users to access PropertyResource with tenant scope @ repetition 95 of 100[39m[90m     [39m [90m0.21s[39m  
  [32;1m✓[39;22m[90m [39m[90mFilament panel allows manager users to access PropertyResource with tenant scope @ repetition 96 of 100[39m[90m     [39m [90m0.23s[39m  
  [32;1m✓[39;22m[90m [39m[90mFilament panel allows manager users to access PropertyResource with tenant scope @ repetition 97 of 100[39m[90m     [39m [90m0.65s[39m  
  [32;1m✓[39;22m[90m [39m[90mFilament panel allows manager users to access PropertyResource with tenant scope @ repetition 98 of 100[39m[90m     [39m [90m0.27s[39m  
  [32;1m✓[39;22m[90m [39m[90mFilament panel allows manager users to access PropertyResource with tenant scope @ repetition 99 of 100[39m[90m     [39m [90m0.23s[39m  
  [32;1m✓[39;22m[90m [39m[90mFilament panel allows manager users to access PropertyResource with tenant scope @ repetition 100 of 100[39m[90m    [39m [90m0.24s[39m  
  [32;1m✓[39;22m[90m [39m[90mFilament panel allows manager users to access MeterResource with tenant scope @ repetition 1 of 100[39m[90m         [39m [90m0.63s[39m  
  [32;1m✓[39;22m[90m [39m[90mFilament panel allows manager users to access MeterResource with tenant scope @ repetition 2 of 100[39m[90m         [39m [90m0.25s[39m  
  [32;1m✓[39;22m[90m [39m[90mFilament panel allows manager users to access MeterResource with tenant scope @ repetition 3 of 100[39m[90m         [39m [90m0.26s[39m  
  [32;1m✓[39;22m[90m [39m[90mFilament panel allows manager users to access MeterResource with tenant scope @ repetition 4 of 100[39m[90m         [39m [90m0.27s[39m  
  [32;1m✓[39;22m[90m [39m[90mFilament panel allows manager users to access MeterResource with tenant scope @ repetition 5 of 100[39m[90m         [39m [90m0.30s[39m  
  [32;1m✓[39;22m[90m [39m[90mFilament panel allows manager users to access MeterResource with tenant scope @ repetition 6 of 100[39m[90m         [39m [90m0.28s[39m  
  [32;1m✓[39;22m[90m [39m[90mFilament panel allows manager users to access MeterResource with tenant scope @ repetition 7 of 100[39m[90m         [39m [90m0.31s[39m  
  [32;1m✓[39;22m[90m [39m[90mFilament panel allows manager users to access MeterResource with tenant scope @ repetition 8 of 100[39m[90m         [39m [90m0.26s[39m  
  [32;1m✓[39;22m[90m [39m[90mFilament panel allows manager users to access MeterResource with tenant scope @ repetition 9 of 100[39m[90m         [39m [90m0.64s[39m  
  [32;1m✓[39;22m[90m [39m[90mFilament panel allows manager users to access MeterResource with tenant scope @ repetition 10 of 100[39m[90m        [39m [90m0.21s[39m  
  [32;1m✓[39;22m[90m [39m[90mFilament panel allows manager users to access MeterResource with tenant scope @ repetition 11 of 100[39m[90m        [39m [90m0.25s[39m  
  [32;1m✓[39;22m[90m [39m[90mFilament panel allows manager users to access MeterResource with tenant scope @ repetition 12 of 100[39m[90m        [39m [90m0.28s[39m  
  [32;1m✓[39;22m[90m [39m[90mFilament panel allows manager users to access MeterResource with tenant scope @ repetition 13 of 100[39m[90m        [39m [90m0.29s[39m  
  [32;1m✓[39;22m[90m [39m[90mFilament panel allows manager users to access MeterResource with tenant scope @ repetition 14 of 100[39m[90m        [39m [90m0.27s[39m  
  [32;1m✓[39;22m[90m [39m[90mFilament panel allows manager users to access MeterResource with tenant scope @ repetition 15 of 100[39m[90m        [39m [90m0.33s[39m  
  [32;1m✓[39;22m[90m [39m[90mFilament panel allows manager users to access MeterResource with tenant scope @ repetition 16 of 100[39m[90m        [39m [90m0.26s[39m  
  [32;1m✓[39;22m[90m [39m[90mFilament panel allows manager users to access MeterResource with tenant scope @ repetition 17 of 100[39m[90m        [39m [90m0.66s[39m  
  [32;1m✓[39;22m[90m [39m[90mFilament panel allows manager users to access MeterResource with tenant scope @ repetition 18 of 100[39m[90m        [39m [90m0.30s[39m  
  [32;1m✓[39;22m[90m [39m[90mFilament panel allows manager users to access MeterResource with tenant scope @ repetition 19 of 100[39m[90m        [39m [90m0.27s[39m  
  [32;1m✓[39;22m[90m [39m[90mFilament panel allows manager users to access MeterResource with tenant scope @ repetition 20 of 100[39m[90m        [39m [90m0.22s[39m  
  [32;1m✓[39;22m[90m [39m[90mFilament panel allows manager users to access MeterResource with tenant scope @ repetition 21 of 100[39m[90m        [39m [90m0.29s[39m  
  [32;1m✓[39;22m[90m [39m[90mFilament panel allows manager users to access MeterResource with tenant scope @ repetition 22 of 100[39m[90m        [39m [90m0.27s[39m  
  [32;1m✓[39;22m[90m [39m[90mFilament panel allows manager users to access MeterResource with tenant scope @ repetition 23 of 100[39m[90m        [39m [90m0.29s[39m  
  [32;1m✓[39;22m[90m [39m[90mFilament panel allows manager users to access MeterResource with tenant scope @ repetition 24 of 100[39m[90m        [39m [90m0.32s[39m  
  [32;1m✓[39;22m[90m [39m[90mFilament panel allows manager users to access MeterResource with tenant scope @ repetition 25 of 100[39m[90m        [39m [90m0.65s[39m  
  [32;1m✓[39;22m[90m [39m[90mFilament panel allows manager users to access MeterResource with tenant scope @ repetition 26 of 100[39m[90m        [39m [90m0.32s[39m  
  [32;1m✓[39;22m[90m [39m[90mFilament panel allows manager users to access MeterResource with tenant scope @ repetition 27 of 100[39m[90m        [39m [90m0.34s[39m  
  [32;1m✓[39;22m[90m [39m[90mFilament panel allows manager users to access MeterResource with tenant scope @ repetition 28 of 100[39m[90m        [39m [90m0.26s[39m  
  [32;1m✓[39;22m[90m [39m[90mFilament panel allows manager users to access MeterResource with tenant scope @ repetition 29 of 100[39m[90m        [39m [90m0.29s[39m  
  [32;1m✓[39;22m[90m [39m[90mFilament panel allows manager users to access MeterResource with tenant scope @ repetition 30 of 100[39m[90m        [39m [90m0.30s[39m  
  [32;1m✓[39;22m[90m [39m[90mFilament panel allows manager users to access MeterResource with tenant scope @ repetition 31 of 100[39m[90m        [39m [90m0.31s[39m  
  [32;1m✓[39;22m[90m [39m[90mFilament panel allows manager users to access MeterResource with tenant scope @ repetition 32 of 100[39m[90m        [39m [90m0.33s[39m  
  [32;1m✓[39;22m[90m [39m[90mFilament panel allows manager users to access MeterResource with tenant scope @ repetition 33 of 100[39m[90m        [39m [90m0.62s[39m  
  [32;1m✓[39;22m[90m [39m[90mFilament panel allows manager users to access MeterResource with tenant scope @ repetition 34 of 100[39m[90m        [39m [90m0.30s[39m  
  [32;1m✓[39;22m[90m [39m[90mFilament panel allows manager users to access MeterResource with tenant scope @ repetition 35 of 100[39m[90m        [39m [90m0.28s[39m  
  [32;1m✓[39;22m[90m [39m[90mFilament panel allows manager users to access MeterResource with tenant scope @ repetition 36 of 100[39m[90m        [39m [90m0.37s[39m  
  [32;1m✓[39;22m[90m [39m[90mFilament panel allows manager users to access MeterResource with tenant scope @ repetition 37 of 100[39m[90m        [39m [90m0.34s[39m  
  [32;1m✓[39;22m[90m [39m[90mFilament panel allows manager users to access MeterResource with tenant scope @ repetition 38 of 100[39m[90m        [39m [90m0.28s[39m  
  [32;1m✓[39;22m[90m [39m[90mFilament panel allows manager users to access MeterResource with tenant scope @ repetition 39 of 100[39m[90m        [39m [90m0.33s[39m  
  [32;1m✓[39;22m[90m [39m[90mFilament panel allows manager users to access MeterResource with tenant scope @ repetition 40 of 100[39m[90m        [39m [90m0.33s[39m  
  [32;1m✓[39;22m[90m [39m[90mFilament panel allows manager users to access MeterResource with tenant scope @ repetition 41 of 100[39m[90m        [39m [90m0.76s[39m  
  [32;1m✓[39;22m[90m [39m[90mFilament panel allows manager users to access MeterResource with tenant scope @ repetition 42 of 100[39m[90m        [39m [90m0.37s[39m  
  [32;1m✓[39;22m[90m [39m[90mFilament panel allows manager users to access MeterResource with tenant scope @ repetition 43 of 100[39m[90m        [39m [90m0.25s[39m  
  [32;1m✓[39;22m[90m [39m[90mFilament panel allows manager users to access MeterResource with tenant scope @ repetition 44 of 100[39m[90m        [39m [90m0.27s[39m  
  [32;1m✓[39;22m[90m [39m[90mFilament panel allows manager users to access MeterResource with tenant scope @ repetition 45 of 100[39m[90m        [39m [90m0.39s[39m  
  [32;1m✓[39;22m[90m [39m[90mFilament panel allows manager users to access MeterResource with tenant scope @ repetition 46 of 100[39m[90m        [39m [90m0.41s[39m  
  [32;1m✓[39;22m[90m [39m[90mFilament panel allows manager users to access MeterResource with tenant scope @ repetition 47 of 100[39m[90m        [39m [90m0.31s[39m  
  [32;1m✓[39;22m[90m [39m[90mFilament panel allows manager users to access MeterResource with tenant scope @ repetition 48 of 100[39m[90m        [39m [90m0.22s[39m  
  [32;1m✓[39;22m[90m [39m[90mFilament panel allows manager users to access MeterResource with tenant scope @ repetition 49 of 100[39m[90m        [39m [90m0.74s[39m  
  [32;1m✓[39;22m[90m [39m[90mFilament panel allows manager users to access MeterResource with tenant scope @ repetition 50 of 100[39m[90m        [39m [90m0.35s[39m  
  [32;1m✓[39;22m[90m [39m[90mFilament panel allows manager users to access MeterResource with tenant scope @ repetition 51 of 100[39m[90m        [39m [90m0.28s[39m  
  [32;1m✓[39;22m[90m [39m[90mFilament panel allows manager users to access MeterResource with tenant scope @ repetition 52 of 100[39m[90m        [39m [90m0.33s[39m  
  [32;1m✓[39;22m[90m [39m[90mFilament panel allows manager users to access MeterResource with tenant scope @ repetition 53 of 100[39m[90m        [39m [90m0.32s[39m  
  [32;1m✓[39;22m[90m [39m[90mFilament panel allows manager users to access MeterResource with tenant scope @ repetition 54 of 100[39m[90m        [39m [90m0.27s[39m  
  [32;1m✓[39;22m[90m [39m[90mFilament panel allows manager users to access MeterResource with tenant scope @ repetition 55 of 100[39m[90m        [39m [90m0.28s[39m  
  [32;1m✓[39;22m[90m [39m[90mFilament panel allows manager users to access MeterResource with tenant scope @ repetition 56 of 100[39m[90m        [39m [90m0.28s[39m  
  [32;1m✓[39;22m[90m [39m[90mFilament panel allows manager users to access MeterResource with tenant scope @ repetition 57 of 100[39m[90m        [39m [90m0.70s[39m  
  [32;1m✓[39;22m[90m [39m[90mFilament panel allows manager users to access MeterResource with tenant scope @ repetition 58 of 100[39m[90m        [39m [90m0.24s[39m  
  [32;1m✓[39;22m[90m [39m[90mFilament panel allows manager users to access MeterResource with tenant scope @ repetition 59 of 100[39m[90m        [39m [90m0.31s[39m  
  [32;1m✓[39;22m[90m [39m[90mFilament panel allows manager users to access MeterResource with tenant scope @ repetition 60 of 100[39m[90m        [39m [90m0.27s[39m  
  [32;1m✓[39;22m[90m [39m[90mFilament panel allows manager users to access MeterResource with tenant scope @ repetition 61 of 100[39m[90m        [39m [90m0.36s[39m  
  [32;1m✓[39;22m[90m [39m[90mFilament panel allows manager users to access MeterResource with tenant scope @ repetition 62 of 100[39m[90m        [39m [90m0.28s[39m  
  [32;1m✓[39;22m[90m [39m[90mFilament panel allows manager users to access MeterResource with tenant scope @ repetition 63 of 100[39m[90m        [39m [90m0.28s[39m  
  [32;1m✓[39;22m[90m [39m[90mFilament panel allows manager users to access MeterResource with tenant scope @ repetition 64 of 100[39m[90m        [39m [90m0.24s[39m  
  [32;1m✓[39;22m[90m [39m[90mFilament panel allows manager users to access MeterResource with tenant scope @ repetition 65 of 100[39m[90m        [39m [90m0.58s[39m  
  [32;1m✓[39;22m[90m [39m[90mFilament panel allows manager users to access MeterResource with tenant scope @ repetition 66 of 100[39m[90m        [39m [90m0.27s[39m  
  [32;1m✓[39;22m[90m [39m[90mFilament panel allows manager users to access MeterResource with tenant scope @ repetition 67 of 100[39m[90m        [39m [90m0.26s[39m  
  [32;1m✓[39;22m[90m [39m[90mFilament panel allows manager users to access MeterResource with tenant scope @ repetition 68 of 100[39m[90m        [39m [90m0.24s[39m  
  [32;1m✓[39;22m[90m [39m[90mFilament panel allows manager users to access MeterResource with tenant scope @ repetition 69 of 100[39m[90m        [39m [90m0.30s[39m  
  [32;1m✓[39;22m[90m [39m[90mFilament panel allows manager users to access MeterResource with tenant scope @ repetition 70 of 100[39m[90m        [39m [90m0.28s[39m  
  [32;1m✓[39;22m[90m [39m[90mFilament panel allows manager users to access MeterResource with tenant scope @ repetition 71 of 100[39m[90m        [39m [90m0.28s[39m  
  [32;1m✓[39;22m[90m [39m[90mFilament panel allows manager users to access MeterResource with tenant scope @ repetition 72 of 100[39m[90m        [39m [90m0.29s[39m  
  [32;1m✓[39;22m[90m [39m[90mFilament panel allows manager users to access MeterResource with tenant scope @ repetition 73 of 100[39m[90m        [39m [90m0.58s[39m  
  [32;1m✓[39;22m[90m [39m[90mFilament panel allows manager users to access MeterResource with tenant scope @ repetition 74 of 100[39m[90m        [39m [90m0.23s[39m  
  [32;1m✓[39;22m[90m [39m[90mFilament panel allows manager users to access MeterResource with tenant scope @ repetition 75 of 100[39m[90m        [39m [90m0.22s[39m  
  [32;1m✓[39;22m[90m [39m[90mFilament panel allows manager users to access MeterResource with tenant scope @ repetition 76 of 100[39m[90m        [39m [90m0.24s[39m  
  [32;1m✓[39;22m[90m [39m[90mFilament panel allows manager users to access MeterResource with tenant scope @ repetition 77 of 100[39m[90m        [39m [90m0.23s[39m  
  [32;1m✓[39;22m[90m [39m[90mFilament panel allows manager users to access MeterResource with tenant scope @ repetition 78 of 100[39m[90m        [39m [90m0.20s[39m  
  [32;1m✓[39;22m[90m [39m[90mFilament panel allows manager users to access MeterResource with tenant scope @ repetition 79 of 100[39m[90m        [39m [90m0.25s[39m  
  [32;1m✓[39;22m[90m [39m[90mFilament panel allows manager users to access MeterResource with tenant scope @ repetition 80 of 100[39m[90m        [39m [90m0.16s[39m  
  [32;1m✓[39;22m[90m [39m[90mFilament panel allows manager users to access MeterResource with tenant scope @ repetition 81 of 100[39m[90m        [39m [90m0.53s[39m  
  [32;1m✓[39;22m[90m [39m[90mFilament panel allows manager users to access MeterResource with tenant scope @ repetition 82 of 100[39m[90m        [39m [90m0.29s[39m  
  [32;1m✓[39;22m[90m [39m[90mFilament panel allows manager users to access MeterResource with tenant scope @ repetition 83 of 100[39m[90m        [39m [90m0.26s[39m  
  [32;1m✓[39;22m[90m [39m[90mFilament panel allows manager users to access MeterResource with tenant scope @ repetition 84 of 100[39m[90m        [39m [90m0.24s[39m  
  [32;1m✓[39;22m[90m [39m[90mFilament panel allows manager users to access MeterResource with tenant scope @ repetition 85 of 100[39m[90m        [39m [90m0.27s[39m  
  [32;1m✓[39;22m[90m [39m[90mFilament panel allows manager users to access MeterResource with tenant scope @ repetition 86 of 100[39m[90m        [39m [90m0.23s[39m  
  [32;1m✓[39;22m[90m [39m[90mFilament panel allows manager users to access MeterResource with tenant scope @ repetition 87 of 100[39m[90m        [39m [90m0.24s[39m  
  [32;1m✓[39;22m[90m [39m[90mFilament panel allows manager users to access MeterResource with tenant scope @ repetition 88 of 100[39m[90m        [39m [90m0.18s[39m  
  [32;1m✓[39;22m[90m [39m[90mFilament panel allows manager users to access MeterResource with tenant scope @ repetition 89 of 100[39m[90m        [39m [90m0.59s[39m  
  [32;1m✓[39;22m[90m [39m[90mFilament panel allows manager users to access MeterResource with tenant scope @ repetition 90 of 100[39m[90m        [39m [90m0.22s[39m  
  [32;1m✓[39;22m[90m [39m[90mFilament panel allows manager users to access MeterResource with tenant scope @ repetition 91 of 100[39m[90m        [39m [90m0.25s[39m  
  [32;1m✓[39;22m[90m [39m[90mFilament panel allows manager users to access MeterResource with tenant scope @ repetition 92 of 100[39m[90m        [39m [90m0.19s[39m  
  [32;1m✓[39;22m[90m [39m[90mFilament panel allows manager users to access MeterResource with tenant scope @ repetition 93 of 100[39m[90m        [39m [90m0.26s[39m  
  [32;1m✓[39;22m[90m [39m[90mFilament panel allows manager users to access MeterResource with tenant scope @ repetition 94 of 100[39m[90m        [39m [90m0.25s[39m  
  [32;1m✓[39;22m[90m [39m[90mFilament panel allows manager users to access MeterResource with tenant scope @ repetition 95 of 100[39m[90m        [39m [90m0.23s[39m  
  [32;1m✓[39;22m[90m [39m[90mFilament panel allows manager users to access MeterResource with tenant scope @ repetition 96 of 100[39m[90m        [39m [90m0.29s[39m  
  [32;1m✓[39;22m[90m [39m[90mFilament panel allows manager users to access MeterResource with tenant scope @ repetition 97 of 100[39m[90m        [39m [90m0.58s[39m  
  [32;1m✓[39;22m[90m [39m[90mFilament panel allows manager users to access MeterResource with tenant scope @ repetition 98 of 100[39m[90m        [39m [90m0.25s[39m  
  [32;1m✓[39;22m[90m [39m[90mFilament panel allows manager users to access MeterResource with tenant scope @ repetition 99 of 100[39m[90m        [39m [90m0.21s[39m  
  [32;1m✓[39;22m[90m [39m[90mFilament panel allows manager users to access MeterResource with tenant scope @ repetition 100 of 100[39m[90m       [39m [90m0.22s[39m  
  [32;1m✓[39;22m[90m [39m[90mFilament panel allows manager users to access MeterReadingResource with tenant scope @ repetition 1 of 100[39m[90m  [39m [90m0.55s[39m  
  [32;1m✓[39;22m[90m [39m[90mFilament panel allows manager users to access MeterReadingResource with tenant scope @ repetition 2 of 100[39m[90m  [39m [90m0.23s[39m  
  [32;1m✓[39;22m[90m [39m[90mFilament panel allows manager users to access MeterReadingResource with tenant scope @ repetition 3 of 100[39m[90m  [39m [90m0.28s[39m  
  [32;1m✓[39;22m[90m [39m[90mFilament panel allows manager users to access MeterReadingResource with tenant scope @ repetition 4 of 100[39m[90m  [39m [90m0.24s[39m  
  [32;1m✓[39;22m[90m [39m[90mFilament panel allows manager users to access MeterReadingResource with tenant scope @ repetition 5 of 100[39m[90m  [39m [90m0.22s[39m  
  [32;1m✓[39;22m[90m [39m[90mFilament panel allows manager users to access MeterReadingResource with tenant scope @ repetition 6 of 100[39m[90m  [39m [90m0.21s[39m  
  [32;1m✓[39;22m[90m [39m[90mFilament panel allows manager users to access MeterReadingResource with tenant scope @ repetition 7 of 100[39m[90m  [39m [90m0.23s[39m  
  [32;1m✓[39;22m[90m [39m[90mFilament panel allows manager users to access MeterReadingResource with tenant scope @ repetition 8 of 100[39m[90m  [39m [90m0.25s[39m  
  [32;1m✓[39;22m[90m [39m[90mFilament panel allows manager users to access MeterReadingResource with tenant scope @ repetition 9 of 100[39m[90m  [39m [90m0.54s[39m  
  [32;1m✓[39;22m[90m [39m[90mFilament panel allows manager users to access MeterReadingResource with tenant scope @ repetition 10 of 100[39m[90m [39m [90m0.25s[39m  
  [32;1m✓[39;22m[90m [39m[90mFilament panel allows manager users to access MeterReadingResource with tenant scope @ repetition 11 of 100[39m[90m [39m [90m0.24s[39m  
  [32;1m✓[39;22m[90m [39m[90mFilament panel allows manager users to access MeterReadingResource with tenant scope @ repetition 12 of 100[39m[90m [39m [90m0.22s[39m  
  [32;1m✓[39;22m[90m [39m[90mFilament panel allows manager users to access MeterReadingResource with tenant scope @ repetition 13 of 100[39m[90m [39m [90m0.22s[39m  
  [32;1m✓[39;22m[90m [39m[90mFilament panel allows manager users to access MeterReadingResource with tenant scope @ repetition 14 of 100[39m[90m [39m [90m0.23s[39m  
  [32;1m✓[39;22m[90m [39m[90mFilament panel allows manager users to access MeterReadingResource with tenant scope @ repetition 15 of 100[39m[90m [39m [90m0.22s[39m  
  [32;1m✓[39;22m[90m [39m[90mFilament panel allows manager users to access MeterReadingResource with tenant scope @ repetition 16 of 100[39m[90m [39m [90m0.19s[39m  
  [32;1m✓[39;22m[90m [39m[90mFilament panel allows manager users to access MeterReadingResource with tenant scope @ repetition 17 of 100[39m[90m [39m [90m0.54s[39m  
  [32;1m✓[39;22m[90m [39m[90mFilament panel allows manager users to access MeterReadingResource with tenant scope @ repetition 18 of 100[39m[90m [39m [90m0.23s[39m  
  [32;1m✓[39;22m[90m [39m[90mFilament panel allows manager users to access MeterReadingResource with tenant scope @ repetition 19 of 100[39m[90m [39m [90m0.20s[39m  
  [32;1m✓[39;22m[90m [39m[90mFilament panel allows manager users to access MeterReadingResource with tenant scope @ repetition 20 of 100[39m[90m [39m [90m0.22s[39m  
  [32;1m✓[39;22m[90m [39m[90mFilament panel allows manager users to access MeterReadingResource with tenant scope @ repetition 21 of 100[39m[90m [39m [90m0.19s[39m  
  [32;1m✓[39;22m[90m [39m[90mFilament panel allows manager users to access MeterReadingResource with tenant scope @ repetition 22 of 100[39m[90m [39m [90m0.22s[39m  
  [32;1m✓[39;22m[90m [39m[90mFilament panel allows manager users to access MeterReadingResource with tenant scope @ repetition 23 of 100[39m[90m [39m [90m0.21s[39m  
  [32;1m✓[39;22m[90m [39m[90mFilament panel allows manager users to access MeterReadingResource with tenant scope @ repetition 24 of 100[39m[90m [39m [90m0.19s[39m  
  [32;1m✓[39;22m[90m [39m[90mFilament panel allows manager users to access MeterReadingResource with tenant scope @ repetition 25 of 100[39m[90m [39m [90m0.54s[39m  
  [32;1m✓[39;22m[90m [39m[90mFilament panel allows manager users to access MeterReadingResource with tenant scope @ repetition 26 of 100[39m[90m [39m [90m0.26s[39m  
  [32;1m✓[39;22m[90m [39m[90mFilament panel allows manager users to access MeterReadingResource with tenant scope @ repetition 27 of 100[39m[90m [39m [90m0.21s[39m  
  [32;1m✓[39;22m[90m [39m[90mFilament panel allows manager users to access MeterReadingResource with tenant scope @ repetition 28 of 100[39m[90m [39m [90m0.22s[39m  
  [32;1m✓[39;22m[90m [39m[90mFilament panel allows manager users to access MeterReadingResource with tenant scope @ repetition 29 of 100[39m[90m [39m [90m0.22s[39m  
  [32;1m✓[39;22m[90m [39m[90mFilament panel allows manager users to access MeterReadingResource with tenant scope @ repetition 30 of 100[39m[90m [39m [90m0.21s[39m  
  [32;1m✓[39;22m[90m [39m[90mFilament panel allows manager users to access MeterReadingResource with tenant scope @ repetition 31 of 100[39m[90m [39m [90m0.24s[39m  
  [32;1m✓[39;22m[90m [39m[90mFilament panel allows manager users to access MeterReadingResource with tenant scope @ repetition 32 of 100[39m[90m [39m [90m0.20s[39m  
  [32;1m✓[39;22m[90m [39m[90mFilament panel allows manager users to access MeterReadingResource with tenant scope @ repetition 33 of 100[39m[90m [39m [90m0.53s[39m  
  [32;1m✓[39;22m[90m [39m[90mFilament panel allows manager users to access MeterReadingResource with tenant scope @ repetition 34 of 100[39m[90m [39m [90m0.20s[39m  
  [32;1m✓[39;22m[90m [39m[90mFilament panel allows manager users to access MeterReadingResource with tenant scope @ repetition 35 of 100[39m[90m [39m [90m0.18s[39m  
  [32;1m✓[39;22m[90m [39m[90mFilament panel allows manager users to access MeterReadingResource with tenant scope @ repetition 36 of 100[39m[90m [39m [90m0.14s[39m  
  [32;1m✓[39;22m[90m [39m[90mFilament panel allows manager users to access MeterReadingResource with tenant scope @ repetition 37 of 100[39m[90m [39m [90m0.20s[39m  
  [32;1m✓[39;22m[90m [39m[90mFilament panel allows manager users to access MeterReadingResource with tenant scope @ repetition 38 of 100[39m[90m [39m [90m0.19s[39m  
  [32;1m✓[39;22m[90m [39m[90mFilament panel allows manager users to access MeterReadingResource with tenant scope @ repetition 39 of 100[39m[90m [39m [90m0.26s[39m  
  [32;1m✓[39;22m[90m [39m[90mFilament panel allows manager users to access MeterReadingResource with tenant scope @ repetition 40 of 100[39m[90m [39m [90m0.16s[39m  
  [32;1m✓[39;22m[90m [39m[90mFilament panel allows manager users to access MeterReadingResource with tenant scope @ repetition 41 of 100[39m[90m [39m [90m0.55s[39m  
  [32;1m✓[39;22m[90m [39m[90mFilament panel allows manager users to access MeterReadingResource with tenant scope @ repetition 42 of 100[39m[90m [39m [90m0.21s[39m  
  [32;1m✓[39;22m[90m [39m[90mFilament panel allows manager users to access MeterReadingResource with tenant scope @ repetition 43 of 100[39m[90m [39m [90m0.18s[39m  
  [32;1m✓[39;22m[90m [39m[90mFilament panel allows manager users to access MeterReadingResource with tenant scope @ repetition 44 of 100[39m[90m [39m [90m0.21s[39m  
  [32;1m✓[39;22m[90m [39m[90mFilament panel allows manager users to access MeterReadingResource with tenant scope @ repetition 45 of 100[39m[90m [39m [90m0.22s[39m  
  [32;1m✓[39;22m[90m [39m[90mFilament panel allows manager users to access MeterReadingResource with tenant scope @ repetition 46 of 100[39m[90m [39m [90m0.17s[39m  
  [32;1m✓[39;22m[90m [39m[90mFilament panel allows manager users to access MeterReadingResource with tenant scope @ repetition 47 of 100[39m[90m [39m [90m0.16s[39m  
  [32;1m✓[39;22m[90m [39m[90mFilament panel allows manager users to access MeterReadingResource with tenant scope @ repetition 48 of 100[39m[90m [39m [90m0.16s[39m  
  [32;1m✓[39;22m[90m [39m[90mFilament panel allows manager users to access MeterReadingResource with tenant scope @ repetition 49 of 100[39m[90m [39m [90m0.49s[39m  
  [32;1m✓[39;22m[90m [39m[90mFilament panel allows manager users to access MeterReadingResource with tenant scope @ repetition 50 of 100[39m[90m [39m [90m0.18s[39m  
  [32;1m✓[39;22m[90m [39m[90mFilament panel allows manager users to access MeterReadingResource with tenant scope @ repetition 51 of 100[39m[90m [39m [90m0.23s[39m  
  [32;1m✓[39;22m[90m [39m[90mFilament panel allows manager users to access MeterReadingResource with tenant scope @ repetition 52 of 100[39m[90m [39m [90m0.19s[39m  
  [32;1m✓[39;22m[90m [39m[90mFilament panel allows manager users to access MeterReadingResource with tenant scope @ repetition 53 of 100[39m[90m [39m [90m0.24s[39m  
  [32;1m✓[39;22m[90m [39m[90mFilament panel allows manager users to access MeterReadingResource with tenant scope @ repetition 54 of 100[39m[90m [39m [90m0.21s[39m  
  [32;1m✓[39;22m[90m [39m[90mFilament panel allows manager users to access MeterReadingResource with tenant scope @ repetition 55 of 100[39m[90m [39m [90m0.19s[39m  
  [32;1m✓[39;22m[90m [39m[90mFilament panel allows manager users to access MeterReadingResource with tenant scope @ repetition 56 of 100[39m[90m [39m [90m0.21s[39m  
  [32;1m✓[39;22m[90m [39m[90mFilament panel allows manager users to access MeterReadingResource with tenant scope @ repetition 57 of 100[39m[90m [39m [90m0.46s[39m  
  [32;1m✓[39;22m[90m [39m[90mFilament panel allows manager users to access MeterReadingResource with tenant scope @ repetition 58 of 100[39m[90m [39m [90m0.22s[39m  
  [32;1m✓[39;22m[90m [39m[90mFilament panel allows manager users to access MeterReadingResource with tenant scope @ repetition 59 of 100[39m[90m [39m [90m0.21s[39m  
  [32;1m✓[39;22m[90m [39m[90mFilament panel allows manager users to access MeterReadingResource with tenant scope @ repetition 60 of 100[39m[90m [39m [90m0.20s[39m  
  [32;1m✓[39;22m[90m [39m[90mFilament panel allows manager users to access MeterReadingResource with tenant scope @ repetition 61 of 100[39m[90m [39m [90m0.21s[39m  
  [32;1m✓[39;22m[90m [39m[90mFilament panel allows manager users to access MeterReadingResource with tenant scope @ repetition 62 of 100[39m[90m [39m [90m0.21s[39m  
  [32;1m✓[39;22m[90m [39m[90mFilament panel allows manager users to access MeterReadingResource with tenant scope @ repetition 63 of 100[39m[90m [39m [90m0.22s[39m  
  [32;1m✓[39;22m[90m [39m[90mFilament panel allows manager users to access MeterReadingResource with tenant scope @ repetition 64 of 100[39m[90m [39m [90m0.23s[39m  
  [32;1m✓[39;22m[90m [39m[90mFilament panel allows manager users to access MeterReadingResource with tenant scope @ repetition 65 of 100[39m[90m [39m [90m0.56s[39m  
  [32;1m✓[39;22m[90m [39m[90mFilament panel allows manager users to access MeterReadingResource with tenant scope @ repetition 66 of 100[39m[90m [39m [90m0.22s[39m  
  [32;1m✓[39;22m[90m [39m[90mFilament panel allows manager users to access MeterReadingResource with tenant scope @ repetition 67 of 100[39m[90m [39m [90m0.24s[39m  
  [32;1m✓[39;22m[90m [39m[90mFilament panel allows manager users to access MeterReadingResource with tenant scope @ repetition 68 of 100[39m[90m [39m [90m0.19s[39m  
  [32;1m✓[39;22m[90m [39m[90mFilament panel allows manager users to access MeterReadingResource with tenant scope @ repetition 69 of 100[39m[90m [39m [90m0.12s[39m  
  [32;1m✓[39;22m[90m [39m[90mFilament panel allows manager users to access MeterReadingResource with tenant scope @ repetition 70 of 100[39m[90m [39m [90m0.20s[39m  
  [32;1m✓[39;22m[90m [39m[90mFilament panel allows manager users to access MeterReadingResource with tenant scope @ repetition 71 of 100[39m[90m [39m [90m0.20s[39m  
  [32;1m✓[39;22m[90m [39m[90mFilament panel allows manager users to access MeterReadingResource with tenant scope @ repetition 72 of 100[39m[90m [39m [90m0.19s[39m  
  [32;1m✓[39;22m[90m [39m[90mFilament panel allows manager users to access MeterReadingResource with tenant scope @ repetition 73 of 100[39m[90m [39m [90m0.52s[39m  
  [32;1m✓[39;22m[90m [39m[90mFilament panel allows manager users to access MeterReadingResource with tenant scope @ repetition 74 of 100[39m[90m [39m [90m0.19s[39m  
  [32;1m✓[39;22m[90m [39m[90mFilament panel allows manager users to access MeterReadingResource with tenant scope @ repetition 75 of 100[39m[90m [39m [90m0.20s[39m  
  [32;1m✓[39;22m[90m [39m[90mFilament panel allows manager users to access MeterReadingResource with tenant scope @ repetition 76 of 100[39m[90m [39m [90m0.29s[39m  
  [32;1m✓[39;22m[90m [39m[90mFilament panel allows manager users to access MeterReadingResource with tenant scope @ repetition 77 of 100[39m[90m [39m [90m0.26s[39m  
  [32;1m✓[39;22m[90m [39m[90mFilament panel allows manager users to access MeterReadingResource with tenant scope @ repetition 78 of 100[39m[90m [39m [90m0.21s[39m  
  [32;1m✓[39;22m[90m [39m[90mFilament panel allows manager users to access MeterReadingResource with tenant scope @ repetition 79 of 100[39m[90m [39m [90m0.24s[39m  
  [32;1m✓[39;22m[90m [39m[90mFilament panel allows manager users to access MeterReadingResource with tenant scope @ repetition 80 of 100[39m[90m [39m [90m0.23s[39m  
  [32;1m✓[39;22m[90m [39m[90mFilament panel allows manager users to access MeterReadingResource with tenant scope @ repetition 81 of 100[39m[90m [39m [90m0.56s[39m  
  [32;1m✓[39;22m[90m [39m[90mFilament panel allows manager users to access MeterReadingResource with tenant scope @ repetition 82 of 100[39m[90m [39m [90m0.16s[39m  
  [32;1m✓[39;22m[90m [39m[90mFilament panel allows manager users to access MeterReadingResource with tenant scope @ repetition 83 of 100[39m[90m [39m [90m0.19s[39m  
  [32;1m✓[39;22m[90m [39m[90mFilament panel allows manager users to access MeterReadingResource with tenant scope @ repetition 84 of 100[39m[90m [39m [90m0.20s[39m  
  [32;1m✓[39;22m[90m [39m[90mFilament panel allows manager users to access MeterReadingResource with tenant scope @ repetition 85 of 100[39m[90m [39m [90m0.18s[39m  
  [32;1m✓[39;22m[90m [39m[90mFilament panel allows manager users to access MeterReadingResource with tenant scope @ repetition 86 of 100[39m[90m [39m [90m0.21s[39m  
  [32;1m✓[39;22m[90m [39m[90mFilament panel allows manager users to access MeterReadingResource with tenant scope @ repetition 87 of 100[39m[90m [39m [90m0.18s[39m  
  [32;1m✓[39;22m[90m [39m[90mFilament panel allows manager users to access MeterReadingResource with tenant scope @ repetition 88 of 100[39m[90m [39m [90m0.21s[39m  
  [32;1m✓[39;22m[90m [39m[90mFilament panel allows manager users to access MeterReadingResource with tenant scope @ repetition 89 of 100[39m[90m [39m [90m0.57s[39m  
  [32;1m✓[39;22m[90m [39m[90mFilament panel allows manager users to access MeterReadingResource with tenant scope @ repetition 90 of 100[39m[90m [39m [90m0.24s[39m  
  [32;1m✓[39;22m[90m [39m[90mFilament panel allows manager users to access MeterReadingResource with tenant scope @ repetition 91 of 100[39m[90m [39m [90m0.24s[39m  
  [32;1m✓[39;22m[90m [39m[90mFilament panel allows manager users to access MeterReadingResource with tenant scope @ repetition 92 of 100[39m[90m [39m [90m0.25s[39m  
  [32;1m✓[39;22m[90m [39m[90mFilament panel allows manager users to access MeterReadingResource with tenant scope @ repetition 93 of 100[39m[90m [39m [90m0.21s[39m  
  [32;1m✓[39;22m[90m [39m[90mFilament panel allows manager users to access MeterReadingResource with tenant scope @ repetition 94 of 100[39m[90m [39m [90m0.22s[39m  
  [32;1m✓[39;22m[90m [39m[90mFilament panel allows manager users to access MeterReadingResource with tenant scope @ repetition 95 of 100[39m[90m [39m [90m0.21s[39m  
  [32;1m✓[39;22m[90m [39m[90mFilament panel allows manager users to access MeterReadingResource with tenant scope @ repetition 96 of 100[39m[90m [39m [90m0.24s[39m  
  [32;1m✓[39;22m[90m [39m[90mFilament panel allows manager users to access MeterReadingResource with tenant scope @ repetition 97 of 100[39m[90m [39m [90m0.53s[39m  
  [32;1m✓[39;22m[90m [39m[90mFilament panel allows manager users to access MeterReadingResource with tenant scope @ repetition 98 of 100[39m[90m [39m [90m0.23s[39m  
  [32;1m✓[39;22m[90m [39m[90mFilament panel allows manager users to access MeterReadingResource with tenant scope @ repetition 99 of 100[39m[90m [39m [90m0.19s[39m  
  [32;1m✓[39;22m[90m [39m[90mFilament panel allows manager users to access MeterReadingResource with tenant scope @ repetition 100 of 10[39m[90m…[39m [90m0.20s[39m  
  [32;1m✓[39;22m[90m [39m[90mFilament panel allows manager users to access InvoiceResource with tenant scope @ repetition 1 of 100[39m[90m       [39m [90m0.58s[39m  
  [32;1m✓[39;22m[90m [39m[90mFilament panel allows manager users to access InvoiceResource with tenant scope @ repetition 2 of 100[39m[90m       [39m [90m0.23s[39m  
  [32;1m✓[39;22m[90m [39m[90mFilament panel allows manager users to access InvoiceResource with tenant scope @ repetition 3 of 100[39m[90m       [39m [90m0.15s[39m  
  [32;1m✓[39;22m[90m [39m[90mFilament panel allows manager users to access InvoiceResource with tenant scope @ repetition 4 of 100[39m[90m       [39m [90m0.20s[39m  
  [32;1m✓[39;22m[90m [39m[90mFilament panel allows manager users to access InvoiceResource with tenant scope @ repetition 5 of 100[39m[90m       [39m [90m0.20s[39m  
  [32;1m✓[39;22m[90m [39m[90mFilament panel allows manager users to access InvoiceResource with tenant scope @ repetition 6 of 100[39m[90m       [39m [90m0.19s[39m  
  [32;1m✓[39;22m[90m [39m[90mFilament panel allows manager users to access InvoiceResource with tenant scope @ repetition 7 of 100[39m[90m       [39m [90m0.20s[39m  
  [32;1m✓[39;22m[90m [39m[90mFilament panel allows manager users to access InvoiceResource with tenant scope @ repetition 8 of 100[39m[90m       [39m [90m0.18s[39m  
  [32;1m✓[39;22m[90m [39m[90mFilament panel allows manager users to access InvoiceResource with tenant scope @ repetition 9 of 100[39m[90m       [39m [90m0.52s[39m  
  [32;1m✓[39;22m[90m [39m[90mFilament panel allows manager users to access InvoiceResource with tenant scope @ repetition 10 of 100[39m[90m      [39m [90m0.25s[39m  
  [32;1m✓[39;22m[90m [39m[90mFilament panel allows manager users to access InvoiceResource with tenant scope @ repetition 11 of 100[39m[90m      [39m [90m0.20s[39m  
  [32;1m✓[39;22m[90m [39m[90mFilament panel allows manager users to access InvoiceResource with tenant scope @ repetition 12 of 100[39m[90m      [39m [90m0.23s[39m  
  [32;1m✓[39;22m[90m [39m[90mFilament panel allows manager users to access InvoiceResource with tenant scope @ repetition 13 of 100[39m[90m      [39m [90m0.22s[39m  
  [32;1m✓[39;22m[90m [39m[90mFilament panel allows manager users to access InvoiceResource with tenant scope @ repetition 14 of 100[39m[90m      [39m [90m0.25s[39m  
  [32;1m✓[39;22m[90m [39m[90mFilament panel allows manager users to access InvoiceResource with tenant scope @ repetition 15 of 100[39m[90m      [39m [90m0.22s[39m  
  [32;1m✓[39;22m[90m [39m[90mFilament panel allows manager users to access InvoiceResource with tenant scope @ repetition 16 of 100[39m[90m      [39m [90m0.21s[39m  
  [32;1m✓[39;22m[90m [39m[90mFilament panel allows manager users to access InvoiceResource with tenant scope @ repetition 17 of 100[39m[90m      [39m [90m0.52s[39m  
  [32;1m✓[39;22m[90m [39m[90mFilament panel allows manager users to access InvoiceResource with tenant scope @ repetition 18 of 100[39m[90m      [39m [90m0.25s[39m  
  [32;1m✓[39;22m[90m [39m[90mFilament panel allows manager users to access InvoiceResource with tenant scope @ repetition 19 of 100[39m[90m      [39m [90m0.17s[39m  
  [32;1m✓[39;22m[90m [39m[90mFilament panel allows manager users to access InvoiceResource with tenant scope @ repetition 20 of 100[39m[90m      [39m [90m0.20s[39m  
  [32;1m✓[39;22m[90m [39m[90mFilament panel allows manager users to access InvoiceResource with tenant scope @ repetition 21 of 100[39m[90m      [39m [90m0.23s[39m  
  [32;1m✓[39;22m[90m [39m[90mFilament panel allows manager users to access InvoiceResource with tenant scope @ repetition 22 of 100[39m[90m      [39m [90m0.21s[39m  
  [32;1m✓[39;22m[90m [39m[90mFilament panel allows manager users to access InvoiceResource with tenant scope @ repetition 23 of 100[39m[90m      [39m [90m0.26s[39m  
  [32;1m✓[39;22m[90m [39m[90mFilament panel allows manager users to access InvoiceResource with tenant scope @ repetition 24 of 100[39m[90m      [39m [90m0.24s[39m  
  [32;1m✓[39;22m[90m [39m[90mFilament panel allows manager users to access InvoiceResource with tenant scope @ repetition 25 of 100[39m[90m      [39m [90m0.50s[39m  
  [32;1m✓[39;22m[90m [39m[90mFilament panel allows manager users to access InvoiceResource with tenant scope @ repetition 26 of 100[39m[90m      [39m [90m0.19s[39m  
  [32;1m✓[39;22m[90m [39m[90mFilament panel allows manager users to access InvoiceResource with tenant scope @ repetition 27 of 100[39m[90m      [39m [90m0.18s[39m  
  [32;1m✓[39;22m[90m [39m[90mFilament panel allows manager users to access InvoiceResource with tenant scope @ repetition 28 of 100[39m[90m      [39m [90m0.19s[39m  
  [32;1m✓[39;22m[90m [39m[90mFilament panel allows manager users to access InvoiceResource with tenant scope @ repetition 29 of 100[39m[90m      [39m [90m0.21s[39m  
  [32;1m✓[39;22m[90m [39m[90mFilament panel allows manager users to access InvoiceResource with tenant scope @ repetition 30 of 100[39m[90m      [39m [90m0.22s[39m  
  [32;1m✓[39;22m[90m [39m[90mFilament panel allows manager users to access InvoiceResource with tenant scope @ repetition 31 of 100[39m[90m      [39m [90m0.22s[39m  
  [32;1m✓[39;22m[90m [39m[90mFilament panel allows manager users to access InvoiceResource with tenant scope @ repetition 32 of 100[39m[90m      [39m [90m0.22s[39m  
  [32;1m✓[39;22m[90m [39m[90mFilament panel allows manager users to access InvoiceResource with tenant scope @ repetition 33 of 100[39m[90m      [39m [90m0.48s[39m  
  [32;1m✓[39;22m[90m [39m[90mFilament panel allows manager users to access InvoiceResource with tenant scope @ repetition 34 of 100[39m[90m      [39m [90m0.23s[39m  
  [32;1m✓[39;22m[90m [39m[90mFilament panel allows manager users to access InvoiceResource with tenant scope @ repetition 35 of 100[39m[90m      [39m [90m0.24s[39m  
  [32;1m✓[39;22m[90m [39m[90mFilament panel allows manager users to access InvoiceResource with tenant scope @ repetition 36 of 100[39m[90m      [39m [90m0.22s[39m  
  [32;1m✓[39;22m[90m [39m[90mFilament panel allows manager users to access InvoiceResource with tenant scope @ repetition 37 of 100[39m[90m      [39m [90m0.24s[39m  
  [32;1m✓[39;22m[90m [39m[90mFilament panel allows manager users to access InvoiceResource with tenant scope @ repetition 38 of 100[39m[90m      [39m [90m0.22s[39m  
  [32;1m✓[39;22m[90m [39m[90mFilament panel allows manager users to access InvoiceResource with tenant scope @ repetition 39 of 100[39m[90m      [39m [90m0.20s[39m  
  [32;1m✓[39;22m[90m [39m[90mFilament panel allows manager users to access InvoiceResource with tenant scope @ repetition 40 of 100[39m[90m      [39m [90m0.23s[39m  
  [32;1m✓[39;22m[90m [39m[90mFilament panel allows manager users to access InvoiceResource with tenant scope @ repetition 41 of 100[39m[90m      [39m [90m0.50s[39m  
  [32;1m✓[39;22m[90m [39m[90mFilament panel allows manager users to access InvoiceResource with tenant scope @ repetition 42 of 100[39m[90m      [39m [90m0.23s[39m  
  [32;1m✓[39;22m[90m [39m[90mFilament panel allows manager users to access InvoiceResource with tenant scope @ repetition 43 of 100[39m[90m      [39m [90m0.20s[39m  
  [32;1m✓[39;22m[90m [39m[90mFilament panel allows manager users to access InvoiceResource with tenant scope @ repetition 44 of 100[39m[90m      [39m [90m0.21s[39m  
  [32;1m✓[39;22m[90m [39m[90mFilament panel allows manager users to access InvoiceResource with tenant scope @ repetition 45 of 100[39m[90m      [39m [90m0.21s[39m  
  [32;1m✓[39;22m[90m [39m[90mFilament panel allows manager users to access InvoiceResource with tenant scope @ repetition 46 of 100[39m[90m      [39m [90m0.24s[39m  
  [32;1m✓[39;22m[90m [39m[90mFilament panel allows manager users to access InvoiceResource with tenant scope @ repetition 47 of 100[39m[90m      [39m [90m0.27s[39m  
  [32;1m✓[39;22m[90m [39m[90mFilament panel allows manager users to access InvoiceResource with tenant scope @ repetition 48 of 100[39m[90m      [39m [90m0.23s[39m  
  [32;1m✓[39;22m[90m [39m[90mFilament panel allows manager users to access InvoiceResource with tenant scope @ repetition 49 of 100[39m[90m      [39m [90m0.57s[39m  
  [32;1m✓[39;22m[90m [39m[90mFilament panel allows manager users to access InvoiceResource with tenant scope @ repetition 50 of 100[39m[90m      [39m [90m0.20s[39m  
  [32;1m✓[39;22m[90m [39m[90mFilament panel allows manager users to access InvoiceResource with tenant scope @ repetition 51 of 100[39m[90m      [39m [90m0.20s[39m  
  [32;1m✓[39;22m[90m [39m[90mFilament panel allows manager users to access InvoiceResource with tenant scope @ repetition 52 of 100[39m[90m      [39m [90m0.19s[39m  
  [32;1m✓[39;22m[90m [39m[90mFilament panel allows manager users to access InvoiceResource with tenant scope @ repetition 53 of 100[39m[90m      [39m [90m0.16s[39m  
  [32;1m✓[39;22m[90m [39m[90mFilament panel allows manager users to access InvoiceResource with tenant scope @ repetition 54 of 100[39m[90m      [39m [90m0.18s[39m  
  [32;1m✓[39;22m[90m [39m[90mFilament panel allows manager users to access InvoiceResource with tenant scope @ repetition 55 of 100[39m[90m      [39m [90m0.18s[39m  
  [32;1m✓[39;22m[90m [39m[90mFilament panel allows manager users to access InvoiceResource with tenant scope @ repetition 56 of 100[39m[90m      [39m [90m0.20s[39m  
  [32;1m✓[39;22m[90m [39m[90mFilament panel allows manager users to access InvoiceResource with tenant scope @ repetition 57 of 100[39m[90m      [39m [90m0.50s[39m  
  [32;1m✓[39;22m[90m [39m[90mFilament panel allows manager users to access InvoiceResource with tenant scope @ repetition 58 of 100[39m[90m      [39m [90m0.24s[39m  
  [32;1m✓[39;22m[90m [39m[90mFilament panel allows manager users to access InvoiceResource with tenant scope @ repetition 59 of 100[39m[90m      [39m [90m0.22s[39m  
  [32;1m✓[39;22m[90m [39m[90mFilament panel allows manager users to access InvoiceResource with tenant scope @ repetition 60 of 100[39m[90m      [39m [90m0.23s[39m  
  [32;1m✓[39;22m[90m [39m[90mFilament panel allows manager users to access InvoiceResource with tenant scope @ repetition 61 of 100[39m[90m      [39m [90m0.22s[39m  
  [32;1m✓[39;22m[90m [39m[90mFilament panel allows manager users to access InvoiceResource with tenant scope @ repetition 62 of 100[39m[90m      [39m [90m0.23s[39m  
  [32;1m✓[39;22m[90m [39m[90mFilament panel allows manager users to access InvoiceResource with tenant scope @ repetition 63 of 100[39m[90m      [39m [90m0.20s[39m  
  [32;1m✓[39;22m[90m [39m[90mFilament panel allows manager users to access InvoiceResource with tenant scope @ repetition 64 of 100[39m[90m      [39m [90m0.20s[39m  
  [32;1m✓[39;22m[90m [39m[90mFilament panel allows manager users to access InvoiceResource with tenant scope @ repetition 65 of 100[39m[90m      [39m [90m0.51s[39m  
  [32;1m✓[39;22m[90m [39m[90mFilament panel allows manager users to access InvoiceResource with tenant scope @ repetition 66 of 100[39m[90m      [39m [90m0.21s[39m  
  [32;1m✓[39;22m[90m [39m[90mFilament panel allows manager users to access InvoiceResource with tenant scope @ repetition 67 of 100[39m[90m      [39m [90m0.22s[39m  
  [32;1m✓[39;22m[90m [39m[90mFilament panel allows manager users to access InvoiceResource with tenant scope @ repetition 68 of 100[39m[90m      [39m [90m0.23s[39m  
  [32;1m✓[39;22m[90m [39m[90mFilament panel allows manager users to access InvoiceResource with tenant scope @ repetition 69 of 100[39m[90m      [39m [90m0.22s[39m  
  [32;1m✓[39;22m[90m [39m[90mFilament panel allows manager users to access InvoiceResource with tenant scope @ repetition 70 of 100[39m[90m      [39m [90m0.25s[39m  
  [32;1m✓[39;22m[90m [39m[90mFilament panel allows manager users to access InvoiceResource with tenant scope @ repetition 71 of 100[39m[90m      [39m [90m0.24s[39m  
  [32;1m✓[39;22m[90m [39m[90mFilament panel allows manager users to access InvoiceResource with tenant scope @ repetition 72 of 100[39m[90m      [39m [90m0.21s[39m  
  [32;1m✓[39;22m[90m [39m[90mFilament panel allows manager users to access InvoiceResource with tenant scope @ repetition 73 of 100[39m[90m      [39m [90m0.52s[39m  
  [32;1m✓[39;22m[90m [39m[90mFilament panel allows manager users to access InvoiceResource with tenant scope @ repetition 74 of 100[39m[90m      [39m [90m0.21s[39m  
  [32;1m✓[39;22m[90m [39m[90mFilament panel allows manager users to access InvoiceResource with tenant scope @ repetition 75 of 100[39m[90m      [39m [90m0.24s[39m  
  [32;1m✓[39;22m[90m [39m[90mFilament panel allows manager users to access InvoiceResource with tenant scope @ repetition 76 of 100[39m[90m      [39m [90m0.20s[39m  
  [32;1m✓[39;22m[90m [39m[90mFilament panel allows manager users to access InvoiceResource with tenant scope @ repetition 77 of 100[39m[90m      [39m [90m0.21s[39m  
  [32;1m✓[39;22m[90m [39m[90mFilament panel allows manager users to access InvoiceResource with tenant scope @ repetition 78 of 100[39m[90m      [39m [90m0.20s[39m  
  [32;1m✓[39;22m[90m [39m[90mFilament panel allows manager users to access InvoiceResource with tenant scope @ repetition 79 of 100[39m[90m      [39m [90m0.19s[39m  
  [32;1m✓[39;22m[90m [39m[90mFilament panel allows manager users to access InvoiceResource with tenant scope @ repetition 80 of 100[39m[90m      [39m [90m0.22s[39m  
  [32;1m✓[39;22m[90m [39m[90mFilament panel allows manager users to access InvoiceResource with tenant scope @ repetition 81 of 100[39m[90m      [39m [90m0.52s[39m  
  [32;1m✓[39;22m[90m [39m[90mFilament panel allows manager users to access InvoiceResource with tenant scope @ repetition 82 of 100[39m[90m      [39m [90m0.20s[39m  
  [32;1m✓[39;22m[90m [39m[90mFilament panel allows manager users to access InvoiceResource with tenant scope @ repetition 83 of 100[39m[90m      [39m [90m0.16s[39m  
  [32;1m✓[39;22m[90m [39m[90mFilament panel allows manager users to access InvoiceResource with tenant scope @ repetition 84 of 100[39m[90m      [39m [90m0.22s[39m  
  [32;1m✓[39;22m[90m [39m[90mFilament panel allows manager users to access InvoiceResource with tenant scope @ repetition 85 of 100[39m[90m      [39m [90m0.22s[39m  
  [32;1m✓[39;22m[90m [39m[90mFilament panel allows manager users to access InvoiceResource with tenant scope @ repetition 86 of 100[39m[90m      [39m [90m0.22s[39m  
  [32;1m✓[39;22m[90m [39m[90mFilament panel allows manager users to access InvoiceResource with tenant scope @ repetition 87 of 100[39m[90m      [39m [90m0.20s[39m  
  [32;1m✓[39;22m[90m [39m[90mFilament panel allows manager users to access InvoiceResource with tenant scope @ repetition 88 of 100[39m[90m      [39m [90m0.23s[39m  
  [32;1m✓[39;22m[90m [39m[90mFilament panel allows manager users to access InvoiceResource with tenant scope @ repetition 89 of 100[39m[90m      [39m [90m0.51s[39m  
  [32;1m✓[39;22m[90m [39m[90mFilament panel allows manager users to access InvoiceResource with tenant scope @ repetition 90 of 100[39m[90m      [39m [90m0.19s[39m  
  [32;1m✓[39;22m[90m [39m[90mFilament panel allows manager users to access InvoiceResource with tenant scope @ repetition 91 of 100[39m[90m      [39m [90m0.25s[39m  
  [32;1m✓[39;22m[90m [39m[90mFilament panel allows manager users to access InvoiceResource with tenant scope @ repetition 92 of 100[39m[90m      [39m [90m0.22s[39m  
  [32;1m✓[39;22m[90m [39m[90mFilament panel allows manager users to access InvoiceResource with tenant scope @ repetition 93 of 100[39m[90m      [39m [90m0.20s[39m  
  [32;1m✓[39;22m[90m [39m[90mFilament panel allows manager users to access InvoiceResource with tenant scope @ repetition 94 of 100[39m[90m      [39m [90m0.21s[39m  
  [32;1m✓[39;22m[90m [39m[90mFilament panel allows manager users to access InvoiceResource with tenant scope @ repetition 95 of 100[39m[90m      [39m [90m0.20s[39m  
  [32;1m✓[39;22m[90m [39m[90mFilament panel allows manager users to access InvoiceResource with tenant scope @ repetition 96 of 100[39m[90m      [39m [90m0.26s[39m  
  [32;1m✓[39;22m[90m [39m[90mFilament panel allows manager users to access InvoiceResource with tenant scope @ repetition 97 of 100[39m[90m      [39m [90m0.54s[39m  
  [32;1m✓[39;22m[90m [39m[90mFilament panel allows manager users to access InvoiceResource with tenant scope @ repetition 98 of 100[39m[90m      [39m [90m0.24s[39m  
  [32;1m✓[39;22m[90m [39m[90mFilament panel allows manager users to access InvoiceResource with tenant scope @ repetition 99 of 100[39m[90m      [39m [90m0.22s[39m  
  [32;1m✓[39;22m[90m [39m[90mFilament panel allows manager users to access InvoiceResource with tenant scope @ repetition 100 of 100[39m[90m     [39m [90m0.25s[39m  
  [32;1m✓[39;22m[90m [39m[90mFilament panel allows manager users to access BuildingResource with tenant scope @ repetition 1 of 100[39m[90m      [39m [90m0.52s[39m  
  [32;1m✓[39;22m[90m [39m[90mFilament panel allows manager users to access BuildingResource with tenant scope @ repetition 2 of 100[39m[90m      [39m [90m0.23s[39m  
  [32;1m✓[39;22m[90m [39m[90mFilament panel allows manager users to access BuildingResource with tenant scope @ repetition 3 of 100[39m[90m      [39m [90m0.21s[39m  
  [32;1m✓[39;22m[90m [39m[90mFilament panel allows manager users to access BuildingResource with tenant scope @ repetition 4 of 100[39m[90m      [39m [90m0.24s[39m  
  [32;1m✓[39;22m[90m [39m[90mFilament panel allows manager users to access BuildingResource with tenant scope @ repetition 5 of 100[39m[90m      [39m [90m0.28s[39m  
  [32;1m✓[39;22m[90m [39m[90mFilament panel allows manager users to access BuildingResource with tenant scope @ repetition 6 of 100[39m[90m      [39m [90m0.28s[39m  
  [32;1m✓[39;22m[90m [39m[90mFilament panel allows manager users to access BuildingResource with tenant scope @ repetition 7 of 100[39m[90m      [39m [90m0.22s[39m  
  [32;1m✓[39;22m[90m [39m[90mFilament panel allows manager users to access BuildingResource with tenant scope @ repetition 8 of 100[39m[90m      [39m [90m0.21s[39m  
  [32;1m✓[39;22m[90m [39m[90mFilament panel allows manager users to access BuildingResource with tenant scope @ repetition 9 of 100[39m[90m      [39m [90m0.49s[39m  
  [32;1m✓[39;22m[90m [39m[90mFilament panel allows manager users to access BuildingResource with tenant scope @ repetition 10 of 100[39m[90m     [39m [90m0.13s[39m  
  [32;1m✓[39;22m[90m [39m[90mFilament panel allows manager users to access BuildingResource with tenant scope @ repetition 11 of 100[39m[90m     [39m [90m0.20s[39m  
  [32;1m✓[39;22m[90m [39m[90mFilament panel allows manager users to access BuildingResource with tenant scope @ repetition 12 of 100[39m[90m     [39m [90m0.18s[39m  
  [32;1m✓[39;22m[90m [39m[90mFilament panel allows manager users to access BuildingResource with tenant scope @ repetition 13 of 100[39m[90m     [39m [90m0.17s[39m  
  [32;1m✓[39;22m[90m [39m[90mFilament panel allows manager users to access BuildingResource with tenant scope @ repetition 14 of 100[39m[90m     [39m [90m0.20s[39m  
  [32;1m✓[39;22m[90m [39m[90mFilament panel allows manager users to access BuildingResource with tenant scope @ repetition 15 of 100[39m[90m     [39m [90m0.20s[39m  
  [32;1m✓[39;22m[90m [39m[90mFilament panel allows manager users to access BuildingResource with tenant scope @ repetition 16 of 100[39m[90m     [39m [90m0.18s[39m  
  [32;1m✓[39;22m[90m [39m[90mFilament panel allows manager users to access BuildingResource with tenant scope @ repetition 17 of 100[39m[90m     [39m [90m0.54s[39m  
  [32;1m✓[39;22m[90m [39m[90mFilament panel allows manager users to access BuildingResource with tenant scope @ repetition 18 of 100[39m[90m     [39m [90m0.21s[39m  
  [32;1m✓[39;22m[90m [39m[90mFilament panel allows manager users to access BuildingResource with tenant scope @ repetition 19 of 100[39m[90m     [39m [90m0.23s[39m  
  [32;1m✓[39;22m[90m [39m[90mFilament panel allows manager users to access BuildingResource with tenant scope @ repetition 20 of 100[39m[90m     [39m [90m0.23s[39m  
  [32;1m✓[39;22m[90m [39m[90mFilament panel allows manager users to access BuildingResource with tenant scope @ repetition 21 of 100[39m[90m     [39m [90m0.19s[39m  
  [32;1m✓[39;22m[90m [39m[90mFilament panel allows manager users to access BuildingResource with tenant scope @ repetition 22 of 100[39m[90m     [39m [90m0.16s[39m  
  [32;1m✓[39;22m[90m [39m[90mFilament panel allows manager users to access BuildingResource with tenant scope @ repetition 23 of 100[39m[90m     [39m [90m0.19s[39m  
  [32;1m✓[39;22m[90m [39m[90mFilament panel allows manager users to access BuildingResource with tenant scope @ repetition 24 of 100[39m[90m     [39m [90m0.18s[39m  
  [32;1m✓[39;22m[90m [39m[90mFilament panel allows manager users to access BuildingResource with tenant scope @ repetition 25 of 100[39m[90m     [39m [90m0.42s[39m  
  [32;1m✓[39;22m[90m [39m[90mFilament panel allows manager users to access BuildingResource with tenant scope @ repetition 26 of 100[39m[90m     [39m [90m0.21s[39m  
  [32;1m✓[39;22m[90m [39m[90mFilament panel allows manager users to access BuildingResource with tenant scope @ repetition 27 of 100[39m[90m     [39m [90m0.22s[39m  
  [32;1m✓[39;22m[90m [39m[90mFilament panel allows manager users to access BuildingResource with tenant scope @ repetition 28 of 100[39m[90m     [39m [90m0.18s[39m  
  [32;1m✓[39;22m[90m [39m[90mFilament panel allows manager users to access BuildingResource with tenant scope @ repetition 29 of 100[39m[90m     [39m [90m0.17s[39m  
  [32;1m✓[39;22m[90m [39m[90mFilament panel allows manager users to access BuildingResource with tenant scope @ repetition 30 of 100[39m[90m     [39m [90m0.21s[39m  
  [32;1m✓[39;22m[90m [39m[90mFilament panel allows manager users to access BuildingResource with tenant scope @ repetition 31 of 100[39m[90m     [39m [90m0.16s[39m  
  [32;1m✓[39;22m[90m [39m[90mFilament panel allows manager users to access BuildingResource with tenant scope @ repetition 32 of 100[39m[90m     [39m [90m0.20s[39m  
  [32;1m✓[39;22m[90m [39m[90mFilament panel allows manager users to access BuildingResource with tenant scope @ repetition 33 of 100[39m[90m     [39m [90m0.56s[39m  
  [32;1m✓[39;22m[90m [39m[90mFilament panel allows manager users to access BuildingResource with tenant scope @ repetition 34 of 100[39m[90m     [39m [90m0.20s[39m  
  [32;1m✓[39;22m[90m [39m[90mFilament panel allows manager users to access BuildingResource with tenant scope @ repetition 35 of 100[39m[90m     [39m [90m0.21s[39m  
  [32;1m✓[39;22m[90m [39m[90mFilament panel allows manager users to access BuildingResource with tenant scope @ repetition 36 of 100[39m[90m     [39m [90m0.21s[39m  
  [32;1m✓[39;22m[90m [39m[90mFilament panel allows manager users to access BuildingResource with tenant scope @ repetition 37 of 100[39m[90m     [39m [90m0.22s[39m  
  [32;1m✓[39;22m[90m [39m[90mFilament panel allows manager users to access BuildingResource with tenant scope @ repetition 38 of 100[39m[90m     [39m [90m0.21s[39m  
  [32;1m✓[39;22m[90m [39m[90mFilament panel allows manager users to access BuildingResource with tenant scope @ repetition 39 of 100[39m[90m     [39m [90m0.19s[39m  
  [32;1m✓[39;22m[90m [39m[90mFilament panel allows manager users to access BuildingResource with tenant scope @ repetition 40 of 100[39m[90m     [39m [90m0.22s[39m  
  [32;1m✓[39;22m[90m [39m[90mFilament panel allows manager users to access BuildingResource with tenant scope @ repetition 41 of 100[39m[90m     [39m [90m0.58s[39m  
  [32;1m✓[39;22m[90m [39m[90mFilament panel allows manager users to access BuildingResource with tenant scope @ repetition 42 of 100[39m[90m     [39m [90m0.30s[39m  
  [32;1m✓[39;22m[90m [39m[90mFilament panel allows manager users to access BuildingResource with tenant scope @ repetition 43 of 100[39m[90m     [39m [90m0.22s[39m  
  [32;1m✓[39;22m[90m [39m[90mFilament panel allows manager users to access BuildingResource with tenant scope @ repetition 44 of 100[39m[90m     [39m [90m0.24s[39m  
  [32;1m✓[39;22m[90m [39m[90mFilament panel allows manager users to access BuildingResource with tenant scope @ repetition 45 of 100[39m[90m     [39m [90m0.26s[39m  
  [32;1m✓[39;22m[90m [39m[90mFilament panel allows manager users to access BuildingResource with tenant scope @ repetition 46 of 100[39m[90m     [39m [90m0.22s[39m  
  [32;1m✓[39;22m[90m [39m[90mFilament panel allows manager users to access BuildingResource with tenant scope @ repetition 47 of 100[39m[90m     [39m [90m0.24s[39m  
  [32;1m✓[39;22m[90m [39m[90mFilament panel allows manager users to access BuildingResource with tenant scope @ repetition 48 of 100[39m[90m     [39m [90m0.19s[39m  
  [32;1m✓[39;22m[90m [39m[90mFilament panel allows manager users to access BuildingResource with tenant scope @ repetition 49 of 100[39m[90m     [39m [90m0.60s[39m  
  [32;1m✓[39;22m[90m [39m[90mFilament panel allows manager users to access BuildingResource with tenant scope @ repetition 50 of 100[39m[90m     [39m [90m0.21s[39m  
  [32;1m✓[39;22m[90m [39m[90mFilament panel allows manager users to access BuildingResource with tenant scope @ repetition 51 of 100[39m[90m     [39m [90m0.21s[39m  
  [32;1m✓[39;22m[90m [39m[90mFilament panel allows manager users to access BuildingResource with tenant scope @ repetition 52 of 100[39m[90m     [39m [90m0.23s[39m  
  [32;1m✓[39;22m[90m [39m[90mFilament panel allows manager users to access BuildingResource with tenant scope @ repetition 53 of 100[39m[90m     [39m [90m0.22s[39m  
  [32;1m✓[39;22m[90m [39m[90mFilament panel allows manager users to access BuildingResource with tenant scope @ repetition 54 of 100[39m[90m     [39m [90m0.22s[39m  
  [32;1m✓[39;22m[90m [39m[90mFilament panel allows manager users to access BuildingResource with tenant scope @ repetition 55 of 100[39m[90m     [39m [90m0.23s[39m  
  [32;1m✓[39;22m[90m [39m[90mFilament panel allows manager users to access BuildingResource with tenant scope @ repetition 56 of 100[39m[90m     [39m [90m0.19s[39m  
  [32;1m✓[39;22m[90m [39m[90mFilament panel allows manager users to access BuildingResource with tenant scope @ repetition 57 of 100[39m[90m     [39m [90m0.55s[39m  
  [32;1m✓[39;22m[90m [39m[90mFilament panel allows manager users to access BuildingResource with tenant scope @ repetition 58 of 100[39m[90m     [39m [90m0.20s[39m  
  [32;1m✓[39;22m[90m [39m[90mFilament panel allows manager users to access BuildingResource with tenant scope @ repetition 59 of 100[39m[90m     [39m [90m0.22s[39m  
  [32;1m✓[39;22m[90m [39m[90mFilament panel allows manager users to access BuildingResource with tenant scope @ repetition 60 of 100[39m[90m     [39m [90m0.19s[39m  
  [32;1m✓[39;22m[90m [39m[90mFilament panel allows manager users to access BuildingResource with tenant scope @ repetition 61 of 100[39m[90m     [39m [90m0.19s[39m  
  [32;1m✓[39;22m[90m [39m[90mFilament panel allows manager users to access BuildingResource with tenant scope @ repetition 62 of 100[39m[90m     [39m [90m0.19s[39m  
  [32;1m✓[39;22m[90m [39m[90mFilament panel allows manager users to access BuildingResource with tenant scope @ repetition 63 of 100[39m[90m     [39m [90m0.17s[39m  
  [32;1m✓[39;22m[90m [39m[90mFilament panel allows manager users to access BuildingResource with tenant scope @ repetition 64 of 100[39m[90m     [39m [90m0.21s[39m  
  [32;1m✓[39;22m[90m [39m[90mFilament panel allows manager users to access BuildingResource with tenant scope @ repetition 65 of 100[39m[90m     [39m [90m0.56s[39m  
  [32;1m✓[39;22m[90m [39m[90mFilament panel allows manager users to access BuildingResource with tenant scope @ repetition 66 of 100[39m[90m     [39m [90m0.21s[39m  
  [32;1m✓[39;22m[90m [39m[90mFilament panel allows manager users to access BuildingResource with tenant scope @ repetition 67 of 100[39m[90m     [39m [90m0.19s[39m  
  [32;1m✓[39;22m[90m [39m[90mFilament panel allows manager users to access BuildingResource with tenant scope @ repetition 68 of 100[39m[90m     [39m [90m0.21s[39m  
  [32;1m✓[39;22m[90m [39m[90mFilament panel allows manager users to access BuildingResource with tenant scope @ repetition 69 of 100[39m[90m     [39m [90m0.25s[39m  
  [32;1m✓[39;22m[90m [39m[90mFilament panel allows manager users to access BuildingResource with tenant scope @ repetition 70 of 100[39m[90m     [39m [90m0.17s[39m  
  [32;1m✓[39;22m[90m [39m[90mFilament panel allows manager users to access BuildingResource with tenant scope @ repetition 71 of 100[39m[90m     [39m [90m0.20s[39m  
  [32;1m✓[39;22m[90m [39m[90mFilament panel allows manager users to access BuildingResource with tenant scope @ repetition 72 of 100[39m[90m     [39m [90m0.20s[39m  
  [32;1m✓[39;22m[90m [39m[90mFilament panel allows manager users to access BuildingResource with tenant scope @ repetition 73 of 100[39m[90m     [39m [90m0.54s[39m  
  [32;1m✓[39;22m[90m [39m[90mFilament panel allows manager users to access BuildingResource with tenant scope @ repetition 74 of 100[39m[90m     [39m [90m0.18s[39m  
  [32;1m✓[39;22m[90m [39m[90mFilament panel allows manager users to access BuildingResource with tenant scope @ repetition 75 of 100[39m[90m     [39m [90m0.25s[39m  
  [32;1m✓[39;22m[90m [39m[90mFilament panel allows manager users to access BuildingResource with tenant scope @ repetition 76 of 100[39m[90m     [39m [90m0.20s[39m  
  [32;1m✓[39;22m[90m [39m[90mFilament panel allows manager users to access BuildingResource with tenant scope @ repetition 77 of 100[39m[90m     [39m [90m0.21s[39m  
  [32;1m✓[39;22m[90m [39m[90mFilament panel allows manager users to access BuildingResource with tenant scope @ repetition 78 of 100[39m[90m     [39m [90m0.23s[39m  
  [32;1m✓[39;22m[90m [39m[90mFilament panel allows manager users to access BuildingResource with tenant scope @ repetition 79 of 100[39m[90m     [39m [90m0.23s[39m  
  [32;1m✓[39;22m[90m [39m[90mFilament panel allows manager users to access BuildingResource with tenant scope @ repetition 80 of 100[39m[90m     [39m [90m0.24s[39m  
  [32;1m✓[39;22m[90m [39m[90mFilament panel allows manager users to access BuildingResource with tenant scope @ repetition 81 of 100[39m[90m     [39m [90m0.52s[39m  
  [32;1m✓[39;22m[90m [39m[90mFilament panel allows manager users to access BuildingResource with tenant scope @ repetition 82 of 100[39m[90m     [39m [90m0.19s[39m  
  [32;1m✓[39;22m[90m [39m[90mFilament panel allows manager users to access BuildingResource with tenant scope @ repetition 83 of 100[39m[90m     [39m [90m0.21s[39m  
  [32;1m✓[39;22m[90m [39m[90mFilament panel allows manager users to access BuildingResource with tenant scope @ repetition 84 of 100[39m[90m     [39m [90m0.18s[39m  
  [32;1m✓[39;22m[90m [39m[90mFilament panel allows manager users to access BuildingResource with tenant scope @ repetition 85 of 100[39m[90m     [39m [90m0.11s[39m  
  [32;1m✓[39;22m[90m [39m[90mFilament panel allows manager users to access BuildingResource with tenant scope @ repetition 86 of 100[39m[90m     [39m [90m0.17s[39m  
  [32;1m✓[39;22m[90m [39m[90mFilament panel allows manager users to access BuildingResource with tenant scope @ repetition 87 of 100[39m[90m     [39m [90m0.23s[39m  
  [32;1m✓[39;22m[90m [39m[90mFilament panel allows manager users to access BuildingResource with tenant scope @ repetition 88 of 100[39m[90m     [39m [90m0.20s[39m  
  [32;1m✓[39;22m[90m [39m[90mFilament panel allows manager users to access BuildingResource with tenant scope @ repetition 89 of 100[39m[90m     [39m [90m0.48s[39m  
  [32;1m✓[39;22m[90m [39m[90mFilament panel allows manager users to access BuildingResource with tenant scope @ repetition 90 of 100[39m[90m     [39m [90m0.27s[39m  
  [32;1m✓[39;22m[90m [39m[90mFilament panel allows manager users to access BuildingResource with tenant scope @ repetition 91 of 100[39m[90m     [39m [90m0.19s[39m  
  [32;1m✓[39;22m[90m [39m[90mFilament panel allows manager users to access BuildingResource with tenant scope @ repetition 92 of 100[39m[90m     [39m [90m0.27s[39m  
  [32;1m✓[39;22m[90m [39m[90mFilament panel allows manager users to access BuildingResource with tenant scope @ repetition 93 of 100[39m[90m     [39m [90m0.25s[39m  
  [32;1m✓[39;22m[90m [39m[90mFilament panel allows manager users to access BuildingResource with tenant scope @ repetition 94 of 100[39m[90m     [39m [90m0.23s[39m  
  [32;1m✓[39;22m[90m [39m[90mFilament panel allows manager users to access BuildingResource with tenant scope @ repetition 95 of 100[39m[90m     [39m [90m0.25s[39m  
  [32;1m✓[39;22m[90m [39m[90mFilament panel allows manager users to access BuildingResource with tenant scope @ repetition 96 of 100[39m[90m     [39m [90m0.23s[39m  
  [32;1m✓[39;22m[90m [39m[90mFilament panel allows manager users to access BuildingResource with tenant scope @ repetition 97 of 100[39m[90m     [39m [90m0.52s[39m  
  [32;1m✓[39;22m[90m [39m[90mFilament panel allows manager users to access BuildingResource with tenant scope @ repetition 98 of 100[39m[90m     [39m [90m0.24s[39m  
  [32;1m✓[39;22m[90m [39m[90mFilament panel allows manager users to access BuildingResource with tenant scope @ repetition 99 of 100[39m[90m     [39m [90m0.20s[39m  
  [32;1m✓[39;22m[90m [39m[90mFilament panel allows manager users to access BuildingResource with tenant scope @ repetition 100 of 100[39m[90m    [39m [90m0.22s[39m  
  [31;1m⨯[39;22m[90m [39m[90mFilament panel denies manager users from accessing UserResource @ repetition 1 of 100[39m[90m                       [39m [90m0.54s[39m  
  [31;1m⨯[39;22m[90m [39m[90mFilament panel denies manager users from accessing UserResource @ repetition 2 of 100[39m[90m                       [39m [90m0.21s[39m  
  [31;1m⨯[39;22m[90m [39m[90mFilament panel denies manager users from accessing UserResource @ repetition 3 of 100[39m[90m                       [39m [90m0.17s[39m  
  [31;1m⨯[39;22m[90m [39m[90mFilament panel denies manager users from accessing UserResource @ repetition 4 of 100[39m[90m                       [39m [90m0.18s[39m  
  [31;1m⨯[39;22m[90m [39m[90mFilament panel denies manager users from accessing UserResource @ repetition 5 of 100[39m[90m                       [39m [90m0.21s[39m  
  [31;1m⨯[39;22m[90m [39m[90mFilament panel denies manager users from accessing UserResource @ repetition 6 of 100[39m[90m                       [39m [90m0.22s[39m  
  [31;1m⨯[39;22m[90m [39m[90mFilament panel denies manager users from accessing UserResource @ repetition 7 of 100[39m[90m                       [39m [90m0.25s[39m  
  [31;1m⨯[39;22m[90m [39m[90mFilament panel denies manager users from accessing UserResource @ repetition 8 of 100[39m[90m                       [39m [90m0.22s[39m  
  [31;1m⨯[39;22m[90m [39m[90mFilament panel denies manager users from accessing UserResource @ repetition 9 of 100[39m[90m                       [39m [90m0.58s[39m  
  [31;1m⨯[39;22m[90m [39m[90mFilament panel denies manager users from accessing UserResource @ repetition 10 of 100[39m[90m                      [39m [90m0.19s[39m  
  [31;1m⨯[39;22m[90m [39m[90mFilament panel denies manager users from accessing UserResource @ repetition 11 of 100[39m[90m                      [39m [90m0.18s[39m  
  [31;1m⨯[39;22m[90m [39m[90mFilament panel denies manager users from accessing UserResource @ repetition 12 of 100[39m[90m                      [39m [90m0.19s[39m  
  [31;1m⨯[39;22m[90m [39m[90mFilament panel denies manager users from accessing UserResource @ repetition 13 of 100[39m[90m                      [39m [90m0.19s[39m  
  [31;1m⨯[39;22m[90m [39m[90mFilament panel denies manager users from accessing UserResource @ repetition 14 of 100[39m[90m                      [39m [90m0.25s[39m  
  [31;1m⨯[39;22m[90m [39m[90mFilament panel denies manager users from accessing UserResource @ repetition 15 of 100[39m[90m                      [39m [90m0.26s[39m  
  [31;1m⨯[39;22m[90m [39m[90mFilament panel denies manager users from accessing UserResource @ repetition 16 of 100[39m[90m                      [39m [90m0.25s[39m  
  [31;1m⨯[39;22m[90m [39m[90mFilament panel denies manager users from accessing UserResource @ repetition 17 of 100[39m[90m                      [39m [90m0.50s[39m  
  [31;1m⨯[39;22m[90m [39m[90mFilament panel denies manager users from accessing UserResource @ repetition 18 of 100[39m[90m                      [39m [90m0.20s[39m  
  [31;1m⨯[39;22m[90m [39m[90mFilament panel denies manager users from accessing UserResource @ repetition 19 of 100[39m[90m                      [39m [90m0.21s[39m  
  [31;1m⨯[39;22m[90m [39m[90mFilament panel denies manager users from accessing UserResource @ repetition 20 of 100[39m[90m                      [39m [90m0.18s[39m  
  [31;1m⨯[39;22m[90m [39m[90mFilament panel denies manager users from accessing UserResource @ repetition 21 of 100[39m[90m                      [39m [90m0.20s[39m  
  [31;1m⨯[39;22m[90m [39m[90mFilament panel denies manager users from accessing UserResource @ repetition 22 of 100[39m[90m                      [39m [90m0.18s[39m  
  [31;1m⨯[39;22m[90m [39m[90mFilament panel denies manager users from accessing UserResource @ repetition 23 of 100[39m[90m                      [39m [90m0.20s[39m  
  [31;1m⨯[39;22m[90m [39m[90mFilament panel denies manager users from accessing UserResource @ repetition 24 of 100[39m[90m                      [39m [90m0.25s[39m  
  [31;1m⨯[39;22m[90m [39m[90mFilament panel denies manager users from accessing UserResource @ repetition 25 of 100[39m[90m                      [39m [90m0.65s[39m  
  [31;1m⨯[39;22m[90m [39m[90mFilament panel denies manager users from accessing UserResource @ repetition 26 of 100[39m[90m                      [39m [90m0.25s[39m  
  [31;1m⨯[39;22m[90m [39m[90mFilament panel denies manager users from accessing UserResource @ repetition 27 of 100[39m[90m                      [39m [90m0.20s[39m  
  [31;1m⨯[39;22m[90m [39m[90mFilament panel denies manager users from accessing UserResource @ repetition 28 of 100[39m[90m                      [39m [90m0.22s[39m  
  [31;1m⨯[39;22m[90m [39m[90mFilament panel denies manager users from accessing UserResource @ repetition 29 of 100[39m[90m                      [39m [90m0.21s[39m  
  [31;1m⨯[39;22m[90m [39m[90mFilament panel denies manager users from accessing UserResource @ repetition 30 of 100[39m[90m                      [39m [90m0.24s[39m  
  [31;1m⨯[39;22m[90m [39m[90mFilament panel denies manager users from accessing UserResource @ repetition 31 of 100[39m[90m                      [39m [90m0.25s[39m  
  [31;1m⨯[39;22m[90m [39m[90mFilament panel denies manager users from accessing UserResource @ repetition 32 of 100[39m[90m                      [39m [90m0.23s[39m  
  [31;1m⨯[39;22m[90m [39m[90mFilament panel denies manager users from accessing UserResource @ repetition 33 of 100[39m[90m                      [39m [90m0.58s[39m  
  [31;1m⨯[39;22m[90m [39m[90mFilament panel denies manager users from accessing UserResource @ repetition 34 of 100[39m[90m                      [39m [90m0.25s[39m  
  [31;1m⨯[39;22m[90m [39m[90mFilament panel denies manager users from accessing UserResource @ repetition 35 of 100[39m[90m                      [39m [90m0.22s[39m  
  [31;1m⨯[39;22m[90m [39m[90mFilament panel denies manager users from accessing UserResource @ repetition 36 of 100[39m[90m                      [39m [90m0.26s[39m  
  [31;1m⨯[39;22m[90m [39m[90mFilament panel denies manager users from accessing UserResource @ repetition 37 of 100[39m[90m                      [39m [90m0.24s[39m  
  [31;1m⨯[39;22m[90m [39m[90mFilament panel denies manager users from accessing UserResource @ repetition 38 of 100[39m[90m                      [39m [90m0.27s[39m  
  [31;1m⨯[39;22m[90m [39m[90mFilament panel denies manager users from accessing UserResource @ repetition 39 of 100[39m[90m                      [39m [90m0.26s[39m  
  [31;1m⨯[39;22m[90m [39m[90mFilament panel denies manager users from accessing UserResource @ repetition 40 of 100[39m[90m                      [39m [90m0.31s[39m  
  [31;1m⨯[39;22m[90m [39m[90mFilament panel denies manager users from accessing UserResource @ repetition 41 of 100[39m[90m                      [39m [90m0.60s[39m  
  [31;1m⨯[39;22m[90m [39m[90mFilament panel denies manager users from accessing UserResource @ repetition 42 of 100[39m[90m                      [39m [90m0.24s[39m  
  [31;1m⨯[39;22m[90m [39m[90mFilament panel denies manager users from accessing UserResource @ repetition 43 of 100[39m[90m                      [39m [90m0.23s[39m  
  [31;1m⨯[39;22m[90m [39m[90mFilament panel denies manager users from accessing UserResource @ repetition 44 of 100[39m[90m                      [39m [90m0.23s[39m  
  [31;1m⨯[39;22m[90m [39m[90mFilament panel denies manager users from accessing UserResource @ repetition 45 of 100[39m[90m                      [39m [90m0.22s[39m  
  [31;1m⨯[39;22m[90m [39m[90mFilament panel denies manager users from accessing UserResource @ repetition 46 of 100[39m[90m                      [39m [90m0.20s[39m  
  [31;1m⨯[39;22m[90m [39m[90mFilament panel denies manager users from accessing UserResource @ repetition 47 of 100[39m[90m                      [39m [90m0.23s[39m  
  [31;1m⨯[39;22m[90m [39m[90mFilament panel denies manager users from accessing UserResource @ repetition 48 of 100[39m[90m                      [39m [90m0.24s[39m  
  [31;1m⨯[39;22m[90m [39m[90mFilament panel denies manager users from accessing UserResource @ repetition 49 of 100[39m[90m                      [39m [90m0.61s[39m  
  [31;1m⨯[39;22m[90m [39m[90mFilament panel denies manager users from accessing UserResource @ repetition 50 of 100[39m[90m                      [39m [90m0.30s[39m  
  [31;1m⨯[39;22m[90m [39m[90mFilament panel denies manager users from accessing UserResource @ repetition 51 of 100[39m[90m                      [39m [90m0.25s[39m  
  [31;1m⨯[39;22m[90m [39m[90mFilament panel denies manager users from accessing UserResource @ repetition 52 of 100[39m[90m                      [39m [90m0.19s[39m  
  [31;1m⨯[39;22m[90m [39m[90mFilament panel denies manager users from accessing UserResource @ repetition 53 of 100[39m[90m                      [39m [90m0.21s[39m  
  [31;1m⨯[39;22m[90m [39m[90mFilament panel denies manager users from accessing UserResource @ repetition 54 of 100[39m[90m                      [39m [90m0.24s[39m  
  [31;1m⨯[39;22m[90m [39m[90mFilament panel denies manager users from accessing UserResource @ repetition 55 of 100[39m[90m                      [39m [90m0.22s[39m  
  [31;1m⨯[39;22m[90m [39m[90mFilament panel denies manager users from accessing UserResource @ repetition 56 of 100[39m[90m                      [39m [90m0.20s[39m  
  [31;1m⨯[39;22m[90m [39m[90mFilament panel denies manager users from accessing UserResource @ repetition 57 of 100[39m[90m                      [39m [90m0.61s[39m  
  [31;1m⨯[39;22m[90m [39m[90mFilament panel denies manager users from accessing UserResource @ repetition 58 of 100[39m[90m                      [39m [90m0.29s[39m  
  [31;1m⨯[39;22m[90m [39m[90mFilament panel denies manager users from accessing UserResource @ repetition 59 of 100[39m[90m                      [39m [90m0.31s[39m  
  [31;1m⨯[39;22m[90m [39m[90mFilament panel denies manager users from accessing UserResource @ repetition 60 of 100[39m[90m                      [39m [90m0.26s[39m  
  [31;1m⨯[39;22m[90m [39m[90mFilament panel denies manager users from accessing UserResource @ repetition 61 of 100[39m[90m                      [39m [90m0.24s[39m  
  [31;1m⨯[39;22m[90m [39m[90mFilament panel denies manager users from accessing UserResource @ repetition 62 of 100[39m[90m                      [39m [90m0.26s[39m  
  [31;1m⨯[39;22m[90m [39m[90mFilament panel denies manager users from accessing UserResource @ repetition 63 of 100[39m[90m                      [39m [90m0.20s[39m  
  [31;1m⨯[39;22m[90m [39m[90mFilament panel denies manager users from accessing UserResource @ repetition 64 of 100[39m[90m                      [39m [90m0.23s[39m  
  [31;1m⨯[39;22m[90m [39m[90mFilament panel denies manager users from accessing UserResource @ repetition 65 of 100[39m[90m                      [39m [90m0.57s[39m  
  [31;1m⨯[39;22m[90m [39m[90mFilament panel denies manager users from accessing UserResource @ repetition 66 of 100[39m[90m                      [39m [90m0.21s[39m  
  [31;1m⨯[39;22m[90m [39m[90mFilament panel denies manager users from accessing UserResource @ repetition 67 of 100[39m[90m                      [39m [90m0.25s[39m  
  [31;1m⨯[39;22m[90m [39m[90mFilament panel denies manager users from accessing UserResource @ repetition 68 of 100[39m[90m                      [39m [90m0.24s[39m  
  [31;1m⨯[39;22m[90m [39m[90mFilament panel denies manager users from accessing UserResource @ repetition 69 of 100[39m[90m                      [39m [90m0.24s[39m  
  [31;1m⨯[39;22m[90m [39m[90mFilament panel denies manager users from accessing UserResource @ repetition 70 of 100[39m[90m                      [39m [90m0.23s[39m  
  [31;1m⨯[39;22m[90m [39m[90mFilament panel denies manager users from accessing UserResource @ repetition 71 of 100[39m[90m                      [39m [90m0.26s[39m  
  [31;1m⨯[39;22m[90m [39m[90mFilament panel denies manager users from accessing UserResource @ repetition 72 of 100[39m[90m                      [39m [90m0.26s[39m  
  [31;1m⨯[39;22m[90m [39m[90mFilament panel denies manager users from accessing UserResource @ repetition 73 of 100[39m[90m                      [39m [90m0.65s[39m  
  [31;1m⨯[39;22m[90m [39m[90mFilament panel denies manager users from accessing UserResource @ repetition 74 of 100[39m[90m                      [39m [90m0.27s[39m  
  [31;1m⨯[39;22m[90m [39m[90mFilament panel denies manager users from accessing UserResource @ repetition 75 of 100[39m[90m                      [39m [90m0.23s[39m  
  [31;1m⨯[39;22m[90m [39m[90mFilament panel denies manager users from accessing UserResource @ repetition 76 of 100[39m[90m                      [39m [90m0.26s[39m  
  [31;1m⨯[39;22m[90m [39m[90mFilament panel denies manager users from accessing UserResource @ repetition 77 of 100[39m[90m                      [39m [90m0.23s[39m  
  [31;1m⨯[39;22m[90m [39m[90mFilament panel denies manager users from accessing UserResource @ repetition 78 of 100[39m[90m                      [39m [90m0.25s[39m  
  [31;1m⨯[39;22m[90m [39m[90mFilament panel denies manager users from accessing UserResource @ repetition 79 of 100[39m[90m                      [39m [90m0.24s[39m  
  [31;1m⨯[39;22m[90m [39m[90mFilament panel denies manager users from accessing UserResource @ repetition 80 of 100[39m[90m                      [39m [90m0.26s[39m  
  [31;1m⨯[39;22m[90m [39m[90mFilament panel denies manager users from accessing UserResource @ repetition 81 of 100[39m[90m                      [39m [90m0.71s[39m  
  [31;1m⨯[39;22m[90m [39m[90mFilament panel denies manager users from accessing UserResource @ repetition 82 of 100[39m[90m                      [39m [90m0.36s[39m  
  [31;1m⨯[39;22m[90m [39m[90mFilament panel denies manager users from accessing UserResource @ repetition 83 of 100[39m[90m                      [39m [90m0.29s[39m  
  [31;1m⨯[39;22m[90m [39m[90mFilament panel denies manager users from accessing UserResource @ repetition 84 of 100[39m[90m                      [39m [90m0.29s[39m  
  [31;1m⨯[39;22m[90m [39m[90mFilament panel denies manager users from accessing UserResource @ repetition 85 of 100[39m[90m                      [39m [90m0.31s[39m  
  [31;1m⨯[39;22m[90m [39m[90mFilament panel denies manager users from accessing UserResource @ repetition 86 of 100[39m[90m                      [39m [90m0.25s[39m  
  [31;1m⨯[39;22m[90m [39m[90mFilament panel denies manager users from accessing UserResource @ repetition 87 of 100[39m[90m                      [39m [90m0.25s[39m  
  [31;1m⨯[39;22m[90m [39m[90mFilament panel denies manager users from accessing UserResource @ repetition 88 of 100[39m[90m                      [39m [90m0.27s[39m  
  [31;1m⨯[39;22m[90m [39m[90mFilament panel denies manager users from accessing UserResource @ repetition 89 of 100[39m[90m                      [39m [90m0.61s[39m  
  [31;1m⨯[39;22m[90m [39m[90mFilament panel denies manager users from accessing UserResource @ repetition 90 of 100[39m[90m                      [39m [90m0.30s[39m  
  [31;1m⨯[39;22m[90m [39m[90mFilament panel denies manager users from accessing UserResource @ repetition 91 of 100[39m[90m                      [39m [90m0.33s[39m  
  [31;1m⨯[39;22m[90m [39m[90mFilament panel denies manager users from accessing UserResource @ repetition 92 of 100[39m[90m                      [39m [90m0.25s[39m  
  [31;1m⨯[39;22m[90m [39m[90mFilament panel denies manager users from accessing UserResource @ repetition 93 of 100[39m[90m                      [39m [90m0.22s[39m  
  [31;1m⨯[39;22m[90m [39m[90mFilament panel denies manager users from accessing UserResource @ repetition 94 of 100[39m[90m                      [39m [90m0.30s[39m  
  [31;1m⨯[39;22m[90m [39m[90mFilament panel denies manager users from accessing UserResource @ repetition 95 of 100[39m[90m                      [39m [90m0.26s[39m  
  [31;1m⨯[39;22m[90m [39m[90mFilament panel denies manager users from accessing UserResource @ repetition 96 of 100[39m[90m                      [39m [90m0.22s[39m  
  [31;1m⨯[39;22m[90m [39m[90mFilament panel denies manager users from accessing UserResource @ repetition 97 of 100[39m[90m                      [39m [90m0.72s[39m  
  [31;1m⨯[39;22m[90m [39m[90mFilament panel denies manager users from accessing UserResource @ repetition 98 of 100[39m[90m                      [39m [90m0.34s[39m  
  [31;1m⨯[39;22m[90m [39m[90mFilament panel denies manager users from accessing UserResource @ repetition 99 of 100[39m[90m                      [39m [90m0.23s[39m  
  [31;1m⨯[39;22m[90m [39m[90mFilament panel denies manager users from accessing UserResource @ repetition 100 of 100[39m[90m                     [39m [90m0.32s[39m  
  [31;1m⨯[39;22m[90m [39m[90mFilament panel denies manager users from accessing TariffResource @ repetition 1 of 100[39m[90m                     [39m [90m0.63s[39m  
  [31;1m⨯[39;22m[90m [39m[90mFilament panel denies manager users from accessing TariffResource @ repetition 2 of 100[39m[90m                     [39m [90m0.37s[39m  
  [31;1m⨯[39;22m[90m [39m[90mFilament panel denies manager users from accessing TariffResource @ repetition 3 of 100[39m[90m                     [39m [90m0.37s[39m  
  [31;1m⨯[39;22m[90m [39m[90mFilament panel denies manager users from accessing TariffResource @ repetition 4 of 100[39m[90m                     [39m [90m0.33s[39m  
  [31;1m⨯[39;22m[90m [39m[90mFilament panel denies manager users from accessing TariffResource @ repetition 5 of 100[39m[90m                     [39m [90m0.30s[39m  
  [31;1m⨯[39;22m[90m [39m[90mFilament panel denies manager users from accessing TariffResource @ repetition 6 of 100[39m[90m                     [39m [90m0.29s[39m  
  [31;1m⨯[39;22m[90m [39m[90mFilament panel denies manager users from accessing TariffResource @ repetition 7 of 100[39m[90m                     [39m [90m0.29s[39m  
  [31;1m⨯[39;22m[90m [39m[90mFilament panel denies manager users from accessing TariffResource @ repetition 8 of 100[39m[90m                     [39m [90m0.27s[39m  
  [31;1m⨯[39;22m[90m [39m[90mFilament panel denies manager users from accessing TariffResource @ repetition 9 of 100[39m[90m                     [39m [90m0.74s[39m  
  [31;1m⨯[39;22m[90m [39m[90mFilament panel denies manager users from accessing TariffResource @ repetition 10 of 100[39m[90m                    [39m [90m0.30s[39m  
  [31;1m⨯[39;22m[90m [39m[90mFilament panel denies manager users from accessing TariffResource @ repetition 11 of 100[39m[90m                    [39m [90m0.34s[39m  
  [31;1m⨯[39;22m[90m [39m[90mFilament panel denies manager users from accessing TariffResource @ repetition 12 of 100[39m[90m                    [39m [90m0.35s[39m  
  [31;1m⨯[39;22m[90m [39m[90mFilament panel denies manager users from accessing TariffResource @ repetition 13 of 100[39m[90m                    [39m [90m0.36s[39m  
  [31;1m⨯[39;22m[90m [39m[90mFilament panel denies manager users from accessing TariffResource @ repetition 14 of 100[39m[90m                    [39m [90m0.32s[39m  
  [31;1m⨯[39;22m[90m [39m[90mFilament panel denies manager users from accessing TariffResource @ repetition 15 of 100[39m[90m                    [39m [90m0.39s[39m  
  [31;1m⨯[39;22m[90m [39m[90mFilament panel denies manager users from accessing TariffResource @ repetition 16 of 100[39m[90m                    [39m [90m0.36s[39m  
  [31;1m⨯[39;22m[90m [39m[90mFilament panel denies manager users from accessing TariffResource @ repetition 17 of 100[39m[90m                    [39m [90m0.78s[39m  
  [31;1m⨯[39;22m[90m [39m[90mFilament panel denies manager users from accessing TariffResource @ repetition 18 of 100[39m[90m                    [39m [90m0.39s[39m  
  [31;1m⨯[39;22m[90m [39m[90mFilament panel denies manager users from accessing TariffResource @ repetition 19 of 100[39m[90m                    [39m [90m0.35s[39m  
  [31;1m⨯[39;22m[90m [39m[90mFilament panel denies manager users from accessing TariffResource @ repetition 20 of 100[39m[90m                    [39m [90m0.40s[39m  
  [31;1m⨯[39;22m[90m [39m[90mFilament panel denies manager users from accessing TariffResource @ repetition 21 of 100[39m[90m                    [39m [90m0.39s[39m  
  [31;1m⨯[39;22m[90m [39m[90mFilament panel denies manager users from accessing TariffResource @ repetition 22 of 100[39m[90m                    [39m [90m0.38s[39m  
  [31;1m⨯[39;22m[90m [39m[90mFilament panel denies manager users from accessing TariffResource @ repetition 23 of 100[39m[90m                    [39m [90m0.28s[39m  
  [31;1m⨯[39;22m[90m [39m[90mFilament panel denies manager users from accessing TariffResource @ repetition 24 of 100[39m[90m                    [39m [90m0.30s[39m  
  [31;1m⨯[39;22m[90m [39m[90mFilament panel denies manager users from accessing TariffResource @ repetition 25 of 100[39m[90m                    [39m [90m0.85s[39m  
  [31;1m⨯[39;22m[90m [39m[90mFilament panel denies manager users from accessing TariffResource @ repetition 26 of 100[39m[90m                    [39m [90m0.30s[39m  
  [31;1m⨯[39;22m[90m [39m[90mFilament panel denies manager users from accessing TariffResource @ repetition 27 of 100[39m[90m                    [39m [90m0.33s[39m  
  [31;1m⨯[39;22m[90m [39m[90mFilament panel denies manager users from accessing TariffResource @ repetition 28 of 100[39m[90m                    [39m [90m0.31s[39m  
  [31;1m⨯[39;22m[90m [39m[90mFilament panel denies manager users from accessing TariffResource @ repetition 29 of 100[39m[90m                    [39m [90m0.35s[39m  
  [31;1m⨯[39;22m[90m [39m[90mFilament panel denies manager users from accessing TariffResource @ repetition 30 of 100[39m[90m                    [39m [90m0.35s[39m  
  [31;1m⨯[39;22m[90m [39m[90mFilament panel denies manager users from accessing TariffResource @ repetition 31 of 100[39m[90m                    [39m [90m0.28s[39m  
  [31;1m⨯[39;22m[90m [39m[90mFilament panel denies manager users from accessing TariffResource @ repetition 32 of 100[39m[90m                    [39m [90m0.35s[39m  
  [31;1m⨯[39;22m[90m [39m[90mFilament panel denies manager users from accessing TariffResource @ repetition 33 of 100[39m[90m                    [39m [90m0.81s[39m  
  [31;1m⨯[39;22m[90m [39m[90mFilament panel denies manager users from accessing TariffResource @ repetition 34 of 100[39m[90m                    [39m [90m0.27s[39m  
  [31;1m⨯[39;22m[90m [39m[90mFilament panel denies manager users from accessing TariffResource @ repetition 35 of 100[39m[90m                    [39m [90m0.39s[39m  
  [31;1m⨯[39;22m[90m [39m[90mFilament panel denies manager users from accessing TariffResource @ repetition 36 of 100[39m[90m                    [39m [90m0.34s[39m  
  [31;1m⨯[39;22m[90m [39m[90mFilament panel denies manager users from accessing TariffResource @ repetition 37 of 100[39m[90m                    [39m [90m0.26s[39m  
  [31;1m⨯[39;22m[90m [39m[90mFilament panel denies manager users from accessing TariffResource @ repetition 38 of 100[39m[90m                    [39m [90m0.34s[39m  
  [31;1m⨯[39;22m[90m [39m[90mFilament panel denies manager users from accessing TariffResource @ repetition 39 of 100[39m[90m                    [39m [90m0.38s[39m  
  [31;1m⨯[39;22m[90m [39m[90mFilament panel denies manager users from accessing TariffResource @ repetition 40 of 100[39m[90m                    [39m [90m0.36s[39m  
  [31;1m⨯[39;22m[90m [39m[90mFilament panel denies manager users from accessing TariffResource @ repetition 41 of 100[39m[90m                    [39m [90m0.81s[39m  
  [31;1m⨯[39;22m[90m [39m[90mFilament panel denies manager users from accessing TariffResource @ repetition 42 of 100[39m[90m                    [39m [90m0.45s[39m  
  [31;1m⨯[39;22m[90m [39m[90mFilament panel denies manager users from accessing TariffResource @ repetition 43 of 100[39m[90m                    [39m [90m0.33s[39m  
  [31;1m⨯[39;22m[90m [39m[90mFilament panel denies manager users from accessing TariffResource @ repetition 44 of 100[39m[90m                    [39m [90m0.35s[39m  
  [31;1m⨯[39;22m[90m [39m[90mFilament panel denies manager users from accessing TariffResource @ repetition 45 of 100[39m[90m                    [39m [90m0.44s[39m  
  [31;1m⨯[39;22m[90m [39m[90mFilament panel denies manager users from accessing TariffResource @ repetition 46 of 100[39m[90m                    [39m [90m0.31s[39m  
  [31;1m⨯[39;22m[90m [39m[90mFilament panel denies manager users from accessing TariffResource @ repetition 47 of 100[39m[90m                    [39m [90m0.40s[39m  
  [31;1m⨯[39;22m[90m [39m[90mFilament panel denies manager users from accessing TariffResource @ repetition 48 of 100[39m[90m                    [39m [90m0.36s[39m  
  [31;1m⨯[39;22m[90m [39m[90mFilament panel denies manager users from accessing TariffResource @ repetition 49 of 100[39m[90m                    [39m [90m0.79s[39m  
  [31;1m⨯[39;22m[90m [39m[90mFilament panel denies manager users from accessing TariffResource @ repetition 50 of 100[39m[90m                    [39m [90m0.36s[39m  
  [31;1m⨯[39;22m[90m [39m[90mFilament panel denies manager users from accessing TariffResource @ repetition 51 of 100[39m[90m                    [39m [90m0.25s[39m  
  [31;1m⨯[39;22m[90m [39m[90mFilament panel denies manager users from accessing TariffResource @ repetition 52 of 100[39m[90m                    [39m [90m0.34s[39m  
  [31;1m⨯[39;22m[90m [39m[90mFilament panel denies manager users from accessing TariffResource @ repetition 53 of 100[39m[90m                    [39m [90m0.38s[39m  
  [31;1m⨯[39;22m[90m [39m[90mFilament panel denies manager users from accessing TariffResource @ repetition 54 of 100[39m[90m                    [39m [90m0.31s[39m  
  [31;1m⨯[39;22m[90m [39m[90mFilament panel denies manager users from accessing TariffResource @ repetition 55 of 100[39m[90m                    [39m [90m0.30s[39m  
  [31;1m⨯[39;22m[90m [39m[90mFilament panel denies manager users from accessing TariffResource @ repetition 56 of 100[39m[90m                    [39m [90m0.36s[39m  
  [31;1m⨯[39;22m[90m [39m[90mFilament panel denies manager users from accessing TariffResource @ repetition 57 of 100[39m[90m                    [39m [90m0.77s[39m  
  [31;1m⨯[39;22m[90m [39m[90mFilament panel denies manager users from accessing TariffResource @ repetition 58 of 100[39m[90m                    [39m [90m0.33s[39m  
  [31;1m⨯[39;22m[90m [39m[90mFilament panel denies manager users from accessing TariffResource @ repetition 59 of 100[39m[90m                    [39m [90m0.32s[39m  
  [31;1m⨯[39;22m[90m [39m[90mFilament panel denies manager users from accessing TariffResource @ repetition 60 of 100[39m[90m                    [39m [90m0.32s[39m  
  [31;1m⨯[39;22m[90m [39m[90mFilament panel denies manager users from accessing TariffResource @ repetition 61 of 100[39m[90m                    [39m [90m0.33s[39m  
  [31;1m⨯[39;22m[90m [39m[90mFilament panel denies manager users from accessing TariffResource @ repetition 62 of 100[39m[90m                    [39m [90m0.27s[39m  
  [31;1m⨯[39;22m[90m [39m[90mFilament panel denies manager users from accessing TariffResource @ repetition 63 of 100[39m[90m                    [39m [90m0.35s[39m  
  [31;1m⨯[39;22m[90m [39m[90mFilament panel denies manager users from accessing TariffResource @ repetition 64 of 100[39m[90m                    [39m [90m0.45s[39m  
  [31;1m⨯[39;22m[90m [39m[90mFilament panel denies manager users from accessing TariffResource @ repetition 65 of 100[39m[90m                    [39m [90m0.88s[39m  
  [31;1m⨯[39;22m[90m [39m[90mFilament panel denies manager users from accessing TariffResource @ repetition 66 of 100[39m[90m                    [39m [90m0.41s[39m  
  [31;1m⨯[39;22m[90m [39m[90mFilament panel denies manager users from accessing TariffResource @ repetition 67 of 100[39m[90m                    [39m [90m0.30s[39m  
  [31;1m⨯[39;22m[90m [39m[90mFilament panel denies manager users from accessing TariffResource @ repetition 68 of 100[39m[90m                    [39m [90m0.35s[39m  
  [31;1m⨯[39;22m[90m [39m[90mFilament panel denies manager users from accessing TariffResource @ repetition 69 of 100[39m[90m                    [39m [90m0.31s[39m  
  [31;1m⨯[39;22m[90m [39m[90mFilament panel denies manager users from accessing TariffResource @ repetition 70 of 100[39m[90m                    [39m [90m0.32s[39m  
  [31;1m⨯[39;22m[90m [39m[90mFilament panel denies manager users from accessing TariffResource @ repetition 71 of 100[39m[90m                    [39m [90m0.34s[39m  
  [31;1m⨯[39;22m[90m [39m[90mFilament panel denies manager users from accessing TariffResource @ repetition 72 of 100[39m[90m                    [39m [90m0.34s[39m  
  [31;1m⨯[39;22m[90m [39m[90mFilament panel denies manager users from accessing TariffResource @ repetition 73 of 100[39m[90m                    [39m [90m0.85s[39m  
  [31;1m⨯[39;22m[90m [39m[90mFilament panel denies manager users from accessing TariffResource @ repetition 74 of 100[39m[90m                    [39m [90m0.33s[39m  
  [31;1m⨯[39;22m[90m [39m[90mFilament panel denies manager users from accessing TariffResource @ repetition 75 of 100[39m[90m                    [39m [90m0.36s[39m  
  [31;1m⨯[39;22m[90m [39m[90mFilament panel denies manager users from accessing TariffResource @ repetition 76 of 100[39m[90m                    [39m [90m0.32s[39m  
  [31;1m⨯[39;22m[90m [39m[90mFilament panel denies manager users from accessing TariffResource @ repetition 77 of 100[39m[90m                    [39m [90m0.34s[39m  
  [31;1m⨯[39;22m[90m [39m[90mFilament panel denies manager users from accessing TariffResource @ repetition 78 of 100[39m[90m                    [39m [90m0.31s[39m  
  [31;1m⨯[39;22m[90m [39m[90mFilament panel denies manager users from accessing TariffResource @ repetition 79 of 100[39m[90m                    [39m [90m0.28s[39m  
  [31;1m⨯[39;22m[90m [39m[90mFilament panel denies manager users from accessing TariffResource @ repetition 80 of 100[39m[90m                    [39m [90m0.26s[39m  
  [31;1m⨯[39;22m[90m [39m[90mFilament panel denies manager users from accessing TariffResource @ repetition 81 of 100[39m[90m                    [39m [90m0.71s[39m  
  [31;1m⨯[39;22m[90m [39m[90mFilament panel denies manager users from accessing TariffResource @ repetition 82 of 100[39m[90m                    [39m [90m0.28s[39m  
  [31;1m⨯[39;22m[90m [39m[90mFilament panel denies manager users from accessing TariffResource @ repetition 83 of 100[39m[90m                    [39m [90m0.38s[39m  
  [31;1m⨯[39;22m[90m [39m[90mFilament panel denies manager users from accessing TariffResource @ repetition 84 of 100[39m[90m                    [39m [90m0.28s[39m  
  [31;1m⨯[39;22m[90m [39m[90mFilament panel denies manager users from accessing TariffResource @ repetition 85 of 100[39m[90m                    [39m [90m0.33s[39m  
  [31;1m⨯[39;22m[90m [39m[90mFilament panel denies manager users from accessing TariffResource @ repetition 86 of 100[39m[90m                    [39m [90m0.26s[39m  
  [31;1m⨯[39;22m[90m [39m[90mFilament panel denies manager users from accessing TariffResource @ repetition 87 of 100[39m[90m                    [39m [90m0.32s[39m  
  [31;1m⨯[39;22m[90m [39m[90mFilament panel denies manager users from accessing TariffResource @ repetition 88 of 100[39m[90m                    [39m [90m0.27s[39m  
  [31;1m⨯[39;22m[90m [39m[90mFilament panel denies manager users from accessing TariffResource @ repetition 89 of 100[39m[90m                    [39m [90m0.85s[39m  
  [31;1m⨯[39;22m[90m [39m[90mFilament panel denies manager users from accessing TariffResource @ repetition 90 of 100[39m[90m                    [39m [90m0.37s[39m  
  [31;1m⨯[39;22m[90m [39m[90mFilament panel denies manager users from accessing TariffResource @ repetition 91 of 100[39m[90m                    [39m [90m0.37s[39m  
  [31;1m⨯[39;22m[90m [39m[90mFilament panel denies manager users from accessing TariffResource @ repetition 92 of 100[39m[90m                    [39m [90m0.28s[39m  
  [31;1m⨯[39;22m[90m [39m[90mFilament panel denies manager users from accessing TariffResource @ repetition 93 of 100[39m[90m                    [39m [90m0.34s[39m  
  [31;1m⨯[39;22m[90m [39m[90mFilament panel denies manager users from accessing TariffResource @ repetition 94 of 100[39m[90m                    [39m [90m0.30s[39m  
  [31;1m⨯[39;22m[90m [39m[90mFilament panel denies manager users from accessing TariffResource @ repetition 95 of 100[39m[90m                    [39m [90m0.31s[39m  
  [31;1m⨯[39;22m[90m [39m[90mFilament panel denies manager users from accessing TariffResource @ repetition 96 of 100[39m[90m                    [39m [90m0.36s[39m  
  [31;1m⨯[39;22m[90m [39m[90mFilament panel denies manager users from accessing TariffResource @ repetition 97 of 100[39m[90m                    [39m [90m0.82s[39m  
  [31;1m⨯[39;22m[90m [39m[90mFilament panel denies manager users from accessing TariffResource @ repetition 98 of 100[39m[90m                    [39m [90m0.23s[39m  
  [31;1m⨯[39;22m[90m [39m[90mFilament panel denies manager users from accessing TariffResource @ repetition 99 of 100[39m[90m                    [39m [90m0.29s[39m  
  [31;1m⨯[39;22m[90m [39m[90mFilament panel denies manager users from accessing TariffResource @ repetition 100 of 100[39m[90m                   [39m [90m0.37s[39m  
  [31;1m⨯[39;22m[90m [39m[90mFilament panel denies manager users from accessing ProviderResource @ repetition 1 of 100[39m[90m                   [39m [90m0.79s[39m  
  [31;1m⨯[39;22m[90m [39m[90mFilament panel denies manager users from accessing ProviderResource @ repetition 2 of 100[39m[90m                   [39m [90m0.38s[39m  
  [31;1m⨯[39;22m[90m [39m[90mFilament panel denies manager users from accessing ProviderResource @ repetition 3 of 100[39m[90m                   [39m [90m0.27s[39m  
  [31;1m⨯[39;22m[90m [39m[90mFilament panel denies manager users from accessing ProviderResource @ repetition 4 of 100[39m[90m                   [39m [90m0.32s[39m  
  [31;1m⨯[39;22m[90m [39m[90mFilament panel denies manager users from accessing ProviderResource @ repetition 5 of 100[39m[90m                   [39m [90m0.30s[39m  
  [31;1m⨯[39;22m[90m [39m[90mFilament panel denies manager users from accessing ProviderResource @ repetition 6 of 100[39m[90m                   [39m [90m0.23s[39m  
  [31;1m⨯[39;22m[90m [39m[90mFilament panel denies manager users from accessing ProviderResource @ repetition 7 of 100[39m[90m                   [39m [90m0.27s[39m  
  [31;1m⨯[39;22m[90m [39m[90mFilament panel denies manager users from accessing ProviderResource @ repetition 8 of 100[39m[90m                   [39m [90m0.29s[39m  
  [31;1m⨯[39;22m[90m [39m[90mFilament panel denies manager users from accessing ProviderResource @ repetition 9 of 100[39m[90m                   [39m [90m0.71s[39m  
  [31;1m⨯[39;22m[90m [39m[90mFilament panel denies manager users from accessing ProviderResource @ repetition 10 of 100[39m[90m                  [39m [90m0.27s[39m  
  [31;1m⨯[39;22m[90m [39m[90mFilament panel denies manager users from accessing ProviderResource @ repetition 11 of 100[39m[90m                  [39m [90m0.29s[39m  
  [31;1m⨯[39;22m[90m [39m[90mFilament panel denies manager users from accessing ProviderResource @ repetition 12 of 100[39m[90m                  [39m [90m0.30s[39m  
  [31;1m⨯[39;22m[90m [39m[90mFilament panel denies manager users from accessing ProviderResource @ repetition 13 of 100[39m[90m                  [39m [90m0.26s[39m  
  [31;1m⨯[39;22m[90m [39m[90mFilament panel denies manager users from accessing ProviderResource @ repetition 14 of 100[39m[90m                  [39m [90m0.20s[39m  
  [31;1m⨯[39;22m[90m [39m[90mFilament panel denies manager users from accessing ProviderResource @ repetition 15 of 100[39m[90m                  [39m [90m0.26s[39m  
  [31;1m⨯[39;22m[90m [39m[90mFilament panel denies manager users from accessing ProviderResource @ repetition 16 of 100[39m[90m                  [39m [90m0.24s[39m  
  [31;1m⨯[39;22m[90m [39m[90mFilament panel denies manager users from accessing ProviderResource @ repetition 17 of 100[39m[90m                  [39m [90m0.61s[39m  
  [31;1m⨯[39;22m[90m [39m[90mFilament panel denies manager users from accessing ProviderResource @ repetition 18 of 100[39m[90m                  [39m [90m0.22s[39m  
  [31;1m⨯[39;22m[90m [39m[90mFilament panel denies manager users from accessing ProviderResource @ repetition 19 of 100[39m[90m                  [39m [90m0.26s[39m  
  [31;1m⨯[39;22m[90m [39m[90mFilament panel denies manager users from accessing ProviderResource @ repetition 20 of 100[39m[90m                  [39m [90m0.25s[39m  
  [31;1m⨯[39;22m[90m [39m[90mFilament panel denies manager users from accessing ProviderResource @ repetition 21 of 100[39m[90m                  [39m [90m0.27s[39m  
  [31;1m⨯[39;22m[90m [39m[90mFilament panel denies manager users from accessing ProviderResource @ repetition 22 of 100[39m[90m                  [39m [90m0.28s[39m  
  [31;1m⨯[39;22m[90m [39m[90mFilament panel denies manager users from accessing ProviderResource @ repetition 23 of 100[39m[90m                  [39m [90m0.27s[39m  
  [31;1m⨯[39;22m[90m [39m[90mFilament panel denies manager users from accessing ProviderResource @ repetition 24 of 100[39m[90m                  [39m [90m0.28s[39m  
  [31;1m⨯[39;22m[90m [39m[90mFilament panel denies manager users from accessing ProviderResource @ repetition 25 of 100[39m[90m                  [39m [90m0.73s[39m  
  [31;1m⨯[39;22m[90m [39m[90mFilament panel denies manager users from accessing ProviderResource @ repetition 26 of 100[39m[90m                  [39m [90m0.26s[39m  
  [31;1m⨯[39;22m[90m [39m[90mFilament panel denies manager users from accessing ProviderResource @ repetition 27 of 100[39m[90m                  [39m [90m0.25s[39m  
  [31;1m⨯[39;22m[90m [39m[90mFilament panel denies manager users from accessing ProviderResource @ repetition 28 of 100[39m[90m                  [39m [90m0.33s[39m  
  [31;1m⨯[39;22m[90m [39m[90mFilament panel denies manager users from accessing ProviderResource @ repetition 29 of 100[39m[90m                  [39m [90m0.34s[39m  
  [31;1m⨯[39;22m[90m [39m[90mFilament panel denies manager users from accessing ProviderResource @ repetition 30 of 100[39m[90m                  [39m [90m0.36s[39m  
  [31;1m⨯[39;22m[90m [39m[90mFilament panel denies manager users from accessing ProviderResource @ repetition 31 of 100[39m[90m                  [39m [90m0.27s[39m  
  [31;1m⨯[39;22m[90m [39m[90mFilament panel denies manager users from accessing ProviderResource @ repetition 32 of 100[39m[90m                  [39m [90m0.34s[39m  
  [31;1m⨯[39;22m[90m [39m[90mFilament panel denies manager users from accessing ProviderResource @ repetition 33 of 100[39m[90m                  [39m [90m0.61s[39m  
  [31;1m⨯[39;22m[90m [39m[90mFilament panel denies manager users from accessing ProviderResource @ repetition 34 of 100[39m[90m                  [39m [90m0.22s[39m  
  [31;1m⨯[39;22m[90m [39m[90mFilament panel denies manager users from accessing ProviderResource @ repetition 35 of 100[39m[90m                  [39m [90m0.25s[39m  
  [31;1m⨯[39;22m[90m [39m[90mFilament panel denies manager users from accessing ProviderResource @ repetition 36 of 100[39m[90m                  [39m [90m0.27s[39m  
  [31;1m⨯[39;22m[90m [39m[90mFilament panel denies manager users from accessing ProviderResource @ repetition 37 of 100[39m[90m                  [39m [90m0.26s[39m  
  [31;1m⨯[39;22m[90m [39m[90mFilament panel denies manager users from accessing ProviderResource @ repetition 38 of 100[39m[90m                  [39m [90m0.30s[39m  
  [31;1m⨯[39;22m[90m [39m[90mFilament panel denies manager users from accessing ProviderResource @ repetition 39 of 100[39m[90m                  [39m [90m0.21s[39m  
  [31;1m⨯[39;22m[90m [39m[90mFilament panel denies manager users from accessing ProviderResource @ repetition 40 of 100[39m[90m                  [39m [90m0.30s[39m  
  [31;1m⨯[39;22m[90m [39m[90mFilament panel denies manager users from accessing ProviderResource @ repetition 41 of 100[39m[90m                  [39m [90m0.59s[39m  
  [31;1m⨯[39;22m[90m [39m[90mFilament panel denies manager users from accessing ProviderResource @ repetition 42 of 100[39m[90m                  [39m [90m0.29s[39m  
  [31;1m⨯[39;22m[90m [39m[90mFilament panel denies manager users from accessing ProviderResource @ repetition 43 of 100[39m[90m                  [39m [90m0.25s[39m  
  [31;1m⨯[39;22m[90m [39m[90mFilament panel denies manager users from accessing ProviderResource @ repetition 44 of 100[39m[90m                  [39m [90m0.21s[39m  
  [31;1m⨯[39;22m[90m [39m[90mFilament panel denies manager users from accessing ProviderResource @ repetition 45 of 100[39m[90m                  [39m [90m0.21s[39m  
  [31;1m⨯[39;22m[90m [39m[90mFilament panel denies manager users from accessing ProviderResource @ repetition 46 of 100[39m[90m                  [39m [90m0.25s[39m  
  [31;1m⨯[39;22m[90m [39m[90mFilament panel denies manager users from accessing ProviderResource @ repetition 47 of 100[39m[90m                  [39m [90m0.20s[39m  
  [31;1m⨯[39;22m[90m [39m[90mFilament panel denies manager users from accessing ProviderResource @ repetition 48 of 100[39m[90m                  [39m [90m0.20s[39m  
  [31;1m⨯[39;22m[90m [39m[90mFilament panel denies manager users from accessing ProviderResource @ repetition 49 of 100[39m[90m                  [39m [90m0.52s[39m  
  [31;1m⨯[39;22m[90m [39m[90mFilament panel denies manager users from accessing ProviderResource @ repetition 50 of 100[39m[90m                  [39m [90m0.21s[39m  
  [31;1m⨯[39;22m[90m [39m[90mFilament panel denies manager users from accessing ProviderResource @ repetition 51 of 100[39m[90m                  [39m [90m0.22s[39m  
  [31;1m⨯[39;22m[90m [39m[90mFilament panel denies manager users from accessing ProviderResource @ repetition 52 of 100[39m[90m                  [39m [90m0.21s[39m  
  [31;1m⨯[39;22m[90m [39m[90mFilament panel denies manager users from accessing ProviderResource @ repetition 53 of 100[39m[90m                  [39m [90m0.25s[39m  
  [31;1m⨯[39;22m[90m [39m[90mFilament panel denies manager users from accessing ProviderResource @ repetition 54 of 100[39m[90m                  [39m [90m0.21s[39m  
  [31;1m⨯[39;22m[90m [39m[90mFilament panel denies manager users from accessing ProviderResource @ repetition 55 of 100[39m[90m                  [39m [90m0.23s[39m  
  [31;1m⨯[39;22m[90m [39m[90mFilament panel denies manager users from accessing ProviderResource @ repetition 56 of 100[39m[90m                  [39m [90m0.21s[39m  
  [31;1m⨯[39;22m[90m [39m[90mFilament panel denies manager users from accessing ProviderResource @ repetition 57 of 100[39m[90m                  [39m [90m0.54s[39m  
  [31;1m⨯[39;22m[90m [39m[90mFilament panel denies manager users from accessing ProviderResource @ repetition 58 of 100[39m[90m                  [39m [90m0.24s[39m  
  [31;1m⨯[39;22m[90m [39m[90mFilament panel denies manager users from accessing ProviderResource @ repetition 59 of 100[39m[90m                  [39m [90m0.23s[39m  
  [31;1m⨯[39;22m[90m [39m[90mFilament panel denies manager users from accessing ProviderResource @ repetition 60 of 100[39m[90m                  [39m [90m0.18s[39m  
  [31;1m⨯[39;22m[90m [39m[90mFilament panel denies manager users from accessing ProviderResource @ repetition 61 of 100[39m[90m                  [39m [90m0.20s[39m  
  [31;1m⨯[39;22m[90m [39m[90mFilament panel denies manager users from accessing ProviderResource @ repetition 62 of 100[39m[90m                  [39m [90m0.22s[39m  
  [31;1m⨯[39;22m[90m [39m[90mFilament panel denies manager users from accessing ProviderResource @ repetition 63 of 100[39m[90m                  [39m [90m0.26s[39m  
  [31;1m⨯[39;22m[90m [39m[90mFilament panel denies manager users from accessing ProviderResource @ repetition 64 of 100[39m[90m                  [39m [90m0.24s[39m  
  [31;1m⨯[39;22m[90m [39m[90mFilament panel denies manager users from accessing ProviderResource @ repetition 65 of 100[39m[90m                  [39m [90m0.61s[39m  
  [31;1m⨯[39;22m[90m [39m[90mFilament panel denies manager users from accessing ProviderResource @ repetition 66 of 100[39m[90m                  [39m [90m0.24s[39m  
  [31;1m⨯[39;22m[90m [39m[90mFilament panel denies manager users from accessing ProviderResource @ repetition 67 of 100[39m[90m                  [39m [90m0.22s[39m  
  [31;1m⨯[39;22m[90m [39m[90mFilament panel denies manager users from accessing ProviderResource @ repetition 68 of 100[39m[90m                  [39m [90m0.20s[39m  
  [31;1m⨯[39;22m[90m [39m[90mFilament panel denies manager users from accessing ProviderResource @ repetition 69 of 100[39m[90m                  [39m [90m0.21s[39m  
  [31;1m⨯[39;22m[90m [39m[90mFilament panel denies manager users from accessing ProviderResource @ repetition 70 of 100[39m[90m                  [39m [90m0.18s[39m  
  [31;1m⨯[39;22m[90m [39m[90mFilament panel denies manager users from accessing ProviderResource @ repetition 71 of 100[39m[90m                  [39m [90m0.27s[39m  
  [31;1m⨯[39;22m[90m [39m[90mFilament panel denies manager users from accessing ProviderResource @ repetition 72 of 100[39m[90m                  [39m [90m0.21s[39m  
  [31;1m⨯[39;22m[90m [39m[90mFilament panel denies manager users from accessing ProviderResource @ repetition 73 of 100[39m[90m                  [39m [90m0.55s[39m  
  [31;1m⨯[39;22m[90m [39m[90mFilament panel denies manager users from accessing ProviderResource @ repetition 74 of 100[39m[90m                  [39m [90m0.16s[39m  
  [31;1m⨯[39;22m[90m [39m[90mFilament panel denies manager users from accessing ProviderResource @ repetition 75 of 100[39m[90m                  [39m [90m0.23s[39m  
  [31;1m⨯[39;22m[90m [39m[90mFilament panel denies manager users from accessing ProviderResource @ repetition 76 of 100[39m[90m                  [39m [90m0.25s[39m  
  [31;1m⨯[39;22m[90m [39m[90mFilament panel denies manager users from accessing ProviderResource @ repetition 77 of 100[39m[90m                  [39m [90m0.27s[39m  
  [31;1m⨯[39;22m[90m [39m[90mFilament panel denies manager users from accessing ProviderResource @ repetition 78 of 100[39m[90m                  [39m [90m0.29s[39m  
  [31;1m⨯[39;22m[90m [39m[90mFilament panel denies manager users from accessing ProviderResource @ repetition 79 of 100[39m[90m                  [39m [90m0.25s[39m  
  [31;1m⨯[39;22m[90m [39m[90mFilament panel denies manager users from accessing ProviderResource @ repetition 80 of 100[39m[90m                  [39m [90m0.28s[39m  
  [31;1m⨯[39;22m[90m [39m[90mFilament panel denies manager users from accessing ProviderResource @ repetition 81 of 100[39m[90m                  [39m [90m0.57s[39m  
  [31;1m⨯[39;22m[90m [39m[90mFilament panel denies manager users from accessing ProviderResource @ repetition 82 of 100[39m[90m                  [39m [90m0.22s[39m  
  [31;1m⨯[39;22m[90m [39m[90mFilament panel denies manager users from accessing ProviderResource @ repetition 83 of 100[39m[90m                  [39m [90m0.25s[39m  
  [31;1m⨯[39;22m[90m [39m[90mFilament panel denies manager users from accessing ProviderResource @ repetition 84 of 100[39m[90m                  [39m [90m0.23s[39m  
  [31;1m⨯[39;22m[90m [39m[90mFilament panel denies manager users from accessing ProviderResource @ repetition 85 of 100[39m[90m                  [39m [90m0.26s[39m  
  [31;1m⨯[39;22m[90m [39m[90mFilament panel denies manager users from accessing ProviderResource @ repetition 86 of 100[39m[90m                  [39m [90m0.23s[39m  
  [31;1m⨯[39;22m[90m [39m[90mFilament panel denies manager users from accessing ProviderResource @ repetition 87 of 100[39m[90m                  [39m [90m0.24s[39m  
  [31;1m⨯[39;22m[90m [39m[90mFilament panel denies manager users from accessing ProviderResource @ repetition 88 of 100[39m[90m                  [39m [90m0.23s[39m  
  [31;1m⨯[39;22m[90m [39m[90mFilament panel denies manager users from accessing ProviderResource @ repetition 89 of 100[39m[90m                  [39m [90m0.55s[39m  
  [31;1m⨯[39;22m[90m [39m[90mFilament panel denies manager users from accessing ProviderResource @ repetition 90 of 100[39m[90m                  [39m [90m0.20s[39m  
  [31;1m⨯[39;22m[90m [39m[90mFilament panel denies manager users from accessing ProviderResource @ repetition 91 of 100[39m[90m                  [39m [90m0.17s[39m  
  [31;1m⨯[39;22m[90m [39m[90mFilament panel denies manager users from accessing ProviderResource @ repetition 92 of 100[39m[90m                  [39m [90m0.21s[39m  
  [31;1m⨯[39;22m[90m [39m[90mFilament panel denies manager users from accessing ProviderResource @ repetition 93 of 100[39m[90m                  [39m [90m0.22s[39m  
  [31;1m⨯[39;22m[90m [39m[90mFilament panel denies manager users from accessing ProviderResource @ repetition 94 of 100[39m[90m                  [39m [90m0.21s[39m  
  [31;1m⨯[39;22m[90m [39m[90mFilament panel denies manager users from accessing ProviderResource @ repetition 95 of 100[39m[90m                  [39m [90m0.20s[39m  
  [31;1m⨯[39;22m[90m [39m[90mFilament panel denies manager users from accessing ProviderResource @ repetition 96 of 100[39m[90m                  [39m [90m0.22s[39m  
  [31;1m⨯[39;22m[90m [39m[90mFilament panel denies manager users from accessing ProviderResource @ repetition 97 of 100[39m[90m                  [39m [90m0.55s[39m  
  [31;1m⨯[39;22m[90m [39m[90mFilament panel denies manager users from accessing ProviderResource @ repetition 98 of 100[39m[90m                  [39m [90m0.24s[39m  
  [31;1m⨯[39;22m[90m [39m[90mFilament panel denies manager users from accessing ProviderResource @ repetition 99 of 100[39m[90m                  [39m [90m0.25s[39m  
  [31;1m⨯[39;22m[90m [39m[90mFilament panel denies manager users from accessing ProviderResource @ repetition 100 of 100[39m[90m                 [39m [90m0.23s[39m  
  [32;1m✓[39;22m[90m [39m[90mFilament panel restricts manager users to only view resources within their tenant scope @ repetition 1 of 1[39m[90m…[39m [90m0.51s[39m  
  [32;1m✓[39;22m[90m [39m[90mFilament panel restricts manager users to only view resources within their tenant scope @ repetition 2 of 1[39m[90m…[39m [90m0.23s[39m  
  [32;1m✓[39;22m[90m [39m[90mFilament panel restricts manager users to only view resources within their tenant scope @ repetition 3 of 1[39m[90m…[39m [90m0.27s[39m  
  [32;1m✓[39;22m[90m [39m[90mFilament panel restricts manager users to only view resources within their tenant scope @ repetition 4 of 1[39m[90m…[39m [90m0.22s[39m  
  [32;1m✓[39;22m[90m [39m[90mFilament panel restricts manager users to only view resources within their tenant scope @ repetition 5 of 1[39m[90m…[39m [90m0.26s[39m  
  [32;1m✓[39;22m[90m [39m[90mFilament panel restricts manager users to only view resources within their tenant scope @ repetition 6 of 1[39m[90m…[39m [90m0.26s[39m  
  [32;1m✓[39;22m[90m [39m[90mFilament panel restricts manager users to only view resources within their tenant scope @ repetition 7 of 1[39m[90m…[39m [90m0.25s[39m  
  [32;1m✓[39;22m[90m [39m[90mFilament panel restricts manager users to only view resources within their tenant scope @ repetition 8 of 1[39m[90m…[39m [90m0.23s[39m  
  [32;1m✓[39;22m[90m [39m[90mFilament panel restricts manager users to only view resources within their tenant scope @ repetition 9 of 1[39m[90m…[39m [90m0.62s[39m  
  [32;1m✓[39;22m[90m [39m[90mFilament panel restricts manager users to only view resources within their tenant scope @ repetition 10 of[39m[90m… [39m [90m0.28s[39m  
  [32;1m✓[39;22m[90m [39m[90mFilament panel restricts manager users to only view resources within their tenant scope @ repetition 11 of[39m[90m… [39m [90m0.21s[39m  
  [32;1m✓[39;22m[90m [39m[90mFilament panel restricts manager users to only view resources within their tenant scope @ repetition 12 of[39m[90m… [39m [90m0.19s[39m  
  [32;1m✓[39;22m[90m [39m[90mFilament panel restricts manager users to only view resources within their tenant scope @ repetition 13 of[39m[90m… [39m [90m0.24s[39m  
  [32;1m✓[39;22m[90m [39m[90mFilament panel restricts manager users to only view resources within their tenant scope @ repetition 14 of[39m[90m… [39m [90m0.22s[39m  
  [32;1m✓[39;22m[90m [39m[90mFilament panel restricts manager users to only view resources within their tenant scope @ repetition 15 of[39m[90m… [39m [90m0.22s[39m  
  [32;1m✓[39;22m[90m [39m[90mFilament panel restricts manager users to only view resources within their tenant scope @ repetition 16 of[39m[90m… [39m [90m0.23s[39m  
  [32;1m✓[39;22m[90m [39m[90mFilament panel restricts manager users to only view resources within their tenant scope @ repetition 17 of[39m[90m… [39m [90m0.61s[39m  
  [32;1m✓[39;22m[90m [39m[90mFilament panel restricts manager users to only view resources within their tenant scope @ repetition 18 of[39m[90m… [39m [90m0.26s[39m  
  [32;1m✓[39;22m[90m [39m[90mFilament panel restricts manager users to only view resources within their tenant scope @ repetition 19 of[39m[90m… [39m [90m0.28s[39m  
  [32;1m✓[39;22m[90m [39m[90mFilament panel restricts manager users to only view resources within their tenant scope @ repetition 20 of[39m[90m… [39m [90m0.18s[39m  
  [32;1m✓[39;22m[90m [39m[90mFilament panel restricts manager users to only view resources within their tenant scope @ repetition 21 of[39m[90m… [39m [90m0.24s[39m  
  [32;1m✓[39;22m[90m [39m[90mFilament panel restricts manager users to only view resources within their tenant scope @ repetition 22 of[39m[90m… [39m [90m0.26s[39m  
  [32;1m✓[39;22m[90m [39m[90mFilament panel restricts manager users to only view resources within their tenant scope @ repetition 23 of[39m[90m… [39m [90m0.22s[39m  
  [32;1m✓[39;22m[90m [39m[90mFilament panel restricts manager users to only view resources within their tenant scope @ repetition 24 of[39m[90m… [39m [90m0.19s[39m  
  [32;1m✓[39;22m[90m [39m[90mFilament panel restricts manager users to only view resources within their tenant scope @ repetition 25 of[39m[90m… [39m [90m0.48s[39m  
  [32;1m✓[39;22m[90m [39m[90mFilament panel restricts manager users to only view resources within their tenant scope @ repetition 26 of[39m[90m… [39m [90m0.22s[39m  
  [32;1m✓[39;22m[90m [39m[90mFilament panel restricts manager users to only view resources within their tenant scope @ repetition 27 of[39m[90m… [39m [90m0.22s[39m  
  [32;1m✓[39;22m[90m [39m[90mFilament panel restricts manager users to only view resources within their tenant scope @ repetition 28 of[39m[90m… [39m [90m0.24s[39m  
  [32;1m✓[39;22m[90m [39m[90mFilament panel restricts manager users to only view resources within their tenant scope @ repetition 29 of[39m[90m… [39m [90m0.24s[39m  
  [32;1m✓[39;22m[90m [39m[90mFilament panel restricts manager users to only view resources within their tenant scope @ repetition 30 of[39m[90m… [39m [90m0.19s[39m  
  [32;1m✓[39;22m[90m [39m[90mFilament panel restricts manager users to only view resources within their tenant scope @ repetition 31 of[39m[90m… [39m [90m0.24s[39m  
  [32;1m✓[39;22m[90m [39m[90mFilament panel restricts manager users to only view resources within their tenant scope @ repetition 32 of[39m[90m… [39m [90m0.21s[39m  
  [32;1m✓[39;22m[90m [39m[90mFilament panel restricts manager users to only view resources within their tenant scope @ repetition 33 of[39m[90m… [39m [90m0.59s[39m  
  [32;1m✓[39;22m[90m [39m[90mFilament panel restricts manager users to only view resources within their tenant scope @ repetition 34 of[39m[90m… [39m [90m0.26s[39m  
  [32;1m✓[39;22m[90m [39m[90mFilament panel restricts manager users to only view resources within their tenant scope @ repetition 35 of[39m[90m… [39m [90m0.28s[39m  
  [32;1m✓[39;22m[90m [39m[90mFilament panel restricts manager users to only view resources within their tenant scope @ repetition 36 of[39m[90m… [39m [90m0.24s[39m  
  [32;1m✓[39;22m[90m [39m[90mFilament panel restricts manager users to only view resources within their tenant scope @ repetition 37 of[39m[90m… [39m [90m0.16s[39m  
  [32;1m✓[39;22m[90m [39m[90mFilament panel restricts manager users to only view resources within their tenant scope @ repetition 38 of[39m[90m… [39m [90m0.15s[39m  
  [32;1m✓[39;22m[90m [39m[90mFilament panel restricts manager users to only view resources within their tenant scope @ repetition 39 of[39m[90m… [39m [90m0.22s[39m  
  [32;1m✓[39;22m[90m [39m[90mFilament panel restricts manager users to only view resources within their tenant scope @ repetition 40 of[39m[90m… [39m [90m0.22s[39m  
  [32;1m✓[39;22m[90m [39m[90mFilament panel restricts manager users to only view resources within their tenant scope @ repetition 41 of[39m[90m… [39m [90m0.58s[39m  
  [32;1m✓[39;22m[90m [39m[90mFilament panel restricts manager users to only view resources within their tenant scope @ repetition 42 of[39m[90m… [39m [90m0.21s[39m  
  [32;1m✓[39;22m[90m [39m[90mFilament panel restricts manager users to only view resources within their tenant scope @ repetition 43 of[39m[90m… [39m [90m0.26s[39m  
  [32;1m✓[39;22m[90m [39m[90mFilament panel restricts manager users to only view resources within their tenant scope @ repetition 44 of[39m[90m… [39m [90m0.26s[39m  
  [32;1m✓[39;22m[90m [39m[90mFilament panel restricts manager users to only view resources within their tenant scope @ repetition 45 of[39m[90m… [39m [90m0.24s[39m  
  [32;1m✓[39;22m[90m [39m[90mFilament panel restricts manager users to only view resources within their tenant scope @ repetition 46 of[39m[90m… [39m [90m0.18s[39m  
  [32;1m✓[39;22m[90m [39m[90mFilament panel restricts manager users to only view resources within their tenant scope @ repetition 47 of[39m[90m… [39m [90m0.23s[39m  
  [32;1m✓[39;22m[90m [39m[90mFilament panel restricts manager users to only view resources within their tenant scope @ repetition 48 of[39m[90m… [39m [90m0.24s[39m  
  [32;1m✓[39;22m[90m [39m[90mFilament panel restricts manager users to only view resources within their tenant scope @ repetition 49 of[39m[90m… [39m [90m0.53s[39m  
  [32;1m✓[39;22m[90m [39m[90mFilament panel restricts manager users to only view resources within their tenant scope @ repetition 50 of[39m[90m… [39m [90m0.17s[39m  
  [32;1m✓[39;22m[90m [39m[90mFilament panel restricts manager users to only view resources within their tenant scope @ repetition 51 of[39m[90m… [39m [90m0.22s[39m  
  [32;1m✓[39;22m[90m [39m[90mFilament panel restricts manager users to only view resources within their tenant scope @ repetition 52 of[39m[90m… [39m [90m0.19s[39m  
  [32;1m✓[39;22m[90m [39m[90mFilament panel restricts manager users to only view resources within their tenant scope @ repetition 53 of[39m[90m… [39m [90m0.21s[39m  
  [32;1m✓[39;22m[90m [39m[90mFilament panel restricts manager users to only view resources within their tenant scope @ repetition 54 of[39m[90m… [39m [90m0.21s[39m  
  [32;1m✓[39;22m[90m [39m[90mFilament panel restricts manager users to only view resources within their tenant scope @ repetition 55 of[39m[90m… [39m [90m0.22s[39m  
  [32;1m✓[39;22m[90m [39m[90mFilament panel restricts manager users to only view resources within their tenant scope @ repetition 56 of[39m[90m… [39m [90m0.24s[39m  
  [32;1m✓[39;22m[90m [39m[90mFilament panel restricts manager users to only view resources within their tenant scope @ repetition 57 of[39m[90m… [39m [90m0.58s[39m  
  [32;1m✓[39;22m[90m [39m[90mFilament panel restricts manager users to only view resources within their tenant scope @ repetition 58 of[39m[90m… [39m [90m0.23s[39m  
  [32;1m✓[39;22m[90m [39m[90mFilament panel restricts manager users to only view resources within their tenant scope @ repetition 59 of[39m[90m… [39m [90m0.25s[39m  
  [32;1m✓[39;22m[90m [39m[90mFilament panel restricts manager users to only view resources within their tenant scope @ repetition 60 of[39m[90m… [39m [90m0.21s[39m  
  [32;1m✓[39;22m[90m [39m[90mFilament panel restricts manager users to only view resources within their tenant scope @ repetition 61 of[39m[90m… [39m [90m0.18s[39m  
  [32;1m✓[39;22m[90m [39m[90mFilament panel restricts manager users to only view resources within their tenant scope @ repetition 62 of[39m[90m… [39m [90m0.22s[39m  
  [32;1m✓[39;22m[90m [39m[90mFilament panel restricts manager users to only view resources within their tenant scope @ repetition 63 of[39m[90m… [39m [90m0.23s[39m  
  [32;1m✓[39;22m[90m [39m[90mFilament panel restricts manager users to only view resources within their tenant scope @ repetition 64 of[39m[90m… [39m [90m0.20s[39m  
  [32;1m✓[39;22m[90m [39m[90mFilament panel restricts manager users to only view resources within their tenant scope @ repetition 65 of[39m[90m… [39m [90m0.59s[39m  
  [32;1m✓[39;22m[90m [39m[90mFilament panel restricts manager users to only view resources within their tenant scope @ repetition 66 of[39m[90m… [39m [90m0.28s[39m  
  [32;1m✓[39;22m[90m [39m[90mFilament panel restricts manager users to only view resources within their tenant scope @ repetition 67 of[39m[90m… [39m [90m0.25s[39m  
  [32;1m✓[39;22m[90m [39m[90mFilament panel restricts manager users to only view resources within their tenant scope @ repetition 68 of[39m[90m… [39m [90m0.25s[39m  
  [32;1m✓[39;22m[90m [39m[90mFilament panel restricts manager users to only view resources within their tenant scope @ repetition 69 of[39m[90m… [39m [90m0.24s[39m  
  [32;1m✓[39;22m[90m [39m[90mFilament panel restricts manager users to only view resources within their tenant scope @ repetition 70 of[39m[90m… [39m [90m0.24s[39m  
  [32;1m✓[39;22m[90m [39m[90mFilament panel restricts manager users to only view resources within their tenant scope @ repetition 71 of[39m[90m… [39m [90m0.21s[39m  
  [32;1m✓[39;22m[90m [39m[90mFilament panel restricts manager users to only view resources within their tenant scope @ repetition 72 of[39m[90m… [39m [90m0.22s[39m  
  [32;1m✓[39;22m[90m [39m[90mFilament panel restricts manager users to only view resources within their tenant scope @ repetition 73 of[39m[90m… [39m [90m0.59s[39m  
  [32;1m✓[39;22m[90m [39m[90mFilament panel restricts manager users to only view resources within their tenant scope @ repetition 74 of[39m[90m… [39m [90m0.25s[39m  
  [32;1m✓[39;22m[90m [39m[90mFilament panel restricts manager users to only view resources within their tenant scope @ repetition 75 of[39m[90m… [39m [90m0.20s[39m  
  [32;1m✓[39;22m[90m [39m[90mFilament panel restricts manager users to only view resources within their tenant scope @ repetition 76 of[39m[90m… [39m [90m0.23s[39m  
  [32;1m✓[39;22m[90m [39m[90mFilament panel restricts manager users to only view resources within their tenant scope @ repetition 77 of[39m[90m… [39m [90m0.23s[39m  
  [32;1m✓[39;22m[90m [39m[90mFilament panel restricts manager users to only view resources within their tenant scope @ repetition 78 of[39m[90m… [39m [90m0.26s[39m  
  [32;1m✓[39;22m[90m [39m[90mFilament panel restricts manager users to only view resources within their tenant scope @ repetition 79 of[39m[90m… [39m [90m0.21s[39m  
  [32;1m✓[39;22m[90m [39m[90mFilament panel restricts manager users to only view resources within their tenant scope @ repetition 80 of[39m[90m… [39m [90m0.20s[39m  
  [32;1m✓[39;22m[90m [39m[90mFilament panel restricts manager users to only view resources within their tenant scope @ repetition 81 of[39m[90m… [39m [90m0.52s[39m  
  [32;1m✓[39;22m[90m [39m[90mFilament panel restricts manager users to only view resources within their tenant scope @ repetition 82 of[39m[90m… [39m [90m0.23s[39m  
  [32;1m✓[39;22m[90m [39m[90mFilament panel restricts manager users to only view resources within their tenant scope @ repetition 83 of[39m[90m… [39m [90m0.23s[39m  
  [32;1m✓[39;22m[90m [39m[90mFilament panel restricts manager users to only view resources within their tenant scope @ repetition 84 of[39m[90m… [39m [90m0.26s[39m  
  [32;1m✓[39;22m[90m [39m[90mFilament panel restricts manager users to only view resources within their tenant scope @ repetition 85 of[39m[90m… [39m [90m0.18s[39m  
  [32;1m✓[39;22m[90m [39m[90mFilament panel restricts manager users to only view resources within their tenant scope @ repetition 86 of[39m[90m… [39m [90m0.21s[39m  
  [32;1m✓[39;22m[90m [39m[90mFilament panel restricts manager users to only view resources within their tenant scope @ repetition 87 of[39m[90m… [39m [90m0.25s[39m  
  [32;1m✓[39;22m[90m [39m[90mFilament panel restricts manager users to only view resources within their tenant scope @ repetition 88 of[39m[90m… [39m [90m0.24s[39m  
  [32;1m✓[39;22m[90m [39m[90mFilament panel restricts manager users to only view resources within their tenant scope @ repetition 89 of[39m[90m… [39m [90m0.66s[39m  
  [32;1m✓[39;22m[90m [39m[90mFilament panel restricts manager users to only view resources within their tenant scope @ repetition 90 of[39m[90m… [39m [90m0.21s[39m  
  [32;1m✓[39;22m[90m [39m[90mFilament panel restricts manager users to only view resources within their tenant scope @ repetition 91 of[39m[90m… [39m [90m0.25s[39m  
  [32;1m✓[39;22m[90m [39m[90mFilament panel restricts manager users to only view resources within their tenant scope @ repetition 92 of[39m[90m… [39m [90m0.21s[39m  
  [32;1m✓[39;22m[90m [39m[90mFilament panel restricts manager users to only view resources within their tenant scope @ repetition 93 of[39m[90m… [39m [90m0.22s[39m  
  [32;1m✓[39;22m[90m [39m[90mFilament panel restricts manager users to only view resources within their tenant scope @ repetition 94 of[39m[90m… [39m [90m0.23s[39m  
  [32;1m✓[39;22m[90m [39m[90mFilament panel restricts manager users to only view resources within their tenant scope @ repetition 95 of[39m[90m… [39m [90m0.25s[39m  
  [32;1m✓[39;22m[90m [39m[90mFilament panel restricts manager users to only view resources within their tenant scope @ repetition 96 of[39m[90m… [39m [90m0.24s[39m  
  [32;1m✓[39;22m[90m [39m[90mFilament panel restricts manager users to only view resources within their tenant scope @ repetition 97 of[39m[90m… [39m [90m0.58s[39m  
  [32;1m✓[39;22m[90m [39m[90mFilament panel restricts manager users to only view resources within their tenant scope @ repetition 98 of[39m[90m… [39m [90m0.27s[39m  
  [32;1m✓[39;22m[90m [39m[90mFilament panel restricts manager users to only view resources within their tenant scope @ repetition 99 of[39m[90m… [39m [90m0.24s[39m  
  [32;1m✓[39;22m[90m [39m[90mFilament panel restricts manager users to only view resources within their tenant scope @ repetition 100 of[39m[90m…[39m [90m0.23s[39m  
  [32;1m✓[39;22m[90m [39m[90mFilament panel restricts manager users to only edit resources within their tenant scope @ repetition 1 of 1[39m[90m…[39m [90m0.63s[39m  
  [32;1m✓[39;22m[90m [39m[90mFilament panel restricts manager users to only edit resources within their tenant scope @ repetition 2 of 1[39m[90m…[39m [90m0.24s[39m  
  [32;1m✓[39;22m[90m [39m[90mFilament panel restricts manager users to only edit resources within their tenant scope @ repetition 3 of 1[39m[90m…[39m [90m0.27s[39m  
  [32;1m✓[39;22m[90m [39m[90mFilament panel restricts manager users to only edit resources within their tenant scope @ repetition 4 of 1[39m[90m…[39m [90m0.18s[39m  
  [32;1m✓[39;22m[90m [39m[90mFilament panel restricts manager users to only edit resources within their tenant scope @ repetition 5 of 1[39m[90m…[39m [90m0.18s[39m  
  [32;1m✓[39;22m[90m [39m[90mFilament panel restricts manager users to only edit resources within their tenant scope @ repetition 6 of 1[39m[90m…[39m [90m0.20s[39m  
  [32;1m✓[39;22m[90m [39m[90mFilament panel restricts manager users to only edit resources within their tenant scope @ repetition 7 of 1[39m[90m…[39m [90m0.20s[39m  
  [32;1m✓[39;22m[90m [39m[90mFilament panel restricts manager users to only edit resources within their tenant scope @ repetition 8 of 1[39m[90m…[39m [90m0.23s[39m  
  [32;1m✓[39;22m[90m [39m[90mFilament panel restricts manager users to only edit resources within their tenant scope @ repetition 9 of 1[39m[90m…[39m [90m0.63s[39m  
  [32;1m✓[39;22m[90m [39m[90mFilament panel restricts manager users to only edit resources within their tenant scope @ repetition 10 of[39m[90m… [39m [90m0.25s[39m  
  [32;1m✓[39;22m[90m [39m[90mFilament panel restricts manager users to only edit resources within their tenant scope @ repetition 11 of[39m[90m… [39m [90m0.20s[39m  
  [32;1m✓[39;22m[90m [39m[90mFilament panel restricts manager users to only edit resources within their tenant scope @ repetition 12 of[39m[90m… [39m [90m0.25s[39m  
  [32;1m✓[39;22m[90m [39m[90mFilament panel restricts manager users to only edit resources within their tenant scope @ repetition 13 of[39m[90m… [39m [90m0.27s[39m  
  [32;1m✓[39;22m[90m [39m[90mFilament panel restricts manager users to only edit resources within their tenant scope @ repetition 14 of[39m[90m… [39m [90m0.22s[39m  
  [32;1m✓[39;22m[90m [39m[90mFilament panel restricts manager users to only edit resources within their tenant scope @ repetition 15 of[39m[90m… [39m [90m0.22s[39m  
  [32;1m✓[39;22m[90m [39m[90mFilament panel restricts manager users to only edit resources within their tenant scope @ repetition 16 of[39m[90m… [39m [90m0.17s[39m  
  [32;1m✓[39;22m[90m [39m[90mFilament panel restricts manager users to only edit resources within their tenant scope @ repetition 17 of[39m[90m… [39m [90m0.52s[39m  
  [32;1m✓[39;22m[90m [39m[90mFilament panel restricts manager users to only edit resources within their tenant scope @ repetition 18 of[39m[90m… [39m [90m0.23s[39m  
  [32;1m✓[39;22m[90m [39m[90mFilament panel restricts manager users to only edit resources within their tenant scope @ repetition 19 of[39m[90m… [39m [90m0.20s[39m  
  [32;1m✓[39;22m[90m [39m[90mFilament panel restricts manager users to only edit resources within their tenant scope @ repetition 20 of[39m[90m… [39m [90m0.20s[39m  
  [32;1m✓[39;22m[90m [39m[90mFilament panel restricts manager users to only edit resources within their tenant scope @ repetition 21 of[39m[90m… [39m [90m0.26s[39m  
  [32;1m✓[39;22m[90m [39m[90mFilament panel restricts manager users to only edit resources within their tenant scope @ repetition 22 of[39m[90m… [39m [90m0.23s[39m  
  [32;1m✓[39;22m[90m [39m[90mFilament panel restricts manager users to only edit resources within their tenant scope @ repetition 23 of[39m[90m… [39m [90m0.26s[39m  
  [32;1m✓[39;22m[90m [39m[90mFilament panel restricts manager users to only edit resources within their tenant scope @ repetition 24 of[39m[90m… [39m [90m0.24s[39m  
  [32;1m✓[39;22m[90m [39m[90mFilament panel restricts manager users to only edit resources within their tenant scope @ repetition 25 of[39m[90m… [39m [90m0.59s[39m  
  [32;1m✓[39;22m[90m [39m[90mFilament panel restricts manager users to only edit resources within their tenant scope @ repetition 26 of[39m[90m… [39m [90m0.24s[39m  
  [32;1m✓[39;22m[90m [39m[90mFilament panel restricts manager users to only edit resources within their tenant scope @ repetition 27 of[39m[90m… [39m [90m0.25s[39m  
  [32;1m✓[39;22m[90m [39m[90mFilament panel restricts manager users to only edit resources within their tenant scope @ repetition 28 of[39m[90m… [39m [90m0.27s[39m  
  [32;1m✓[39;22m[90m [39m[90mFilament panel restricts manager users to only edit resources within their tenant scope @ repetition 29 of[39m[90m… [39m [90m0.18s[39m  
  [32;1m✓[39;22m[90m [39m[90mFilament panel restricts manager users to only edit resources within their tenant scope @ repetition 30 of[39m[90m… [39m [90m0.22s[39m  
  [32;1m✓[39;22m[90m [39m[90mFilament panel restricts manager users to only edit resources within their tenant scope @ repetition 31 of[39m[90m… [39m [90m0.23s[39m  
  [32;1m✓[39;22m[90m [39m[90mFilament panel restricts manager users to only edit resources within their tenant scope @ repetition 32 of[39m[90m… [39m [90m0.21s[39m  
  [32;1m✓[39;22m[90m [39m[90mFilament panel restricts manager users to only edit resources within their tenant scope @ repetition 33 of[39m[90m… [39m [90m0.59s[39m  
  [32;1m✓[39;22m[90m [39m[90mFilament panel restricts manager users to only edit resources within their tenant scope @ repetition 34 of[39m[90m… [39m [90m0.26s[39m  
  [32;1m✓[39;22m[90m [39m[90mFilament panel restricts manager users to only edit resources within their tenant scope @ repetition 35 of[39m[90m… [39m [90m0.24s[39m  
  [32;1m✓[39;22m[90m [39m[90mFilament panel restricts manager users to only edit resources within their tenant scope @ repetition 36 of[39m[90m… [39m [90m0.24s[39m  
  [32;1m✓[39;22m[90m [39m[90mFilament panel restricts manager users to only edit resources within their tenant scope @ repetition 37 of[39m[90m… [39m [90m0.23s[39m  
  [32;1m✓[39;22m[90m [39m[90mFilament panel restricts manager users to only edit resources within their tenant scope @ repetition 38 of[39m[90m… [39m [90m0.29s[39m  
  [32;1m✓[39;22m[90m [39m[90mFilament panel restricts manager users to only edit resources within their tenant scope @ repetition 39 of[39m[90m… [39m [90m0.24s[39m  
  [32;1m✓[39;22m[90m [39m[90mFilament panel restricts manager users to only edit resources within their tenant scope @ repetition 40 of[39m[90m… [39m [90m0.23s[39m  
  [32;1m✓[39;22m[90m [39m[90mFilament panel restricts manager users to only edit resources within their tenant scope @ repetition 41 of[39m[90m… [39m [90m0.58s[39m  
  [32;1m✓[39;22m[90m [39m[90mFilament panel restricts manager users to only edit resources within their tenant scope @ repetition 42 of[39m[90m… [39m [90m0.18s[39m  
  [32;1m✓[39;22m[90m [39m[90mFilament panel restricts manager users to only edit resources within their tenant scope @ repetition 43 of[39m[90m… [39m [90m0.22s[39m  
  [32;1m✓[39;22m[90m [39m[90mFilament panel restricts manager users to only edit resources within their tenant scope @ repetition 44 of[39m[90m… [39m [90m0.20s[39m  
  [32;1m✓[39;22m[90m [39m[90mFilament panel restricts manager users to only edit resources within their tenant scope @ repetition 45 of[39m[90m… [39m [90m0.23s[39m  
  [32;1m✓[39;22m[90m [39m[90mFilament panel restricts manager users to only edit resources within their tenant scope @ repetition 46 of[39m[90m… [39m [90m0.24s[39m  
  [32;1m✓[39;22m[90m [39m[90mFilament panel restricts manager users to only edit resources within their tenant scope @ repetition 47 of[39m[90m… [39m [90m0.21s[39m  
  [32;1m✓[39;22m[90m [39m[90mFilament panel restricts manager users to only edit resources within their tenant scope @ repetition 48 of[39m[90m… [39m [90m0.21s[39m  
  [32;1m✓[39;22m[90m [39m[90mFilament panel restricts manager users to only edit resources within their tenant scope @ repetition 49 of[39m[90m… [39m [90m0.58s[39m  
  [32;1m✓[39;22m[90m [39m[90mFilament panel restricts manager users to only edit resources within their tenant scope @ repetition 50 of[39m[90m… [39m [90m0.22s[39m  
  [32;1m✓[39;22m[90m [39m[90mFilament panel restricts manager users to only edit resources within their tenant scope @ repetition 51 of[39m[90m… [39m [90m0.26s[39m  
  [32;1m✓[39;22m[90m [39m[90mFilament panel restricts manager users to only edit resources within their tenant scope @ repetition 52 of[39m[90m… [39m [90m0.23s[39m  
  [32;1m✓[39;22m[90m [39m[90mFilament panel restricts manager users to only edit resources within their tenant scope @ repetition 53 of[39m[90m… [39m [90m0.24s[39m  
  [32;1m✓[39;22m[90m [39m[90mFilament panel restricts manager users to only edit resources within their tenant scope @ repetition 54 of[39m[90m… [39m [90m0.18s[39m  
  [32;1m✓[39;22m[90m [39m[90mFilament panel restricts manager users to only edit resources within their tenant scope @ repetition 55 of[39m[90m… [39m [90m0.29s[39m  
  [32;1m✓[39;22m[90m [39m[90mFilament panel restricts manager users to only edit resources within their tenant scope @ repetition 56 of[39m[90m… [39m [90m0.24s[39m  
  [32;1m✓[39;22m[90m [39m[90mFilament panel restricts manager users to only edit resources within their tenant scope @ repetition 57 of[39m[90m… [39m [90m0.58s[39m  
  [32;1m✓[39;22m[90m [39m[90mFilament panel restricts manager users to only edit resources within their tenant scope @ repetition 58 of[39m[90m… [39m [90m0.19s[39m  
  [32;1m✓[39;22m[90m [39m[90mFilament panel restricts manager users to only edit resources within their tenant scope @ repetition 59 of[39m[90m… [39m [90m0.21s[39m  
  [32;1m✓[39;22m[90m [39m[90mFilament panel restricts manager users to only edit resources within their tenant scope @ repetition 60 of[39m[90m… [39m [90m0.19s[39m  
  [32;1m✓[39;22m[90m [39m[90mFilament panel restricts manager users to only edit resources within their tenant scope @ repetition 61 of[39m[90m… [39m [90m0.24s[39m  
  [32;1m✓[39;22m[90m [39m[90mFilament panel restricts manager users to only edit resources within their tenant scope @ repetition 62 of[39m[90m… [39m [90m0.24s[39m  
  [32;1m✓[39;22m[90m [39m[90mFilament panel restricts manager users to only edit resources within their tenant scope @ repetition 63 of[39m[90m… [39m [90m0.23s[39m  
  [32;1m✓[39;22m[90m [39m[90mFilament panel restricts manager users to only edit resources within their tenant scope @ repetition 64 of[39m[90m… [39m [90m0.23s[39m  
  [32;1m✓[39;22m[90m [39m[90mFilament panel restricts manager users to only edit resources within their tenant scope @ repetition 65 of[39m[90m… [39m [90m0.65s[39m  
  [32;1m✓[39;22m[90m [39m[90mFilament panel restricts manager users to only edit resources within their tenant scope @ repetition 66 of[39m[90m… [39m [90m0.27s[39m  
  [32;1m✓[39;22m[90m [39m[90mFilament panel restricts manager users to only edit resources within their tenant scope @ repetition 67 of[39m[90m… [39m [90m0.26s[39m  
  [32;1m✓[39;22m[90m [39m[90mFilament panel restricts manager users to only edit resources within their tenant scope @ repetition 68 of[39m[90m… [39m [90m0.34s[39m  
  [32;1m✓[39;22m[90m [39m[90mFilament panel restricts manager users to only edit resources within their tenant scope @ repetition 69 of[39m[90m… [39m [90m0.24s[39m  
  [32;1m✓[39;22m[90m [39m[90mFilament panel restricts manager users to only edit resources within their tenant scope @ repetition 70 of[39m[90m… [39m [90m0.24s[39m  
  [32;1m✓[39;22m[90m [39m[90mFilament panel restricts manager users to only edit resources within their tenant scope @ repetition 71 of[39m[90m… [39m [90m0.25s[39m  
  [32;1m✓[39;22m[90m [39m[90mFilament panel restricts manager users to only edit resources within their tenant scope @ repetition 72 of[39m[90m… [39m [90m0.20s[39m  
  [32;1m✓[39;22m[90m [39m[90mFilament panel restricts manager users to only edit resources within their tenant scope @ repetition 73 of[39m[90m… [39m [90m0.66s[39m  
  [32;1m✓[39;22m[90m [39m[90mFilament panel restricts manager users to only edit resources within their tenant scope @ repetition 74 of[39m[90m… [39m [90m0.25s[39m  
  [32;1m✓[39;22m[90m [39m[90mFilament panel restricts manager users to only edit resources within their tenant scope @ repetition 75 of[39m[90m… [39m [90m0.26s[39m  
  [32;1m✓[39;22m[90m [39m[90mFilament panel restricts manager users to only edit resources within their tenant scope @ repetition 76 of[39m[90m… [39m [90m0.23s[39m  
  [32;1m✓[39;22m[90m [39m[90mFilament panel restricts manager users to only edit resources within their tenant scope @ repetition 77 of[39m[90m… [39m [90m0.26s[39m  
  [32;1m✓[39;22m[90m [39m[90mFilament panel restricts manager users to only edit resources within their tenant scope @ repetition 78 of[39m[90m… [39m [90m0.30s[39m  
  [32;1m✓[39;22m[90m [39m[90mFilament panel restricts manager users to only edit resources within their tenant scope @ repetition 79 of[39m[90m… [39m [90m0.28s[39m  
  [32;1m✓[39;22m[90m [39m[90mFilament panel restricts manager users to only edit resources within their tenant scope @ repetition 80 of[39m[90m… [39m [90m0.21s[39m  
  [32;1m✓[39;22m[90m [39m[90mFilament panel restricts manager users to only edit resources within their tenant scope @ repetition 81 of[39m[90m… [39m [90m0.56s[39m  
  [32;1m✓[39;22m[90m [39m[90mFilament panel restricts manager users to only edit resources within their tenant scope @ repetition 82 of[39m[90m… [39m [90m0.20s[39m  
  [32;1m✓[39;22m[90m [39m[90mFilament panel restricts manager users to only edit resources within their tenant scope @ repetition 83 of[39m[90m… [39m [90m0.19s[39m  
  [32;1m✓[39;22m[90m [39m[90mFilament panel restricts manager users to only edit resources within their tenant scope @ repetition 84 of[39m[90m… [39m [90m0.24s[39m  
  [32;1m✓[39;22m[90m [39m[90mFilament panel restricts manager users to only edit resources within their tenant scope @ repetition 85 of[39m[90m… [39m [90m0.20s[39m  
  [32;1m✓[39;22m[90m [39m[90mFilament panel restricts manager users to only edit resources within their tenant scope @ repetition 86 of[39m[90m… [39m [90m0.18s[39m  
  [32;1m✓[39;22m[90m [39m[90mFilament panel restricts manager users to only edit resources within their tenant scope @ repetition 87 of[39m[90m… [39m [90m0.23s[39m  
  [32;1m✓[39;22m[90m [39m[90mFilament panel restricts manager users to only edit resources within their tenant scope @ repetition 88 of[39m[90m… [39m [90m0.22s[39m  
  [32;1m✓[39;22m[90m [39m[90mFilament panel restricts manager users to only edit resources within their tenant scope @ repetition 89 of[39m[90m… [39m [90m0.60s[39m  
  [32;1m✓[39;22m[90m [39m[90mFilament panel restricts manager users to only edit resources within their tenant scope @ repetition 90 of[39m[90m… [39m [90m0.27s[39m  
  [32;1m✓[39;22m[90m [39m[90mFilament panel restricts manager users to only edit resources within their tenant scope @ repetition 91 of[39m[90m… [39m [90m0.21s[39m  
  [32;1m✓[39;22m[90m [39m[90mFilament panel restricts manager users to only edit resources within their tenant scope @ repetition 92 of[39m[90m… [39m [90m0.20s[39m  
  [32;1m✓[39;22m[90m [39m[90mFilament panel restricts manager users to only edit resources within their tenant scope @ repetition 93 of[39m[90m… [39m [90m0.20s[39m  
  [32;1m✓[39;22m[90m [39m[90mFilament panel restricts manager users to only edit resources within their tenant scope @ repetition 94 of[39m[90m… [39m [90m0.22s[39m  
  [32;1m✓[39;22m[90m [39m[90mFilament panel restricts manager users to only edit resources within their tenant scope @ repetition 95 of[39m[90m… [39m [90m0.18s[39m  
  [32;1m✓[39;22m[90m [39m[90mFilament panel restricts manager users to only edit resources within their tenant scope @ repetition 96 of[39m[90m… [39m [90m0.23s[39m  
  [32;1m✓[39;22m[90m [39m[90mFilament panel restricts manager users to only edit resources within their tenant scope @ repetition 97 of[39m[90m… [39m [90m0.65s[39m  
  [32;1m✓[39;22m[90m [39m[90mFilament panel restricts manager users to only edit resources within their tenant scope @ repetition 98 of[39m[90m… [39m [90m0.25s[39m  
  [32;1m✓[39;22m[90m [39m[90mFilament panel restricts manager users to only edit resources within their tenant scope @ repetition 99 of[39m[90m… [39m [90m0.22s[39m  
  [32;1m✓[39;22m[90m [39m[90mFilament panel restricts manager users to only edit resources within their tenant scope @ repetition 100 of[39m[90m…[39m [90m0.17s[39m  
  [32;1m✓[39;22m[90m [39m[90mFilament panel restricts manager users to only delete resources within their tenant scope @ repetition 1 of[39m[90m…[39m [90m0.61s[39m  
  [32;1m✓[39;22m[90m [39m[90mFilament panel restricts manager users to only delete resources within their tenant scope @ repetition 2 of[39m[90m…[39m [90m0.22s[39m  
  [32;1m✓[39;22m[90m [39m[90mFilament panel restricts manager users to only delete resources within their tenant scope @ repetition 3 of[39m[90m…[39m [90m0.26s[39m  
  [32;1m✓[39;22m[90m [39m[90mFilament panel restricts manager users to only delete resources within their tenant scope @ repetition 4 of[39m[90m…[39m [90m0.26s[39m  
  [32;1m✓[39;22m[90m [39m[90mFilament panel restricts manager users to only delete resources within their tenant scope @ repetition 5 of[39m[90m…[39m [90m0.21s[39m  
  [32;1m✓[39;22m[90m [39m[90mFilament panel restricts manager users to only delete resources within their tenant scope @ repetition 6 of[39m[90m…[39m [90m0.22s[39m  
  [32;1m✓[39;22m[90m [39m[90mFilament panel restricts manager users to only delete resources within their tenant scope @ repetition 7 of[39m[90m…[39m [90m0.22s[39m  
  [32;1m✓[39;22m[90m [39m[90mFilament panel restricts manager users to only delete resources within their tenant scope @ repetition 8 of[39m[90m…[39m [90m0.27s[39m  
  [32;1m✓[39;22m[90m [39m[90mFilament panel restricts manager users to only delete resources within their tenant scope @ repetition 9 of[39m[90m…[39m [90m0.69s[39m  
  [32;1m✓[39;22m[90m [39m[90mFilament panel restricts manager users to only delete resources within their tenant scope @ repetition 10 o[39m[90m…[39m [90m0.27s[39m  
  [32;1m✓[39;22m[90m [39m[90mFilament panel restricts manager users to only delete resources within their tenant scope @ repetition 11 o[39m[90m…[39m [90m0.23s[39m  
  [32;1m✓[39;22m[90m [39m[90mFilament panel restricts manager users to only delete resources within their tenant scope @ repetition 12 o[39m[90m…[39m [90m0.28s[39m  
  [32;1m✓[39;22m[90m [39m[90mFilament panel restricts manager users to only delete resources within their tenant scope @ repetition 13 o[39m[90m…[39m [90m0.20s[39m  
  [32;1m✓[39;22m[90m [39m[90mFilament panel restricts manager users to only delete resources within their tenant scope @ repetition 14 o[39m[90m…[39m [90m0.22s[39m  
  [32;1m✓[39;22m[90m [39m[90mFilament panel restricts manager users to only delete resources within their tenant scope @ repetition 15 o[39m[90m…[39m [90m0.21s[39m  
  [32;1m✓[39;22m[90m [39m[90mFilament panel restricts manager users to only delete resources within their tenant scope @ repetition 16 o[39m[90m…[39m [90m0.21s[39m  
  [32;1m✓[39;22m[90m [39m[90mFilament panel restricts manager users to only delete resources within their tenant scope @ repetition 17 o[39m[90m…[39m [90m0.58s[39m  
  [32;1m✓[39;22m[90m [39m[90mFilament panel restricts manager users to only delete resources within their tenant scope @ repetition 18 o[39m[90m…[39m [90m0.22s[39m  
  [32;1m✓[39;22m[90m [39m[90mFilament panel restricts manager users to only delete resources within their tenant scope @ repetition 19 o[39m[90m…[39m [90m0.25s[39m  
  [32;1m✓[39;22m[90m [39m[90mFilament panel restricts manager users to only delete resources within their tenant scope @ repetition 20 o[39m[90m…[39m [90m0.19s[39m  
  [32;1m✓[39;22m[90m [39m[90mFilament panel restricts manager users to only delete resources within their tenant scope @ repetition 21 o[39m[90m…[39m [90m0.22s[39m  
  [32;1m✓[39;22m[90m [39m[90mFilament panel restricts manager users to only delete resources within their tenant scope @ repetition 22 o[39m[90m…[39m [90m0.24s[39m  
  [32;1m✓[39;22m[90m [39m[90mFilament panel restricts manager users to only delete resources within their tenant scope @ repetition 23 o[39m[90m…[39m [90m0.23s[39m  
  [32;1m✓[39;22m[90m [39m[90mFilament panel restricts manager users to only delete resources within their tenant scope @ repetition 24 o[39m[90m…[39m [90m0.25s[39m  
  [32;1m✓[39;22m[90m [39m[90mFilament panel restricts manager users to only delete resources within their tenant scope @ repetition 25 o[39m[90m…[39m [90m0.57s[39m  
  [32;1m✓[39;22m[90m [39m[90mFilament panel restricts manager users to only delete resources within their tenant scope @ repetition 26 o[39m[90m…[39m [90m0.24s[39m  
  [32;1m✓[39;22m[90m [39m[90mFilament panel restricts manager users to only delete resources within their tenant scope @ repetition 27 o[39m[90m…[39m [90m0.21s[39m  
  [32;1m✓[39;22m[90m [39m[90mFilament panel restricts manager users to only delete resources within their tenant scope @ repetition 28 o[39m[90m…[39m [90m0.22s[39m  
  [32;1m✓[39;22m[90m [39m[90mFilament panel restricts manager users to only delete resources within their tenant scope @ repetition 29 o[39m[90m…[39m [90m0.22s[39m  
  [32;1m✓[39;22m[90m [39m[90mFilament panel restricts manager users to only delete resources within their tenant scope @ repetition 30 o[39m[90m…[39m [90m0.27s[39m  
  [32;1m✓[39;22m[90m [39m[90mFilament panel restricts manager users to only delete resources within their tenant scope @ repetition 31 o[39m[90m…[39m [90m0.22s[39m  
  [32;1m✓[39;22m[90m [39m[90mFilament panel restricts manager users to only delete resources within their tenant scope @ repetition 32 o[39m[90m…[39m [90m0.15s[39m  
  [32;1m✓[39;22m[90m [39m[90mFilament panel restricts manager users to only delete resources within their tenant scope @ repetition 33 o[39m[90m…[39m [90m0.58s[39m  
  [32;1m✓[39;22m[90m [39m[90mFilament panel restricts manager users to only delete resources within their tenant scope @ repetition 34 o[39m[90m…[39m [90m0.29s[39m  
  [32;1m✓[39;22m[90m [39m[90mFilament panel restricts manager users to only delete resources within their tenant scope @ repetition 35 o[39m[90m…[39m [90m0.24s[39m  
  [32;1m✓[39;22m[90m [39m[90mFilament panel restricts manager users to only delete resources within their tenant scope @ repetition 36 o[39m[90m…[39m [90m0.28s[39m  
  [32;1m✓[39;22m[90m [39m[90mFilament panel restricts manager users to only delete resources within their tenant scope @ repetition 37 o[39m[90m…[39m [90m0.25s[39m  
  [32;1m✓[39;22m[90m [39m[90mFilament panel restricts manager users to only delete resources within their tenant scope @ repetition 38 o[39m[90m…[39m [90m0.20s[39m  
  [32;1m✓[39;22m[90m [39m[90mFilament panel restricts manager users to only delete resources within their tenant scope @ repetition 39 o[39m[90m…[39m [90m0.18s[39m  
  [32;1m✓[39;22m[90m [39m[90mFilament panel restricts manager users to only delete resources within their tenant scope @ repetition 40 o[39m[90m…[39m [90m0.20s[39m  
  [32;1m✓[39;22m[90m [39m[90mFilament panel restricts manager users to only delete resources within their tenant scope @ repetition 41 o[39m[90m…[39m [90m0.57s[39m  
  [32;1m✓[39;22m[90m [39m[90mFilament panel restricts manager users to only delete resources within their tenant scope @ repetition 42 o[39m[90m…[39m [90m0.27s[39m  
  [32;1m✓[39;22m[90m [39m[90mFilament panel restricts manager users to only delete resources within their tenant scope @ repetition 43 o[39m[90m…[39m [90m0.23s[39m  
  [32;1m✓[39;22m[90m [39m[90mFilament panel restricts manager users to only delete resources within their tenant scope @ repetition 44 o[39m[90m…[39m [90m0.24s[39m  
  [32;1m✓[39;22m[90m [39m[90mFilament panel restricts manager users to only delete resources within their tenant scope @ repetition 45 o[39m[90m…[39m [90m0.23s[39m  
  [32;1m✓[39;22m[90m [39m[90mFilament panel restricts manager users to only delete resources within their tenant scope @ repetition 46 o[39m[90m…[39m [90m0.29s[39m  
  [32;1m✓[39;22m[90m [39m[90mFilament panel restricts manager users to only delete resources within their tenant scope @ repetition 47 o[39m[90m…[39m [90m0.27s[39m  
  [32;1m✓[39;22m[90m [39m[90mFilament panel restricts manager users to only delete resources within their tenant scope @ repetition 48 o[39m[90m…[39m [90m0.25s[39m  
  [32;1m✓[39;22m[90m [39m[90mFilament panel restricts manager users to only delete resources within their tenant scope @ repetition 49 o[39m[90m…[39m [90m0.61s[39m  
  [32;1m✓[39;22m[90m [39m[90mFilament panel restricts manager users to only delete resources within their tenant scope @ repetition 50 o[39m[90m…[39m [90m0.25s[39m  
  [32;1m✓[39;22m[90m [39m[90mFilament panel restricts manager users to only delete resources within their tenant scope @ repetition 51 o[39m[90m…[39m [90m0.22s[39m  
  [32;1m✓[39;22m[90m [39m[90mFilament panel restricts manager users to only delete resources within their tenant scope @ repetition 52 o[39m[90m…[39m [90m0.23s[39m  
  [32;1m✓[39;22m[90m [39m[90mFilament panel restricts manager users to only delete resources within their tenant scope @ repetition 53 o[39m[90m…[39m [90m0.23s[39m  
  [32;1m✓[39;22m[90m [39m[90mFilament panel restricts manager users to only delete resources within their tenant scope @ repetition 54 o[39m[90m…[39m [90m0.24s[39m  
  [32;1m✓[39;22m[90m [39m[90mFilament panel restricts manager users to only delete resources within their tenant scope @ repetition 55 o[39m[90m…[39m [90m0.21s[39m  
  [32;1m✓[39;22m[90m [39m[90mFilament panel restricts manager users to only delete resources within their tenant scope @ repetition 56 o[39m[90m…[39m [90m0.21s[39m  
  [32;1m✓[39;22m[90m [39m[90mFilament panel restricts manager users to only delete resources within their tenant scope @ repetition 57 o[39m[90m…[39m [90m0.64s[39m  
  [32;1m✓[39;22m[90m [39m[90mFilament panel restricts manager users to only delete resources within their tenant scope @ repetition 58 o[39m[90m…[39m [90m0.20s[39m  
  [32;1m✓[39;22m[90m [39m[90mFilament panel restricts manager users to only delete resources within their tenant scope @ repetition 59 o[39m[90m…[39m [90m0.24s[39m  
  [32;1m✓[39;22m[90m [39m[90mFilament panel restricts manager users to only delete resources within their tenant scope @ repetition 60 o[39m[90m…[39m [90m0.24s[39m  
  [32;1m✓[39;22m[90m [39m[90mFilament panel restricts manager users to only delete resources within their tenant scope @ repetition 61 o[39m[90m…[39m [90m0.24s[39m  
  [32;1m✓[39;22m[90m [39m[90mFilament panel restricts manager users to only delete resources within their tenant scope @ repetition 62 o[39m[90m…[39m [90m0.27s[39m  
  [32;1m✓[39;22m[90m [39m[90mFilament panel restricts manager users to only delete resources within their tenant scope @ repetition 63 o[39m[90m…[39m [90m0.26s[39m  
  [32;1m✓[39;22m[90m [39m[90mFilament panel restricts manager users to only delete resources within their tenant scope @ repetition 64 o[39m[90m…[39m [90m0.23s[39m  
  [32;1m✓[39;22m[90m [39m[90mFilament panel restricts manager users to only delete resources within their tenant scope @ repetition 65 o[39m[90m…[39m [90m0.57s[39m  
  [32;1m✓[39;22m[90m [39m[90mFilament panel restricts manager users to only delete resources within their tenant scope @ repetition 66 o[39m[90m…[39m [90m0.23s[39m  
  [32;1m✓[39;22m[90m [39m[90mFilament panel restricts manager users to only delete resources within their tenant scope @ repetition 67 o[39m[90m…[39m [90m0.29s[39m  
  [32;1m✓[39;22m[90m [39m[90mFilament panel restricts manager users to only delete resources within their tenant scope @ repetition 68 o[39m[90m…[39m [90m0.25s[39m  
  [32;1m✓[39;22m[90m [39m[90mFilament panel restricts manager users to only delete resources within their tenant scope @ repetition 69 o[39m[90m…[39m [90m0.17s[39m  
  [32;1m✓[39;22m[90m [39m[90mFilament panel restricts manager users to only delete resources within their tenant scope @ repetition 70 o[39m[90m…[39m [90m0.21s[39m  
  [32;1m✓[39;22m[90m [39m[90mFilament panel restricts manager users to only delete resources within their tenant scope @ repetition 71 o[39m[90m…[39m [90m0.23s[39m  
  [32;1m✓[39;22m[90m [39m[90mFilament panel restricts manager users to only delete resources within their tenant scope @ repetition 72 o[39m[90m…[39m [90m0.24s[39m  
  [32;1m✓[39;22m[90m [39m[90mFilament panel restricts manager users to only delete resources within their tenant scope @ repetition 73 o[39m[90m…[39m [90m0.59s[39m  
  [32;1m✓[39;22m[90m [39m[90mFilament panel restricts manager users to only delete resources within their tenant scope @ repetition 74 o[39m[90m…[39m [90m0.20s[39m  
  [32;1m✓[39;22m[90m [39m[90mFilament panel restricts manager users to only delete resources within their tenant scope @ repetition 75 o[39m[90m…[39m [90m0.16s[39m  
  [32;1m✓[39;22m[90m [39m[90mFilament panel restricts manager users to only delete resources within their tenant scope @ repetition 76 o[39m[90m…[39m [90m0.23s[39m  
  [32;1m✓[39;22m[90m [39m[90mFilament panel restricts manager users to only delete resources within their tenant scope @ repetition 77 o[39m[90m…[39m [90m0.27s[39m  
  [32;1m✓[39;22m[90m [39m[90mFilament panel restricts manager users to only delete resources within their tenant scope @ repetition 78 o[39m[90m…[39m [90m0.23s[39m  
  [32;1m✓[39;22m[90m [39m[90mFilament panel restricts manager users to only delete resources within their tenant scope @ repetition 79 o[39m[90m…[39m [90m0.28s[39m  
  [32;1m✓[39;22m[90m [39m[90mFilament panel restricts manager users to only delete resources within their tenant scope @ repetition 80 o[39m[90m…[39m [90m0.23s[39m  
  [32;1m✓[39;22m[90m [39m[90mFilament panel restricts manager users to only delete resources within their tenant scope @ repetition 81 o[39m[90m…[39m [90m0.63s[39m  
  [32;1m✓[39;22m[90m [39m[90mFilament panel restricts manager users to only delete resources within their tenant scope @ repetition 82 o[39m[90m…[39m [90m0.20s[39m  
  [32;1m✓[39;22m[90m [39m[90mFilament panel restricts manager users to only delete resources within their tenant scope @ repetition 83 o[39m[90m…[39m [90m0.24s[39m  
  [32;1m✓[39;22m[90m [39m[90mFilament panel restricts manager users to only delete resources within their tenant scope @ repetition 84 o[39m[90m…[39m [90m0.25s[39m  
  [32;1m✓[39;22m[90m [39m[90mFilament panel restricts manager users to only delete resources within their tenant scope @ repetition 85 o[39m[90m…[39m [90m0.24s[39m  
  [32;1m✓[39;22m[90m [39m[90mFilament panel restricts manager users to only delete resources within their tenant scope @ repetition 86 o[39m[90m…[39m [90m0.23s[39m  
  [32;1m✓[39;22m[90m [39m[90mFilament panel restricts manager users to only delete resources within their tenant scope @ repetition 87 o[39m[90m…[39m [90m0.23s[39m  
  [32;1m✓[39;22m[90m [39m[90mFilament panel restricts manager users to only delete resources within their tenant scope @ repetition 88 o[39m[90m…[39m [90m0.23s[39m  
  [32;1m✓[39;22m[90m [39m[90mFilament panel restricts manager users to only delete resources within their tenant scope @ repetition 89 o[39m[90m…[39m [90m0.57s[39m  
  [32;1m✓[39;22m[90m [39m[90mFilament panel restricts manager users to only delete resources within their tenant scope @ repetition 90 o[39m[90m…[39m [90m0.28s[39m  
  [32;1m✓[39;22m[90m [39m[90mFilament panel restricts manager users to only delete resources within their tenant scope @ repetition 91 o[39m[90m…[39m [90m0.25s[39m  
  [32;1m✓[39;22m[90m [39m[90mFilament panel restricts manager users to only delete resources within their tenant scope @ repetition 92 o[39m[90m…[39m [90m0.24s[39m  
  [32;1m✓[39;22m[90m [39m[90mFilament panel restricts manager users to only delete resources within their tenant scope @ repetition 93 o[39m[90m…[39m [90m0.22s[39m  
  [32;1m✓[39;22m[90m [39m[90mFilament panel restricts manager users to only delete resources within their tenant scope @ repetition 94 o[39m[90m…[39m [90m0.19s[39m  
  [32;1m✓[39;22m[90m [39m[90mFilament panel restricts manager users to only delete resources within their tenant scope @ repetition 95 o[39m[90m…[39m [90m0.24s[39m  
  [32;1m✓[39;22m[90m [39m[90mFilament panel restricts manager users to only delete resources within their tenant scope @ repetition 96 o[39m[90m…[39m [90m0.22s[39m  
  [32;1m✓[39;22m[90m [39m[90mFilament panel restricts manager users to only delete resources within their tenant scope @ repetition 97 o[39m[90m…[39m [90m0.66s[39m  
  [32;1m✓[39;22m[90m [39m[90mFilament panel restricts manager users to only delete resources within their tenant scope @ repetition 98 o[39m[90m…[39m [90m0.26s[39m  
  [32;1m✓[39;22m[90m [39m[90mFilament panel restricts manager users to only delete resources within their tenant scope @ repetition 99 o[39m[90m…[39m [90m0.26s[39m  
  [32;1m✓[39;22m[90m [39m[90mFilament panel restricts manager users to only delete resources within their tenant scope @ repetition 100[39m[90m… [39m [90m0.30s[39m  
  [31;1m⨯[39;22m[90m [39m[90mFilament panel allows manager users to view invoices only within their tenant scope @ repetition 1 of 100[39m[90m   [39m [90m0.64s[39m  
  [31;1m⨯[39;22m[90m [39m[90mFilament panel allows manager users to view invoices only within their tenant scope @ repetition 2 of 100[39m[90m   [39m [90m0.23s[39m  
  [31;1m⨯[39;22m[90m [39m[90mFilament panel allows manager users to view invoices only within their tenant scope @ repetition 3 of 100[39m[90m   [39m [90m0.28s[39m  
  [31;1m⨯[39;22m[90m [39m[90mFilament panel allows manager users to view invoices only within their tenant scope @ repetition 4 of 100[39m[90m   [39m [90m0.21s[39m  
  [31;1m⨯[39;22m[90m [39m[90mFilament panel allows manager users to view invoices only within their tenant scope @ repetition 5 of 100[39m[90m   [39m [90m0.23s[39m  
  [31;1m⨯[39;22m[90m [39m[90mFilament panel allows manager users to view invoices only within their tenant scope @ repetition 6 of 100[39m[90m   [39m [90m0.23s[39m  
  [31;1m⨯[39;22m[90m [39m[90mFilament panel allows manager users to view invoices only within their tenant scope @ repetition 7 of 100[39m[90m   [39m [90m0.23s[39m  
  [31;1m⨯[39;22m[90m [39m[90mFilament panel allows manager users to view invoices only within their tenant scope @ repetition 8 of 100[39m[90m   [39m [90m0.27s[39m  
  [31;1m⨯[39;22m[90m [39m[90mFilament panel allows manager users to view invoices only within their tenant scope @ repetition 9 of 100[39m[90m   [39m [90m0.50s[39m  
  [31;1m⨯[39;22m[90m [39m[90mFilament panel allows manager users to view invoices only within their tenant scope @ repetition 10 of 100[39m[90m  [39m [90m0.28s[39m  
  [31;1m⨯[39;22m[90m [39m[90mFilament panel allows manager users to view invoices only within their tenant scope @ repetition 11 of 100[39m[90m  [39m [90m0.20s[39m  
  [31;1m⨯[39;22m[90m [39m[90mFilament panel allows manager users to view invoices only within their tenant scope @ repetition 12 of 100[39m[90m  [39m [90m0.24s[39m  
  [31;1m⨯[39;22m[90m [39m[90mFilament panel allows manager users to view invoices only within their tenant scope @ repetition 13 of 100[39m[90m  [39m [90m0.22s[39m  
  [31;1m⨯[39;22m[90m [39m[90mFilament panel allows manager users to view invoices only within their tenant scope @ repetition 14 of 100[39m[90m  [39m [90m0.21s[39m  
  [31;1m⨯[39;22m[90m [39m[90mFilament panel allows manager users to view invoices only within their tenant scope @ repetition 15 of 100[39m[90m  [39m [90m0.27s[39m  
  [31;1m⨯[39;22m[90m [39m[90mFilament panel allows manager users to view invoices only within their tenant scope @ repetition 16 of 100[39m[90m  [39m [90m0.22s[39m  
  [31;1m⨯[39;22m[90m [39m[90mFilament panel allows manager users to view invoices only within their tenant scope @ repetition 17 of 100[39m[90m  [39m [90m0.62s[39m  
  [31;1m⨯[39;22m[90m [39m[90mFilament panel allows manager users to view invoices only within their tenant scope @ repetition 18 of 100[39m[90m  [39m [90m0.25s[39m  
  [31;1m⨯[39;22m[90m [39m[90mFilament panel allows manager users to view invoices only within their tenant scope @ repetition 19 of 100[39m[90m  [39m [90m0.22s[39m  
  [31;1m⨯[39;22m[90m [39m[90mFilament panel allows manager users to view invoices only within their tenant scope @ repetition 20 of 100[39m[90m  [39m [90m0.21s[39m  
  [31;1m⨯[39;22m[90m [39m[90mFilament panel allows manager users to view invoices only within their tenant scope @ repetition 21 of 100[39m[90m  [39m [90m0.24s[39m  
  [31;1m⨯[39;22m[90m [39m[90mFilament panel allows manager users to view invoices only within their tenant scope @ repetition 22 of 100[39m[90m  [39m [90m0.22s[39m  
  [31;1m⨯[39;22m[90m [39m[90mFilament panel allows manager users to view invoices only within their tenant scope @ repetition 23 of 100[39m[90m  [39m [90m0.28s[39m  
  [31;1m⨯[39;22m[90m [39m[90mFilament panel allows manager users to view invoices only within their tenant scope @ repetition 24 of 100[39m[90m  [39m [90m0.25s[39m  
  [31;1m⨯[39;22m[90m [39m[90mFilament panel allows manager users to view invoices only within their tenant scope @ repetition 25 of 100[39m[90m  [39m [90m0.74s[39m  
  [31;1m⨯[39;22m[90m [39m[90mFilament panel allows manager users to view invoices only within their tenant scope @ repetition 26 of 100[39m[90m  [39m [90m0.24s[39m  
  [31;1m⨯[39;22m[90m [39m[90mFilament panel allows manager users to view invoices only within their tenant scope @ repetition 27 of 100[39m[90m  [39m [90m0.29s[39m  
  [31;1m⨯[39;22m[90m [39m[90mFilament panel allows manager users to view invoices only within their tenant scope @ repetition 28 of 100[39m[90m  [39m [90m0.27s[39m  
  [31;1m⨯[39;22m[90m [39m[90mFilament panel allows manager users to view invoices only within their tenant scope @ repetition 29 of 100[39m[90m  [39m [90m0.29s[39m  
  [31;1m⨯[39;22m[90m [39m[90mFilament panel allows manager users to view invoices only within their tenant scope @ repetition 30 of 100[39m[90m  [39m [90m0.22s[39m  
  [31;1m⨯[39;22m[90m [39m[90mFilament panel allows manager users to view invoices only within their tenant scope @ repetition 31 of 100[39m[90m  [39m [90m0.29s[39m  
  [31;1m⨯[39;22m[90m [39m[90mFilament panel allows manager users to view invoices only within their tenant scope @ repetition 32 of 100[39m[90m  [39m [90m0.25s[39m  
  [31;1m⨯[39;22m[90m [39m[90mFilament panel allows manager users to view invoices only within their tenant scope @ repetition 33 of 100[39m[90m  [39m [90m0.70s[39m  
  [31;1m⨯[39;22m[90m [39m[90mFilament panel allows manager users to view invoices only within their tenant scope @ repetition 34 of 100[39m[90m  [39m [90m0.30s[39m  
  [31;1m⨯[39;22m[90m [39m[90mFilament panel allows manager users to view invoices only within their tenant scope @ repetition 35 of 100[39m[90m  [39m [90m0.28s[39m  
  [31;1m⨯[39;22m[90m [39m[90mFilament panel allows manager users to view invoices only within their tenant scope @ repetition 36 of 100[39m[90m  [39m [90m0.26s[39m  
  [31;1m⨯[39;22m[90m [39m[90mFilament panel allows manager users to view invoices only within their tenant scope @ repetition 37 of 100[39m[90m  [39m [90m0.26s[39m  
  [31;1m⨯[39;22m[90m [39m[90mFilament panel allows manager users to view invoices only within their tenant scope @ repetition 38 of 100[39m[90m  [39m [90m0.30s[39m  
  [31;1m⨯[39;22m[90m [39m[90mFilament panel allows manager users to view invoices only within their tenant scope @ repetition 39 of 100[39m[90m  [39m [90m0.20s[39m  
  [31;1m⨯[39;22m[90m [39m[90mFilament panel allows manager users to view invoices only within their tenant scope @ repetition 40 of 100[39m[90m  [39m [90m0.24s[39m  
  [31;1m⨯[39;22m[90m [39m[90mFilament panel allows manager users to view invoices only within their tenant scope @ repetition 41 of 100[39m[90m  [39m [90m0.71s[39m  
  [31;1m⨯[39;22m[90m [39m[90mFilament panel allows manager users to view invoices only within their tenant scope @ repetition 42 of 100[39m[90m  [39m [90m0.29s[39m  
  [31;1m⨯[39;22m[90m [39m[90mFilament panel allows manager users to view invoices only within their tenant scope @ repetition 43 of 100[39m[90m  [39m [90m0.23s[39m  
  [31;1m⨯[39;22m[90m [39m[90mFilament panel allows manager users to view invoices only within their tenant scope @ repetition 44 of 100[39m[90m  [39m [90m0.33s[39m  
  [31;1m⨯[39;22m[90m [39m[90mFilament panel allows manager users to view invoices only within their tenant scope @ repetition 45 of 100[39m[90m  [39m [90m0.24s[39m  
  [31;1m⨯[39;22m[90m [39m[90mFilament panel allows manager users to view invoices only within their tenant scope @ repetition 46 of 100[39m[90m  [39m [90m0.24s[39m  
  [31;1m⨯[39;22m[90m [39m[90mFilament panel allows manager users to view invoices only within their tenant scope @ repetition 47 of 100[39m[90m  [39m [90m0.21s[39m  
  [31;1m⨯[39;22m[90m [39m[90mFilament panel allows manager users to view invoices only within their tenant scope @ repetition 48 of 100[39m[90m  [39m [90m0.27s[39m  
  [31;1m⨯[39;22m[90m [39m[90mFilament panel allows manager users to view invoices only within their tenant scope @ repetition 49 of 100[39m[90m  [39m [90m0.68s[39m  
  [31;1m⨯[39;22m[90m [39m[90mFilament panel allows manager users to view invoices only within their tenant scope @ repetition 50 of 100[39m[90m  [39m [90m0.28s[39m  
  [31;1m⨯[39;22m[90m [39m[90mFilament panel allows manager users to view invoices only within their tenant scope @ repetition 51 of 100[39m[90m  [39m [90m0.29s[39m  
  [31;1m⨯[39;22m[90m [39m[90mFilament panel allows manager users to view invoices only within their tenant scope @ repetition 52 of 100[39m[90m  [39m [90m0.23s[39m  
  [31;1m⨯[39;22m[90m [39m[90mFilament panel allows manager users to view invoices only within their tenant scope @ repetition 53 of 100[39m[90m  [39m [90m0.28s[39m  
  [31;1m⨯[39;22m[90m [39m[90mFilament panel allows manager users to view invoices only within their tenant scope @ repetition 54 of 100[39m[90m  [39m [90m0.27s[39m  
  [31;1m⨯[39;22m[90m [39m[90mFilament panel allows manager users to view invoices only within their tenant scope @ repetition 55 of 100[39m[90m  [39m [90m0.28s[39m  
  [31;1m⨯[39;22m[90m [39m[90mFilament panel allows manager users to view invoices only within their tenant scope @ repetition 56 of 100[39m[90m  [39m [90m0.29s[39m  
  [31;1m⨯[39;22m[90m [39m[90mFilament panel allows manager users to view invoices only within their tenant scope @ repetition 57 of 100[39m[90m  [39m [90m0.71s[39m  
  [31;1m⨯[39;22m[90m [39m[90mFilament panel allows manager users to view invoices only within their tenant scope @ repetition 58 of 100[39m[90m  [39m [90m0.27s[39m  
  [31;1m⨯[39;22m[90m [39m[90mFilament panel allows manager users to view invoices only within their tenant scope @ repetition 59 of 100[39m[90m  [39m [90m0.25s[39m  
  [31;1m⨯[39;22m[90m [39m[90mFilament panel allows manager users to view invoices only within their tenant scope @ repetition 60 of 100[39m[90m  [39m [90m0.28s[39m  
  [31;1m⨯[39;22m[90m [39m[90mFilament panel allows manager users to view invoices only within their tenant scope @ repetition 61 of 100[39m[90m  [39m [90m0.31s[39m  
  [31;1m⨯[39;22m[90m [39m[90mFilament panel allows manager users to view invoices only within their tenant scope @ repetition 62 of 100[39m[90m  [39m [90m0.24s[39m  
  [31;1m⨯[39;22m[90m [39m[90mFilament panel allows manager users to view invoices only within their tenant scope @ repetition 63 of 100[39m[90m  [39m [90m0.29s[39m  
  [31;1m⨯[39;22m[90m [39m[90mFilament panel allows manager users to view invoices only within their tenant scope @ repetition 64 of 100[39m[90m  [39m [90m0.27s[39m  
  [31;1m⨯[39;22m[90m [39m[90mFilament panel allows manager users to view invoices only within their tenant scope @ repetition 65 of 100[39m[90m  [39m [90m0.69s[39m  
  [31;1m⨯[39;22m[90m [39m[90mFilament panel allows manager users to view invoices only within their tenant scope @ repetition 66 of 100[39m[90m  [39m [90m0.38s[39m  
  [31;1m⨯[39;22m[90m [39m[90mFilament panel allows manager users to view invoices only within their tenant scope @ repetition 67 of 100[39m[90m  [39m [90m0.34s[39m  
  [31;1m⨯[39;22m[90m [39m[90mFilament panel allows manager users to view invoices only within their tenant scope @ repetition 68 of 100[39m[90m  [39m [90m0.25s[39m  
  [31;1m⨯[39;22m[90m [39m[90mFilament panel allows manager users to view invoices only within their tenant scope @ repetition 69 of 100[39m[90m  [39m [90m0.25s[39m  
  [31;1m⨯[39;22m[90m [39m[90mFilament panel allows manager users to view invoices only within their tenant scope @ repetition 70 of 100[39m[90m  [39m [90m0.20s[39m  
  [31;1m⨯[39;22m[90m [39m[90mFilament panel allows manager users to view invoices only within their tenant scope @ repetition 71 of 100[39m[90m  [39m [90m0.31s[39m  
  [31;1m⨯[39;22m[90m [39m[90mFilament panel allows manager users to view invoices only within their tenant scope @ repetition 72 of 100[39m[90m  [39m [90m0.23s[39m  
  [31;1m⨯[39;22m[90m [39m[90mFilament panel allows manager users to view invoices only within their tenant scope @ repetition 73 of 100[39m[90m  [39m [90m0.75s[39m  
  [31;1m⨯[39;22m[90m [39m[90mFilament panel allows manager users to view invoices only within their tenant scope @ repetition 74 of 100[39m[90m  [39m [90m0.33s[39m  
  [31;1m⨯[39;22m[90m [39m[90mFilament panel allows manager users to view invoices only within their tenant scope @ repetition 75 of 100[39m[90m  [39m [90m0.30s[39m  
  [31;1m⨯[39;22m[90m [39m[90mFilament panel allows manager users to view invoices only within their tenant scope @ repetition 76 of 100[39m[90m  [39m [90m0.34s[39m  
  [31;1m⨯[39;22m[90m [39m[90mFilament panel allows manager users to view invoices only within their tenant scope @ repetition 77 of 100[39m[90m  [39m [90m0.23s[39m  
  [31;1m⨯[39;22m[90m [39m[90mFilament panel allows manager users to view invoices only within their tenant scope @ repetition 78 of 100[39m[90m  [39m [90m0.32s[39m  
  [31;1m⨯[39;22m[90m [39m[90mFilament panel allows manager users to view invoices only within their tenant scope @ repetition 79 of 100[39m[90m  [39m [90m0.29s[39m  
  [31;1m⨯[39;22m[90m [39m[90mFilament panel allows manager users to view invoices only within their tenant scope @ repetition 80 of 100[39m[90m  [39m [90m0.31s[39m  
  [31;1m⨯[39;22m[90m [39m[90mFilament panel allows manager users to view invoices only within their tenant scope @ repetition 81 of 100[39m[90m  [39m [90m0.77s[39m  
  [31;1m⨯[39;22m[90m [39m[90mFilament panel allows manager users to view invoices only within their tenant scope @ repetition 82 of 100[39m[90m  [39m [90m0.27s[39m  
  [31;1m⨯[39;22m[90m [39m[90mFilament panel allows manager users to view invoices only within their tenant scope @ repetition 83 of 100[39m[90m  [39m [90m0.33s[39m  
  [31;1m⨯[39;22m[90m [39m[90mFilament panel allows manager users to view invoices only within their tenant scope @ repetition 84 of 100[39m[90m  [39m [90m0.27s[39m  
  [31;1m⨯[39;22m[90m [39m[90mFilament panel allows manager users to view invoices only within their tenant scope @ repetition 85 of 100[39m[90m  [39m [90m0.35s[39m  
  [31;1m⨯[39;22m[90m [39m[90mFilament panel allows manager users to view invoices only within their tenant scope @ repetition 86 of 100[39m[90m  [39m [90m0.33s[39m  
  [31;1m⨯[39;22m[90m [39m[90mFilament panel allows manager users to view invoices only within their tenant scope @ repetition 87 of 100[39m[90m  [39m [90m0.31s[39m  
  [31;1m⨯[39;22m[90m [39m[90mFilament panel allows manager users to view invoices only within their tenant scope @ repetition 88 of 100[39m[90m  [39m [90m0.31s[39m  
  [31;1m⨯[39;22m[90m [39m[90mFilament panel allows manager users to view invoices only within their tenant scope @ repetition 89 of 100[39m[90m  [39m [90m0.68s[39m  
  [31;1m⨯[39;22m[90m [39m[90mFilament panel allows manager users to view invoices only within their tenant scope @ repetition 90 of 100[39m[90m  [39m [90m0.33s[39m  
  [31;1m⨯[39;22m[90m [39m[90mFilament panel allows manager users to view invoices only within their tenant scope @ repetition 91 of 100[39m[90m  [39m [90m0.26s[39m  
  [31;1m⨯[39;22m[90m [39m[90mFilament panel allows manager users to view invoices only within their tenant scope @ repetition 92 of 100[39m[90m  [39m [90m0.28s[39m  
  [31;1m⨯[39;22m[90m [39m[90mFilament panel allows manager users to view invoices only within their tenant scope @ repetition 93 of 100[39m[90m  [39m [90m0.31s[39m  
  [31;1m⨯[39;22m[90m [39m[90mFilament panel allows manager users to view invoices only within their tenant scope @ repetition 94 of 100[39m[90m  [39m [90m0.25s[39m  
  [31;1m⨯[39;22m[90m [39m[90mFilament panel allows manager users to view invoices only within their tenant scope @ repetition 95 of 100[39m[90m  [39m [90m0.30s[39m  
  [31;1m⨯[39;22m[90m [39m[90mFilament panel allows manager users to view invoices only within their tenant scope @ repetition 96 of 100[39m[90m  [39m [90m0.35s[39m  
  [31;1m⨯[39;22m[90m [39m[90mFilament panel allows manager users to view invoices only within their tenant scope @ repetition 97 of 100[39m[90m  [39m [90m0.68s[39m  
  [31;1m⨯[39;22m[90m [39m[90mFilament panel allows manager users to view invoices only within their tenant scope @ repetition 98 of 100[39m[90m  [39m [90m0.36s[39m  
  [31;1m⨯[39;22m[90m [39m[90mFilament panel allows manager users to view invoices only within their tenant scope @ repetition 99 of 100[39m[90m  [39m [90m0.31s[39m  
  [31;1m⨯[39;22m[90m [39m[90mFilament panel allows manager users to view invoices only within their tenant scope @ repetition 100 of 100[39m[90m [39m [90m0.38s[39m  
  [32;1m✓[39;22m[90m [39m[90mFilament panel allows manager users to view meter readings only within their tenant scope @ repetition 1 of[39m[90m…[39m [90m0.81s[39m  
  [32;1m✓[39;22m[90m [39m[90mFilament panel allows manager users to view meter readings only within their tenant scope @ repetition 2 of[39m[90m…[39m [90m0.27s[39m  
  [32;1m✓[39;22m[90m [39m[90mFilament panel allows manager users to view meter readings only within their tenant scope @ repetition 3 of[39m[90m…[39m [90m0.43s[39m  
  [32;1m✓[39;22m[90m [39m[90mFilament panel allows manager users to view meter readings only within their tenant scope @ repetition 4 of[39m[90m…[39m [90m0.28s[39m  
  [32;1m✓[39;22m[90m [39m[90mFilament panel allows manager users to view meter readings only within their tenant scope @ repetition 5 of[39m[90m…[39m [90m0.32s[39m  
  [32;1m✓[39;22m[90m [39m[90mFilament panel allows manager users to view meter readings only within their tenant scope @ repetition 6 of[39m[90m…[39m [90m0.28s[39m  
  [32;1m✓[39;22m[90m [39m[90mFilament panel allows manager users to view meter readings only within their tenant scope @ repetition 7 of[39m[90m…[39m [90m0.40s[39m  
  [32;1m✓[39;22m[90m [39m[90mFilament panel allows manager users to view meter readings only within their tenant scope @ repetition 8 of[39m[90m…[39m [90m0.31s[39m  
  [32;1m✓[39;22m[90m [39m[90mFilament panel allows manager users to view meter readings only within their tenant scope @ repetition 9 of[39m[90m…[39m [90m0.77s[39m  
  [32;1m✓[39;22m[90m [39m[90mFilament panel allows manager users to view meter readings only within their tenant scope @ repetition 10 o[39m[90m…[39m [90m0.36s[39m  
  [32;1m✓[39;22m[90m [39m[90mFilament panel allows manager users to view meter readings only within their tenant scope @ repetition 11 o[39m[90m…[39m [90m0.46s[39m  
  [32;1m✓[39;22m[90m [39m[90mFilament panel allows manager users to view meter readings only within their tenant scope @ repetition 12 o[39m[90m…[39m [90m0.31s[39m  
  [32;1m✓[39;22m[90m [39m[90mFilament panel allows manager users to view meter readings only within their tenant scope @ repetition 13 o[39m[90m…[39m [90m0.37s[39m  
  [32;1m✓[39;22m[90m [39m[90mFilament panel allows manager users to view meter readings only within their tenant scope @ repetition 14 o[39m[90m…[39m [90m0.35s[39m  
  [32;1m✓[39;22m[90m [39m[90mFilament panel allows manager users to view meter readings only within their tenant scope @ repetition 15 o[39m[90m…[39m [90m0.39s[39m  
  [32;1m✓[39;22m[90m [39m[90mFilament panel allows manager users to view meter readings only within their tenant scope @ repetition 16 o[39m[90m…[39m [90m0.37s[39m  
  [32;1m✓[39;22m[90m [39m[90mFilament panel allows manager users to view meter readings only within their tenant scope @ repetition 17 o[39m[90m…[39m [90m0.82s[39m  
  [32;1m✓[39;22m[90m [39m[90mFilament panel allows manager users to view meter readings only within their tenant scope @ repetition 18 o[39m[90m…[39m [90m0.35s[39m  
  [32;1m✓[39;22m[90m [39m[90mFilament panel allows manager users to view meter readings only within their tenant scope @ repetition 19 o[39m[90m…[39m [90m0.34s[39m  
  [32;1m✓[39;22m[90m [39m[90mFilament panel allows manager users to view meter readings only within their tenant scope @ repetition 20 o[39m[90m…[39m [90m0.35s[39m  
  [32;1m✓[39;22m[90m [39m[90mFilament panel allows manager users to view meter readings only within their tenant scope @ repetition 21 o[39m[90m…[39m [90m0.38s[39m  
  [32;1m✓[39;22m[90m [39m[90mFilament panel allows manager users to view meter readings only within their tenant scope @ repetition 22 o[39m[90m…[39m [90m0.34s[39m  
  [32;1m✓[39;22m[90m [39m[90mFilament panel allows manager users to view meter readings only within their tenant scope @ repetition 23 o[39m[90m…[39m [90m0.38s[39m  
  [32;1m✓[39;22m[90m [39m[90mFilament panel allows manager users to view meter readings only within their tenant scope @ repetition 24 o[39m[90m…[39m [90m0.42s[39m  
  [32;1m✓[39;22m[90m [39m[90mFilament panel allows manager users to view meter readings only within their tenant scope @ repetition 25 o[39m[90m…[39m [90m0.72s[39m  
  [32;1m✓[39;22m[90m [39m[90mFilament panel allows manager users to view meter readings only within their tenant scope @ repetition 26 o[39m[90m…[39m [90m0.29s[39m  
  [32;1m✓[39;22m[90m [39m[90mFilament panel allows manager users to view meter readings only within their tenant scope @ repetition 27 o[39m[90m…[39m [90m0.40s[39m  
  [32;1m✓[39;22m[90m [39m[90mFilament panel allows manager users to view meter readings only within their tenant scope @ repetition 28 o[39m[90m…[39m [90m0.29s[39m  
  [32;1m✓[39;22m[90m [39m[90mFilament panel allows manager users to view meter readings only within their tenant scope @ repetition 29 o[39m[90m…[39m [90m0.32s[39m  
  [32;1m✓[39;22m[90m [39m[90mFilament panel allows manager users to view meter readings only within their tenant scope @ repetition 30 o[39m[90m…[39m [90m0.38s[39m  
  [32;1m✓[39;22m[90m [39m[90mFilament panel allows manager users to view meter readings only within their tenant scope @ repetition 31 o[39m[90m…[39m [90m0.21s[39m  
  [32;1m✓[39;22m[90m [39m[90mFilament panel allows manager users to view meter readings only within their tenant scope @ repetition 32 o[39m[90m…[39m [90m0.29s[39m  
  [32;1m✓[39;22m[90m [39m[90mFilament panel allows manager users to view meter readings only within their tenant scope @ repetition 33 o[39m[90m…[39m [90m0.75s[39m  
  [32;1m✓[39;22m[90m [39m[90mFilament panel allows manager users to view meter readings only within their tenant scope @ repetition 34 o[39m[90m…[39m [90m0.26s[39m  
  [32;1m✓[39;22m[90m [39m[90mFilament panel allows manager users to view meter readings only within their tenant scope @ repetition 35 o[39m[90m…[39m [90m0.29s[39m  
  [32;1m✓[39;22m[90m [39m[90mFilament panel allows manager users to view meter readings only within their tenant scope @ repetition 36 o[39m[90m…[39m [90m0.32s[39m  
  [32;1m✓[39;22m[90m [39m[90mFilament panel allows manager users to view meter readings only within their tenant scope @ repetition 37 o[39m[90m…[39m [90m0.33s[39m  
  [32;1m✓[39;22m[90m [39m[90mFilament panel allows manager users to view meter readings only within their tenant scope @ repetition 38 o[39m[90m…[39m [90m0.32s[39m  
  [32;1m✓[39;22m[90m [39m[90mFilament panel allows manager users to view meter readings only within their tenant scope @ repetition 39 o[39m[90m…[39m [90m0.29s[39m  
  [32;1m✓[39;22m[90m [39m[90mFilament panel allows manager users to view meter readings only within their tenant scope @ repetition 40 o[39m[90m…[39m [90m0.45s[39m  
  [32;1m✓[39;22m[90m [39m[90mFilament panel allows manager users to view meter readings only within their tenant scope @ repetition 41 o[39m[90m…[39m [90m0.75s[39m  
  [32;1m✓[39;22m[90m [39m[90mFilament panel allows manager users to view meter readings only within their tenant scope @ repetition 42 o[39m[90m…[39m [90m0.35s[39m  
  [32;1m✓[39;22m[90m [39m[90mFilament panel allows manager users to view meter readings only within their tenant scope @ repetition 43 o[39m[90m…[39m [90m0.33s[39m  
  [32;1m✓[39;22m[90m [39m[90mFilament panel allows manager users to view meter readings only within their tenant scope @ repetition 44 o[39m[90m…[39m [90m0.34s[39m  
  [32;1m✓[39;22m[90m [39m[90mFilament panel allows manager users to view meter readings only within their tenant scope @ repetition 45 o[39m[90m…[39m [90m0.39s[39m  
  [32;1m✓[39;22m[90m [39m[90mFilament panel allows manager users to view meter readings only within their tenant scope @ repetition 46 o[39m[90m…[39m [90m0.25s[39m  
  [32;1m✓[39;22m[90m [39m[90mFilament panel allows manager users to view meter readings only within their tenant scope @ repetition 47 o[39m[90m…[39m [90m0.37s[39m  
  [32;1m✓[39;22m[90m [39m[90mFilament panel allows manager users to view meter readings only within their tenant scope @ repetition 48 o[39m[90m…[39m [90m0.42s[39m  
  [32;1m✓[39;22m[90m [39m[90mFilament panel allows manager users to view meter readings only within their tenant scope @ repetition 49 o[39m[90m…[39m [90m0.78s[39m  
  [32;1m✓[39;22m[90m [39m[90mFilament panel allows manager users to view meter readings only within their tenant scope @ repetition 50 o[39m[90m…[39m [90m0.35s[39m  
  [32;1m✓[39;22m[90m [39m[90mFilament panel allows manager users to view meter readings only within their tenant scope @ repetition 51 o[39m[90m…[39m [90m0.35s[39m  
  [32;1m✓[39;22m[90m [39m[90mFilament panel allows manager users to view meter readings only within their tenant scope @ repetition 52 o[39m[90m…[39m [90m0.27s[39m  
  [32;1m✓[39;22m[90m [39m[90mFilament panel allows manager users to view meter readings only within their tenant scope @ repetition 53 o[39m[90m…[39m [90m0.28s[39m  
  [32;1m✓[39;22m[90m [39m[90mFilament panel allows manager users to view meter readings only within their tenant scope @ repetition 54 o[39m[90m…[39m [90m0.28s[39m  
  [32;1m✓[39;22m[90m [39m[90mFilament panel allows manager users to view meter readings only within their tenant scope @ repetition 55 o[39m[90m…[39m [90m0.27s[39m  
  [32;1m✓[39;22m[90m [39m[90mFilament panel allows manager users to view meter readings only within their tenant scope @ repetition 56 o[39m[90m…[39m [90m0.26s[39m  
  [32;1m✓[39;22m[90m [39m[90mFilament panel allows manager users to view meter readings only within their tenant scope @ repetition 57 o[39m[90m…[39m [90m0.68s[39m  
  [32;1m✓[39;22m[90m [39m[90mFilament panel allows manager users to view meter readings only within their tenant scope @ repetition 58 o[39m[90m…[39m [90m0.36s[39m  
  [32;1m✓[39;22m[90m [39m[90mFilament panel allows manager users to view meter readings only within their tenant scope @ repetition 59 o[39m[90m…[39m [90m0.30s[39m  
  [32;1m✓[39;22m[90m [39m[90mFilament panel allows manager users to view meter readings only within their tenant scope @ repetition 60 o[39m[90m…[39m [90m0.24s[39m  
  [32;1m✓[39;22m[90m [39m[90mFilament panel allows manager users to view meter readings only within their tenant scope @ repetition 61 o[39m[90m…[39m [90m0.32s[39m  
  [32;1m✓[39;22m[90m [39m[90mFilament panel allows manager users to view meter readings only within their tenant scope @ repetition 62 o[39m[90m…[39m [90m0.20s[39m  
  [32;1m✓[39;22m[90m [39m[90mFilament panel allows manager users to view meter readings only within their tenant scope @ repetition 63 o[39m[90m…[39m [90m0.27s[39m  
  [32;1m✓[39;22m[90m [39m[90mFilament panel allows manager users to view meter readings only within their tenant scope @ repetition 64 o[39m[90m…[39m [90m0.29s[39m  
  [32;1m✓[39;22m[90m [39m[90mFilament panel allows manager users to view meter readings only within their tenant scope @ repetition 65 o[39m[90m…[39m [90m0.71s[39m  
  [32;1m✓[39;22m[90m [39m[90mFilament panel allows manager users to view meter readings only within their tenant scope @ repetition 66 o[39m[90m…[39m [90m0.26s[39m  
  [32;1m✓[39;22m[90m [39m[90mFilament panel allows manager users to view meter readings only within their tenant scope @ repetition 67 o[39m[90m…[39m [90m0.30s[39m  
  [32;1m✓[39;22m[90m [39m[90mFilament panel allows manager users to view meter readings only within their tenant scope @ repetition 68 o[39m[90m…[39m [90m0.26s[39m  
  [32;1m✓[39;22m[90m [39m[90mFilament panel allows manager users to view meter readings only within their tenant scope @ repetition 69 o[39m[90m…[39m [90m0.25s[39m  
  [32;1m✓[39;22m[90m [39m[90mFilament panel allows manager users to view meter readings only within their tenant scope @ repetition 70 o[39m[90m…[39m [90m0.21s[39m  
  [32;1m✓[39;22m[90m [39m[90mFilament panel allows manager users to view meter readings only within their tenant scope @ repetition 71 o[39m[90m…[39m [90m0.28s[39m  
  [32;1m✓[39;22m[90m [39m[90mFilament panel allows manager users to view meter readings only within their tenant scope @ repetition 72 o[39m[90m…[39m [90m0.29s[39m  
  [32;1m✓[39;22m[90m [39m[90mFilament panel allows manager users to view meter readings only within their tenant scope @ repetition 73 o[39m[90m…[39m [90m0.67s[39m  
  [32;1m✓[39;22m[90m [39m[90mFilament panel allows manager users to view meter readings only within their tenant scope @ repetition 74 o[39m[90m…[39m [90m0.25s[39m  
  [32;1m✓[39;22m[90m [39m[90mFilament panel allows manager users to view meter readings only within their tenant scope @ repetition 75 o[39m[90m…[39m [90m0.28s[39m  
  [32;1m✓[39;22m[90m [39m[90mFilament panel allows manager users to view meter readings only within their tenant scope @ repetition 76 o[39m[90m…[39m [90m0.28s[39m  
  [32;1m✓[39;22m[90m [39m[90mFilament panel allows manager users to view meter readings only within their tenant scope @ repetition 77 o[39m[90m…[39m [90m0.28s[39m  
  [32;1m✓[39;22m[90m [39m[90mFilament panel allows manager users to view meter readings only within their tenant scope @ repetition 78 o[39m[90m…[39m [90m0.31s[39m  
  [32;1m✓[39;22m[90m [39m[90mFilament panel allows manager users to view meter readings only within their tenant scope @ repetition 79 o[39m[90m…[39m [90m0.27s[39m  
  [32;1m✓[39;22m[90m [39m[90mFilament panel allows manager users to view meter readings only within their tenant scope @ repetition 80 o[39m[90m…[39m [90m0.25s[39m  
  [32;1m✓[39;22m[90m [39m[90mFilament panel allows manager users to view meter readings only within their tenant scope @ repetition 81 o[39m[90m…[39m [90m0.64s[39m  
  [32;1m✓[39;22m[90m [39m[90mFilament panel allows manager users to view meter readings only within their tenant scope @ repetition 82 o[39m[90m…[39m [90m0.25s[39m  
  [32;1m✓[39;22m[90m [39m[90mFilament panel allows manager users to view meter readings only within their tenant scope @ repetition 83 o[39m[90m…[39m [90m0.25s[39m  
  [32;1m✓[39;22m[90m [39m[90mFilament panel allows manager users to view meter readings only within their tenant scope @ repetition 84 o[39m[90m…[39m [90m0.31s[39m  
  [32;1m✓[39;22m[90m [39m[90mFilament panel allows manager users to view meter readings only within their tenant scope @ repetition 85 o[39m[90m…[39m [90m0.23s[39m  
  [32;1m✓[39;22m[90m [39m[90mFilament panel allows manager users to view meter readings only within their tenant scope @ repetition 86 o[39m[90m…[39m [90m0.23s[39m  
  [32;1m✓[39;22m[90m [39m[90mFilament panel allows manager users to view meter readings only within their tenant scope @ repetition 87 o[39m[90m…[39m [90m0.24s[39m  
  [32;1m✓[39;22m[90m [39m[90mFilament panel allows manager users to view meter readings only within their tenant scope @ repetition 88 o[39m[90m…[39m [90m0.27s[39m  
  [32;1m✓[39;22m[90m [39m[90mFilament panel allows manager users to view meter readings only within their tenant scope @ repetition 89 o[39m[90m…[39m [90m0.62s[39m  
  [32;1m✓[39;22m[90m [39m[90mFilament panel allows manager users to view meter readings only within their tenant scope @ repetition 90 o[39m[90m…[39m [90m0.23s[39m  
  [32;1m✓[39;22m[90m [39m[90mFilament panel allows manager users to view meter readings only within their tenant scope @ repetition 91 o[39m[90m…[39m [90m0.29s[39m  
  [32;1m✓[39;22m[90m [39m[90mFilament panel allows manager users to view meter readings only within their tenant scope @ repetition 92 o[39m[90m…[39m [90m0.25s[39m  
  [32;1m✓[39;22m[90m [39m[90mFilament panel allows manager users to view meter readings only within their tenant scope @ repetition 93 o[39m[90m…[39m [90m0.32s[39m  
  [32;1m✓[39;22m[90m [39m[90mFilament panel allows manager users to view meter readings only within their tenant scope @ repetition 94 o[39m[90m…[39m [90m0.25s[39m  
  [32;1m✓[39;22m[90m [39m[90mFilament panel allows manager users to view meter readings only within their tenant scope @ repetition 95 o[39m[90m…[39m [90m0.25s[39m  
  [32;1m✓[39;22m[90m [39m[90mFilament panel allows manager users to view meter readings only within their tenant scope @ repetition 96 o[39m[90m…[39m [90m0.24s[39m  
  [32;1m✓[39;22m[90m [39m[90mFilament panel allows manager users to view meter readings only within their tenant scope @ repetition 97 o[39m[90m…[39m [90m0.68s[39m  
  [32;1m✓[39;22m[90m [39m[90mFilament panel allows manager users to view meter readings only within their tenant scope @ repetition 98 o[39m[90m…[39m [90m0.30s[39m  
  [32;1m✓[39;22m[90m [39m[90mFilament panel allows manager users to view meter readings only within their tenant scope @ repetition 99 o[39m[90m…[39m [90m0.21s[39m  
  [32;1m✓[39;22m[90m [39m[90mFilament panel allows manager users to view meter readings only within their tenant scope @ repetition 100[39m[90m… [39m [90m0.23s[39m  

  [39;41;1m FAIL [39;49;22m[39m Tests\Feature\FilamentMeterReadingMonotonicityPropertyTest[39m
  [31;1m⨯[39;22m[90m [39m[90mFilament MeterReadingResource rejects new readings that are less than the most recent reading @ repetition[39m[90m… [39m [90m3.00s[39m  
  [31;1m⨯[39;22m[90m [39m[90mFilament MeterReadingResource rejects new readings that are less than the most recent reading @ repetition[39m[90m… [39m [90m1.20s[39m  
  [31;1m⨯[39;22m[90m [39m[90mFilament MeterReadingResource rejects new readings that are less than the most recent reading @ repetition[39m[90m… [39m [90m0.99s[39m  
  [31;1m⨯[39;22m[90m [39m[90mFilament MeterReadingResource rejects new readings that are less than the most recent reading @ repetition[39m[90m… [39m [90m1.27s[39m  
  [31;1m⨯[39;22m[90m [39m[90mFilament MeterReadingResource rejects new readings that are less than the most recent reading @ repetition[39m[90m… [39m [90m1.11s[39m  
  [31;1m⨯[39;22m[90m [39m[90mFilament MeterReadingResource rejects new readings that are less than the most recent reading @ repetition[39m[90m… [39m [90m1.32s[39m  
  [31;1m⨯[39;22m[90m [39m[90mFilament MeterReadingResource rejects new readings that are less than the most recent reading @ repetition[39m[90m… [39m [90m1.14s[39m  
  [31;1m⨯[39;22m[90m [39m[90mFilament MeterReadingResource rejects new readings that are less than the most recent reading @ repetition[39m[90m… [39m [90m1.14s[39m  
  [31;1m⨯[39;22m[90m [39m[90mFilament MeterReadingResource rejects new readings that are less than the most recent reading @ repetition[39m[90m… [39m [90m1.12s[39m  
  [31;1m⨯[39;22m[90m [39m[90mFilament MeterReadingResource rejects new readings that are less than the most recent reading @ repetition[39m[90m… [39m [90m1.26s[39m  
  [31;1m⨯[39;22m[90m [39m[90mFilament MeterReadingResource rejects new readings that are less than the most recent reading @ repetition[39m[90m… [39m [90m1.12s[39m  
  [31;1m⨯[39;22m[90m [39m[90mFilament MeterReadingResource rejects new readings that are less than the most recent reading @ repetition[39m[90m… [39m [90m1.19s[39m  
  [31;1m⨯[39;22m[90m [39m[90mFilament MeterReadingResource rejects new readings that are less than the most recent reading @ repetition[39m[90m… [39m [90m1.20s[39m  
  [31;1m⨯[39;22m[90m [39m[90mFilament MeterReadingResource rejects new readings that are less than the most recent reading @ repetition[39m[90m… [39m [90m1.33s[39m  
  [31;1m⨯[39;22m[90m [39m[90mFilament MeterReadingResource rejects new readings that are less than the most recent reading @ repetition[39m[90m… [39m [90m1.10s[39m  
  [31;1m⨯[39;22m[90m [39m[90mFilament MeterReadingResource rejects new readings that are less than the most recent reading @ repetition[39m[90m… [39m [90m1.30s[39m  
  [31;1m⨯[39;22m[90m [39m[90mFilament MeterReadingResource rejects new readings that are less than the most recent reading @ repetition[39m[90m… [39m [90m1.22s[39m  
  [31;1m⨯[39;22m[90m [39m[90mFilament MeterReadingResource rejects new readings that are less than the most recent reading @ repetition[39m[90m… [39m [90m1.30s[39m  
  [31;1m⨯[39;22m[90m [39m[90mFilament MeterReadingResource rejects new readings that are less than the most recent reading @ repetition[39m[90m… [39m [90m1.09s[39m  
  [31;1m⨯[39;22m[90m [39m[90mFilament MeterReadingResource rejects new readings that are less than the most recent reading @ repetition[39m[90m… [39m [90m1.25s[39m  
  [31;1m⨯[39;22m[90m [39m[90mFilament MeterReadingResource rejects new readings that are less than the most recent reading @ repetition[39m[90m… [39m [90m1.22s[39m  
  [31;1m⨯[39;22m[90m [39m[90mFilament MeterReadingResource rejects new readings that are less than the most recent reading @ repetition[39m[90m… [39m [90m1.32s[39m  
  [31;1m⨯[39;22m[90m [39m[90mFilament MeterReadingResource rejects new readings that are less than the most recent reading @ repetition[39m[90m… [39m [90m1.06s[39m  
  [31;1m⨯[39;22m[90m [39m[90mFilament MeterReadingResource rejects new readings that are less than the most recent reading @ repetition[39m[90m… [39m [90m1.13s[39m  
  [31;1m⨯[39;22m[90m [39m[90mFilament MeterReadingResource rejects new readings that are less than the most recent reading @ repetition[39m[90m… [39m [90m1.18s[39m  
  [31;1m⨯[39;22m[90m [39m[90mFilament MeterReadingResource rejects new readings that are less than the most recent reading @ repetition[39m[90m… [39m [90m1.30s[39m  
  [31;1m⨯[39;22m[90m [39m[90mFilament MeterReadingResource rejects new readings that are less than the most recent reading @ repetition[39m[90m… [39m [90m1.14s[39m  
  [31;1m⨯[39;22m[90m [39m[90mFilament MeterReadingResource rejects new readings that are less than the most recent reading @ repetition[39m[90m… [39m [90m1.31s[39m  
  [31;1m⨯[39;22m[90m [39m[90mFilament MeterReadingResource rejects new readings that are less than the most recent reading @ repetition[39m[90m… [39m [90m1.23s[39m  
  [31;1m⨯[39;22m[90m [39m[90mFilament MeterReadingResource rejects new readings that are less than the most recent reading @ repetition[39m[90m… [39m [90m1.35s[39m  
  [31;1m⨯[39;22m[90m [39m[90mFilament MeterReadingResource rejects new readings that are less than the most recent reading @ repetition[39m[90m… [39m [90m1.17s[39m  
  [31;1m⨯[39;22m[90m [39m[90mFilament MeterReadingResource rejects new readings that are less than the most recent reading @ repetition[39m[90m… [39m [90m1.23s[39m  
  [31;1m⨯[39;22m[90m [39m[90mFilament MeterReadingResource rejects new readings that are less than the most recent reading @ repetition[39m[90m… [39m [90m1.09s[39m  
  [31;1m⨯[39;22m[90m [39m[90mFilament MeterReadingResource rejects new readings that are less than the most recent reading @ repetition[39m[90m… [39m [90m1.34s[39m  
  [31;1m⨯[39;22m[90m [39m[90mFilament MeterReadingResource rejects new readings that are less than the most recent reading @ repetition[39m[90m… [39m [90m1.11s[39m  
  [31;1m⨯[39;22m[90m [39m[90mFilament MeterReadingResource rejects new readings that are less than the most recent reading @ repetition[39m[90m… [39m [90m1.22s[39m  
  [31;1m⨯[39;22m[90m [39m[90mFilament MeterReadingResource rejects new readings that are less than the most recent reading @ repetition[39m[90m… [39m [90m1.26s[39m  
  [31;1m⨯[39;22m[90m [39m[90mFilament MeterReadingResource rejects new readings that are less than the most recent reading @ repetition[39m[90m… [39m [90m1.26s[39m  
  [31;1m⨯[39;22m[90m [39m[90mFilament MeterReadingResource rejects new readings that are less than the most recent reading @ repetition[39m[90m… [39m [90m1.07s[39m  
  [31;1m⨯[39;22m[90m [39m[90mFilament MeterReadingResource rejects new readings that are less than the most recent reading @ repetition[39m[90m… [39m [90m1.23s[39m  
  [31;1m⨯[39;22m[90m [39m[90mFilament MeterReadingResource rejects new readings that are less than the most recent reading @ repetition[39m[90m… [39m [90m1.24s[39m  
  [31;1m⨯[39;22m[90m [39m[90mFilament MeterReadingResource rejects new readings that are less than the most recent reading @ repetition[39m[90m… [39m [90m1.43s[39m  
  [31;1m⨯[39;22m[90m [39m[90mFilament MeterReadingResource rejects new readings that are less than the most recent reading @ repetition[39m[90m… [39m [90m1.15s[39m  
  [31;1m⨯[39;22m[90m [39m[90mFilament MeterReadingResource rejects new readings that are less than the most recent reading @ repetition[39m[90m… [39m [90m1.34s[39m  
  [31;1m⨯[39;22m[90m [39m[90mFilament MeterReadingResource rejects new readings that are less than the most recent reading @ repetition[39m[90m… [39m [90m1.37s[39m  
  [31;1m⨯[39;22m[90m [39m[90mFilament MeterReadingResource rejects new readings that are less than the most recent reading @ repetition[39m[90m… [39m [90m1.42s[39m  
  [31;1m⨯[39;22m[90m [39m[90mFilament MeterReadingResource rejects new readings that are less than the most recent reading @ repetition[39m[90m… [39m [90m1.21s[39m  
  [31;1m⨯[39;22m[90m [39m[90mFilament MeterReadingResource rejects new readings that are less than the most recent reading @ repetition[39m[90m… [39m [90m1.35s[39m  
  [31;1m⨯[39;22m[90m [39m[90mFilament MeterReadingResource rejects new readings that are less than the most recent reading @ repetition[39m[90m… [39m [90m1.32s[39m  
  [31;1m⨯[39;22m[90m [39m[90mFilament MeterReadingResource rejects new readings that are less than the most recent reading @ repetition[39m[90m… [39m [90m1.46s[39m  
  [31;1m⨯[39;22m[90m [39m[90mFilament MeterReadingResource rejects new readings that are less than the most recent reading @ repetition[39m[90m… [39m [90m1.25s[39m  
  [31;1m⨯[39;22m[90m [39m[90mFilament MeterReadingResource rejects new readings that are less than the most recent reading @ repetition[39m[90m… [39m [90m1.35s[39m  
  [31;1m⨯[39;22m[90m [39m[90mFilament MeterReadingResource rejects new readings that are less than the most recent reading @ repetition[39m[90m… [39m [90m1.27s[39m  
  [31;1m⨯[39;22m[90m [39m[90mFilament MeterReadingResource rejects new readings that are less than the most recent reading @ repetition[39m[90m… [39m [90m1.31s[39m  
  [31;1m⨯[39;22m[90m [39m[90mFilament MeterReadingResource rejects new readings that are less than the most recent reading @ repetition[39m[90m… [39m [90m1.25s[39m  
  [31;1m⨯[39;22m[90m [39m[90mFilament MeterReadingResource rejects new readings that are less than the most recent reading @ repetition[39m[90m… [39m [90m1.40s[39m  
  [31;1m⨯[39;22m[90m [39m[90mFilament MeterReadingResource rejects new readings that are less than the most recent reading @ repetition[39m[90m… [39m [90m1.39s[39m  
  [31;1m⨯[39;22m[90m [39m[90mFilament MeterReadingResource rejects new readings that are less than the most recent reading @ repetition[39m[90m… [39m [90m1.61s[39m  
  [31;1m⨯[39;22m[90m [39m[90mFilament MeterReadingResource rejects new readings that are less than the most recent reading @ repetition[39m[90m… [39m [90m1.22s[39m  
  [31;1m⨯[39;22m[90m [39m[90mFilament MeterReadingResource rejects new readings that are less than the most recent reading @ repetition[39m[90m… [39m [90m1.29s[39m  
  [31;1m⨯[39;22m[90m [39m[90mFilament MeterReadingResource rejects new readings that are less than the most recent reading @ repetition[39m[90m… [39m [90m1.35s[39m  
  [31;1m⨯[39;22m[90m [39m[90mFilament MeterReadingResource rejects new readings that are less than the most recent reading @ repetition[39m[90m… [39m [90m1.48s[39m  
  [31;1m⨯[39;22m[90m [39m[90mFilament MeterReadingResource rejects new readings that are less than the most recent reading @ repetition[39m[90m… [39m [90m1.21s[39m  
  [31;1m⨯[39;22m[90m [39m[90mFilament MeterReadingResource rejects new readings that are less than the most recent reading @ repetition[39m[90m… [39m [90m1.49s[39m  
  [31;1m⨯[39;22m[90m [39m[90mFilament MeterReadingResource rejects new readings that are less than the most recent reading @ repetition[39m[90m… [39m [90m1.28s[39m  
  [31;1m⨯[39;22m[90m [39m[90mFilament MeterReadingResource rejects new readings that are less than the most recent reading @ repetition[39m[90m… [39m [90m1.45s[39m  
  [31;1m⨯[39;22m[90m [39m[90mFilament MeterReadingResource rejects new readings that are less than the most recent reading @ repetition[39m[90m… [39m [90m1.23s[39m  
  [31;1m⨯[39;22m[90m [39m[90mFilament MeterReadingResource rejects new readings that are less than the most recent reading @ repetition[39m[90m… [39m [90m1.41s[39m  
  [31;1m⨯[39;22m[90m [39m[90mFilament MeterReadingResource rejects new readings that are less than the most recent reading @ repetition[39m[90m… [39m [90m1.38s[39m  
  [31;1m⨯[39;22m[90m [39m[90mFilament MeterReadingResource rejects new readings that are less than the most recent reading @ repetition[39m[90m… [39m [90m1.48s[39m  
  [31;1m⨯[39;22m[90m [39m[90mFilament MeterReadingResource rejects new readings that are less than the most recent reading @ repetition[39m[90m… [39m [90m1.20s[39m  
  [31;1m⨯[39;22m[90m [39m[90mFilament MeterReadingResource rejects new readings that are less than the most recent reading @ repetition[39m[90m… [39m [90m1.42s[39m  
  [31;1m⨯[39;22m[90m [39m[90mFilament MeterReadingResource rejects new readings that are less than the most recent reading @ repetition[39m[90m… [39m [90m1.42s[39m  
  [31;1m⨯[39;22m[90m [39m[90mFilament MeterReadingResource rejects new readings that are less than the most recent reading @ repetition[39m[90m… [39m [90m1.54s[39m  
  [31;1m⨯[39;22m[90m [39m[90mFilament MeterReadingResource rejects new readings that are less than the most recent reading @ repetition[39m[90m… [39m [90m1.35s[39m  
  [31;1m⨯[39;22m[90m [39m[90mFilament MeterReadingResource rejects new readings that are less than the most recent reading @ repetition[39m[90m… [39m [90m1.51s[39m  
  [31;1m⨯[39;22m[90m [39m[90mFilament MeterReadingResource rejects new readings that are less than the most recent reading @ repetition[39m[90m… [39m [90m1.49s[39m  
  [31;1m⨯[39;22m[90m [39m[90mFilament MeterReadingResource rejects new readings that are less than the most recent reading @ repetition[39m[90m… [39m [90m1.75s[39m  
  [31;1m⨯[39;22m[90m [39m[90mFilament MeterReadingResource rejects new readings that are less than the most recent reading @ repetition[39m[90m… [39m [90m1.41s[39m  
  [31;1m⨯[39;22m[90m [39m[90mFilament MeterReadingResource rejects new readings that are less than the most recent reading @ repetition[39m[90m… [39m [90m1.51s[39m  
  [31;1m⨯[39;22m[90m [39m[90mFilament MeterReadingResource rejects new readings that are less than the most recent reading @ repetition[39m[90m… [39m [90m1.54s[39m  
  [31;1m⨯[39;22m[90m [39m[90mFilament MeterReadingResource rejects new readings that are less than the most recent reading @ repetition[39m[90m… [39m [90m1.78s[39m  
  [31;1m⨯[39;22m[90m [39m[90mFilament MeterReadingResource rejects new readings that are less than the most recent reading @ repetition[39m[90m… [39m [90m1.47s[39m  
  [31;1m⨯[39;22m[90m [39m[90mFilament MeterReadingResource rejects new readings that are less than the most recent reading @ repetition[39m[90m… [39m [90m1.56s[39m  
  [31;1m⨯[39;22m[90m [39m[90mFilament MeterReadingResource rejects new readings that are less than the most recent reading @ repetition[39m[90m… [39m [90m1.51s[39m  
  [31;1m⨯[39;22m[90m [39m[90mFilament MeterReadingResource rejects new readings that are less than the most recent reading @ repetition[39m[90m… [39m [90m1.81s[39m  
  [31;1m⨯[39;22m[90m [39m[90mFilament MeterReadingResource rejects new readings that are less than the most recent reading @ repetition[39m[90m… [39m [90m1.52s[39m  
  [31;1m⨯[39;22m[90m [39m[90mFilament MeterReadingResource rejects new readings that are less than the most recent reading @ repetition[39m[90m… [39m [90m1.82s[39m  
  [31;1m⨯[39;22m[90m [39m[90mFilament MeterReadingResource rejects new readings that are less than the most recent reading @ repetition[39m[90m… [39m [90m1.69s[39m  
  [31;1m⨯[39;22m[90m [39m[90mFilament MeterReadingResource rejects new readings that are less than the most recent reading @ repetition[39m[90m… [39m [90m2.03s[39m  
  [31;1m⨯[39;22m[90m [39m[90mFilament MeterReadingResource rejects new readings that are less than the most recent reading @ repetition[39m[90m… [39m [90m1.65s[39m  
  [31;1m⨯[39;22m[90m [39m[90mFilament MeterReadingResource rejects new readings that are less than the most recent reading @ repetition[39m[90m… [39m [90m1.81s[39m  
  [31;1m⨯[39;22m[90m [39m[90mFilament MeterReadingResource rejects new readings that are less than the most recent reading @ repetition[39m[90m… [39m [90m1.72s[39m  
  [31;1m⨯[39;22m[90m [39m[90mFilament MeterReadingResource rejects new readings that are less than the most recent reading @ repetition[39m[90m… [39m [90m2.01s[39m  
  [31;1m⨯[39;22m[90m [39m[90mFilament MeterReadingResource rejects new readings that are less than the most recent reading @ repetition[39m[90m… [39m [90m1.71s[39m  
  [31;1m⨯[39;22m[90m [39m[90mFilament MeterReadingResource rejects new readings that are less than the most recent reading @ repetition[39m[90m… [39m [90m1.96s[39m  
  [31;1m⨯[39;22m[90m [39m[90mFilament MeterReadingResource rejects new readings that are less than the most recent reading @ repetition[39m[90m… [39m [90m1.76s[39m  
  [31;1m⨯[39;22m[90m [39m[90mFilament MeterReadingResource rejects new readings that are less than the most recent reading @ repetition[39m[90m… [39m [90m1.96s[39m  
  [31;1m⨯[39;22m[90m [39m[90mFilament MeterReadingResource rejects new readings that are less than the most recent reading @ repetition[39m[90m… [39m [90m1.44s[39m  
  [31;1m⨯[39;22m[90m [39m[90mFilament MeterReadingResource rejects new readings that are less than the most recent reading @ repetition[39m[90m… [39m [90m1.59s[39m  
  [31;1m⨯[39;22m[90m [39m[90mFilament MeterReadingResource accepts new readings that are greater than or equal to the most recent readin[39m[90m…[39m [90m1.22s[39m  
  [31;1m⨯[39;22m[90m [39m[90mFilament MeterReadingResource accepts new readings that are greater than or equal to the most recent readin[39m[90m…[39m [90m1.50s[39m  
  [31;1m⨯[39;22m[90m [39m[90mFilament MeterReadingResource accepts new readings that are greater than or equal to the most recent readin[39m[90m…[39m [90m1.57s[39m  
  [31;1m⨯[39;22m[90m [39m[90mFilament MeterReadingResource accepts new readings that are greater than or equal to the most recent readin[39m[90m…[39m [90m1.34s[39m  
  [31;1m⨯[39;22m[90m [39m[90mFilament MeterReadingResource accepts new readings that are greater than or equal to the most recent readin[39m[90m…[39m [90m1.26s[39m  
  [31;1m⨯[39;22m[90m [39m[90mFilament MeterReadingResource accepts new readings that are greater than or equal to the most recent readin[39m[90m…[39m [90m1.38s[39m  
  [31;1m⨯[39;22m[90m [39m[90mFilament MeterReadingResource accepts new readings that are greater than or equal to the most recent readin[39m[90m…[39m [90m1.47s[39m  
  [31;1m⨯[39;22m[90m [39m[90mFilament MeterReadingResource accepts new readings that are greater than or equal to the most recent readin[39m[90m…[39m [90m1.33s[39m  
  [31;1m⨯[39;22m[90m [39m[90mFilament MeterReadingResource accepts new readings that are greater than or equal to the most recent readin[39m[90m…[39m [90m1.23s[39m  
  [31;1m⨯[39;22m[90m [39m[90mFilament MeterReadingResource accepts new readings that are greater than or equal to the most recent readin[39m[90m…[39m [90m1.35s[39m  
  [31;1m⨯[39;22m[90m [39m[90mFilament MeterReadingResource accepts new readings that are greater than or equal to the most recent readin[39m[90m…[39m [90m1.30s[39m  
  [31;1m⨯[39;22m[90m [39m[90mFilament MeterReadingResource accepts new readings that are greater than or equal to the most recent readin[39m[90m…[39m [90m1.21s[39m  
  [31;1m⨯[39;22m[90m [39m[90mFilament MeterReadingResource accepts new readings that are greater than or equal to the most recent readin[39m[90m…[39m [90m1.19s[39m  
  [31;1m⨯[39;22m[90m [39m[90mFilament MeterReadingResource accepts new readings that are greater than or equal to the most recent readin[39m[90m…[39m [90m1.23s[39m  
  [31;1m⨯[39;22m[90m [39m[90mFilament MeterReadingResource accepts new readings that are greater than or equal to the most recent readin[39m[90m…[39m [90m1.28s[39m  
  [31;1m⨯[39;22m[90m [39m[90mFilament MeterReadingResource accepts new readings that are greater than or equal to the most recent readin[39m[90m…[39m [90m1.25s[39m  
  [31;1m⨯[39;22m[90m [39m[90mFilament MeterReadingResource accepts new readings that are greater than or equal to the most recent readin[39m[90m…[39m [90m1.22s[39m  
  [31;1m⨯[39;22m[90m [39m[90mFilament MeterReadingResource accepts new readings that are greater than or equal to the most recent readin[39m[90m…[39m [90m1.47s[39m  
  [31;1m⨯[39;22m[90m [39m[90mFilament MeterReadingResource accepts new readings that are greater than or equal to the most recent readin[39m[90m…[39m [90m1.40s[39m  
  [31;1m⨯[39;22m[90m [39m[90mFilament MeterReadingResource accepts new readings that are greater than or equal to the most recent readin[39m[90m…[39m [90m1.40s[39m  
  [31;1m⨯[39;22m[90m [39m[90mFilament MeterReadingResource accepts new readings that are greater than or equal to the most recent readin[39m[90m…[39m [90m1.20s[39m  
  [31;1m⨯[39;22m[90m [39m[90mFilament MeterReadingResource accepts new readings that are greater than or equal to the most recent readin[39m[90m…[39m [90m1.39s[39m  
  [31;1m⨯[39;22m[90m [39m[90mFilament MeterReadingResource accepts new readings that are greater than or equal to the most recent readin[39m[90m…[39m [90m1.35s[39m  
  [31;1m⨯[39;22m[90m [39m[90mFilament MeterReadingResource accepts new readings that are greater than or equal to the most recent readin[39m[90m…[39m [90m1.40s[39m  
  [31;1m⨯[39;22m[90m [39m[90mFilament MeterReadingResource accepts new readings that are greater than or equal to the most recent readin[39m[90m…[39m [90m1.19s[39m  
  [31;1m⨯[39;22m[90m [39m[90mFilament MeterReadingResource accepts new readings that are greater than or equal to the most recent readin[39m[90m…[39m [90m1.39s[39m  
  [31;1m⨯[39;22m[90m [39m[90mFilament MeterReadingResource accepts new readings that are greater than or equal to the most recent readin[39m[90m…[39m [90m1.45s[39m  
  [31;1m⨯[39;22m[90m [39m[90mFilament MeterReadingResource accepts new readings that are greater than or equal to the most recent readin[39m[90m…[39m [90m1.29s[39m  
  [31;1m⨯[39;22m[90m [39m[90mFilament MeterReadingResource accepts new readings that are greater than or equal to the most recent readin[39m[90m…[39m [90m1.22s[39m  
  [31;1m⨯[39;22m[90m [39m[90mFilament MeterReadingResource accepts new readings that are greater than or equal to the most recent readin[39m[90m…[39m [90m1.55s[39m  
  [31;1m⨯[39;22m[90m [39m[90mFilament MeterReadingResource accepts new readings that are greater than or equal to the most recent readin[39m[90m…[39m [90m1.32s[39m  
  [31;1m⨯[39;22m[90m [39m[90mFilament MeterReadingResource accepts new readings that are greater than or equal to the most recent readin[39m[90m…[39m [90m1.22s[39m  
  [31;1m⨯[39;22m[90m [39m[90mFilament MeterReadingResource accepts new readings that are greater than or equal to the most recent readin[39m[90m…[39m [90m1.21s[39m  
  [31;1m⨯[39;22m[90m [39m[90mFilament MeterReadingResource accepts new readings that are greater than or equal to the most recent readin[39m[90m…[39m [90m1.33s[39m  
  [31;1m⨯[39;22m[90m [39m[90mFilament MeterReadingResource accepts new readings that are greater than or equal to the most recent readin[39m[90m…[39m [90m1.27s[39m  
  [31;1m⨯[39;22m[90m [39m[90mFilament MeterReadingResource accepts new readings that are greater than or equal to the most recent readin[39m[90m…[39m [90m1.32s[39m  
  [31;1m⨯[39;22m[90m [39m[90mFilament MeterReadingResource accepts new readings that are greater than or equal to the most recent readin[39m[90m…[39m [90m1.08s[39m  
  [31;1m⨯[39;22m[90m [39m[90mFilament MeterReadingResource accepts new readings that are greater than or equal to the most recent readin[39m[90m…[39m [90m1.28s[39m  
  [31;1m⨯[39;22m[90m [39m[90mFilament MeterReadingResource accepts new readings that are greater than or equal to the most recent readin[39m[90m…[39m [90m1.29s[39m  
  [31;1m⨯[39;22m[90m [39m[90mFilament MeterReadingResource accepts new readings that are greater than or equal to the most recent readin[39m[90m…[39m [90m1.28s[39m  
  [31;1m⨯[39;22m[90m [39m[90mFilament MeterReadingResource accepts new readings that are greater than or equal to the most recent readin[39m[90m…[39m [90m1.17s[39m  
  [31;1m⨯[39;22m[90m [39m[90mFilament MeterReadingResource accepts new readings that are greater than or equal to the most recent readin[39m[90m…[39m [90m1.33s[39m  
  [31;1m⨯[39;22m[90m [39m[90mFilament MeterReadingResource accepts new readings that are greater than or equal to the most recent readin[39m[90m…[39m [90m1.41s[39m  
  [31;1m⨯[39;22m[90m [39m[90mFilament MeterReadingResource accepts new readings that are greater than or equal to the most recent readin[39m[90m…[39m [90m1.34s[39m  
  [31;1m⨯[39;22m[90m [39m[90mFilament MeterReadingResource accepts new readings that are greater than or equal to the most recent readin[39m[90m…[39m [90m1.28s[39m  
  [31;1m⨯[39;22m[90m [39m[90mFilament MeterReadingResource accepts new readings that are greater than or equal to the most recent readin[39m[90m…[39m [90m1.47s[39m  
  [31;1m⨯[39;22m[90m [39m[90mFilament MeterReadingResource accepts new readings that are greater than or equal to the most recent readin[39m[90m…[39m [90m1.36s[39m  
  [31;1m⨯[39;22m[90m [39m[90mFilament MeterReadingResource accepts new readings that are greater than or equal to the most recent readin[39m[90m…[39m [90m1.28s[39m  
  [31;1m⨯[39;22m[90m [39m[90mFilament MeterReadingResource accepts new readings that are greater than or equal to the most recent readin[39m[90m…[39m [90m1.15s[39m  
  [31;1m⨯[39;22m[90m [39m[90mFilament MeterReadingResource accepts new readings that are greater than or equal to the most recent readin[39m[90m…[39m [90m1.30s[39m  
  [31;1m⨯[39;22m[90m [39m[90mFilament MeterReadingResource accepts new readings that are greater than or equal to the most recent readin[39m[90m…[39m [90m1.28s[39m  
  [31;1m⨯[39;22m[90m [39m[90mFilament MeterReadingResource accepts new readings that are greater than or equal to the most recent readin[39m[90m…[39m [90m1.33s[39m  
  [31;1m⨯[39;22m[90m [39m[90mFilament MeterReadingResource accepts new readings that are greater than or equal to the most recent readin[39m[90m…[39m [90m1.23s[39m  
  [31;1m⨯[39;22m[90m [39m[90mFilament MeterReadingResource accepts new readings that are greater than or equal to the most recent readin[39m[90m…[39m [90m1.50s[39m  
  [31;1m⨯[39;22m[90m [39m[90mFilament MeterReadingResource accepts new readings that are greater than or equal to the most recent readin[39m[90m…[39m [90m1.47s[39m  
  [31;1m⨯[39;22m[90m [39m[90mFilament MeterReadingResource accepts new readings that are greater than or equal to the most recent readin[39m[90m…[39m [90m1.53s[39m  
  [31;1m⨯[39;22m[90m [39m[90mFilament MeterReadingResource accepts new readings that are greater than or equal to the most recent readin[39m[90m…[39m [90m1.39s[39m  
  [31;1m⨯[39;22m[90m [39m[90mFilament MeterReadingResource accepts new readings that are greater than or equal to the most recent readin[39m[90m…[39m [90m1.53s[39m  
  [31;1m⨯[39;22m[90m [39m[90mFilament MeterReadingResource accepts new readings that are greater than or equal to the most recent readin[39m[90m…[39m [90m1.45s[39m  
  [31;1m⨯[39;22m[90m [39m[90mFilament MeterReadingResource accepts new readings that are greater than or equal to the most recent readin[39m[90m…[39m [90m1.50s[39m  
  [31;1m⨯[39;22m[90m [39m[90mFilament MeterReadingResource accepts new readings that are greater than or equal to the most recent readin[39m[90m…[39m [90m1.37s[39m  
  [31;1m⨯[39;22m[90m [39m[90mFilament MeterReadingResource accepts new readings that are greater than or equal to the most recent readin[39m[90m…[39m [90m1.78s[39m  
  [31;1m⨯[39;22m[90m [39m[90mFilament MeterReadingResource accepts new readings that are greater than or equal to the most recent readin[39m[90m…[39m [90m1.48s[39m  
  [31;1m⨯[39;22m[90m [39m[90mFilament MeterReadingResource accepts new readings that are greater than or equal to the most recent readin[39m[90m…[39m [90m1.57s[39m  
  [31;1m⨯[39;22m[90m [39m[90mFilament MeterReadingResource accepts new readings that are greater than or equal to the most recent readin[39m[90m…[39m [90m1.45s[39m  
  [31;1m⨯[39;22m[90m [39m[90mFilament MeterReadingResource accepts new readings that are greater than or equal to the most recent readin[39m[90m…[39m [90m1.51s[39m  
  [31;1m⨯[39;22m[90m [39m[90mFilament MeterReadingResource accepts new readings that are greater than or equal to the most recent readin[39m[90m…[39m [90m1.61s[39m  
  [31;1m⨯[39;22m[90m [39m[90mFilament MeterReadingResource accepts new readings that are greater than or equal to the most recent readin[39m[90m…[39m [90m1.48s[39m  
  [31;1m⨯[39;22m[90m [39m[90mFilament MeterReadingResource accepts new readings that are greater than or equal to the most recent readin[39m[90m…[39m [90m1.46s[39m  
  [31;1m⨯[39;22m[90m [39m[90mFilament MeterReadingResource accepts new readings that are greater than or equal to the most recent readin[39m[90m…[39m [90m1.85s[39m  
  [31;1m⨯[39;22m[90m [39m[90mFilament MeterReadingResource accepts new readings that are greater than or equal to the most recent readin[39m[90m…[39m [90m1.75s[39m  
  [31;1m⨯[39;22m[90m [39m[90mFilament MeterReadingResource accepts new readings that are greater than or equal to the most recent readin[39m[90m…[39m [90m1.72s[39m  
  [31;1m⨯[39;22m[90m [39m[90mFilament MeterReadingResource accepts new readings that are greater than or equal to the most recent readin[39m[90m…[39m [90m1.51s[39m  
  [31;1m⨯[39;22m[90m [39m[90mFilament MeterReadingResource accepts new readings that are greater than or equal to the most recent readin[39m[90m…[39m [90m1.64s[39m  
  [31;1m⨯[39;22m[90m [39m[90mFilament MeterReadingResource accepts new readings that are greater than or equal to the most recent readin[39m[90m…[39m [90m1.65s[39m  
  [31;1m⨯[39;22m[90m [39m[90mFilament MeterReadingResource accepts new readings that are greater than or equal to the most recent readin[39m[90m…[39m [90m1.78s[39m  
  [31;1m⨯[39;22m[90m [39m[90mFilament MeterReadingResource accepts new readings that are greater than or equal to the most recent readin[39m[90m…[39m [90m1.60s[39m  
  [31;1m⨯[39;22m[90m [39m[90mFilament MeterReadingResource accepts new readings that are greater than or equal to the most recent readin[39m[90m…[39m [90m2.05s[39m  
  [31;1m⨯[39;22m[90m [39m[90mFilament MeterReadingResource accepts new readings that are greater than or equal to the most recent readin[39m[90m…[39m [90m1.64s[39m  
  [31;1m⨯[39;22m[90m [39m[90mFilament MeterReadingResource accepts new readings that are greater than or equal to the most recent readin[39m[90m…[39m [90m1.83s[39m  
  [31;1m⨯[39;22m[90m [39m[90mFilament MeterReadingResource accepts new readings that are greater than or equal to the most recent readin[39m[90m…[39m [90m1.74s[39m  
  [31;1m⨯[39;22m[90m [39m[90mFilament MeterReadingResource accepts new readings that are greater than or equal to the most recent readin[39m[90m…[39m [90m1.78s[39m  
  [31;1m⨯[39;22m[90m [39m[90mFilament MeterReadingResource accepts new readings that are greater than or equal to the most recent readin[39m[90m…[39m [90m1.92s[39m  
  [31;1m⨯[39;22m[90m [39m[90mFilament MeterReadingResource accepts new readings that are greater than or equal to the most recent readin[39m[90m…[39m [90m2.05s[39m  
  [31;1m⨯[39;22m[90m [39m[90mFilament MeterReadingResource accepts new readings that are greater than or equal to the most recent readin[39m[90m…[39m [90m1.61s[39m  
  [31;1m⨯[39;22m[90m [39m[90mFilament MeterReadingResource accepts new readings that are greater than or equal to the most recent readin[39m[90m…[39m [90m1.97s[39m  
  [31;1m⨯[39;22m[90m [39m[90mFilament MeterReadingResource accepts new readings that are greater than or equal to the most recent readin[39m[90m…[39m [90m1.88s[39m  
  [31;1m⨯[39;22m[90m [39m[90mFilament MeterReadingResource accepts new readings that are greater than or equal to the most recent readin[39m[90m…[39m [90m1.91s[39m  
  [31;1m⨯[39;22m[90m [39m[90mFilament MeterReadingResource accepts new readings that are greater than or equal to the most recent readin[39m[90m…[39m [90m1.70s[39m  
  [31;1m⨯[39;22m[90m [39m[90mFilament MeterReadingResource accepts new readings that are greater than or equal to the most recent readin[39m[90m…[39m [90m1.84s[39m  
  [31;1m⨯[39;22m[90m [39m[90mFilament MeterReadingResource accepts new readings that are greater than or equal to the most recent readin[39m[90m…[39m [90m1.73s[39m  
  [31;1m⨯[39;22m[90m [39m[90mFilament MeterReadingResource accepts new readings that are greater than or equal to the most recent readin[39m[90m…[39m [90m1.67s[39m  
  [31;1m⨯[39;22m[90m [39m[90mFilament MeterReadingResource accepts new readings that are greater than or equal to the most recent readin[39m[90m…[39m [90m1.50s[39m  
  [31;1m⨯[39;22m[90m [39m[90mFilament MeterReadingResource accepts new readings that are greater than or equal to the most recent readin[39m[90m…[39m [90m1.72s[39m  
  [31;1m⨯[39;22m[90m [39m[90mFilament MeterReadingResource accepts new readings that are greater than or equal to the most recent readin[39m[90m…[39m [90m1.47s[39m  
  [31;1m⨯[39;22m[90m [39m[90mFilament MeterReadingResource accepts new readings that are greater than or equal to the most recent readin[39m[90m…[39m [90m1.55s[39m  
  [31;1m⨯[39;22m[90m [39m[90mFilament MeterReadingResource accepts new readings that are greater than or equal to the most recent readin[39m[90m…[39m [90m1.40s[39m  
  [31;1m⨯[39;22m[90m [39m[90mFilament MeterReadingResource accepts new readings that are greater than or equal to the most recent readin[39m[90m…[39m [90m1.60s[39m  
  [31;1m⨯[39;22m[90m [39m[90mFilament MeterReadingResource accepts new readings that are greater than or equal to the most recent readin[39m[90m…[39m [90m1.63s[39m  
  [31;1m⨯[39;22m[90m [39m[90mFilament MeterReadingResource accepts new readings that are greater than or equal to the most recent readin[39m[90m…[39m [90m1.26s[39m  
  [31;1m⨯[39;22m[90m [39m[90mFilament MeterReadingResource enforces monotonicity when editing existing readings @ repetition 1 of 100[39m[90m    [39m [90m1.68s[39m  
  [31;1m⨯[39;22m[90m [39m[90mFilament MeterReadingResource enforces monotonicity when editing existing readings @ repetition 2 of 100[39m[90m    [39m [90m1.27s[39m  
  [31;1m⨯[39;22m[90m [39m[90mFilament MeterReadingResource enforces monotonicity when editing existing readings @ repetition 3 of 100[39m[90m    [39m [90m0.98s[39m  
  [31;1m⨯[39;22m[90m [39m[90mFilament MeterReadingResource enforces monotonicity when editing existing readings @ repetition 4 of 100[39m[90m    [39m [90m0.92s[39m  
  [31;1m⨯[39;22m[90m [39m[90mFilament MeterReadingResource enforces monotonicity when editing existing readings @ repetition 5 of 100[39m[90m    [39m [90m1.18s[39m  
  [31;1m⨯[39;22m[90m [39m[90mFilament MeterReadingResource enforces monotonicity when editing existing readings @ repetition 6 of 100[39m[90m    [39m [90m0.95s[39m  
  [31;1m⨯[39;22m[90m [39m[90mFilament MeterReadingResource enforces monotonicity when editing existing readings @ repetition 7 of 100[39m[90m    [39m [90m0.95s[39m  
  [31;1m⨯[39;22m[90m [39m[90mFilament MeterReadingResource enforces monotonicity when editing existing readings @ repetition 8 of 100[39m[90m    [39m [90m1.24s[39m  
  [31;1m⨯[39;22m[90m [39m[90mFilament MeterReadingResource enforces monotonicity when editing existing readings @ repetition 9 of 100[39m[90m    [39m [90m0.92s[39m  
  [31;1m⨯[39;22m[90m [39m[90mFilament MeterReadingResource enforces monotonicity when editing existing readings @ repetition 10 of 100[39m[90m   [39m [90m1.01s[39m  
  [31;1m⨯[39;22m[90m [39m[90mFilament MeterReadingResource enforces monotonicity when editing existing readings @ repetition 11 of 100[39m[90m   [39m [90m1.27s[39m  
  [31;1m⨯[39;22m[90m [39m[90mFilament MeterReadingResource enforces monotonicity when editing existing readings @ repetition 12 of 100[39m[90m   [39m [90m1.09s[39m  
  [31;1m⨯[39;22m[90m [39m[90mFilament MeterReadingResource enforces monotonicity when editing existing readings @ repetition 13 of 100[39m[90m   [39m [90m0.96s[39m  
  [31;1m⨯[39;22m[90m [39m[90mFilament MeterReadingResource enforces monotonicity when editing existing readings @ repetition 14 of 100[39m[90m   [39m [90m1.25s[39m  
  [31;1m⨯[39;22m[90m [39m[90mFilament MeterReadingResource enforces monotonicity when editing existing readings @ repetition 15 of 100[39m[90m   [39m [90m0.99s[39m  
  [31;1m⨯[39;22m[90m [39m[90mFilament MeterReadingResource enforces monotonicity when editing existing readings @ repetition 16 of 100[39m[90m   [39m [90m0.97s[39m  
  [31;1m⨯[39;22m[90m [39m[90mFilament MeterReadingResource enforces monotonicity when editing existing readings @ repetition 17 of 100[39m[90m   [39m [90m1.24s[39m  
  [31;1m⨯[39;22m[90m [39m[90mFilament MeterReadingResource enforces monotonicity when editing existing readings @ repetition 18 of 100[39m[90m   [39m [90m1.00s[39m  
  [31;1m⨯[39;22m[90m [39m[90mFilament MeterReadingResource enforces monotonicity when editing existing readings @ repetition 19 of 100[39m[90m   [39m [90m0.96s[39m  
  [31;1m⨯[39;22m[90m [39m[90mFilament MeterReadingResource enforces monotonicity when editing existing readings @ repetition 20 of 100[39m[90m   [39m [90m1.28s[39m  
  [31;1m⨯[39;22m[90m [39m[90mFilament MeterReadingResource enforces monotonicity when editing existing readings @ repetition 21 of 100[39m[90m   [39m [90m0.99s[39m  
  [31;1m⨯[39;22m[90m [39m[90mFilament MeterReadingResource enforces monotonicity when editing existing readings @ repetition 22 of 100[39m[90m   [39m [90m0.98s[39m  
  [31;1m⨯[39;22m[90m [39m[90mFilament MeterReadingResource enforces monotonicity when editing existing readings @ repetition 23 of 100[39m[90m   [39m [90m1.24s[39m  
  [31;1m⨯[39;22m[90m [39m[90mFilament MeterReadingResource enforces monotonicity when editing existing readings @ repetition 24 of 100[39m[90m   [39m [90m1.03s[39m  
  [31;1m⨯[39;22m[90m [39m[90mFilament MeterReadingResource enforces monotonicity when editing existing readings @ repetition 25 of 100[39m[90m   [39m [90m1.01s[39m  
  [31;1m⨯[39;22m[90m [39m[90mFilament MeterReadingResource enforces monotonicity when editing existing readings @ repetition 26 of 100[39m[90m   [39m [90m1.30s[39m  
  [31;1m⨯[39;22m[90m [39m[90mFilament MeterReadingResource enforces monotonicity when editing existing readings @ repetition 27 of 100[39m[90m   [39m [90m0.94s[39m  
  [31;1m⨯[39;22m[90m [39m[90mFilament MeterReadingResource enforces monotonicity when editing existing readings @ repetition 28 of 100[39m[90m   [39m [90m1.00s[39m  
  [31;1m⨯[39;22m[90m [39m[90mFilament MeterReadingResource enforces monotonicity when editing existing readings @ repetition 29 of 100[39m[90m   [39m [90m1.23s[39m  
  [31;1m⨯[39;22m[90m [39m[90mFilament MeterReadingResource enforces monotonicity when editing existing readings @ repetition 30 of 100[39m[90m   [39m [90m0.99s[39m  
  [31;1m⨯[39;22m[90m [39m[90mFilament MeterReadingResource enforces monotonicity when editing existing readings @ repetition 31 of 100[39m[90m   [39m [90m1.07s[39m  
  [31;1m⨯[39;22m[90m [39m[90mFilament MeterReadingResource enforces monotonicity when editing existing readings @ repetition 32 of 100[39m[90m   [39m [90m1.32s[39m  
  [31;1m⨯[39;22m[90m [39m[90mFilament MeterReadingResource enforces monotonicity when editing existing readings @ repetition 33 of 100[39m[90m   [39m [90m1.06s[39m  
  [31;1m⨯[39;22m[90m [39m[90mFilament MeterReadingResource enforces monotonicity when editing existing readings @ repetition 34 of 100[39m[90m   [39m [90m1.15s[39m  
  [31;1m⨯[39;22m[90m [39m[90mFilament MeterReadingResource enforces monotonicity when editing existing readings @ repetition 35 of 100[39m[90m   [39m [90m1.39s[39m  
  [31;1m⨯[39;22m[90m [39m[90mFilament MeterReadingResource enforces monotonicity when editing existing readings @ repetition 36 of 100[39m[90m   [39m [90m1.16s[39m  
  [31;1m⨯[39;22m[90m [39m[90mFilament MeterReadingResource enforces monotonicity when editing existing readings @ repetition 37 of 100[39m[90m   [39m [90m1.05s[39m  
  [31;1m⨯[39;22m[90m [39m[90mFilament MeterReadingResource enforces monotonicity when editing existing readings @ repetition 38 of 100[39m[90m   [39m [90m1.22s[39m  
  [31;1m⨯[39;22m[90m [39m[90mFilament MeterReadingResource enforces monotonicity when editing existing readings @ repetition 39 of 100[39m[90m   [39m [90m1.02s[39m  
  [31;1m⨯[39;22m[90m [39m[90mFilament MeterReadingResource enforces monotonicity when editing existing readings @ repetition 40 of 100[39m[90m   [39m [90m0.84s[39m  
  [31;1m⨯[39;22m[90m [39m[90mFilament MeterReadingResource enforces monotonicity when editing existing readings @ repetition 41 of 100[39m[90m   [39m [90m1.33s[39m  
  [31;1m⨯[39;22m[90m [39m[90mFilament MeterReadingResource enforces monotonicity when editing existing readings @ repetition 42 of 100[39m[90m   [39m [90m0.93s[39m  
  [31;1m⨯[39;22m[90m [39m[90mFilament MeterReadingResource enforces monotonicity when editing existing readings @ repetition 43 of 100[39m[90m   [39m [90m0.96s[39m  
  [31;1m⨯[39;22m[90m [39m[90mFilament MeterReadingResource enforces monotonicity when editing existing readings @ repetition 44 of 100[39m[90m   [39m [90m1.13s[39m  
  [31;1m⨯[39;22m[90m [39m[90mFilament MeterReadingResource enforces monotonicity when editing existing readings @ repetition 45 of 100[39m[90m   [39m [90m1.08s[39m  
  [31;1m⨯[39;22m[90m [39m[90mFilament MeterReadingResource enforces monotonicity when editing existing readings @ repetition 46 of 100[39m[90m   [39m [90m0.99s[39m  
  [31;1m⨯[39;22m[90m [39m[90mFilament MeterReadingResource enforces monotonicity when editing existing readings @ repetition 47 of 100[39m[90m   [39m [90m1.15s[39m  
  [31;1m⨯[39;22m[90m [39m[90mFilament MeterReadingResource enforces monotonicity when editing existing readings @ repetition 48 of 100[39m[90m   [39m [90m0.89s[39m  
  [31;1m⨯[39;22m[90m [39m[90mFilament MeterReadingResource enforces monotonicity when editing existing readings @ repetition 49 of 100[39m[90m   [39m [90m1.02s[39m  
  [31;1m⨯[39;22m[90m [39m[90mFilament MeterReadingResource enforces monotonicity when editing existing readings @ repetition 50 of 100[39m[90m   [39m [90m1.22s[39m  
  [31;1m⨯[39;22m[90m [39m[90mFilament MeterReadingResource enforces monotonicity when editing existing readings @ repetition 51 of 100[39m[90m   [39m [90m1.04s[39m  
  [31;1m⨯[39;22m[90m [39m[90mFilament MeterReadingResource enforces monotonicity when editing existing readings @ repetition 52 of 100[39m[90m   [39m [90m0.94s[39m  
  [31;1m⨯[39;22m[90m [39m[90mFilament MeterReadingResource enforces monotonicity when editing existing readings @ repetition 53 of 100[39m[90m   [39m [90m1.40s[39m  
  [31;1m⨯[39;22m[90m [39m[90mFilament MeterReadingResource enforces monotonicity when editing existing readings @ repetition 54 of 100[39m[90m   [39m [90m1.07s[39m  
  [31;1m⨯[39;22m[90m [39m[90mFilament MeterReadingResource enforces monotonicity when editing existing readings @ repetition 55 of 100[39m[90m   [39m [90m1.00s[39m  
  [31;1m⨯[39;22m[90m [39m[90mFilament MeterReadingResource enforces monotonicity when editing existing readings @ repetition 56 of 100[39m[90m   [39m [90m1.30s[39m  
  [31;1m⨯[39;22m[90m [39m[90mFilament MeterReadingResource enforces monotonicity when editing existing readings @ repetition 57 of 100[39m[90m   [39m [90m1.04s[39m  
  [31;1m⨯[39;22m[90m [39m[90mFilament MeterReadingResource enforces monotonicity when editing existing readings @ repetition 58 of 100[39m[90m   [39m [90m1.08s[39m  
  [31;1m⨯[39;22m[90m [39m[90mFilament MeterReadingResource enforces monotonicity when editing existing readings @ repetition 59 of 100[39m[90m   [39m [90m1.28s[39m  
  [31;1m⨯[39;22m[90m [39m[90mFilament MeterReadingResource enforces monotonicity when editing existing readings @ repetition 60 of 100[39m[90m   [39m [90m1.06s[39m  
  [31;1m⨯[39;22m[90m [39m[90mFilament MeterReadingResource enforces monotonicity when editing existing readings @ repetition 61 of 100[39m[90m   [39m [90m0.99s[39m  
  [31;1m⨯[39;22m[90m [39m[90mFilament MeterReadingResource enforces monotonicity when editing existing readings @ repetition 62 of 100[39m[90m   [39m [90m1.12s[39m  
  [31;1m⨯[39;22m[90m [39m[90mFilament MeterReadingResource enforces monotonicity when editing existing readings @ repetition 63 of 100[39m[90m   [39m [90m0.92s[39m  
  [31;1m⨯[39;22m[90m [39m[90mFilament MeterReadingResource enforces monotonicity when editing existing readings @ repetition 64 of 100[39m[90m   [39m [90m0.93s[39m  
  [31;1m⨯[39;22m[90m [39m[90mFilament MeterReadingResource enforces monotonicity when editing existing readings @ repetition 65 of 100[39m[90m   [39m [90m1.19s[39m  
  [31;1m⨯[39;22m[90m [39m[90mFilament MeterReadingResource enforces monotonicity when editing existing readings @ repetition 66 of 100[39m[90m   [39m [90m0.93s[39m  
  [31;1m⨯[39;22m[90m [39m[90mFilament MeterReadingResource enforces monotonicity when editing existing readings @ repetition 67 of 100[39m[90m   [39m [90m1.00s[39m  
  [31;1m⨯[39;22m[90m [39m[90mFilament MeterReadingResource enforces monotonicity when editing existing readings @ repetition 68 of 100[39m[90m   [39m [90m1.22s[39m  
  [31;1m⨯[39;22m[90m [39m[90mFilament MeterReadingResource enforces monotonicity when editing existing readings @ repetition 69 of 100[39m[90m   [39m [90m0.94s[39m  
  [31;1m⨯[39;22m[90m [39m[90mFilament MeterReadingResource enforces monotonicity when editing existing readings @ repetition 70 of 100[39m[90m   [39m [90m0.96s[39m  
  [31;1m⨯[39;22m[90m [39m[90mFilament MeterReadingResource enforces monotonicity when editing existing readings @ repetition 71 of 100[39m[90m   [39m [90m1.17s[39m  
  [31;1m⨯[39;22m[90m [39m[90mFilament MeterReadingResource enforces monotonicity when editing existing readings @ repetition 72 of 100[39m[90m   [39m [90m0.93s[39m  
  [31;1m⨯[39;22m[90m [39m[90mFilament MeterReadingResource enforces monotonicity when editing existing readings @ repetition 73 of 100[39m[90m   [39m [90m1.02s[39m  
  [31;1m⨯[39;22m[90m [39m[90mFilament MeterReadingResource enforces monotonicity when editing existing readings @ repetition 74 of 100[39m[90m   [39m [90m1.16s[39m  
  [31;1m⨯[39;22m[90m [39m[90mFilament MeterReadingResource enforces monotonicity when editing existing readings @ repetition 75 of 100[39m[90m   [39m [90m0.95s[39m  
  [31;1m⨯[39;22m[90m [39m[90mFilament MeterReadingResource enforces monotonicity when editing existing readings @ repetition 76 of 100[39m[90m   [39m [90m0.94s[39m  
  [31;1m⨯[39;22m[90m [39m[90mFilament MeterReadingResource enforces monotonicity when editing existing readings @ repetition 77 of 100[39m[90m   [39m [90m1.19s[39m  
  [31;1m⨯[39;22m[90m [39m[90mFilament MeterReadingResource enforces monotonicity when editing existing readings @ repetition 78 of 100[39m[90m   [39m [90m1.00s[39m  
  [31;1m⨯[39;22m[90m [39m[90mFilament MeterReadingResource enforces monotonicity when editing existing readings @ repetition 79 of 100[39m[90m   [39m [90m1.07s[39m  
  [31;1m⨯[39;22m[90m [39m[90mFilament MeterReadingResource enforces monotonicity when editing existing readings @ repetition 80 of 100[39m[90m   [39m [90m1.38s[39m  
  [31;1m⨯[39;22m[90m [39m[90mFilament MeterReadingResource enforces monotonicity when editing existing readings @ repetition 81 of 100[39m[90m   [39m [90m1.06s[39m  
  [31;1m⨯[39;22m[90m [39m[90mFilament MeterReadingResource enforces monotonicity when editing existing readings @ repetition 82 of 100[39m[90m   [39m [90m1.09s[39m  
  [31;1m⨯[39;22m[90m [39m[90mFilament MeterReadingResource enforces monotonicity when editing existing readings @ repetition 83 of 100[39m[90m   [39m [90m1.41s[39m  
  [31;1m⨯[39;22m[90m [39m[90mFilament MeterReadingResource enforces monotonicity when editing existing readings @ repetition 84 of 100[39m[90m   [39m [90m1.07s[39m  
  [31;1m⨯[39;22m[90m [39m[90mFilament MeterReadingResource enforces monotonicity when editing existing readings @ repetition 85 of 100[39m[90m   [39m [90m1.09s[39m  
  [31;1m⨯[39;22m[90m [39m[90mFilament MeterReadingResource enforces monotonicity when editing existing readings @ repetition 86 of 100[39m[90m   [39m [90m1.46s[39m  
  [31;1m⨯[39;22m[90m [39m[90mFilament MeterReadingResource enforces monotonicity when editing existing readings @ repetition 87 of 100[39m[90m   [39m [90m1.07s[39m  
  [31;1m⨯[39;22m[90m [39m[90mFilament MeterReadingResource enforces monotonicity when editing existing readings @ repetition 88 of 100[39m[90m   [39m [90m1.15s[39m  
  [31;1m⨯[39;22m[90m [39m[90mFilament MeterReadingResource enforces monotonicity when editing existing readings @ repetition 89 of 100[39m[90m   [39m [90m1.48s[39m  
  [31;1m⨯[39;22m[90m [39m[90mFilament MeterReadingResource enforces monotonicity when editing existing readings @ repetition 90 of 100[39m[90m   [39m [90m1.01s[39m  
  [31;1m⨯[39;22m[90m [39m[90mFilament MeterReadingResource enforces monotonicity when editing existing readings @ repetition 91 of 100[39m[90m   [39m [90m1.07s[39m  
  [31;1m⨯[39;22m[90m [39m[90mFilament MeterReadingResource enforces monotonicity when editing existing readings @ repetition 92 of 100[39m[90m   [39m [90m1.34s[39m  
  [31;1m⨯[39;22m[90m [39m[90mFilament MeterReadingResource enforces monotonicity when editing existing readings @ repetition 93 of 100[39m[90m   [39m [90m1.21s[39m  
  [31;1m⨯[39;22m[90m [39m[90mFilament MeterReadingResource enforces monotonicity when editing existing readings @ repetition 94 of 100[39m[90m   [39m [90m1.13s[39m  
  [31;1m⨯[39;22m[90m [39m[90mFilament MeterReadingResource enforces monotonicity when editing existing readings @ repetition 95 of 100[39m[90m   [39m [90m1.38s[39m  
  [31;1m⨯[39;22m[90m [39m[90mFilament MeterReadingResource enforces monotonicity when editing existing readings @ repetition 96 of 100[39m[90m   [39m [90m1.11s[39m  
  [31;1m⨯[39;22m[90m [39m[90mFilament MeterReadingResource enforces monotonicity when editing existing readings @ repetition 97 of 100[39m[90m   [39m [90m1.01s[39m  
  [31;1m⨯[39;22m[90m [39m[90mFilament MeterReadingResource enforces monotonicity when editing existing readings @ repetition 98 of 100[39m[90m   [39m [90m1.52s[39m  
  [31;1m⨯[39;22m[90m [39m[90mFilament MeterReadingResource enforces monotonicity when editing existing readings @ repetition 99 of 100[39m[90m   [39m [90m1.33s[39m  
  [31;1m⨯[39;22m[90m [39m[90mFilament MeterReadingResource enforces monotonicity when editing existing readings @ repetition 100 of 100[39m[90m  [39m [90m1.26s[39m  
  [31;1m⨯[39;22m[90m [39m[90mFilament MeterReadingResource rejects edits that exceed the next reading value @ repetition 1 of 100[39m[90m        [39m [90m1.25s[39m  
  [31;1m⨯[39;22m[90m [39m[90mFilament MeterReadingResource rejects edits that exceed the next reading value @ repetition 2 of 100[39m[90m        [39m [90m1.22s[39m  
  [31;1m⨯[39;22m[90m [39m[90mFilament MeterReadingResource rejects edits that exceed the next reading value @ repetition 3 of 100[39m[90m        [39m [90m1.52s[39m  
  [31;1m⨯[39;22m[90m [39m[90mFilament MeterReadingResource rejects edits that exceed the next reading value @ repetition 4 of 100[39m[90m        [39m [90m1.40s[39m  
  [31;1m⨯[39;22m[90m [39m[90mFilament MeterReadingResource rejects edits that exceed the next reading value @ repetition 5 of 100[39m[90m        [39m [90m1.34s[39m  
  [31;1m⨯[39;22m[90m [39m[90mFilament MeterReadingResource rejects edits that exceed the next reading value @ repetition 6 of 100[39m[90m        [39m [90m1.76s[39m  
  [31;1m⨯[39;22m[90m [39m[90mFilament MeterReadingResource rejects edits that exceed the next reading value @ repetition 7 of 100[39m[90m        [39m [90m1.60s[39m  
  [31;1m⨯[39;22m[90m [39m[90mFilament MeterReadingResource rejects edits that exceed the next reading value @ repetition 8 of 100[39m[90m        [39m [90m1.37s[39m  
  [31;1m⨯[39;22m[90m [39m[90mFilament MeterReadingResource rejects edits that exceed the next reading value @ repetition 9 of 100[39m[90m        [39m [90m1.76s[39m  
  [31;1m⨯[39;22m[90m [39m[90mFilament MeterReadingResource rejects edits that exceed the next reading value @ repetition 10 of 100[39m[90m       [39m [90m1.38s[39m  
  [31;1m⨯[39;22m[90m [39m[90mFilament MeterReadingResource rejects edits that exceed the next reading value @ repetition 11 of 100[39m[90m       [39m [90m1.29s[39m  
  [31;1m⨯[39;22m[90m [39m[90mFilament MeterReadingResource rejects edits that exceed the next reading value @ repetition 12 of 100[39m[90m       [39m [90m1.71s[39m  
  [31;1m⨯[39;22m[90m [39m[90mFilament MeterReadingResource rejects edits that exceed the next reading value @ repetition 13 of 100[39m[90m       [39m [90m1.57s[39m  
  [31;1m⨯[39;22m[90m [39m[90mFilament MeterReadingResource rejects edits that exceed the next reading value @ repetition 14 of 100[39m[90m       [39m [90m1.41s[39m  
  [31;1m⨯[39;22m[90m [39m[90mFilament MeterReadingResource rejects edits that exceed the next reading value @ repetition 15 of 100[39m[90m       [39m [90m1.74s[39m  
  [31;1m⨯[39;22m[90m [39m[90mFilament MeterReadingResource rejects edits that exceed the next reading value @ repetition 16 of 100[39m[90m       [39m [90m1.58s[39m  
  [31;1m⨯[39;22m[90m [39m[90mFilament MeterReadingResource rejects edits that exceed the next reading value @ repetition 17 of 100[39m[90m       [39m [90m1.52s[39m  
  [31;1m⨯[39;22m[90m [39m[90mFilament MeterReadingResource rejects edits that exceed the next reading value @ repetition 18 of 100[39m[90m       [39m [90m1.81s[39m  
  [31;1m⨯[39;22m[90m [39m[90mFilament MeterReadingResource rejects edits that exceed the next reading value @ repetition 19 of 100[39m[90m       [39m [90m1.52s[39m  
  [31;1m⨯[39;22m[90m [39m[90mFilament MeterReadingResource rejects edits that exceed the next reading value @ repetition 20 of 100[39m[90m       [39m [90m1.50s[39m  
  [31;1m⨯[39;22m[90m [39m[90mFilament MeterReadingResource rejects edits that exceed the next reading value @ repetition 21 of 100[39m[90m       [39m [90m1.88s[39m  
  [31;1m⨯[39;22m[90m [39m[90mFilament MeterReadingResource rejects edits that exceed the next reading value @ repetition 22 of 100[39m[90m       [39m [90m1.50s[39m  
  [31;1m⨯[39;22m[90m [39m[90mFilament MeterReadingResource rejects edits that exceed the next reading value @ repetition 23 of 100[39m[90m       [39m [90m1.65s[39m  
  [31;1m⨯[39;22m[90m [39m[90mFilament MeterReadingResource rejects edits that exceed the next reading value @ repetition 24 of 100[39m[90m       [39m [90m1.85s[39m  
  [31;1m⨯[39;22m[90m [39m[90mFilament MeterReadingResource rejects edits that exceed the next reading value @ repetition 25 of 100[39m[90m       [39m [90m1.52s[39m  
  [31;1m⨯[39;22m[90m [39m[90mFilament MeterReadingResource rejects edits that exceed the next reading value @ repetition 26 of 100[39m[90m       [39m [90m1.49s[39m  
  [31;1m⨯[39;22m[90m [39m[90mFilament MeterReadingResource rejects edits that exceed the next reading value @ repetition 27 of 100[39m[90m       [39m [90m1.71s[39m  
  [31;1m⨯[39;22m[90m [39m[90mFilament MeterReadingResource rejects edits that exceed the next reading value @ repetition 28 of 100[39m[90m       [39m [90m1.54s[39m  
  [31;1m⨯[39;22m[90m [39m[90mFilament MeterReadingResource rejects edits that exceed the next reading value @ repetition 29 of 100[39m[90m       [39m [90m1.21s[39m  
  [31;1m⨯[39;22m[90m [39m[90mFilament MeterReadingResource rejects edits that exceed the next reading value @ repetition 30 of 100[39m[90m       [39m [90m1.63s[39m  
  [31;1m⨯[39;22m[90m [39m[90mFilament MeterReadingResource rejects edits that exceed the next reading value @ repetition 31 of 100[39m[90m       [39m [90m1.25s[39m  
  [31;1m⨯[39;22m[90m [39m[90mFilament MeterReadingResource rejects edits that exceed the next reading value @ repetition 32 of 100[39m[90m       [39m [90m1.12s[39m  
  [31;1m⨯[39;22m[90m [39m[90mFilament MeterReadingResource rejects edits that exceed the next reading value @ repetition 33 of 100[39m[90m       [39m [90m1.44s[39m  
  [31;1m⨯[39;22m[90m [39m[90mFilament MeterReadingResource rejects edits that exceed the next reading value @ repetition 34 of 100[39m[90m       [39m [90m1.28s[39m  
  [31;1m⨯[39;22m[90m [39m[90mFilament MeterReadingResource rejects edits that exceed the next reading value @ repetition 35 of 100[39m[90m       [39m [90m1.10s[39m  
  [31;1m⨯[39;22m[90m [39m[90mFilament MeterReadingResource rejects edits that exceed the next reading value @ repetition 36 of 100[39m[90m       [39m [90m1.44s[39m  
  [31;1m⨯[39;22m[90m [39m[90mFilament MeterReadingResource rejects edits that exceed the next reading value @ repetition 37 of 100[39m[90m       [39m [90m1.06s[39m  
  [31;1m⨯[39;22m[90m [39m[90mFilament MeterReadingResource rejects edits that exceed the next reading value @ repetition 38 of 100[39m[90m       [39m [90m1.06s[39m  
  [31;1m⨯[39;22m[90m [39m[90mFilament MeterReadingResource rejects edits that exceed the next reading value @ repetition 39 of 100[39m[90m       [39m [90m1.34s[39m  
  [31;1m⨯[39;22m[90m [39m[90mFilament MeterReadingResource rejects edits that exceed the next reading value @ repetition 40 of 100[39m[90m       [39m [90m1.17s[39m  
  [31;1m⨯[39;22m[90m [39m[90mFilament MeterReadingResource rejects edits that exceed the next reading value @ repetition 41 of 100[39m[90m       [39m [90m0.93s[39m  
  [31;1m⨯[39;22m[90m [39m[90mFilament MeterReadingResource rejects edits that exceed the next reading value @ repetition 42 of 100[39m[90m       [39m [90m1.41s[39m  
  [31;1m⨯[39;22m[90m [39m[90mFilament MeterReadingResource rejects edits that exceed the next reading value @ repetition 43 of 100[39m[90m       [39m [90m1.06s[39m  
  [31;1m⨯[39;22m[90m [39m[90mFilament MeterReadingResource rejects edits that exceed the next reading value @ repetition 44 of 100[39m[90m       [39m [90m1.04s[39m  
  [31;1m⨯[39;22m[90m [39m[90mFilament MeterReadingResource rejects edits that exceed the next reading value @ repetition 45 of 100[39m[90m       [39m [90m1.26s[39m  
  [31;1m⨯[39;22m[90m [39m[90mFilament MeterReadingResource rejects edits that exceed the next reading value @ repetition 46 of 100[39m[90m       [39m [90m1.01s[39m  
  [31;1m⨯[39;22m[90m [39m[90mFilament MeterReadingResource rejects edits that exceed the next reading value @ repetition 47 of 100[39m[90m       [39m [90m1.01s[39m  
  [31;1m⨯[39;22m[90m [39m[90mFilament MeterReadingResource rejects edits that exceed the next reading value @ repetition 48 of 100[39m[90m       [39m [90m1.18s[39m  
  [31;1m⨯[39;22m[90m [39m[90mFilament MeterReadingResource rejects edits that exceed the next reading value @ repetition 49 of 100[39m[90m       [39m [90m0.97s[39m  
  [31;1m⨯[39;22m[90m [39m[90mFilament MeterReadingResource rejects edits that exceed the next reading value @ repetition 50 of 100[39m[90m       [39m [90m0.99s[39m  
  [31;1m⨯[39;22m[90m [39m[90mFilament MeterReadingResource rejects edits that exceed the next reading value @ repetition 51 of 100[39m[90m       [39m [90m1.28s[39m  
  [31;1m⨯[39;22m[90m [39m[90mFilament MeterReadingResource rejects edits that exceed the next reading value @ repetition 52 of 100[39m[90m       [39m [90m1.14s[39m  
  [31;1m⨯[39;22m[90m [39m[90mFilament MeterReadingResource rejects edits that exceed the next reading value @ repetition 53 of 100[39m[90m       [39m [90m0.98s[39m  
  [31;1m⨯[39;22m[90m [39m[90mFilament MeterReadingResource rejects edits that exceed the next reading value @ repetition 54 of 100[39m[90m       [39m [90m1.31s[39m  
  [31;1m⨯[39;22m[90m [39m[90mFilament MeterReadingResource rejects edits that exceed the next reading value @ repetition 55 of 100[39m[90m       [39m [90m1.10s[39m  
  [31;1m⨯[39;22m[90m [39m[90mFilament MeterReadingResource rejects edits that exceed the next reading value @ repetition 56 of 100[39m[90m       [39m [90m1.01s[39m  
  [31;1m⨯[39;22m[90m [39m[90mFilament MeterReadingResource rejects edits that exceed the next reading value @ repetition 57 of 100[39m[90m       [39m [90m1.25s[39m  
  [31;1m⨯[39;22m[90m [39m[90mFilament MeterReadingResource rejects edits that exceed the next reading value @ repetition 58 of 100[39m[90m       [39m [90m0.98s[39m  
  [31;1m⨯[39;22m[90m [39m[90mFilament MeterReadingResource rejects edits that exceed the next reading value @ repetition 59 of 100[39m[90m       [39m [90m0.99s[39m  
  [31;1m⨯[39;22m[90m [39m[90mFilament MeterReadingResource rejects edits that exceed the next reading value @ repetition 60 of 100[39m[90m       [39m [90m1.28s[39m  
  [31;1m⨯[39;22m[90m [39m[90mFilament MeterReadingResource rejects edits that exceed the next reading value @ repetition 61 of 100[39m[90m       [39m [90m1.12s[39m  
  [31;1m⨯[39;22m[90m [39m[90mFilament MeterReadingResource rejects edits that exceed the next reading value @ repetition 62 of 100[39m[90m       [39m [90m1.11s[39m  
  [31;1m⨯[39;22m[90m [39m[90mFilament MeterReadingResource rejects edits that exceed the next reading value @ repetition 63 of 100[39m[90m       [39m [90m1.15s[39m  
  [31;1m⨯[39;22m[90m [39m[90mFilament MeterReadingResource rejects edits that exceed the next reading value @ repetition 64 of 100[39m[90m       [39m [90m0.99s[39m  
  [31;1m⨯[39;22m[90m [39m[90mFilament MeterReadingResource rejects edits that exceed the next reading value @ repetition 65 of 100[39m[90m       [39m [90m1.08s[39m  
  [31;1m⨯[39;22m[90m [39m[90mFilament MeterReadingResource rejects edits that exceed the next reading value @ repetition 66 of 100[39m[90m       [39m [90m1.32s[39m  
  [31;1m⨯[39;22m[90m [39m[90mFilament MeterReadingResource rejects edits that exceed the next reading value @ repetition 67 of 100[39m[90m       [39m [90m0.99s[39m  
  [31;1m⨯[39;22m[90m [39m[90mFilament MeterReadingResource rejects edits that exceed the next reading value @ repetition 68 of 100[39m[90m       [39m [90m1.10s[39m  
  [31;1m⨯[39;22m[90m [39m[90mFilament MeterReadingResource rejects edits that exceed the next reading value @ repetition 69 of 100[39m[90m       [39m [90m1.29s[39m  
  [31;1m⨯[39;22m[90m [39m[90mFilament MeterReadingResource rejects edits that exceed the next reading value @ repetition 70 of 100[39m[90m       [39m [90m1.03s[39m  
  [31;1m⨯[39;22m[90m [39m[90mFilament MeterReadingResource rejects edits that exceed the next reading value @ repetition 71 of 100[39m[90m       [39m [90m0.98s[39m  
  [31;1m⨯[39;22m[90m [39m[90mFilament MeterReadingResource rejects edits that exceed the next reading value @ repetition 72 of 100[39m[90m       [39m [90m1.27s[39m  
  [31;1m⨯[39;22m[90m [39m[90mFilament MeterReadingResource rejects edits that exceed the next reading value @ repetition 73 of 100[39m[90m       [39m [90m1.06s[39m  
  [31;1m⨯[39;22m[90m [39m[90mFilament MeterReadingResource rejects edits that exceed the next reading value @ repetition 74 of 100[39m[90m       [39m [90m1.02s[39m  
  [31;1m⨯[39;22m[90m [39m[90mFilament MeterReadingResource rejects edits that exceed the next reading value @ repetition 75 of 100[39m[90m       [39m [90m1.22s[39m  
  [31;1m⨯[39;22m[90m [39m[90mFilament MeterReadingResource rejects edits that exceed the next reading value @ repetition 76 of 100[39m[90m       [39m [90m1.07s[39m  
  [31;1m⨯[39;22m[90m [39m[90mFilament MeterReadingResource rejects edits that exceed the next reading value @ repetition 77 of 100[39m[90m       [39m [90m1.03s[39m  
  [31;1m⨯[39;22m[90m [39m[90mFilament MeterReadingResource rejects edits that exceed the next reading value @ repetition 78 of 100[39m[90m       [39m [90m1.17s[39m  
  [31;1m⨯[39;22m[90m [39m[90mFilament MeterReadingResource rejects edits that exceed the next reading value @ repetition 79 of 100[39m[90m       [39m [90m0.92s[39m  
  [31;1m⨯[39;22m[90m [39m[90mFilament MeterReadingResource rejects edits that exceed the next reading value @ repetition 80 of 100[39m[90m       [39m [90m0.89s[39m  
  [31;1m⨯[39;22m[90m [39m[90mFilament MeterReadingResource rejects edits that exceed the next reading value @ repetition 81 of 100[39m[90m       [39m [90m1.28s[39m  
  [31;1m⨯[39;22m[90m [39m[90mFilament MeterReadingResource rejects edits that exceed the next reading value @ repetition 82 of 100[39m[90m       [39m [90m1.04s[39m  
  [31;1m⨯[39;22m[90m [39m[90mFilament MeterReadingResource rejects edits that exceed the next reading value @ repetition 83 of 100[39m[90m       [39m [90m1.00s[39m  
  [31;1m⨯[39;22m[90m [39m[90mFilament MeterReadingResource rejects edits that exceed the next reading value @ repetition 84 of 100[39m[90m       [39m [90m1.26s[39m  
  [31;1m⨯[39;22m[90m [39m[90mFilament MeterReadingResource rejects edits that exceed the next reading value @ repetition 85 of 100[39m[90m       [39m [90m1.00s[39m  
  [31;1m⨯[39;22m[90m [39m[90mFilament MeterReadingResource rejects edits that exceed the next reading value @ repetition 86 of 100[39m[90m       [39m [90m1.14s[39m  
  [31;1m⨯[39;22m[90m [39m[90mFilament MeterReadingResource rejects edits that exceed the next reading value @ repetition 87 of 100[39m[90m       [39m [90m1.23s[39m  
  [31;1m⨯[39;22m[90m [39m[90mFilament MeterReadingResource rejects edits that exceed the next reading value @ repetition 88 of 100[39m[90m       [39m [90m0.99s[39m  
  [31;1m⨯[39;22m[90m [39m[90mFilament MeterReadingResource rejects edits that exceed the next reading value @ repetition 89 of 100[39m[90m       [39m [90m0.96s[39m  
  [31;1m⨯[39;22m[90m [39m[90mFilament MeterReadingResource rejects edits that exceed the next reading value @ repetition 90 of 100[39m[90m       [39m [90m1.21s[39m  
  [31;1m⨯[39;22m[90m [39m[90mFilament MeterReadingResource rejects edits that exceed the next reading value @ repetition 91 of 100[39m[90m       [39m [90m1.05s[39m  
  [31;1m⨯[39;22m[90m [39m[90mFilament MeterReadingResource rejects edits that exceed the next reading value @ repetition 92 of 100[39m[90m       [39m [90m0.98s[39m  
  [31;1m⨯[39;22m[90m [39m[90mFilament MeterReadingResource rejects edits that exceed the next reading value @ repetition 93 of 100[39m[90m       [39m [90m1.15s[39m  
  [31;1m⨯[39;22m[90m [39m[90mFilament MeterReadingResource rejects edits that exceed the next reading value @ repetition 94 of 100[39m[90m       [39m [90m1.02s[39m  
  [31;1m⨯[39;22m[90m [39m[90mFilament MeterReadingResource rejects edits that exceed the next reading value @ repetition 95 of 100[39m[90m       [39m [90m1.10s[39m  
  [31;1m⨯[39;22m[90m [39m[90mFilament MeterReadingResource rejects edits that exceed the next reading value @ repetition 96 of 100[39m[90m       [39m [90m1.29s[39m  
  [31;1m⨯[39;22m[90m [39m[90mFilament MeterReadingResource rejects edits that exceed the next reading value @ repetition 97 of 100[39m[90m       [39m [90m0.92s[39m  
  [31;1m⨯[39;22m[90m [39m[90mFilament MeterReadingResource rejects edits that exceed the next reading value @ repetition 98 of 100[39m[90m       [39m [90m1.01s[39m  
  [31;1m⨯[39;22m[90m [39m[90mFilament MeterReadingResource rejects edits that exceed the next reading value @ repetition 99 of 100[39m[90m       [39m [90m1.27s[39m  
  [31;1m⨯[39;22m[90m [39m[90mFilament MeterReadingResource rejects edits that exceed the next reading value @ repetition 100 of 100[39m[90m      [39m [90m0.93s[39m  
  [31;1m⨯[39;22m[90m [39m[90mFilament MeterReadingResource allows valid edits within monotonicity bounds @ repetition 1 of 100[39m[90m           [39m [90m0.94s[39m  
  [31;1m⨯[39;22m[90m [39m[90mFilament MeterReadingResource allows valid edits within monotonicity bounds @ repetition 2 of 100[39m[90m           [39m [90m1.02s[39m  
  [31;1m⨯[39;22m[90m [39m[90mFilament MeterReadingResource allows valid edits within monotonicity bounds @ repetition 3 of 100[39m[90m           [39m [90m0.99s[39m  
  [31;1m⨯[39;22m[90m [39m[90mFilament MeterReadingResource allows valid edits within monotonicity bounds @ repetition 4 of 100[39m[90m           [39m [90m1.31s[39m  
  [31;1m⨯[39;22m[90m [39m[90mFilament MeterReadingResource allows valid edits within monotonicity bounds @ repetition 5 of 100[39m[90m           [39m [90m1.17s[39m  
  [31;1m⨯[39;22m[90m [39m[90mFilament MeterReadingResource allows valid edits within monotonicity bounds @ repetition 6 of 100[39m[90m           [39m [90m0.97s[39m  
  [31;1m⨯[39;22m[90m [39m[90mFilament MeterReadingResource allows valid edits within monotonicity bounds @ repetition 7 of 100[39m[90m           [39m [90m1.38s[39m  
  [31;1m⨯[39;22m[90m [39m[90mFilament MeterReadingResource allows valid edits within monotonicity bounds @ repetition 8 of 100[39m[90m           [39m [90m1.16s[39m  
  [31;1m⨯[39;22m[90m [39m[90mFilament MeterReadingResource allows valid edits within monotonicity bounds @ repetition 9 of 100[39m[90m           [39m [90m0.99s[39m  
  [31;1m⨯[39;22m[90m [39m[90mFilament MeterReadingResource allows valid edits within monotonicity bounds @ repetition 10 of 100[39m[90m          [39m [90m1.26s[39m  
  [31;1m⨯[39;22m[90m [39m[90mFilament MeterReadingResource allows valid edits within monotonicity bounds @ repetition 11 of 100[39m[90m          [39m [90m0.92s[39m  
  [31;1m⨯[39;22m[90m [39m[90mFilament MeterReadingResource allows valid edits within monotonicity bounds @ repetition 12 of 100[39m[90m          [39m [90m1.09s[39m  
  [31;1m⨯[39;22m[90m [39m[90mFilament MeterReadingResource allows valid edits within monotonicity bounds @ repetition 13 of 100[39m[90m          [39m [90m1.38s[39m  
  [31;1m⨯[39;22m[90m [39m[90mFilament MeterReadingResource allows valid edits within monotonicity bounds @ repetition 14 of 100[39m[90m          [39m [90m1.09s[39m  
  [31;1m⨯[39;22m[90m [39m[90mFilament MeterReadingResource allows valid edits within monotonicity bounds @ repetition 15 of 100[39m[90m          [39m [90m1.28s[39m  
  [31;1m⨯[39;22m[90m [39m[90mFilament MeterReadingResource allows valid edits within monotonicity bounds @ repetition 16 of 100[39m[90m          [39m [90m1.47s[39m  
  [31;1m⨯[39;22m[90m [39m[90mFilament MeterReadingResource allows valid edits within monotonicity bounds @ repetition 17 of 100[39m[90m          [39m [90m1.08s[39m  
  [31;1m⨯[39;22m[90m [39m[90mFilament MeterReadingResource allows valid edits within monotonicity bounds @ repetition 18 of 100[39m[90m          [39m [90m1.01s[39m  
  [31;1m⨯[39;22m[90m [39m[90mFilament MeterReadingResource allows valid edits within monotonicity bounds @ repetition 19 of 100[39m[90m          [39m [90m1.31s[39m  
  [31;1m⨯[39;22m[90m [39m[90mFilament MeterReadingResource allows valid edits within monotonicity bounds @ repetition 20 of 100[39m[90m          [39m [90m1.06s[39m  
  [31;1m⨯[39;22m[90m [39m[90mFilament MeterReadingResource allows valid edits within monotonicity bounds @ repetition 21 of 100[39m[90m          [39m [90m1.05s[39m  
  [31;1m⨯[39;22m[90m [39m[90mFilament MeterReadingResource allows valid edits within monotonicity bounds @ repetition 22 of 100[39m[90m          [39m [90m1.33s[39m  
  [31;1m⨯[39;22m[90m [39m[90mFilament MeterReadingResource allows valid edits within monotonicity bounds @ repetition 23 of 100[39m[90m          [39m [90m1.08s[39m  
  [31;1m⨯[39;22m[90m [39m[90mFilament MeterReadingResource allows valid edits within monotonicity bounds @ repetition 24 of 100[39m[90m          [39m [90m1.12s[39m  
  [31;1m⨯[39;22m[90m [39m[90mFilament MeterReadingResource allows valid edits within monotonicity bounds @ repetition 25 of 100[39m[90m          [39m [90m1.37s[39m  
  [31;1m⨯[39;22m[90m [39m[90mFilament MeterReadingResource allows valid edits within monotonicity bounds @ repetition 26 of 100[39m[90m          [39m [90m1.07s[39m  
  [31;1m⨯[39;22m[90m [39m[90mFilament MeterReadingResource allows valid edits within monotonicity bounds @ repetition 27 of 100[39m[90m          [39m [90m1.11s[39m  
  [31;1m⨯[39;22m[90m [39m[90mFilament MeterReadingResource allows valid edits within monotonicity bounds @ repetition 28 of 100[39m[90m          [39m [90m1.45s[39m  
  [31;1m⨯[39;22m[90m [39m[90mFilament MeterReadingResource allows valid edits within monotonicity bounds @ repetition 29 of 100[39m[90m          [39m [90m1.14s[39m  
  [31;1m⨯[39;22m[90m [39m[90mFilament MeterReadingResource allows valid edits within monotonicity bounds @ repetition 30 of 100[39m[90m          [39m [90m1.12s[39m  
  [31;1m⨯[39;22m[90m [39m[90mFilament MeterReadingResource allows valid edits within monotonicity bounds @ repetition 31 of 100[39m[90m          [39m [90m1.54s[39m  
  [31;1m⨯[39;22m[90m [39m[90mFilament MeterReadingResource allows valid edits within monotonicity bounds @ repetition 32 of 100[39m[90m          [39m [90m1.24s[39m  
  [31;1m⨯[39;22m[90m [39m[90mFilament MeterReadingResource allows valid edits within monotonicity bounds @ repetition 33 of 100[39m[90m          [39m [90m1.16s[39m  
  [31;1m⨯[39;22m[90m [39m[90mFilament MeterReadingResource allows valid edits within monotonicity bounds @ repetition 34 of 100[39m[90m          [39m [90m1.58s[39m  
  [31;1m⨯[39;22m[90m [39m[90mFilament MeterReadingResource allows valid edits within monotonicity bounds @ repetition 35 of 100[39m[90m          [39m [90m1.26s[39m  
  [31;1m⨯[39;22m[90m [39m[90mFilament MeterReadingResource allows valid edits within monotonicity bounds @ repetition 36 of 100[39m[90m          [39m [90m1.23s[39m  
  [31;1m⨯[39;22m[90m [39m[90mFilament MeterReadingResource allows valid edits within monotonicity bounds @ repetition 37 of 100[39m[90m          [39m [90m1.69s[39m  
  [31;1m⨯[39;22m[90m [39m[90mFilament MeterReadingResource allows valid edits within monotonicity bounds @ repetition 38 of 100[39m[90m          [39m [90m1.26s[39m  
  [31;1m⨯[39;22m[90m [39m[90mFilament MeterReadingResource allows valid edits within monotonicity bounds @ repetition 39 of 100[39m[90m          [39m [90m1.34s[39m  
  [31;1m⨯[39;22m[90m [39m[90mFilament MeterReadingResource allows valid edits within monotonicity bounds @ repetition 40 of 100[39m[90m          [39m [90m1.71s[39m  
  [31;1m⨯[39;22m[90m [39m[90mFilament MeterReadingResource allows valid edits within monotonicity bounds @ repetition 41 of 100[39m[90m          [39m [90m1.36s[39m  
  [31;1m⨯[39;22m[90m [39m[90mFilament MeterReadingResource allows valid edits within monotonicity bounds @ repetition 42 of 100[39m[90m          [39m [90m1.37s[39m  
  [31;1m⨯[39;22m[90m [39m[90mFilament MeterReadingResource allows valid edits within monotonicity bounds @ repetition 43 of 100[39m[90m          [39m [90m1.90s[39m  
  [31;1m⨯[39;22m[90m [39m[90mFilament MeterReadingResource allows valid edits within monotonicity bounds @ repetition 44 of 100[39m[90m          [39m [90m1.58s[39m  
  [31;1m⨯[39;22m[90m [39m[90mFilament MeterReadingResource allows valid edits within monotonicity bounds @ repetition 45 of 100[39m[90m          [39m [90m1.57s[39m  
  [31;1m⨯[39;22m[90m [39m[90mFilament MeterReadingResource allows valid edits within monotonicity bounds @ repetition 46 of 100[39m[90m          [39m [90m1.71s[39m  
  [31;1m⨯[39;22m[90m [39m[90mFilament MeterReadingResource allows valid edits within monotonicity bounds @ repetition 47 of 100[39m[90m          [39m [90m1.37s[39m  
  [31;1m⨯[39;22m[90m [39m[90mFilament MeterReadingResource allows valid edits within monotonicity bounds @ repetition 48 of 100[39m[90m          [39m [90m1.39s[39m  
  [31;1m⨯[39;22m[90m [39m[90mFilament MeterReadingResource allows valid edits within monotonicity bounds @ repetition 49 of 100[39m[90m          [39m [90m1.87s[39m  
  [31;1m⨯[39;22m[90m [39m[90mFilament MeterReadingResource allows valid edits within monotonicity bounds @ repetition 50 of 100[39m[90m          [39m [90m1.38s[39m  
  [31;1m⨯[39;22m[90m [39m[90mFilament MeterReadingResource allows valid edits within monotonicity bounds @ repetition 51 of 100[39m[90m          [39m [90m1.51s[39m  
  [31;1m⨯[39;22m[90m [39m[90mFilament MeterReadingResource allows valid edits within monotonicity bounds @ repetition 52 of 100[39m[90m          [39m [90m1.92s[39m  
  [31;1m⨯[39;22m[90m [39m[90mFilament MeterReadingResource allows valid edits within monotonicity bounds @ repetition 53 of 100[39m[90m          [39m [90m1.29s[39m  
  [31;1m⨯[39;22m[90m [39m[90mFilament MeterReadingResource allows valid edits within monotonicity bounds @ repetition 54 of 100[39m[90m          [39m [90m1.51s[39m  
  [31;1m⨯[39;22m[90m [39m[90mFilament MeterReadingResource allows valid edits within monotonicity bounds @ repetition 55 of 100[39m[90m          [39m [90m1.78s[39m  
  [31;1m⨯[39;22m[90m [39m[90mFilament MeterReadingResource allows valid edits within monotonicity bounds @ repetition 56 of 100[39m[90m          [39m [90m1.58s[39m  
  [31;1m⨯[39;22m[90m [39m[90mFilament MeterReadingResource allows valid edits within monotonicity bounds @ repetition 57 of 100[39m[90m          [39m [90m1.35s[39m  
  [31;1m⨯[39;22m[90m [39m[90mFilament MeterReadingResource allows valid edits within monotonicity bounds @ repetition 58 of 100[39m[90m          [39m [90m1.76s[39m  
  [31;1m⨯[39;22m[90m [39m[90mFilament MeterReadingResource allows valid edits within monotonicity bounds @ repetition 59 of 100[39m[90m          [39m [90m1.50s[39m  
  [31;1m⨯[39;22m[90m [39m[90mFilament MeterReadingResource allows valid edits within monotonicity bounds @ repetition 60 of 100[39m[90m          [39m [90m1.30s[39m  
  [31;1m⨯[39;22m[90m [39m[90mFilament MeterReadingResource allows valid edits within monotonicity bounds @ repetition 61 of 100[39m[90m          [39m [90m1.63s[39m  
  [31;1m⨯[39;22m[90m [39m[90mFilament MeterReadingResource allows valid edits within monotonicity bounds @ repetition 62 of 100[39m[90m          [39m [90m1.25s[39m  
  [31;1m⨯[39;22m[90m [39m[90mFilament MeterReadingResource allows valid edits within monotonicity bounds @ repetition 63 of 100[39m[90m          [39m [90m1.33s[39m  
  [31;1m⨯[39;22m[90m [39m[90mFilament MeterReadingResource allows valid edits within monotonicity bounds @ repetition 64 of 100[39m[90m          [39m [90m1.65s[39m  
  [31;1m⨯[39;22m[90m [39m[90mFilament MeterReadingResource allows valid edits within monotonicity bounds @ repetition 65 of 100[39m[90m          [39m [90m1.21s[39m  
  [31;1m⨯[39;22m[90m [39m[90mFilament MeterReadingResource allows valid edits within monotonicity bounds @ repetition 66 of 100[39m[90m          [39m [90m1.34s[39m  
  [31;1m⨯[39;22m[90m [39m[90mFilament MeterReadingResource allows valid edits within monotonicity bounds @ repetition 67 of 100[39m[90m          [39m [90m1.55s[39m  
  [31;1m⨯[39;22m[90m [39m[90mFilament MeterReadingResource allows valid edits within monotonicity bounds @ repetition 68 of 100[39m[90m          [39m [90m1.11s[39m  
  [31;1m⨯[39;22m[90m [39m[90mFilament MeterReadingResource allows valid edits within monotonicity bounds @ repetition 69 of 100[39m[90m          [39m [90m1.12s[39m  
  [31;1m⨯[39;22m[90m [39m[90mFilament MeterReadingResource allows valid edits within monotonicity bounds @ repetition 70 of 100[39m[90m          [39m [90m1.44s[39m  
  [31;1m⨯[39;22m[90m [39m[90mFilament MeterReadingResource allows valid edits within monotonicity bounds @ repetition 71 of 100[39m[90m          [39m [90m1.02s[39m  
  [31;1m⨯[39;22m[90m [39m[90mFilament MeterReadingResource allows valid edits within monotonicity bounds @ repetition 72 of 100[39m[90m          [39m [90m1.04s[39m  
  [31;1m⨯[39;22m[90m [39m[90mFilament MeterReadingResource allows valid edits within monotonicity bounds @ repetition 73 of 100[39m[90m          [39m [90m1.29s[39m  
  [31;1m⨯[39;22m[90m [39m[90mFilament MeterReadingResource allows valid edits within monotonicity bounds @ repetition 74 of 100[39m[90m          [39m [90m0.99s[39m  
  [31;1m⨯[39;22m[90m [39m[90mFilament MeterReadingResource allows valid edits within monotonicity bounds @ repetition 75 of 100[39m[90m          [39m [90m1.00s[39m  
  [31;1m⨯[39;22m[90m [39m[90mFilament MeterReadingResource allows valid edits within monotonicity bounds @ repetition 76 of 100[39m[90m          [39m [90m1.12s[39m  
  [31;1m⨯[39;22m[90m [39m[90mFilament MeterReadingResource allows valid edits within monotonicity bounds @ repetition 77 of 100[39m[90m          [39m [90m0.96s[39m  
  [31;1m⨯[39;22m[90m [39m[90mFilament MeterReadingResource allows valid edits within monotonicity bounds @ repetition 78 of 100[39m[90m          [39m [90m0.93s[39m  
  [31;1m⨯[39;22m[90m [39m[90mFilament MeterReadingResource allows valid edits within monotonicity bounds @ repetition 79 of 100[39m[90m          [39m [90m1.14s[39m  
  [31;1m⨯[39;22m[90m [39m[90mFilament MeterReadingResource allows valid edits within monotonicity bounds @ repetition 80 of 100[39m[90m          [39m [90m0.99s[39m  
  [31;1m⨯[39;22m[90m [39m[90mFilament MeterReadingResource allows valid edits within monotonicity bounds @ repetition 81 of 100[39m[90m          [39m [90m0.95s[39m  
  [31;1m⨯[39;22m[90m [39m[90mFilament MeterReadingResource allows valid edits within monotonicity bounds @ repetition 82 of 100[39m[90m          [39m [90m1.22s[39m  
  [31;1m⨯[39;22m[90m [39m[90mFilament MeterReadingResource allows valid edits within monotonicity bounds @ repetition 83 of 100[39m[90m          [39m [90m1.00s[39m  
  [31;1m⨯[39;22m[90m [39m[90mFilament MeterReadingResource allows valid edits within monotonicity bounds @ repetition 84 of 100[39m[90m          [39m [90m0.90s[39m  
  [31;1m⨯[39;22m[90m [39m[90mFilament MeterReadingResource allows valid edits within monotonicity bounds @ repetition 85 of 100[39m[90m          [39m [90m1.18s[39m  
  [31;1m⨯[39;22m[90m [39m[90mFilament MeterReadingResource allows valid edits within monotonicity bounds @ repetition 86 of 100[39m[90m          [39m [90m0.94s[39m  
  [31;1m⨯[39;22m[90m [39m[90mFilament MeterReadingResource allows valid edits within monotonicity bounds @ repetition 87 of 100[39m[90m          [39m [90m0.97s[39m  
  [31;1m⨯[39;22m[90m [39m[90mFilament MeterReadingResource allows valid edits within monotonicity bounds @ repetition 88 of 100[39m[90m          [39m [90m1.12s[39m  
  [31;1m⨯[39;22m[90m [39m[90mFilament MeterReadingResource allows valid edits within monotonicity bounds @ repetition 89 of 100[39m[90m          [39m [90m0.94s[39m  
  [31;1m⨯[39;22m[90m [39m[90mFilament MeterReadingResource allows valid edits within monotonicity bounds @ repetition 90 of 100[39m[90m          [39m [90m1.04s[39m  
  [31;1m⨯[39;22m[90m [39m[90mFilament MeterReadingResource allows valid edits within monotonicity bounds @ repetition 91 of 100[39m[90m          [39m [90m1.20s[39m  
  [31;1m⨯[39;22m[90m [39m[90mFilament MeterReadingResource allows valid edits within monotonicity bounds @ repetition 92 of 100[39m[90m          [39m [90m0.92s[39m  
  [31;1m⨯[39;22m[90m [39m[90mFilament MeterReadingResource allows valid edits within monotonicity bounds @ repetition 93 of 100[39m[90m          [39m [90m0.82s[39m  
  [31;1m⨯[39;22m[90m [39m[90mFilament MeterReadingResource allows valid edits within monotonicity bounds @ repetition 94 of 100[39m[90m          [39m [90m1.19s[39m  
  [31;1m⨯[39;22m[90m [39m[90mFilament MeterReadingResource allows valid edits within monotonicity bounds @ repetition 95 of 100[39m[90m          [39m [90m0.89s[39m  
  [31;1m⨯[39;22m[90m [39m[90mFilament MeterReadingResource allows valid edits within monotonicity bounds @ repetition 96 of 100[39m[90m          [39m [90m0.91s[39m  
  [31;1m⨯[39;22m[90m [39m[90mFilament MeterReadingResource allows valid edits within monotonicity bounds @ repetition 97 of 100[39m[90m          [39m [90m1.31s[39m  
  [31;1m⨯[39;22m[90m [39m[90mFilament MeterReadingResource allows valid edits within monotonicity bounds @ repetition 98 of 100[39m[90m          [39m [90m0.99s[39m  
  [31;1m⨯[39;22m[90m [39m[90mFilament MeterReadingResource allows valid edits within monotonicity bounds @ repetition 99 of 100[39m[90m          [39m [90m1.02s[39m  
  [31;1m⨯[39;22m[90m [39m[90mFilament MeterReadingResource allows valid edits within monotonicity bounds @ repetition 100 of 100[39m[90m         [39m [90m1.28s[39m  

  [39;41;1m FAIL [39;49;22m[39m Tests\Feature\FilamentMeterReadingResourceTenantScopeTest[39m
  [32;1m✓[39;22m[90m [39m[90mMeterReadingResource automatically filters meter readings by authenticated user tenant_id @ repetition 1 of[39m[90m…[39m [90m1.59s[39m  
  [32;1m✓[39;22m[90m [39m[90mMeterReadingResource automatically filters meter readings by authenticated user tenant_id @ repetition 2 of[39m[90m…[39m [90m0.75s[39m  
  [32;1m✓[39;22m[90m [39m[90mMeterReadingResource automatically filters meter readings by authenticated user tenant_id @ repetition 3 of[39m[90m…[39m [90m0.91s[39m  
  [32;1m✓[39;22m[90m [39m[90mMeterReadingResource automatically filters meter readings by authenticated user tenant_id @ repetition 4 of[39m[90m…[39m [90m0.84s[39m  
  [32;1m✓[39;22m[90m [39m[90mMeterReadingResource automatically filters meter readings by authenticated user tenant_id @ repetition 5 of[39m[90m…[39m [90m0.92s[39m  
  [32;1m✓[39;22m[90m [39m[90mMeterReadingResource automatically filters meter readings by authenticated user tenant_id @ repetition 6 of[39m[90m…[39m [90m0.87s[39m  
  [32;1m✓[39;22m[90m [39m[90mMeterReadingResource automatically filters meter readings by authenticated user tenant_id @ repetition 7 of[39m[90m…[39m [90m0.83s[39m  
  [32;1m✓[39;22m[90m [39m[90mMeterReadingResource automatically filters meter readings by authenticated user tenant_id @ repetition 8 of[39m[90m…[39m [90m0.81s[39m  
  [32;1m✓[39;22m[90m [39m[90mMeterReadingResource automatically filters meter readings by authenticated user tenant_id @ repetition 9 of[39m[90m…[39m [90m0.84s[39m  
  [32;1m✓[39;22m[90m [39m[90mMeterReadingResource automatically filters meter readings by authenticated user tenant_id @ repetition 10 o[39m[90m…[39m [90m0.80s[39m  
  [32;1m✓[39;22m[90m [39m[90mMeterReadingResource automatically filters meter readings by authenticated user tenant_id @ repetition 11 o[39m[90m…[39m [90m0.87s[39m  
  [32;1m✓[39;22m[90m [39m[90mMeterReadingResource automatically filters meter readings by authenticated user tenant_id @ repetition 12 o[39m[90m…[39m [90m0.87s[39m  
  [32;1m✓[39;22m[90m [39m[90mMeterReadingResource automatically filters meter readings by authenticated user tenant_id @ repetition 13 o[39m[90m…[39m [90m0.78s[39m  
  [32;1m✓[39;22m[90m [39m[90mMeterReadingResource automatically filters meter readings by authenticated user tenant_id @ repetition 14 o[39m[90m…[39m [90m0.87s[39m  
  [32;1m✓[39;22m[90m [39m[90mMeterReadingResource automatically filters meter readings by authenticated user tenant_id @ repetition 15 o[39m[90m…[39m [90m0.89s[39m  
  [32;1m✓[39;22m[90m [39m[90mMeterReadingResource automatically filters meter readings by authenticated user tenant_id @ repetition 16 o[39m[90m…[39m [90m0.91s[39m  
  [32;1m✓[39;22m[90m [39m[90mMeterReadingResource automatically filters meter readings by authenticated user tenant_id @ repetition 17 o[39m[90m…[39m [90m0.86s[39m  
  [32;1m✓[39;22m[90m [39m[90mMeterReadingResource automatically filters meter readings by authenticated user tenant_id @ repetition 18 o[39m[90m…[39m [90m0.83s[39m  
  [32;1m✓[39;22m[90m [39m[90mMeterReadingResource automatically filters meter readings by authenticated user tenant_id @ repetition 19 o[39m[90m…[39m [90m0.88s[39m  
  [32;1m✓[39;22m[90m [39m[90mMeterReadingResource automatically filters meter readings by authenticated user tenant_id @ repetition 20 o[39m[90m…[39m [90m0.86s[39m  
  [32;1m✓[39;22m[90m [39m[90mMeterReadingResource automatically filters meter readings by authenticated user tenant_id @ repetition 21 o[39m[90m…[39m [90m0.98s[39m  
  [32;1m✓[39;22m[90m [39m[90mMeterReadingResource automatically filters meter readings by authenticated user tenant_id @ repetition 22 o[39m[90m…[39m [90m0.85s[39m  
  [32;1m✓[39;22m[90m [39m[90mMeterReadingResource automatically filters meter readings by authenticated user tenant_id @ repetition 23 o[39m[90m…[39m [90m0.87s[39m  
  [32;1m✓[39;22m[90m [39m[90mMeterReadingResource automatically filters meter readings by authenticated user tenant_id @ repetition 24 o[39m[90m…[39m [90m0.91s[39m  
  [32;1m✓[39;22m[90m [39m[90mMeterReadingResource automatically filters meter readings by authenticated user tenant_id @ repetition 25 o[39m[90m…[39m [90m0.94s[39m  
  [32;1m✓[39;22m[90m [39m[90mMeterReadingResource automatically filters meter readings by authenticated user tenant_id @ repetition 26 o[39m[90m…[39m [90m0.96s[39m  
  [32;1m✓[39;22m[90m [39m[90mMeterReadingResource automatically filters meter readings by authenticated user tenant_id @ repetition 27 o[39m[90m…[39m [90m0.89s[39m  
  [32;1m✓[39;22m[90m [39m[90mMeterReadingResource automatically filters meter readings by authenticated user tenant_id @ repetition 28 o[39m[90m…[39m [90m0.94s[39m  
  [32;1m✓[39;22m[90m [39m[90mMeterReadingResource automatically filters meter readings by authenticated user tenant_id @ repetition 29 o[39m[90m…[39m [90m0.86s[39m  
  [32;1m✓[39;22m[90m [39m[90mMeterReadingResource automatically filters meter readings by authenticated user tenant_id @ repetition 30 o[39m[90m…[39m [90m0.88s[39m  
  [32;1m✓[39;22m[90m [39m[90mMeterReadingResource automatically filters meter readings by authenticated user tenant_id @ repetition 31 o[39m[90m…[39m [90m0.79s[39m  
  [32;1m✓[39;22m[90m [39m[90mMeterReadingResource automatically filters meter readings by authenticated user tenant_id @ repetition 32 o[39m[90m…[39m [90m0.93s[39m  
  [32;1m✓[39;22m[90m [39m[90mMeterReadingResource automatically filters meter readings by authenticated user tenant_id @ repetition 33 o[39m[90m…[39m [90m0.83s[39m  
  [32;1m✓[39;22m[90m [39m[90mMeterReadingResource automatically filters meter readings by authenticated user tenant_id @ repetition 34 o[39m[90m…[39m [90m0.86s[39m  
  [32;1m✓[39;22m[90m [39m[90mMeterReadingResource automatically filters meter readings by authenticated user tenant_id @ repetition 35 o[39m[90m…[39m [90m0.92s[39m  
  [32;1m✓[39;22m[90m [39m[90mMeterReadingResource automatically filters meter readings by authenticated user tenant_id @ repetition 36 o[39m[90m…[39m [90m0.96s[39m  
  [32;1m✓[39;22m[90m [39m[90mMeterReadingResource automatically filters meter readings by authenticated user tenant_id @ repetition 37 o[39m[90m…[39m [90m0.92s[39m  
  [32;1m✓[39;22m[90m [39m[90mMeterReadingResource automatically filters meter readings by authenticated user tenant_id @ repetition 38 o[39m[90m…[39m [90m0.75s[39m  
  [32;1m✓[39;22m[90m [39m[90mMeterReadingResource automatically filters meter readings by authenticated user tenant_id @ repetition 39 o[39m[90m…[39m [90m0.80s[39m  
  [32;1m✓[39;22m[90m [39m[90mMeterReadingResource automatically filters meter readings by authenticated user tenant_id @ repetition 40 o[39m[90m…[39m [90m0.87s[39m  
  [32;1m✓[39;22m[90m [39m[90mMeterReadingResource automatically filters meter readings by authenticated user tenant_id @ repetition 41 o[39m[90m…[39m [90m0.93s[39m  
  [32;1m✓[39;22m[90m [39m[90mMeterReadingResource automatically filters meter readings by authenticated user tenant_id @ repetition 42 o[39m[90m…[39m [90m0.83s[39m  
  [32;1m✓[39;22m[90m [39m[90mMeterReadingResource automatically filters meter readings by authenticated user tenant_id @ repetition 43 o[39m[90m…[39m [90m0.78s[39m  
  [32;1m✓[39;22m[90m [39m[90mMeterReadingResource automatically filters meter readings by authenticated user tenant_id @ repetition 44 o[39m[90m…[39m [90m0.76s[39m  
  [32;1m✓[39;22m[90m [39m[90mMeterReadingResource automatically filters meter readings by authenticated user tenant_id @ repetition 45 o[39m[90m…[39m [90m0.90s[39m  
  [32;1m✓[39;22m[90m [39m[90mMeterReadingResource automatically filters meter readings by authenticated user tenant_id @ repetition 46 o[39m[90m…[39m [90m0.85s[39m  
  [32;1m✓[39;22m[90m [39m[90mMeterReadingResource automatically filters meter readings by authenticated user tenant_id @ repetition 47 o[39m[90m…[39m [90m0.86s[39m  
  [32;1m✓[39;22m[90m [39m[90mMeterReadingResource automatically filters meter readings by authenticated user tenant_id @ repetition 48 o[39m[90m…[39m [90m0.85s[39m  
  [32;1m✓[39;22m[90m [39m[90mMeterReadingResource automatically filters meter readings by authenticated user tenant_id @ repetition 49 o[39m[90m…[39m [90m0.87s[39m  
  [32;1m✓[39;22m[90m [39m[90mMeterReadingResource automatically filters meter readings by authenticated user tenant_id @ repetition 50 o[39m[90m…[39m [90m0.98s[39m  
  [32;1m✓[39;22m[90m [39m[90mMeterReadingResource automatically filters meter readings by authenticated user tenant_id @ repetition 51 o[39m[90m…[39m [90m0.97s[39m  
  [32;1m✓[39;22m[90m [39m[90mMeterReadingResource automatically filters meter readings by authenticated user tenant_id @ repetition 52 o[39m[90m…[39m [90m0.94s[39m  
  [32;1m✓[39;22m[90m [39m[90mMeterReadingResource automatically filters meter readings by authenticated user tenant_id @ repetition 53 o[39m[90m…[39m [90m1.06s[39m  
  [32;1m✓[39;22m[90m [39m[90mMeterReadingResource automatically filters meter readings by authenticated user tenant_id @ repetition 54 o[39m[90m…[39m [90m0.93s[39m  
  [32;1m✓[39;22m[90m [39m[90mMeterReadingResource automatically filters meter readings by authenticated user tenant_id @ repetition 55 o[39m[90m…[39m [90m0.92s[39m  
  [32;1m✓[39;22m[90m [39m[90mMeterReadingResource automatically filters meter readings by authenticated user tenant_id @ repetition 56 o[39m[90m…[39m [90m1.00s[39m  
  [32;1m✓[39;22m[90m [39m[90mMeterReadingResource automatically filters meter readings by authenticated user tenant_id @ repetition 57 o[39m[90m…[39m [90m1.03s[39m  
  [32;1m✓[39;22m[90m [39m[90mMeterReadingResource automatically filters meter readings by authenticated user tenant_id @ repetition 58 o[39m[90m…[39m [90m1.01s[39m  
  [32;1m✓[39;22m[90m [39m[90mMeterReadingResource automatically filters meter readings by authenticated user tenant_id @ repetition 59 o[39m[90m…[39m [90m0.90s[39m  
  [32;1m✓[39;22m[90m [39m[90mMeterReadingResource automatically filters meter readings by authenticated user tenant_id @ repetition 60 o[39m[90m…[39m [90m1.00s[39m  
  [32;1m✓[39;22m[90m [39m[90mMeterReadingResource automatically filters meter readings by authenticated user tenant_id @ repetition 61 o[39m[90m…[39m [90m1.01s[39m  
  [32;1m✓[39;22m[90m [39m[90mMeterReadingResource automatically filters meter readings by authenticated user tenant_id @ repetition 62 o[39m[90m…[39m [90m0.95s[39m  
  [32;1m✓[39;22m[90m [39m[90mMeterReadingResource automatically filters meter readings by authenticated user tenant_id @ repetition 63 o[39m[90m…[39m [90m0.95s[39m  
  [32;1m✓[39;22m[90m [39m[90mMeterReadingResource automatically filters meter readings by authenticated user tenant_id @ repetition 64 o[39m[90m…[39m [90m1.04s[39m  
  [32;1m✓[39;22m[90m [39m[90mMeterReadingResource automatically filters meter readings by authenticated user tenant_id @ repetition 65 o[39m[90m…[39m [90m1.09s[39m  
  [32;1m✓[39;22m[90m [39m[90mMeterReadingResource automatically filters meter readings by authenticated user tenant_id @ repetition 66 o[39m[90m…[39m [90m1.13s[39m  
  [32;1m✓[39;22m[90m [39m[90mMeterReadingResource automatically filters meter readings by authenticated user tenant_id @ repetition 67 o[39m[90m…[39m [90m1.13s[39m  
  [32;1m✓[39;22m[90m [39m[90mMeterReadingResource automatically filters meter readings by authenticated user tenant_id @ repetition 68 o[39m[90m…[39m [90m0.99s[39m  
  [32;1m✓[39;22m[90m [39m[90mMeterReadingResource automatically filters meter readings by authenticated user tenant_id @ repetition 69 o[39m[90m…[39m [90m0.94s[39m  
  [32;1m✓[39;22m[90m [39m[90mMeterReadingResource automatically filters meter readings by authenticated user tenant_id @ repetition 70 o[39m[90m…[39m [90m0.93s[39m  
  [32;1m✓[39;22m[90m [39m[90mMeterReadingResource automatically filters meter readings by authenticated user tenant_id @ repetition 71 o[39m[90m…[39m [90m1.09s[39m  
  [32;1m✓[39;22m[90m [39m[90mMeterReadingResource automatically filters meter readings by authenticated user tenant_id @ repetition 72 o[39m[90m…[39m [90m1.07s[39m  
  [32;1m✓[39;22m[90m [39m[90mMeterReadingResource automatically filters meter readings by authenticated user tenant_id @ repetition 73 o[39m[90m…[39m [90m0.98s[39m  
  [32;1m✓[39;22m[90m [39m[90mMeterReadingResource automatically filters meter readings by authenticated user tenant_id @ repetition 74 o[39m[90m…[39m [90m1.03s[39m  
  [32;1m✓[39;22m[90m [39m[90mMeterReadingResource automatically filters meter readings by authenticated user tenant_id @ repetition 75 o[39m[90m…[39m [90m1.01s[39m  
  [32;1m✓[39;22m[90m [39m[90mMeterReadingResource automatically filters meter readings by authenticated user tenant_id @ repetition 76 o[39m[90m…[39m [90m0.98s[39m  
  [32;1m✓[39;22m[90m [39m[90mMeterReadingResource automatically filters meter readings by authenticated user tenant_id @ repetition 77 o[39m[90m…[39m [90m1.18s[39m  
  [32;1m✓[39;22m[90m [39m[90mMeterReadingResource automatically filters meter readings by authenticated user tenant_id @ repetition 78 o[39m[90m…[39m [90m1.04s[39m  
  [32;1m✓[39;22m[90m [39m[90mMeterReadingResource automatically filters meter readings by authenticated user tenant_id @ repetition 79 o[39m[90m…[39m [90m1.01s[39m  
  [32;1m✓[39;22m[90m [39m[90mMeterReadingResource automatically filters meter readings by authenticated user tenant_id @ repetition 80 o[39m[90m…[39m [90m1.18s[39m  
  [32;1m✓[39;22m[90m [39m[90mMeterReadingResource automatically filters meter readings by authenticated user tenant_id @ repetition 81 o[39m[90m…[39m [90m1.03s[39m  
  [32;1m✓[39;22m[90m [39m[90mMeterReadingResource automatically filters meter readings by authenticated user tenant_id @ repetition 82 o[39m[90m…[39m [90m1.20s[39m  
  [32;1m✓[39;22m[90m [39m[90mMeterReadingResource automatically filters meter readings by authenticated user tenant_id @ repetition 83 o[39m[90m…[39m [90m1.01s[39m  
  [32;1m✓[39;22m[90m [39m[90mMeterReadingResource automatically filters meter readings by authenticated user tenant_id @ repetition 84 o[39m[90m…[39m [90m1.24s[39m  
  [32;1m✓[39;22m[90m [39m[90mMeterReadingResource automatically filters meter readings by authenticated user tenant_id @ repetition 85 o[39m[90m…[39m [90m1.20s[39m  
  [32;1m✓[39;22m[90m [39m[90mMeterReadingResource automatically filters meter readings by authenticated user tenant_id @ repetition 86 o[39m[90m…[39m [90m1.34s[39m  
  [32;1m✓[39;22m[90m [39m[90mMeterReadingResource automatically filters meter readings by authenticated user tenant_id @ repetition 87 o[39m[90m…[39m [90m1.18s[39m  
  [32;1m✓[39;22m[90m [39m[90mMeterReadingResource automatically filters meter readings by authenticated user tenant_id @ repetition 88 o[39m[90m…[39m [90m1.15s[39m  
  [32;1m✓[39;22m[90m [39m[90mMeterReadingResource automatically filters meter readings by authenticated user tenant_id @ repetition 89 o[39m[90m…[39m [90m1.38s[39m  
  [32;1m✓[39;22m[90m [39m[90mMeterReadingResource automatically filters meter readings by authenticated user tenant_id @ repetition 90 o[39m[90m…[39m [90m1.18s[39m  
  [32;1m✓[39;22m[90m [39m[90mMeterReadingResource automatically filters meter readings by authenticated user tenant_id @ repetition 91 o[39m[90m…[39m [90m1.18s[39m  
  [32;1m✓[39;22m[90m [39m[90mMeterReadingResource automatically filters meter readings by authenticated user tenant_id @ repetition 92 o[39m[90m…[39m [90m1.07s[39m  
  [32;1m✓[39;22m[90m [39m[90mMeterReadingResource automatically filters meter readings by authenticated user tenant_id @ repetition 93 o[39m[90m…[39m [90m1.24s[39m  
  [32;1m✓[39;22m[90m [39m[90mMeterReadingResource automatically filters meter readings by authenticated user tenant_id @ repetition 94 o[39m[90m…[39m [90m1.25s[39m  
  [32;1m✓[39;22m[90m [39m[90mMeterReadingResource automatically filters meter readings by authenticated user tenant_id @ repetition 95 o[39m[90m…[39m [90m1.34s[39m  
  [32;1m✓[39;22m[90m [39m[90mMeterReadingResource automatically filters meter readings by authenticated user tenant_id @ repetition 96 o[39m[90m…[39m [90m1.30s[39m  
  [32;1m✓[39;22m[90m [39m[90mMeterReadingResource automatically filters meter readings by authenticated user tenant_id @ repetition 97 o[39m[90m…[39m [90m1.31s[39m  
  [32;1m✓[39;22m[90m [39m[90mMeterReadingResource automatically filters meter readings by authenticated user tenant_id @ repetition 98 o[39m[90m…[39m [90m1.19s[39m  
  [32;1m✓[39;22m[90m [39m[90mMeterReadingResource automatically filters meter readings by authenticated user tenant_id @ repetition 99 o[39m[90m…[39m [90m1.25s[39m  
  [32;1m✓[39;22m[90m [39m[90mMeterReadingResource automatically filters meter readings by authenticated user tenant_id @ repetition 100[39m[90m… [39m [90m1.12s[39m  
  [32;1m✓[39;22m[90m [39m[90mMeterReadingResource edit page only allows editing meter readings within tenant scope @ repetition 1 of 100[39m[90m [39m [90m0.51s[39m  
  [32;1m✓[39;22m[90m [39m[90mMeterReadingResource edit page only allows editing meter readings within tenant scope @ repetition 2 of 100[39m[90m [39m [90m0.81s[39m  
  [32;1m✓[39;22m[90m [39m[90mMeterReadingResource edit page only allows editing meter readings within tenant scope @ repetition 3 of 100[39m[90m [39m [90m0.52s[39m  
  [32;1m✓[39;22m[90m [39m[90mMeterReadingResource edit page only allows editing meter readings within tenant scope @ repetition 4 of 100[39m[90m [39m [90m0.72s[39m  
  [32;1m✓[39;22m[90m [39m[90mMeterReadingResource edit page only allows editing meter readings within tenant scope @ repetition 5 of 100[39m[90m [39m [90m0.84s[39m  
  [32;1m✓[39;22m[90m [39m[90mMeterReadingResource edit page only allows editing meter readings within tenant scope @ repetition 6 of 100[39m[90m [39m [90m0.44s[39m  
  [32;1m✓[39;22m[90m [39m[90mMeterReadingResource edit page only allows editing meter readings within tenant scope @ repetition 7 of 100[39m[90m [39m [90m0.75s[39m  
  [32;1m✓[39;22m[90m [39m[90mMeterReadingResource edit page only allows editing meter readings within tenant scope @ repetition 8 of 100[39m[90m [39m [90m0.40s[39m  
  [32;1m✓[39;22m[90m [39m[90mMeterReadingResource edit page only allows editing meter readings within tenant scope @ repetition 9 of 100[39m[90m [39m [90m0.75s[39m  
  [32;1m✓[39;22m[90m [39m[90mMeterReadingResource edit page only allows editing meter readings within tenant scope @ repetition 10 of 10[39m[90m…[39m [90m0.43s[39m  
  [32;1m✓[39;22m[90m [39m[90mMeterReadingResource edit page only allows editing meter readings within tenant scope @ repetition 11 of 10[39m[90m…[39m [90m0.73s[39m  
  [32;1m✓[39;22m[90m [39m[90mMeterReadingResource edit page only allows editing meter readings within tenant scope @ repetition 12 of 10[39m[90m…[39m [90m0.39s[39m  
  [32;1m✓[39;22m[90m [39m[90mMeterReadingResource edit page only allows editing meter readings within tenant scope @ repetition 13 of 10[39m[90m…[39m [90m0.88s[39m  
  [32;1m✓[39;22m[90m [39m[90mMeterReadingResource edit page only allows editing meter readings within tenant scope @ repetition 14 of 10[39m[90m…[39m [90m0.77s[39m  
  [32;1m✓[39;22m[90m [39m[90mMeterReadingResource edit page only allows editing meter readings within tenant scope @ repetition 15 of 10[39m[90m…[39m [90m0.52s[39m  
  [32;1m✓[39;22m[90m [39m[90mMeterReadingResource edit page only allows editing meter readings within tenant scope @ repetition 16 of 10[39m[90m…[39m [90m0.85s[39m  
  [32;1m✓[39;22m[90m [39m[90mMeterReadingResource edit page only allows editing meter readings within tenant scope @ repetition 17 of 10[39m[90m…[39m [90m0.58s[39m  
  [32;1m✓[39;22m[90m [39m[90mMeterReadingResource edit page only allows editing meter readings within tenant scope @ repetition 18 of 10[39m[90m…[39m [90m0.89s[39m  
  [32;1m✓[39;22m[90m [39m[90mMeterReadingResource edit page only allows editing meter readings within tenant scope @ repetition 19 of 10[39m[90m…[39m [90m0.43s[39m  
  [32;1m✓[39;22m[90m [39m[90mMeterReadingResource edit page only allows editing meter readings within tenant scope @ repetition 20 of 10[39m[90m…[39m [90m0.84s[39m  
  [32;1m✓[39;22m[90m [39m[90mMeterReadingResource edit page only allows editing meter readings within tenant scope @ repetition 21 of 10[39m[90m…[39m [90m0.47s[39m  
  [32;1m✓[39;22m[90m [39m[90mMeterReadingResource edit page only allows editing meter readings within tenant scope @ repetition 22 of 10[39m[90m…[39m [90m0.96s[39m  
  [32;1m✓[39;22m[90m [39m[90mMeterReadingResource edit page only allows editing meter readings within tenant scope @ repetition 23 of 10[39m[90m…[39m [90m0.81s[39m  
  [32;1m✓[39;22m[90m [39m[90mMeterReadingResource edit page only allows editing meter readings within tenant scope @ repetition 24 of 10[39m[90m…[39m [90m0.47s[39m  
  [32;1m✓[39;22m[90m [39m[90mMeterReadingResource edit page only allows editing meter readings within tenant scope @ repetition 25 of 10[39m[90m…[39m [90m0.73s[39m  
  [32;1m✓[39;22m[90m [39m[90mMeterReadingResource edit page only allows editing meter readings within tenant scope @ repetition 26 of 10[39m[90m…[39m [90m0.39s[39m  
  [32;1m✓[39;22m[90m [39m[90mMeterReadingResource edit page only allows editing meter readings within tenant scope @ repetition 27 of 10[39m[90m…[39m [90m0.74s[39m  
  [32;1m✓[39;22m[90m [39m[90mMeterReadingResource edit page only allows editing meter readings within tenant scope @ repetition 28 of 10[39m[90m…[39m [90m0.43s[39m  
  [32;1m✓[39;22m[90m [39m[90mMeterReadingResource edit page only allows editing meter readings within tenant scope @ repetition 29 of 10[39m[90m…[39m [90m0.67s[39m  
  [32;1m✓[39;22m[90m [39m[90mMeterReadingResource edit page only allows editing meter readings within tenant scope @ repetition 30 of 10[39m[90m…[39m [90m0.43s[39m  
  [32;1m✓[39;22m[90m [39m[90mMeterReadingResource edit page only allows editing meter readings within tenant scope @ repetition 31 of 10[39m[90m…[39m [90m0.94s[39m  
  [32;1m✓[39;22m[90m [39m[90mMeterReadingResource edit page only allows editing meter readings within tenant scope @ repetition 32 of 10[39m[90m…[39m [90m0.68s[39m  
  [32;1m✓[39;22m[90m [39m[90mMeterReadingResource edit page only allows editing meter readings within tenant scope @ repetition 33 of 10[39m[90m…[39m [90m0.35s[39m  
  [32;1m✓[39;22m[90m [39m[90mMeterReadingResource edit page only allows editing meter readings within tenant scope @ repetition 34 of 10[39m[90m…[39m [90m0.72s[39m  
  [32;1m✓[39;22m[90m [39m[90mMeterReadingResource edit page only allows editing meter readings within tenant scope @ repetition 35 of 10[39m[90m…[39m [90m0.35s[39m  
  [32;1m✓[39;22m[90m [39m[90mMeterReadingResource edit page only allows editing meter readings within tenant scope @ repetition 36 of 10[39m[90m…[39m [90m0.60s[39m  
  [32;1m✓[39;22m[90m [39m[90mMeterReadingResource edit page only allows editing meter readings within tenant scope @ repetition 37 of 10[39m[90m…[39m [90m0.36s[39m  
  [32;1m✓[39;22m[90m [39m[90mMeterReadingResource edit page only allows editing meter readings within tenant scope @ repetition 38 of 10[39m[90m…[39m [90m0.69s[39m  
  [32;1m✓[39;22m[90m [39m[90mMeterReadingResource edit page only allows editing meter readings within tenant scope @ repetition 39 of 10[39m[90m…[39m [90m0.37s[39m  
  [32;1m✓[39;22m[90m [39m[90mMeterReadingResource edit page only allows editing meter readings within tenant scope @ repetition 40 of 10[39m[90m…[39m [90m0.75s[39m  
  [32;1m✓[39;22m[90m [39m[90mMeterReadingResource edit page only allows editing meter readings within tenant scope @ repetition 41 of 10[39m[90m…[39m [90m0.53s[39m  
  [32;1m✓[39;22m[90m [39m[90mMeterReadingResource edit page only allows editing meter readings within tenant scope @ repetition 42 of 10[39m[90m…[39m [90m0.31s[39m  
  [32;1m✓[39;22m[90m [39m[90mMeterReadingResource edit page only allows editing meter readings within tenant scope @ repetition 43 of 10[39m[90m…[39m [90m0.59s[39m  
  [32;1m✓[39;22m[90m [39m[90mMeterReadingResource edit page only allows editing meter readings within tenant scope @ repetition 44 of 10[39m[90m…[39m [90m0.34s[39m  
  [32;1m✓[39;22m[90m [39m[90mMeterReadingResource edit page only allows editing meter readings within tenant scope @ repetition 45 of 10[39m[90m…[39m [90m0.58s[39m  
  [32;1m✓[39;22m[90m [39m[90mMeterReadingResource edit page only allows editing meter readings within tenant scope @ repetition 46 of 10[39m[90m…[39m [90m0.31s[39m  
  [32;1m✓[39;22m[90m [39m[90mMeterReadingResource edit page only allows editing meter readings within tenant scope @ repetition 47 of 10[39m[90m…[39m [90m0.62s[39m  
  [32;1m✓[39;22m[90m [39m[90mMeterReadingResource edit page only allows editing meter readings within tenant scope @ repetition 48 of 10[39m[90m…[39m [90m0.35s[39m  
  [32;1m✓[39;22m[90m [39m[90mMeterReadingResource edit page only allows editing meter readings within tenant scope @ repetition 49 of 10[39m[90m…[39m [90m0.70s[39m  
  [32;1m✓[39;22m[90m [39m[90mMeterReadingResource edit page only allows editing meter readings within tenant scope @ repetition 50 of 10[39m[90m…[39m [90m0.56s[39m  
  [32;1m✓[39;22m[90m [39m[90mMeterReadingResource edit page only allows editing meter readings within tenant scope @ repetition 51 of 10[39m[90m…[39m [90m0.30s[39m  
  [32;1m✓[39;22m[90m [39m[90mMeterReadingResource edit page only allows editing meter readings within tenant scope @ repetition 52 of 10[39m[90m…[39m [90m0.53s[39m  
  [32;1m✓[39;22m[90m [39m[90mMeterReadingResource edit page only allows editing meter readings within tenant scope @ repetition 53 of 10[39m[90m…[39m [90m0.33s[39m  
  [32;1m✓[39;22m[90m [39m[90mMeterReadingResource edit page only allows editing meter readings within tenant scope @ repetition 54 of 10[39m[90m…[39m [90m0.57s[39m  
  [32;1m✓[39;22m[90m [39m[90mMeterReadingResource edit page only allows editing meter readings within tenant scope @ repetition 55 of 10[39m[90m…[39m [90m0.32s[39m  
  [32;1m✓[39;22m[90m [39m[90mMeterReadingResource edit page only allows editing meter readings within tenant scope @ repetition 56 of 10[39m[90m…[39m [90m0.66s[39m  
  [32;1m✓[39;22m[90m [39m[90mMeterReadingResource edit page only allows editing meter readings within tenant scope @ repetition 57 of 10[39m[90m…[39m [90m0.41s[39m  
  [32;1m✓[39;22m[90m [39m[90mMeterReadingResource edit page only allows editing meter readings within tenant scope @ repetition 58 of 10[39m[90m…[39m [90m0.67s[39m  
  [32;1m✓[39;22m[90m [39m[90mMeterReadingResource edit page only allows editing meter readings within tenant scope @ repetition 59 of 10[39m[90m…[39m [90m0.62s[39m  
  [32;1m✓[39;22m[90m [39m[90mMeterReadingResource edit page only allows editing meter readings within tenant scope @ repetition 60 of 10[39m[90m…[39m [90m0.31s[39m  
  [32;1m✓[39;22m[90m [39m[90mMeterReadingResource edit page only allows editing meter readings within tenant scope @ repetition 61 of 10[39m[90m…[39m [90m0.57s[39m  
  [32;1m✓[39;22m[90m [39m[90mMeterReadingResource edit page only allows editing meter readings within tenant scope @ repetition 62 of 10[39m[90m…[39m [90m0.29s[39m  
  [32;1m✓[39;22m[90m [39m[90mMeterReadingResource edit page only allows editing meter readings within tenant scope @ repetition 63 of 10[39m[90m…[39m [90m0.57s[39m  
  [32;1m✓[39;22m[90m [39m[90mMeterReadingResource edit page only allows editing meter readings within tenant scope @ repetition 64 of 10[39m[90m…[39m [90m0.32s[39m  
  [32;1m✓[39;22m[90m [39m[90mMeterReadingResource edit page only allows editing meter readings within tenant scope @ repetition 65 of 10[39m[90m…[39m [90m0.60s[39m  
  [32;1m✓[39;22m[90m [39m[90mMeterReadingResource edit page only allows editing meter readings within tenant scope @ repetition 66 of 10[39m[90m…[39m [90m0.25s[39m  
  [32;1m✓[39;22m[90m [39m[90mMeterReadingResource edit page only allows editing meter readings within tenant scope @ repetition 67 of 10[39m[90m…[39m [90m0.66s[39m  
  [32;1m✓[39;22m[90m [39m[90mMeterReadingResource edit page only allows editing meter readings within tenant scope @ repetition 68 of 10[39m[90m…[39m [90m0.52s[39m  
  [32;1m✓[39;22m[90m [39m[90mMeterReadingResource edit page only allows editing meter readings within tenant scope @ repetition 69 of 10[39m[90m…[39m [90m0.27s[39m  
  [32;1m✓[39;22m[90m [39m[90mMeterReadingResource edit page only allows editing meter readings within tenant scope @ repetition 70 of 10[39m[90m…[39m [90m0.57s[39m  
  [32;1m✓[39;22m[90m [39m[90mMeterReadingResource edit page only allows editing meter readings within tenant scope @ repetition 71 of 10[39m[90m…[39m [90m0.26s[39m  
  [32;1m✓[39;22m[90m [39m[90mMeterReadingResource edit page only allows editing meter readings within tenant scope @ repetition 72 of 10[39m[90m…[39m [90m0.50s[39m  
  [32;1m✓[39;22m[90m [39m[90mMeterReadingResource edit page only allows editing meter readings within tenant scope @ repetition 73 of 10[39m[90m…[39m [90m0.29s[39m  
  [32;1m✓[39;22m[90m [39m[90mMeterReadingResource edit page only allows editing meter readings within tenant scope @ repetition 74 of 10[39m[90m…[39m [90m0.51s[39m  
  [32;1m✓[39;22m[90m [39m[90mMeterReadingResource edit page only allows editing meter readings within tenant scope @ repetition 75 of 10[39m[90m…[39m [90m0.25s[39m  
  [32;1m✓[39;22m[90m [39m[90mMeterReadingResource edit page only allows editing meter readings within tenant scope @ repetition 76 of 10[39m[90m…[39m [90m0.59s[39m  
  [32;1m✓[39;22m[90m [39m[90mMeterReadingResource edit page only allows editing meter readings within tenant scope @ repetition 77 of 10[39m[90m…[39m [90m0.53s[39m  
  [32;1m✓[39;22m[90m [39m[90mMeterReadingResource edit page only allows editing meter readings within tenant scope @ repetition 78 of 10[39m[90m…[39m [90m0.27s[39m  
  [32;1m✓[39;22m[90m [39m[90mMeterReadingResource edit page only allows editing meter readings within tenant scope @ repetition 79 of 10[39m[90m…[39m [90m0.53s[39m  
  [32;1m✓[39;22m[90m [39m[90mMeterReadingResource edit page only allows editing meter readings within tenant scope @ repetition 80 of 10[39m[90m…[39m [90m0.30s[39m  
  [32;1m✓[39;22m[90m [39m[90mMeterReadingResource edit page only allows editing meter readings within tenant scope @ repetition 81 of 10[39m[90m…[39m [90m0.60s[39m  
  [32;1m✓[39;22m[90m [39m[90mMeterReadingResource edit page only allows editing meter readings within tenant scope @ repetition 82 of 10[39m[90m…[39m [90m0.27s[39m  
  [32;1m✓[39;22m[90m [39m[90mMeterReadingResource edit page only allows editing meter readings within tenant scope @ repetition 83 of 10[39m[90m…[39m [90m0.54s[39m  
  [32;1m✓[39;22m[90m [39m[90mMeterReadingResource edit page only allows editing meter readings within tenant scope @ repetition 84 of 10[39m[90m…[39m [90m0.25s[39m  
  [32;1m✓[39;22m[90m [39m[90mMeterReadingResource edit page only allows editing meter readings within tenant scope @ repetition 85 of 10[39m[90m…[39m [90m0.67s[39m  
  [32;1m✓[39;22m[90m [39m[90mMeterReadingResource edit page only allows editing meter readings within tenant scope @ repetition 86 of 10[39m[90m…[39m [90m0.56s[39m  
  [32;1m✓[39;22m[90m [39m[90mMeterReadingResource edit page only allows editing meter readings within tenant scope @ repetition 87 of 10[39m[90m…[39m [90m0.35s[39m  
  [32;1m✓[39;22m[90m [39m[90mMeterReadingResource edit page only allows editing meter readings within tenant scope @ repetition 88 of 10[39m[90m…[39m [90m0.57s[39m  
  [32;1m✓[39;22m[90m [39m[90mMeterReadingResource edit page only allows editing meter readings within tenant scope @ repetition 89 of 10[39m[90m…[39m [90m0.24s[39m  
  [32;1m✓[39;22m[90m [39m[90mMeterReadingResource edit page only allows editing meter readings within tenant scope @ repetition 90 of 10[39m[90m…[39m [90m0.53s[39m  
  [32;1m✓[39;22m[90m [39m[90mMeterReadingResource edit page only allows editing meter readings within tenant scope @ repetition 91 of 10[39m[90m…[39m [90m0.27s[39m  
  [32;1m✓[39;22m[90m [39m[90mMeterReadingResource edit page only allows editing meter readings within tenant scope @ repetition 92 of 10[39m[90m…[39m [90m0.45s[39m  
  [32;1m✓[39;22m[90m [39m[90mMeterReadingResource edit page only allows editing meter readings within tenant scope @ repetition 93 of 10[39m[90m…[39m [90m0.30s[39m  
  [32;1m✓[39;22m[90m [39m[90mMeterReadingResource edit page only allows editing meter readings within tenant scope @ repetition 94 of 10[39m[90m…[39m [90m0.58s[39m  
  [32;1m✓[39;22m[90m [39m[90mMeterReadingResource edit page only allows editing meter readings within tenant scope @ repetition 95 of 10[39m[90m…[39m [90m0.51s[39m  
  [32;1m✓[39;22m[90m [39m[90mMeterReadingResource edit page only allows editing meter readings within tenant scope @ repetition 96 of 10[39m[90m…[39m [90m0.27s[39m  
  [32;1m✓[39;22m[90m [39m[90mMeterReadingResource edit page only allows editing meter readings within tenant scope @ repetition 97 of 10[39m[90m…[39m [90m0.55s[39m  
  [32;1m✓[39;22m[90m [39m[90mMeterReadingResource edit page only allows editing meter readings within tenant scope @ repetition 98 of 10[39m[90m…[39m [90m0.26s[39m  
  [32;1m✓[39;22m[90m [39m[90mMeterReadingResource edit page only allows editing meter readings within tenant scope @ repetition 99 of 10[39m[90m…[39m [90m0.56s[39m  
  [32;1m✓[39;22m[90m [39m[90mMeterReadingResource edit page only allows editing meter readings within tenant scope @ repetition 100 of 1[39m[90m…[39m [90m0.30s[39m  
  [31;1m⨯[39;22m[90m [39m[90mMeterReadingResource create page automatically assigns tenant_id from authenticated user @ repetition 1 of[39m[90m… [39m [90m1.36s[39m  
  [31;1m⨯[39;22m[90m [39m[90mMeterReadingResource create page automatically assigns tenant_id from authenticated user @ repetition 2 of[39m[90m… [39m [90m1.10s[39m  
  [31;1m⨯[39;22m[90m [39m[90mMeterReadingResource create page automatically assigns tenant_id from authenticated user @ repetition 3 of[39m[90m… [39m [90m1.20s[39m  
  [31;1m⨯[39;22m[90m [39m[90mMeterReadingResource create page automatically assigns tenant_id from authenticated user @ repetition 4 of[39m[90m… [39m [90m1.24s[39m  
  [31;1m⨯[39;22m[90m [39m[90mMeterReadingResource create page automatically assigns tenant_id from authenticated user @ repetition 5 of[39m[90m… [39m [90m1.23s[39m  
  [31;1m⨯[39;22m[90m [39m[90mMeterReadingResource create page automatically assigns tenant_id from authenticated user @ repetition 6 of[39m[90m… [39m [90m1.07s[39m  
  [31;1m⨯[39;22m[90m [39m[90mMeterReadingResource create page automatically assigns tenant_id from authenticated user @ repetition 7 of[39m[90m… [39m [90m1.26s[39m  
  [31;1m⨯[39;22m[90m [39m[90mMeterReadingResource create page automatically assigns tenant_id from authenticated user @ repetition 8 of[39m[90m… [39m [90m1.18s[39m  
  [31;1m⨯[39;22m[90m [39m[90mMeterReadingResource create page automatically assigns tenant_id from authenticated user @ repetition 9 of[39m[90m… [39m [90m1.35s[39m  
  [31;1m⨯[39;22m[90m [39m[90mMeterReadingResource create page automatically assigns tenant_id from authenticated user @ repetition 10 of[39m[90m…[39m [90m1.08s[39m  
  [31;1m⨯[39;22m[90m [39m[90mMeterReadingResource create page automatically assigns tenant_id from authenticated user @ repetition 11 of[39m[90m…[39m [90m1.23s[39m  
  [31;1m⨯[39;22m[90m [39m[90mMeterReadingResource create page automatically assigns tenant_id from authenticated user @ repetition 12 of[39m[90m…[39m [90m1.23s[39m  
  [31;1m⨯[39;22m[90m [39m[90mMeterReadingResource create page automatically assigns tenant_id from authenticated user @ repetition 13 of[39m[90m…[39m [90m1.30s[39m  
  [31;1m⨯[39;22m[90m [39m[90mMeterReadingResource create page automatically assigns tenant_id from authenticated user @ repetition 14 of[39m[90m…[39m [90m1.12s[39m  
  [31;1m⨯[39;22m[90m [39m[90mMeterReadingResource create page automatically assigns tenant_id from authenticated user @ repetition 15 of[39m[90m…[39m [90m1.48s[39m  
  [31;1m⨯[39;22m[90m [39m[90mMeterReadingResource create page automatically assigns tenant_id from authenticated user @ repetition 16 of[39m[90m…[39m [90m1.32s[39m  
  [31;1m⨯[39;22m[90m [39m[90mMeterReadingResource create page automatically assigns tenant_id from authenticated user @ repetition 17 of[39m[90m…[39m [90m1.22s[39m  
  [31;1m⨯[39;22m[90m [39m[90mMeterReadingResource create page automatically assigns tenant_id from authenticated user @ repetition 18 of[39m[90m…[39m [90m0.99s[39m  
  [31;1m⨯[39;22m[90m [39m[90mMeterReadingResource create page automatically assigns tenant_id from authenticated user @ repetition 19 of[39m[90m…[39m [90m1.33s[39m  
  [31;1m⨯[39;22m[90m [39m[90mMeterReadingResource create page automatically assigns tenant_id from authenticated user @ repetition 20 of[39m[90m…[39m [90m1.33s[39m  
  [31;1m⨯[39;22m[90m [39m[90mMeterReadingResource create page automatically assigns tenant_id from authenticated user @ repetition 21 of[39m[90m…[39m [90m1.33s[39m  
  [31;1m⨯[39;22m[90m [39m[90mMeterReadingResource create page automatically assigns tenant_id from authenticated user @ repetition 22 of[39m[90m…[39m [90m1.24s[39m  
  [31;1m⨯[39;22m[90m [39m[90mMeterReadingResource create page automatically assigns tenant_id from authenticated user @ repetition 23 of[39m[90m…[39m [90m1.19s[39m  
  [31;1m⨯[39;22m[90m [39m[90mMeterReadingResource create page automatically assigns tenant_id from authenticated user @ repetition 24 of[39m[90m…[39m [90m1.17s[39m  
  [31;1m⨯[39;22m[90m [39m[90mMeterReadingResource create page automatically assigns tenant_id from authenticated user @ repetition 25 of[39m[90m…[39m [90m1.36s[39m  
  [31;1m⨯[39;22m[90m [39m[90mMeterReadingResource create page automatically assigns tenant_id from authenticated user @ repetition 26 of[39m[90m…[39m [90m1.20s[39m  
  [31;1m⨯[39;22m[90m [39m[90mMeterReadingResource create page automatically assigns tenant_id from authenticated user @ repetition 27 of[39m[90m…[39m [90m1.32s[39m  
  [31;1m⨯[39;22m[90m [39m[90mMeterReadingResource create page automatically assigns tenant_id from authenticated user @ repetition 28 of[39m[90m…[39m [90m1.36s[39m  
  [31;1m⨯[39;22m[90m [39m[90mMeterReadingResource create page automatically assigns tenant_id from authenticated user @ repetition 29 of[39m[90m…[39m [90m1.32s[39m  
  [31;1m⨯[39;22m[90m [39m[90mMeterReadingResource create page automatically assigns tenant_id from authenticated user @ repetition 30 of[39m[90m…[39m [90m1.04s[39m  
  [31;1m⨯[39;22m[90m [39m[90mMeterReadingResource create page automatically assigns tenant_id from authenticated user @ repetition 31 of[39m[90m…[39m [90m1.16s[39m  
  [31;1m⨯[39;22m[90m [39m[90mMeterReadingResource create page automatically assigns tenant_id from authenticated user @ repetition 32 of[39m[90m…[39m [90m1.18s[39m  
  [31;1m⨯[39;22m[90m [39m[90mMeterReadingResource create page automatically assigns tenant_id from authenticated user @ repetition 33 of[39m[90m…[39m [90m1.35s[39m  
  [31;1m⨯[39;22m[90m [39m[90mMeterReadingResource create page automatically assigns tenant_id from authenticated user @ repetition 34 of[39m[90m…[39m [90m1.17s[39m  
  [31;1m⨯[39;22m[90m [39m[90mMeterReadingResource create page automatically assigns tenant_id from authenticated user @ repetition 35 of[39m[90m…[39m [90m1.26s[39m  
  [31;1m⨯[39;22m[90m [39m[90mMeterReadingResource create page automatically assigns tenant_id from authenticated user @ repetition 36 of[39m[90m…[39m [90m1.23s[39m  
  [31;1m⨯[39;22m[90m [39m[90mMeterReadingResource create page automatically assigns tenant_id from authenticated user @ repetition 37 of[39m[90m…[39m [90m1.27s[39m  
  [31;1m⨯[39;22m[90m [39m[90mMeterReadingResource create page automatically assigns tenant_id from authenticated user @ repetition 38 of[39m[90m…[39m [90m1.12s[39m  
  [31;1m⨯[39;22m[90m [39m[90mMeterReadingResource create page automatically assigns tenant_id from authenticated user @ repetition 39 of[39m[90m…[39m [90m1.29s[39m  
  [31;1m⨯[39;22m[90m [39m[90mMeterReadingResource create page automatically assigns tenant_id from authenticated user @ repetition 40 of[39m[90m…[39m [90m1.37s[39m  
  [31;1m⨯[39;22m[90m [39m[90mMeterReadingResource create page automatically assigns tenant_id from authenticated user @ repetition 41 of[39m[90m…[39m [90m1.31s[39m  
  [31;1m⨯[39;22m[90m [39m[90mMeterReadingResource create page automatically assigns tenant_id from authenticated user @ repetition 42 of[39m[90m…[39m [90m1.28s[39m  
  [31;1m⨯[39;22m[90m [39m[90mMeterReadingResource create page automatically assigns tenant_id from authenticated user @ repetition 43 of[39m[90m…[39m [90m1.52s[39m  
  [31;1m⨯[39;22m[90m [39m[90mMeterReadingResource create page automatically assigns tenant_id from authenticated user @ repetition 44 of[39m[90m…[39m [90m1.42s[39m  
  [31;1m⨯[39;22m[90m [39m[90mMeterReadingResource create page automatically assigns tenant_id from authenticated user @ repetition 45 of[39m[90m…[39m [90m1.28s[39m  
  [31;1m⨯[39;22m[90m [39m[90mMeterReadingResource create page automatically assigns tenant_id from authenticated user @ repetition 46 of[39m[90m…[39m [90m1.15s[39m  
  [31;1m⨯[39;22m[90m [39m[90mMeterReadingResource create page automatically assigns tenant_id from authenticated user @ repetition 47 of[39m[90m…[39m [90m1.52s[39m  
  [31;1m⨯[39;22m[90m [39m[90mMeterReadingResource create page automatically assigns tenant_id from authenticated user @ repetition 48 of[39m[90m…[39m [90m1.37s[39m  
  [31;1m⨯[39;22m[90m [39m[90mMeterReadingResource create page automatically assigns tenant_id from authenticated user @ repetition 49 of[39m[90m…[39m [90m1.44s[39m  
  [31;1m⨯[39;22m[90m [39m[90mMeterReadingResource create page automatically assigns tenant_id from authenticated user @ repetition 50 of[39m[90m…[39m [90m1.30s[39m  
  [31;1m⨯[39;22m[90m [39m[90mMeterReadingResource create page automatically assigns tenant_id from authenticated user @ repetition 51 of[39m[90m…[39m [90m1.47s[39m  
  [31;1m⨯[39;22m[90m [39m[90mMeterReadingResource create page automatically assigns tenant_id from authenticated user @ repetition 52 of[39m[90m…[39m [90m1.40s[39m  
  [31;1m⨯[39;22m[90m [39m[90mMeterReadingResource create page automatically assigns tenant_id from authenticated user @ repetition 53 of[39m[90m…[39m [90m1.49s[39m  
  [31;1m⨯[39;22m[90m [39m[90mMeterReadingResource create page automatically assigns tenant_id from authenticated user @ repetition 54 of[39m[90m…[39m [90m1.30s[39m  
  [31;1m⨯[39;22m[90m [39m[90mMeterReadingResource create page automatically assigns tenant_id from authenticated user @ repetition 55 of[39m[90m…[39m [90m1.59s[39m  
  [31;1m⨯[39;22m[90m [39m[90mMeterReadingResource create page automatically assigns tenant_id from authenticated user @ repetition 56 of[39m[90m…[39m [90m1.33s[39m  
  [31;1m⨯[39;22m[90m [39m[90mMeterReadingResource create page automatically assigns tenant_id from authenticated user @ repetition 57 of[39m[90m…[39m [90m1.51s[39m  
  [31;1m⨯[39;22m[90m [39m[90mMeterReadingResource create page automatically assigns tenant_id from authenticated user @ repetition 58 of[39m[90m…[39m [90m1.39s[39m  
  [31;1m⨯[39;22m[90m [39m[90mMeterReadingResource create page automatically assigns tenant_id from authenticated user @ repetition 59 of[39m[90m…[39m [90m1.44s[39m  
  [31;1m⨯[39;22m[90m [39m[90mMeterReadingResource create page automatically assigns tenant_id from authenticated user @ repetition 60 of[39m[90m…[39m [90m1.45s[39m  
  [31;1m⨯[39;22m[90m [39m[90mMeterReadingResource create page automatically assigns tenant_id from authenticated user @ repetition 61 of[39m[90m…[39m [90m1.57s[39m  
  [31;1m⨯[39;22m[90m [39m[90mMeterReadingResource create page automatically assigns tenant_id from authenticated user @ repetition 62 of[39m[90m…[39m [90m1.30s[39m  
  [31;1m⨯[39;22m[90m [39m[90mMeterReadingResource create page automatically assigns tenant_id from authenticated user @ repetition 63 of[39m[90m…[39m [90m1.55s[39m  
  [31;1m⨯[39;22m[90m [39m[90mMeterReadingResource create page automatically assigns tenant_id from authenticated user @ repetition 64 of[39m[90m…[39m [90m1.53s[39m  
  [31;1m⨯[39;22m[90m [39m[90mMeterReadingResource create page automatically assigns tenant_id from authenticated user @ repetition 65 of[39m[90m…[39m [90m1.61s[39m  
  [31;1m⨯[39;22m[90m [39m[90mMeterReadingResource create page automatically assigns tenant_id from authenticated user @ repetition 66 of[39m[90m…[39m [90m1.31s[39m  
  [31;1m⨯[39;22m[90m [39m[90mMeterReadingResource create page automatically assigns tenant_id from authenticated user @ repetition 67 of[39m[90m…[39m [90m1.77s[39m  
  [31;1m⨯[39;22m[90m [39m[90mMeterReadingResource create page automatically assigns tenant_id from authenticated user @ repetition 68 of[39m[90m…[39m [90m1.64s[39m  
  [31;1m⨯[39;22m[90m [39m[90mMeterReadingResource create page automatically assigns tenant_id from authenticated user @ repetition 69 of[39m[90m…[39m [90m1.73s[39m  
  [31;1m⨯[39;22m[90m [39m[90mMeterReadingResource create page automatically assigns tenant_id from authenticated user @ repetition 70 of[39m[90m…[39m [90m1.57s[39m  
  [31;1m⨯[39;22m[90m [39m[90mMeterReadingResource create page automatically assigns tenant_id from authenticated user @ repetition 71 of[39m[90m…[39m [90m1.81s[39m  
  [31;1m⨯[39;22m[90m [39m[90mMeterReadingResource create page automatically assigns tenant_id from authenticated user @ repetition 72 of[39m[90m…[39m [90m1.69s[39m  
  [31;1m⨯[39;22m[90m [39m[90mMeterReadingResource create page automatically assigns tenant_id from authenticated user @ repetition 73 of[39m[90m…[39m [90m1.83s[39m  
  [31;1m⨯[39;22m[90m [39m[90mMeterReadingResource create page automatically assigns tenant_id from authenticated user @ repetition 74 of[39m[90m…[39m [90m1.53s[39m  
  [31;1m⨯[39;22m[90m [39m[90mMeterReadingResource create page automatically assigns tenant_id from authenticated user @ repetition 75 of[39m[90m…[39m [90m1.88s[39m  
  [31;1m⨯[39;22m[90m [39m[90mMeterReadingResource create page automatically assigns tenant_id from authenticated user @ repetition 76 of[39m[90m…[39m [90m1.87s[39m  
  [31;1m⨯[39;22m[90m [39m[90mMeterReadingResource create page automatically assigns tenant_id from authenticated user @ repetition 77 of[39m[90m…[39m [90m1.82s[39m  
  [31;1m⨯[39;22m[90m [39m[90mMeterReadingResource create page automatically assigns tenant_id from authenticated user @ repetition 78 of[39m[90m…[39m [90m1.66s[39m  
  [31;1m⨯[39;22m[90m [39m[90mMeterReadingResource create page automatically assigns tenant_id from authenticated user @ repetition 79 of[39m[90m…[39m [90m1.74s[39m  
  [31;1m⨯[39;22m[90m [39m[90mMeterReadingResource create page automatically assigns tenant_id from authenticated user @ repetition 80 of[39m[90m…[39m [90m1.68s[39m  
  [31;1m⨯[39;22m[90m [39m[90mMeterReadingResource create page automatically assigns tenant_id from authenticated user @ repetition 81 of[39m[90m…[39m [90m1.75s[39m  
  [31;1m⨯[39;22m[90m [39m[90mMeterReadingResource create page automatically assigns tenant_id from authenticated user @ repetition 82 of[39m[90m…[39m [90m1.61s[39m  
  [31;1m⨯[39;22m[90m [39m[90mMeterReadingResource create page automatically assigns tenant_id from authenticated user @ repetition 83 of[39m[90m…[39m [90m1.57s[39m  
  [31;1m⨯[39;22m[90m [39m[90mMeterReadingResource create page automatically assigns tenant_id from authenticated user @ repetition 84 of[39m[90m…[39m [90m1.62s[39m  
  [31;1m⨯[39;22m[90m [39m[90mMeterReadingResource create page automatically assigns tenant_id from authenticated user @ repetition 85 of[39m[90m…[39m [90m1.45s[39m  
  [31;1m⨯[39;22m[90m [39m[90mMeterReadingResource create page automatically assigns tenant_id from authenticated user @ repetition 86 of[39m[90m…[39m [90m1.27s[39m  
  [31;1m⨯[39;22m[90m [39m[90mMeterReadingResource create page automatically assigns tenant_id from authenticated user @ repetition 87 of[39m[90m…[39m [90m1.46s[39m  
  [31;1m⨯[39;22m[90m [39m[90mMeterReadingResource create page automatically assigns tenant_id from authenticated user @ repetition 88 of[39m[90m…[39m [90m1.47s[39m  
  [31;1m⨯[39;22m[90m [39m[90mMeterReadingResource create page automatically assigns tenant_id from authenticated user @ repetition 89 of[39m[90m…[39m [90m1.31s[39m  
  [31;1m⨯[39;22m[90m [39m[90mMeterReadingResource create page automatically assigns tenant_id from authenticated user @ repetition 90 of[39m[90m…[39m [90m1.18s[39m  
  [31;1m⨯[39;22m[90m [39m[90mMeterReadingResource create page automatically assigns tenant_id from authenticated user @ repetition 91 of[39m[90m…[39m [90m1.35s[39m  
  [31;1m⨯[39;22m[90m [39m[90mMeterReadingResource create page automatically assigns tenant_id from authenticated user @ repetition 92 of[39m[90m…[39m [90m1.27s[39m  
  [31;1m⨯[39;22m[90m [39m[90mMeterReadingResource create page automatically assigns tenant_id from authenticated user @ repetition 93 of[39m[90m…[39m [90m1.26s[39m  
  [31;1m⨯[39;22m[90m [39m[90mMeterReadingResource create page automatically assigns tenant_id from authenticated user @ repetition 94 of[39m[90m…[39m [90m1.22s[39m  
  [31;1m⨯[39;22m[90m [39m[90mMeterReadingResource create page automatically assigns tenant_id from authenticated user @ repetition 95 of[39m[90m…[39m [90m1.32s[39m  
  [31;1m⨯[39;22m[90m [39m[90mMeterReadingResource create page automatically assigns tenant_id from authenticated user @ repetition 96 of[39m[90m…[39m [90m1.28s[39m  
  [31;1m⨯[39;22m[90m [39m[90mMeterReadingResource create page automatically assigns tenant_id from authenticated user @ repetition 97 of[39m[90m…[39m [90m1.20s[39m  
  [31;1m⨯[39;22m[90m [39m[90mMeterReadingResource create page automatically assigns tenant_id from authenticated user @ repetition 98 of[39m[90m…[39m [90m1.04s[39m  
  [31;1m⨯[39;22m[90m [39m[90mMeterReadingResource create page automatically assigns tenant_id from authenticated user @ repetition 99 of[39m[90m…[39m [90m1.19s[39m  
  [31;1m⨯[39;22m[90m [39m[90mMeterReadingResource create page automatically assigns tenant_id from authenticated user @ repetition 100 o[39m[90m…[39m [90m1.26s[39m  

  [30;42;1m PASS [39;49;22m[39m Tests\Feature\FilamentMeterReadingValidationConsistencyPropertyTest[39m
  [32;1m✓[39;22m[90m [39m[90mFilament MeterReadingResource applies same validation rules as StoreMeterReadingRequest for create operatio[39m[90m…[39m [90m1.22s[39m  
  [32;1m✓[39;22m[90m [39m[90mFilament MeterReadingResource applies same validation rules as StoreMeterReadingRequest for create operatio[39m[90m…[39m [90m1.24s[39m  
  [32;1m✓[39;22m[90m [39m[90mFilament MeterReadingResource applies same validation rules as StoreMeterReadingRequest for create operatio[39m[90m…[39m [90m1.20s[39m  
  [32;1m✓[39;22m[90m [39m[90mFilament MeterReadingResource applies same validation rules as StoreMeterReadingRequest for create operatio[39m[90m…[39m [90m1.23s[39m  
  [32;1m✓[39;22m[90m [39m[90mFilament MeterReadingResource applies same validation rules as StoreMeterReadingRequest for create operatio[39m[90m…[39m [90m1.14s[39m  
  [32;1m✓[39;22m[90m [39m[90mFilament MeterReadingResource applies same validation rules as StoreMeterReadingRequest for create operatio[39m[90m…[39m [90m1.06s[39m  
  [32;1m✓[39;22m[90m [39m[90mFilament MeterReadingResource applies same validation rules as StoreMeterReadingRequest for create operatio[39m[90m…[39m [90m1.20s[39m  
  [32;1m✓[39;22m[90m [39m[90mFilament MeterReadingResource applies same validation rules as StoreMeterReadingRequest for create operatio[39m[90m…[39m [90m1.25s[39m  
  [32;1m✓[39;22m[90m [39m[90mFilament MeterReadingResource applies same validation rules as StoreMeterReadingRequest for create operatio[39m[90m…[39m [90m1.32s[39m  
  [32;1m✓[39;22m[90m [39m[90mFilament MeterReadingResource applies same validation rules as StoreMeterReadingRequest for create operatio[39m[90m…[39m [90m1.26s[39m  
  [32;1m✓[39;22m[90m [39m[90mFilament MeterReadingResource applies same validation rules as StoreMeterReadingRequest for create operatio[39m[90m…[39m [90m1.23s[39m  
  [32;1m✓[39;22m[90m [39m[90mFilament MeterReadingResource applies same validation rules as StoreMeterReadingRequest for create operatio[39m[90m…[39m [90m1.35s[39m  
  [32;1m✓[39;22m[90m [39m[90mFilament MeterReadingResource applies same validation rules as StoreMeterReadingRequest for create operatio[39m[90m…[39m [90m1.32s[39m  
  [32;1m✓[39;22m[90m [39m[90mFilament MeterReadingResource applies same validation rules as StoreMeterReadingRequest for create operatio[39m[90m…[39m [90m1.28s[39m  
  [32;1m✓[39;22m[90m [39m[90mFilament MeterReadingResource applies same validation rules as StoreMeterReadingRequest for create operatio[39m[90m…[39m [90m1.32s[39m  
  [32;1m✓[39;22m[90m [39m[90mFilament MeterReadingResource applies same validation rules as StoreMeterReadingRequest for create operatio[39m[90m…[39m [90m1.10s[39m  
  [32;1m✓[39;22m[90m [39m[90mFilament MeterReadingResource applies same validation rules as StoreMeterReadingRequest for create operatio[39m[90m…[39m [90m1.20s[39m  
  [32;1m✓[39;22m[90m [39m[90mFilament MeterReadingResource applies same validation rules as StoreMeterReadingRequest for create operatio[39m[90m…[39m [90m1.33s[39m  
  [32;1m✓[39;22m[90m [39m[90mFilament MeterReadingResource applies same validation rules as StoreMeterReadingRequest for create operatio[39m[90m…[39m [90m1.32s[39m  
  [32;1m✓[39;22m[90m [39m[90mFilament MeterReadingResource applies same validation rules as StoreMeterReadingRequest for create operatio[39m[90m…[39m [90m1.15s[39m  
  [32;1m✓[39;22m[90m [39m[90mFilament MeterReadingResource applies same validation rules as StoreMeterReadingRequest for create operatio[39m[90m…[39m [90m1.13s[39m  
  [32;1m✓[39;22m[90m [39m[90mFilament MeterReadingResource applies same validation rules as StoreMeterReadingRequest for create operatio[39m[90m…[39m [90m1.31s[39m  
  [32;1m✓[39;22m[90m [39m[90mFilament MeterReadingResource applies same validation rules as StoreMeterReadingRequest for create operatio[39m[90m…[39m [90m1.19s[39m  
  [32;1m✓[39;22m[90m [39m[90mFilament MeterReadingResource applies same validation rules as StoreMeterReadingRequest for create operatio[39m[90m…[39m [90m1.33s[39m  
  [32;1m✓[39;22m[90m [39m[90mFilament MeterReadingResource applies same validation rules as StoreMeterReadingRequest for create operatio[39m[90m…[39m [90m1.37s[39m  
  [32;1m✓[39;22m[90m [39m[90mFilament MeterReadingResource applies same validation rules as StoreMeterReadingRequest for create operatio[39m[90m…[39m [90m1.06s[39m  
  [32;1m✓[39;22m[90m [39m[90mFilament MeterReadingResource applies same validation rules as StoreMeterReadingRequest for create operatio[39m[90m…[39m [90m1.24s[39m  
  [32;1m✓[39;22m[90m [39m[90mFilament MeterReadingResource applies same validation rules as StoreMeterReadingRequest for create operatio[39m[90m…[39m [90m1.32s[39m  
  [32;1m✓[39;22m[90m [39m[90mFilament MeterReadingResource applies same validation rules as StoreMeterReadingRequest for create operatio[39m[90m…[39m [90m1.26s[39m  
  [32;1m✓[39;22m[90m [39m[90mFilament MeterReadingResource applies same validation rules as StoreMeterReadingRequest for create operatio[39m[90m…[39m [90m1.24s[39m  
  [32;1m✓[39;22m[90m [39m[90mFilament MeterReadingResource applies same validation rules as StoreMeterReadingRequest for create operatio[39m[90m…[39m [90m1.13s[39m  
  [32;1m✓[39;22m[90m [39m[90mFilament MeterReadingResource applies same validation rules as StoreMeterReadingRequest for create operatio[39m[90m…[39m [90m1.26s[39m  
  [32;1m✓[39;22m[90m [39m[90mFilament MeterReadingResource applies same validation rules as StoreMeterReadingRequest for create operatio[39m[90m…[39m [90m1.21s[39m  
  [32;1m✓[39;22m[90m [39m[90mFilament MeterReadingResource applies same validation rules as StoreMeterReadingRequest for create operatio[39m[90m…[39m [90m1.14s[39m  
  [32;1m✓[39;22m[90m [39m[90mFilament MeterReadingResource applies same validation rules as StoreMeterReadingRequest for create operatio[39m[90m…[39m [90m1.22s[39m  
  [32;1m✓[39;22m[90m [39m[90mFilament MeterReadingResource applies same validation rules as StoreMeterReadingRequest for create operatio[39m[90m…[39m [90m1.15s[39m  
  [32;1m✓[39;22m[90m [39m[90mFilament MeterReadingResource applies same validation rules as StoreMeterReadingRequest for create operatio[39m[90m…[39m [90m1.25s[39m  
  [32;1m✓[39;22m[90m [39m[90mFilament MeterReadingResource applies same validation rules as StoreMeterReadingRequest for create operatio[39m[90m…[39m [90m1.19s[39m  
  [32;1m✓[39;22m[90m [39m[90mFilament MeterReadingResource applies same validation rules as StoreMeterReadingRequest for create operatio[39m[90m…[39m [90m1.25s[39m  
  [32;1m✓[39;22m[90m [39m[90mFilament MeterReadingResource applies same validation rules as StoreMeterReadingRequest for create operatio[39m[90m…[39m [90m1.21s[39m  
  [32;1m✓[39;22m[90m [39m[90mFilament MeterReadingResource applies same validation rules as StoreMeterReadingRequest for create operatio[39m[90m…[39m [90m1.15s[39m  
  [32;1m✓[39;22m[90m [39m[90mFilament MeterReadingResource applies same validation rules as StoreMeterReadingRequest for create operatio[39m[90m…[39m [90m1.47s[39m  
  [32;1m✓[39;22m[90m [39m[90mFilament MeterReadingResource applies same validation rules as StoreMeterReadingRequest for create operatio[39m[90m…[39m [90m1.35s[39m  
  [32;1m✓[39;22m[90m [39m[90mFilament MeterReadingResource applies same validation rules as StoreMeterReadingRequest for create operatio[39m[90m…[39m [90m1.50s[39m  
  [32;1m✓[39;22m[90m [39m[90mFilament MeterReadingResource applies same validation rules as StoreMeterReadingRequest for create operatio[39m[90m…[39m [90m1.39s[39m  
  [32;1m✓[39;22m[90m [39m[90mFilament MeterReadingResource applies same validation rules as StoreMeterReadingRequest for create operatio[39m[90m…[39m [90m1.11s[39m  
  [32;1m✓[39;22m[90m [39m[90mFilament MeterReadingResource applies same validation rules as StoreMeterReadingRequest for create operatio[39m[90m…[39m [90m1.32s[39m  
  [32;1m✓[39;22m[90m [39m[90mFilament MeterReadingResource applies same validation rules as StoreMeterReadingRequest for create operatio[39m[90m…[39m [90m1.42s[39m  
  [32;1m✓[39;22m[90m [39m[90mFilament MeterReadingResource applies same validation rules as StoreMeterReadingRequest for create operatio[39m[90m…[39m [90m1.44s[39m  
  [32;1m✓[39;22m[90m [39m[90mFilament MeterReadingResource applies same validation rules as StoreMeterReadingRequest for create operatio[39m[90m…[39m [90m1.37s[39m  
  [32;1m✓[39;22m[90m [39m[90mFilament MeterReadingResource applies same validation rules as StoreMeterReadingRequest for create operatio[39m[90m…[39m [90m1.27s[39m  
  [32;1m✓[39;22m[90m [39m[90mFilament MeterReadingResource applies same validation rules as StoreMeterReadingRequest for create operatio[39m[90m…[39m [90m1.51s[39m  
  [32;1m✓[39;22m[90m [39m[90mFilament MeterReadingResource applies same validation rules as StoreMeterReadingRequest for create operatio[39m[90m…[39m [90m1.45s[39m  
  [32;1m✓[39;22m[90m [39m[90mFilament MeterReadingResource applies same validation rules as StoreMeterReadingRequest for create operatio[39m[90m…[39m [90m1.64s[39m  
  [32;1m✓[39;22m[90m [39m[90mFilament MeterReadingResource applies same validation rules as StoreMeterReadingRequest for create operatio[39m[90m…[39m [90m1.38s[39m  
  [32;1m✓[39;22m[90m [39m[90mFilament MeterReadingResource applies same validation rules as StoreMeterReadingRequest for create operatio[39m[90m…[39m [90m1.29s[39m  
  [32;1m✓[39;22m[90m [39m[90mFilament MeterReadingResource applies same validation rules as StoreMeterReadingRequest for create operatio[39m[90m…[39m [90m1.51s[39m  
  [32;1m✓[39;22m[90m [39m[90mFilament MeterReadingResource applies same validation rules as StoreMeterReadingRequest for create operatio[39m[90m…[39m [90m1.38s[39m  
  [32;1m✓[39;22m[90m [39m[90mFilament MeterReadingResource applies same validation rules as StoreMeterReadingRequest for create operatio[39m[90m…[39m [90m1.43s[39m  
  [32;1m✓[39;22m[90m [39m[90mFilament MeterReadingResource applies same validation rules as StoreMeterReadingRequest for create operatio[39m[90m…[39m [90m1.53s[39m  
  [32;1m✓[39;22m[90m [39m[90mFilament MeterReadingResource applies same validation rules as StoreMeterReadingRequest for create operatio[39m[90m…[39m [90m1.32s[39m  
  [32;1m✓[39;22m[90m [39m[90mFilament MeterReadingResource applies same validation rules as StoreMeterReadingRequest for create operatio[39m[90m…[39m [90m1.49s[39m  
  [32;1m✓[39;22m[90m [39m[90mFilament MeterReadingResource applies same validation rules as StoreMeterReadingRequest for create operatio[39m[90m…[39m [90m1.65s[39m  
  [32;1m✓[39;22m[90m [39m[90mFilament MeterReadingResource applies same validation rules as StoreMeterReadingRequest for create operatio[39m[90m…[39m [90m1.54s[39m  
  [32;1m✓[39;22m[90m [39m[90mFilament MeterReadingResource applies same validation rules as StoreMeterReadingRequest for create operatio[39m[90m…[39m [90m1.57s[39m  
  [32;1m✓[39;22m[90m [39m[90mFilament MeterReadingResource applies same validation rules as StoreMeterReadingRequest for create operatio[39m[90m…[39m [90m1.46s[39m  
  [32;1m✓[39;22m[90m [39m[90mFilament MeterReadingResource applies same validation rules as StoreMeterReadingRequest for create operatio[39m[90m…[39m [90m1.90s[39m  
  [32;1m✓[39;22m[90m [39m[90mFilament MeterReadingResource applies same validation rules as StoreMeterReadingRequest for create operatio[39m[90m…[39m [90m1.64s[39m  
  [32;1m✓[39;22m[90m [39m[90mFilament MeterReadingResource applies same validation rules as StoreMeterReadingRequest for create operatio[39m[90m…[39m [90m1.85s[39m  
  [32;1m✓[39;22m[90m [39m[90mFilament MeterReadingResource applies same validation rules as StoreMeterReadingRequest for create operatio[39m[90m…[39m [90m1.85s[39m  
  [32;1m✓[39;22m[90m [39m[90mFilament MeterReadingResource applies same validation rules as StoreMeterReadingRequest for create operatio[39m[90m…[39m [90m1.76s[39m  
  [32;1m✓[39;22m[90m [39m[90mFilament MeterReadingResource applies same validation rules as StoreMeterReadingRequest for create operatio[39m[90m…[39m [90m2.16s[39m  
  [32;1m✓[39;22m[90m [39m[90mFilament MeterReadingResource applies same validation rules as StoreMeterReadingRequest for create operatio[39m[90m…[39m [90m1.71s[39m  
  [32;1m✓[39;22m[90m [39m[90mFilament MeterReadingResource applies same validation rules as StoreMeterReadingRequest for create operatio[39m[90m…[39m [90m2.00s[39m  
  [32;1m✓[39;22m[90m [39m[90mFilament MeterReadingResource applies same validation rules as StoreMeterReadingRequest for create operatio[39m[90m…[39m [90m1.85s[39m  
  [32;1m✓[39;22m[90m [39m[90mFilament MeterReadingResource applies same validation rules as StoreMeterReadingRequest for create operatio[39m[90m…[39m [90m1.81s[39m  
  [32;1m✓[39;22m[90m [39m[90mFilament MeterReadingResource applies same validation rules as StoreMeterReadingRequest for create operatio[39m[90m…[39m [90m2.07s[39m  
  [32;1m✓[39;22m[90m [39m[90mFilament MeterReadingResource applies same validation rules as StoreMeterReadingRequest for create operatio[39m[90m…[39m [90m1.76s[39m  
  [32;1m✓[39;22m[90m [39m[90mFilament MeterReadingResource applies same validation rules as StoreMeterReadingRequest for create operatio[39m[90m…[39m [90m1.79s[39m  
  [32;1m✓[39;22m[90m [39m[90mFilament MeterReadingResource applies same validation rules as StoreMeterReadingRequest for create operatio[39m[90m…[39m [90m1.83s[39m  
  [32;1m✓[39;22m[90m [39m[90mFilament MeterReadingResource applies same validation rules as StoreMeterReadingRequest for create operatio[39m[90m…[39m [90m1.75s[39m  
  [32;1m✓[39;22m[90m [39m[90mFilament MeterReadingResource applies same validation rules as StoreMeterReadingRequest for create operatio[39m[90m…[39m [90m1.73s[39m  
  [32;1m✓[39;22m[90m [39m[90mFilament MeterReadingResource applies same validation rules as StoreMeterReadingRequest for create operatio[39m[90m…[39m [90m1.76s[39m  
  [32;1m✓[39;22m[90m [39m[90mFilament MeterReadingResource applies same validation rules as StoreMeterReadingRequest for create operatio[39m[90m…[39m [90m1.70s[39m  
  [32;1m✓[39;22m[90m [39m[90mFilament MeterReadingResource applies same validation rules as StoreMeterReadingRequest for create operatio[39m[90m…[39m [90m1.74s[39m  
  [32;1m✓[39;22m[90m [39m[90mFilament MeterReadingResource applies same validation rules as StoreMeterReadingRequest for create operatio[39m[90m…[39m [90m1.69s[39m  
  [32;1m✓[39;22m[90m [39m[90mFilament MeterReadingResource applies same validation rules as StoreMeterReadingRequest for create operatio[39m[90m…[39m [90m1.79s[39m  
  [32;1m✓[39;22m[90m [39m[90mFilament MeterReadingResource applies same validation rules as StoreMeterReadingRequest for create operatio[39m[90m…[39m [90m1.82s[39m  
  [32;1m✓[39;22m[90m [39m[90mFilament MeterReadingResource applies same validation rules as StoreMeterReadingRequest for create operatio[39m[90m…[39m [90m1.74s[39m  
  [32;1m✓[39;22m[90m [39m[90mFilament MeterReadingResource applies same validation rules as StoreMeterReadingRequest for create operatio[39m[90m…[39m [90m1.61s[39m  
  [32;1m✓[39;22m[90m [39m[90mFilament MeterReadingResource applies same validation rules as StoreMeterReadingRequest for create operatio[39m[90m…[39m [90m1.36s[39m  
  [32;1m✓[39;22m[90m [39m[90mFilament MeterReadingResource applies same validation rules as StoreMeterReadingRequest for create operatio[39m[90m…[39m [90m1.45s[39m  
  [32;1m✓[39;22m[90m [39m[90mFilament MeterReadingResource applies same validation rules as StoreMeterReadingRequest for create operatio[39m[90m…[39m [90m1.35s[39m  
  [32;1m✓[39;22m[90m [39m[90mFilament MeterReadingResource applies same validation rules as StoreMeterReadingRequest for create operatio[39m[90m…[39m [90m1.58s[39m  
  [32;1m✓[39;22m[90m [39m[90mFilament MeterReadingResource applies same validation rules as StoreMeterReadingRequest for create operatio[39m[90m…[39m [90m1.46s[39m  
  [32;1m✓[39;22m[90m [39m[90mFilament MeterReadingResource applies same validation rules as StoreMeterReadingRequest for create operatio[39m[90m…[39m [90m1.24s[39m  
  [32;1m✓[39;22m[90m [39m[90mFilament MeterReadingResource applies same validation rules as StoreMeterReadingRequest for create operatio[39m[90m…[39m [90m1.41s[39m  
  [32;1m✓[39;22m[90m [39m[90mFilament MeterReadingResource applies same validation rules as StoreMeterReadingRequest for create operatio[39m[90m…[39m [90m1.48s[39m  
  [32;1m✓[39;22m[90m [39m[90mFilament MeterReadingResource applies same validation rules as StoreMeterReadingRequest for create operatio[39m[90m…[39m [90m1.22s[39m  
  [32;1m✓[39;22m[90m [39m[90mFilament MeterReadingResource applies same validation rules as StoreMeterReadingRequest for create operatio[39m[90m…[39m [90m1.31s[39m  
  [32;1m✓[39;22m[90m [39m[90mFilament MeterReadingResource validation rules match StoreMeterReadingRequest @ repetition 1 of 100[39m[90m         [39m [90m0.24s[39m  
  [32;1m✓[39;22m[90m [39m[90mFilament MeterReadingResource validation rules match StoreMeterReadingRequest @ repetition 2 of 100[39m[90m         [39m [90m0.59s[39m  
  [32;1m✓[39;22m[90m [39m[90mFilament MeterReadingResource validation rules match StoreMeterReadingRequest @ repetition 3 of 100[39m[90m         [39m [90m0.23s[39m  
  [32;1m✓[39;22m[90m [39m[90mFilament MeterReadingResource validation rules match StoreMeterReadingRequest @ repetition 4 of 100[39m[90m         [39m [90m0.21s[39m  
  [32;1m✓[39;22m[90m [39m[90mFilament MeterReadingResource validation rules match StoreMeterReadingRequest @ repetition 5 of 100[39m[90m         [39m [90m0.22s[39m  
  [32;1m✓[39;22m[90m [39m[90mFilament MeterReadingResource validation rules match StoreMeterReadingRequest @ repetition 6 of 100[39m[90m         [39m [90m0.24s[39m  
  [32;1m✓[39;22m[90m [39m[90mFilament MeterReadingResource validation rules match StoreMeterReadingRequest @ repetition 7 of 100[39m[90m         [39m [90m0.23s[39m  
  [32;1m✓[39;22m[90m [39m[90mFilament MeterReadingResource validation rules match StoreMeterReadingRequest @ repetition 8 of 100[39m[90m         [39m [90m0.21s[39m  
  [32;1m✓[39;22m[90m [39m[90mFilament MeterReadingResource validation rules match StoreMeterReadingRequest @ repetition 9 of 100[39m[90m         [39m [90m0.48s[39m  
  [32;1m✓[39;22m[90m [39m[90mFilament MeterReadingResource validation rules match StoreMeterReadingRequest @ repetition 10 of 100[39m[90m        [39m [90m0.23s[39m  
  [32;1m✓[39;22m[90m [39m[90mFilament MeterReadingResource validation rules match StoreMeterReadingRequest @ repetition 11 of 100[39m[90m        [39m [90m0.15s[39m  
  [32;1m✓[39;22m[90m [39m[90mFilament MeterReadingResource validation rules match StoreMeterReadingRequest @ repetition 12 of 100[39m[90m        [39m [90m0.24s[39m  
  [32;1m✓[39;22m[90m [39m[90mFilament MeterReadingResource validation rules match StoreMeterReadingRequest @ repetition 13 of 100[39m[90m        [39m [90m0.21s[39m  
  [32;1m✓[39;22m[90m [39m[90mFilament MeterReadingResource validation rules match StoreMeterReadingRequest @ repetition 14 of 100[39m[90m        [39m [90m0.18s[39m  
  [32;1m✓[39;22m[90m [39m[90mFilament MeterReadingResource validation rules match StoreMeterReadingRequest @ repetition 15 of 100[39m[90m        [39m [90m0.18s[39m  
  [32;1m✓[39;22m[90m [39m[90mFilament MeterReadingResource validation rules match StoreMeterReadingRequest @ repetition 16 of 100[39m[90m        [39m [90m0.49s[39m  
  [32;1m✓[39;22m[90m [39m[90mFilament MeterReadingResource validation rules match StoreMeterReadingRequest @ repetition 17 of 100[39m[90m        [39m [90m0.22s[39m  
  [32;1m✓[39;22m[90m [39m[90mFilament MeterReadingResource validation rules match StoreMeterReadingRequest @ repetition 18 of 100[39m[90m        [39m [90m0.17s[39m  
  [32;1m✓[39;22m[90m [39m[90mFilament MeterReadingResource validation rules match StoreMeterReadingRequest @ repetition 19 of 100[39m[90m        [39m [90m0.21s[39m  
  [32;1m✓[39;22m[90m [39m[90mFilament MeterReadingResource validation rules match StoreMeterReadingRequest @ repetition 20 of 100[39m[90m        [39m [90m0.20s[39m  
  [32;1m✓[39;22m[90m [39m[90mFilament MeterReadingResource validation rules match StoreMeterReadingRequest @ repetition 21 of 100[39m[90m        [39m [90m0.22s[39m  
  [32;1m✓[39;22m[90m [39m[90mFilament MeterReadingResource validation rules match StoreMeterReadingRequest @ repetition 22 of 100[39m[90m        [39m [90m0.15s[39m  
  [32;1m✓[39;22m[90m [39m[90mFilament MeterReadingResource validation rules match StoreMeterReadingRequest @ repetition 23 of 100[39m[90m        [39m [90m0.46s[39m  
  [32;1m✓[39;22m[90m [39m[90mFilament MeterReadingResource validation rules match StoreMeterReadingRequest @ repetition 24 of 100[39m[90m        [39m [90m0.22s[39m  
  [32;1m✓[39;22m[90m [39m[90mFilament MeterReadingResource validation rules match StoreMeterReadingRequest @ repetition 25 of 100[39m[90m        [39m [90m0.20s[39m  
  [32;1m✓[39;22m[90m [39m[90mFilament MeterReadingResource validation rules match StoreMeterReadingRequest @ repetition 26 of 100[39m[90m        [39m [90m0.23s[39m  
  [32;1m✓[39;22m[90m [39m[90mFilament MeterReadingResource validation rules match StoreMeterReadingRequest @ repetition 27 of 100[39m[90m        [39m [90m0.19s[39m  
  [32;1m✓[39;22m[90m [39m[90mFilament MeterReadingResource validation rules match StoreMeterReadingRequest @ repetition 28 of 100[39m[90m        [39m [90m0.21s[39m  
  [32;1m✓[39;22m[90m [39m[90mFilament MeterReadingResource validation rules match StoreMeterReadingRequest @ repetition 29 of 100[39m[90m        [39m [90m0.21s[39m  
  [32;1m✓[39;22m[90m [39m[90mFilament MeterReadingResource validation rules match StoreMeterReadingRequest @ repetition 30 of 100[39m[90m        [39m [90m0.46s[39m  
  [32;1m✓[39;22m[90m [39m[90mFilament MeterReadingResource validation rules match StoreMeterReadingRequest @ repetition 31 of 100[39m[90m        [39m [90m0.21s[39m  
  [32;1m✓[39;22m[90m [39m[90mFilament MeterReadingResource validation rules match StoreMeterReadingRequest @ repetition 32 of 100[39m[90m        [39m [90m0.16s[39m  
  [32;1m✓[39;22m[90m [39m[90mFilament MeterReadingResource validation rules match StoreMeterReadingRequest @ repetition 33 of 100[39m[90m        [39m [90m0.20s[39m  
  [32;1m✓[39;22m[90m [39m[90mFilament MeterReadingResource validation rules match StoreMeterReadingRequest @ repetition 34 of 100[39m[90m        [39m [90m0.22s[39m  
  [32;1m✓[39;22m[90m [39m[90mFilament MeterReadingResource validation rules match StoreMeterReadingRequest @ repetition 35 of 100[39m[90m        [39m [90m0.21s[39m  
  [32;1m✓[39;22m[90m [39m[90mFilament MeterReadingResource validation rules match StoreMeterReadingRequest @ repetition 36 of 100[39m[90m        [39m [90m0.22s[39m  
  [32;1m✓[39;22m[90m [39m[90mFilament MeterReadingResource validation rules match StoreMeterReadingRequest @ repetition 37 of 100[39m[90m        [39m [90m0.49s[39m  
  [32;1m✓[39;22m[90m [39m[90mFilament MeterReadingResource validation rules match StoreMeterReadingRequest @ repetition 38 of 100[39m[90m        [39m [90m0.17s[39m  
  [32;1m✓[39;22m[90m [39m[90mFilament MeterReadingResource validation rules match StoreMeterReadingRequest @ repetition 39 of 100[39m[90m        [39m [90m0.17s[39m  
  [32;1m✓[39;22m[90m [39m[90mFilament MeterReadingResource validation rules match StoreMeterReadingRequest @ repetition 40 of 100[39m[90m        [39m [90m0.23s[39m  
  [32;1m✓[39;22m[90m [39m[90mFilament MeterReadingResource validation rules match StoreMeterReadingRequest @ repetition 41 of 100[39m[90m        [39m [90m0.17s[39m  
  [32;1m✓[39;22m[90m [39m[90mFilament MeterReadingResource validation rules match StoreMeterReadingRequest @ repetition 42 of 100[39m[90m        [39m [90m0.22s[39m  
  [32;1m✓[39;22m[90m [39m[90mFilament MeterReadingResource validation rules match StoreMeterReadingRequest @ repetition 43 of 100[39m[90m        [39m [90m0.23s[39m  
  [32;1m✓[39;22m[90m [39m[90mFilament MeterReadingResource validation rules match StoreMeterReadingRequest @ repetition 44 of 100[39m[90m        [39m [90m0.44s[39m  
  [32;1m✓[39;22m[90m [39m[90mFilament MeterReadingResource validation rules match StoreMeterReadingRequest @ repetition 45 of 100[39m[90m        [39m [90m0.20s[39m  
  [32;1m✓[39;22m[90m [39m[90mFilament MeterReadingResource validation rules match StoreMeterReadingRequest @ repetition 46 of 100[39m[90m        [39m [90m0.19s[39m  
  [32;1m✓[39;22m[90m [39m[90mFilament MeterReadingResource validation rules match StoreMeterReadingRequest @ repetition 47 of 100[39m[90m        [39m [90m0.22s[39m  
  [32;1m✓[39;22m[90m [39m[90mFilament MeterReadingResource validation rules match StoreMeterReadingRequest @ repetition 48 of 100[39m[90m        [39m [90m0.21s[39m  
  [32;1m✓[39;22m[90m [39m[90mFilament MeterReadingResource validation rules match StoreMeterReadingRequest @ repetition 49 of 100[39m[90m        [39m [90m0.22s[39m  
  [32;1m✓[39;22m[90m [39m[90mFilament MeterReadingResource validation rules match StoreMeterReadingRequest @ repetition 50 of 100[39m[90m        [39m [90m0.22s[39m  
  [32;1m✓[39;22m[90m [39m[90mFilament MeterReadingResource validation rules match StoreMeterReadingRequest @ repetition 51 of 100[39m[90m        [39m [90m0.45s[39m  
  [32;1m✓[39;22m[90m [39m[90mFilament MeterReadingResource validation rules match StoreMeterReadingRequest @ repetition 52 of 100[39m[90m        [39m [90m0.20s[39m  
  [32;1m✓[39;22m[90m [39m[90mFilament MeterReadingResource validation rules match StoreMeterReadingRequest @ repetition 53 of 100[39m[90m        [39m [90m0.23s[39m  
  [32;1m✓[39;22m[90m [39m[90mFilament MeterReadingResource validation rules match StoreMeterReadingRequest @ repetition 54 of 100[39m[90m        [39m [90m0.20s[39m  
  [32;1m✓[39;22m[90m [39m[90mFilament MeterReadingResource validation rules match StoreMeterReadingRequest @ repetition 55 of 100[39m[90m        [39m [90m0.20s[39m  
  [32;1m✓[39;22m[90m [39m[90mFilament MeterReadingResource validation rules match StoreMeterReadingRequest @ repetition 56 of 100[39m[90m        [39m [90m0.18s[39m  
  [32;1m✓[39;22m[90m [39m[90mFilament MeterReadingResource validation rules match StoreMeterReadingRequest @ repetition 57 of 100[39m[90m        [39m [90m0.20s[39m  
  [32;1m✓[39;22m[90m [39m[90mFilament MeterReadingResource validation rules match StoreMeterReadingRequest @ repetition 58 of 100[39m[90m        [39m [90m0.40s[39m  
  [32;1m✓[39;22m[90m [39m[90mFilament MeterReadingResource validation rules match StoreMeterReadingRequest @ repetition 59 of 100[39m[90m        [39m [90m0.21s[39m  
  [32;1m✓[39;22m[90m [39m[90mFilament MeterReadingResource validation rules match StoreMeterReadingRequest @ repetition 60 of 100[39m[90m        [39m [90m0.19s[39m  
  [32;1m✓[39;22m[90m [39m[90mFilament MeterReadingResource validation rules match StoreMeterReadingRequest @ repetition 61 of 100[39m[90m        [39m [90m0.21s[39m  
  [32;1m✓[39;22m[90m [39m[90mFilament MeterReadingResource validation rules match StoreMeterReadingRequest @ repetition 62 of 100[39m[90m        [39m [90m0.21s[39m  
  [32;1m✓[39;22m[90m [39m[90mFilament MeterReadingResource validation rules match StoreMeterReadingRequest @ repetition 63 of 100[39m[90m        [39m [90m0.19s[39m  
  [32;1m✓[39;22m[90m [39m[90mFilament MeterReadingResource validation rules match StoreMeterReadingRequest @ repetition 64 of 100[39m[90m        [39m [90m0.27s[39m  
  [32;1m✓[39;22m[90m [39m[90mFilament MeterReadingResource validation rules match StoreMeterReadingRequest @ repetition 65 of 100[39m[90m        [39m [90m0.46s[39m  
  [32;1m✓[39;22m[90m [39m[90mFilament MeterReadingResource validation rules match StoreMeterReadingRequest @ repetition 66 of 100[39m[90m        [39m [90m0.18s[39m  
  [32;1m✓[39;22m[90m [39m[90mFilament MeterReadingResource validation rules match StoreMeterReadingRequest @ repetition 67 of 100[39m[90m        [39m [90m0.22s[39m  
  [32;1m✓[39;22m[90m [39m[90mFilament MeterReadingResource validation rules match StoreMeterReadingRequest @ repetition 68 of 100[39m[90m        [39m [90m0.22s[39m  
  [32;1m✓[39;22m[90m [39m[90mFilament MeterReadingResource validation rules match StoreMeterReadingRequest @ repetition 69 of 100[39m[90m        [39m [90m0.16s[39m  
  [32;1m✓[39;22m[90m [39m[90mFilament MeterReadingResource validation rules match StoreMeterReadingRequest @ repetition 70 of 100[39m[90m        [39m [90m0.17s[39m  
  [32;1m✓[39;22m[90m [39m[90mFilament MeterReadingResource validation rules match StoreMeterReadingRequest @ repetition 71 of 100[39m[90m        [39m [90m0.21s[39m  
  [32;1m✓[39;22m[90m [39m[90mFilament MeterReadingResource validation rules match StoreMeterReadingRequest @ repetition 72 of 100[39m[90m        [39m [90m0.51s[39m  
  [32;1m✓[39;22m[90m [39m[90mFilament MeterReadingResource validation rules match StoreMeterReadingRequest @ repetition 73 of 100[39m[90m        [39m [90m0.17s[39m  
  [32;1m✓[39;22m[90m [39m[90mFilament MeterReadingResource validation rules match StoreMeterReadingRequest @ repetition 74 of 100[39m[90m        [39m [90m0.21s[39m  
  [32;1m✓[39;22m[90m [39m[90mFilament MeterReadingResource validation rules match StoreMeterReadingRequest @ repetition 75 of 100[39m[90m        [39m [90m0.19s[39m  
  [32;1m✓[39;22m[90m [39m[90mFilament MeterReadingResource validation rules match StoreMeterReadingRequest @ repetition 76 of 100[39m[90m        [39m [90m0.18s[39m  
  [32;1m✓[39;22m[90m [39m[90mFilament MeterReadingResource validation rules match StoreMeterReadingRequest @ repetition 77 of 100[39m[90m        [39m [90m0.24s[39m  
  [32;1m✓[39;22m[90m [39m[90mFilament MeterReadingResource validation rules match StoreMeterReadingRequest @ repetition 78 of 100[39m[90m        [39m [90m0.16s[39m  
  [32;1m✓[39;22m[90m [39m[90mFilament MeterReadingResource validation rules match StoreMeterReadingRequest @ repetition 79 of 100[39m[90m        [39m [90m0.47s[39m  
  [32;1m✓[39;22m[90m [39m[90mFilament MeterReadingResource validation rules match StoreMeterReadingRequest @ repetition 80 of 100[39m[90m        [39m [90m0.21s[39m  
  [32;1m✓[39;22m[90m [39m[90mFilament MeterReadingResource validation rules match StoreMeterReadingRequest @ repetition 81 of 100[39m[90m        [39m [90m0.25s[39m  
  [32;1m✓[39;22m[90m [39m[90mFilament MeterReadingResource validation rules match StoreMeterReadingRequest @ repetition 82 of 100[39m[90m        [39m [90m0.17s[39m  
  [32;1m✓[39;22m[90m [39m[90mFilament MeterReadingResource validation rules match StoreMeterReadingRequest @ repetition 83 of 100[39m[90m        [39m [90m0.23s[39m  
  [32;1m✓[39;22m[90m [39m[90mFilament MeterReadingResource validation rules match StoreMeterReadingRequest @ repetition 84 of 100[39m[90m        [39m [90m0.21s[39m  
  [32;1m✓[39;22m[90m [39m[90mFilament MeterReadingResource validation rules match StoreMeterReadingRequest @ repetition 85 of 100[39m[90m        [39m [90m0.22s[39m  
  [32;1m✓[39;22m[90m [39m[90mFilament MeterReadingResource validation rules match StoreMeterReadingRequest @ repetition 86 of 100[39m[90m        [39m [90m0.49s[39m  
  [32;1m✓[39;22m[90m [39m[90mFilament MeterReadingResource validation rules match StoreMeterReadingRequest @ repetition 87 of 100[39m[90m        [39m [90m0.24s[39m  
  [32;1m✓[39;22m[90m [39m[90mFilament MeterReadingResource validation rules match StoreMeterReadingRequest @ repetition 88 of 100[39m[90m        [39m [90m0.20s[39m  
  [32;1m✓[39;22m[90m [39m[90mFilament MeterReadingResource validation rules match StoreMeterReadingRequest @ repetition 89 of 100[39m[90m        [39m [90m0.18s[39m  
  [32;1m✓[39;22m[90m [39m[90mFilament MeterReadingResource validation rules match StoreMeterReadingRequest @ repetition 90 of 100[39m[90m        [39m [90m0.23s[39m  
  [32;1m✓[39;22m[90m [39m[90mFilament MeterReadingResource validation rules match StoreMeterReadingRequest @ repetition 91 of 100[39m[90m        [39m [90m0.21s[39m  
  [32;1m✓[39;22m[90m [39m[90mFilament MeterReadingResource validation rules match StoreMeterReadingRequest @ repetition 92 of 100[39m[90m        [39m [90m0.18s[39m  
  [32;1m✓[39;22m[90m [39m[90mFilament MeterReadingResource validation rules match StoreMeterReadingRequest @ repetition 93 of 100[39m[90m        [39m [90m0.47s[39m  
  [32;1m✓[39;22m[90m [39m[90mFilament MeterReadingResource validation rules match StoreMeterReadingRequest @ repetition 94 of 100[39m[90m        [39m [90m0.23s[39m  
  [32;1m✓[39;22m[90m [39m[90mFilament MeterReadingResource validation rules match StoreMeterReadingRequest @ repetition 95 of 100[39m[90m        [39m [90m0.19s[39m  
  [32;1m✓[39;22m[90m [39m[90mFilament MeterReadingResource validation rules match StoreMeterReadingRequest @ repetition 96 of 100[39m[90m        [39m [90m0.21s[39m  
  [32;1m✓[39;22m[90m [39m[90mFilament MeterReadingResource validation rules match StoreMeterReadingRequest @ repetition 97 of 100[39m[90m        [39m [90m0.24s[39m  
  [32;1m✓[39;22m[90m [39m[90mFilament MeterReadingResource validation rules match StoreMeterReadingRequest @ repetition 98 of 100[39m[90m        [39m [90m0.19s[39m  
  [32;1m✓[39;22m[90m [39m[90mFilament MeterReadingResource validation rules match StoreMeterReadingRequest @ repetition 99 of 100[39m[90m        [39m [90m0.19s[39m  
  [32;1m✓[39;22m[90m [39m[90mFilament MeterReadingResource validation rules match StoreMeterReadingRequest @ repetition 100 of 100[39m[90m       [39m [90m0.44s[39m  
  [32;1m✓[39;22m[90m [39m[90mFilament MeterReadingResource applies same validation rules as UpdateMeterReadingRequest for edit operation[39m[90m…[39m [90m1.00s[39m  
  [32;1m✓[39;22m[90m [39m[90mFilament MeterReadingResource applies same validation rules as UpdateMeterReadingRequest for edit operation[39m[90m…[39m [90m1.22s[39m  
  [32;1m✓[39;22m[90m [39m[90mFilament MeterReadingResource applies same validation rules as UpdateMeterReadingRequest for edit operation[39m[90m…[39m [90m1.01s[39m  
  [32;1m✓[39;22m[90m [39m[90mFilament MeterReadingResource applies same validation rules as UpdateMeterReadingRequest for edit operation[39m[90m…[39m [90m1.03s[39m  
  [32;1m✓[39;22m[90m [39m[90mFilament MeterReadingResource applies same validation rules as UpdateMeterReadingRequest for edit operation[39m[90m…[39m [90m1.31s[39m  
  [32;1m✓[39;22m[90m [39m[90mFilament MeterReadingResource applies same validation rules as UpdateMeterReadingRequest for edit operation[39m[90m…[39m [90m1.03s[39m  
  [32;1m✓[39;22m[90m [39m[90mFilament MeterReadingResource applies same validation rules as UpdateMeterReadingRequest for edit operation[39m[90m…[39m [90m1.10s[39m  
  [32;1m✓[39;22m[90m [39m[90mFilament MeterReadingResource applies same validation rules as UpdateMeterReadingRequest for edit operation[39m[90m…[39m [90m1.35s[39m  
  [32;1m✓[39;22m[90m [39m[90mFilament MeterReadingResource applies same validation rules as UpdateMeterReadingRequest for edit operation[39m[90m…[39m [90m0.94s[39m  
  [32;1m✓[39;22m[90m [39m[90mFilament MeterReadingResource applies same validation rules as UpdateMeterReadingRequest for edit operation[39m[90m…[39m [90m1.05s[39m  
  [32;1m✓[39;22m[90m [39m[90mFilament MeterReadingResource applies same validation rules as UpdateMeterReadingRequest for edit operation[39m[90m…[39m [90m1.41s[39m  
  [32;1m✓[39;22m[90m [39m[90mFilament MeterReadingResource applies same validation rules as UpdateMeterReadingRequest for edit operation[39m[90m…[39m [90m1.05s[39m  
  [32;1m✓[39;22m[90m [39m[90mFilament MeterReadingResource applies same validation rules as UpdateMeterReadingRequest for edit operation[39m[90m…[39m [90m1.09s[39m  
  [32;1m✓[39;22m[90m [39m[90mFilament MeterReadingResource applies same validation rules as UpdateMeterReadingRequest for edit operation[39m[90m…[39m [90m1.35s[39m  
  [32;1m✓[39;22m[90m [39m[90mFilament MeterReadingResource applies same validation rules as UpdateMeterReadingRequest for edit operation[39m[90m…[39m [90m0.98s[39m  
  [32;1m✓[39;22m[90m [39m[90mFilament MeterReadingResource applies same validation rules as UpdateMeterReadingRequest for edit operation[39m[90m…[39m [90m0.97s[39m  
  [32;1m✓[39;22m[90m [39m[90mFilament MeterReadingResource applies same validation rules as UpdateMeterReadingRequest for edit operation[39m[90m…[39m [90m1.16s[39m  
  [32;1m✓[39;22m[90m [39m[90mFilament MeterReadingResource applies same validation rules as UpdateMeterReadingRequest for edit operation[39m[90m…[39m [90m0.96s[39m  
  [32;1m✓[39;22m[90m [39m[90mFilament MeterReadingResource applies same validation rules as UpdateMeterReadingRequest for edit operation[39m[90m…[39m [90m0.95s[39m  
  [32;1m✓[39;22m[90m [39m[90mFilament MeterReadingResource applies same validation rules as UpdateMeterReadingRequest for edit operation[39m[90m…[39m [90m1.24s[39m  
  [32;1m✓[39;22m[90m [39m[90mFilament MeterReadingResource applies same validation rules as UpdateMeterReadingRequest for edit operation[39m[90m…[39m [90m1.01s[39m  
  [32;1m✓[39;22m[90m [39m[90mFilament MeterReadingResource applies same validation rules as UpdateMeterReadingRequest for edit operation[39m[90m…[39m [90m1.05s[39m  
  [32;1m✓[39;22m[90m [39m[90mFilament MeterReadingResource applies same validation rules as UpdateMeterReadingRequest for edit operation[39m[90m…[39m [90m1.29s[39m  
  [32;1m✓[39;22m[90m [39m[90mFilament MeterReadingResource applies same validation rules as UpdateMeterReadingRequest for edit operation[39m[90m…[39m [90m1.08s[39m  
  [32;1m✓[39;22m[90m [39m[90mFilament MeterReadingResource applies same validation rules as UpdateMeterReadingRequest for edit operation[39m[90m…[39m [90m1.19s[39m  
  [32;1m✓[39;22m[90m [39m[90mFilament MeterReadingResource applies same validation rules as UpdateMeterReadingRequest for edit operation[39m[90m…[39m [90m1.27s[39m  
  [32;1m✓[39;22m[90m [39m[90mFilament MeterReadingResource applies same validation rules as UpdateMeterReadingRequest for edit operation[39m[90m…[39m [90m1.11s[39m  
  [32;1m✓[39;22m[90m [39m[90mFilament MeterReadingResource applies same validation rules as UpdateMeterReadingRequest for edit operation[39m[90m…[39m [90m1.10s[39m  
  [32;1m✓[39;22m[90m [39m[90mFilament MeterReadingResource applies same validation rules as UpdateMeterReadingRequest for edit operation[39m[90m…[39m [90m1.29s[39m  
  [32;1m✓[39;22m[90m [39m[90mFilament MeterReadingResource applies same validation rules as UpdateMeterReadingRequest for edit operation[39m[90m…[39m [90m1.05s[39m  
  [32;1m✓[39;22m[90m [39m[90mFilament MeterReadingResource applies same validation rules as UpdateMeterReadingRequest for edit operation[39m[90m…[39m [90m1.13s[39m  
  [32;1m✓[39;22m[90m [39m[90mFilament MeterReadingResource applies same validation rules as UpdateMeterReadingRequest for edit operation[39m[90m…[39m [90m1.25s[39m  
  [32;1m✓[39;22m[90m [39m[90mFilament MeterReadingResource applies same validation rules as UpdateMeterReadingRequest for edit operation[39m[90m…[39m [90m1.06s[39m  
  [32;1m✓[39;22m[90m [39m[90mFilament MeterReadingResource applies same validation rules as UpdateMeterReadingRequest for edit operation[39m[90m…[39m [90m0.99s[39m  
  [32;1m✓[39;22m[90m [39m[90mFilament MeterReadingResource applies same validation rules as UpdateMeterReadingRequest for edit operation[39m[90m…[39m [90m1.30s[39m  
  [32;1m✓[39;22m[90m [39m[90mFilament MeterReadingResource applies same validation rules as UpdateMeterReadingRequest for edit operation[39m[90m…[39m [90m1.00s[39m  
  [32;1m✓[39;22m[90m [39m[90mFilament MeterReadingResource applies same validation rules as UpdateMeterReadingRequest for edit operation[39m[90m…[39m [90m1.09s[39m  
  [32;1m✓[39;22m[90m [39m[90mFilament MeterReadingResource applies same validation rules as UpdateMeterReadingRequest for edit operation[39m[90m…[39m [90m1.25s[39m  
  [32;1m✓[39;22m[90m [39m[90mFilament MeterReadingResource applies same validation rules as UpdateMeterReadingRequest for edit operation[39m[90m…[39m [90m1.05s[39m  
  [32;1m✓[39;22m[90m [39m[90mFilament MeterReadingResource applies same validation rules as UpdateMeterReadingRequest for edit operation[39m[90m…[39m [90m1.10s[39m  
  [32;1m✓[39;22m[90m [39m[90mFilament MeterReadingResource applies same validation rules as UpdateMeterReadingRequest for edit operation[39m[90m…[39m [90m1.28s[39m  
  [32;1m✓[39;22m[90m [39m[90mFilament MeterReadingResource applies same validation rules as UpdateMeterReadingRequest for edit operation[39m[90m…[39m [90m1.05s[39m  
  [32;1m✓[39;22m[90m [39m[90mFilament MeterReadingResource applies same validation rules as UpdateMeterReadingRequest for edit operation[39m[90m…[39m [90m1.06s[39m  
  [32;1m✓[39;22m[90m [39m[90mFilament MeterReadingResource applies same validation rules as UpdateMeterReadingRequest for edit operation[39m[90m…[39m [90m1.30s[39m  
  [32;1m✓[39;22m[90m [39m[90mFilament MeterReadingResource applies same validation rules as UpdateMeterReadingRequest for edit operation[39m[90m…[39m [90m1.07s[39m  
  [32;1m✓[39;22m[90m [39m[90mFilament MeterReadingResource applies same validation rules as UpdateMeterReadingRequest for edit operation[39m[90m…[39m [90m1.13s[39m  
  [32;1m✓[39;22m[90m [39m[90mFilament MeterReadingResource applies same validation rules as UpdateMeterReadingRequest for edit operation[39m[90m…[39m [90m1.33s[39m  
  [32;1m✓[39;22m[90m [39m[90mFilament MeterReadingResource applies same validation rules as UpdateMeterReadingRequest for edit operation[39m[90m…[39m [90m1.18s[39m  
  [32;1m✓[39;22m[90m [39m[90mFilament MeterReadingResource applies same validation rules as UpdateMeterReadingRequest for edit operation[39m[90m…[39m [90m1.18s[39m  
  [32;1m✓[39;22m[90m [39m[90mFilament MeterReadingResource applies same validation rules as UpdateMeterReadingRequest for edit operation[39m[90m…[39m [90m1.46s[39m  
  [32;1m✓[39;22m[90m [39m[90mFilament MeterReadingResource applies same validation rules as UpdateMeterReadingRequest for edit operation[39m[90m…[39m [90m1.08s[39m  
  [32;1m✓[39;22m[90m [39m[90mFilament MeterReadingResource applies same validation rules as UpdateMeterReadingRequest for edit operation[39m[90m…[39m [90m1.21s[39m  
  [32;1m✓[39;22m[90m [39m[90mFilament MeterReadingResource applies same validation rules as UpdateMeterReadingRequest for edit operation[39m[90m…[39m [90m1.44s[39m  
  [32;1m✓[39;22m[90m [39m[90mFilament MeterReadingResource applies same validation rules as UpdateMeterReadingRequest for edit operation[39m[90m…[39m [90m1.16s[39m  
  [32;1m✓[39;22m[90m [39m[90mFilament MeterReadingResource applies same validation rules as UpdateMeterReadingRequest for edit operation[39m[90m…[39m [90m1.15s[39m  
  [32;1m✓[39;22m[90m [39m[90mFilament MeterReadingResource applies same validation rules as UpdateMeterReadingRequest for edit operation[39m[90m…[39m [90m1.62s[39m  
  [32;1m✓[39;22m[90m [39m[90mFilament MeterReadingResource applies same validation rules as UpdateMeterReadingRequest for edit operation[39m[90m…[39m [90m1.21s[39m  
  [32;1m✓[39;22m[90m [39m[90mFilament MeterReadingResource applies same validation rules as UpdateMeterReadingRequest for edit operation[39m[90m…[39m [90m1.20s[39m  
  [32;1m✓[39;22m[90m [39m[90mFilament MeterReadingResource applies same validation rules as UpdateMeterReadingRequest for edit operation[39m[90m…[39m [90m1.60s[39m  
  [32;1m✓[39;22m[90m [39m[90mFilament MeterReadingResource applies same validation rules as UpdateMeterReadingRequest for edit operation[39m[90m…[39m [90m1.37s[39m  
  [32;1m✓[39;22m[90m [39m[90mFilament MeterReadingResource applies same validation rules as UpdateMeterReadingRequest for edit operation[39m[90m…[39m [90m1.33s[39m  
  [32;1m✓[39;22m[90m [39m[90mFilament MeterReadingResource applies same validation rules as UpdateMeterReadingRequest for edit operation[39m[90m…[39m [90m1.59s[39m  
  [32;1m✓[39;22m[90m [39m[90mFilament MeterReadingResource applies same validation rules as UpdateMeterReadingRequest for edit operation[39m[90m…[39m [90m1.44s[39m  
  [32;1m✓[39;22m[90m [39m[90mFilament MeterReadingResource applies same validation rules as UpdateMeterReadingRequest for edit operation[39m[90m…[39m [90m1.28s[39m  
  [32;1m✓[39;22m[90m [39m[90mFilament MeterReadingResource applies same validation rules as UpdateMeterReadingRequest for edit operation[39m[90m…[39m [90m1.73s[39m  
  [32;1m✓[39;22m[90m [39m[90mFilament MeterReadingResource applies same validation rules as UpdateMeterReadingRequest for edit operation[39m[90m…[39m [90m1.49s[39m  
  [32;1m✓[39;22m[90m [39m[90mFilament MeterReadingResource applies same validation rules as UpdateMeterReadingRequest for edit operation[39m[90m…[39m [90m1.38s[39m  
  [32;1m✓[39;22m[90m [39m[90mFilament MeterReadingResource applies same validation rules as UpdateMeterReadingRequest for edit operation[39m[90m…[39m [90m1.69s[39m  
  [32;1m✓[39;22m[90m [39m[90mFilament MeterReadingResource applies same validation rules as UpdateMeterReadingRequest for edit operation[39m[90m…[39m [90m1.30s[39m  
  [32;1m✓[39;22m[90m [39m[90mFilament MeterReadingResource applies same validation rules as UpdateMeterReadingRequest for edit operation[39m[90m…[39m [90m1.35s[39m  
  [32;1m✓[39;22m[90m [39m[90mFilament MeterReadingResource applies same validation rules as UpdateMeterReadingRequest for edit operation[39m[90m…[39m [90m1.64s[39m  
  [32;1m✓[39;22m[90m [39m[90mFilament MeterReadingResource applies same validation rules as UpdateMeterReadingRequest for edit operation[39m[90m…[39m [90m1.56s[39m  
  [32;1m✓[39;22m[90m [39m[90mFilament MeterReadingResource applies same validation rules as UpdateMeterReadingRequest for edit operation[39m[90m…[39m [90m1.53s[39m  
  [32;1m✓[39;22m[90m [39m[90mFilament MeterReadingResource applies same validation rules as UpdateMeterReadingRequest for edit operation[39m[90m…[39m [90m1.72s[39m  
  [32;1m✓[39;22m[90m [39m[90mFilament MeterReadingResource applies same validation rules as UpdateMeterReadingRequest for edit operation[39m[90m…[39m [90m1.47s[39m  
  [32;1m✓[39;22m[90m [39m[90mFilament MeterReadingResource applies same validation rules as UpdateMeterReadingRequest for edit operation[39m[90m…[39m [90m1.53s[39m  
  [32;1m✓[39;22m[90m [39m[90mFilament MeterReadingResource applies same validation rules as UpdateMeterReadingRequest for edit operation[39m[90m…[39m [90m1.91s[39m  
  [32;1m✓[39;22m[90m [39m[90mFilament MeterReadingResource applies same validation rules as UpdateMeterReadingRequest for edit operation[39m[90m…[39m [90m1.49s[39m  
  [32;1m✓[39;22m[90m [39m[90mFilament MeterReadingResource applies same validation rules as UpdateMeterReadingRequest for edit operation[39m[90m…[39m [90m1.46s[39m  
  [32;1m✓[39;22m[90m [39m[90mFilament MeterReadingResource applies same validation rules as UpdateMeterReadingRequest for edit operation[39m[90m…[39m [90m1.84s[39m  
  [32;1m✓[39;22m[90m [39m[90mFilament MeterReadingResource applies same validation rules as UpdateMeterReadingRequest for edit operation[39m[90m…[39m [90m1.52s[39m  
  [32;1m✓[39;22m[90m [39m[90mFilament MeterReadingResource applies same validation rules as UpdateMeterReadingRequest for edit operation[39m[90m…[39m [90m1.40s[39m  
  [32;1m✓[39;22m[90m [39m[90mFilament MeterReadingResource applies same validation rules as UpdateMeterReadingRequest for edit operation[39m[90m…[39m [90m1.72s[39m  
  [32;1m✓[39;22m[90m [39m[90mFilament MeterReadingResource applies same validation rules as UpdateMeterReadingRequest for edit operation[39m[90m…[39m [90m1.50s[39m  
  [32;1m✓[39;22m[90m [39m[90mFilament MeterReadingResource applies same validation rules as UpdateMeterReadingRequest for edit operation[39m[90m…[39m [90m1.37s[39m  
  [32;1m✓[39;22m[90m [39m[90mFilament MeterReadingResource applies same validation rules as UpdateMeterReadingRequest for edit operation[39m[90m…[39m [90m1.63s[39m  
  [32;1m✓[39;22m[90m [39m[90mFilament MeterReadingResource applies same validation rules as UpdateMeterReadingRequest for edit operation[39m[90m…[39m [90m1.47s[39m  
  [32;1m✓[39;22m[90m [39m[90mFilament MeterReadingResource applies same validation rules as UpdateMeterReadingRequest for edit operation[39m[90m…[39m [90m1.44s[39m  
  [32;1m✓[39;22m[90m [39m[90mFilament MeterReadingResource applies same validation rules as UpdateMeterReadingRequest for edit operation[39m[90m…[39m [90m1.67s[39m  
  [32;1m✓[39;22m[90m [39m[90mFilament MeterReadingResource applies same validation rules as UpdateMeterReadingRequest for edit operation[39m[90m…[39m [90m1.38s[39m  
  [32;1m✓[39;22m[90m [39m[90mFilament MeterReadingResource applies same validation rules as UpdateMeterReadingRequest for edit operation[39m[90m…[39m [90m1.28s[39m  
  [32;1m✓[39;22m[90m [39m[90mFilament MeterReadingResource applies same validation rules as UpdateMeterReadingRequest for edit operation[39m[90m…[39m [90m1.68s[39m  
  [32;1m✓[39;22m[90m [39m[90mFilament MeterReadingResource applies same validation rules as UpdateMeterReadingRequest for edit operation[39m[90m…[39m [90m1.18s[39m  
  [32;1m✓[39;22m[90m [39m[90mFilament MeterReadingResource applies same validation rules as UpdateMeterReadingRequest for edit operation[39m[90m…[39m [90m1.22s[39m  
  [32;1m✓[39;22m[90m [39m[90mFilament MeterReadingResource applies same validation rules as UpdateMeterReadingRequest for edit operation[39m[90m…[39m [90m1.65s[39m  
  [32;1m✓[39;22m[90m [39m[90mFilament MeterReadingResource applies same validation rules as UpdateMeterReadingRequest for edit operation[39m[90m…[39m [90m1.11s[39m  
  [32;1m✓[39;22m[90m [39m[90mFilament MeterReadingResource applies same validation rules as UpdateMeterReadingRequest for edit operation[39m[90m…[39m [90m1.21s[39m  
  [32;1m✓[39;22m[90m [39m[90mFilament MeterReadingResource applies same validation rules as UpdateMeterReadingRequest for edit operation[39m[90m…[39m [90m1.37s[39m  
  [32;1m✓[39;22m[90m [39m[90mFilament MeterReadingResource applies same validation rules as UpdateMeterReadingRequest for edit operation[39m[90m…[39m [90m1.20s[39m  
  [32;1m✓[39;22m[90m [39m[90mFilament MeterReadingResource applies same validation rules as UpdateMeterReadingRequest for edit operation[39m[90m…[39m [90m1.08s[39m  

  [39;41;1m FAIL [39;49;22m[39m Tests\Feature\FilamentMeterReadingValidationQuickTest[39m
  [32;1m✓[39;22m[90m [39m[90mFilament rejects missing meter_id using native form testing[39m[90m                                                 [39m [90m1.77s[39m  
  [32;1m✓[39;22m[90m [39m[90mFilament rejects negative value using native form testing[39m[90m                                                   [39m [90m1.40s[39m  
  [32;1m✓[39;22m[90m [39m[90mFilament rejects monotonicity violation using native form testing[39m[90m                                           [39m [90m1.11s[39m  
  [31;1m⨯[39;22m[90m [39m[90mFilament accepts valid meter reading using native form testing[39m[90m                                              [39m [90m1.35s[39m  

  [39;41;1m FAIL [39;49;22m[39m Tests\Feature\FilamentMeterReadingValidationTest[39m
  [32;1m✓[39;22m[90m [39m[90mFilament rejects missing meter_id[39m[90m                                                                           [39m [90m1.35s[39m  
  [32;1m✓[39;22m[90m [39m[90mFilament rejects negative value[39m[90m                                                                             [39m [90m1.30s[39m  
  [32;1m✓[39;22m[90m [39m[90mFilament rejects monotonicity violation[39m[90m                                                                     [39m [90m1.27s[39m  
  [31;1m⨯[39;22m[90m [39m[90mFilament accepts valid meter reading[39m[90m                                                                        [39m [90m1.06s[39m  

  [39;41;1m FAIL [39;49;22m[39m Tests\Feature\FilamentPanelAccessibilityTest[39m
  [31;1m⨯[39;22m[90m [39m[90mFilament admin panel login page is accessible[39m[90m                                                               [39m [90m0.52s[39m  
  [31;1m⨯[39;22m[90m [39m[90mAdmin user can login to Filament panel[39m[90m                                                                      [39m [90m4.11s[39m  
  [31;1m⨯[39;22m[90m [39m[90mAdmin user can access Filament dashboard after login[39m[90m                                                        [39m [90m0.62s[39m  
  [31;1m⨯[39;22m[90m [39m[90mAdmin user can access Properties resource[39m[90m                                                                   [39m [90m0.59s[39m  
  [31;1m⨯[39;22m[90m [39m[90mAdmin user can access Buildings resource[39m[90m                                                                    [39m [90m0.52s[39m  
  [31;1m⨯[39;22m[90m [39m[90mAdmin user can access Invoices resource[39m[90m                                                                     [39m [90m0.61s[39m  
  [31;1m⨯[39;22m[90m [39m[90mAdmin user can access Meter Readings resource[39m[90m                                                               [39m [90m0.70s[39m  
  [31;1m⨯[39;22m[90m [39m[90mAdmin user can access Users resource[39m[90m                                                                        [39m [90m0.53s[39m  
  [31;1m⨯[39;22m[90m [39m[90mAdmin user can access Tariffs resource[39m[90m                                                                      [39m [90m0.49s[39m  
  [32;1m✓[39;22m[90m [39m[90mManager user can access Filament panel[39m[90m                                                                      [39m [90m0.70s[39m  
  [31;1m⨯[39;22m[90m [39m[90mTenant user can access Filament panel[39m[90m                                                                       [39m [90m0.62s[39m  

  [39;41;1m FAIL [39;49;22m[39m Tests\Feature\FilamentPanelIntegrationTest[39m
  [31;1m⨯[39;22m[90m [39m[37mSuperadmin Navigation and Access[39m[90m → superadmin can access all Filament resources[39m
  [31;1m⨯[39;22m[90m [39m[37mSuperadmin Navigation and Access[39m[90m → superadmin can see all data across tenants[39m
  [31;1m⨯[39;22m[90m [39m[37mSuperadmin Navigation and Access[39m[90m → superadmin can access subscription management[39m
  [31;1m⨯[39;22m[90m [39m[37mAdmin Navigation and Access[39m[90m → admin can access appropriate Filament resources[39m
  [31;1m⨯[39;22m[90m [39m[37mAdmin Navigation and Access[39m[90m → admin cannot access subscription resource[39m
  [31;1m⨯[39;22m[90m [39m[37mAdmin Navigation and Access[39m[90m → admin only sees their own tenant data[39m
  [31;1m⨯[39;22m[90m [39m[37mAdmin Navigation and Access[39m[90m → admin cannot access other admin data[39m
  [31;1m⨯[39;22m[90m [39m[37mTenant Navigation and Access[39m[90m → tenant can access limited Filament resources[39m
  [31;1m⨯[39;22m[90m [39m[37mTenant Navigation and Access[39m[90m → tenant cannot access admin resources[39m
  [31;1m⨯[39;22m[90m [39m[37mTenant Navigation and Access[39m[90m → tenant only sees their property data[39m
  [31;1m⨯[39;22m[90m [39m[37mData Isolation in Resources[39m[90m → property resource filters by tenant_id for admin[39m
  [31;1m⨯[39;22m[90m [39m[37mData Isolation in Resources[39m[90m → building resource filters by tenant_id for admin[39m
  [31;1m⨯[39;22m[90m [39m[37mData Isolation in Resources[39m[90m → meter resource filters by tenant_id and property_id for tenant[39m
  [31;1m⨯[39;22m[90m [39m[37mData Isolation in Resources[39m[90m → meter reading resource filters by tenant_id and property_id for tenant[39m
  [31;1m⨯[39;22m[90m [39m[37mData Isolation in Resources[39m[90m → invoice resource filters by tenant_id and property_id for tenant[39m
  [31;1m⨯[39;22m[90m [39m[37mForm Submissions and Validations[39m[90m → admin can create user with proper tenant_id inheritance[39m
  [31;1m⨯[39;22m[90m [39m[37mForm Submissions and Validations[39m[90m → admin cannot assign tenant to property from different tenant_id[39m
  [31;1m⨯[39;22m[90m [39m[37mForm Submissions and Validations[39m[90m → property creation inherits admin tenant_id[39m
  [31;1m⨯[39;22m[90m [39m[37mForm Submissions and Validations[39m[90m → meter reading validation enforces monotonicity[39m
  [31;1m⨯[39;22m[90m [39m[37mForm Submissions and Validations[39m[90m → user form requires organization_name for admin role[39m
  [31;1m⨯[39;22m[90m [39m[37mForm Submissions and Validations[39m[90m → user form requires property_id for tenant role[39m
  [31;1m⨯[39;22m[90m [39m[37mError Handling and User Feedback[39m[90m → deactivated account cannot access Filament[39m
  [31;1m⨯[39;22m[90m [39m[37mError Handling and User Feedback[39m[90m → expired subscription restricts admin access[39m
  [31;1m⨯[39;22m[90m [39m[37mError Handling and User Feedback[39m[90m → authorization failures are logged[39m
  [31;1m⨯[39;22m[90m [39m[37mError Handling and User Feedback[39m[90m → form validation errors are displayed clearly[39m
  [31;1m⨯[39;22m[90m [39m[37mError Handling and User Feedback[39m[90m → cross-tenant access returns 404 not found[39m
  [31;1m⨯[39;22m[90m [39m[37mSubscription Resource Access[39m[90m → only superadmin can view subscriptions[39m
  [31;1m⨯[39;22m[90m [39m[37mSubscription Resource Access[39m[90m → superadmin can create and manage subscriptions[39m
  [31;1m⨯[39;22m[90m [39m[37mNavigation Visibility[39m[90m → superadmin sees all navigation items[39m
  [31;1m⨯[39;22m[90m [39m[37mNavigation Visibility[39m[90m → admin sees appropriate navigation items[39m
  [31;1m⨯[39;22m[90m [39m[37mNavigation Visibility[39m[90m → tenant sees limited navigation items[39m

  [39;41;1m FAIL [39;49;22m[39m Tests\Feature\FilamentPolicyIntegrationPropertyTest[39m
  [32;1m✓[39;22m[90m [39m[90mFilament PropertyResource integrates with PropertyPolicy for viewAny action @ repetition 1 of 100[39m[90m           [39m [90m0.26s[39m  
  [32;1m✓[39;22m[90m [39m[90mFilament PropertyResource integrates with PropertyPolicy for viewAny action @ repetition 2 of 100[39m[90m           [39m [90m0.21s[39m  
  [32;1m✓[39;22m[90m [39m[90mFilament PropertyResource integrates with PropertyPolicy for viewAny action @ repetition 3 of 100[39m[90m           [39m [90m0.19s[39m  
  [32;1m✓[39;22m[90m [39m[90mFilament PropertyResource integrates with PropertyPolicy for viewAny action @ repetition 4 of 100[39m[90m           [39m [90m0.47s[39m  
  [32;1m✓[39;22m[90m [39m[90mFilament PropertyResource integrates with PropertyPolicy for viewAny action @ repetition 5 of 100[39m[90m           [39m [90m0.21s[39m  
  [32;1m✓[39;22m[90m [39m[90mFilament PropertyResource integrates with PropertyPolicy for viewAny action @ repetition 6 of 100[39m[90m           [39m [90m0.23s[39m  
  [32;1m✓[39;22m[90m [39m[90mFilament PropertyResource integrates with PropertyPolicy for viewAny action @ repetition 7 of 100[39m[90m           [39m [90m0.28s[39m  
  [32;1m✓[39;22m[90m [39m[90mFilament PropertyResource integrates with PropertyPolicy for viewAny action @ repetition 8 of 100[39m[90m           [39m [90m0.24s[39m  
  [32;1m✓[39;22m[90m [39m[90mFilament PropertyResource integrates with PropertyPolicy for viewAny action @ repetition 9 of 100[39m[90m           [39m [90m0.22s[39m  
  [32;1m✓[39;22m[90m [39m[90mFilament PropertyResource integrates with PropertyPolicy for viewAny action @ repetition 10 of 100[39m[90m          [39m [90m0.21s[39m  
  [32;1m✓[39;22m[90m [39m[90mFilament PropertyResource integrates with PropertyPolicy for viewAny action @ repetition 11 of 100[39m[90m          [39m [90m0.27s[39m  
  [32;1m✓[39;22m[90m [39m[90mFilament PropertyResource integrates with PropertyPolicy for viewAny action @ repetition 12 of 100[39m[90m          [39m [90m0.61s[39m  
  [32;1m✓[39;22m[90m [39m[90mFilament PropertyResource integrates with PropertyPolicy for viewAny action @ repetition 13 of 100[39m[90m          [39m [90m0.26s[39m  
  [32;1m✓[39;22m[90m [39m[90mFilament PropertyResource integrates with PropertyPolicy for viewAny action @ repetition 14 of 100[39m[90m          [39m [90m0.18s[39m  
  [32;1m✓[39;22m[90m [39m[90mFilament PropertyResource integrates with PropertyPolicy for viewAny action @ repetition 15 of 100[39m[90m          [39m [90m0.21s[39m  
  [32;1m✓[39;22m[90m [39m[90mFilament PropertyResource integrates with PropertyPolicy for viewAny action @ repetition 16 of 100[39m[90m          [39m [90m0.20s[39m  
  [32;1m✓[39;22m[90m [39m[90mFilament PropertyResource integrates with PropertyPolicy for viewAny action @ repetition 17 of 100[39m[90m          [39m [90m0.19s[39m  
  [32;1m✓[39;22m[90m [39m[90mFilament PropertyResource integrates with PropertyPolicy for viewAny action @ repetition 18 of 100[39m[90m          [39m [90m0.20s[39m  
  [32;1m✓[39;22m[90m [39m[90mFilament PropertyResource integrates with PropertyPolicy for viewAny action @ repetition 19 of 100[39m[90m          [39m [90m0.22s[39m  
  [32;1m✓[39;22m[90m [39m[90mFilament PropertyResource integrates with PropertyPolicy for viewAny action @ repetition 20 of 100[39m[90m          [39m [90m0.61s[39m  
  [32;1m✓[39;22m[90m [39m[90mFilament PropertyResource integrates with PropertyPolicy for viewAny action @ repetition 21 of 100[39m[90m          [39m [90m0.27s[39m  
  [32;1m✓[39;22m[90m [39m[90mFilament PropertyResource integrates with PropertyPolicy for viewAny action @ repetition 22 of 100[39m[90m          [39m [90m0.23s[39m  
  [32;1m✓[39;22m[90m [39m[90mFilament PropertyResource integrates with PropertyPolicy for viewAny action @ repetition 23 of 100[39m[90m          [39m [90m0.27s[39m  
  [32;1m✓[39;22m[90m [39m[90mFilament PropertyResource integrates with PropertyPolicy for viewAny action @ repetition 24 of 100[39m[90m          [39m [90m0.23s[39m  
  [32;1m✓[39;22m[90m [39m[90mFilament PropertyResource integrates with PropertyPolicy for viewAny action @ repetition 25 of 100[39m[90m          [39m [90m0.26s[39m  
  [32;1m✓[39;22m[90m [39m[90mFilament PropertyResource integrates with PropertyPolicy for viewAny action @ repetition 26 of 100[39m[90m          [39m [90m0.22s[39m  
  [32;1m✓[39;22m[90m [39m[90mFilament PropertyResource integrates with PropertyPolicy for viewAny action @ repetition 27 of 100[39m[90m          [39m [90m0.20s[39m  
  [32;1m✓[39;22m[90m [39m[90mFilament PropertyResource integrates with PropertyPolicy for viewAny action @ repetition 28 of 100[39m[90m          [39m [90m0.55s[39m  
  [32;1m✓[39;22m[90m [39m[90mFilament PropertyResource integrates with PropertyPolicy for viewAny action @ repetition 29 of 100[39m[90m          [39m [90m0.22s[39m  
  [32;1m✓[39;22m[90m [39m[90mFilament PropertyResource integrates with PropertyPolicy for viewAny action @ repetition 30 of 100[39m[90m          [39m [90m0.23s[39m  
  [32;1m✓[39;22m[90m [39m[90mFilament PropertyResource integrates with PropertyPolicy for viewAny action @ repetition 31 of 100[39m[90m          [39m [90m0.21s[39m  
  [32;1m✓[39;22m[90m [39m[90mFilament PropertyResource integrates with PropertyPolicy for viewAny action @ repetition 32 of 100[39m[90m          [39m [90m0.17s[39m  
  [32;1m✓[39;22m[90m [39m[90mFilament PropertyResource integrates with PropertyPolicy for viewAny action @ repetition 33 of 100[39m[90m          [39m [90m0.20s[39m  
  [32;1m✓[39;22m[90m [39m[90mFilament PropertyResource integrates with PropertyPolicy for viewAny action @ repetition 34 of 100[39m[90m          [39m [90m0.20s[39m  
  [32;1m✓[39;22m[90m [39m[90mFilament PropertyResource integrates with PropertyPolicy for viewAny action @ repetition 35 of 100[39m[90m          [39m [90m0.23s[39m  
  [32;1m✓[39;22m[90m [39m[90mFilament PropertyResource integrates with PropertyPolicy for viewAny action @ repetition 36 of 100[39m[90m          [39m [90m0.66s[39m  
  [32;1m✓[39;22m[90m [39m[90mFilament PropertyResource integrates with PropertyPolicy for viewAny action @ repetition 37 of 100[39m[90m          [39m [90m0.25s[39m  
  [32;1m✓[39;22m[90m [39m[90mFilament PropertyResource integrates with PropertyPolicy for viewAny action @ repetition 38 of 100[39m[90m          [39m [90m0.27s[39m  
  [32;1m✓[39;22m[90m [39m[90mFilament PropertyResource integrates with PropertyPolicy for viewAny action @ repetition 39 of 100[39m[90m          [39m [90m0.22s[39m  
  [32;1m✓[39;22m[90m [39m[90mFilament PropertyResource integrates with PropertyPolicy for viewAny action @ repetition 40 of 100[39m[90m          [39m [90m0.22s[39m  
  [32;1m✓[39;22m[90m [39m[90mFilament PropertyResource integrates with PropertyPolicy for viewAny action @ repetition 41 of 100[39m[90m          [39m [90m0.24s[39m  
  [32;1m✓[39;22m[90m [39m[90mFilament PropertyResource integrates with PropertyPolicy for viewAny action @ repetition 42 of 100[39m[90m          [39m [90m0.22s[39m  
  [32;1m✓[39;22m[90m [39m[90mFilament PropertyResource integrates with PropertyPolicy for viewAny action @ repetition 43 of 100[39m[90m          [39m [90m0.26s[39m  
  [32;1m✓[39;22m[90m [39m[90mFilament PropertyResource integrates with PropertyPolicy for viewAny action @ repetition 44 of 100[39m[90m          [39m [90m0.65s[39m  
  [32;1m✓[39;22m[90m [39m[90mFilament PropertyResource integrates with PropertyPolicy for viewAny action @ repetition 45 of 100[39m[90m          [39m [90m0.25s[39m  
  [32;1m✓[39;22m[90m [39m[90mFilament PropertyResource integrates with PropertyPolicy for viewAny action @ repetition 46 of 100[39m[90m          [39m [90m0.26s[39m  
  [32;1m✓[39;22m[90m [39m[90mFilament PropertyResource integrates with PropertyPolicy for viewAny action @ repetition 47 of 100[39m[90m          [39m [90m0.29s[39m  
  [32;1m✓[39;22m[90m [39m[90mFilament PropertyResource integrates with PropertyPolicy for viewAny action @ repetition 48 of 100[39m[90m          [39m [90m0.31s[39m  
  [32;1m✓[39;22m[90m [39m[90mFilament PropertyResource integrates with PropertyPolicy for viewAny action @ repetition 49 of 100[39m[90m          [39m [90m0.27s[39m  
  [32;1m✓[39;22m[90m [39m[90mFilament PropertyResource integrates with PropertyPolicy for viewAny action @ repetition 50 of 100[39m[90m          [39m [90m0.23s[39m  
  [32;1m✓[39;22m[90m [39m[90mFilament PropertyResource integrates with PropertyPolicy for viewAny action @ repetition 51 of 100[39m[90m          [39m [90m0.26s[39m  
  [32;1m✓[39;22m[90m [39m[90mFilament PropertyResource integrates with PropertyPolicy for viewAny action @ repetition 52 of 100[39m[90m          [39m [90m0.68s[39m  
  [32;1m✓[39;22m[90m [39m[90mFilament PropertyResource integrates with PropertyPolicy for viewAny action @ repetition 53 of 100[39m[90m          [39m [90m0.22s[39m  
  [32;1m✓[39;22m[90m [39m[90mFilament PropertyResource integrates with PropertyPolicy for viewAny action @ repetition 54 of 100[39m[90m          [39m [90m0.23s[39m  
  [32;1m✓[39;22m[90m [39m[90mFilament PropertyResource integrates with PropertyPolicy for viewAny action @ repetition 55 of 100[39m[90m          [39m [90m0.23s[39m  
  [32;1m✓[39;22m[90m [39m[90mFilament PropertyResource integrates with PropertyPolicy for viewAny action @ repetition 56 of 100[39m[90m          [39m [90m0.22s[39m  
  [32;1m✓[39;22m[90m [39m[90mFilament PropertyResource integrates with PropertyPolicy for viewAny action @ repetition 57 of 100[39m[90m          [39m [90m0.22s[39m  
  [32;1m✓[39;22m[90m [39m[90mFilament PropertyResource integrates with PropertyPolicy for viewAny action @ repetition 58 of 100[39m[90m          [39m [90m0.25s[39m  
  [32;1m✓[39;22m[90m [39m[90mFilament PropertyResource integrates with PropertyPolicy for viewAny action @ repetition 59 of 100[39m[90m          [39m [90m0.22s[39m  
  [32;1m✓[39;22m[90m [39m[90mFilament PropertyResource integrates with PropertyPolicy for viewAny action @ repetition 60 of 100[39m[90m          [39m [90m0.67s[39m  
  [32;1m✓[39;22m[90m [39m[90mFilament PropertyResource integrates with PropertyPolicy for viewAny action @ repetition 61 of 100[39m[90m          [39m [90m0.26s[39m  
  [32;1m✓[39;22m[90m [39m[90mFilament PropertyResource integrates with PropertyPolicy for viewAny action @ repetition 62 of 100[39m[90m          [39m [90m0.23s[39m  
  [32;1m✓[39;22m[90m [39m[90mFilament PropertyResource integrates with PropertyPolicy for viewAny action @ repetition 63 of 100[39m[90m          [39m [90m0.26s[39m  
  [32;1m✓[39;22m[90m [39m[90mFilament PropertyResource integrates with PropertyPolicy for viewAny action @ repetition 64 of 100[39m[90m          [39m [90m0.23s[39m  
  [32;1m✓[39;22m[90m [39m[90mFilament PropertyResource integrates with PropertyPolicy for viewAny action @ repetition 65 of 100[39m[90m          [39m [90m0.19s[39m  
  [32;1m✓[39;22m[90m [39m[90mFilament PropertyResource integrates with PropertyPolicy for viewAny action @ repetition 66 of 100[39m[90m          [39m [90m0.24s[39m  
  [32;1m✓[39;22m[90m [39m[90mFilament PropertyResource integrates with PropertyPolicy for viewAny action @ repetition 67 of 100[39m[90m          [39m [90m0.29s[39m  
  [32;1m✓[39;22m[90m [39m[90mFilament PropertyResource integrates with PropertyPolicy for viewAny action @ repetition 68 of 100[39m[90m          [39m [90m0.66s[39m  
  [32;1m✓[39;22m[90m [39m[90mFilament PropertyResource integrates with PropertyPolicy for viewAny action @ repetition 69 of 100[39m[90m          [39m [90m0.21s[39m  
  [32;1m✓[39;22m[90m [39m[90mFilament PropertyResource integrates with PropertyPolicy for viewAny action @ repetition 70 of 100[39m[90m          [39m [90m0.27s[39m  
  [32;1m✓[39;22m[90m [39m[90mFilament PropertyResource integrates with PropertyPolicy for viewAny action @ repetition 71 of 100[39m[90m          [39m [90m0.25s[39m  
  [32;1m✓[39;22m[90m [39m[90mFilament PropertyResource integrates with PropertyPolicy for viewAny action @ repetition 72 of 100[39m[90m          [39m [90m0.30s[39m  
  [32;1m✓[39;22m[90m [39m[90mFilament PropertyResource integrates with PropertyPolicy for viewAny action @ repetition 73 of 100[39m[90m          [39m [90m0.33s[39m  
  [32;1m✓[39;22m[90m [39m[90mFilament PropertyResource integrates with PropertyPolicy for viewAny action @ repetition 74 of 100[39m[90m          [39m [90m0.29s[39m  
  [32;1m✓[39;22m[90m [39m[90mFilament PropertyResource integrates with PropertyPolicy for viewAny action @ repetition 75 of 100[39m[90m          [39m [90m0.29s[39m  
  [32;1m✓[39;22m[90m [39m[90mFilament PropertyResource integrates with PropertyPolicy for viewAny action @ repetition 76 of 100[39m[90m          [39m [90m0.71s[39m  
  [32;1m✓[39;22m[90m [39m[90mFilament PropertyResource integrates with PropertyPolicy for viewAny action @ repetition 77 of 100[39m[90m          [39m [90m0.29s[39m  
  [32;1m✓[39;22m[90m [39m[90mFilament PropertyResource integrates with PropertyPolicy for viewAny action @ repetition 78 of 100[39m[90m          [39m [90m0.25s[39m  
  [32;1m✓[39;22m[90m [39m[90mFilament PropertyResource integrates with PropertyPolicy for viewAny action @ repetition 79 of 100[39m[90m          [39m [90m0.24s[39m  
  [32;1m✓[39;22m[90m [39m[90mFilament PropertyResource integrates with PropertyPolicy for viewAny action @ repetition 80 of 100[39m[90m          [39m [90m0.24s[39m  
  [32;1m✓[39;22m[90m [39m[90mFilament PropertyResource integrates with PropertyPolicy for viewAny action @ repetition 81 of 100[39m[90m          [39m [90m0.22s[39m  
  [32;1m✓[39;22m[90m [39m[90mFilament PropertyResource integrates with PropertyPolicy for viewAny action @ repetition 82 of 100[39m[90m          [39m [90m0.24s[39m  
  [32;1m✓[39;22m[90m [39m[90mFilament PropertyResource integrates with PropertyPolicy for viewAny action @ repetition 83 of 100[39m[90m          [39m [90m0.25s[39m  
  [32;1m✓[39;22m[90m [39m[90mFilament PropertyResource integrates with PropertyPolicy for viewAny action @ repetition 84 of 100[39m[90m          [39m [90m0.69s[39m  
  [32;1m✓[39;22m[90m [39m[90mFilament PropertyResource integrates with PropertyPolicy for viewAny action @ repetition 85 of 100[39m[90m          [39m [90m0.22s[39m  
  [32;1m✓[39;22m[90m [39m[90mFilament PropertyResource integrates with PropertyPolicy for viewAny action @ repetition 86 of 100[39m[90m          [39m [90m0.21s[39m  
  [32;1m✓[39;22m[90m [39m[90mFilament PropertyResource integrates with PropertyPolicy for viewAny action @ repetition 87 of 100[39m[90m          [39m [90m0.25s[39m  
  [32;1m✓[39;22m[90m [39m[90mFilament PropertyResource integrates with PropertyPolicy for viewAny action @ repetition 88 of 100[39m[90m          [39m [90m0.19s[39m  
  [32;1m✓[39;22m[90m [39m[90mFilament PropertyResource integrates with PropertyPolicy for viewAny action @ repetition 89 of 100[39m[90m          [39m [90m0.24s[39m  
  [32;1m✓[39;22m[90m [39m[90mFilament PropertyResource integrates with PropertyPolicy for viewAny action @ repetition 90 of 100[39m[90m          [39m [90m0.23s[39m  
  [32;1m✓[39;22m[90m [39m[90mFilament PropertyResource integrates with PropertyPolicy for viewAny action @ repetition 91 of 100[39m[90m          [39m [90m0.21s[39m  
  [32;1m✓[39;22m[90m [39m[90mFilament PropertyResource integrates with PropertyPolicy for viewAny action @ repetition 92 of 100[39m[90m          [39m [90m0.72s[39m  
  [32;1m✓[39;22m[90m [39m[90mFilament PropertyResource integrates with PropertyPolicy for viewAny action @ repetition 93 of 100[39m[90m          [39m [90m0.24s[39m  
  [32;1m✓[39;22m[90m [39m[90mFilament PropertyResource integrates with PropertyPolicy for viewAny action @ repetition 94 of 100[39m[90m          [39m [90m0.26s[39m  
  [32;1m✓[39;22m[90m [39m[90mFilament PropertyResource integrates with PropertyPolicy for viewAny action @ repetition 95 of 100[39m[90m          [39m [90m0.29s[39m  
  [32;1m✓[39;22m[90m [39m[90mFilament PropertyResource integrates with PropertyPolicy for viewAny action @ repetition 96 of 100[39m[90m          [39m [90m0.23s[39m  
  [32;1m✓[39;22m[90m [39m[90mFilament PropertyResource integrates with PropertyPolicy for viewAny action @ repetition 97 of 100[39m[90m          [39m [90m0.24s[39m  
  [32;1m✓[39;22m[90m [39m[90mFilament PropertyResource integrates with PropertyPolicy for viewAny action @ repetition 98 of 100[39m[90m          [39m [90m0.48s[39m  
  [32;1m✓[39;22m[90m [39m[90mFilament PropertyResource integrates with PropertyPolicy for viewAny action @ repetition 99 of 100[39m[90m          [39m [90m0.29s[39m  
  [32;1m✓[39;22m[90m [39m[90mFilament PropertyResource integrates with PropertyPolicy for viewAny action @ repetition 100 of 100[39m[90m         [39m [90m0.77s[39m  
  [32;1m✓[39;22m[90m [39m[90mFilament PropertyResource integrates with PropertyPolicy for create action @ repetition 1 of 100[39m[90m            [39m [90m0.30s[39m  
  [32;1m✓[39;22m[90m [39m[90mFilament PropertyResource integrates with PropertyPolicy for create action @ repetition 2 of 100[39m[90m            [39m [90m0.66s[39m  
  [32;1m✓[39;22m[90m [39m[90mFilament PropertyResource integrates with PropertyPolicy for create action @ repetition 3 of 100[39m[90m            [39m [90m0.35s[39m  
  [32;1m✓[39;22m[90m [39m[90mFilament PropertyResource integrates with PropertyPolicy for create action @ repetition 4 of 100[39m[90m            [39m [90m0.30s[39m  
  [32;1m✓[39;22m[90m [39m[90mFilament PropertyResource integrates with PropertyPolicy for create action @ repetition 5 of 100[39m[90m            [39m [90m0.25s[39m  
  [32;1m✓[39;22m[90m [39m[90mFilament PropertyResource integrates with PropertyPolicy for create action @ repetition 6 of 100[39m[90m            [39m [90m0.29s[39m  
  [32;1m✓[39;22m[90m [39m[90mFilament PropertyResource integrates with PropertyPolicy for create action @ repetition 7 of 100[39m[90m            [39m [90m0.25s[39m  
  [32;1m✓[39;22m[90m [39m[90mFilament PropertyResource integrates with PropertyPolicy for create action @ repetition 8 of 100[39m[90m            [39m [90m0.34s[39m  
  [32;1m✓[39;22m[90m [39m[90mFilament PropertyResource integrates with PropertyPolicy for create action @ repetition 9 of 100[39m[90m            [39m [90m0.24s[39m  
  [32;1m✓[39;22m[90m [39m[90mFilament PropertyResource integrates with PropertyPolicy for create action @ repetition 10 of 100[39m[90m           [39m [90m0.73s[39m  
  [32;1m✓[39;22m[90m [39m[90mFilament PropertyResource integrates with PropertyPolicy for create action @ repetition 11 of 100[39m[90m           [39m [90m0.24s[39m  
  [32;1m✓[39;22m[90m [39m[90mFilament PropertyResource integrates with PropertyPolicy for create action @ repetition 12 of 100[39m[90m           [39m [90m0.21s[39m  
  [32;1m✓[39;22m[90m [39m[90mFilament PropertyResource integrates with PropertyPolicy for create action @ repetition 13 of 100[39m[90m           [39m [90m0.31s[39m  
  [32;1m✓[39;22m[90m [39m[90mFilament PropertyResource integrates with PropertyPolicy for create action @ repetition 14 of 100[39m[90m           [39m [90m0.27s[39m  
  [32;1m✓[39;22m[90m [39m[90mFilament PropertyResource integrates with PropertyPolicy for create action @ repetition 15 of 100[39m[90m           [39m [90m0.25s[39m  
  [32;1m✓[39;22m[90m [39m[90mFilament PropertyResource integrates with PropertyPolicy for create action @ repetition 16 of 100[39m[90m           [39m [90m0.32s[39m  
  [32;1m✓[39;22m[90m [39m[90mFilament PropertyResource integrates with PropertyPolicy for create action @ repetition 17 of 100[39m[90m           [39m [90m0.25s[39m  
  [32;1m✓[39;22m[90m [39m[90mFilament PropertyResource integrates with PropertyPolicy for create action @ repetition 18 of 100[39m[90m           [39m [90m0.75s[39m  
  [32;1m✓[39;22m[90m [39m[90mFilament PropertyResource integrates with PropertyPolicy for create action @ repetition 19 of 100[39m[90m           [39m [90m0.32s[39m  
  [32;1m✓[39;22m[90m [39m[90mFilament PropertyResource integrates with PropertyPolicy for create action @ repetition 20 of 100[39m[90m           [39m [90m0.31s[39m  
  [32;1m✓[39;22m[90m [39m[90mFilament PropertyResource integrates with PropertyPolicy for create action @ repetition 21 of 100[39m[90m           [39m [90m0.30s[39m  
  [32;1m✓[39;22m[90m [39m[90mFilament PropertyResource integrates with PropertyPolicy for create action @ repetition 22 of 100[39m[90m           [39m [90m0.25s[39m  
  [32;1m✓[39;22m[90m [39m[90mFilament PropertyResource integrates with PropertyPolicy for create action @ repetition 23 of 100[39m[90m           [39m [90m0.26s[39m  
  [32;1m✓[39;22m[90m [39m[90mFilament PropertyResource integrates with PropertyPolicy for create action @ repetition 24 of 100[39m[90m           [39m [90m0.24s[39m  
  [32;1m✓[39;22m[90m [39m[90mFilament PropertyResource integrates with PropertyPolicy for create action @ repetition 25 of 100[39m[90m           [39m [90m0.33s[39m  
  [32;1m✓[39;22m[90m [39m[90mFilament PropertyResource integrates with PropertyPolicy for create action @ repetition 26 of 100[39m[90m           [39m [90m0.70s[39m  
  [32;1m✓[39;22m[90m [39m[90mFilament PropertyResource integrates with PropertyPolicy for create action @ repetition 27 of 100[39m[90m           [39m [90m0.28s[39m  
  [32;1m✓[39;22m[90m [39m[90mFilament PropertyResource integrates with PropertyPolicy for create action @ repetition 28 of 100[39m[90m           [39m [90m0.33s[39m  
  [32;1m✓[39;22m[90m [39m[90mFilament PropertyResource integrates with PropertyPolicy for create action @ repetition 29 of 100[39m[90m           [39m [90m0.27s[39m  
  [32;1m✓[39;22m[90m [39m[90mFilament PropertyResource integrates with PropertyPolicy for create action @ repetition 30 of 100[39m[90m           [39m [90m0.28s[39m  
  [32;1m✓[39;22m[90m [39m[90mFilament PropertyResource integrates with PropertyPolicy for create action @ repetition 31 of 100[39m[90m           [39m [90m0.25s[39m  
  [32;1m✓[39;22m[90m [39m[90mFilament PropertyResource integrates with PropertyPolicy for create action @ repetition 32 of 100[39m[90m           [39m [90m0.25s[39m  
  [32;1m✓[39;22m[90m [39m[90mFilament PropertyResource integrates with PropertyPolicy for create action @ repetition 33 of 100[39m[90m           [39m [90m0.23s[39m  
  [32;1m✓[39;22m[90m [39m[90mFilament PropertyResource integrates with PropertyPolicy for create action @ repetition 34 of 100[39m[90m           [39m [90m0.78s[39m  
  [32;1m✓[39;22m[90m [39m[90mFilament PropertyResource integrates with PropertyPolicy for create action @ repetition 35 of 100[39m[90m           [39m [90m0.29s[39m  
  [32;1m✓[39;22m[90m [39m[90mFilament PropertyResource integrates with PropertyPolicy for create action @ repetition 36 of 100[39m[90m           [39m [90m0.31s[39m  
  [32;1m✓[39;22m[90m [39m[90mFilament PropertyResource integrates with PropertyPolicy for create action @ repetition 37 of 100[39m[90m           [39m [90m0.31s[39m  
  [32;1m✓[39;22m[90m [39m[90mFilament PropertyResource integrates with PropertyPolicy for create action @ repetition 38 of 100[39m[90m           [39m [90m0.29s[39m  
  [32;1m✓[39;22m[90m [39m[90mFilament PropertyResource integrates with PropertyPolicy for create action @ repetition 39 of 100[39m[90m           [39m [90m0.34s[39m  
  [32;1m✓[39;22m[90m [39m[90mFilament PropertyResource integrates with PropertyPolicy for create action @ repetition 40 of 100[39m[90m           [39m [90m0.37s[39m  
  [32;1m✓[39;22m[90m [39m[90mFilament PropertyResource integrates with PropertyPolicy for create action @ repetition 41 of 100[39m[90m           [39m [90m0.37s[39m  
  [32;1m✓[39;22m[90m [39m[90mFilament PropertyResource integrates with PropertyPolicy for create action @ repetition 42 of 100[39m[90m           [39m [90m0.81s[39m  
  [32;1m✓[39;22m[90m [39m[90mFilament PropertyResource integrates with PropertyPolicy for create action @ repetition 43 of 100[39m[90m           [39m [90m0.34s[39m  
  [32;1m✓[39;22m[90m [39m[90mFilament PropertyResource integrates with PropertyPolicy for create action @ repetition 44 of 100[39m[90m           [39m [90m0.35s[39m  
  [32;1m✓[39;22m[90m [39m[90mFilament PropertyResource integrates with PropertyPolicy for create action @ repetition 45 of 100[39m[90m           [39m [90m0.39s[39m  
  [32;1m✓[39;22m[90m [39m[90mFilament PropertyResource integrates with PropertyPolicy for create action @ repetition 46 of 100[39m[90m           [39m [90m0.34s[39m  
  [32;1m✓[39;22m[90m [39m[90mFilament PropertyResource integrates with PropertyPolicy for create action @ repetition 47 of 100[39m[90m           [39m [90m0.36s[39m  
  [32;1m✓[39;22m[90m [39m[90mFilament PropertyResource integrates with PropertyPolicy for create action @ repetition 48 of 100[39m[90m           [39m [90m0.33s[39m  
  [32;1m✓[39;22m[90m [39m[90mFilament PropertyResource integrates with PropertyPolicy for create action @ repetition 49 of 100[39m[90m           [39m [90m0.38s[39m  
  [32;1m✓[39;22m[90m [39m[90mFilament PropertyResource integrates with PropertyPolicy for create action @ repetition 50 of 100[39m[90m           [39m [90m0.90s[39m  
  [32;1m✓[39;22m[90m [39m[90mFilament PropertyResource integrates with PropertyPolicy for create action @ repetition 51 of 100[39m[90m           [39m [90m0.43s[39m  
  [32;1m✓[39;22m[90m [39m[90mFilament PropertyResource integrates with PropertyPolicy for create action @ repetition 52 of 100[39m[90m           [39m [90m0.36s[39m  
  [32;1m✓[39;22m[90m [39m[90mFilament PropertyResource integrates with PropertyPolicy for create action @ repetition 53 of 100[39m[90m           [39m [90m0.33s[39m  
  [32;1m✓[39;22m[90m [39m[90mFilament PropertyResource integrates with PropertyPolicy for create action @ repetition 54 of 100[39m[90m           [39m [90m0.31s[39m  
  [32;1m✓[39;22m[90m [39m[90mFilament PropertyResource integrates with PropertyPolicy for create action @ repetition 55 of 100[39m[90m           [39m [90m0.33s[39m  
  [32;1m✓[39;22m[90m [39m[90mFilament PropertyResource integrates with PropertyPolicy for create action @ repetition 56 of 100[39m[90m           [39m [90m0.30s[39m  
  [32;1m✓[39;22m[90m [39m[90mFilament PropertyResource integrates with PropertyPolicy for create action @ repetition 57 of 100[39m[90m           [39m [90m0.35s[39m  
  [32;1m✓[39;22m[90m [39m[90mFilament PropertyResource integrates with PropertyPolicy for create action @ repetition 58 of 100[39m[90m           [39m [90m0.92s[39m  
  [32;1m✓[39;22m[90m [39m[90mFilament PropertyResource integrates with PropertyPolicy for create action @ repetition 59 of 100[39m[90m           [39m [90m0.29s[39m  
  [32;1m✓[39;22m[90m [39m[90mFilament PropertyResource integrates with PropertyPolicy for create action @ repetition 60 of 100[39m[90m           [39m [90m0.29s[39m  
  [32;1m✓[39;22m[90m [39m[90mFilament PropertyResource integrates with PropertyPolicy for create action @ repetition 61 of 100[39m[90m           [39m [90m0.37s[39m  
  [32;1m✓[39;22m[90m [39m[90mFilament PropertyResource integrates with PropertyPolicy for create action @ repetition 62 of 100[39m[90m           [39m [90m0.30s[39m  
  [32;1m✓[39;22m[90m [39m[90mFilament PropertyResource integrates with PropertyPolicy for create action @ repetition 63 of 100[39m[90m           [39m [90m0.28s[39m  
  [32;1m✓[39;22m[90m [39m[90mFilament PropertyResource integrates with PropertyPolicy for create action @ repetition 64 of 100[39m[90m           [39m [90m0.30s[39m  
  [32;1m✓[39;22m[90m [39m[90mFilament PropertyResource integrates with PropertyPolicy for create action @ repetition 65 of 100[39m[90m           [39m [90m0.30s[39m  
  [32;1m✓[39;22m[90m [39m[90mFilament PropertyResource integrates with PropertyPolicy for create action @ repetition 66 of 100[39m[90m           [39m [90m0.88s[39m  
  [32;1m✓[39;22m[90m [39m[90mFilament PropertyResource integrates with PropertyPolicy for create action @ repetition 67 of 100[39m[90m           [39m [90m0.32s[39m  
  [32;1m✓[39;22m[90m [39m[90mFilament PropertyResource integrates with PropertyPolicy for create action @ repetition 68 of 100[39m[90m           [39m [90m0.28s[39m  
  [32;1m✓[39;22m[90m [39m[90mFilament PropertyResource integrates with PropertyPolicy for create action @ repetition 69 of 100[39m[90m           [39m [90m0.34s[39m  
  [32;1m✓[39;22m[90m [39m[90mFilament PropertyResource integrates with PropertyPolicy for create action @ repetition 70 of 100[39m[90m           [39m [90m0.42s[39m  
  [32;1m✓[39;22m[90m [39m[90mFilament PropertyResource integrates with PropertyPolicy for create action @ repetition 71 of 100[39m[90m           [39m [90m0.39s[39m  
  [32;1m✓[39;22m[90m [39m[90mFilament PropertyResource integrates with PropertyPolicy for create action @ repetition 72 of 100[39m[90m           [39m [90m0.34s[39m  
  [32;1m✓[39;22m[90m [39m[90mFilament PropertyResource integrates with PropertyPolicy for create action @ repetition 73 of 100[39m[90m           [39m [90m0.38s[39m  
  [32;1m✓[39;22m[90m [39m[90mFilament PropertyResource integrates with PropertyPolicy for create action @ repetition 74 of 100[39m[90m           [39m [90m0.91s[39m  
  [32;1m✓[39;22m[90m [39m[90mFilament PropertyResource integrates with PropertyPolicy for create action @ repetition 75 of 100[39m[90m           [39m [90m0.36s[39m  
  [32;1m✓[39;22m[90m [39m[90mFilament PropertyResource integrates with PropertyPolicy for create action @ repetition 76 of 100[39m[90m           [39m [90m0.38s[39m  
  [32;1m✓[39;22m[90m [39m[90mFilament PropertyResource integrates with PropertyPolicy for create action @ repetition 77 of 100[39m[90m           [39m [90m0.34s[39m  
  [32;1m✓[39;22m[90m [39m[90mFilament PropertyResource integrates with PropertyPolicy for create action @ repetition 78 of 100[39m[90m           [39m [90m0.31s[39m  
  [32;1m✓[39;22m[90m [39m[90mFilament PropertyResource integrates with PropertyPolicy for create action @ repetition 79 of 100[39m[90m           [39m [90m0.39s[39m  
  [32;1m✓[39;22m[90m [39m[90mFilament PropertyResource integrates with PropertyPolicy for create action @ repetition 80 of 100[39m[90m           [39m [90m0.28s[39m  
  [32;1m✓[39;22m[90m [39m[90mFilament PropertyResource integrates with PropertyPolicy for create action @ repetition 81 of 100[39m[90m           [39m [90m0.28s[39m  
  [32;1m✓[39;22m[90m [39m[90mFilament PropertyResource integrates with PropertyPolicy for create action @ repetition 82 of 100[39m[90m           [39m [90m0.88s[39m  
  [32;1m✓[39;22m[90m [39m[90mFilament PropertyResource integrates with PropertyPolicy for create action @ repetition 83 of 100[39m[90m           [39m [90m0.34s[39m  
  [32;1m✓[39;22m[90m [39m[90mFilament PropertyResource integrates with PropertyPolicy for create action @ repetition 84 of 100[39m[90m           [39m [90m0.28s[39m  
  [32;1m✓[39;22m[90m [39m[90mFilament PropertyResource integrates with PropertyPolicy for create action @ repetition 85 of 100[39m[90m           [39m [90m0.32s[39m  
  [32;1m✓[39;22m[90m [39m[90mFilament PropertyResource integrates with PropertyPolicy for create action @ repetition 86 of 100[39m[90m           [39m [90m0.31s[39m  
  [32;1m✓[39;22m[90m [39m[90mFilament PropertyResource integrates with PropertyPolicy for create action @ repetition 87 of 100[39m[90m           [39m [90m0.44s[39m  
  [32;1m✓[39;22m[90m [39m[90mFilament PropertyResource integrates with PropertyPolicy for create action @ repetition 88 of 100[39m[90m           [39m [90m0.25s[39m  
  [32;1m✓[39;22m[90m [39m[90mFilament PropertyResource integrates with PropertyPolicy for create action @ repetition 89 of 100[39m[90m           [39m [90m0.24s[39m  
  [32;1m✓[39;22m[90m [39m[90mFilament PropertyResource integrates with PropertyPolicy for create action @ repetition 90 of 100[39m[90m           [39m [90m0.80s[39m  
  [32;1m✓[39;22m[90m [39m[90mFilament PropertyResource integrates with PropertyPolicy for create action @ repetition 91 of 100[39m[90m           [39m [90m0.33s[39m  
  [32;1m✓[39;22m[90m [39m[90mFilament PropertyResource integrates with PropertyPolicy for create action @ repetition 92 of 100[39m[90m           [39m [90m0.34s[39m  
  [32;1m✓[39;22m[90m [39m[90mFilament PropertyResource integrates with PropertyPolicy for create action @ repetition 93 of 100[39m[90m           [39m [90m0.33s[39m  
  [32;1m✓[39;22m[90m [39m[90mFilament PropertyResource integrates with PropertyPolicy for create action @ repetition 94 of 100[39m[90m           [39m [90m0.32s[39m  
  [32;1m✓[39;22m[90m [39m[90mFilament PropertyResource integrates with PropertyPolicy for create action @ repetition 95 of 100[39m[90m           [39m [90m0.33s[39m  
  [32;1m✓[39;22m[90m [39m[90mFilament PropertyResource integrates with PropertyPolicy for create action @ repetition 96 of 100[39m[90m           [39m [90m0.31s[39m  
  [32;1m✓[39;22m[90m [39m[90mFilament PropertyResource integrates with PropertyPolicy for create action @ repetition 97 of 100[39m[90m           [39m [90m0.37s[39m  
  [32;1m✓[39;22m[90m [39m[90mFilament PropertyResource integrates with PropertyPolicy for create action @ repetition 98 of 100[39m[90m           [39m [90m0.84s[39m  
  [32;1m✓[39;22m[90m [39m[90mFilament PropertyResource integrates with PropertyPolicy for create action @ repetition 99 of 100[39m[90m           [39m [90m0.37s[39m  
  [32;1m✓[39;22m[90m [39m[90mFilament PropertyResource integrates with PropertyPolicy for create action @ repetition 100 of 100[39m[90m          [39m [90m0.30s[39m  
  [32;1m✓[39;22m[90m [39m[90mFilament PropertyResource integrates with PropertyPolicy for update action @ repetition 1 of 100[39m[90m            [39m [90m0.90s[39m  
  [32;1m✓[39;22m[90m [39m[90mFilament PropertyResource integrates with PropertyPolicy for update action @ repetition 2 of 100[39m[90m            [39m [90m0.44s[39m  
  [32;1m✓[39;22m[90m [39m[90mFilament PropertyResource integrates with PropertyPolicy for update action @ repetition 3 of 100[39m[90m            [39m [90m0.42s[39m  
  [32;1m✓[39;22m[90m [39m[90mFilament PropertyResource integrates with PropertyPolicy for update action @ repetition 4 of 100[39m[90m            [39m [90m0.35s[39m  
  [32;1m✓[39;22m[90m [39m[90mFilament PropertyResource integrates with PropertyPolicy for update action @ repetition 5 of 100[39m[90m            [39m [90m0.37s[39m  
  [32;1m✓[39;22m[90m [39m[90mFilament PropertyResource integrates with PropertyPolicy for update action @ repetition 6 of 100[39m[90m            [39m [90m0.41s[39m  
  [32;1m✓[39;22m[90m [39m[90mFilament PropertyResource integrates with PropertyPolicy for update action @ repetition 7 of 100[39m[90m            [39m [90m0.30s[39m  
  [32;1m✓[39;22m[90m [39m[90mFilament PropertyResource integrates with PropertyPolicy for update action @ repetition 8 of 100[39m[90m            [39m [90m0.31s[39m  
  [32;1m✓[39;22m[90m [39m[90mFilament PropertyResource integrates with PropertyPolicy for update action @ repetition 9 of 100[39m[90m            [39m [90m0.72s[39m  
  [32;1m✓[39;22m[90m [39m[90mFilament PropertyResource integrates with PropertyPolicy for update action @ repetition 10 of 100[39m[90m           [39m [90m0.36s[39m  
  [32;1m✓[39;22m[90m [39m[90mFilament PropertyResource integrates with PropertyPolicy for update action @ repetition 11 of 100[39m[90m           [39m [90m0.27s[39m  
  [32;1m✓[39;22m[90m [39m[90mFilament PropertyResource integrates with PropertyPolicy for update action @ repetition 12 of 100[39m[90m           [39m [90m0.33s[39m  
  [32;1m✓[39;22m[90m [39m[90mFilament PropertyResource integrates with PropertyPolicy for update action @ repetition 13 of 100[39m[90m           [39m [90m0.39s[39m  
  [32;1m✓[39;22m[90m [39m[90mFilament PropertyResource integrates with PropertyPolicy for update action @ repetition 14 of 100[39m[90m           [39m [90m0.39s[39m  
  [32;1m✓[39;22m[90m [39m[90mFilament PropertyResource integrates with PropertyPolicy for update action @ repetition 15 of 100[39m[90m           [39m [90m0.34s[39m  
  [32;1m✓[39;22m[90m [39m[90mFilament PropertyResource integrates with PropertyPolicy for update action @ repetition 16 of 100[39m[90m           [39m [90m0.20s[39m  
  [32;1m✓[39;22m[90m [39m[90mFilament PropertyResource integrates with PropertyPolicy for update action @ repetition 17 of 100[39m[90m           [39m [90m0.88s[39m  
  [32;1m✓[39;22m[90m [39m[90mFilament PropertyResource integrates with PropertyPolicy for update action @ repetition 18 of 100[39m[90m           [39m [90m0.39s[39m  
  [32;1m✓[39;22m[90m [39m[90mFilament PropertyResource integrates with PropertyPolicy for update action @ repetition 19 of 100[39m[90m           [39m [90m0.37s[39m  
  [32;1m✓[39;22m[90m [39m[90mFilament PropertyResource integrates with PropertyPolicy for update action @ repetition 20 of 100[39m[90m           [39m [90m0.31s[39m  
  [32;1m✓[39;22m[90m [39m[90mFilament PropertyResource integrates with PropertyPolicy for update action @ repetition 21 of 100[39m[90m           [39m [90m0.41s[39m  
  [32;1m✓[39;22m[90m [39m[90mFilament PropertyResource integrates with PropertyPolicy for update action @ repetition 22 of 100[39m[90m           [39m [90m0.32s[39m  
  [32;1m✓[39;22m[90m [39m[90mFilament PropertyResource integrates with PropertyPolicy for update action @ repetition 23 of 100[39m[90m           [39m [90m0.34s[39m  
  [32;1m✓[39;22m[90m [39m[90mFilament PropertyResource integrates with PropertyPolicy for update action @ repetition 24 of 100[39m[90m           [39m [90m0.39s[39m  
  [32;1m✓[39;22m[90m [39m[90mFilament PropertyResource integrates with PropertyPolicy for update action @ repetition 25 of 100[39m[90m           [39m [90m0.86s[39m  
  [32;1m✓[39;22m[90m [39m[90mFilament PropertyResource integrates with PropertyPolicy for update action @ repetition 26 of 100[39m[90m           [39m [90m0.39s[39m  
  [32;1m✓[39;22m[90m [39m[90mFilament PropertyResource integrates with PropertyPolicy for update action @ repetition 27 of 100[39m[90m           [39m [90m0.31s[39m  
  [32;1m✓[39;22m[90m [39m[90mFilament PropertyResource integrates with PropertyPolicy for update action @ repetition 28 of 100[39m[90m           [39m [90m0.28s[39m  
  [32;1m✓[39;22m[90m [39m[90mFilament PropertyResource integrates with PropertyPolicy for update action @ repetition 29 of 100[39m[90m           [39m [90m0.26s[39m  
  [32;1m✓[39;22m[90m [39m[90mFilament PropertyResource integrates with PropertyPolicy for update action @ repetition 30 of 100[39m[90m           [39m [90m0.27s[39m  
  [32;1m✓[39;22m[90m [39m[90mFilament PropertyResource integrates with PropertyPolicy for update action @ repetition 31 of 100[39m[90m           [39m [90m0.27s[39m  
  [32;1m✓[39;22m[90m [39m[90mFilament PropertyResource integrates with PropertyPolicy for update action @ repetition 32 of 100[39m[90m           [39m [90m0.21s[39m  
  [32;1m✓[39;22m[90m [39m[90mFilament PropertyResource integrates with PropertyPolicy for update action @ repetition 33 of 100[39m[90m           [39m [90m0.75s[39m  
  [32;1m✓[39;22m[90m [39m[90mFilament PropertyResource integrates with PropertyPolicy for update action @ repetition 34 of 100[39m[90m           [39m [90m0.30s[39m  
  [32;1m✓[39;22m[90m [39m[90mFilament PropertyResource integrates with PropertyPolicy for update action @ repetition 35 of 100[39m[90m           [39m [90m0.28s[39m  
  [32;1m✓[39;22m[90m [39m[90mFilament PropertyResource integrates with PropertyPolicy for update action @ repetition 36 of 100[39m[90m           [39m [90m0.33s[39m  
  [32;1m✓[39;22m[90m [39m[90mFilament PropertyResource integrates with PropertyPolicy for update action @ repetition 37 of 100[39m[90m           [39m [90m0.25s[39m  
  [32;1m✓[39;22m[90m [39m[90mFilament PropertyResource integrates with PropertyPolicy for update action @ repetition 38 of 100[39m[90m           [39m [90m0.36s[39m  
  [32;1m✓[39;22m[90m [39m[90mFilament PropertyResource integrates with PropertyPolicy for update action @ repetition 39 of 100[39m[90m           [39m [90m0.31s[39m  
  [32;1m✓[39;22m[90m [39m[90mFilament PropertyResource integrates with PropertyPolicy for update action @ repetition 40 of 100[39m[90m           [39m [90m0.29s[39m  
  [32;1m✓[39;22m[90m [39m[90mFilament PropertyResource integrates with PropertyPolicy for update action @ repetition 41 of 100[39m[90m           [39m [90m0.79s[39m  
  [32;1m✓[39;22m[90m [39m[90mFilament PropertyResource integrates with PropertyPolicy for update action @ repetition 42 of 100[39m[90m           [39m [90m0.24s[39m  
  [32;1m✓[39;22m[90m [39m[90mFilament PropertyResource integrates with PropertyPolicy for update action @ repetition 43 of 100[39m[90m           [39m [90m0.22s[39m  
  [32;1m✓[39;22m[90m [39m[90mFilament PropertyResource integrates with PropertyPolicy for update action @ repetition 44 of 100[39m[90m           [39m [90m0.32s[39m  
  [32;1m✓[39;22m[90m [39m[90mFilament PropertyResource integrates with PropertyPolicy for update action @ repetition 45 of 100[39m[90m           [39m [90m0.25s[39m  
  [32;1m✓[39;22m[90m [39m[90mFilament PropertyResource integrates with PropertyPolicy for update action @ repetition 46 of 100[39m[90m           [39m [90m0.20s[39m  
  [32;1m✓[39;22m[90m [39m[90mFilament PropertyResource integrates with PropertyPolicy for update action @ repetition 47 of 100[39m[90m           [39m [90m0.23s[39m  
  [32;1m✓[39;22m[90m [39m[90mFilament PropertyResource integrates with PropertyPolicy for update action @ repetition 48 of 100[39m[90m           [39m [90m0.28s[39m  
  [32;1m✓[39;22m[90m [39m[90mFilament PropertyResource integrates with PropertyPolicy for update action @ repetition 49 of 100[39m[90m           [39m [90m0.87s[39m  
  [32;1m✓[39;22m[90m [39m[90mFilament PropertyResource integrates with PropertyPolicy for update action @ repetition 50 of 100[39m[90m           [39m [90m0.27s[39m  
  [32;1m✓[39;22m[90m [39m[90mFilament PropertyResource integrates with PropertyPolicy for update action @ repetition 51 of 100[39m[90m           [39m [90m0.24s[39m  
  [32;1m✓[39;22m[90m [39m[90mFilament PropertyResource integrates with PropertyPolicy for update action @ repetition 52 of 100[39m[90m           [39m [90m0.29s[39m  
  [32;1m✓[39;22m[90m [39m[90mFilament PropertyResource integrates with PropertyPolicy for update action @ repetition 53 of 100[39m[90m           [39m [90m0.28s[39m  
  [32;1m✓[39;22m[90m [39m[90mFilament PropertyResource integrates with PropertyPolicy for update action @ repetition 54 of 100[39m[90m           [39m [90m0.33s[39m  
  [32;1m✓[39;22m[90m [39m[90mFilament PropertyResource integrates with PropertyPolicy for update action @ repetition 55 of 100[39m[90m           [39m [90m0.27s[39m  
  [32;1m✓[39;22m[90m [39m[90mFilament PropertyResource integrates with PropertyPolicy for update action @ repetition 56 of 100[39m[90m           [39m [90m0.25s[39m  
  [32;1m✓[39;22m[90m [39m[90mFilament PropertyResource integrates with PropertyPolicy for update action @ repetition 57 of 100[39m[90m           [39m [90m0.71s[39m  
  [32;1m✓[39;22m[90m [39m[90mFilament PropertyResource integrates with PropertyPolicy for update action @ repetition 58 of 100[39m[90m           [39m [90m0.25s[39m  
  [32;1m✓[39;22m[90m [39m[90mFilament PropertyResource integrates with PropertyPolicy for update action @ repetition 59 of 100[39m[90m           [39m [90m0.25s[39m  
  [32;1m✓[39;22m[90m [39m[90mFilament PropertyResource integrates with PropertyPolicy for update action @ repetition 60 of 100[39m[90m           [39m [90m0.22s[39m  
  [32;1m✓[39;22m[90m [39m[90mFilament PropertyResource integrates with PropertyPolicy for update action @ repetition 61 of 100[39m[90m           [39m [90m0.23s[39m  
  [32;1m✓[39;22m[90m [39m[90mFilament PropertyResource integrates with PropertyPolicy for update action @ repetition 62 of 100[39m[90m           [39m [90m0.23s[39m  
  [32;1m✓[39;22m[90m [39m[90mFilament PropertyResource integrates with PropertyPolicy for update action @ repetition 63 of 100[39m[90m           [39m [90m0.25s[39m  
  [32;1m✓[39;22m[90m [39m[90mFilament PropertyResource integrates with PropertyPolicy for update action @ repetition 64 of 100[39m[90m           [39m [90m0.23s[39m  
  [32;1m✓[39;22m[90m [39m[90mFilament PropertyResource integrates with PropertyPolicy for update action @ repetition 65 of 100[39m[90m           [39m [90m0.66s[39m  
  [32;1m✓[39;22m[90m [39m[90mFilament PropertyResource integrates with PropertyPolicy for update action @ repetition 66 of 100[39m[90m           [39m [90m0.30s[39m  
  [32;1m✓[39;22m[90m [39m[90mFilament PropertyResource integrates with PropertyPolicy for update action @ repetition 67 of 100[39m[90m           [39m [90m0.29s[39m  
  [32;1m✓[39;22m[90m [39m[90mFilament PropertyResource integrates with PropertyPolicy for update action @ repetition 68 of 100[39m[90m           [39m [90m0.20s[39m  
  [32;1m✓[39;22m[90m [39m[90mFilament PropertyResource integrates with PropertyPolicy for update action @ repetition 69 of 100[39m[90m           [39m [90m0.18s[39m  
  [32;1m✓[39;22m[90m [39m[90mFilament PropertyResource integrates with PropertyPolicy for update action @ repetition 70 of 100[39m[90m           [39m [90m0.25s[39m  
  [32;1m✓[39;22m[90m [39m[90mFilament PropertyResource integrates with PropertyPolicy for update action @ repetition 71 of 100[39m[90m           [39m [90m0.22s[39m  
  [32;1m✓[39;22m[90m [39m[90mFilament PropertyResource integrates with PropertyPolicy for update action @ repetition 72 of 100[39m[90m           [39m [90m0.23s[39m  
  [32;1m✓[39;22m[90m [39m[90mFilament PropertyResource integrates with PropertyPolicy for update action @ repetition 73 of 100[39m[90m           [39m [90m0.61s[39m  
  [32;1m✓[39;22m[90m [39m[90mFilament PropertyResource integrates with PropertyPolicy for update action @ repetition 74 of 100[39m[90m           [39m [90m0.23s[39m  
  [32;1m✓[39;22m[90m [39m[90mFilament PropertyResource integrates with PropertyPolicy for update action @ repetition 75 of 100[39m[90m           [39m [90m0.19s[39m  
  [32;1m✓[39;22m[90m [39m[90mFilament PropertyResource integrates with PropertyPolicy for update action @ repetition 76 of 100[39m[90m           [39m [90m0.17s[39m  
  [32;1m✓[39;22m[90m [39m[90mFilament PropertyResource integrates with PropertyPolicy for update action @ repetition 77 of 100[39m[90m           [39m [90m0.20s[39m  
  [32;1m✓[39;22m[90m [39m[90mFilament PropertyResource integrates with PropertyPolicy for update action @ repetition 78 of 100[39m[90m           [39m [90m0.21s[39m  
  [32;1m✓[39;22m[90m [39m[90mFilament PropertyResource integrates with PropertyPolicy for update action @ repetition 79 of 100[39m[90m           [39m [90m0.22s[39m  
  [32;1m✓[39;22m[90m [39m[90mFilament PropertyResource integrates with PropertyPolicy for update action @ repetition 80 of 100[39m[90m           [39m [90m0.25s[39m  
  [32;1m✓[39;22m[90m [39m[90mFilament PropertyResource integrates with PropertyPolicy for update action @ repetition 81 of 100[39m[90m           [39m [90m0.73s[39m  
  [32;1m✓[39;22m[90m [39m[90mFilament PropertyResource integrates with PropertyPolicy for update action @ repetition 82 of 100[39m[90m           [39m [90m0.26s[39m  
  [32;1m✓[39;22m[90m [39m[90mFilament PropertyResource integrates with PropertyPolicy for update action @ repetition 83 of 100[39m[90m           [39m [90m0.17s[39m  
  [32;1m✓[39;22m[90m [39m[90mFilament PropertyResource integrates with PropertyPolicy for update action @ repetition 84 of 100[39m[90m           [39m [90m0.21s[39m  
  [32;1m✓[39;22m[90m [39m[90mFilament PropertyResource integrates with PropertyPolicy for update action @ repetition 85 of 100[39m[90m           [39m [90m0.21s[39m  
  [32;1m✓[39;22m[90m [39m[90mFilament PropertyResource integrates with PropertyPolicy for update action @ repetition 86 of 100[39m[90m           [39m [90m0.26s[39m  
  [32;1m✓[39;22m[90m [39m[90mFilament PropertyResource integrates with PropertyPolicy for update action @ repetition 87 of 100[39m[90m           [39m [90m0.23s[39m  
  [32;1m✓[39;22m[90m [39m[90mFilament PropertyResource integrates with PropertyPolicy for update action @ repetition 88 of 100[39m[90m           [39m [90m0.18s[39m  
  [32;1m✓[39;22m[90m [39m[90mFilament PropertyResource integrates with PropertyPolicy for update action @ repetition 89 of 100[39m[90m           [39m [90m0.60s[39m  
  [32;1m✓[39;22m[90m [39m[90mFilament PropertyResource integrates with PropertyPolicy for update action @ repetition 90 of 100[39m[90m           [39m [90m0.19s[39m  
  [32;1m✓[39;22m[90m [39m[90mFilament PropertyResource integrates with PropertyPolicy for update action @ repetition 91 of 100[39m[90m           [39m [90m0.22s[39m  
  [32;1m✓[39;22m[90m [39m[90mFilament PropertyResource integrates with PropertyPolicy for update action @ repetition 92 of 100[39m[90m           [39m [90m0.25s[39m  
  [32;1m✓[39;22m[90m [39m[90mFilament PropertyResource integrates with PropertyPolicy for update action @ repetition 93 of 100[39m[90m           [39m [90m0.17s[39m  
  [32;1m✓[39;22m[90m [39m[90mFilament PropertyResource integrates with PropertyPolicy for update action @ repetition 94 of 100[39m[90m           [39m [90m0.22s[39m  
  [32;1m✓[39;22m[90m [39m[90mFilament PropertyResource integrates with PropertyPolicy for update action @ repetition 95 of 100[39m[90m           [39m [90m0.20s[39m  
  [32;1m✓[39;22m[90m [39m[90mFilament PropertyResource integrates with PropertyPolicy for update action @ repetition 96 of 100[39m[90m           [39m [90m0.22s[39m  
  [32;1m✓[39;22m[90m [39m[90mFilament PropertyResource integrates with PropertyPolicy for update action @ repetition 97 of 100[39m[90m           [39m [90m0.65s[39m  
  [32;1m✓[39;22m[90m [39m[90mFilament PropertyResource integrates with PropertyPolicy for update action @ repetition 98 of 100[39m[90m           [39m [90m0.22s[39m  
  [32;1m✓[39;22m[90m [39m[90mFilament PropertyResource integrates with PropertyPolicy for update action @ repetition 99 of 100[39m[90m           [39m [90m0.23s[39m  
  [32;1m✓[39;22m[90m [39m[90mFilament PropertyResource integrates with PropertyPolicy for update action @ repetition 100 of 100[39m[90m          [39m [90m0.20s[39m  
  [32;1m✓[39;22m[90m [39m[90mFilament PropertyResource integrates with PropertyPolicy for delete action @ repetition 1 of 100[39m[90m            [39m [90m0.14s[39m  
  [32;1m✓[39;22m[90m [39m[90mFilament PropertyResource integrates with PropertyPolicy for delete action @ repetition 2 of 100[39m[90m            [39m [90m0.20s[39m  
  [32;1m✓[39;22m[90m [39m[90mFilament PropertyResource integrates with PropertyPolicy for delete action @ repetition 3 of 100[39m[90m            [39m [90m0.21s[39m  
  [32;1m✓[39;22m[90m [39m[90mFilament PropertyResource integrates with PropertyPolicy for delete action @ repetition 4 of 100[39m[90m            [39m [90m0.16s[39m  
  [32;1m✓[39;22m[90m [39m[90mFilament PropertyResource integrates with PropertyPolicy for delete action @ repetition 5 of 100[39m[90m            [39m [90m0.15s[39m  
  [32;1m✓[39;22m[90m [39m[90mFilament PropertyResource integrates with PropertyPolicy for delete action @ repetition 6 of 100[39m[90m            [39m [90m0.17s[39m  
  [32;1m✓[39;22m[90m [39m[90mFilament PropertyResource integrates with PropertyPolicy for delete action @ repetition 7 of 100[39m[90m            [39m [90m0.19s[39m  
  [32;1m✓[39;22m[90m [39m[90mFilament PropertyResource integrates with PropertyPolicy for delete action @ repetition 8 of 100[39m[90m            [39m [90m0.51s[39m  
  [32;1m✓[39;22m[90m [39m[90mFilament PropertyResource integrates with PropertyPolicy for delete action @ repetition 9 of 100[39m[90m            [39m [90m0.26s[39m  
  [32;1m✓[39;22m[90m [39m[90mFilament PropertyResource integrates with PropertyPolicy for delete action @ repetition 10 of 100[39m[90m           [39m [90m0.20s[39m  
  [32;1m✓[39;22m[90m [39m[90mFilament PropertyResource integrates with PropertyPolicy for delete action @ repetition 11 of 100[39m[90m           [39m [90m0.23s[39m  
  [32;1m✓[39;22m[90m [39m[90mFilament PropertyResource integrates with PropertyPolicy for delete action @ repetition 12 of 100[39m[90m           [39m [90m0.26s[39m  
  [32;1m✓[39;22m[90m [39m[90mFilament PropertyResource integrates with PropertyPolicy for delete action @ repetition 13 of 100[39m[90m           [39m [90m0.22s[39m  
  [32;1m✓[39;22m[90m [39m[90mFilament PropertyResource integrates with PropertyPolicy for delete action @ repetition 14 of 100[39m[90m           [39m [90m0.22s[39m  
  [32;1m✓[39;22m[90m [39m[90mFilament PropertyResource integrates with PropertyPolicy for delete action @ repetition 15 of 100[39m[90m           [39m [90m0.22s[39m  
  [32;1m✓[39;22m[90m [39m[90mFilament PropertyResource integrates with PropertyPolicy for delete action @ repetition 16 of 100[39m[90m           [39m [90m0.63s[39m  
  [32;1m✓[39;22m[90m [39m[90mFilament PropertyResource integrates with PropertyPolicy for delete action @ repetition 17 of 100[39m[90m           [39m [90m0.21s[39m  
  [32;1m✓[39;22m[90m [39m[90mFilament PropertyResource integrates with PropertyPolicy for delete action @ repetition 18 of 100[39m[90m           [39m [90m0.22s[39m  
  [32;1m✓[39;22m[90m [39m[90mFilament PropertyResource integrates with PropertyPolicy for delete action @ repetition 19 of 100[39m[90m           [39m [90m0.21s[39m  
  [32;1m✓[39;22m[90m [39m[90mFilament PropertyResource integrates with PropertyPolicy for delete action @ repetition 20 of 100[39m[90m           [39m [90m0.20s[39m  
  [32;1m✓[39;22m[90m [39m[90mFilament PropertyResource integrates with PropertyPolicy for delete action @ repetition 21 of 100[39m[90m           [39m [90m0.21s[39m  
  [32;1m✓[39;22m[90m [39m[90mFilament PropertyResource integrates with PropertyPolicy for delete action @ repetition 22 of 100[39m[90m           [39m [90m0.20s[39m  
  [32;1m✓[39;22m[90m [39m[90mFilament PropertyResource integrates with PropertyPolicy for delete action @ repetition 23 of 100[39m[90m           [39m [90m0.20s[39m  
  [32;1m✓[39;22m[90m [39m[90mFilament PropertyResource integrates with PropertyPolicy for delete action @ repetition 24 of 100[39m[90m           [39m [90m0.67s[39m  
  [32;1m✓[39;22m[90m [39m[90mFilament PropertyResource integrates with PropertyPolicy for delete action @ repetition 25 of 100[39m[90m           [39m [90m0.19s[39m  
  [32;1m✓[39;22m[90m [39m[90mFilament PropertyResource integrates with PropertyPolicy for delete action @ repetition 26 of 100[39m[90m           [39m [90m0.23s[39m  
  [32;1m✓[39;22m[90m [39m[90mFilament PropertyResource integrates with PropertyPolicy for delete action @ repetition 27 of 100[39m[90m           [39m [90m0.27s[39m  
  [32;1m✓[39;22m[90m [39m[90mFilament PropertyResource integrates with PropertyPolicy for delete action @ repetition 28 of 100[39m[90m           [39m [90m0.24s[39m  
  [32;1m✓[39;22m[90m [39m[90mFilament PropertyResource integrates with PropertyPolicy for delete action @ repetition 29 of 100[39m[90m           [39m [90m0.24s[39m  
  [32;1m✓[39;22m[90m [39m[90mFilament PropertyResource integrates with PropertyPolicy for delete action @ repetition 30 of 100[39m[90m           [39m [90m0.22s[39m  
  [32;1m✓[39;22m[90m [39m[90mFilament PropertyResource integrates with PropertyPolicy for delete action @ repetition 31 of 100[39m[90m           [39m [90m0.20s[39m  
  [32;1m✓[39;22m[90m [39m[90mFilament PropertyResource integrates with PropertyPolicy for delete action @ repetition 32 of 100[39m[90m           [39m [90m0.59s[39m  
  [32;1m✓[39;22m[90m [39m[90mFilament PropertyResource integrates with PropertyPolicy for delete action @ repetition 33 of 100[39m[90m           [39m [90m0.22s[39m  
  [32;1m✓[39;22m[90m [39m[90mFilament PropertyResource integrates with PropertyPolicy for delete action @ repetition 34 of 100[39m[90m           [39m [90m0.19s[39m  
  [32;1m✓[39;22m[90m [39m[90mFilament PropertyResource integrates with PropertyPolicy for delete action @ repetition 35 of 100[39m[90m           [39m [90m0.21s[39m  
  [32;1m✓[39;22m[90m [39m[90mFilament PropertyResource integrates with PropertyPolicy for delete action @ repetition 36 of 100[39m[90m           [39m [90m0.20s[39m  
  [32;1m✓[39;22m[90m [39m[90mFilament PropertyResource integrates with PropertyPolicy for delete action @ repetition 37 of 100[39m[90m           [39m [90m0.20s[39m  
  [32;1m✓[39;22m[90m [39m[90mFilament PropertyResource integrates with PropertyPolicy for delete action @ repetition 38 of 100[39m[90m           [39m [90m0.19s[39m  
  [32;1m✓[39;22m[90m [39m[90mFilament PropertyResource integrates with PropertyPolicy for delete action @ repetition 39 of 100[39m[90m           [39m [90m0.19s[39m  
  [32;1m✓[39;22m[90m [39m[90mFilament PropertyResource integrates with PropertyPolicy for delete action @ repetition 40 of 100[39m[90m           [39m [90m0.58s[39m  
  [32;1m✓[39;22m[90m [39m[90mFilament PropertyResource integrates with PropertyPolicy for delete action @ repetition 41 of 100[39m[90m           [39m [90m0.21s[39m  
  [32;1m✓[39;22m[90m [39m[90mFilament PropertyResource integrates with PropertyPolicy for delete action @ repetition 42 of 100[39m[90m           [39m [90m0.18s[39m  
  [32;1m✓[39;22m[90m [39m[90mFilament PropertyResource integrates with PropertyPolicy for delete action @ repetition 43 of 100[39m[90m           [39m [90m0.20s[39m  
  [32;1m✓[39;22m[90m [39m[90mFilament PropertyResource integrates with PropertyPolicy for delete action @ repetition 44 of 100[39m[90m           [39m [90m0.18s[39m  
  [32;1m✓[39;22m[90m [39m[90mFilament PropertyResource integrates with PropertyPolicy for delete action @ repetition 45 of 100[39m[90m           [39m [90m0.18s[39m  
  [32;1m✓[39;22m[90m [39m[90mFilament PropertyResource integrates with PropertyPolicy for delete action @ repetition 46 of 100[39m[90m           [39m [90m0.18s[39m  
  [32;1m✓[39;22m[90m [39m[90mFilament PropertyResource integrates with PropertyPolicy for delete action @ repetition 47 of 100[39m[90m           [39m [90m0.24s[39m  
  [32;1m✓[39;22m[90m [39m[90mFilament PropertyResource integrates with PropertyPolicy for delete action @ repetition 48 of 100[39m[90m           [39m [90m0.58s[39m  
  [32;1m✓[39;22m[90m [39m[90mFilament PropertyResource integrates with PropertyPolicy for delete action @ repetition 49 of 100[39m[90m           [39m [90m0.16s[39m  
  [32;1m✓[39;22m[90m [39m[90mFilament PropertyResource integrates with PropertyPolicy for delete action @ repetition 50 of 100[39m[90m           [39m [90m0.16s[39m  
  [32;1m✓[39;22m[90m [39m[90mFilament PropertyResource integrates with PropertyPolicy for delete action @ repetition 51 of 100[39m[90m           [39m [90m0.23s[39m  
  [32;1m✓[39;22m[90m [39m[90mFilament PropertyResource integrates with PropertyPolicy for delete action @ repetition 52 of 100[39m[90m           [39m [90m0.19s[39m  
  [32;1m✓[39;22m[90m [39m[90mFilament PropertyResource integrates with PropertyPolicy for delete action @ repetition 53 of 100[39m[90m           [39m [90m0.23s[39m  
  [32;1m✓[39;22m[90m [39m[90mFilament PropertyResource integrates with PropertyPolicy for delete action @ repetition 54 of 100[39m[90m           [39m [90m0.20s[39m  
  [32;1m✓[39;22m[90m [39m[90mFilament PropertyResource integrates with PropertyPolicy for delete action @ repetition 55 of 100[39m[90m           [39m [90m0.20s[39m  
  [32;1m✓[39;22m[90m [39m[90mFilament PropertyResource integrates with PropertyPolicy for delete action @ repetition 56 of 100[39m[90m           [39m [90m0.65s[39m  
  [32;1m✓[39;22m[90m [39m[90mFilament PropertyResource integrates with PropertyPolicy for delete action @ repetition 57 of 100[39m[90m           [39m [90m0.25s[39m  
  [32;1m✓[39;22m[90m [39m[90mFilament PropertyResource integrates with PropertyPolicy for delete action @ repetition 58 of 100[39m[90m           [39m [90m0.22s[39m  
  [32;1m✓[39;22m[90m [39m[90mFilament PropertyResource integrates with PropertyPolicy for delete action @ repetition 59 of 100[39m[90m           [39m [90m0.22s[39m  
  [32;1m✓[39;22m[90m [39m[90mFilament PropertyResource integrates with PropertyPolicy for delete action @ repetition 60 of 100[39m[90m           [39m [90m0.19s[39m  
  [32;1m✓[39;22m[90m [39m[90mFilament PropertyResource integrates with PropertyPolicy for delete action @ repetition 61 of 100[39m[90m           [39m [90m0.23s[39m  
  [32;1m✓[39;22m[90m [39m[90mFilament PropertyResource integrates with PropertyPolicy for delete action @ repetition 62 of 100[39m[90m           [39m [90m0.23s[39m  
  [32;1m✓[39;22m[90m [39m[90mFilament PropertyResource integrates with PropertyPolicy for delete action @ repetition 63 of 100[39m[90m           [39m [90m0.22s[39m  
  [32;1m✓[39;22m[90m [39m[90mFilament PropertyResource integrates with PropertyPolicy for delete action @ repetition 64 of 100[39m[90m           [39m [90m0.63s[39m  
  [32;1m✓[39;22m[90m [39m[90mFilament PropertyResource integrates with PropertyPolicy for delete action @ repetition 65 of 100[39m[90m           [39m [90m0.23s[39m  
  [32;1m✓[39;22m[90m [39m[90mFilament PropertyResource integrates with PropertyPolicy for delete action @ repetition 66 of 100[39m[90m           [39m [90m0.23s[39m  
  [32;1m✓[39;22m[90m [39m[90mFilament PropertyResource integrates with PropertyPolicy for delete action @ repetition 67 of 100[39m[90m           [39m [90m0.21s[39m  
  [32;1m✓[39;22m[90m [39m[90mFilament PropertyResource integrates with PropertyPolicy for delete action @ repetition 68 of 100[39m[90m           [39m [90m0.23s[39m  
  [32;1m✓[39;22m[90m [39m[90mFilament PropertyResource integrates with PropertyPolicy for delete action @ repetition 69 of 100[39m[90m           [39m [90m0.22s[39m  
  [32;1m✓[39;22m[90m [39m[90mFilament PropertyResource integrates with PropertyPolicy for delete action @ repetition 70 of 100[39m[90m           [39m [90m0.24s[39m  
  [32;1m✓[39;22m[90m [39m[90mFilament PropertyResource integrates with PropertyPolicy for delete action @ repetition 71 of 100[39m[90m           [39m [90m0.20s[39m  
  [32;1m✓[39;22m[90m [39m[90mFilament PropertyResource integrates with PropertyPolicy for delete action @ repetition 72 of 100[39m[90m           [39m [90m0.62s[39m  
  [32;1m✓[39;22m[90m [39m[90mFilament PropertyResource integrates with PropertyPolicy for delete action @ repetition 73 of 100[39m[90m           [39m [90m0.25s[39m  
  [32;1m✓[39;22m[90m [39m[90mFilament PropertyResource integrates with PropertyPolicy for delete action @ repetition 74 of 100[39m[90m           [39m [90m0.26s[39m  
  [32;1m✓[39;22m[90m [39m[90mFilament PropertyResource integrates with PropertyPolicy for delete action @ repetition 75 of 100[39m[90m           [39m [90m0.21s[39m  
  [32;1m✓[39;22m[90m [39m[90mFilament PropertyResource integrates with PropertyPolicy for delete action @ repetition 76 of 100[39m[90m           [39m [90m0.23s[39m  
  [32;1m✓[39;22m[90m [39m[90mFilament PropertyResource integrates with PropertyPolicy for delete action @ repetition 77 of 100[39m[90m           [39m [90m0.23s[39m  
  [32;1m✓[39;22m[90m [39m[90mFilament PropertyResource integrates with PropertyPolicy for delete action @ repetition 78 of 100[39m[90m           [39m [90m0.21s[39m  
  [32;1m✓[39;22m[90m [39m[90mFilament PropertyResource integrates with PropertyPolicy for delete action @ repetition 79 of 100[39m[90m           [39m [90m0.19s[39m  
  [32;1m✓[39;22m[90m [39m[90mFilament PropertyResource integrates with PropertyPolicy for delete action @ repetition 80 of 100[39m[90m           [39m [90m0.60s[39m  
  [32;1m✓[39;22m[90m [39m[90mFilament PropertyResource integrates with PropertyPolicy for delete action @ repetition 81 of 100[39m[90m           [39m [90m0.22s[39m  
  [32;1m✓[39;22m[90m [39m[90mFilament PropertyResource integrates with PropertyPolicy for delete action @ repetition 82 of 100[39m[90m           [39m [90m0.22s[39m  
  [32;1m✓[39;22m[90m [39m[90mFilament PropertyResource integrates with PropertyPolicy for delete action @ repetition 83 of 100[39m[90m           [39m [90m0.20s[39m  
  [32;1m✓[39;22m[90m [39m[90mFilament PropertyResource integrates with PropertyPolicy for delete action @ repetition 84 of 100[39m[90m           [39m [90m0.18s[39m  
  [32;1m✓[39;22m[90m [39m[90mFilament PropertyResource integrates with PropertyPolicy for delete action @ repetition 85 of 100[39m[90m           [39m [90m0.20s[39m  
  [32;1m✓[39;22m[90m [39m[90mFilament PropertyResource integrates with PropertyPolicy for delete action @ repetition 86 of 100[39m[90m           [39m [90m0.22s[39m  
  [32;1m✓[39;22m[90m [39m[90mFilament PropertyResource integrates with PropertyPolicy for delete action @ repetition 87 of 100[39m[90m           [39m [90m0.21s[39m  
  [32;1m✓[39;22m[90m [39m[90mFilament PropertyResource integrates with PropertyPolicy for delete action @ repetition 88 of 100[39m[90m           [39m [90m0.63s[39m  
  [32;1m✓[39;22m[90m [39m[90mFilament PropertyResource integrates with PropertyPolicy for delete action @ repetition 89 of 100[39m[90m           [39m [90m0.25s[39m  
  [32;1m✓[39;22m[90m [39m[90mFilament PropertyResource integrates with PropertyPolicy for delete action @ repetition 90 of 100[39m[90m           [39m [90m0.26s[39m  
  [32;1m✓[39;22m[90m [39m[90mFilament PropertyResource integrates with PropertyPolicy for delete action @ repetition 91 of 100[39m[90m           [39m [90m0.19s[39m  
  [32;1m✓[39;22m[90m [39m[90mFilament PropertyResource integrates with PropertyPolicy for delete action @ repetition 92 of 100[39m[90m           [39m [90m0.22s[39m  
  [32;1m✓[39;22m[90m [39m[90mFilament PropertyResource integrates with PropertyPolicy for delete action @ repetition 93 of 100[39m[90m           [39m [90m0.19s[39m  
  [32;1m✓[39;22m[90m [39m[90mFilament PropertyResource integrates with PropertyPolicy for delete action @ repetition 94 of 100[39m[90m           [39m [90m0.21s[39m  
  [32;1m✓[39;22m[90m [39m[90mFilament PropertyResource integrates with PropertyPolicy for delete action @ repetition 95 of 100[39m[90m           [39m [90m0.22s[39m  
  [32;1m✓[39;22m[90m [39m[90mFilament PropertyResource integrates with PropertyPolicy for delete action @ repetition 96 of 100[39m[90m           [39m [90m0.58s[39m  
  [32;1m✓[39;22m[90m [39m[90mFilament PropertyResource integrates with PropertyPolicy for delete action @ repetition 97 of 100[39m[90m           [39m [90m0.22s[39m  
  [32;1m✓[39;22m[90m [39m[90mFilament PropertyResource integrates with PropertyPolicy for delete action @ repetition 98 of 100[39m[90m           [39m [90m0.24s[39m  
  [32;1m✓[39;22m[90m [39m[90mFilament PropertyResource integrates with PropertyPolicy for delete action @ repetition 99 of 100[39m[90m           [39m [90m0.19s[39m  
  [32;1m✓[39;22m[90m [39m[90mFilament PropertyResource integrates with PropertyPolicy for delete action @ repetition 100 of 100[39m[90m          [39m [90m0.25s[39m  
  [32;1m✓[39;22m[90m [39m[90mFilament MeterReadingResource integrates with MeterReadingPolicy for viewAny action @ repetition 1 of 100[39m[90m   [39m [90m0.21s[39m  
  [32;1m✓[39;22m[90m [39m[90mFilament MeterReadingResource integrates with MeterReadingPolicy for viewAny action @ repetition 2 of 100[39m[90m   [39m [90m0.19s[39m  
  [32;1m✓[39;22m[90m [39m[90mFilament MeterReadingResource integrates with MeterReadingPolicy for viewAny action @ repetition 3 of 100[39m[90m   [39m [90m0.23s[39m  
  [32;1m✓[39;22m[90m [39m[90mFilament MeterReadingResource integrates with MeterReadingPolicy for viewAny action @ repetition 4 of 100[39m[90m   [39m [90m0.24s[39m  
  [32;1m✓[39;22m[90m [39m[90mFilament MeterReadingResource integrates with MeterReadingPolicy for viewAny action @ repetition 5 of 100[39m[90m   [39m [90m0.21s[39m  
  [32;1m✓[39;22m[90m [39m[90mFilament MeterReadingResource integrates with MeterReadingPolicy for viewAny action @ repetition 6 of 100[39m[90m   [39m [90m0.21s[39m  
  [32;1m✓[39;22m[90m [39m[90mFilament MeterReadingResource integrates with MeterReadingPolicy for viewAny action @ repetition 7 of 100[39m[90m   [39m [90m0.48s[39m  
  [32;1m✓[39;22m[90m [39m[90mFilament MeterReadingResource integrates with MeterReadingPolicy for viewAny action @ repetition 8 of 100[39m[90m   [39m [90m0.25s[39m  
  [32;1m✓[39;22m[90m [39m[90mFilament MeterReadingResource integrates with MeterReadingPolicy for viewAny action @ repetition 9 of 100[39m[90m   [39m [90m0.24s[39m  
  [32;1m✓[39;22m[90m [39m[90mFilament MeterReadingResource integrates with MeterReadingPolicy for viewAny action @ repetition 10 of 100[39m[90m  [39m [90m0.17s[39m  
  [32;1m✓[39;22m[90m [39m[90mFilament MeterReadingResource integrates with MeterReadingPolicy for viewAny action @ repetition 11 of 100[39m[90m  [39m [90m0.22s[39m  
  [32;1m✓[39;22m[90m [39m[90mFilament MeterReadingResource integrates with MeterReadingPolicy for viewAny action @ repetition 12 of 100[39m[90m  [39m [90m0.24s[39m  
  [32;1m✓[39;22m[90m [39m[90mFilament MeterReadingResource integrates with MeterReadingPolicy for viewAny action @ repetition 13 of 100[39m[90m  [39m [90m0.22s[39m  
  [32;1m✓[39;22m[90m [39m[90mFilament MeterReadingResource integrates with MeterReadingPolicy for viewAny action @ repetition 14 of 100[39m[90m  [39m [90m0.22s[39m  
  [32;1m✓[39;22m[90m [39m[90mFilament MeterReadingResource integrates with MeterReadingPolicy for viewAny action @ repetition 15 of 100[39m[90m  [39m [90m0.77s[39m  
  [32;1m✓[39;22m[90m [39m[90mFilament MeterReadingResource integrates with MeterReadingPolicy for viewAny action @ repetition 16 of 100[39m[90m  [39m [90m0.23s[39m  
  [32;1m✓[39;22m[90m [39m[90mFilament MeterReadingResource integrates with MeterReadingPolicy for viewAny action @ repetition 17 of 100[39m[90m  [39m [90m0.23s[39m  
  [32;1m✓[39;22m[90m [39m[90mFilament MeterReadingResource integrates with MeterReadingPolicy for viewAny action @ repetition 18 of 100[39m[90m  [39m [90m0.27s[39m  
  [32;1m✓[39;22m[90m [39m[90mFilament MeterReadingResource integrates with MeterReadingPolicy for viewAny action @ repetition 19 of 100[39m[90m  [39m [90m0.26s[39m  
  [32;1m✓[39;22m[90m [39m[90mFilament MeterReadingResource integrates with MeterReadingPolicy for viewAny action @ repetition 20 of 100[39m[90m  [39m [90m0.25s[39m  
  [32;1m✓[39;22m[90m [39m[90mFilament MeterReadingResource integrates with MeterReadingPolicy for viewAny action @ repetition 21 of 100[39m[90m  [39m [90m0.23s[39m  
  [32;1m✓[39;22m[90m [39m[90mFilament MeterReadingResource integrates with MeterReadingPolicy for viewAny action @ repetition 22 of 100[39m[90m  [39m [90m0.23s[39m  
  [32;1m✓[39;22m[90m [39m[90mFilament MeterReadingResource integrates with MeterReadingPolicy for viewAny action @ repetition 23 of 100[39m[90m  [39m [90m0.60s[39m  
  [32;1m✓[39;22m[90m [39m[90mFilament MeterReadingResource integrates with MeterReadingPolicy for viewAny action @ repetition 24 of 100[39m[90m  [39m [90m0.19s[39m  
  [32;1m✓[39;22m[90m [39m[90mFilament MeterReadingResource integrates with MeterReadingPolicy for viewAny action @ repetition 25 of 100[39m[90m  [39m [90m0.22s[39m  
  [32;1m✓[39;22m[90m [39m[90mFilament MeterReadingResource integrates with MeterReadingPolicy for viewAny action @ repetition 26 of 100[39m[90m  [39m [90m0.19s[39m  
  [32;1m✓[39;22m[90m [39m[90mFilament MeterReadingResource integrates with MeterReadingPolicy for viewAny action @ repetition 27 of 100[39m[90m  [39m [90m0.24s[39m  
  [32;1m✓[39;22m[90m [39m[90mFilament MeterReadingResource integrates with MeterReadingPolicy for viewAny action @ repetition 28 of 100[39m[90m  [39m [90m0.20s[39m  
  [32;1m✓[39;22m[90m [39m[90mFilament MeterReadingResource integrates with MeterReadingPolicy for viewAny action @ repetition 29 of 100[39m[90m  [39m [90m0.24s[39m  
  [32;1m✓[39;22m[90m [39m[90mFilament MeterReadingResource integrates with MeterReadingPolicy for viewAny action @ repetition 30 of 100[39m[90m  [39m [90m0.20s[39m  
  [32;1m✓[39;22m[90m [39m[90mFilament MeterReadingResource integrates with MeterReadingPolicy for viewAny action @ repetition 31 of 100[39m[90m  [39m [90m0.62s[39m  
  [32;1m✓[39;22m[90m [39m[90mFilament MeterReadingResource integrates with MeterReadingPolicy for viewAny action @ repetition 32 of 100[39m[90m  [39m [90m0.14s[39m  
  [32;1m✓[39;22m[90m [39m[90mFilament MeterReadingResource integrates with MeterReadingPolicy for viewAny action @ repetition 33 of 100[39m[90m  [39m [90m0.25s[39m  
  [32;1m✓[39;22m[90m [39m[90mFilament MeterReadingResource integrates with MeterReadingPolicy for viewAny action @ repetition 34 of 100[39m[90m  [39m [90m0.20s[39m  
  [32;1m✓[39;22m[90m [39m[90mFilament MeterReadingResource integrates with MeterReadingPolicy for viewAny action @ repetition 35 of 100[39m[90m  [39m [90m0.21s[39m  
  [32;1m✓[39;22m[90m [39m[90mFilament MeterReadingResource integrates with MeterReadingPolicy for viewAny action @ repetition 36 of 100[39m[90m  [39m [90m0.23s[39m  
  [32;1m✓[39;22m[90m [39m[90mFilament MeterReadingResource integrates with MeterReadingPolicy for viewAny action @ repetition 37 of 100[39m[90m  [39m [90m0.25s[39m  
  [32;1m✓[39;22m[90m [39m[90mFilament MeterReadingResource integrates with MeterReadingPolicy for viewAny action @ repetition 38 of 100[39m[90m  [39m [90m0.23s[39m  
  [32;1m✓[39;22m[90m [39m[90mFilament MeterReadingResource integrates with MeterReadingPolicy for viewAny action @ repetition 39 of 100[39m[90m  [39m [90m0.61s[39m  
  [32;1m✓[39;22m[90m [39m[90mFilament MeterReadingResource integrates with MeterReadingPolicy for viewAny action @ repetition 40 of 100[39m[90m  [39m [90m0.26s[39m  
  [32;1m✓[39;22m[90m [39m[90mFilament MeterReadingResource integrates with MeterReadingPolicy for viewAny action @ repetition 41 of 100[39m[90m  [39m [90m0.24s[39m  
  [32;1m✓[39;22m[90m [39m[90mFilament MeterReadingResource integrates with MeterReadingPolicy for viewAny action @ repetition 42 of 100[39m[90m  [39m [90m0.21s[39m  
  [32;1m✓[39;22m[90m [39m[90mFilament MeterReadingResource integrates with MeterReadingPolicy for viewAny action @ repetition 43 of 100[39m[90m  [39m [90m0.22s[39m  
  [32;1m✓[39;22m[90m [39m[90mFilament MeterReadingResource integrates with MeterReadingPolicy for viewAny action @ repetition 44 of 100[39m[90m  [39m [90m0.25s[39m  
  [32;1m✓[39;22m[90m [39m[90mFilament MeterReadingResource integrates with MeterReadingPolicy for viewAny action @ repetition 45 of 100[39m[90m  [39m [90m0.21s[39m  
  [32;1m✓[39;22m[90m [39m[90mFilament MeterReadingResource integrates with MeterReadingPolicy for viewAny action @ repetition 46 of 100[39m[90m  [39m [90m0.23s[39m  
  [32;1m✓[39;22m[90m [39m[90mFilament MeterReadingResource integrates with MeterReadingPolicy for viewAny action @ repetition 47 of 100[39m[90m  [39m [90m0.65s[39m  
  [32;1m✓[39;22m[90m [39m[90mFilament MeterReadingResource integrates with MeterReadingPolicy for viewAny action @ repetition 48 of 100[39m[90m  [39m [90m0.29s[39m  
  [32;1m✓[39;22m[90m [39m[90mFilament MeterReadingResource integrates with MeterReadingPolicy for viewAny action @ repetition 49 of 100[39m[90m  [39m [90m0.27s[39m  
  [32;1m✓[39;22m[90m [39m[90mFilament MeterReadingResource integrates with MeterReadingPolicy for viewAny action @ repetition 50 of 100[39m[90m  [39m [90m0.23s[39m  
  [32;1m✓[39;22m[90m [39m[90mFilament MeterReadingResource integrates with MeterReadingPolicy for viewAny action @ repetition 51 of 100[39m[90m  [39m [90m0.33s[39m  
  [32;1m✓[39;22m[90m [39m[90mFilament MeterReadingResource integrates with MeterReadingPolicy for viewAny action @ repetition 52 of 100[39m[90m  [39m [90m0.29s[39m  
  [32;1m✓[39;22m[90m [39m[90mFilament MeterReadingResource integrates with MeterReadingPolicy for viewAny action @ repetition 53 of 100[39m[90m  [39m [90m0.22s[39m  
  [32;1m✓[39;22m[90m [39m[90mFilament MeterReadingResource integrates with MeterReadingPolicy for viewAny action @ repetition 54 of 100[39m[90m  [39m [90m0.26s[39m  
  [32;1m✓[39;22m[90m [39m[90mFilament MeterReadingResource integrates with MeterReadingPolicy for viewAny action @ repetition 55 of 100[39m[90m  [39m [90m0.64s[39m  
  [32;1m✓[39;22m[90m [39m[90mFilament MeterReadingResource integrates with MeterReadingPolicy for viewAny action @ repetition 56 of 100[39m[90m  [39m [90m0.22s[39m  
  [32;1m✓[39;22m[90m [39m[90mFilament MeterReadingResource integrates with MeterReadingPolicy for viewAny action @ repetition 57 of 100[39m[90m  [39m [90m0.23s[39m  
  [32;1m✓[39;22m[90m [39m[90mFilament MeterReadingResource integrates with MeterReadingPolicy for viewAny action @ repetition 58 of 100[39m[90m  [39m [90m0.24s[39m  
  [32;1m✓[39;22m[90m [39m[90mFilament MeterReadingResource integrates with MeterReadingPolicy for viewAny action @ repetition 59 of 100[39m[90m  [39m [90m0.23s[39m  
  [32;1m✓[39;22m[90m [39m[90mFilament MeterReadingResource integrates with MeterReadingPolicy for viewAny action @ repetition 60 of 100[39m[90m  [39m [90m0.21s[39m  
  [32;1m✓[39;22m[90m [39m[90mFilament MeterReadingResource integrates with MeterReadingPolicy for viewAny action @ repetition 61 of 100[39m[90m  [39m [90m0.18s[39m  
  [32;1m✓[39;22m[90m [39m[90mFilament MeterReadingResource integrates with MeterReadingPolicy for viewAny action @ repetition 62 of 100[39m[90m  [39m [90m0.22s[39m  
  [32;1m✓[39;22m[90m [39m[90mFilament MeterReadingResource integrates with MeterReadingPolicy for viewAny action @ repetition 63 of 100[39m[90m  [39m [90m0.62s[39m  
  [32;1m✓[39;22m[90m [39m[90mFilament MeterReadingResource integrates with MeterReadingPolicy for viewAny action @ repetition 64 of 100[39m[90m  [39m [90m0.23s[39m  
  [32;1m✓[39;22m[90m [39m[90mFilament MeterReadingResource integrates with MeterReadingPolicy for viewAny action @ repetition 65 of 100[39m[90m  [39m [90m0.19s[39m  
  [32;1m✓[39;22m[90m [39m[90mFilament MeterReadingResource integrates with MeterReadingPolicy for viewAny action @ repetition 66 of 100[39m[90m  [39m [90m0.22s[39m  
  [32;1m✓[39;22m[90m [39m[90mFilament MeterReadingResource integrates with MeterReadingPolicy for viewAny action @ repetition 67 of 100[39m[90m  [39m [90m0.21s[39m  
  [32;1m✓[39;22m[90m [39m[90mFilament MeterReadingResource integrates with MeterReadingPolicy for viewAny action @ repetition 68 of 100[39m[90m  [39m [90m0.24s[39m  
  [32;1m✓[39;22m[90m [39m[90mFilament MeterReadingResource integrates with MeterReadingPolicy for viewAny action @ repetition 69 of 100[39m[90m  [39m [90m0.21s[39m  
  [32;1m✓[39;22m[90m [39m[90mFilament MeterReadingResource integrates with MeterReadingPolicy for viewAny action @ repetition 70 of 100[39m[90m  [39m [90m0.21s[39m  
  [32;1m✓[39;22m[90m [39m[90mFilament MeterReadingResource integrates with MeterReadingPolicy for viewAny action @ repetition 71 of 100[39m[90m  [39m [90m0.61s[39m  
  [32;1m✓[39;22m[90m [39m[90mFilament MeterReadingResource integrates with MeterReadingPolicy for viewAny action @ repetition 72 of 100[39m[90m  [39m [90m0.24s[39m  
  [32;1m✓[39;22m[90m [39m[90mFilament MeterReadingResource integrates with MeterReadingPolicy for viewAny action @ repetition 73 of 100[39m[90m  [39m [90m0.23s[39m  
  [32;1m✓[39;22m[90m [39m[90mFilament MeterReadingResource integrates with MeterReadingPolicy for viewAny action @ repetition 74 of 100[39m[90m  [39m [90m0.18s[39m  
  [32;1m✓[39;22m[90m [39m[90mFilament MeterReadingResource integrates with MeterReadingPolicy for viewAny action @ repetition 75 of 100[39m[90m  [39m [90m0.27s[39m  
  [32;1m✓[39;22m[90m [39m[90mFilament MeterReadingResource integrates with MeterReadingPolicy for viewAny action @ repetition 76 of 100[39m[90m  [39m [90m0.25s[39m  
  [32;1m✓[39;22m[90m [39m[90mFilament MeterReadingResource integrates with MeterReadingPolicy for viewAny action @ repetition 77 of 100[39m[90m  [39m [90m0.24s[39m  
  [32;1m✓[39;22m[90m [39m[90mFilament MeterReadingResource integrates with MeterReadingPolicy for viewAny action @ repetition 78 of 100[39m[90m  [39m [90m0.25s[39m  
  [32;1m✓[39;22m[90m [39m[90mFilament MeterReadingResource integrates with MeterReadingPolicy for viewAny action @ repetition 79 of 100[39m[90m  [39m [90m0.72s[39m  
  [32;1m✓[39;22m[90m [39m[90mFilament MeterReadingResource integrates with MeterReadingPolicy for viewAny action @ repetition 80 of 100[39m[90m  [39m [90m0.23s[39m  
  [32;1m✓[39;22m[90m [39m[90mFilament MeterReadingResource integrates with MeterReadingPolicy for viewAny action @ repetition 81 of 100[39m[90m  [39m [90m0.20s[39m  
  [32;1m✓[39;22m[90m [39m[90mFilament MeterReadingResource integrates with MeterReadingPolicy for viewAny action @ repetition 82 of 100[39m[90m  [39m [90m0.25s[39m  
  [32;1m✓[39;22m[90m [39m[90mFilament MeterReadingResource integrates with MeterReadingPolicy for viewAny action @ repetition 83 of 100[39m[90m  [39m [90m0.21s[39m  
  [32;1m✓[39;22m[90m [39m[90mFilament MeterReadingResource integrates with MeterReadingPolicy for viewAny action @ repetition 84 of 100[39m[90m  [39m [90m0.18s[39m  
  [32;1m✓[39;22m[90m [39m[90mFilament MeterReadingResource integrates with MeterReadingPolicy for viewAny action @ repetition 85 of 100[39m[90m  [39m [90m0.23s[39m  
  [32;1m✓[39;22m[90m [39m[90mFilament MeterReadingResource integrates with MeterReadingPolicy for viewAny action @ repetition 86 of 100[39m[90m  [39m [90m0.22s[39m  
  [32;1m✓[39;22m[90m [39m[90mFilament MeterReadingResource integrates with MeterReadingPolicy for viewAny action @ repetition 87 of 100[39m[90m  [39m [90m0.68s[39m  
  [32;1m✓[39;22m[90m [39m[90mFilament MeterReadingResource integrates with MeterReadingPolicy for viewAny action @ repetition 88 of 100[39m[90m  [39m [90m0.24s[39m  
  [32;1m✓[39;22m[90m [39m[90mFilament MeterReadingResource integrates with MeterReadingPolicy for viewAny action @ repetition 89 of 100[39m[90m  [39m [90m0.25s[39m  
  [32;1m✓[39;22m[90m [39m[90mFilament MeterReadingResource integrates with MeterReadingPolicy for viewAny action @ repetition 90 of 100[39m[90m  [39m [90m0.25s[39m  
  [32;1m✓[39;22m[90m [39m[90mFilament MeterReadingResource integrates with MeterReadingPolicy for viewAny action @ repetition 91 of 100[39m[90m  [39m [90m0.22s[39m  
  [32;1m✓[39;22m[90m [39m[90mFilament MeterReadingResource integrates with MeterReadingPolicy for viewAny action @ repetition 92 of 100[39m[90m  [39m [90m0.23s[39m  
  [32;1m✓[39;22m[90m [39m[90mFilament MeterReadingResource integrates with MeterReadingPolicy for viewAny action @ repetition 93 of 100[39m[90m  [39m [90m0.22s[39m  
  [32;1m✓[39;22m[90m [39m[90mFilament MeterReadingResource integrates with MeterReadingPolicy for viewAny action @ repetition 94 of 100[39m[90m  [39m [90m0.25s[39m  
  [32;1m✓[39;22m[90m [39m[90mFilament MeterReadingResource integrates with MeterReadingPolicy for viewAny action @ repetition 95 of 100[39m[90m  [39m [90m0.59s[39m  
  [32;1m✓[39;22m[90m [39m[90mFilament MeterReadingResource integrates with MeterReadingPolicy for viewAny action @ repetition 96 of 100[39m[90m  [39m [90m0.20s[39m  
  [32;1m✓[39;22m[90m [39m[90mFilament MeterReadingResource integrates with MeterReadingPolicy for viewAny action @ repetition 97 of 100[39m[90m  [39m [90m0.23s[39m  
  [32;1m✓[39;22m[90m [39m[90mFilament MeterReadingResource integrates with MeterReadingPolicy for viewAny action @ repetition 98 of 100[39m[90m  [39m [90m0.21s[39m  
  [32;1m✓[39;22m[90m [39m[90mFilament MeterReadingResource integrates with MeterReadingPolicy for viewAny action @ repetition 99 of 100[39m[90m  [39m [90m0.21s[39m  
  [32;1m✓[39;22m[90m [39m[90mFilament MeterReadingResource integrates with MeterReadingPolicy for viewAny action @ repetition 100 of 100[39m[90m [39m [90m0.22s[39m  
  [32;1m✓[39;22m[90m [39m[90mFilament MeterReadingResource integrates with MeterReadingPolicy for create action @ repetition 1 of 100[39m[90m    [39m [90m0.30s[39m  
  [32;1m✓[39;22m[90m [39m[90mFilament MeterReadingResource integrates with MeterReadingPolicy for create action @ repetition 2 of 100[39m[90m    [39m [90m0.29s[39m  
  [32;1m✓[39;22m[90m [39m[90mFilament MeterReadingResource integrates with MeterReadingPolicy for create action @ repetition 3 of 100[39m[90m    [39m [90m0.24s[39m  
  [32;1m✓[39;22m[90m [39m[90mFilament MeterReadingResource integrates with MeterReadingPolicy for create action @ repetition 4 of 100[39m[90m    [39m [90m0.19s[39m  
  [32;1m✓[39;22m[90m [39m[90mFilament MeterReadingResource integrates with MeterReadingPolicy for create action @ repetition 5 of 100[39m[90m    [39m [90m0.26s[39m  
  [32;1m✓[39;22m[90m [39m[90mFilament MeterReadingResource integrates with MeterReadingPolicy for create action @ repetition 6 of 100[39m[90m    [39m [90m0.54s[39m  
  [32;1m✓[39;22m[90m [39m[90mFilament MeterReadingResource integrates with MeterReadingPolicy for create action @ repetition 7 of 100[39m[90m    [39m [90m0.18s[39m  
  [32;1m✓[39;22m[90m [39m[90mFilament MeterReadingResource integrates with MeterReadingPolicy for create action @ repetition 8 of 100[39m[90m    [39m [90m0.23s[39m  
  [32;1m✓[39;22m[90m [39m[90mFilament MeterReadingResource integrates with MeterReadingPolicy for create action @ repetition 9 of 100[39m[90m    [39m [90m0.24s[39m  
  [32;1m✓[39;22m[90m [39m[90mFilament MeterReadingResource integrates with MeterReadingPolicy for create action @ repetition 10 of 100[39m[90m   [39m [90m0.18s[39m  
  [32;1m✓[39;22m[90m [39m[90mFilament MeterReadingResource integrates with MeterReadingPolicy for create action @ repetition 11 of 100[39m[90m   [39m [90m0.25s[39m  
  [32;1m✓[39;22m[90m [39m[90mFilament MeterReadingResource integrates with MeterReadingPolicy for create action @ repetition 12 of 100[39m[90m   [39m [90m0.22s[39m  
  [32;1m✓[39;22m[90m [39m[90mFilament MeterReadingResource integrates with MeterReadingPolicy for create action @ repetition 13 of 100[39m[90m   [39m [90m0.19s[39m  
  [32;1m✓[39;22m[90m [39m[90mFilament MeterReadingResource integrates with MeterReadingPolicy for create action @ repetition 14 of 100[39m[90m   [39m [90m0.66s[39m  
  [32;1m✓[39;22m[90m [39m[90mFilament MeterReadingResource integrates with MeterReadingPolicy for create action @ repetition 15 of 100[39m[90m   [39m [90m0.22s[39m  
  [32;1m✓[39;22m[90m [39m[90mFilament MeterReadingResource integrates with MeterReadingPolicy for create action @ repetition 16 of 100[39m[90m   [39m [90m0.23s[39m  
  [32;1m✓[39;22m[90m [39m[90mFilament MeterReadingResource integrates with MeterReadingPolicy for create action @ repetition 17 of 100[39m[90m   [39m [90m0.25s[39m  
  [32;1m✓[39;22m[90m [39m[90mFilament MeterReadingResource integrates with MeterReadingPolicy for create action @ repetition 18 of 100[39m[90m   [39m [90m0.21s[39m  
  [32;1m✓[39;22m[90m [39m[90mFilament MeterReadingResource integrates with MeterReadingPolicy for create action @ repetition 19 of 100[39m[90m   [39m [90m0.19s[39m  
  [32;1m✓[39;22m[90m [39m[90mFilament MeterReadingResource integrates with MeterReadingPolicy for create action @ repetition 20 of 100[39m[90m   [39m [90m0.19s[39m  
  [32;1m✓[39;22m[90m [39m[90mFilament MeterReadingResource integrates with MeterReadingPolicy for create action @ repetition 21 of 100[39m[90m   [39m [90m0.21s[39m  
  [32;1m✓[39;22m[90m [39m[90mFilament MeterReadingResource integrates with MeterReadingPolicy for create action @ repetition 22 of 100[39m[90m   [39m [90m0.60s[39m  
  [32;1m✓[39;22m[90m [39m[90mFilament MeterReadingResource integrates with MeterReadingPolicy for create action @ repetition 23 of 100[39m[90m   [39m [90m0.20s[39m  
  [32;1m✓[39;22m[90m [39m[90mFilament MeterReadingResource integrates with MeterReadingPolicy for create action @ repetition 24 of 100[39m[90m   [39m [90m0.22s[39m  
  [32;1m✓[39;22m[90m [39m[90mFilament MeterReadingResource integrates with MeterReadingPolicy for create action @ repetition 25 of 100[39m[90m   [39m [90m0.18s[39m  
  [32;1m✓[39;22m[90m [39m[90mFilament MeterReadingResource integrates with MeterReadingPolicy for create action @ repetition 26 of 100[39m[90m   [39m [90m0.19s[39m  
  [32;1m✓[39;22m[90m [39m[90mFilament MeterReadingResource integrates with MeterReadingPolicy for create action @ repetition 27 of 100[39m[90m   [39m [90m0.16s[39m  
  [32;1m✓[39;22m[90m [39m[90mFilament MeterReadingResource integrates with MeterReadingPolicy for create action @ repetition 28 of 100[39m[90m   [39m [90m0.16s[39m  
  [32;1m✓[39;22m[90m [39m[90mFilament MeterReadingResource integrates with MeterReadingPolicy for create action @ repetition 29 of 100[39m[90m   [39m [90m0.18s[39m  
  [32;1m✓[39;22m[90m [39m[90mFilament MeterReadingResource integrates with MeterReadingPolicy for create action @ repetition 30 of 100[39m[90m   [39m [90m0.59s[39m  
  [32;1m✓[39;22m[90m [39m[90mFilament MeterReadingResource integrates with MeterReadingPolicy for create action @ repetition 31 of 100[39m[90m   [39m [90m0.22s[39m  
  [32;1m✓[39;22m[90m [39m[90mFilament MeterReadingResource integrates with MeterReadingPolicy for create action @ repetition 32 of 100[39m[90m   [39m [90m0.23s[39m  
  [32;1m✓[39;22m[90m [39m[90mFilament MeterReadingResource integrates with MeterReadingPolicy for create action @ repetition 33 of 100[39m[90m   [39m [90m0.20s[39m  
  [32;1m✓[39;22m[90m [39m[90mFilament MeterReadingResource integrates with MeterReadingPolicy for create action @ repetition 34 of 100[39m[90m   [39m [90m0.20s[39m  
  [32;1m✓[39;22m[90m [39m[90mFilament MeterReadingResource integrates with MeterReadingPolicy for create action @ repetition 35 of 100[39m[90m   [39m [90m0.21s[39m  
  [32;1m✓[39;22m[90m [39m[90mFilament MeterReadingResource integrates with MeterReadingPolicy for create action @ repetition 36 of 100[39m[90m   [39m [90m0.21s[39m  
  [32;1m✓[39;22m[90m [39m[90mFilament MeterReadingResource integrates with MeterReadingPolicy for create action @ repetition 37 of 100[39m[90m   [39m [90m0.22s[39m  
  [32;1m✓[39;22m[90m [39m[90mFilament MeterReadingResource integrates with MeterReadingPolicy for create action @ repetition 38 of 100[39m[90m   [39m [90m0.63s[39m  
  [32;1m✓[39;22m[90m [39m[90mFilament MeterReadingResource integrates with MeterReadingPolicy for create action @ repetition 39 of 100[39m[90m   [39m [90m0.20s[39m  
  [32;1m✓[39;22m[90m [39m[90mFilament MeterReadingResource integrates with MeterReadingPolicy for create action @ repetition 40 of 100[39m[90m   [39m [90m0.27s[39m  
  [32;1m✓[39;22m[90m [39m[90mFilament MeterReadingResource integrates with MeterReadingPolicy for create action @ repetition 41 of 100[39m[90m   [39m [90m0.21s[39m  
  [32;1m✓[39;22m[90m [39m[90mFilament MeterReadingResource integrates with MeterReadingPolicy for create action @ repetition 42 of 100[39m[90m   [39m [90m0.18s[39m  
  [32;1m✓[39;22m[90m [39m[90mFilament MeterReadingResource integrates with MeterReadingPolicy for create action @ repetition 43 of 100[39m[90m   [39m [90m0.23s[39m  
  [32;1m✓[39;22m[90m [39m[90mFilament MeterReadingResource integrates with MeterReadingPolicy for create action @ repetition 44 of 100[39m[90m   [39m [90m0.23s[39m  
  [32;1m✓[39;22m[90m [39m[90mFilament MeterReadingResource integrates with MeterReadingPolicy for create action @ repetition 45 of 100[39m[90m   [39m [90m0.20s[39m  
  [32;1m✓[39;22m[90m [39m[90mFilament MeterReadingResource integrates with MeterReadingPolicy for create action @ repetition 46 of 100[39m[90m   [39m [90m0.58s[39m  
  [32;1m✓[39;22m[90m [39m[90mFilament MeterReadingResource integrates with MeterReadingPolicy for create action @ repetition 47 of 100[39m[90m   [39m [90m0.22s[39m  
  [32;1m✓[39;22m[90m [39m[90mFilament MeterReadingResource integrates with MeterReadingPolicy for create action @ repetition 48 of 100[39m[90m   [39m [90m0.21s[39m  
  [32;1m✓[39;22m[90m [39m[90mFilament MeterReadingResource integrates with MeterReadingPolicy for create action @ repetition 49 of 100[39m[90m   [39m [90m0.18s[39m  
  [32;1m✓[39;22m[90m [39m[90mFilament MeterReadingResource integrates with MeterReadingPolicy for create action @ repetition 50 of 100[39m[90m   [39m [90m0.22s[39m  
  [32;1m✓[39;22m[90m [39m[90mFilament MeterReadingResource integrates with MeterReadingPolicy for create action @ repetition 51 of 100[39m[90m   [39m [90m0.17s[39m  
  [32;1m✓[39;22m[90m [39m[90mFilament MeterReadingResource integrates with MeterReadingPolicy for create action @ repetition 52 of 100[39m[90m   [39m [90m0.21s[39m  
  [32;1m✓[39;22m[90m [39m[90mFilament MeterReadingResource integrates with MeterReadingPolicy for create action @ repetition 53 of 100[39m[90m   [39m [90m0.14s[39m  
  [32;1m✓[39;22m[90m [39m[90mFilament MeterReadingResource integrates with MeterReadingPolicy for create action @ repetition 54 of 100[39m[90m   [39m [90m0.67s[39m  
  [32;1m✓[39;22m[90m [39m[90mFilament MeterReadingResource integrates with MeterReadingPolicy for create action @ repetition 55 of 100[39m[90m   [39m [90m0.24s[39m  
  [32;1m✓[39;22m[90m [39m[90mFilament MeterReadingResource integrates with MeterReadingPolicy for create action @ repetition 56 of 100[39m[90m   [39m [90m0.22s[39m  
  [32;1m✓[39;22m[90m [39m[90mFilament MeterReadingResource integrates with MeterReadingPolicy for create action @ repetition 57 of 100[39m[90m   [39m [90m0.24s[39m  
  [32;1m✓[39;22m[90m [39m[90mFilament MeterReadingResource integrates with MeterReadingPolicy for create action @ repetition 58 of 100[39m[90m   [39m [90m0.24s[39m  
  [32;1m✓[39;22m[90m [39m[90mFilament MeterReadingResource integrates with MeterReadingPolicy for create action @ repetition 59 of 100[39m[90m   [39m [90m0.18s[39m  
  [32;1m✓[39;22m[90m [39m[90mFilament MeterReadingResource integrates with MeterReadingPolicy for create action @ repetition 60 of 100[39m[90m   [39m [90m0.22s[39m  
  [32;1m✓[39;22m[90m [39m[90mFilament MeterReadingResource integrates with MeterReadingPolicy for create action @ repetition 61 of 100[39m[90m   [39m [90m0.24s[39m  
  [32;1m✓[39;22m[90m [39m[90mFilament MeterReadingResource integrates with MeterReadingPolicy for create action @ repetition 62 of 100[39m[90m   [39m [90m0.59s[39m  
  [32;1m✓[39;22m[90m [39m[90mFilament MeterReadingResource integrates with MeterReadingPolicy for create action @ repetition 63 of 100[39m[90m   [39m [90m0.25s[39m  
  [32;1m✓[39;22m[90m [39m[90mFilament MeterReadingResource integrates with MeterReadingPolicy for create action @ repetition 64 of 100[39m[90m   [39m [90m0.22s[39m  
  [32;1m✓[39;22m[90m [39m[90mFilament MeterReadingResource integrates with MeterReadingPolicy for create action @ repetition 65 of 100[39m[90m   [39m [90m0.22s[39m  
  [32;1m✓[39;22m[90m [39m[90mFilament MeterReadingResource integrates with MeterReadingPolicy for create action @ repetition 66 of 100[39m[90m   [39m [90m0.22s[39m  
  [32;1m✓[39;22m[90m [39m[90mFilament MeterReadingResource integrates with MeterReadingPolicy for create action @ repetition 67 of 100[39m[90m   [39m [90m0.22s[39m  
  [32;1m✓[39;22m[90m [39m[90mFilament MeterReadingResource integrates with MeterReadingPolicy for create action @ repetition 68 of 100[39m[90m   [39m [90m0.22s[39m  
  [32;1m✓[39;22m[90m [39m[90mFilament MeterReadingResource integrates with MeterReadingPolicy for create action @ repetition 69 of 100[39m[90m   [39m [90m0.22s[39m  
  [32;1m✓[39;22m[90m [39m[90mFilament MeterReadingResource integrates with MeterReadingPolicy for create action @ repetition 70 of 100[39m[90m   [39m [90m0.72s[39m  
  [32;1m✓[39;22m[90m [39m[90mFilament MeterReadingResource integrates with MeterReadingPolicy for create action @ repetition 71 of 100[39m[90m   [39m [90m0.24s[39m  
  [32;1m✓[39;22m[90m [39m[90mFilament MeterReadingResource integrates with MeterReadingPolicy for create action @ repetition 72 of 100[39m[90m   [39m [90m0.23s[39m  
  [32;1m✓[39;22m[90m [39m[90mFilament MeterReadingResource integrates with MeterReadingPolicy for create action @ repetition 73 of 100[39m[90m   [39m [90m0.24s[39m  
  [32;1m✓[39;22m[90m [39m[90mFilament MeterReadingResource integrates with MeterReadingPolicy for create action @ repetition 74 of 100[39m[90m   [39m [90m0.23s[39m  
  [32;1m✓[39;22m[90m [39m[90mFilament MeterReadingResource integrates with MeterReadingPolicy for create action @ repetition 75 of 100[39m[90m   [39m [90m0.23s[39m  
  [32;1m✓[39;22m[90m [39m[90mFilament MeterReadingResource integrates with MeterReadingPolicy for create action @ repetition 76 of 100[39m[90m   [39m [90m0.20s[39m  
  [32;1m✓[39;22m[90m [39m[90mFilament MeterReadingResource integrates with MeterReadingPolicy for create action @ repetition 77 of 100[39m[90m   [39m [90m0.23s[39m  
  [32;1m✓[39;22m[90m [39m[90mFilament MeterReadingResource integrates with MeterReadingPolicy for create action @ repetition 78 of 100[39m[90m   [39m [90m0.56s[39m  
  [32;1m✓[39;22m[90m [39m[90mFilament MeterReadingResource integrates with MeterReadingPolicy for create action @ repetition 79 of 100[39m[90m   [39m [90m0.26s[39m  
  [32;1m✓[39;22m[90m [39m[90mFilament MeterReadingResource integrates with MeterReadingPolicy for create action @ repetition 80 of 100[39m[90m   [39m [90m0.19s[39m  
  [32;1m✓[39;22m[90m [39m[90mFilament MeterReadingResource integrates with MeterReadingPolicy for create action @ repetition 81 of 100[39m[90m   [39m [90m0.17s[39m  
  [32;1m✓[39;22m[90m [39m[90mFilament MeterReadingResource integrates with MeterReadingPolicy for create action @ repetition 82 of 100[39m[90m   [39m [90m0.24s[39m  
  [32;1m✓[39;22m[90m [39m[90mFilament MeterReadingResource integrates with MeterReadingPolicy for create action @ repetition 83 of 100[39m[90m   [39m [90m0.25s[39m  
  [32;1m✓[39;22m[90m [39m[90mFilament MeterReadingResource integrates with MeterReadingPolicy for create action @ repetition 84 of 100[39m[90m   [39m [90m0.21s[39m  
  [32;1m✓[39;22m[90m [39m[90mFilament MeterReadingResource integrates with MeterReadingPolicy for create action @ repetition 85 of 100[39m[90m   [39m [90m0.25s[39m  
  [32;1m✓[39;22m[90m [39m[90mFilament MeterReadingResource integrates with MeterReadingPolicy for create action @ repetition 86 of 100[39m[90m   [39m [90m0.67s[39m  
  [32;1m✓[39;22m[90m [39m[90mFilament MeterReadingResource integrates with MeterReadingPolicy for create action @ repetition 87 of 100[39m[90m   [39m [90m0.23s[39m  
  [32;1m✓[39;22m[90m [39m[90mFilament MeterReadingResource integrates with MeterReadingPolicy for create action @ repetition 88 of 100[39m[90m   [39m [90m0.19s[39m  
  [32;1m✓[39;22m[90m [39m[90mFilament MeterReadingResource integrates with MeterReadingPolicy for create action @ repetition 89 of 100[39m[90m   [39m [90m0.21s[39m  
  [32;1m✓[39;22m[90m [39m[90mFilament MeterReadingResource integrates with MeterReadingPolicy for create action @ repetition 90 of 100[39m[90m   [39m [90m0.24s[39m  
  [32;1m✓[39;22m[90m [39m[90mFilament MeterReadingResource integrates with MeterReadingPolicy for create action @ repetition 91 of 100[39m[90m   [39m [90m0.25s[39m  
  [32;1m✓[39;22m[90m [39m[90mFilament MeterReadingResource integrates with MeterReadingPolicy for create action @ repetition 92 of 100[39m[90m   [39m [90m0.22s[39m  
  [32;1m✓[39;22m[90m [39m[90mFilament MeterReadingResource integrates with MeterReadingPolicy for create action @ repetition 93 of 100[39m[90m   [39m [90m0.24s[39m  
  [32;1m✓[39;22m[90m [39m[90mFilament MeterReadingResource integrates with MeterReadingPolicy for create action @ repetition 94 of 100[39m[90m   [39m [90m0.65s[39m  
  [32;1m✓[39;22m[90m [39m[90mFilament MeterReadingResource integrates with MeterReadingPolicy for create action @ repetition 95 of 100[39m[90m   [39m [90m0.25s[39m  
  [32;1m✓[39;22m[90m [39m[90mFilament MeterReadingResource integrates with MeterReadingPolicy for create action @ repetition 96 of 100[39m[90m   [39m [90m0.26s[39m  
  [32;1m✓[39;22m[90m [39m[90mFilament MeterReadingResource integrates with MeterReadingPolicy for create action @ repetition 97 of 100[39m[90m   [39m [90m0.23s[39m  
  [32;1m✓[39;22m[90m [39m[90mFilament MeterReadingResource integrates with MeterReadingPolicy for create action @ repetition 98 of 100[39m[90m   [39m [90m0.25s[39m  
  [32;1m✓[39;22m[90m [39m[90mFilament MeterReadingResource integrates with MeterReadingPolicy for create action @ repetition 99 of 100[39m[90m   [39m [90m0.20s[39m  
  [32;1m✓[39;22m[90m [39m[90mFilament MeterReadingResource integrates with MeterReadingPolicy for create action @ repetition 100 of 100[39m[90m  [39m [90m0.21s[39m  
  [32;1m✓[39;22m[90m [39m[90mFilament InvoiceResource integrates with InvoicePolicy for viewAny action @ repetition 1 of 100[39m[90m             [39m [90m0.27s[39m  
  [32;1m✓[39;22m[90m [39m[90mFilament InvoiceResource integrates with InvoicePolicy for viewAny action @ repetition 2 of 100[39m[90m             [39m [90m0.25s[39m  
  [32;1m✓[39;22m[90m [39m[90mFilament InvoiceResource integrates with InvoicePolicy for viewAny action @ repetition 3 of 100[39m[90m             [39m [90m0.20s[39m  
  [32;1m✓[39;22m[90m [39m[90mFilament InvoiceResource integrates with InvoicePolicy for viewAny action @ repetition 4 of 100[39m[90m             [39m [90m0.25s[39m  
  [32;1m✓[39;22m[90m [39m[90mFilament InvoiceResource integrates with InvoicePolicy for viewAny action @ repetition 5 of 100[39m[90m             [39m [90m0.51s[39m  
  [32;1m✓[39;22m[90m [39m[90mFilament InvoiceResource integrates with InvoicePolicy for viewAny action @ repetition 6 of 100[39m[90m             [39m [90m0.27s[39m  
  [32;1m✓[39;22m[90m [39m[90mFilament InvoiceResource integrates with InvoicePolicy for viewAny action @ repetition 7 of 100[39m[90m             [39m [90m0.23s[39m  
  [32;1m✓[39;22m[90m [39m[90mFilament InvoiceResource integrates with InvoicePolicy for viewAny action @ repetition 8 of 100[39m[90m             [39m [90m0.26s[39m  
  [32;1m✓[39;22m[90m [39m[90mFilament InvoiceResource integrates with InvoicePolicy for viewAny action @ repetition 9 of 100[39m[90m             [39m [90m0.21s[39m  
  [32;1m✓[39;22m[90m [39m[90mFilament InvoiceResource integrates with InvoicePolicy for viewAny action @ repetition 10 of 100[39m[90m            [39m [90m0.23s[39m  
  [32;1m✓[39;22m[90m [39m[90mFilament InvoiceResource integrates with InvoicePolicy for viewAny action @ repetition 11 of 100[39m[90m            [39m [90m0.28s[39m  
  [32;1m✓[39;22m[90m [39m[90mFilament InvoiceResource integrates with InvoicePolicy for viewAny action @ repetition 12 of 100[39m[90m            [39m [90m0.27s[39m  
  [32;1m✓[39;22m[90m [39m[90mFilament InvoiceResource integrates with InvoicePolicy for viewAny action @ repetition 13 of 100[39m[90m            [39m [90m0.73s[39m  
  [32;1m✓[39;22m[90m [39m[90mFilament InvoiceResource integrates with InvoicePolicy for viewAny action @ repetition 14 of 100[39m[90m            [39m [90m0.24s[39m  
  [32;1m✓[39;22m[90m [39m[90mFilament InvoiceResource integrates with InvoicePolicy for viewAny action @ repetition 15 of 100[39m[90m            [39m [90m0.19s[39m  
  [32;1m✓[39;22m[90m [39m[90mFilament InvoiceResource integrates with InvoicePolicy for viewAny action @ repetition 16 of 100[39m[90m            [39m [90m0.22s[39m  
  [32;1m✓[39;22m[90m [39m[90mFilament InvoiceResource integrates with InvoicePolicy for viewAny action @ repetition 17 of 100[39m[90m            [39m [90m0.28s[39m  
  [32;1m✓[39;22m[90m [39m[90mFilament InvoiceResource integrates with InvoicePolicy for viewAny action @ repetition 18 of 100[39m[90m            [39m [90m0.21s[39m  
  [32;1m✓[39;22m[90m [39m[90mFilament InvoiceResource integrates with InvoicePolicy for viewAny action @ repetition 19 of 100[39m[90m            [39m [90m0.28s[39m  
  [32;1m✓[39;22m[90m [39m[90mFilament InvoiceResource integrates with InvoicePolicy for viewAny action @ repetition 20 of 100[39m[90m            [39m [90m0.24s[39m  
  [32;1m✓[39;22m[90m [39m[90mFilament InvoiceResource integrates with InvoicePolicy for viewAny action @ repetition 21 of 100[39m[90m            [39m [90m0.71s[39m  
  [32;1m✓[39;22m[90m [39m[90mFilament InvoiceResource integrates with InvoicePolicy for viewAny action @ repetition 22 of 100[39m[90m            [39m [90m0.31s[39m  
  [32;1m✓[39;22m[90m [39m[90mFilament InvoiceResource integrates with InvoicePolicy for viewAny action @ repetition 23 of 100[39m[90m            [39m [90m0.20s[39m  
  [32;1m✓[39;22m[90m [39m[90mFilament InvoiceResource integrates with InvoicePolicy for viewAny action @ repetition 24 of 100[39m[90m            [39m [90m0.28s[39m  
  [32;1m✓[39;22m[90m [39m[90mFilament InvoiceResource integrates with InvoicePolicy for viewAny action @ repetition 25 of 100[39m[90m            [39m [90m0.27s[39m  
  [32;1m✓[39;22m[90m [39m[90mFilament InvoiceResource integrates with InvoicePolicy for viewAny action @ repetition 26 of 100[39m[90m            [39m [90m0.27s[39m  
  [32;1m✓[39;22m[90m [39m[90mFilament InvoiceResource integrates with InvoicePolicy for viewAny action @ repetition 27 of 100[39m[90m            [39m [90m0.24s[39m  
  [32;1m✓[39;22m[90m [39m[90mFilament InvoiceResource integrates with InvoicePolicy for viewAny action @ repetition 28 of 100[39m[90m            [39m [90m0.24s[39m  
  [32;1m✓[39;22m[90m [39m[90mFilament InvoiceResource integrates with InvoicePolicy for viewAny action @ repetition 29 of 100[39m[90m            [39m [90m0.74s[39m  
  [32;1m✓[39;22m[90m [39m[90mFilament InvoiceResource integrates with InvoicePolicy for viewAny action @ repetition 30 of 100[39m[90m            [39m [90m0.24s[39m  
  [32;1m✓[39;22m[90m [39m[90mFilament InvoiceResource integrates with InvoicePolicy for viewAny action @ repetition 31 of 100[39m[90m            [39m [90m0.26s[39m  
  [32;1m✓[39;22m[90m [39m[90mFilament InvoiceResource integrates with InvoicePolicy for viewAny action @ repetition 32 of 100[39m[90m            [39m [90m0.28s[39m  
  [32;1m✓[39;22m[90m [39m[90mFilament InvoiceResource integrates with InvoicePolicy for viewAny action @ repetition 33 of 100[39m[90m            [39m [90m0.26s[39m  
  [32;1m✓[39;22m[90m [39m[90mFilament InvoiceResource integrates with InvoicePolicy for viewAny action @ repetition 34 of 100[39m[90m            [39m [90m0.31s[39m  
  [32;1m✓[39;22m[90m [39m[90mFilament InvoiceResource integrates with InvoicePolicy for viewAny action @ repetition 35 of 100[39m[90m            [39m [90m0.31s[39m  
  [32;1m✓[39;22m[90m [39m[90mFilament InvoiceResource integrates with InvoicePolicy for viewAny action @ repetition 36 of 100[39m[90m            [39m [90m0.30s[39m  
  [32;1m✓[39;22m[90m [39m[90mFilament InvoiceResource integrates with InvoicePolicy for viewAny action @ repetition 37 of 100[39m[90m            [39m [90m0.76s[39m  
  [32;1m✓[39;22m[90m [39m[90mFilament InvoiceResource integrates with InvoicePolicy for viewAny action @ repetition 38 of 100[39m[90m            [39m [90m0.23s[39m  
  [32;1m✓[39;22m[90m [39m[90mFilament InvoiceResource integrates with InvoicePolicy for viewAny action @ repetition 39 of 100[39m[90m            [39m [90m0.26s[39m  
  [32;1m✓[39;22m[90m [39m[90mFilament InvoiceResource integrates with InvoicePolicy for viewAny action @ repetition 40 of 100[39m[90m            [39m [90m0.31s[39m  
  [32;1m✓[39;22m[90m [39m[90mFilament InvoiceResource integrates with InvoicePolicy for viewAny action @ repetition 41 of 100[39m[90m            [39m [90m0.30s[39m  
  [32;1m✓[39;22m[90m [39m[90mFilament InvoiceResource integrates with InvoicePolicy for viewAny action @ repetition 42 of 100[39m[90m            [39m [90m0.27s[39m  
  [32;1m✓[39;22m[90m [39m[90mFilament InvoiceResource integrates with InvoicePolicy for viewAny action @ repetition 43 of 100[39m[90m            [39m [90m0.26s[39m  
  [32;1m✓[39;22m[90m [39m[90mFilament InvoiceResource integrates with InvoicePolicy for viewAny action @ repetition 44 of 100[39m[90m            [39m [90m0.27s[39m  
  [32;1m✓[39;22m[90m [39m[90mFilament InvoiceResource integrates with InvoicePolicy for viewAny action @ repetition 45 of 100[39m[90m            [39m [90m0.77s[39m  
  [32;1m✓[39;22m[90m [39m[90mFilament InvoiceResource integrates with InvoicePolicy for viewAny action @ repetition 46 of 100[39m[90m            [39m [90m0.20s[39m  
  [32;1m✓[39;22m[90m [39m[90mFilament InvoiceResource integrates with InvoicePolicy for viewAny action @ repetition 47 of 100[39m[90m            [39m [90m0.26s[39m  
  [32;1m✓[39;22m[90m [39m[90mFilament InvoiceResource integrates with InvoicePolicy for viewAny action @ repetition 48 of 100[39m[90m            [39m [90m0.31s[39m  
  [32;1m✓[39;22m[90m [39m[90mFilament InvoiceResource integrates with InvoicePolicy for viewAny action @ repetition 49 of 100[39m[90m            [39m [90m0.27s[39m  
  [32;1m✓[39;22m[90m [39m[90mFilament InvoiceResource integrates with InvoicePolicy for viewAny action @ repetition 50 of 100[39m[90m            [39m [90m0.24s[39m  
  [32;1m✓[39;22m[90m [39m[90mFilament InvoiceResource integrates with InvoicePolicy for viewAny action @ repetition 51 of 100[39m[90m            [39m [90m0.20s[39m  
  [32;1m✓[39;22m[90m [39m[90mFilament InvoiceResource integrates with InvoicePolicy for viewAny action @ repetition 52 of 100[39m[90m            [39m [90m0.27s[39m  
  [32;1m✓[39;22m[90m [39m[90mFilament InvoiceResource integrates with InvoicePolicy for viewAny action @ repetition 53 of 100[39m[90m            [39m [90m0.79s[39m  
  [32;1m✓[39;22m[90m [39m[90mFilament InvoiceResource integrates with InvoicePolicy for viewAny action @ repetition 54 of 100[39m[90m            [39m [90m0.30s[39m  
  [32;1m✓[39;22m[90m [39m[90mFilament InvoiceResource integrates with InvoicePolicy for viewAny action @ repetition 55 of 100[39m[90m            [39m [90m0.32s[39m  
  [32;1m✓[39;22m[90m [39m[90mFilament InvoiceResource integrates with InvoicePolicy for viewAny action @ repetition 56 of 100[39m[90m            [39m [90m0.31s[39m  
  [32;1m✓[39;22m[90m [39m[90mFilament InvoiceResource integrates with InvoicePolicy for viewAny action @ repetition 57 of 100[39m[90m            [39m [90m0.31s[39m  
  [32;1m✓[39;22m[90m [39m[90mFilament InvoiceResource integrates with InvoicePolicy for viewAny action @ repetition 58 of 100[39m[90m            [39m [90m0.27s[39m  
  [32;1m✓[39;22m[90m [39m[90mFilament InvoiceResource integrates with InvoicePolicy for viewAny action @ repetition 59 of 100[39m[90m            [39m [90m0.27s[39m  
  [32;1m✓[39;22m[90m [39m[90mFilament InvoiceResource integrates with InvoicePolicy for viewAny action @ repetition 60 of 100[39m[90m            [39m [90m0.27s[39m  
  [32;1m✓[39;22m[90m [39m[90mFilament InvoiceResource integrates with InvoicePolicy for viewAny action @ repetition 61 of 100[39m[90m            [39m [90m0.78s[39m  
  [32;1m✓[39;22m[90m [39m[90mFilament InvoiceResource integrates with InvoicePolicy for viewAny action @ repetition 62 of 100[39m[90m            [39m [90m0.34s[39m  
  [32;1m✓[39;22m[90m [39m[90mFilament InvoiceResource integrates with InvoicePolicy for viewAny action @ repetition 63 of 100[39m[90m            [39m [90m0.23s[39m  
  [32;1m✓[39;22m[90m [39m[90mFilament InvoiceResource integrates with InvoicePolicy for viewAny action @ repetition 64 of 100[39m[90m            [39m [90m0.32s[39m  
  [32;1m✓[39;22m[90m [39m[90mFilament InvoiceResource integrates with InvoicePolicy for viewAny action @ repetition 65 of 100[39m[90m            [39m [90m0.29s[39m  
  [32;1m✓[39;22m[90m [39m[90mFilament InvoiceResource integrates with InvoicePolicy for viewAny action @ repetition 66 of 100[39m[90m            [39m [90m0.32s[39m  
  [32;1m✓[39;22m[90m [39m[90mFilament InvoiceResource integrates with InvoicePolicy for viewAny action @ repetition 67 of 100[39m[90m            [39m [90m0.32s[39m  
  [32;1m✓[39;22m[90m [39m[90mFilament InvoiceResource integrates with InvoicePolicy for viewAny action @ repetition 68 of 100[39m[90m            [39m [90m0.34s[39m  
  [32;1m✓[39;22m[90m [39m[90mFilament InvoiceResource integrates with InvoicePolicy for viewAny action @ repetition 69 of 100[39m[90m            [39m [90m0.90s[39m  
  [32;1m✓[39;22m[90m [39m[90mFilament InvoiceResource integrates with InvoicePolicy for viewAny action @ repetition 70 of 100[39m[90m            [39m [90m0.30s[39m  
  [32;1m✓[39;22m[90m [39m[90mFilament InvoiceResource integrates with InvoicePolicy for viewAny action @ repetition 71 of 100[39m[90m            [39m [90m0.30s[39m  
  [32;1m✓[39;22m[90m [39m[90mFilament InvoiceResource integrates with InvoicePolicy for viewAny action @ repetition 72 of 100[39m[90m            [39m [90m0.29s[39m  
  [32;1m✓[39;22m[90m [39m[90mFilament InvoiceResource integrates with InvoicePolicy for viewAny action @ repetition 73 of 100[39m[90m            [39m [90m0.36s[39m  
  [32;1m✓[39;22m[90m [39m[90mFilament InvoiceResource integrates with InvoicePolicy for viewAny action @ repetition 74 of 100[39m[90m            [39m [90m0.31s[39m  
  [32;1m✓[39;22m[90m [39m[90mFilament InvoiceResource integrates with InvoicePolicy for viewAny action @ repetition 75 of 100[39m[90m            [39m [90m0.32s[39m  
  [32;1m✓[39;22m[90m [39m[90mFilament InvoiceResource integrates with InvoicePolicy for viewAny action @ repetition 76 of 100[39m[90m            [39m [90m0.24s[39m  
  [32;1m✓[39;22m[90m [39m[90mFilament InvoiceResource integrates with InvoicePolicy for viewAny action @ repetition 77 of 100[39m[90m            [39m [90m0.78s[39m  
  [32;1m✓[39;22m[90m [39m[90mFilament InvoiceResource integrates with InvoicePolicy for viewAny action @ repetition 78 of 100[39m[90m            [39m [90m0.20s[39m  
  [32;1m✓[39;22m[90m [39m[90mFilament InvoiceResource integrates with InvoicePolicy for viewAny action @ repetition 79 of 100[39m[90m            [39m [90m0.39s[39m  
  [32;1m✓[39;22m[90m [39m[90mFilament InvoiceResource integrates with InvoicePolicy for viewAny action @ repetition 80 of 100[39m[90m            [39m [90m0.32s[39m  
  [32;1m✓[39;22m[90m [39m[90mFilament InvoiceResource integrates with InvoicePolicy for viewAny action @ repetition 81 of 100[39m[90m            [39m [90m0.32s[39m  
  [32;1m✓[39;22m[90m [39m[90mFilament InvoiceResource integrates with InvoicePolicy for viewAny action @ repetition 82 of 100[39m[90m            [39m [90m0.33s[39m  
  [32;1m✓[39;22m[90m [39m[90mFilament InvoiceResource integrates with InvoicePolicy for viewAny action @ repetition 83 of 100[39m[90m            [39m [90m0.36s[39m  
  [32;1m✓[39;22m[90m [39m[90mFilament InvoiceResource integrates with InvoicePolicy for viewAny action @ repetition 84 of 100[39m[90m            [39m [90m0.36s[39m  
  [32;1m✓[39;22m[90m [39m[90mFilament InvoiceResource integrates with InvoicePolicy for viewAny action @ repetition 85 of 100[39m[90m            [39m [90m0.78s[39m  
  [32;1m✓[39;22m[90m [39m[90mFilament InvoiceResource integrates with InvoicePolicy for viewAny action @ repetition 86 of 100[39m[90m            [39m [90m0.32s[39m  
  [32;1m✓[39;22m[90m [39m[90mFilament InvoiceResource integrates with InvoicePolicy for viewAny action @ repetition 87 of 100[39m[90m            [39m [90m0.31s[39m  
  [32;1m✓[39;22m[90m [39m[90mFilament InvoiceResource integrates with InvoicePolicy for viewAny action @ repetition 88 of 100[39m[90m            [39m [90m0.27s[39m  
  [32;1m✓[39;22m[90m [39m[90mFilament InvoiceResource integrates with InvoicePolicy for viewAny action @ repetition 89 of 100[39m[90m            [39m [90m0.26s[39m  
  [32;1m✓[39;22m[90m [39m[90mFilament InvoiceResource integrates with InvoicePolicy for viewAny action @ repetition 90 of 100[39m[90m            [39m [90m0.19s[39m  
  [32;1m✓[39;22m[90m [39m[90mFilament InvoiceResource integrates with InvoicePolicy for viewAny action @ repetition 91 of 100[39m[90m            [39m [90m0.33s[39m  
  [32;1m✓[39;22m[90m [39m[90mFilament InvoiceResource integrates with InvoicePolicy for viewAny action @ repetition 92 of 100[39m[90m            [39m [90m0.25s[39m  
  [32;1m✓[39;22m[90m [39m[90mFilament InvoiceResource integrates with InvoicePolicy for viewAny action @ repetition 93 of 100[39m[90m            [39m [90m0.78s[39m  
  [32;1m✓[39;22m[90m [39m[90mFilament InvoiceResource integrates with InvoicePolicy for viewAny action @ repetition 94 of 100[39m[90m            [39m [90m0.34s[39m  
  [32;1m✓[39;22m[90m [39m[90mFilament InvoiceResource integrates with InvoicePolicy for viewAny action @ repetition 95 of 100[39m[90m            [39m [90m0.30s[39m  
  [32;1m✓[39;22m[90m [39m[90mFilament InvoiceResource integrates with InvoicePolicy for viewAny action @ repetition 96 of 100[39m[90m            [39m [90m0.27s[39m  
  [32;1m✓[39;22m[90m [39m[90mFilament InvoiceResource integrates with InvoicePolicy for viewAny action @ repetition 97 of 100[39m[90m            [39m [90m0.33s[39m  
  [32;1m✓[39;22m[90m [39m[90mFilament InvoiceResource integrates with InvoicePolicy for viewAny action @ repetition 98 of 100[39m[90m            [39m [90m0.33s[39m  
  [32;1m✓[39;22m[90m [39m[90mFilament InvoiceResource integrates with InvoicePolicy for viewAny action @ repetition 99 of 100[39m[90m            [39m [90m0.27s[39m  
  [32;1m✓[39;22m[90m [39m[90mFilament InvoiceResource integrates with InvoicePolicy for viewAny action @ repetition 100 of 100[39m[90m           [39m [90m0.27s[39m  
  [32;1m✓[39;22m[90m [39m[90mFilament InvoiceResource integrates with InvoicePolicy for create action @ repetition 1 of 100[39m[90m              [39m [90m0.28s[39m  
  [32;1m✓[39;22m[90m [39m[90mFilament InvoiceResource integrates with InvoicePolicy for create action @ repetition 2 of 100[39m[90m              [39m [90m0.28s[39m  
  [32;1m✓[39;22m[90m [39m[90mFilament InvoiceResource integrates with InvoicePolicy for create action @ repetition 3 of 100[39m[90m              [39m [90m0.34s[39m  
  [32;1m✓[39;22m[90m [39m[90mFilament InvoiceResource integrates with InvoicePolicy for create action @ repetition 4 of 100[39m[90m              [39m [90m0.67s[39m  
  [32;1m✓[39;22m[90m [39m[90mFilament InvoiceResource integrates with InvoicePolicy for create action @ repetition 5 of 100[39m[90m              [39m [90m0.40s[39m  
  [32;1m✓[39;22m[90m [39m[90mFilament InvoiceResource integrates with InvoicePolicy for create action @ repetition 6 of 100[39m[90m              [39m [90m0.38s[39m  
  [32;1m✓[39;22m[90m [39m[90mFilament InvoiceResource integrates with InvoicePolicy for create action @ repetition 7 of 100[39m[90m              [39m [90m0.30s[39m  
  [32;1m✓[39;22m[90m [39m[90mFilament InvoiceResource integrates with InvoicePolicy for create action @ repetition 8 of 100[39m[90m              [39m [90m0.24s[39m  
  [32;1m✓[39;22m[90m [39m[90mFilament InvoiceResource integrates with InvoicePolicy for create action @ repetition 9 of 100[39m[90m              [39m [90m0.31s[39m  
  [32;1m✓[39;22m[90m [39m[90mFilament InvoiceResource integrates with InvoicePolicy for create action @ repetition 10 of 100[39m[90m             [39m [90m0.34s[39m  
  [32;1m✓[39;22m[90m [39m[90mFilament InvoiceResource integrates with InvoicePolicy for create action @ repetition 11 of 100[39m[90m             [39m [90m0.35s[39m  
  [32;1m✓[39;22m[90m [39m[90mFilament InvoiceResource integrates with InvoicePolicy for create action @ repetition 12 of 100[39m[90m             [39m [90m0.80s[39m  
  [32;1m✓[39;22m[90m [39m[90mFilament InvoiceResource integrates with InvoicePolicy for create action @ repetition 13 of 100[39m[90m             [39m [90m0.44s[39m  
  [32;1m✓[39;22m[90m [39m[90mFilament InvoiceResource integrates with InvoicePolicy for create action @ repetition 14 of 100[39m[90m             [39m [90m0.31s[39m  
  [32;1m✓[39;22m[90m [39m[90mFilament InvoiceResource integrates with InvoicePolicy for create action @ repetition 15 of 100[39m[90m             [39m [90m0.33s[39m  
  [32;1m✓[39;22m[90m [39m[90mFilament InvoiceResource integrates with InvoicePolicy for create action @ repetition 16 of 100[39m[90m             [39m [90m0.32s[39m  
  [32;1m✓[39;22m[90m [39m[90mFilament InvoiceResource integrates with InvoicePolicy for create action @ repetition 17 of 100[39m[90m             [39m [90m0.25s[39m  
  [32;1m✓[39;22m[90m [39m[90mFilament InvoiceResource integrates with InvoicePolicy for create action @ repetition 18 of 100[39m[90m             [39m [90m0.30s[39m  
  [32;1m✓[39;22m[90m [39m[90mFilament InvoiceResource integrates with InvoicePolicy for create action @ repetition 19 of 100[39m[90m             [39m [90m0.40s[39m  
  [32;1m✓[39;22m[90m [39m[90mFilament InvoiceResource integrates with InvoicePolicy for create action @ repetition 20 of 100[39m[90m             [39m [90m0.79s[39m  
  [32;1m✓[39;22m[90m [39m[90mFilament InvoiceResource integrates with InvoicePolicy for create action @ repetition 21 of 100[39m[90m             [39m [90m0.35s[39m  
  [32;1m✓[39;22m[90m [39m[90mFilament InvoiceResource integrates with InvoicePolicy for create action @ repetition 22 of 100[39m[90m             [39m [90m0.38s[39m  
  [32;1m✓[39;22m[90m [39m[90mFilament InvoiceResource integrates with InvoicePolicy for create action @ repetition 23 of 100[39m[90m             [39m [90m0.32s[39m  
  [32;1m✓[39;22m[90m [39m[90mFilament InvoiceResource integrates with InvoicePolicy for create action @ repetition 24 of 100[39m[90m             [39m [90m0.40s[39m  
  [32;1m✓[39;22m[90m [39m[90mFilament InvoiceResource integrates with InvoicePolicy for create action @ repetition 25 of 100[39m[90m             [39m [90m0.39s[39m  
  [32;1m✓[39;22m[90m [39m[90mFilament InvoiceResource integrates with InvoicePolicy for create action @ repetition 26 of 100[39m[90m             [39m [90m0.36s[39m  
  [32;1m✓[39;22m[90m [39m[90mFilament InvoiceResource integrates with InvoicePolicy for create action @ repetition 27 of 100[39m[90m             [39m [90m0.28s[39m  
  [32;1m✓[39;22m[90m [39m[90mFilament InvoiceResource integrates with InvoicePolicy for create action @ repetition 28 of 100[39m[90m             [39m [90m0.93s[39m  
  [32;1m✓[39;22m[90m [39m[90mFilament InvoiceResource integrates with InvoicePolicy for create action @ repetition 29 of 100[39m[90m             [39m [90m0.28s[39m  
  [32;1m✓[39;22m[90m [39m[90mFilament InvoiceResource integrates with InvoicePolicy for create action @ repetition 30 of 100[39m[90m             [39m [90m0.36s[39m  
  [32;1m✓[39;22m[90m [39m[90mFilament InvoiceResource integrates with InvoicePolicy for create action @ repetition 31 of 100[39m[90m             [39m [90m0.38s[39m  
  [32;1m✓[39;22m[90m [39m[90mFilament InvoiceResource integrates with InvoicePolicy for create action @ repetition 32 of 100[39m[90m             [39m [90m0.41s[39m  
  [32;1m✓[39;22m[90m [39m[90mFilament InvoiceResource integrates with InvoicePolicy for create action @ repetition 33 of 100[39m[90m             [39m [90m0.34s[39m  
  [32;1m✓[39;22m[90m [39m[90mFilament InvoiceResource integrates with InvoicePolicy for create action @ repetition 34 of 100[39m[90m             [39m [90m0.33s[39m  
  [32;1m✓[39;22m[90m [39m[90mFilament InvoiceResource integrates with InvoicePolicy for create action @ repetition 35 of 100[39m[90m             [39m [90m0.35s[39m  
  [32;1m✓[39;22m[90m [39m[90mFilament InvoiceResource integrates with InvoicePolicy for create action @ repetition 36 of 100[39m[90m             [39m [90m0.68s[39m  
  [32;1m✓[39;22m[90m [39m[90mFilament InvoiceResource integrates with InvoicePolicy for create action @ repetition 37 of 100[39m[90m             [39m [90m0.36s[39m  
  [32;1m✓[39;22m[90m [39m[90mFilament InvoiceResource integrates with InvoicePolicy for create action @ repetition 38 of 100[39m[90m             [39m [90m0.37s[39m  
  [32;1m✓[39;22m[90m [39m[90mFilament InvoiceResource integrates with InvoicePolicy for create action @ repetition 39 of 100[39m[90m             [39m [90m0.25s[39m  
  [32;1m✓[39;22m[90m [39m[90mFilament InvoiceResource integrates with InvoicePolicy for create action @ repetition 40 of 100[39m[90m             [39m [90m0.38s[39m  
  [32;1m✓[39;22m[90m [39m[90mFilament InvoiceResource integrates with InvoicePolicy for create action @ repetition 41 of 100[39m[90m             [39m [90m0.35s[39m  
  [32;1m✓[39;22m[90m [39m[90mFilament InvoiceResource integrates with InvoicePolicy for create action @ repetition 42 of 100[39m[90m             [39m [90m0.33s[39m  
  [32;1m✓[39;22m[90m [39m[90mFilament InvoiceResource integrates with InvoicePolicy for create action @ repetition 43 of 100[39m[90m             [39m [90m0.32s[39m  
  [32;1m✓[39;22m[90m [39m[90mFilament InvoiceResource integrates with InvoicePolicy for create action @ repetition 44 of 100[39m[90m             [39m [90m0.92s[39m  
  [32;1m✓[39;22m[90m [39m[90mFilament InvoiceResource integrates with InvoicePolicy for create action @ repetition 45 of 100[39m[90m             [39m [90m0.26s[39m  
  [32;1m✓[39;22m[90m [39m[90mFilament InvoiceResource integrates with InvoicePolicy for create action @ repetition 46 of 100[39m[90m             [39m [90m0.37s[39m  
  [32;1m✓[39;22m[90m [39m[90mFilament InvoiceResource integrates with InvoicePolicy for create action @ repetition 47 of 100[39m[90m             [39m [90m0.30s[39m  
  [32;1m✓[39;22m[90m [39m[90mFilament InvoiceResource integrates with InvoicePolicy for create action @ repetition 48 of 100[39m[90m             [39m [90m0.36s[39m  
  [32;1m✓[39;22m[90m [39m[90mFilament InvoiceResource integrates with InvoicePolicy for create action @ repetition 49 of 100[39m[90m             [39m [90m0.29s[39m  
  [32;1m✓[39;22m[90m [39m[90mFilament InvoiceResource integrates with InvoicePolicy for create action @ repetition 50 of 100[39m[90m             [39m [90m0.34s[39m  
  [32;1m✓[39;22m[90m [39m[90mFilament InvoiceResource integrates with InvoicePolicy for create action @ repetition 51 of 100[39m[90m             [39m [90m0.28s[39m  
  [32;1m✓[39;22m[90m [39m[90mFilament InvoiceResource integrates with InvoicePolicy for create action @ repetition 52 of 100[39m[90m             [39m [90m0.83s[39m  
  [32;1m✓[39;22m[90m [39m[90mFilament InvoiceResource integrates with InvoicePolicy for create action @ repetition 53 of 100[39m[90m             [39m [90m0.31s[39m  
  [32;1m✓[39;22m[90m [39m[90mFilament InvoiceResource integrates with InvoicePolicy for create action @ repetition 54 of 100[39m[90m             [39m [90m0.27s[39m  
  [32;1m✓[39;22m[90m [39m[90mFilament InvoiceResource integrates with InvoicePolicy for create action @ repetition 55 of 100[39m[90m             [39m [90m0.27s[39m  
  [32;1m✓[39;22m[90m [39m[90mFilament InvoiceResource integrates with InvoicePolicy for create action @ repetition 56 of 100[39m[90m             [39m [90m0.28s[39m  
  [32;1m✓[39;22m[90m [39m[90mFilament InvoiceResource integrates with InvoicePolicy for create action @ repetition 57 of 100[39m[90m             [39m [90m0.25s[39m  
  [32;1m✓[39;22m[90m [39m[90mFilament InvoiceResource integrates with InvoicePolicy for create action @ repetition 58 of 100[39m[90m             [39m [90m0.30s[39m  
  [32;1m✓[39;22m[90m [39m[90mFilament InvoiceResource integrates with InvoicePolicy for create action @ repetition 59 of 100[39m[90m             [39m [90m0.33s[39m  
  [32;1m✓[39;22m[90m [39m[90mFilament InvoiceResource integrates with InvoicePolicy for create action @ repetition 60 of 100[39m[90m             [39m [90m0.79s[39m  
  [32;1m✓[39;22m[90m [39m[90mFilament InvoiceResource integrates with InvoicePolicy for create action @ repetition 61 of 100[39m[90m             [39m [90m0.22s[39m  
  [32;1m✓[39;22m[90m [39m[90mFilament InvoiceResource integrates with InvoicePolicy for create action @ repetition 62 of 100[39m[90m             [39m [90m0.26s[39m  
  [32;1m✓[39;22m[90m [39m[90mFilament InvoiceResource integrates with InvoicePolicy for create action @ repetition 63 of 100[39m[90m             [39m [90m0.23s[39m  
  [32;1m✓[39;22m[90m [39m[90mFilament InvoiceResource integrates with InvoicePolicy for create action @ repetition 64 of 100[39m[90m             [39m [90m0.22s[39m  
  [32;1m✓[39;22m[90m [39m[90mFilament InvoiceResource integrates with InvoicePolicy for create action @ repetition 65 of 100[39m[90m             [39m [90m0.24s[39m  
  [32;1m✓[39;22m[90m [39m[90mFilament InvoiceResource integrates with InvoicePolicy for create action @ repetition 66 of 100[39m[90m             [39m [90m0.26s[39m  
  [32;1m✓[39;22m[90m [39m[90mFilament InvoiceResource integrates with InvoicePolicy for create action @ repetition 67 of 100[39m[90m             [39m [90m0.22s[39m  
  [32;1m✓[39;22m[90m [39m[90mFilament InvoiceResource integrates with InvoicePolicy for create action @ repetition 68 of 100[39m[90m             [39m [90m0.71s[39m  
  [32;1m✓[39;22m[90m [39m[90mFilament InvoiceResource integrates with InvoicePolicy for create action @ repetition 69 of 100[39m[90m             [39m [90m0.25s[39m  
  [32;1m✓[39;22m[90m [39m[90mFilament InvoiceResource integrates with InvoicePolicy for create action @ repetition 70 of 100[39m[90m             [39m [90m0.30s[39m  
  [32;1m✓[39;22m[90m [39m[90mFilament InvoiceResource integrates with InvoicePolicy for create action @ repetition 71 of 100[39m[90m             [39m [90m0.27s[39m  
  [32;1m✓[39;22m[90m [39m[90mFilament InvoiceResource integrates with InvoicePolicy for create action @ repetition 72 of 100[39m[90m             [39m [90m0.33s[39m  
  [32;1m✓[39;22m[90m [39m[90mFilament InvoiceResource integrates with InvoicePolicy for create action @ repetition 73 of 100[39m[90m             [39m [90m0.24s[39m  
  [32;1m✓[39;22m[90m [39m[90mFilament InvoiceResource integrates with InvoicePolicy for create action @ repetition 74 of 100[39m[90m             [39m [90m0.25s[39m  
  [32;1m✓[39;22m[90m [39m[90mFilament InvoiceResource integrates with InvoicePolicy for create action @ repetition 75 of 100[39m[90m             [39m [90m0.28s[39m  
  [32;1m✓[39;22m[90m [39m[90mFilament InvoiceResource integrates with InvoicePolicy for create action @ repetition 76 of 100[39m[90m             [39m [90m0.67s[39m  
  [32;1m✓[39;22m[90m [39m[90mFilament InvoiceResource integrates with InvoicePolicy for create action @ repetition 77 of 100[39m[90m             [39m [90m0.25s[39m  
  [32;1m✓[39;22m[90m [39m[90mFilament InvoiceResource integrates with InvoicePolicy for create action @ repetition 78 of 100[39m[90m             [39m [90m0.27s[39m  
  [32;1m✓[39;22m[90m [39m[90mFilament InvoiceResource integrates with InvoicePolicy for create action @ repetition 79 of 100[39m[90m             [39m [90m0.19s[39m  
  [32;1m✓[39;22m[90m [39m[90mFilament InvoiceResource integrates with InvoicePolicy for create action @ repetition 80 of 100[39m[90m             [39m [90m0.21s[39m  
  [32;1m✓[39;22m[90m [39m[90mFilament InvoiceResource integrates with InvoicePolicy for create action @ repetition 81 of 100[39m[90m             [39m [90m0.25s[39m  
  [32;1m✓[39;22m[90m [39m[90mFilament InvoiceResource integrates with InvoicePolicy for create action @ repetition 82 of 100[39m[90m             [39m [90m0.26s[39m  
  [32;1m✓[39;22m[90m [39m[90mFilament InvoiceResource integrates with InvoicePolicy for create action @ repetition 83 of 100[39m[90m             [39m [90m0.20s[39m  
  [32;1m✓[39;22m[90m [39m[90mFilament InvoiceResource integrates with InvoicePolicy for create action @ repetition 84 of 100[39m[90m             [39m [90m0.65s[39m  
  [32;1m✓[39;22m[90m [39m[90mFilament InvoiceResource integrates with InvoicePolicy for create action @ repetition 85 of 100[39m[90m             [39m [90m0.31s[39m  
  [32;1m✓[39;22m[90m [39m[90mFilament InvoiceResource integrates with InvoicePolicy for create action @ repetition 86 of 100[39m[90m             [39m [90m0.23s[39m  
  [32;1m✓[39;22m[90m [39m[90mFilament InvoiceResource integrates with InvoicePolicy for create action @ repetition 87 of 100[39m[90m             [39m [90m0.25s[39m  
  [32;1m✓[39;22m[90m [39m[90mFilament InvoiceResource integrates with InvoicePolicy for create action @ repetition 88 of 100[39m[90m             [39m [90m0.21s[39m  
  [32;1m✓[39;22m[90m [39m[90mFilament InvoiceResource integrates with InvoicePolicy for create action @ repetition 89 of 100[39m[90m             [39m [90m0.20s[39m  
  [32;1m✓[39;22m[90m [39m[90mFilament InvoiceResource integrates with InvoicePolicy for create action @ repetition 90 of 100[39m[90m             [39m [90m0.20s[39m  
  [32;1m✓[39;22m[90m [39m[90mFilament InvoiceResource integrates with InvoicePolicy for create action @ repetition 91 of 100[39m[90m             [39m [90m0.23s[39m  
  [32;1m✓[39;22m[90m [39m[90mFilament InvoiceResource integrates with InvoicePolicy for create action @ repetition 92 of 100[39m[90m             [39m [90m0.61s[39m  
  [32;1m✓[39;22m[90m [39m[90mFilament InvoiceResource integrates with InvoicePolicy for create action @ repetition 93 of 100[39m[90m             [39m [90m0.24s[39m  
  [32;1m✓[39;22m[90m [39m[90mFilament InvoiceResource integrates with InvoicePolicy for create action @ repetition 94 of 100[39m[90m             [39m [90m0.22s[39m  
  [32;1m✓[39;22m[90m [39m[90mFilament InvoiceResource integrates with InvoicePolicy for create action @ repetition 95 of 100[39m[90m             [39m [90m0.19s[39m  
  [32;1m✓[39;22m[90m [39m[90mFilament InvoiceResource integrates with InvoicePolicy for create action @ repetition 96 of 100[39m[90m             [39m [90m0.22s[39m  
  [32;1m✓[39;22m[90m [39m[90mFilament InvoiceResource integrates with InvoicePolicy for create action @ repetition 97 of 100[39m[90m             [39m [90m0.21s[39m  
  [32;1m✓[39;22m[90m [39m[90mFilament InvoiceResource integrates with InvoicePolicy for create action @ repetition 98 of 100[39m[90m             [39m [90m0.21s[39m  
  [32;1m✓[39;22m[90m [39m[90mFilament InvoiceResource integrates with InvoicePolicy for create action @ repetition 99 of 100[39m[90m             [39m [90m0.21s[39m  
  [32;1m✓[39;22m[90m [39m[90mFilament InvoiceResource integrates with InvoicePolicy for create action @ repetition 100 of 100[39m[90m            [39m [90m0.63s[39m  
  [32;1m✓[39;22m[90m [39m[90mFilament UserResource integrates with UserPolicy for viewAny action @ repetition 1 of 100[39m[90m                   [39m [90m0.18s[39m  
  [32;1m✓[39;22m[90m [39m[90mFilament UserResource integrates with UserPolicy for viewAny action @ repetition 2 of 100[39m[90m                   [39m [90m0.61s[39m  
  [32;1m✓[39;22m[90m [39m[90mFilament UserResource integrates with UserPolicy for viewAny action @ repetition 3 of 100[39m[90m                   [39m [90m0.22s[39m  
  [32;1m✓[39;22m[90m [39m[90mFilament UserResource integrates with UserPolicy for viewAny action @ repetition 4 of 100[39m[90m                   [39m [90m0.28s[39m  
  [32;1m✓[39;22m[90m [39m[90mFilament UserResource integrates with UserPolicy for viewAny action @ repetition 5 of 100[39m[90m                   [39m [90m0.23s[39m  
  [32;1m✓[39;22m[90m [39m[90mFilament UserResource integrates with UserPolicy for viewAny action @ repetition 6 of 100[39m[90m                   [39m [90m0.21s[39m  
  [32;1m✓[39;22m[90m [39m[90mFilament UserResource integrates with UserPolicy for viewAny action @ repetition 7 of 100[39m[90m                   [39m [90m0.22s[39m  
  [32;1m✓[39;22m[90m [39m[90mFilament UserResource integrates with UserPolicy for viewAny action @ repetition 8 of 100[39m[90m                   [39m [90m0.22s[39m  
  [32;1m✓[39;22m[90m [39m[90mFilament UserResource integrates with UserPolicy for viewAny action @ repetition 9 of 100[39m[90m                   [39m [90m0.22s[39m  
  [32;1m✓[39;22m[90m [39m[90mFilament UserResource integrates with UserPolicy for viewAny action @ repetition 10 of 100[39m[90m                  [39m [90m0.59s[39m  
  [32;1m✓[39;22m[90m [39m[90mFilament UserResource integrates with UserPolicy for viewAny action @ repetition 11 of 100[39m[90m                  [39m [90m0.17s[39m  
  [32;1m✓[39;22m[90m [39m[90mFilament UserResource integrates with UserPolicy for viewAny action @ repetition 12 of 100[39m[90m                  [39m [90m0.18s[39m  
  [32;1m✓[39;22m[90m [39m[90mFilament UserResource integrates with UserPolicy for viewAny action @ repetition 13 of 100[39m[90m                  [39m [90m0.22s[39m  
  [32;1m✓[39;22m[90m [39m[90mFilament UserResource integrates with UserPolicy for viewAny action @ repetition 14 of 100[39m[90m                  [39m [90m0.18s[39m  
  [32;1m✓[39;22m[90m [39m[90mFilament UserResource integrates with UserPolicy for viewAny action @ repetition 15 of 100[39m[90m                  [39m [90m0.14s[39m  
  [32;1m✓[39;22m[90m [39m[90mFilament UserResource integrates with UserPolicy for viewAny action @ repetition 16 of 100[39m[90m                  [39m [90m0.19s[39m  
  [32;1m✓[39;22m[90m [39m[90mFilament UserResource integrates with UserPolicy for viewAny action @ repetition 17 of 100[39m[90m                  [39m [90m0.19s[39m  
  [32;1m✓[39;22m[90m [39m[90mFilament UserResource integrates with UserPolicy for viewAny action @ repetition 18 of 100[39m[90m                  [39m [90m0.56s[39m  
  [32;1m✓[39;22m[90m [39m[90mFilament UserResource integrates with UserPolicy for viewAny action @ repetition 19 of 100[39m[90m                  [39m [90m0.20s[39m  
  [32;1m✓[39;22m[90m [39m[90mFilament UserResource integrates with UserPolicy for viewAny action @ repetition 20 of 100[39m[90m                  [39m [90m0.18s[39m  
  [32;1m✓[39;22m[90m [39m[90mFilament UserResource integrates with UserPolicy for viewAny action @ repetition 21 of 100[39m[90m                  [39m [90m0.18s[39m  
  [32;1m✓[39;22m[90m [39m[90mFilament UserResource integrates with UserPolicy for viewAny action @ repetition 22 of 100[39m[90m                  [39m [90m0.17s[39m  
  [32;1m✓[39;22m[90m [39m[90mFilament UserResource integrates with UserPolicy for viewAny action @ repetition 23 of 100[39m[90m                  [39m [90m0.18s[39m  
  [32;1m✓[39;22m[90m [39m[90mFilament UserResource integrates with UserPolicy for viewAny action @ repetition 24 of 100[39m[90m                  [39m [90m0.22s[39m  
  [32;1m✓[39;22m[90m [39m[90mFilament UserResource integrates with UserPolicy for viewAny action @ repetition 25 of 100[39m[90m                  [39m [90m0.19s[39m  
  [32;1m✓[39;22m[90m [39m[90mFilament UserResource integrates with UserPolicy for viewAny action @ repetition 26 of 100[39m[90m                  [39m [90m0.62s[39m  
  [32;1m✓[39;22m[90m [39m[90mFilament UserResource integrates with UserPolicy for viewAny action @ repetition 27 of 100[39m[90m                  [39m [90m0.20s[39m  
  [32;1m✓[39;22m[90m [39m[90mFilament UserResource integrates with UserPolicy for viewAny action @ repetition 28 of 100[39m[90m                  [39m [90m0.16s[39m  
  [32;1m✓[39;22m[90m [39m[90mFilament UserResource integrates with UserPolicy for viewAny action @ repetition 29 of 100[39m[90m                  [39m [90m0.23s[39m  
  [32;1m✓[39;22m[90m [39m[90mFilament UserResource integrates with UserPolicy for viewAny action @ repetition 30 of 100[39m[90m                  [39m [90m0.18s[39m  
  [32;1m✓[39;22m[90m [39m[90mFilament UserResource integrates with UserPolicy for viewAny action @ repetition 31 of 100[39m[90m                  [39m [90m0.21s[39m  
  [32;1m✓[39;22m[90m [39m[90mFilament UserResource integrates with UserPolicy for viewAny action @ repetition 32 of 100[39m[90m                  [39m [90m0.24s[39m  
  [32;1m✓[39;22m[90m [39m[90mFilament UserResource integrates with UserPolicy for viewAny action @ repetition 33 of 100[39m[90m                  [39m [90m0.16s[39m  
  [32;1m✓[39;22m[90m [39m[90mFilament UserResource integrates with UserPolicy for viewAny action @ repetition 34 of 100[39m[90m                  [39m [90m0.63s[39m  
  [32;1m✓[39;22m[90m [39m[90mFilament UserResource integrates with UserPolicy for viewAny action @ repetition 35 of 100[39m[90m                  [39m [90m0.21s[39m  
  [32;1m✓[39;22m[90m [39m[90mFilament UserResource integrates with UserPolicy for viewAny action @ repetition 36 of 100[39m[90m                  [39m [90m0.20s[39m  
  [32;1m✓[39;22m[90m [39m[90mFilament UserResource integrates with UserPolicy for viewAny action @ repetition 37 of 100[39m[90m                  [39m [90m0.23s[39m  
  [32;1m✓[39;22m[90m [39m[90mFilament UserResource integrates with UserPolicy for viewAny action @ repetition 38 of 100[39m[90m                  [39m [90m0.17s[39m  
  [32;1m✓[39;22m[90m [39m[90mFilament UserResource integrates with UserPolicy for viewAny action @ repetition 39 of 100[39m[90m                  [39m [90m0.18s[39m  
  [32;1m✓[39;22m[90m [39m[90mFilament UserResource integrates with UserPolicy for viewAny action @ repetition 40 of 100[39m[90m                  [39m [90m0.23s[39m  
  [32;1m✓[39;22m[90m [39m[90mFilament UserResource integrates with UserPolicy for viewAny action @ repetition 41 of 100[39m[90m                  [39m [90m0.19s[39m  
  [32;1m✓[39;22m[90m [39m[90mFilament UserResource integrates with UserPolicy for viewAny action @ repetition 42 of 100[39m[90m                  [39m [90m0.63s[39m  
  [32;1m✓[39;22m[90m [39m[90mFilament UserResource integrates with UserPolicy for viewAny action @ repetition 43 of 100[39m[90m                  [39m [90m0.19s[39m  
  [32;1m✓[39;22m[90m [39m[90mFilament UserResource integrates with UserPolicy for viewAny action @ repetition 44 of 100[39m[90m                  [39m [90m0.17s[39m  
  [32;1m✓[39;22m[90m [39m[90mFilament UserResource integrates with UserPolicy for viewAny action @ repetition 45 of 100[39m[90m                  [39m [90m0.18s[39m  
  [32;1m✓[39;22m[90m [39m[90mFilament UserResource integrates with UserPolicy for viewAny action @ repetition 46 of 100[39m[90m                  [39m [90m0.21s[39m  
  [32;1m✓[39;22m[90m [39m[90mFilament UserResource integrates with UserPolicy for viewAny action @ repetition 47 of 100[39m[90m                  [39m [90m0.17s[39m  
  [32;1m✓[39;22m[90m [39m[90mFilament UserResource integrates with UserPolicy for viewAny action @ repetition 48 of 100[39m[90m                  [39m [90m0.20s[39m  
  [32;1m✓[39;22m[90m [39m[90mFilament UserResource integrates with UserPolicy for viewAny action @ repetition 49 of 100[39m[90m                  [39m [90m0.17s[39m  
  [32;1m✓[39;22m[90m [39m[90mFilament UserResource integrates with UserPolicy for viewAny action @ repetition 50 of 100[39m[90m                  [39m [90m0.59s[39m  
  [32;1m✓[39;22m[90m [39m[90mFilament UserResource integrates with UserPolicy for viewAny action @ repetition 51 of 100[39m[90m                  [39m [90m0.23s[39m  
  [32;1m✓[39;22m[90m [39m[90mFilament UserResource integrates with UserPolicy for viewAny action @ repetition 52 of 100[39m[90m                  [39m [90m0.19s[39m  
  [32;1m✓[39;22m[90m [39m[90mFilament UserResource integrates with UserPolicy for viewAny action @ repetition 53 of 100[39m[90m                  [39m [90m0.23s[39m  
  [32;1m✓[39;22m[90m [39m[90mFilament UserResource integrates with UserPolicy for viewAny action @ repetition 54 of 100[39m[90m                  [39m [90m0.19s[39m  
  [32;1m✓[39;22m[90m [39m[90mFilament UserResource integrates with UserPolicy for viewAny action @ repetition 55 of 100[39m[90m                  [39m [90m0.21s[39m  
  [32;1m✓[39;22m[90m [39m[90mFilament UserResource integrates with UserPolicy for viewAny action @ repetition 56 of 100[39m[90m                  [39m [90m0.23s[39m  
  [32;1m✓[39;22m[90m [39m[90mFilament UserResource integrates with UserPolicy for viewAny action @ repetition 57 of 100[39m[90m                  [39m [90m0.21s[39m  
  [32;1m✓[39;22m[90m [39m[90mFilament UserResource integrates with UserPolicy for viewAny action @ repetition 58 of 100[39m[90m                  [39m [90m0.47s[39m  
  [32;1m✓[39;22m[90m [39m[90mFilament UserResource integrates with UserPolicy for viewAny action @ repetition 59 of 100[39m[90m                  [39m [90m0.23s[39m  
  [32;1m✓[39;22m[90m [39m[90mFilament UserResource integrates with UserPolicy for viewAny action @ repetition 60 of 100[39m[90m                  [39m [90m0.21s[39m  
  [32;1m✓[39;22m[90m [39m[90mFilament UserResource integrates with UserPolicy for viewAny action @ repetition 61 of 100[39m[90m                  [39m [90m0.22s[39m  
  [32;1m✓[39;22m[90m [39m[90mFilament UserResource integrates with UserPolicy for viewAny action @ repetition 62 of 100[39m[90m                  [39m [90m0.19s[39m  
  [32;1m✓[39;22m[90m [39m[90mFilament UserResource integrates with UserPolicy for viewAny action @ repetition 63 of 100[39m[90m                  [39m [90m0.20s[39m  
  [32;1m✓[39;22m[90m [39m[90mFilament UserResource integrates with UserPolicy for viewAny action @ repetition 64 of 100[39m[90m                  [39m [90m0.15s[39m  
  [32;1m✓[39;22m[90m [39m[90mFilament UserResource integrates with UserPolicy for viewAny action @ repetition 65 of 100[39m[90m                  [39m [90m0.15s[39m  
  [32;1m✓[39;22m[90m [39m[90mFilament UserResource integrates with UserPolicy for viewAny action @ repetition 66 of 100[39m[90m                  [39m [90m0.55s[39m  
  [32;1m✓[39;22m[90m [39m[90mFilament UserResource integrates with UserPolicy for viewAny action @ repetition 67 of 100[39m[90m                  [39m [90m0.17s[39m  
  [32;1m✓[39;22m[90m [39m[90mFilament UserResource integrates with UserPolicy for viewAny action @ repetition 68 of 100[39m[90m                  [39m [90m0.22s[39m  
  [32;1m✓[39;22m[90m [39m[90mFilament UserResource integrates with UserPolicy for viewAny action @ repetition 69 of 100[39m[90m                  [39m [90m0.23s[39m  
  [32;1m✓[39;22m[90m [39m[90mFilament UserResource integrates with UserPolicy for viewAny action @ repetition 70 of 100[39m[90m                  [39m [90m0.24s[39m  
  [32;1m✓[39;22m[90m [39m[90mFilament UserResource integrates with UserPolicy for viewAny action @ repetition 71 of 100[39m[90m                  [39m [90m0.21s[39m  
  [32;1m✓[39;22m[90m [39m[90mFilament UserResource integrates with UserPolicy for viewAny action @ repetition 72 of 100[39m[90m                  [39m [90m0.20s[39m  
  [32;1m✓[39;22m[90m [39m[90mFilament UserResource integrates with UserPolicy for viewAny action @ repetition 73 of 100[39m[90m                  [39m [90m0.23s[39m  
  [32;1m✓[39;22m[90m [39m[90mFilament UserResource integrates with UserPolicy for viewAny action @ repetition 74 of 100[39m[90m                  [39m [90m0.60s[39m  
  [32;1m✓[39;22m[90m [39m[90mFilament UserResource integrates with UserPolicy for viewAny action @ repetition 75 of 100[39m[90m                  [39m [90m0.15s[39m  
  [32;1m✓[39;22m[90m [39m[90mFilament UserResource integrates with UserPolicy for viewAny action @ repetition 76 of 100[39m[90m                  [39m [90m0.21s[39m  
  [32;1m✓[39;22m[90m [39m[90mFilament UserResource integrates with UserPolicy for viewAny action @ repetition 77 of 100[39m[90m                  [39m [90m0.24s[39m  
  [32;1m✓[39;22m[90m [39m[90mFilament UserResource integrates with UserPolicy for viewAny action @ repetition 78 of 100[39m[90m                  [39m [90m0.23s[39m  
  [32;1m✓[39;22m[90m [39m[90mFilament UserResource integrates with UserPolicy for viewAny action @ repetition 79 of 100[39m[90m                  [39m [90m0.21s[39m  
  [32;1m✓[39;22m[90m [39m[90mFilament UserResource integrates with UserPolicy for viewAny action @ repetition 80 of 100[39m[90m                  [39m [90m0.20s[39m  
  [32;1m✓[39;22m[90m [39m[90mFilament UserResource integrates with UserPolicy for viewAny action @ repetition 81 of 100[39m[90m                  [39m [90m0.20s[39m  
  [32;1m✓[39;22m[90m [39m[90mFilament UserResource integrates with UserPolicy for viewAny action @ repetition 82 of 100[39m[90m                  [39m [90m0.56s[39m  
  [32;1m✓[39;22m[90m [39m[90mFilament UserResource integrates with UserPolicy for viewAny action @ repetition 83 of 100[39m[90m                  [39m [90m0.19s[39m  
  [32;1m✓[39;22m[90m [39m[90mFilament UserResource integrates with UserPolicy for viewAny action @ repetition 84 of 100[39m[90m                  [39m [90m0.21s[39m  
  [32;1m✓[39;22m[90m [39m[90mFilament UserResource integrates with UserPolicy for viewAny action @ repetition 85 of 100[39m[90m                  [39m [90m0.23s[39m  
  [32;1m✓[39;22m[90m [39m[90mFilament UserResource integrates with UserPolicy for viewAny action @ repetition 86 of 100[39m[90m                  [39m [90m0.20s[39m  
  [32;1m✓[39;22m[90m [39m[90mFilament UserResource integrates with UserPolicy for viewAny action @ repetition 87 of 100[39m[90m                  [39m [90m0.19s[39m  
  [32;1m✓[39;22m[90m [39m[90mFilament UserResource integrates with UserPolicy for viewAny action @ repetition 88 of 100[39m[90m                  [39m [90m0.21s[39m  
  [32;1m✓[39;22m[90m [39m[90mFilament UserResource integrates with UserPolicy for viewAny action @ repetition 89 of 100[39m[90m                  [39m [90m0.22s[39m  
  [32;1m✓[39;22m[90m [39m[90mFilament UserResource integrates with UserPolicy for viewAny action @ repetition 90 of 100[39m[90m                  [39m [90m0.60s[39m  
  [32;1m✓[39;22m[90m [39m[90mFilament UserResource integrates with UserPolicy for viewAny action @ repetition 91 of 100[39m[90m                  [39m [90m0.16s[39m  
  [32;1m✓[39;22m[90m [39m[90mFilament UserResource integrates with UserPolicy for viewAny action @ repetition 92 of 100[39m[90m                  [39m [90m0.22s[39m  
  [32;1m✓[39;22m[90m [39m[90mFilament UserResource integrates with UserPolicy for viewAny action @ repetition 93 of 100[39m[90m                  [39m [90m0.19s[39m  
  [32;1m✓[39;22m[90m [39m[90mFilament UserResource integrates with UserPolicy for viewAny action @ repetition 94 of 100[39m[90m                  [39m [90m0.22s[39m  
  [32;1m✓[39;22m[90m [39m[90mFilament UserResource integrates with UserPolicy for viewAny action @ repetition 95 of 100[39m[90m                  [39m [90m0.20s[39m  
  [32;1m✓[39;22m[90m [39m[90mFilament UserResource integrates with UserPolicy for viewAny action @ repetition 96 of 100[39m[90m                  [39m [90m0.24s[39m  
  [32;1m✓[39;22m[90m [39m[90mFilament UserResource integrates with UserPolicy for viewAny action @ repetition 97 of 100[39m[90m                  [39m [90m0.24s[39m  
  [32;1m✓[39;22m[90m [39m[90mFilament UserResource integrates with UserPolicy for viewAny action @ repetition 98 of 100[39m[90m                  [39m [90m0.59s[39m  
  [32;1m✓[39;22m[90m [39m[90mFilament UserResource integrates with UserPolicy for viewAny action @ repetition 99 of 100[39m[90m                  [39m [90m0.23s[39m  
  [32;1m✓[39;22m[90m [39m[90mFilament UserResource integrates with UserPolicy for viewAny action @ repetition 100 of 100[39m[90m                 [39m [90m0.19s[39m  
  [32;1m✓[39;22m[90m [39m[90mFilament UserResource integrates with UserPolicy for create action @ repetition 1 of 100[39m[90m                    [39m [90m0.61s[39m  
  [32;1m✓[39;22m[90m [39m[90mFilament UserResource integrates with UserPolicy for create action @ repetition 2 of 100[39m[90m                    [39m [90m0.17s[39m  
  [32;1m✓[39;22m[90m [39m[90mFilament UserResource integrates with UserPolicy for create action @ repetition 3 of 100[39m[90m                    [39m [90m0.22s[39m  
  [32;1m✓[39;22m[90m [39m[90mFilament UserResource integrates with UserPolicy for create action @ repetition 4 of 100[39m[90m                    [39m [90m0.22s[39m  
  [32;1m✓[39;22m[90m [39m[90mFilament UserResource integrates with UserPolicy for create action @ repetition 5 of 100[39m[90m                    [39m [90m0.20s[39m  
  [32;1m✓[39;22m[90m [39m[90mFilament UserResource integrates with UserPolicy for create action @ repetition 6 of 100[39m[90m                    [39m [90m0.22s[39m  
  [32;1m✓[39;22m[90m [39m[90mFilament UserResource integrates with UserPolicy for create action @ repetition 7 of 100[39m[90m                    [39m [90m0.23s[39m  
  [32;1m✓[39;22m[90m [39m[90mFilament UserResource integrates with UserPolicy for create action @ repetition 8 of 100[39m[90m                    [39m [90m0.22s[39m  
  [32;1m✓[39;22m[90m [39m[90mFilament UserResource integrates with UserPolicy for create action @ repetition 9 of 100[39m[90m                    [39m [90m0.49s[39m  
  [32;1m✓[39;22m[90m [39m[90mFilament UserResource integrates with UserPolicy for create action @ repetition 10 of 100[39m[90m                   [39m [90m0.22s[39m  
  [32;1m✓[39;22m[90m [39m[90mFilament UserResource integrates with UserPolicy for create action @ repetition 11 of 100[39m[90m                   [39m [90m0.21s[39m  
  [32;1m✓[39;22m[90m [39m[90mFilament UserResource integrates with UserPolicy for create action @ repetition 12 of 100[39m[90m                   [39m [90m0.13s[39m  
  [32;1m✓[39;22m[90m [39m[90mFilament UserResource integrates with UserPolicy for create action @ repetition 13 of 100[39m[90m                   [39m [90m0.19s[39m  
  [32;1m✓[39;22m[90m [39m[90mFilament UserResource integrates with UserPolicy for create action @ repetition 14 of 100[39m[90m                   [39m [90m0.18s[39m  
  [32;1m✓[39;22m[90m [39m[90mFilament UserResource integrates with UserPolicy for create action @ repetition 15 of 100[39m[90m                   [39m [90m0.19s[39m  
  [32;1m✓[39;22m[90m [39m[90mFilament UserResource integrates with UserPolicy for create action @ repetition 16 of 100[39m[90m                   [39m [90m0.20s[39m  
  [32;1m✓[39;22m[90m [39m[90mFilament UserResource integrates with UserPolicy for create action @ repetition 17 of 100[39m[90m                   [39m [90m0.59s[39m  
  [32;1m✓[39;22m[90m [39m[90mFilament UserResource integrates with UserPolicy for create action @ repetition 18 of 100[39m[90m                   [39m [90m0.20s[39m  
  [32;1m✓[39;22m[90m [39m[90mFilament UserResource integrates with UserPolicy for create action @ repetition 19 of 100[39m[90m                   [39m [90m0.22s[39m  
  [32;1m✓[39;22m[90m [39m[90mFilament UserResource integrates with UserPolicy for create action @ repetition 20 of 100[39m[90m                   [39m [90m0.23s[39m  
  [32;1m✓[39;22m[90m [39m[90mFilament UserResource integrates with UserPolicy for create action @ repetition 21 of 100[39m[90m                   [39m [90m0.18s[39m  
  [32;1m✓[39;22m[90m [39m[90mFilament UserResource integrates with UserPolicy for create action @ repetition 22 of 100[39m[90m                   [39m [90m0.23s[39m  
  [32;1m✓[39;22m[90m [39m[90mFilament UserResource integrates with UserPolicy for create action @ repetition 23 of 100[39m[90m                   [39m [90m0.18s[39m  
  [32;1m✓[39;22m[90m [39m[90mFilament UserResource integrates with UserPolicy for create action @ repetition 24 of 100[39m[90m                   [39m [90m0.22s[39m  
  [32;1m✓[39;22m[90m [39m[90mFilament UserResource integrates with UserPolicy for create action @ repetition 25 of 100[39m[90m                   [39m [90m0.61s[39m  
  [32;1m✓[39;22m[90m [39m[90mFilament UserResource integrates with UserPolicy for create action @ repetition 26 of 100[39m[90m                   [39m [90m0.19s[39m  
  [32;1m✓[39;22m[90m [39m[90mFilament UserResource integrates with UserPolicy for create action @ repetition 27 of 100[39m[90m                   [39m [90m0.18s[39m  
  [32;1m✓[39;22m[90m [39m[90mFilament UserResource integrates with UserPolicy for create action @ repetition 28 of 100[39m[90m                   [39m [90m0.24s[39m  
  [32;1m✓[39;22m[90m [39m[90mFilament UserResource integrates with UserPolicy for create action @ repetition 29 of 100[39m[90m                   [39m [90m0.19s[39m  
  [32;1m✓[39;22m[90m [39m[90mFilament UserResource integrates with UserPolicy for create action @ repetition 30 of 100[39m[90m                   [39m [90m0.19s[39m  
  [32;1m✓[39;22m[90m [39m[90mFilament UserResource integrates with UserPolicy for create action @ repetition 31 of 100[39m[90m                   [39m [90m0.20s[39m  
  [32;1m✓[39;22m[90m [39m[90mFilament UserResource integrates with UserPolicy for create action @ repetition 32 of 100[39m[90m                   [39m [90m0.18s[39m  
  [32;1m✓[39;22m[90m [39m[90mFilament UserResource integrates with UserPolicy for create action @ repetition 33 of 100[39m[90m                   [39m [90m0.58s[39m  
  [32;1m✓[39;22m[90m [39m[90mFilament UserResource integrates with UserPolicy for create action @ repetition 34 of 100[39m[90m                   [39m [90m0.19s[39m  
  [32;1m✓[39;22m[90m [39m[90mFilament UserResource integrates with UserPolicy for create action @ repetition 35 of 100[39m[90m                   [39m [90m0.18s[39m  
  [32;1m✓[39;22m[90m [39m[90mFilament UserResource integrates with UserPolicy for create action @ repetition 36 of 100[39m[90m                   [39m [90m0.22s[39m  
  [32;1m✓[39;22m[90m [39m[90mFilament UserResource integrates with UserPolicy for create action @ repetition 37 of 100[39m[90m                   [39m [90m0.15s[39m  
  [32;1m✓[39;22m[90m [39m[90mFilament UserResource integrates with UserPolicy for create action @ repetition 38 of 100[39m[90m                   [39m [90m0.18s[39m  
  [32;1m✓[39;22m[90m [39m[90mFilament UserResource integrates with UserPolicy for create action @ repetition 39 of 100[39m[90m                   [39m [90m0.16s[39m  
  [32;1m✓[39;22m[90m [39m[90mFilament UserResource integrates with UserPolicy for create action @ repetition 40 of 100[39m[90m                   [39m [90m0.21s[39m  
  [32;1m✓[39;22m[90m [39m[90mFilament UserResource integrates with UserPolicy for create action @ repetition 41 of 100[39m[90m                   [39m [90m0.56s[39m  
  [32;1m✓[39;22m[90m [39m[90mFilament UserResource integrates with UserPolicy for create action @ repetition 42 of 100[39m[90m                   [39m [90m0.21s[39m  
  [32;1m✓[39;22m[90m [39m[90mFilament UserResource integrates with UserPolicy for create action @ repetition 43 of 100[39m[90m                   [39m [90m0.19s[39m  
  [32;1m✓[39;22m[90m [39m[90mFilament UserResource integrates with UserPolicy for create action @ repetition 44 of 100[39m[90m                   [39m [90m0.21s[39m  
  [32;1m✓[39;22m[90m [39m[90mFilament UserResource integrates with UserPolicy for create action @ repetition 45 of 100[39m[90m                   [39m [90m0.22s[39m  
  [32;1m✓[39;22m[90m [39m[90mFilament UserResource integrates with UserPolicy for create action @ repetition 46 of 100[39m[90m                   [39m [90m0.22s[39m  
  [32;1m✓[39;22m[90m [39m[90mFilament UserResource integrates with UserPolicy for create action @ repetition 47 of 100[39m[90m                   [39m [90m0.22s[39m  
  [32;1m✓[39;22m[90m [39m[90mFilament UserResource integrates with UserPolicy for create action @ repetition 48 of 100[39m[90m                   [39m [90m0.18s[39m  
  [32;1m✓[39;22m[90m [39m[90mFilament UserResource integrates with UserPolicy for create action @ repetition 49 of 100[39m[90m                   [39m [90m0.55s[39m  
  [32;1m✓[39;22m[90m [39m[90mFilament UserResource integrates with UserPolicy for create action @ repetition 50 of 100[39m[90m                   [39m [90m0.19s[39m  
  [32;1m✓[39;22m[90m [39m[90mFilament UserResource integrates with UserPolicy for create action @ repetition 51 of 100[39m[90m                   [39m [90m0.21s[39m  
  [32;1m✓[39;22m[90m [39m[90mFilament UserResource integrates with UserPolicy for create action @ repetition 52 of 100[39m[90m                   [39m [90m0.18s[39m  
  [32;1m✓[39;22m[90m [39m[90mFilament UserResource integrates with UserPolicy for create action @ repetition 53 of 100[39m[90m                   [39m [90m0.21s[39m  
  [32;1m✓[39;22m[90m [39m[90mFilament UserResource integrates with UserPolicy for create action @ repetition 54 of 100[39m[90m                   [39m [90m0.25s[39m  
  [32;1m✓[39;22m[90m [39m[90mFilament UserResource integrates with UserPolicy for create action @ repetition 55 of 100[39m[90m                   [39m [90m0.16s[39m  
  [32;1m✓[39;22m[90m [39m[90mFilament UserResource integrates with UserPolicy for create action @ repetition 56 of 100[39m[90m                   [39m [90m0.19s[39m  
  [32;1m✓[39;22m[90m [39m[90mFilament UserResource integrates with UserPolicy for create action @ repetition 57 of 100[39m[90m                   [39m [90m0.56s[39m  
  [32;1m✓[39;22m[90m [39m[90mFilament UserResource integrates with UserPolicy for create action @ repetition 58 of 100[39m[90m                   [39m [90m0.23s[39m  
  [32;1m✓[39;22m[90m [39m[90mFilament UserResource integrates with UserPolicy for create action @ repetition 59 of 100[39m[90m                   [39m [90m0.21s[39m  
  [32;1m✓[39;22m[90m [39m[90mFilament UserResource integrates with UserPolicy for create action @ repetition 60 of 100[39m[90m                   [39m [90m0.21s[39m  
  [32;1m✓[39;22m[90m [39m[90mFilament UserResource integrates with UserPolicy for create action @ repetition 61 of 100[39m[90m                   [39m [90m0.16s[39m  
  [32;1m✓[39;22m[90m [39m[90mFilament UserResource integrates with UserPolicy for create action @ repetition 62 of 100[39m[90m                   [39m [90m0.16s[39m  
  [32;1m✓[39;22m[90m [39m[90mFilament UserResource integrates with UserPolicy for create action @ repetition 63 of 100[39m[90m                   [39m [90m0.22s[39m  
  [32;1m✓[39;22m[90m [39m[90mFilament UserResource integrates with UserPolicy for create action @ repetition 64 of 100[39m[90m                   [39m [90m0.22s[39m  
  [32;1m✓[39;22m[90m [39m[90mFilament UserResource integrates with UserPolicy for create action @ repetition 65 of 100[39m[90m                   [39m [90m0.61s[39m  
  [32;1m✓[39;22m[90m [39m[90mFilament UserResource integrates with UserPolicy for create action @ repetition 66 of 100[39m[90m                   [39m [90m0.21s[39m  
  [32;1m✓[39;22m[90m [39m[90mFilament UserResource integrates with UserPolicy for create action @ repetition 67 of 100[39m[90m                   [39m [90m0.17s[39m  
  [32;1m✓[39;22m[90m [39m[90mFilament UserResource integrates with UserPolicy for create action @ repetition 68 of 100[39m[90m                   [39m [90m0.23s[39m  
  [32;1m✓[39;22m[90m [39m[90mFilament UserResource integrates with UserPolicy for create action @ repetition 69 of 100[39m[90m                   [39m [90m0.16s[39m  
  [32;1m✓[39;22m[90m [39m[90mFilament UserResource integrates with UserPolicy for create action @ repetition 70 of 100[39m[90m                   [39m [90m0.18s[39m  
  [32;1m✓[39;22m[90m [39m[90mFilament UserResource integrates with UserPolicy for create action @ repetition 71 of 100[39m[90m                   [39m [90m0.19s[39m  
  [32;1m✓[39;22m[90m [39m[90mFilament UserResource integrates with UserPolicy for create action @ repetition 72 of 100[39m[90m                   [39m [90m0.19s[39m  
  [32;1m✓[39;22m[90m [39m[90mFilament UserResource integrates with UserPolicy for create action @ repetition 73 of 100[39m[90m                   [39m [90m0.57s[39m  
  [32;1m✓[39;22m[90m [39m[90mFilament UserResource integrates with UserPolicy for create action @ repetition 74 of 100[39m[90m                   [39m [90m0.23s[39m  
  [32;1m✓[39;22m[90m [39m[90mFilament UserResource integrates with UserPolicy for create action @ repetition 75 of 100[39m[90m                   [39m [90m0.20s[39m  
  [32;1m✓[39;22m[90m [39m[90mFilament UserResource integrates with UserPolicy for create action @ repetition 76 of 100[39m[90m                   [39m [90m0.19s[39m  
  [32;1m✓[39;22m[90m [39m[90mFilament UserResource integrates with UserPolicy for create action @ repetition 77 of 100[39m[90m                   [39m [90m0.21s[39m  
  [32;1m✓[39;22m[90m [39m[90mFilament UserResource integrates with UserPolicy for create action @ repetition 78 of 100[39m[90m                   [39m [90m0.21s[39m  
  [32;1m✓[39;22m[90m [39m[90mFilament UserResource integrates with UserPolicy for create action @ repetition 79 of 100[39m[90m                   [39m [90m0.19s[39m  
  [32;1m✓[39;22m[90m [39m[90mFilament UserResource integrates with UserPolicy for create action @ repetition 80 of 100[39m[90m                   [39m [90m0.23s[39m  
  [32;1m✓[39;22m[90m [39m[90mFilament UserResource integrates with UserPolicy for create action @ repetition 81 of 100[39m[90m                   [39m [90m0.58s[39m  
  [32;1m✓[39;22m[90m [39m[90mFilament UserResource integrates with UserPolicy for create action @ repetition 82 of 100[39m[90m                   [39m [90m0.23s[39m  
  [32;1m✓[39;22m[90m [39m[90mFilament UserResource integrates with UserPolicy for create action @ repetition 83 of 100[39m[90m                   [39m [90m0.22s[39m  
  [32;1m✓[39;22m[90m [39m[90mFilament UserResource integrates with UserPolicy for create action @ repetition 84 of 100[39m[90m                   [39m [90m0.19s[39m  
  [32;1m✓[39;22m[90m [39m[90mFilament UserResource integrates with UserPolicy for create action @ repetition 85 of 100[39m[90m                   [39m [90m0.22s[39m  
  [32;1m✓[39;22m[90m [39m[90mFilament UserResource integrates with UserPolicy for create action @ repetition 86 of 100[39m[90m                   [39m [90m0.19s[39m  
  [32;1m✓[39;22m[90m [39m[90mFilament UserResource integrates with UserPolicy for create action @ repetition 87 of 100[39m[90m                   [39m [90m0.16s[39m  
  [32;1m✓[39;22m[90m [39m[90mFilament UserResource integrates with UserPolicy for create action @ repetition 88 of 100[39m[90m                   [39m [90m0.26s[39m  
  [32;1m✓[39;22m[90m [39m[90mFilament UserResource integrates with UserPolicy for create action @ repetition 89 of 100[39m[90m                   [39m [90m0.59s[39m  
  [32;1m✓[39;22m[90m [39m[90mFilament UserResource integrates with UserPolicy for create action @ repetition 90 of 100[39m[90m                   [39m [90m0.21s[39m  
  [32;1m✓[39;22m[90m [39m[90mFilament UserResource integrates with UserPolicy for create action @ repetition 91 of 100[39m[90m                   [39m [90m0.22s[39m  
  [32;1m✓[39;22m[90m [39m[90mFilament UserResource integrates with UserPolicy for create action @ repetition 92 of 100[39m[90m                   [39m [90m0.24s[39m  
  [32;1m✓[39;22m[90m [39m[90mFilament UserResource integrates with UserPolicy for create action @ repetition 93 of 100[39m[90m                   [39m [90m0.20s[39m  
  [32;1m✓[39;22m[90m [39m[90mFilament UserResource integrates with UserPolicy for create action @ repetition 94 of 100[39m[90m                   [39m [90m0.27s[39m  
  [32;1m✓[39;22m[90m [39m[90mFilament UserResource integrates with UserPolicy for create action @ repetition 95 of 100[39m[90m                   [39m [90m0.31s[39m  
  [32;1m✓[39;22m[90m [39m[90mFilament UserResource integrates with UserPolicy for create action @ repetition 96 of 100[39m[90m                   [39m [90m0.27s[39m  
  [32;1m✓[39;22m[90m [39m[90mFilament UserResource integrates with UserPolicy for create action @ repetition 97 of 100[39m[90m                   [39m [90m0.75s[39m  
  [32;1m✓[39;22m[90m [39m[90mFilament UserResource integrates with UserPolicy for create action @ repetition 98 of 100[39m[90m                   [39m [90m0.22s[39m  
  [32;1m✓[39;22m[90m [39m[90mFilament UserResource integrates with UserPolicy for create action @ repetition 99 of 100[39m[90m                   [39m [90m0.23s[39m  
  [32;1m✓[39;22m[90m [39m[90mFilament UserResource integrates with UserPolicy for create action @ repetition 100 of 100[39m[90m                  [39m [90m0.17s[39m  
  [32;1m✓[39;22m[90m [39m[90mFilament BuildingResource integrates with BuildingPolicy for viewAny action @ repetition 1 of 100[39m[90m           [39m [90m0.29s[39m  
  [32;1m✓[39;22m[90m [39m[90mFilament BuildingResource integrates with BuildingPolicy for viewAny action @ repetition 2 of 100[39m[90m           [39m [90m0.24s[39m  
  [32;1m✓[39;22m[90m [39m[90mFilament BuildingResource integrates with BuildingPolicy for viewAny action @ repetition 3 of 100[39m[90m           [39m [90m0.23s[39m  
  [32;1m✓[39;22m[90m [39m[90mFilament BuildingResource integrates with BuildingPolicy for viewAny action @ repetition 4 of 100[39m[90m           [39m [90m0.22s[39m  
  [32;1m✓[39;22m[90m [39m[90mFilament BuildingResource integrates with BuildingPolicy for viewAny action @ repetition 5 of 100[39m[90m           [39m [90m0.19s[39m  
  [32;1m✓[39;22m[90m [39m[90mFilament BuildingResource integrates with BuildingPolicy for viewAny action @ repetition 6 of 100[39m[90m           [39m [90m0.20s[39m  
  [32;1m✓[39;22m[90m [39m[90mFilament BuildingResource integrates with BuildingPolicy for viewAny action @ repetition 7 of 100[39m[90m           [39m [90m0.17s[39m  
  [32;1m✓[39;22m[90m [39m[90mFilament BuildingResource integrates with BuildingPolicy for viewAny action @ repetition 8 of 100[39m[90m           [39m [90m0.40s[39m  
  [32;1m✓[39;22m[90m [39m[90mFilament BuildingResource integrates with BuildingPolicy for viewAny action @ repetition 9 of 100[39m[90m           [39m [90m0.23s[39m  
  [32;1m✓[39;22m[90m [39m[90mFilament BuildingResource integrates with BuildingPolicy for viewAny action @ repetition 10 of 100[39m[90m          [39m [90m0.22s[39m  
  [32;1m✓[39;22m[90m [39m[90mFilament BuildingResource integrates with BuildingPolicy for viewAny action @ repetition 11 of 100[39m[90m          [39m [90m0.24s[39m  
  [32;1m✓[39;22m[90m [39m[90mFilament BuildingResource integrates with BuildingPolicy for viewAny action @ repetition 12 of 100[39m[90m          [39m [90m0.26s[39m  
  [32;1m✓[39;22m[90m [39m[90mFilament BuildingResource integrates with BuildingPolicy for viewAny action @ repetition 13 of 100[39m[90m          [39m [90m0.24s[39m  
  [32;1m✓[39;22m[90m [39m[90mFilament BuildingResource integrates with BuildingPolicy for viewAny action @ repetition 14 of 100[39m[90m          [39m [90m0.21s[39m  
  [32;1m✓[39;22m[90m [39m[90mFilament BuildingResource integrates with BuildingPolicy for viewAny action @ repetition 15 of 100[39m[90m          [39m [90m0.22s[39m  
  [32;1m✓[39;22m[90m [39m[90mFilament BuildingResource integrates with BuildingPolicy for viewAny action @ repetition 16 of 100[39m[90m          [39m [90m0.61s[39m  
  [32;1m✓[39;22m[90m [39m[90mFilament BuildingResource integrates with BuildingPolicy for viewAny action @ repetition 17 of 100[39m[90m          [39m [90m0.24s[39m  
  [32;1m✓[39;22m[90m [39m[90mFilament BuildingResource integrates with BuildingPolicy for viewAny action @ repetition 18 of 100[39m[90m          [39m [90m0.19s[39m  
  [32;1m✓[39;22m[90m [39m[90mFilament BuildingResource integrates with BuildingPolicy for viewAny action @ repetition 19 of 100[39m[90m          [39m [90m0.23s[39m  
  [32;1m✓[39;22m[90m [39m[90mFilament BuildingResource integrates with BuildingPolicy for viewAny action @ repetition 20 of 100[39m[90m          [39m [90m0.19s[39m  
  [32;1m✓[39;22m[90m [39m[90mFilament BuildingResource integrates with BuildingPolicy for viewAny action @ repetition 21 of 100[39m[90m          [39m [90m0.19s[39m  
  [32;1m✓[39;22m[90m [39m[90mFilament BuildingResource integrates with BuildingPolicy for viewAny action @ repetition 22 of 100[39m[90m          [39m [90m0.20s[39m  
  [32;1m✓[39;22m[90m [39m[90mFilament BuildingResource integrates with BuildingPolicy for viewAny action @ repetition 23 of 100[39m[90m          [39m [90m0.18s[39m  
  [32;1m✓[39;22m[90m [39m[90mFilament BuildingResource integrates with BuildingPolicy for viewAny action @ repetition 24 of 100[39m[90m          [39m [90m0.58s[39m  
  [32;1m✓[39;22m[90m [39m[90mFilament BuildingResource integrates with BuildingPolicy for viewAny action @ repetition 25 of 100[39m[90m          [39m [90m0.25s[39m  
  [32;1m✓[39;22m[90m [39m[90mFilament BuildingResource integrates with BuildingPolicy for viewAny action @ repetition 26 of 100[39m[90m          [39m [90m0.23s[39m  
  [32;1m✓[39;22m[90m [39m[90mFilament BuildingResource integrates with BuildingPolicy for viewAny action @ repetition 27 of 100[39m[90m          [39m [90m0.22s[39m  
  [32;1m✓[39;22m[90m [39m[90mFilament BuildingResource integrates with BuildingPolicy for viewAny action @ repetition 28 of 100[39m[90m          [39m [90m0.27s[39m  
  [32;1m✓[39;22m[90m [39m[90mFilament BuildingResource integrates with BuildingPolicy for viewAny action @ repetition 29 of 100[39m[90m          [39m [90m0.19s[39m  
  [32;1m✓[39;22m[90m [39m[90mFilament BuildingResource integrates with BuildingPolicy for viewAny action @ repetition 30 of 100[39m[90m          [39m [90m0.16s[39m  
  [32;1m✓[39;22m[90m [39m[90mFilament BuildingResource integrates with BuildingPolicy for viewAny action @ repetition 31 of 100[39m[90m          [39m [90m0.25s[39m  
  [32;1m✓[39;22m[90m [39m[90mFilament BuildingResource integrates with BuildingPolicy for viewAny action @ repetition 32 of 100[39m[90m          [39m [90m0.68s[39m  
  [32;1m✓[39;22m[90m [39m[90mFilament BuildingResource integrates with BuildingPolicy for viewAny action @ repetition 33 of 100[39m[90m          [39m [90m0.25s[39m  
  [32;1m✓[39;22m[90m [39m[90mFilament BuildingResource integrates with BuildingPolicy for viewAny action @ repetition 34 of 100[39m[90m          [39m [90m0.22s[39m  
  [32;1m✓[39;22m[90m [39m[90mFilament BuildingResource integrates with BuildingPolicy for viewAny action @ repetition 35 of 100[39m[90m          [39m [90m0.22s[39m  
  [32;1m✓[39;22m[90m [39m[90mFilament BuildingResource integrates with BuildingPolicy for viewAny action @ repetition 36 of 100[39m[90m          [39m [90m0.23s[39m  
  [32;1m✓[39;22m[90m [39m[90mFilament BuildingResource integrates with BuildingPolicy for viewAny action @ repetition 37 of 100[39m[90m          [39m [90m0.20s[39m  
  [32;1m✓[39;22m[90m [39m[90mFilament BuildingResource integrates with BuildingPolicy for viewAny action @ repetition 38 of 100[39m[90m          [39m [90m0.22s[39m  
  [32;1m✓[39;22m[90m [39m[90mFilament BuildingResource integrates with BuildingPolicy for viewAny action @ repetition 39 of 100[39m[90m          [39m [90m0.20s[39m  
  [32;1m✓[39;22m[90m [39m[90mFilament BuildingResource integrates with BuildingPolicy for viewAny action @ repetition 40 of 100[39m[90m          [39m [90m0.61s[39m  
  [32;1m✓[39;22m[90m [39m[90mFilament BuildingResource integrates with BuildingPolicy for viewAny action @ repetition 41 of 100[39m[90m          [39m [90m0.24s[39m  
  [32;1m✓[39;22m[90m [39m[90mFilament BuildingResource integrates with BuildingPolicy for viewAny action @ repetition 42 of 100[39m[90m          [39m [90m0.23s[39m  
  [32;1m✓[39;22m[90m [39m[90mFilament BuildingResource integrates with BuildingPolicy for viewAny action @ repetition 43 of 100[39m[90m          [39m [90m0.24s[39m  
  [32;1m✓[39;22m[90m [39m[90mFilament BuildingResource integrates with BuildingPolicy for viewAny action @ repetition 44 of 100[39m[90m          [39m [90m0.21s[39m  
  [32;1m✓[39;22m[90m [39m[90mFilament BuildingResource integrates with BuildingPolicy for viewAny action @ repetition 45 of 100[39m[90m          [39m [90m0.21s[39m  
  [32;1m✓[39;22m[90m [39m[90mFilament BuildingResource integrates with BuildingPolicy for viewAny action @ repetition 46 of 100[39m[90m          [39m [90m0.20s[39m  
  [32;1m✓[39;22m[90m [39m[90mFilament BuildingResource integrates with BuildingPolicy for viewAny action @ repetition 47 of 100[39m[90m          [39m [90m0.19s[39m  
  [32;1m✓[39;22m[90m [39m[90mFilament BuildingResource integrates with BuildingPolicy for viewAny action @ repetition 48 of 100[39m[90m          [39m [90m0.58s[39m  
  [32;1m✓[39;22m[90m [39m[90mFilament BuildingResource integrates with BuildingPolicy for viewAny action @ repetition 49 of 100[39m[90m          [39m [90m0.18s[39m  
  [32;1m✓[39;22m[90m [39m[90mFilament BuildingResource integrates with BuildingPolicy for viewAny action @ repetition 50 of 100[39m[90m          [39m [90m0.24s[39m  
  [32;1m✓[39;22m[90m [39m[90mFilament BuildingResource integrates with BuildingPolicy for viewAny action @ repetition 51 of 100[39m[90m          [39m [90m0.23s[39m  
  [32;1m✓[39;22m[90m [39m[90mFilament BuildingResource integrates with BuildingPolicy for viewAny action @ repetition 52 of 100[39m[90m          [39m [90m0.19s[39m  
  [32;1m✓[39;22m[90m [39m[90mFilament BuildingResource integrates with BuildingPolicy for viewAny action @ repetition 53 of 100[39m[90m          [39m [90m0.16s[39m  
  [32;1m✓[39;22m[90m [39m[90mFilament BuildingResource integrates with BuildingPolicy for viewAny action @ repetition 54 of 100[39m[90m          [39m [90m0.18s[39m  
  [32;1m✓[39;22m[90m [39m[90mFilament BuildingResource integrates with BuildingPolicy for viewAny action @ repetition 55 of 100[39m[90m          [39m [90m0.19s[39m  
  [32;1m✓[39;22m[90m [39m[90mFilament BuildingResource integrates with BuildingPolicy for viewAny action @ repetition 56 of 100[39m[90m          [39m [90m0.59s[39m  
  [32;1m✓[39;22m[90m [39m[90mFilament BuildingResource integrates with BuildingPolicy for viewAny action @ repetition 57 of 100[39m[90m          [39m [90m0.13s[39m  
  [32;1m✓[39;22m[90m [39m[90mFilament BuildingResource integrates with BuildingPolicy for viewAny action @ repetition 58 of 100[39m[90m          [39m [90m0.21s[39m  
  [32;1m✓[39;22m[90m [39m[90mFilament BuildingResource integrates with BuildingPolicy for viewAny action @ repetition 59 of 100[39m[90m          [39m [90m0.21s[39m  
  [32;1m✓[39;22m[90m [39m[90mFilament BuildingResource integrates with BuildingPolicy for viewAny action @ repetition 60 of 100[39m[90m          [39m [90m0.20s[39m  
  [32;1m✓[39;22m[90m [39m[90mFilament BuildingResource integrates with BuildingPolicy for viewAny action @ repetition 61 of 100[39m[90m          [39m [90m0.17s[39m  
  [32;1m✓[39;22m[90m [39m[90mFilament BuildingResource integrates with BuildingPolicy for viewAny action @ repetition 62 of 100[39m[90m          [39m [90m0.21s[39m  
  [32;1m✓[39;22m[90m [39m[90mFilament BuildingResource integrates with BuildingPolicy for viewAny action @ repetition 63 of 100[39m[90m          [39m [90m0.20s[39m  
  [32;1m✓[39;22m[90m [39m[90mFilament BuildingResource integrates with BuildingPolicy for viewAny action @ repetition 64 of 100[39m[90m          [39m [90m0.62s[39m  
  [32;1m✓[39;22m[90m [39m[90mFilament BuildingResource integrates with BuildingPolicy for viewAny action @ repetition 65 of 100[39m[90m          [39m [90m0.23s[39m  
  [32;1m✓[39;22m[90m [39m[90mFilament BuildingResource integrates with BuildingPolicy for viewAny action @ repetition 66 of 100[39m[90m          [39m [90m0.23s[39m  
  [32;1m✓[39;22m[90m [39m[90mFilament BuildingResource integrates with BuildingPolicy for viewAny action @ repetition 67 of 100[39m[90m          [39m [90m0.20s[39m  
  [32;1m✓[39;22m[90m [39m[90mFilament BuildingResource integrates with BuildingPolicy for viewAny action @ repetition 68 of 100[39m[90m          [39m [90m0.22s[39m  
  [32;1m✓[39;22m[90m [39m[90mFilament BuildingResource integrates with BuildingPolicy for viewAny action @ repetition 69 of 100[39m[90m          [39m [90m0.20s[39m  
  [32;1m✓[39;22m[90m [39m[90mFilament BuildingResource integrates with BuildingPolicy for viewAny action @ repetition 70 of 100[39m[90m          [39m [90m0.23s[39m  
  [32;1m✓[39;22m[90m [39m[90mFilament BuildingResource integrates with BuildingPolicy for viewAny action @ repetition 71 of 100[39m[90m          [39m [90m0.15s[39m  
  [32;1m✓[39;22m[90m [39m[90mFilament BuildingResource integrates with BuildingPolicy for viewAny action @ repetition 72 of 100[39m[90m          [39m [90m0.61s[39m  
  [32;1m✓[39;22m[90m [39m[90mFilament BuildingResource integrates with BuildingPolicy for viewAny action @ repetition 73 of 100[39m[90m          [39m [90m0.18s[39m  
  [32;1m✓[39;22m[90m [39m[90mFilament BuildingResource integrates with BuildingPolicy for viewAny action @ repetition 74 of 100[39m[90m          [39m [90m0.23s[39m  
  [32;1m✓[39;22m[90m [39m[90mFilament BuildingResource integrates with BuildingPolicy for viewAny action @ repetition 75 of 100[39m[90m          [39m [90m0.22s[39m  
  [32;1m✓[39;22m[90m [39m[90mFilament BuildingResource integrates with BuildingPolicy for viewAny action @ repetition 76 of 100[39m[90m          [39m [90m0.22s[39m  
  [32;1m✓[39;22m[90m [39m[90mFilament BuildingResource integrates with BuildingPolicy for viewAny action @ repetition 77 of 100[39m[90m          [39m [90m0.23s[39m  
  [32;1m✓[39;22m[90m [39m[90mFilament BuildingResource integrates with BuildingPolicy for viewAny action @ repetition 78 of 100[39m[90m          [39m [90m0.17s[39m  
  [32;1m✓[39;22m[90m [39m[90mFilament BuildingResource integrates with BuildingPolicy for viewAny action @ repetition 79 of 100[39m[90m          [39m [90m0.18s[39m  
  [32;1m✓[39;22m[90m [39m[90mFilament BuildingResource integrates with BuildingPolicy for viewAny action @ repetition 80 of 100[39m[90m          [39m [90m0.60s[39m  
  [32;1m✓[39;22m[90m [39m[90mFilament BuildingResource integrates with BuildingPolicy for viewAny action @ repetition 81 of 100[39m[90m          [39m [90m0.18s[39m  
  [32;1m✓[39;22m[90m [39m[90mFilament BuildingResource integrates with BuildingPolicy for viewAny action @ repetition 82 of 100[39m[90m          [39m [90m0.18s[39m  
  [32;1m✓[39;22m[90m [39m[90mFilament BuildingResource integrates with BuildingPolicy for viewAny action @ repetition 83 of 100[39m[90m          [39m [90m0.21s[39m  
  [32;1m✓[39;22m[90m [39m[90mFilament BuildingResource integrates with BuildingPolicy for viewAny action @ repetition 84 of 100[39m[90m          [39m [90m0.18s[39m  
  [32;1m✓[39;22m[90m [39m[90mFilament BuildingResource integrates with BuildingPolicy for viewAny action @ repetition 85 of 100[39m[90m          [39m [90m0.23s[39m  
  [32;1m✓[39;22m[90m [39m[90mFilament BuildingResource integrates with BuildingPolicy for viewAny action @ repetition 86 of 100[39m[90m          [39m [90m0.24s[39m  
  [32;1m✓[39;22m[90m [39m[90mFilament BuildingResource integrates with BuildingPolicy for viewAny action @ repetition 87 of 100[39m[90m          [39m [90m0.20s[39m  
  [32;1m✓[39;22m[90m [39m[90mFilament BuildingResource integrates with BuildingPolicy for viewAny action @ repetition 88 of 100[39m[90m          [39m [90m0.56s[39m  
  [32;1m✓[39;22m[90m [39m[90mFilament BuildingResource integrates with BuildingPolicy for viewAny action @ repetition 89 of 100[39m[90m          [39m [90m0.23s[39m  
  [32;1m✓[39;22m[90m [39m[90mFilament BuildingResource integrates with BuildingPolicy for viewAny action @ repetition 90 of 100[39m[90m          [39m [90m0.23s[39m  
  [32;1m✓[39;22m[90m [39m[90mFilament BuildingResource integrates with BuildingPolicy for viewAny action @ repetition 91 of 100[39m[90m          [39m [90m0.21s[39m  
  [32;1m✓[39;22m[90m [39m[90mFilament BuildingResource integrates with BuildingPolicy for viewAny action @ repetition 92 of 100[39m[90m          [39m [90m0.24s[39m  
  [32;1m✓[39;22m[90m [39m[90mFilament BuildingResource integrates with BuildingPolicy for viewAny action @ repetition 93 of 100[39m[90m          [39m [90m0.23s[39m  
  [32;1m✓[39;22m[90m [39m[90mFilament BuildingResource integrates with BuildingPolicy for viewAny action @ repetition 94 of 100[39m[90m          [39m [90m0.23s[39m  
  [32;1m✓[39;22m[90m [39m[90mFilament BuildingResource integrates with BuildingPolicy for viewAny action @ repetition 95 of 100[39m[90m          [39m [90m0.18s[39m  
  [32;1m✓[39;22m[90m [39m[90mFilament BuildingResource integrates with BuildingPolicy for viewAny action @ repetition 96 of 100[39m[90m          [39m [90m0.55s[39m  
  [32;1m✓[39;22m[90m [39m[90mFilament BuildingResource integrates with BuildingPolicy for viewAny action @ repetition 97 of 100[39m[90m          [39m [90m0.23s[39m  
  [32;1m✓[39;22m[90m [39m[90mFilament BuildingResource integrates with BuildingPolicy for viewAny action @ repetition 98 of 100[39m[90m          [39m [90m0.18s[39m  
  [32;1m✓[39;22m[90m [39m[90mFilament BuildingResource integrates with BuildingPolicy for viewAny action @ repetition 99 of 100[39m[90m          [39m [90m0.20s[39m  
  [32;1m✓[39;22m[90m [39m[90mFilament BuildingResource integrates with BuildingPolicy for viewAny action @ repetition 100 of 100[39m[90m         [39m [90m0.22s[39m  
  [32;1m✓[39;22m[90m [39m[90mFilament BuildingResource integrates with BuildingPolicy for create action @ repetition 1 of 100[39m[90m            [39m [90m0.18s[39m  
  [32;1m✓[39;22m[90m [39m[90mFilament BuildingResource integrates with BuildingPolicy for create action @ repetition 2 of 100[39m[90m            [39m [90m0.22s[39m  
  [32;1m✓[39;22m[90m [39m[90mFilament BuildingResource integrates with BuildingPolicy for create action @ repetition 3 of 100[39m[90m            [39m [90m0.20s[39m  
  [32;1m✓[39;22m[90m [39m[90mFilament BuildingResource integrates with BuildingPolicy for create action @ repetition 4 of 100[39m[90m            [39m [90m0.17s[39m  
  [32;1m✓[39;22m[90m [39m[90mFilament BuildingResource integrates with BuildingPolicy for create action @ repetition 5 of 100[39m[90m            [39m [90m0.15s[39m  
  [32;1m✓[39;22m[90m [39m[90mFilament BuildingResource integrates with BuildingPolicy for create action @ repetition 6 of 100[39m[90m            [39m [90m0.19s[39m  
  [32;1m✓[39;22m[90m [39m[90mFilament BuildingResource integrates with BuildingPolicy for create action @ repetition 7 of 100[39m[90m            [39m [90m0.47s[39m  
  [32;1m✓[39;22m[90m [39m[90mFilament BuildingResource integrates with BuildingPolicy for create action @ repetition 8 of 100[39m[90m            [39m [90m0.22s[39m  
  [32;1m✓[39;22m[90m [39m[90mFilament BuildingResource integrates with BuildingPolicy for create action @ repetition 9 of 100[39m[90m            [39m [90m0.24s[39m  
  [32;1m✓[39;22m[90m [39m[90mFilament BuildingResource integrates with BuildingPolicy for create action @ repetition 10 of 100[39m[90m           [39m [90m0.21s[39m  
  [32;1m✓[39;22m[90m [39m[90mFilament BuildingResource integrates with BuildingPolicy for create action @ repetition 11 of 100[39m[90m           [39m [90m0.18s[39m  
  [32;1m✓[39;22m[90m [39m[90mFilament BuildingResource integrates with BuildingPolicy for create action @ repetition 12 of 100[39m[90m           [39m [90m0.21s[39m  
  [32;1m✓[39;22m[90m [39m[90mFilament BuildingResource integrates with BuildingPolicy for create action @ repetition 13 of 100[39m[90m           [39m [90m0.18s[39m  
  [32;1m✓[39;22m[90m [39m[90mFilament BuildingResource integrates with BuildingPolicy for create action @ repetition 14 of 100[39m[90m           [39m [90m0.19s[39m  
  [32;1m✓[39;22m[90m [39m[90mFilament BuildingResource integrates with BuildingPolicy for create action @ repetition 15 of 100[39m[90m           [39m [90m0.60s[39m  
  [32;1m✓[39;22m[90m [39m[90mFilament BuildingResource integrates with BuildingPolicy for create action @ repetition 16 of 100[39m[90m           [39m [90m0.23s[39m  
  [32;1m✓[39;22m[90m [39m[90mFilament BuildingResource integrates with BuildingPolicy for create action @ repetition 17 of 100[39m[90m           [39m [90m0.21s[39m  
  [32;1m✓[39;22m[90m [39m[90mFilament BuildingResource integrates with BuildingPolicy for create action @ repetition 18 of 100[39m[90m           [39m [90m0.18s[39m  
  [32;1m✓[39;22m[90m [39m[90mFilament BuildingResource integrates with BuildingPolicy for create action @ repetition 19 of 100[39m[90m           [39m [90m0.22s[39m  
  [32;1m✓[39;22m[90m [39m[90mFilament BuildingResource integrates with BuildingPolicy for create action @ repetition 20 of 100[39m[90m           [39m [90m0.24s[39m  
  [32;1m✓[39;22m[90m [39m[90mFilament BuildingResource integrates with BuildingPolicy for create action @ repetition 21 of 100[39m[90m           [39m [90m0.22s[39m  
  [32;1m✓[39;22m[90m [39m[90mFilament BuildingResource integrates with BuildingPolicy for create action @ repetition 22 of 100[39m[90m           [39m [90m0.19s[39m  
  [32;1m✓[39;22m[90m [39m[90mFilament BuildingResource integrates with BuildingPolicy for create action @ repetition 23 of 100[39m[90m           [39m [90m0.66s[39m  
  [32;1m✓[39;22m[90m [39m[90mFilament BuildingResource integrates with BuildingPolicy for create action @ repetition 24 of 100[39m[90m           [39m [90m0.25s[39m  
  [32;1m✓[39;22m[90m [39m[90mFilament BuildingResource integrates with BuildingPolicy for create action @ repetition 25 of 100[39m[90m           [39m [90m0.20s[39m  
  [32;1m✓[39;22m[90m [39m[90mFilament BuildingResource integrates with BuildingPolicy for create action @ repetition 26 of 100[39m[90m           [39m [90m0.19s[39m  
  [32;1m✓[39;22m[90m [39m[90mFilament BuildingResource integrates with BuildingPolicy for create action @ repetition 27 of 100[39m[90m           [39m [90m0.25s[39m  
  [32;1m✓[39;22m[90m [39m[90mFilament BuildingResource integrates with BuildingPolicy for create action @ repetition 28 of 100[39m[90m           [39m [90m0.26s[39m  
  [32;1m✓[39;22m[90m [39m[90mFilament BuildingResource integrates with BuildingPolicy for create action @ repetition 29 of 100[39m[90m           [39m [90m0.29s[39m  
  [32;1m✓[39;22m[90m [39m[90mFilament BuildingResource integrates with BuildingPolicy for create action @ repetition 30 of 100[39m[90m           [39m [90m0.23s[39m  
  [32;1m✓[39;22m[90m [39m[90mFilament BuildingResource integrates with BuildingPolicy for create action @ repetition 31 of 100[39m[90m           [39m [90m0.59s[39m  
  [32;1m✓[39;22m[90m [39m[90mFilament BuildingResource integrates with BuildingPolicy for create action @ repetition 32 of 100[39m[90m           [39m [90m0.21s[39m  
  [32;1m✓[39;22m[90m [39m[90mFilament BuildingResource integrates with BuildingPolicy for create action @ repetition 33 of 100[39m[90m           [39m [90m0.23s[39m  
  [32;1m✓[39;22m[90m [39m[90mFilament BuildingResource integrates with BuildingPolicy for create action @ repetition 34 of 100[39m[90m           [39m [90m0.21s[39m  
  [32;1m✓[39;22m[90m [39m[90mFilament BuildingResource integrates with BuildingPolicy for create action @ repetition 35 of 100[39m[90m           [39m [90m0.20s[39m  
  [32;1m✓[39;22m[90m [39m[90mFilament BuildingResource integrates with BuildingPolicy for create action @ repetition 36 of 100[39m[90m           [39m [90m0.19s[39m  
  [32;1m✓[39;22m[90m [39m[90mFilament BuildingResource integrates with BuildingPolicy for create action @ repetition 37 of 100[39m[90m           [39m [90m0.24s[39m  
  [32;1m✓[39;22m[90m [39m[90mFilament BuildingResource integrates with BuildingPolicy for create action @ repetition 38 of 100[39m[90m           [39m [90m0.18s[39m  
  [32;1m✓[39;22m[90m [39m[90mFilament BuildingResource integrates with BuildingPolicy for create action @ repetition 39 of 100[39m[90m           [39m [90m0.70s[39m  
  [32;1m✓[39;22m[90m [39m[90mFilament BuildingResource integrates with BuildingPolicy for create action @ repetition 40 of 100[39m[90m           [39m [90m0.20s[39m  
  [32;1m✓[39;22m[90m [39m[90mFilament BuildingResource integrates with BuildingPolicy for create action @ repetition 41 of 100[39m[90m           [39m [90m0.21s[39m  
  [32;1m✓[39;22m[90m [39m[90mFilament BuildingResource integrates with BuildingPolicy for create action @ repetition 42 of 100[39m[90m           [39m [90m0.21s[39m  
  [32;1m✓[39;22m[90m [39m[90mFilament BuildingResource integrates with BuildingPolicy for create action @ repetition 43 of 100[39m[90m           [39m [90m0.24s[39m  
  [32;1m✓[39;22m[90m [39m[90mFilament BuildingResource integrates with BuildingPolicy for create action @ repetition 44 of 100[39m[90m           [39m [90m0.24s[39m  
  [32;1m✓[39;22m[90m [39m[90mFilament BuildingResource integrates with BuildingPolicy for create action @ repetition 45 of 100[39m[90m           [39m [90m0.21s[39m  
  [32;1m✓[39;22m[90m [39m[90mFilament BuildingResource integrates with BuildingPolicy for create action @ repetition 46 of 100[39m[90m           [39m [90m0.23s[39m  
  [32;1m✓[39;22m[90m [39m[90mFilament BuildingResource integrates with BuildingPolicy for create action @ repetition 47 of 100[39m[90m           [39m [90m0.67s[39m  
  [32;1m✓[39;22m[90m [39m[90mFilament BuildingResource integrates with BuildingPolicy for create action @ repetition 48 of 100[39m[90m           [39m [90m0.25s[39m  
  [32;1m✓[39;22m[90m [39m[90mFilament BuildingResource integrates with BuildingPolicy for create action @ repetition 49 of 100[39m[90m           [39m [90m0.22s[39m  
  [32;1m✓[39;22m[90m [39m[90mFilament BuildingResource integrates with BuildingPolicy for create action @ repetition 50 of 100[39m[90m           [39m [90m0.17s[39m  
  [32;1m✓[39;22m[90m [39m[90mFilament BuildingResource integrates with BuildingPolicy for create action @ repetition 51 of 100[39m[90m           [39m [90m0.24s[39m  
  [32;1m✓[39;22m[90m [39m[90mFilament BuildingResource integrates with BuildingPolicy for create action @ repetition 52 of 100[39m[90m           [39m [90m0.22s[39m  
  [32;1m✓[39;22m[90m [39m[90mFilament BuildingResource integrates with BuildingPolicy for create action @ repetition 53 of 100[39m[90m           [39m [90m0.17s[39m  
  [32;1m✓[39;22m[90m [39m[90mFilament BuildingResource integrates with BuildingPolicy for create action @ repetition 54 of 100[39m[90m           [39m [90m0.26s[39m  
  [32;1m✓[39;22m[90m [39m[90mFilament BuildingResource integrates with BuildingPolicy for create action @ repetition 55 of 100[39m[90m           [39m [90m0.69s[39m  
  [32;1m✓[39;22m[90m [39m[90mFilament BuildingResource integrates with BuildingPolicy for create action @ repetition 56 of 100[39m[90m           [39m [90m0.24s[39m  
  [32;1m✓[39;22m[90m [39m[90mFilament BuildingResource integrates with BuildingPolicy for create action @ repetition 57 of 100[39m[90m           [39m [90m0.23s[39m  
  [32;1m✓[39;22m[90m [39m[90mFilament BuildingResource integrates with BuildingPolicy for create action @ repetition 58 of 100[39m[90m           [39m [90m0.24s[39m  
  [32;1m✓[39;22m[90m [39m[90mFilament BuildingResource integrates with BuildingPolicy for create action @ repetition 59 of 100[39m[90m           [39m [90m0.21s[39m  
  [32;1m✓[39;22m[90m [39m[90mFilament BuildingResource integrates with BuildingPolicy for create action @ repetition 60 of 100[39m[90m           [39m [90m0.22s[39m  
  [32;1m✓[39;22m[90m [39m[90mFilament BuildingResource integrates with BuildingPolicy for create action @ repetition 61 of 100[39m[90m           [39m [90m0.18s[39m  
  [32;1m✓[39;22m[90m [39m[90mFilament BuildingResource integrates with BuildingPolicy for create action @ repetition 62 of 100[39m[90m           [39m [90m0.25s[39m  
  [32;1m✓[39;22m[90m [39m[90mFilament BuildingResource integrates with BuildingPolicy for create action @ repetition 63 of 100[39m[90m           [39m [90m0.75s[39m  
  [32;1m✓[39;22m[90m [39m[90mFilament BuildingResource integrates with BuildingPolicy for create action @ repetition 64 of 100[39m[90m           [39m [90m0.23s[39m  
  [32;1m✓[39;22m[90m [39m[90mFilament BuildingResource integrates with BuildingPolicy for create action @ repetition 65 of 100[39m[90m           [39m [90m0.23s[39m  
  [32;1m✓[39;22m[90m [39m[90mFilament BuildingResource integrates with BuildingPolicy for create action @ repetition 66 of 100[39m[90m           [39m [90m0.24s[39m  
  [32;1m✓[39;22m[90m [39m[90mFilament BuildingResource integrates with BuildingPolicy for create action @ repetition 67 of 100[39m[90m           [39m [90m0.24s[39m  
  [32;1m✓[39;22m[90m [39m[90mFilament BuildingResource integrates with BuildingPolicy for create action @ repetition 68 of 100[39m[90m           [39m [90m0.21s[39m  
  [32;1m✓[39;22m[90m [39m[90mFilament BuildingResource integrates with BuildingPolicy for create action @ repetition 69 of 100[39m[90m           [39m [90m0.27s[39m  
  [32;1m✓[39;22m[90m [39m[90mFilament BuildingResource integrates with BuildingPolicy for create action @ repetition 70 of 100[39m[90m           [39m [90m0.25s[39m  
  [32;1m✓[39;22m[90m [39m[90mFilament BuildingResource integrates with BuildingPolicy for create action @ repetition 71 of 100[39m[90m           [39m [90m0.74s[39m  
  [32;1m✓[39;22m[90m [39m[90mFilament BuildingResource integrates with BuildingPolicy for create action @ repetition 72 of 100[39m[90m           [39m [90m0.27s[39m  
  [32;1m✓[39;22m[90m [39m[90mFilament BuildingResource integrates with BuildingPolicy for create action @ repetition 73 of 100[39m[90m           [39m [90m0.25s[39m  
  [32;1m✓[39;22m[90m [39m[90mFilament BuildingResource integrates with BuildingPolicy for create action @ repetition 74 of 100[39m[90m           [39m [90m0.26s[39m  
  [32;1m✓[39;22m[90m [39m[90mFilament BuildingResource integrates with BuildingPolicy for create action @ repetition 75 of 100[39m[90m           [39m [90m0.28s[39m  
  [32;1m✓[39;22m[90m [39m[90mFilament BuildingResource integrates with BuildingPolicy for create action @ repetition 76 of 100[39m[90m           [39m [90m0.26s[39m  
  [32;1m✓[39;22m[90m [39m[90mFilament BuildingResource integrates with BuildingPolicy for create action @ repetition 77 of 100[39m[90m           [39m [90m0.26s[39m  
  [32;1m✓[39;22m[90m [39m[90mFilament BuildingResource integrates with BuildingPolicy for create action @ repetition 78 of 100[39m[90m           [39m [90m0.27s[39m  
  [32;1m✓[39;22m[90m [39m[90mFilament BuildingResource integrates with BuildingPolicy for create action @ repetition 79 of 100[39m[90m           [39m [90m0.69s[39m  
  [32;1m✓[39;22m[90m [39m[90mFilament BuildingResource integrates with BuildingPolicy for create action @ repetition 80 of 100[39m[90m           [39m [90m0.29s[39m  
  [32;1m✓[39;22m[90m [39m[90mFilament BuildingResource integrates with BuildingPolicy for create action @ repetition 81 of 100[39m[90m           [39m [90m0.27s[39m  
  [32;1m✓[39;22m[90m [39m[90mFilament BuildingResource integrates with BuildingPolicy for create action @ repetition 82 of 100[39m[90m           [39m [90m0.24s[39m  
  [32;1m✓[39;22m[90m [39m[90mFilament BuildingResource integrates with BuildingPolicy for create action @ repetition 83 of 100[39m[90m           [39m [90m0.29s[39m  
  [32;1m✓[39;22m[90m [39m[90mFilament BuildingResource integrates with BuildingPolicy for create action @ repetition 84 of 100[39m[90m           [39m [90m0.29s[39m  
  [32;1m✓[39;22m[90m [39m[90mFilament BuildingResource integrates with BuildingPolicy for create action @ repetition 85 of 100[39m[90m           [39m [90m0.25s[39m  
  [32;1m✓[39;22m[90m [39m[90mFilament BuildingResource integrates with BuildingPolicy for create action @ repetition 86 of 100[39m[90m           [39m [90m0.28s[39m  
  [32;1m✓[39;22m[90m [39m[90mFilament BuildingResource integrates with BuildingPolicy for create action @ repetition 87 of 100[39m[90m           [39m [90m0.67s[39m  
  [32;1m✓[39;22m[90m [39m[90mFilament BuildingResource integrates with BuildingPolicy for create action @ repetition 88 of 100[39m[90m           [39m [90m0.27s[39m  
  [32;1m✓[39;22m[90m [39m[90mFilament BuildingResource integrates with BuildingPolicy for create action @ repetition 89 of 100[39m[90m           [39m [90m0.28s[39m  
  [32;1m✓[39;22m[90m [39m[90mFilament BuildingResource integrates with BuildingPolicy for create action @ repetition 90 of 100[39m[90m           [39m [90m0.26s[39m  
  [32;1m✓[39;22m[90m [39m[90mFilament BuildingResource integrates with BuildingPolicy for create action @ repetition 91 of 100[39m[90m           [39m [90m0.27s[39m  
  [32;1m✓[39;22m[90m [39m[90mFilament BuildingResource integrates with BuildingPolicy for create action @ repetition 92 of 100[39m[90m           [39m [90m0.26s[39m  
  [32;1m✓[39;22m[90m [39m[90mFilament BuildingResource integrates with BuildingPolicy for create action @ repetition 93 of 100[39m[90m           [39m [90m0.27s[39m  
  [32;1m✓[39;22m[90m [39m[90mFilament BuildingResource integrates with BuildingPolicy for create action @ repetition 94 of 100[39m[90m           [39m [90m0.28s[39m  
  [32;1m✓[39;22m[90m [39m[90mFilament BuildingResource integrates with BuildingPolicy for create action @ repetition 95 of 100[39m[90m           [39m [90m0.71s[39m  
  [32;1m✓[39;22m[90m [39m[90mFilament BuildingResource integrates with BuildingPolicy for create action @ repetition 96 of 100[39m[90m           [39m [90m0.27s[39m  
  [32;1m✓[39;22m[90m [39m[90mFilament BuildingResource integrates with BuildingPolicy for create action @ repetition 97 of 100[39m[90m           [39m [90m0.23s[39m  
  [32;1m✓[39;22m[90m [39m[90mFilament BuildingResource integrates with BuildingPolicy for create action @ repetition 98 of 100[39m[90m           [39m [90m0.25s[39m  
  [32;1m✓[39;22m[90m [39m[90mFilament BuildingResource integrates with BuildingPolicy for create action @ repetition 99 of 100[39m[90m           [39m [90m0.23s[39m  
  [32;1m✓[39;22m[90m [39m[90mFilament BuildingResource integrates with BuildingPolicy for create action @ repetition 100 of 100[39m[90m          [39m [90m0.27s[39m  
  [32;1m✓[39;22m[90m [39m[90mFilament MeterResource integrates with MeterPolicy for viewAny action @ repetition 1 of 100[39m[90m                 [39m [90m0.25s[39m  
  [32;1m✓[39;22m[90m [39m[90mFilament MeterResource integrates with MeterPolicy for viewAny action @ repetition 2 of 100[39m[90m                 [39m [90m0.24s[39m  
  [32;1m✓[39;22m[90m [39m[90mFilament MeterResource integrates with MeterPolicy for viewAny action @ repetition 3 of 100[39m[90m                 [39m [90m0.22s[39m  
  [32;1m✓[39;22m[90m [39m[90mFilament MeterResource integrates with MeterPolicy for viewAny action @ repetition 4 of 100[39m[90m                 [39m [90m0.25s[39m  
  [32;1m✓[39;22m[90m [39m[90mFilament MeterResource integrates with MeterPolicy for viewAny action @ repetition 5 of 100[39m[90m                 [39m [90m0.26s[39m  
  [32;1m✓[39;22m[90m [39m[90mFilament MeterResource integrates with MeterPolicy for viewAny action @ repetition 6 of 100[39m[90m                 [39m [90m0.67s[39m  
  [32;1m✓[39;22m[90m [39m[90mFilament MeterResource integrates with MeterPolicy for viewAny action @ repetition 7 of 100[39m[90m                 [39m [90m0.24s[39m  
  [32;1m✓[39;22m[90m [39m[90mFilament MeterResource integrates with MeterPolicy for viewAny action @ repetition 8 of 100[39m[90m                 [39m [90m0.28s[39m  
  [32;1m✓[39;22m[90m [39m[90mFilament MeterResource integrates with MeterPolicy for viewAny action @ repetition 9 of 100[39m[90m                 [39m [90m0.25s[39m  
  [32;1m✓[39;22m[90m [39m[90mFilament MeterResource integrates with MeterPolicy for viewAny action @ repetition 10 of 100[39m[90m                [39m [90m0.25s[39m  
  [32;1m✓[39;22m[90m [39m[90mFilament MeterResource integrates with MeterPolicy for viewAny action @ repetition 11 of 100[39m[90m                [39m [90m0.25s[39m  
  [32;1m✓[39;22m[90m [39m[90mFilament MeterResource integrates with MeterPolicy for viewAny action @ repetition 12 of 100[39m[90m                [39m [90m0.23s[39m  
  [32;1m✓[39;22m[90m [39m[90mFilament MeterResource integrates with MeterPolicy for viewAny action @ repetition 13 of 100[39m[90m                [39m [90m0.28s[39m  
  [32;1m✓[39;22m[90m [39m[90mFilament MeterResource integrates with MeterPolicy for viewAny action @ repetition 14 of 100[39m[90m                [39m [90m0.74s[39m  
  [32;1m✓[39;22m[90m [39m[90mFilament MeterResource integrates with MeterPolicy for viewAny action @ repetition 15 of 100[39m[90m                [39m [90m0.29s[39m  
  [32;1m✓[39;22m[90m [39m[90mFilament MeterResource integrates with MeterPolicy for viewAny action @ repetition 16 of 100[39m[90m                [39m [90m0.22s[39m  
  [32;1m✓[39;22m[90m [39m[90mFilament MeterResource integrates with MeterPolicy for viewAny action @ repetition 17 of 100[39m[90m                [39m [90m0.24s[39m  
  [32;1m✓[39;22m[90m [39m[90mFilament MeterResource integrates with MeterPolicy for viewAny action @ repetition 18 of 100[39m[90m                [39m [90m0.28s[39m  
  [32;1m✓[39;22m[90m [39m[90mFilament MeterResource integrates with MeterPolicy for viewAny action @ repetition 19 of 100[39m[90m                [39m [90m0.24s[39m  
  [32;1m✓[39;22m[90m [39m[90mFilament MeterResource integrates with MeterPolicy for viewAny action @ repetition 20 of 100[39m[90m                [39m [90m0.25s[39m  
  [32;1m✓[39;22m[90m [39m[90mFilament MeterResource integrates with MeterPolicy for viewAny action @ repetition 21 of 100[39m[90m                [39m [90m0.29s[39m  
  [32;1m✓[39;22m[90m [39m[90mFilament MeterResource integrates with MeterPolicy for viewAny action @ repetition 22 of 100[39m[90m                [39m [90m0.79s[39m  
  [32;1m✓[39;22m[90m [39m[90mFilament MeterResource integrates with MeterPolicy for viewAny action @ repetition 23 of 100[39m[90m                [39m [90m0.30s[39m  
  [32;1m✓[39;22m[90m [39m[90mFilament MeterResource integrates with MeterPolicy for viewAny action @ repetition 24 of 100[39m[90m                [39m [90m0.27s[39m  
  [32;1m✓[39;22m[90m [39m[90mFilament MeterResource integrates with MeterPolicy for viewAny action @ repetition 25 of 100[39m[90m                [39m [90m0.25s[39m  
  [32;1m✓[39;22m[90m [39m[90mFilament MeterResource integrates with MeterPolicy for viewAny action @ repetition 26 of 100[39m[90m                [39m [90m0.30s[39m  
  [32;1m✓[39;22m[90m [39m[90mFilament MeterResource integrates with MeterPolicy for viewAny action @ repetition 27 of 100[39m[90m                [39m [90m0.27s[39m  
  [32;1m✓[39;22m[90m [39m[90mFilament MeterResource integrates with MeterPolicy for viewAny action @ repetition 28 of 100[39m[90m                [39m [90m0.24s[39m  
  [32;1m✓[39;22m[90m [39m[90mFilament MeterResource integrates with MeterPolicy for viewAny action @ repetition 29 of 100[39m[90m                [39m [90m0.28s[39m  
  [32;1m✓[39;22m[90m [39m[90mFilament MeterResource integrates with MeterPolicy for viewAny action @ repetition 30 of 100[39m[90m                [39m [90m0.84s[39m  
  [32;1m✓[39;22m[90m [39m[90mFilament MeterResource integrates with MeterPolicy for viewAny action @ repetition 31 of 100[39m[90m                [39m [90m0.25s[39m  
  [32;1m✓[39;22m[90m [39m[90mFilament MeterResource integrates with MeterPolicy for viewAny action @ repetition 32 of 100[39m[90m                [39m [90m0.31s[39m  
  [32;1m✓[39;22m[90m [39m[90mFilament MeterResource integrates with MeterPolicy for viewAny action @ repetition 33 of 100[39m[90m                [39m [90m0.28s[39m  
  [32;1m✓[39;22m[90m [39m[90mFilament MeterResource integrates with MeterPolicy for viewAny action @ repetition 34 of 100[39m[90m                [39m [90m0.30s[39m  
  [32;1m✓[39;22m[90m [39m[90mFilament MeterResource integrates with MeterPolicy for viewAny action @ repetition 35 of 100[39m[90m                [39m [90m0.25s[39m  
  [32;1m✓[39;22m[90m [39m[90mFilament MeterResource integrates with MeterPolicy for viewAny action @ repetition 36 of 100[39m[90m                [39m [90m0.26s[39m  
  [32;1m✓[39;22m[90m [39m[90mFilament MeterResource integrates with MeterPolicy for viewAny action @ repetition 37 of 100[39m[90m                [39m [90m0.25s[39m  
  [32;1m✓[39;22m[90m [39m[90mFilament MeterResource integrates with MeterPolicy for viewAny action @ repetition 38 of 100[39m[90m                [39m [90m0.78s[39m  
  [32;1m✓[39;22m[90m [39m[90mFilament MeterResource integrates with MeterPolicy for viewAny action @ repetition 39 of 100[39m[90m                [39m [90m0.26s[39m  
  [32;1m✓[39;22m[90m [39m[90mFilament MeterResource integrates with MeterPolicy for viewAny action @ repetition 40 of 100[39m[90m                [39m [90m0.33s[39m  
  [32;1m✓[39;22m[90m [39m[90mFilament MeterResource integrates with MeterPolicy for viewAny action @ repetition 41 of 100[39m[90m                [39m [90m0.30s[39m  
  [32;1m✓[39;22m[90m [39m[90mFilament MeterResource integrates with MeterPolicy for viewAny action @ repetition 42 of 100[39m[90m                [39m [90m0.36s[39m  
  [32;1m✓[39;22m[90m [39m[90mFilament MeterResource integrates with MeterPolicy for viewAny action @ repetition 43 of 100[39m[90m                [39m [90m0.31s[39m  
  [32;1m✓[39;22m[90m [39m[90mFilament MeterResource integrates with MeterPolicy for viewAny action @ repetition 44 of 100[39m[90m                [39m [90m0.30s[39m  
  [32;1m✓[39;22m[90m [39m[90mFilament MeterResource integrates with MeterPolicy for viewAny action @ repetition 45 of 100[39m[90m                [39m [90m0.31s[39m  
  [32;1m✓[39;22m[90m [39m[90mFilament MeterResource integrates with MeterPolicy for viewAny action @ repetition 46 of 100[39m[90m                [39m [90m0.80s[39m  
  [32;1m✓[39;22m[90m [39m[90mFilament MeterResource integrates with MeterPolicy for viewAny action @ repetition 47 of 100[39m[90m                [39m [90m0.34s[39m  
  [32;1m✓[39;22m[90m [39m[90mFilament MeterResource integrates with MeterPolicy for viewAny action @ repetition 48 of 100[39m[90m                [39m [90m0.30s[39m  
  [32;1m✓[39;22m[90m [39m[90mFilament MeterResource integrates with MeterPolicy for viewAny action @ repetition 49 of 100[39m[90m                [39m [90m0.26s[39m  
  [32;1m✓[39;22m[90m [39m[90mFilament MeterResource integrates with MeterPolicy for viewAny action @ repetition 50 of 100[39m[90m                [39m [90m0.31s[39m  
  [32;1m✓[39;22m[90m [39m[90mFilament MeterResource integrates with MeterPolicy for viewAny action @ repetition 51 of 100[39m[90m                [39m [90m0.24s[39m  
  [32;1m✓[39;22m[90m [39m[90mFilament MeterResource integrates with MeterPolicy for viewAny action @ repetition 52 of 100[39m[90m                [39m [90m0.37s[39m  
  [32;1m✓[39;22m[90m [39m[90mFilament MeterResource integrates with MeterPolicy for viewAny action @ repetition 53 of 100[39m[90m                [39m [90m0.31s[39m  
  [32;1m✓[39;22m[90m [39m[90mFilament MeterResource integrates with MeterPolicy for viewAny action @ repetition 54 of 100[39m[90m                [39m [90m0.93s[39m  
  [32;1m✓[39;22m[90m [39m[90mFilament MeterResource integrates with MeterPolicy for viewAny action @ repetition 55 of 100[39m[90m                [39m [90m0.32s[39m  
  [32;1m✓[39;22m[90m [39m[90mFilament MeterResource integrates with MeterPolicy for viewAny action @ repetition 56 of 100[39m[90m                [39m [90m0.32s[39m  
  [32;1m✓[39;22m[90m [39m[90mFilament MeterResource integrates with MeterPolicy for viewAny action @ repetition 57 of 100[39m[90m                [39m [90m0.29s[39m  
  [32;1m✓[39;22m[90m [39m[90mFilament MeterResource integrates with MeterPolicy for viewAny action @ repetition 58 of 100[39m[90m                [39m [90m0.36s[39m  
  [32;1m✓[39;22m[90m [39m[90mFilament MeterResource integrates with MeterPolicy for viewAny action @ repetition 59 of 100[39m[90m                [39m [90m0.32s[39m  
  [32;1m✓[39;22m[90m [39m[90mFilament MeterResource integrates with MeterPolicy for viewAny action @ repetition 60 of 100[39m[90m                [39m [90m0.33s[39m  
  [32;1m✓[39;22m[90m [39m[90mFilament MeterResource integrates with MeterPolicy for viewAny action @ repetition 61 of 100[39m[90m                [39m [90m0.26s[39m  
  [32;1m✓[39;22m[90m [39m[90mFilament MeterResource integrates with MeterPolicy for viewAny action @ repetition 62 of 100[39m[90m                [39m [90m0.83s[39m  
  [32;1m✓[39;22m[90m [39m[90mFilament MeterResource integrates with MeterPolicy for viewAny action @ repetition 63 of 100[39m[90m                [39m [90m0.27s[39m  
  [32;1m✓[39;22m[90m [39m[90mFilament MeterResource integrates with MeterPolicy for viewAny action @ repetition 64 of 100[39m[90m                [39m [90m0.40s[39m  
  [32;1m✓[39;22m[90m [39m[90mFilament MeterResource integrates with MeterPolicy for viewAny action @ repetition 65 of 100[39m[90m                [39m [90m0.25s[39m  
  [32;1m✓[39;22m[90m [39m[90mFilament MeterResource integrates with MeterPolicy for viewAny action @ repetition 66 of 100[39m[90m                [39m [90m0.32s[39m  
  [32;1m✓[39;22m[90m [39m[90mFilament MeterResource integrates with MeterPolicy for viewAny action @ repetition 67 of 100[39m[90m                [39m [90m0.27s[39m  
  [32;1m✓[39;22m[90m [39m[90mFilament MeterResource integrates with MeterPolicy for viewAny action @ repetition 68 of 100[39m[90m                [39m [90m0.31s[39m  
  [32;1m✓[39;22m[90m [39m[90mFilament MeterResource integrates with MeterPolicy for viewAny action @ repetition 69 of 100[39m[90m                [39m [90m0.32s[39m  
  [32;1m✓[39;22m[90m [39m[90mFilament MeterResource integrates with MeterPolicy for viewAny action @ repetition 70 of 100[39m[90m                [39m [90m0.87s[39m  
  [32;1m✓[39;22m[90m [39m[90mFilament MeterResource integrates with MeterPolicy for viewAny action @ repetition 71 of 100[39m[90m                [39m [90m0.27s[39m  
  [32;1m✓[39;22m[90m [39m[90mFilament MeterResource integrates with MeterPolicy for viewAny action @ repetition 72 of 100[39m[90m                [39m [90m0.29s[39m  
  [32;1m✓[39;22m[90m [39m[90mFilament MeterResource integrates with MeterPolicy for viewAny action @ repetition 73 of 100[39m[90m                [39m [90m0.31s[39m  
  [32;1m✓[39;22m[90m [39m[90mFilament MeterResource integrates with MeterPolicy for viewAny action @ repetition 74 of 100[39m[90m                [39m [90m0.31s[39m  
  [32;1m✓[39;22m[90m [39m[90mFilament MeterResource integrates with MeterPolicy for viewAny action @ repetition 75 of 100[39m[90m                [39m [90m0.35s[39m  
  [32;1m✓[39;22m[90m [39m[90mFilament MeterResource integrates with MeterPolicy for viewAny action @ repetition 76 of 100[39m[90m                [39m [90m0.37s[39m  
  [32;1m✓[39;22m[90m [39m[90mFilament MeterResource integrates with MeterPolicy for viewAny action @ repetition 77 of 100[39m[90m                [39m [90m0.27s[39m  
  [32;1m✓[39;22m[90m [39m[90mFilament MeterResource integrates with MeterPolicy for viewAny action @ repetition 78 of 100[39m[90m                [39m [90m0.82s[39m  
  [32;1m✓[39;22m[90m [39m[90mFilament MeterResource integrates with MeterPolicy for viewAny action @ repetition 79 of 100[39m[90m                [39m [90m0.25s[39m  
  [32;1m✓[39;22m[90m [39m[90mFilament MeterResource integrates with MeterPolicy for viewAny action @ repetition 80 of 100[39m[90m                [39m [90m0.31s[39m  
  [32;1m✓[39;22m[90m [39m[90mFilament MeterResource integrates with MeterPolicy for viewAny action @ repetition 81 of 100[39m[90m                [39m [90m0.35s[39m  
  [32;1m✓[39;22m[90m [39m[90mFilament MeterResource integrates with MeterPolicy for viewAny action @ repetition 82 of 100[39m[90m                [39m [90m0.28s[39m  
  [32;1m✓[39;22m[90m [39m[90mFilament MeterResource integrates with MeterPolicy for viewAny action @ repetition 83 of 100[39m[90m                [39m [90m0.34s[39m  
  [32;1m✓[39;22m[90m [39m[90mFilament MeterResource integrates with MeterPolicy for viewAny action @ repetition 84 of 100[39m[90m                [39m [90m0.27s[39m  
  [32;1m✓[39;22m[90m [39m[90mFilament MeterResource integrates with MeterPolicy for viewAny action @ repetition 85 of 100[39m[90m                [39m [90m0.29s[39m  
  [32;1m✓[39;22m[90m [39m[90mFilament MeterResource integrates with MeterPolicy for viewAny action @ repetition 86 of 100[39m[90m                [39m [90m0.72s[39m  
  [32;1m✓[39;22m[90m [39m[90mFilament MeterResource integrates with MeterPolicy for viewAny action @ repetition 87 of 100[39m[90m                [39m [90m0.39s[39m  
  [32;1m✓[39;22m[90m [39m[90mFilament MeterResource integrates with MeterPolicy for viewAny action @ repetition 88 of 100[39m[90m                [39m [90m0.35s[39m  
  [32;1m✓[39;22m[90m [39m[90mFilament MeterResource integrates with MeterPolicy for viewAny action @ repetition 89 of 100[39m[90m                [39m [90m0.33s[39m  
  [32;1m✓[39;22m[90m [39m[90mFilament MeterResource integrates with MeterPolicy for viewAny action @ repetition 90 of 100[39m[90m                [39m [90m0.24s[39m  
  [32;1m✓[39;22m[90m [39m[90mFilament MeterResource integrates with MeterPolicy for viewAny action @ repetition 91 of 100[39m[90m                [39m [90m0.42s[39m  
  [32;1m✓[39;22m[90m [39m[90mFilament MeterResource integrates with MeterPolicy for viewAny action @ repetition 92 of 100[39m[90m                [39m [90m0.32s[39m  
  [32;1m✓[39;22m[90m [39m[90mFilament MeterResource integrates with MeterPolicy for viewAny action @ repetition 93 of 100[39m[90m                [39m [90m0.30s[39m  
  [32;1m✓[39;22m[90m [39m[90mFilament MeterResource integrates with MeterPolicy for viewAny action @ repetition 94 of 100[39m[90m                [39m [90m0.83s[39m  
  [32;1m✓[39;22m[90m [39m[90mFilament MeterResource integrates with MeterPolicy for viewAny action @ repetition 95 of 100[39m[90m                [39m [90m0.39s[39m  
  [32;1m✓[39;22m[90m [39m[90mFilament MeterResource integrates with MeterPolicy for viewAny action @ repetition 96 of 100[39m[90m                [39m [90m0.32s[39m  
  [32;1m✓[39;22m[90m [39m[90mFilament MeterResource integrates with MeterPolicy for viewAny action @ repetition 97 of 100[39m[90m                [39m [90m0.29s[39m  
  [32;1m✓[39;22m[90m [39m[90mFilament MeterResource integrates with MeterPolicy for viewAny action @ repetition 98 of 100[39m[90m                [39m [90m0.25s[39m  
  [32;1m✓[39;22m[90m [39m[90mFilament MeterResource integrates with MeterPolicy for viewAny action @ repetition 99 of 100[39m[90m                [39m [90m0.35s[39m  
  [32;1m✓[39;22m[90m [39m[90mFilament MeterResource integrates with MeterPolicy for viewAny action @ repetition 100 of 100[39m[90m               [39m [90m0.31s[39m  
  [32;1m✓[39;22m[90m [39m[90mFilament MeterResource integrates with MeterPolicy for create action @ repetition 1 of 100[39m[90m                  [39m [90m0.38s[39m  
  [32;1m✓[39;22m[90m [39m[90mFilament MeterResource integrates with MeterPolicy for create action @ repetition 2 of 100[39m[90m                  [39m [90m0.35s[39m  
  [32;1m✓[39;22m[90m [39m[90mFilament MeterResource integrates with MeterPolicy for create action @ repetition 3 of 100[39m[90m                  [39m [90m0.42s[39m  
  [32;1m✓[39;22m[90m [39m[90mFilament MeterResource integrates with MeterPolicy for create action @ repetition 4 of 100[39m[90m                  [39m [90m0.24s[39m  
  [32;1m✓[39;22m[90m [39m[90mFilament MeterResource integrates with MeterPolicy for create action @ repetition 5 of 100[39m[90m                  [39m [90m0.69s[39m  
  [32;1m✓[39;22m[90m [39m[90mFilament MeterResource integrates with MeterPolicy for create action @ repetition 6 of 100[39m[90m                  [39m [90m0.29s[39m  
  [32;1m✓[39;22m[90m [39m[90mFilament MeterResource integrates with MeterPolicy for create action @ repetition 7 of 100[39m[90m                  [39m [90m0.29s[39m  
  [32;1m✓[39;22m[90m [39m[90mFilament MeterResource integrates with MeterPolicy for create action @ repetition 8 of 100[39m[90m                  [39m [90m0.27s[39m  
  [32;1m✓[39;22m[90m [39m[90mFilament MeterResource integrates with MeterPolicy for create action @ repetition 9 of 100[39m[90m                  [39m [90m0.26s[39m  
  [32;1m✓[39;22m[90m [39m[90mFilament MeterResource integrates with MeterPolicy for create action @ repetition 10 of 100[39m[90m                 [39m [90m0.39s[39m  
  [32;1m✓[39;22m[90m [39m[90mFilament MeterResource integrates with MeterPolicy for create action @ repetition 11 of 100[39m[90m                 [39m [90m0.39s[39m  
  [32;1m✓[39;22m[90m [39m[90mFilament MeterResource integrates with MeterPolicy for create action @ repetition 12 of 100[39m[90m                 [39m [90m0.25s[39m  
  [32;1m✓[39;22m[90m [39m[90mFilament MeterResource integrates with MeterPolicy for create action @ repetition 13 of 100[39m[90m                 [39m [90m0.77s[39m  
  [32;1m✓[39;22m[90m [39m[90mFilament MeterResource integrates with MeterPolicy for create action @ repetition 14 of 100[39m[90m                 [39m [90m0.33s[39m  
  [32;1m✓[39;22m[90m [39m[90mFilament MeterResource integrates with MeterPolicy for create action @ repetition 15 of 100[39m[90m                 [39m [90m0.26s[39m  
  [32;1m✓[39;22m[90m [39m[90mFilament MeterResource integrates with MeterPolicy for create action @ repetition 16 of 100[39m[90m                 [39m [90m0.30s[39m  
  [32;1m✓[39;22m[90m [39m[90mFilament MeterResource integrates with MeterPolicy for create action @ repetition 17 of 100[39m[90m                 [39m [90m0.24s[39m  
  [32;1m✓[39;22m[90m [39m[90mFilament MeterResource integrates with MeterPolicy for create action @ repetition 18 of 100[39m[90m                 [39m [90m0.18s[39m  
  [32;1m✓[39;22m[90m [39m[90mFilament MeterResource integrates with MeterPolicy for create action @ repetition 19 of 100[39m[90m                 [39m [90m0.32s[39m  
  [32;1m✓[39;22m[90m [39m[90mFilament MeterResource integrates with MeterPolicy for create action @ repetition 20 of 100[39m[90m                 [39m [90m0.27s[39m  
  [32;1m✓[39;22m[90m [39m[90mFilament MeterResource integrates with MeterPolicy for create action @ repetition 21 of 100[39m[90m                 [39m [90m0.72s[39m  
  [32;1m✓[39;22m[90m [39m[90mFilament MeterResource integrates with MeterPolicy for create action @ repetition 22 of 100[39m[90m                 [39m [90m0.33s[39m  
  [32;1m✓[39;22m[90m [39m[90mFilament MeterResource integrates with MeterPolicy for create action @ repetition 23 of 100[39m[90m                 [39m [90m0.30s[39m  
  [32;1m✓[39;22m[90m [39m[90mFilament MeterResource integrates with MeterPolicy for create action @ repetition 24 of 100[39m[90m                 [39m [90m0.25s[39m  
  [32;1m✓[39;22m[90m [39m[90mFilament MeterResource integrates with MeterPolicy for create action @ repetition 25 of 100[39m[90m                 [39m [90m0.28s[39m  
  [32;1m✓[39;22m[90m [39m[90mFilament MeterResource integrates with MeterPolicy for create action @ repetition 26 of 100[39m[90m                 [39m [90m0.23s[39m  
  [32;1m✓[39;22m[90m [39m[90mFilament MeterResource integrates with MeterPolicy for create action @ repetition 27 of 100[39m[90m                 [39m [90m0.29s[39m  
  [32;1m✓[39;22m[90m [39m[90mFilament MeterResource integrates with MeterPolicy for create action @ repetition 28 of 100[39m[90m                 [39m [90m0.24s[39m  
  [32;1m✓[39;22m[90m [39m[90mFilament MeterResource integrates with MeterPolicy for create action @ repetition 29 of 100[39m[90m                 [39m [90m0.76s[39m  
  [32;1m✓[39;22m[90m [39m[90mFilament MeterResource integrates with MeterPolicy for create action @ repetition 30 of 100[39m[90m                 [39m [90m0.30s[39m  
  [32;1m✓[39;22m[90m [39m[90mFilament MeterResource integrates with MeterPolicy for create action @ repetition 31 of 100[39m[90m                 [39m [90m0.25s[39m  
  [32;1m✓[39;22m[90m [39m[90mFilament MeterResource integrates with MeterPolicy for create action @ repetition 32 of 100[39m[90m                 [39m [90m0.28s[39m  
  [32;1m✓[39;22m[90m [39m[90mFilament MeterResource integrates with MeterPolicy for create action @ repetition 33 of 100[39m[90m                 [39m [90m0.22s[39m  
  [32;1m✓[39;22m[90m [39m[90mFilament MeterResource integrates with MeterPolicy for create action @ repetition 34 of 100[39m[90m                 [39m [90m0.27s[39m  
  [32;1m✓[39;22m[90m [39m[90mFilament MeterResource integrates with MeterPolicy for create action @ repetition 35 of 100[39m[90m                 [39m [90m0.25s[39m  
  [32;1m✓[39;22m[90m [39m[90mFilament MeterResource integrates with MeterPolicy for create action @ repetition 36 of 100[39m[90m                 [39m [90m0.30s[39m  
  [32;1m✓[39;22m[90m [39m[90mFilament MeterResource integrates with MeterPolicy for create action @ repetition 37 of 100[39m[90m                 [39m [90m0.69s[39m  
  [32;1m✓[39;22m[90m [39m[90mFilament MeterResource integrates with MeterPolicy for create action @ repetition 38 of 100[39m[90m                 [39m [90m0.27s[39m  
  [32;1m✓[39;22m[90m [39m[90mFilament MeterResource integrates with MeterPolicy for create action @ repetition 39 of 100[39m[90m                 [39m [90m0.26s[39m  
  [32;1m✓[39;22m[90m [39m[90mFilament MeterResource integrates with MeterPolicy for create action @ repetition 40 of 100[39m[90m                 [39m [90m0.19s[39m  
  [32;1m✓[39;22m[90m [39m[90mFilament MeterResource integrates with MeterPolicy for create action @ repetition 41 of 100[39m[90m                 [39m [90m0.23s[39m  
  [32;1m✓[39;22m[90m [39m[90mFilament MeterResource integrates with MeterPolicy for create action @ repetition 42 of 100[39m[90m                 [39m [90m0.27s[39m  
  [32;1m✓[39;22m[90m [39m[90mFilament MeterResource integrates with MeterPolicy for create action @ repetition 43 of 100[39m[90m                 [39m [90m0.28s[39m  
  [32;1m✓[39;22m[90m [39m[90mFilament MeterResource integrates with MeterPolicy for create action @ repetition 44 of 100[39m[90m                 [39m [90m0.26s[39m  
  [32;1m✓[39;22m[90m [39m[90mFilament MeterResource integrates with MeterPolicy for create action @ repetition 45 of 100[39m[90m                 [39m [90m0.65s[39m  
  [32;1m✓[39;22m[90m [39m[90mFilament MeterResource integrates with MeterPolicy for create action @ repetition 46 of 100[39m[90m                 [39m [90m0.23s[39m  
  [32;1m✓[39;22m[90m [39m[90mFilament MeterResource integrates with MeterPolicy for create action @ repetition 47 of 100[39m[90m                 [39m [90m0.20s[39m  
  [32;1m✓[39;22m[90m [39m[90mFilament MeterResource integrates with MeterPolicy for create action @ repetition 48 of 100[39m[90m                 [39m [90m0.30s[39m  
  [32;1m✓[39;22m[90m [39m[90mFilament MeterResource integrates with MeterPolicy for create action @ repetition 49 of 100[39m[90m                 [39m [90m0.22s[39m  
  [32;1m✓[39;22m[90m [39m[90mFilament MeterResource integrates with MeterPolicy for create action @ repetition 50 of 100[39m[90m                 [39m [90m0.22s[39m  
  [32;1m✓[39;22m[90m [39m[90mFilament MeterResource integrates with MeterPolicy for create action @ repetition 51 of 100[39m[90m                 [39m [90m0.26s[39m  
  [32;1m✓[39;22m[90m [39m[90mFilament MeterResource integrates with MeterPolicy for create action @ repetition 52 of 100[39m[90m                 [39m [90m0.22s[39m  
  [32;1m✓[39;22m[90m [39m[90mFilament MeterResource integrates with MeterPolicy for create action @ repetition 53 of 100[39m[90m                 [39m [90m0.64s[39m  
  [32;1m✓[39;22m[90m [39m[90mFilament MeterResource integrates with MeterPolicy for create action @ repetition 54 of 100[39m[90m                 [39m [90m0.27s[39m  
  [32;1m✓[39;22m[90m [39m[90mFilament MeterResource integrates with MeterPolicy for create action @ repetition 55 of 100[39m[90m                 [39m [90m0.25s[39m  
  [32;1m✓[39;22m[90m [39m[90mFilament MeterResource integrates with MeterPolicy for create action @ repetition 56 of 100[39m[90m                 [39m [90m0.21s[39m  
  [32;1m✓[39;22m[90m [39m[90mFilament MeterResource integrates with MeterPolicy for create action @ repetition 57 of 100[39m[90m                 [39m [90m0.27s[39m  
  [32;1m✓[39;22m[90m [39m[90mFilament MeterResource integrates with MeterPolicy for create action @ repetition 58 of 100[39m[90m                 [39m [90m0.23s[39m  
  [32;1m✓[39;22m[90m [39m[90mFilament MeterResource integrates with MeterPolicy for create action @ repetition 59 of 100[39m[90m                 [39m [90m0.20s[39m  
  [32;1m✓[39;22m[90m [39m[90mFilament MeterResource integrates with MeterPolicy for create action @ repetition 60 of 100[39m[90m                 [39m [90m0.19s[39m  
  [32;1m✓[39;22m[90m [39m[90mFilament MeterResource integrates with MeterPolicy for create action @ repetition 61 of 100[39m[90m                 [39m [90m0.70s[39m  
  [32;1m✓[39;22m[90m [39m[90mFilament MeterResource integrates with MeterPolicy for create action @ repetition 62 of 100[39m[90m                 [39m [90m0.22s[39m  
  [32;1m✓[39;22m[90m [39m[90mFilament MeterResource integrates with MeterPolicy for create action @ repetition 63 of 100[39m[90m                 [39m [90m0.21s[39m  
  [32;1m✓[39;22m[90m [39m[90mFilament MeterResource integrates with MeterPolicy for create action @ repetition 64 of 100[39m[90m                 [39m [90m0.21s[39m  
  [32;1m✓[39;22m[90m [39m[90mFilament MeterResource integrates with MeterPolicy for create action @ repetition 65 of 100[39m[90m                 [39m [90m0.18s[39m  
  [32;1m✓[39;22m[90m [39m[90mFilament MeterResource integrates with MeterPolicy for create action @ repetition 66 of 100[39m[90m                 [39m [90m0.21s[39m  
  [32;1m✓[39;22m[90m [39m[90mFilament MeterResource integrates with MeterPolicy for create action @ repetition 67 of 100[39m[90m                 [39m [90m0.27s[39m  
  [32;1m✓[39;22m[90m [39m[90mFilament MeterResource integrates with MeterPolicy for create action @ repetition 68 of 100[39m[90m                 [39m [90m0.22s[39m  
  [32;1m✓[39;22m[90m [39m[90mFilament MeterResource integrates with MeterPolicy for create action @ repetition 69 of 100[39m[90m                 [39m [90m0.62s[39m  
  [32;1m✓[39;22m[90m [39m[90mFilament MeterResource integrates with MeterPolicy for create action @ repetition 70 of 100[39m[90m                 [39m [90m0.22s[39m  
  [32;1m✓[39;22m[90m [39m[90mFilament MeterResource integrates with MeterPolicy for create action @ repetition 71 of 100[39m[90m                 [39m [90m0.21s[39m  
  [32;1m✓[39;22m[90m [39m[90mFilament MeterResource integrates with MeterPolicy for create action @ repetition 72 of 100[39m[90m                 [39m [90m0.20s[39m  
  [32;1m✓[39;22m[90m [39m[90mFilament MeterResource integrates with MeterPolicy for create action @ repetition 73 of 100[39m[90m                 [39m [90m0.23s[39m  
  [32;1m✓[39;22m[90m [39m[90mFilament MeterResource integrates with MeterPolicy for create action @ repetition 74 of 100[39m[90m                 [39m [90m0.18s[39m  
  [32;1m✓[39;22m[90m [39m[90mFilament MeterResource integrates with MeterPolicy for create action @ repetition 75 of 100[39m[90m                 [39m [90m0.16s[39m  
  [32;1m✓[39;22m[90m [39m[90mFilament MeterResource integrates with MeterPolicy for create action @ repetition 76 of 100[39m[90m                 [39m [90m0.18s[39m  
  [32;1m✓[39;22m[90m [39m[90mFilament MeterResource integrates with MeterPolicy for create action @ repetition 77 of 100[39m[90m                 [39m [90m0.60s[39m  
  [32;1m✓[39;22m[90m [39m[90mFilament MeterResource integrates with MeterPolicy for create action @ repetition 78 of 100[39m[90m                 [39m [90m0.21s[39m  
  [32;1m✓[39;22m[90m [39m[90mFilament MeterResource integrates with MeterPolicy for create action @ repetition 79 of 100[39m[90m                 [39m [90m0.27s[39m  
  [32;1m✓[39;22m[90m [39m[90mFilament MeterResource integrates with MeterPolicy for create action @ repetition 80 of 100[39m[90m                 [39m [90m0.25s[39m  
  [32;1m✓[39;22m[90m [39m[90mFilament MeterResource integrates with MeterPolicy for create action @ repetition 81 of 100[39m[90m                 [39m [90m0.24s[39m  
  [32;1m✓[39;22m[90m [39m[90mFilament MeterResource integrates with MeterPolicy for create action @ repetition 82 of 100[39m[90m                 [39m [90m0.27s[39m  
  [32;1m✓[39;22m[90m [39m[90mFilament MeterResource integrates with MeterPolicy for create action @ repetition 83 of 100[39m[90m                 [39m [90m0.21s[39m  
  [32;1m✓[39;22m[90m [39m[90mFilament MeterResource integrates with MeterPolicy for create action @ repetition 84 of 100[39m[90m                 [39m [90m0.25s[39m  
  [32;1m✓[39;22m[90m [39m[90mFilament MeterResource integrates with MeterPolicy for create action @ repetition 85 of 100[39m[90m                 [39m [90m0.70s[39m  
  [32;1m✓[39;22m[90m [39m[90mFilament MeterResource integrates with MeterPolicy for create action @ repetition 86 of 100[39m[90m                 [39m [90m0.25s[39m  
  [32;1m✓[39;22m[90m [39m[90mFilament MeterResource integrates with MeterPolicy for create action @ repetition 87 of 100[39m[90m                 [39m [90m0.19s[39m  
  [32;1m✓[39;22m[90m [39m[90mFilament MeterResource integrates with MeterPolicy for create action @ repetition 88 of 100[39m[90m                 [39m [90m0.22s[39m  
  [32;1m✓[39;22m[90m [39m[90mFilament MeterResource integrates with MeterPolicy for create action @ repetition 89 of 100[39m[90m                 [39m [90m0.25s[39m  
  [32;1m✓[39;22m[90m [39m[90mFilament MeterResource integrates with MeterPolicy for create action @ repetition 90 of 100[39m[90m                 [39m [90m0.21s[39m  
  [32;1m✓[39;22m[90m [39m[90mFilament MeterResource integrates with MeterPolicy for create action @ repetition 91 of 100[39m[90m                 [39m [90m0.22s[39m  
  [32;1m✓[39;22m[90m [39m[90mFilament MeterResource integrates with MeterPolicy for create action @ repetition 92 of 100[39m[90m                 [39m [90m0.20s[39m  
  [32;1m✓[39;22m[90m [39m[90mFilament MeterResource integrates with MeterPolicy for create action @ repetition 93 of 100[39m[90m                 [39m [90m0.66s[39m  
  [32;1m✓[39;22m[90m [39m[90mFilament MeterResource integrates with MeterPolicy for create action @ repetition 94 of 100[39m[90m                 [39m [90m0.16s[39m  
  [32;1m✓[39;22m[90m [39m[90mFilament MeterResource integrates with MeterPolicy for create action @ repetition 95 of 100[39m[90m                 [39m [90m0.22s[39m  
  [32;1m✓[39;22m[90m [39m[90mFilament MeterResource integrates with MeterPolicy for create action @ repetition 96 of 100[39m[90m                 [39m [90m0.22s[39m  
  [32;1m✓[39;22m[90m [39m[90mFilament MeterResource integrates with MeterPolicy for create action @ repetition 97 of 100[39m[90m                 [39m [90m0.18s[39m  
  [32;1m✓[39;22m[90m [39m[90mFilament MeterResource integrates with MeterPolicy for create action @ repetition 98 of 100[39m[90m                 [39m [90m0.23s[39m  
  [32;1m✓[39;22m[90m [39m[90mFilament MeterResource integrates with MeterPolicy for create action @ repetition 99 of 100[39m[90m                 [39m [90m0.23s[39m  
  [32;1m✓[39;22m[90m [39m[90mFilament MeterResource integrates with MeterPolicy for create action @ repetition 100 of 100[39m[90m                [39m [90m0.25s[39m  
  [32;1m✓[39;22m[90m [39m[90mFilament TariffResource integrates with TariffPolicy for viewAny action @ repetition 1 of 100[39m[90m               [39m [90m0.21s[39m  
  [32;1m✓[39;22m[90m [39m[90mFilament TariffResource integrates with TariffPolicy for viewAny action @ repetition 2 of 100[39m[90m               [39m [90m0.20s[39m  
  [31;1m⨯[39;22m[90m [39m[90mFilament TariffResource integrates with TariffPolicy for viewAny action @ repetition 3 of 100[39m[90m               [39m [90m0.17s[39m  
  [32;1m✓[39;22m[90m [39m[90mFilament TariffResource integrates with TariffPolicy for viewAny action @ repetition 4 of 100[39m[90m               [39m [90m0.45s[39m  
  [32;1m✓[39;22m[90m [39m[90mFilament TariffResource integrates with TariffPolicy for viewAny action @ repetition 5 of 100[39m[90m               [39m [90m0.18s[39m  
  [32;1m✓[39;22m[90m [39m[90mFilament TariffResource integrates with TariffPolicy for viewAny action @ repetition 6 of 100[39m[90m               [39m [90m0.17s[39m  
  [32;1m✓[39;22m[90m [39m[90mFilament TariffResource integrates with TariffPolicy for viewAny action @ repetition 7 of 100[39m[90m               [39m [90m0.20s[39m  
  [31;1m⨯[39;22m[90m [39m[90mFilament TariffResource integrates with TariffPolicy for viewAny action @ repetition 8 of 100[39m[90m               [39m [90m0.24s[39m  
  [31;1m⨯[39;22m[90m [39m[90mFilament TariffResource integrates with TariffPolicy for viewAny action @ repetition 9 of 100[39m[90m               [39m [90m0.18s[39m  
  [31;1m⨯[39;22m[90m [39m[90mFilament TariffResource integrates with TariffPolicy for viewAny action @ repetition 10 of 100[39m[90m              [39m [90m0.22s[39m  
  [32;1m✓[39;22m[90m [39m[90mFilament TariffResource integrates with TariffPolicy for viewAny action @ repetition 11 of 100[39m[90m              [39m [90m0.20s[39m  
  [32;1m✓[39;22m[90m [39m[90mFilament TariffResource integrates with TariffPolicy for viewAny action @ repetition 12 of 100[39m[90m              [39m [90m0.61s[39m  
  [32;1m✓[39;22m[90m [39m[90mFilament TariffResource integrates with TariffPolicy for viewAny action @ repetition 13 of 100[39m[90m              [39m [90m0.22s[39m  
  [31;1m⨯[39;22m[90m [39m[90mFilament TariffResource integrates with TariffPolicy for viewAny action @ repetition 14 of 100[39m[90m              [39m [90m0.17s[39m  
  [31;1m⨯[39;22m[90m [39m[90mFilament TariffResource integrates with TariffPolicy for viewAny action @ repetition 15 of 100[39m[90m              [39m [90m0.20s[39m  
  [32;1m✓[39;22m[90m [39m[90mFilament TariffResource integrates with TariffPolicy for viewAny action @ repetition 16 of 100[39m[90m              [39m [90m0.21s[39m  
  [32;1m✓[39;22m[90m [39m[90mFilament TariffResource integrates with TariffPolicy for viewAny action @ repetition 17 of 100[39m[90m              [39m [90m0.21s[39m  
  [32;1m✓[39;22m[90m [39m[90mFilament TariffResource integrates with TariffPolicy for viewAny action @ repetition 18 of 100[39m[90m              [39m [90m0.19s[39m  
  [32;1m✓[39;22m[90m [39m[90mFilament TariffResource integrates with TariffPolicy for viewAny action @ repetition 19 of 100[39m[90m              [39m [90m0.19s[39m  
  [31;1m⨯[39;22m[90m [39m[90mFilament TariffResource integrates with TariffPolicy for viewAny action @ repetition 20 of 100[39m[90m              [39m [90m0.58s[39m  
  [31;1m⨯[39;22m[90m [39m[90mFilament TariffResource integrates with TariffPolicy for viewAny action @ repetition 21 of 100[39m[90m              [39m [90m0.14s[39m  
  [32;1m✓[39;22m[90m [39m[90mFilament TariffResource integrates with TariffPolicy for viewAny action @ repetition 22 of 100[39m[90m              [39m [90m0.22s[39m  
  [31;1m⨯[39;22m[90m [39m[90mFilament TariffResource integrates with TariffPolicy for viewAny action @ repetition 23 of 100[39m[90m              [39m [90m0.22s[39m  
  [31;1m⨯[39;22m[90m [39m[90mFilament TariffResource integrates with TariffPolicy for viewAny action @ repetition 24 of 100[39m[90m              [39m [90m0.19s[39m  
  [32;1m✓[39;22m[90m [39m[90mFilament TariffResource integrates with TariffPolicy for viewAny action @ repetition 25 of 100[39m[90m              [39m [90m0.20s[39m  
  [31;1m⨯[39;22m[90m [39m[90mFilament TariffResource integrates with TariffPolicy for viewAny action @ repetition 26 of 100[39m[90m              [39m [90m0.20s[39m  
  [31;1m⨯[39;22m[90m [39m[90mFilament TariffResource integrates with TariffPolicy for viewAny action @ repetition 27 of 100[39m[90m              [39m [90m0.19s[39m  
  [31;1m⨯[39;22m[90m [39m[90mFilament TariffResource integrates with TariffPolicy for viewAny action @ repetition 28 of 100[39m[90m              [39m [90m0.64s[39m  
  [32;1m✓[39;22m[90m [39m[90mFilament TariffResource integrates with TariffPolicy for viewAny action @ repetition 29 of 100[39m[90m              [39m [90m0.16s[39m  
  [31;1m⨯[39;22m[90m [39m[90mFilament TariffResource integrates with TariffPolicy for viewAny action @ repetition 30 of 100[39m[90m              [39m [90m0.19s[39m  
  [31;1m⨯[39;22m[90m [39m[90mFilament TariffResource integrates with TariffPolicy for viewAny action @ repetition 31 of 100[39m[90m              [39m [90m0.24s[39m  
  [31;1m⨯[39;22m[90m [39m[90mFilament TariffResource integrates with TariffPolicy for viewAny action @ repetition 32 of 100[39m[90m              [39m [90m0.19s[39m  
  [31;1m⨯[39;22m[90m [39m[90mFilament TariffResource integrates with TariffPolicy for viewAny action @ repetition 33 of 100[39m[90m              [39m [90m0.21s[39m  
  [31;1m⨯[39;22m[90m [39m[90mFilament TariffResource integrates with TariffPolicy for viewAny action @ repetition 34 of 100[39m[90m              [39m [90m0.24s[39m  
  [31;1m⨯[39;22m[90m [39m[90mFilament TariffResource integrates with TariffPolicy for viewAny action @ repetition 35 of 100[39m[90m              [39m [90m0.16s[39m  
  [31;1m⨯[39;22m[90m [39m[90mFilament TariffResource integrates with TariffPolicy for viewAny action @ repetition 36 of 100[39m[90m              [39m [90m0.62s[39m  
  [31;1m⨯[39;22m[90m [39m[90mFilament TariffResource integrates with TariffPolicy for viewAny action @ repetition 37 of 100[39m[90m              [39m [90m0.26s[39m  
  [31;1m⨯[39;22m[90m [39m[90mFilament TariffResource integrates with TariffPolicy for viewAny action @ repetition 38 of 100[39m[90m              [39m [90m0.17s[39m  
  [31;1m⨯[39;22m[90m [39m[90mFilament TariffResource integrates with TariffPolicy for viewAny action @ repetition 39 of 100[39m[90m              [39m [90m0.22s[39m  
  [32;1m✓[39;22m[90m [39m[90mFilament TariffResource integrates with TariffPolicy for viewAny action @ repetition 40 of 100[39m[90m              [39m [90m0.24s[39m  
  [31;1m⨯[39;22m[90m [39m[90mFilament TariffResource integrates with TariffPolicy for viewAny action @ repetition 41 of 100[39m[90m              [39m [90m0.21s[39m  
  [31;1m⨯[39;22m[90m [39m[90mFilament TariffResource integrates with TariffPolicy for viewAny action @ repetition 42 of 100[39m[90m              [39m [90m0.18s[39m  
  [31;1m⨯[39;22m[90m [39m[90mFilament TariffResource integrates with TariffPolicy for viewAny action @ repetition 43 of 100[39m[90m              [39m [90m0.22s[39m  
  [32;1m✓[39;22m[90m [39m[90mFilament TariffResource integrates with TariffPolicy for viewAny action @ repetition 44 of 100[39m[90m              [39m [90m0.55s[39m  
  [32;1m✓[39;22m[90m [39m[90mFilament TariffResource integrates with TariffPolicy for viewAny action @ repetition 45 of 100[39m[90m              [39m [90m0.15s[39m  
  [31;1m⨯[39;22m[90m [39m[90mFilament TariffResource integrates with TariffPolicy for viewAny action @ repetition 46 of 100[39m[90m              [39m [90m0.18s[39m  
  [32;1m✓[39;22m[90m [39m[90mFilament TariffResource integrates with TariffPolicy for viewAny action @ repetition 47 of 100[39m[90m              [39m [90m0.24s[39m  
  [32;1m✓[39;22m[90m [39m[90mFilament TariffResource integrates with TariffPolicy for viewAny action @ repetition 48 of 100[39m[90m              [39m [90m0.17s[39m  
  [31;1m⨯[39;22m[90m [39m[90mFilament TariffResource integrates with TariffPolicy for viewAny action @ repetition 49 of 100[39m[90m              [39m [90m0.15s[39m  
  [31;1m⨯[39;22m[90m [39m[90mFilament TariffResource integrates with TariffPolicy for viewAny action @ repetition 50 of 100[39m[90m              [39m [90m0.22s[39m  
  [31;1m⨯[39;22m[90m [39m[90mFilament TariffResource integrates with TariffPolicy for viewAny action @ repetition 51 of 100[39m[90m              [39m [90m0.19s[39m  
  [31;1m⨯[39;22m[90m [39m[90mFilament TariffResource integrates with TariffPolicy for viewAny action @ repetition 52 of 100[39m[90m              [39m [90m0.63s[39m  
  [31;1m⨯[39;22m[90m [39m[90mFilament TariffResource integrates with TariffPolicy for viewAny action @ repetition 53 of 100[39m[90m              [39m [90m0.19s[39m  
  [31;1m⨯[39;22m[90m [39m[90mFilament TariffResource integrates with TariffPolicy for viewAny action @ repetition 54 of 100[39m[90m              [39m [90m0.19s[39m  
  [31;1m⨯[39;22m[90m [39m[90mFilament TariffResource integrates with TariffPolicy for viewAny action @ repetition 55 of 100[39m[90m              [39m [90m0.18s[39m  
  [32;1m✓[39;22m[90m [39m[90mFilament TariffResource integrates with TariffPolicy for viewAny action @ repetition 56 of 100[39m[90m              [39m [90m0.19s[39m  
  [31;1m⨯[39;22m[90m [39m[90mFilament TariffResource integrates with TariffPolicy for viewAny action @ repetition 57 of 100[39m[90m              [39m [90m0.21s[39m  
  [31;1m⨯[39;22m[90m [39m[90mFilament TariffResource integrates with TariffPolicy for viewAny action @ repetition 58 of 100[39m[90m              [39m [90m0.19s[39m  
  [31;1m⨯[39;22m[90m [39m[90mFilament TariffResource integrates with TariffPolicy for viewAny action @ repetition 59 of 100[39m[90m              [39m [90m0.17s[39m  
  [32;1m✓[39;22m[90m [39m[90mFilament TariffResource integrates with TariffPolicy for viewAny action @ repetition 60 of 100[39m[90m              [39m [90m0.55s[39m  
  [32;1m✓[39;22m[90m [39m[90mFilament TariffResource integrates with TariffPolicy for viewAny action @ repetition 61 of 100[39m[90m              [39m [90m0.21s[39m  
  [32;1m✓[39;22m[90m [39m[90mFilament TariffResource integrates with TariffPolicy for viewAny action @ repetition 62 of 100[39m[90m              [39m [90m0.21s[39m  
  [31;1m⨯[39;22m[90m [39m[90mFilament TariffResource integrates with TariffPolicy for viewAny action @ repetition 63 of 100[39m[90m              [39m [90m0.20s[39m  
  [31;1m⨯[39;22m[90m [39m[90mFilament TariffResource integrates with TariffPolicy for viewAny action @ repetition 64 of 100[39m[90m              [39m [90m0.18s[39m  
  [32;1m✓[39;22m[90m [39m[90mFilament TariffResource integrates with TariffPolicy for viewAny action @ repetition 65 of 100[39m[90m              [39m [90m0.18s[39m  
  [31;1m⨯[39;22m[90m [39m[90mFilament TariffResource integrates with TariffPolicy for viewAny action @ repetition 66 of 100[39m[90m              [39m [90m0.19s[39m  
  [31;1m⨯[39;22m[90m [39m[90mFilament TariffResource integrates with TariffPolicy for viewAny action @ repetition 67 of 100[39m[90m              [39m [90m0.15s[39m  
  [32;1m✓[39;22m[90m [39m[90mFilament TariffResource integrates with TariffPolicy for viewAny action @ repetition 68 of 100[39m[90m              [39m [90m0.64s[39m  
  [32;1m✓[39;22m[90m [39m[90mFilament TariffResource integrates with TariffPolicy for viewAny action @ repetition 69 of 100[39m[90m              [39m [90m0.18s[39m  
  [31;1m⨯[39;22m[90m [39m[90mFilament TariffResource integrates with TariffPolicy for viewAny action @ repetition 70 of 100[39m[90m              [39m [90m0.17s[39m  
  [31;1m⨯[39;22m[90m [39m[90mFilament TariffResource integrates with TariffPolicy for viewAny action @ repetition 71 of 100[39m[90m              [39m [90m0.24s[39m  
  [31;1m⨯[39;22m[90m [39m[90mFilament TariffResource integrates with TariffPolicy for viewAny action @ repetition 72 of 100[39m[90m              [39m [90m0.23s[39m  
  [31;1m⨯[39;22m[90m [39m[90mFilament TariffResource integrates with TariffPolicy for viewAny action @ repetition 73 of 100[39m[90m              [39m [90m0.20s[39m  
  [32;1m✓[39;22m[90m [39m[90mFilament TariffResource integrates with TariffPolicy for viewAny action @ repetition 74 of 100[39m[90m              [39m [90m0.20s[39m  
  [31;1m⨯[39;22m[90m [39m[90mFilament TariffResource integrates with TariffPolicy for viewAny action @ repetition 75 of 100[39m[90m              [39m [90m0.23s[39m  
  [32;1m✓[39;22m[90m [39m[90mFilament TariffResource integrates with TariffPolicy for viewAny action @ repetition 76 of 100[39m[90m              [39m [90m0.62s[39m  
  [32;1m✓[39;22m[90m [39m[90mFilament TariffResource integrates with TariffPolicy for viewAny action @ repetition 77 of 100[39m[90m              [39m [90m0.17s[39m  
  [31;1m⨯[39;22m[90m [39m[90mFilament TariffResource integrates with TariffPolicy for viewAny action @ repetition 78 of 100[39m[90m              [39m [90m0.18s[39m  
  [31;1m⨯[39;22m[90m [39m[90mFilament TariffResource integrates with TariffPolicy for viewAny action @ repetition 79 of 100[39m[90m              [39m [90m0.22s[39m  
  [31;1m⨯[39;22m[90m [39m[90mFilament TariffResource integrates with TariffPolicy for viewAny action @ repetition 80 of 100[39m[90m              [39m [90m0.19s[39m  
  [31;1m⨯[39;22m[90m [39m[90mFilament TariffResource integrates with TariffPolicy for viewAny action @ repetition 81 of 100[39m[90m              [39m [90m0.22s[39m  
  [31;1m⨯[39;22m[90m [39m[90mFilament TariffResource integrates with TariffPolicy for viewAny action @ repetition 82 of 100[39m[90m              [39m [90m0.17s[39m  
  [32;1m✓[39;22m[90m [39m[90mFilament TariffResource integrates with TariffPolicy for viewAny action @ repetition 83 of 100[39m[90m              [39m [90m0.13s[39m  
  [31;1m⨯[39;22m[90m [39m[90mFilament TariffResource integrates with TariffPolicy for viewAny action @ repetition 84 of 100[39m[90m              [39m [90m0.58s[39m  
  [31;1m⨯[39;22m[90m [39m[90mFilament TariffResource integrates with TariffPolicy for viewAny action @ repetition 85 of 100[39m[90m              [39m [90m0.21s[39m  
  [31;1m⨯[39;22m[90m [39m[90mFilament TariffResource integrates with TariffPolicy for viewAny action @ repetition 86 of 100[39m[90m              [39m [90m0.23s[39m  
  [31;1m⨯[39;22m[90m [39m[90mFilament TariffResource integrates with TariffPolicy for viewAny action @ repetition 87 of 100[39m[90m              [39m [90m0.17s[39m  
  [31;1m⨯[39;22m[90m [39m[90mFilament TariffResource integrates with TariffPolicy for viewAny action @ repetition 88 of 100[39m[90m              [39m [90m0.18s[39m  
  [31;1m⨯[39;22m[90m [39m[90mFilament TariffResource integrates with TariffPolicy for viewAny action @ repetition 89 of 100[39m[90m              [39m [90m0.20s[39m  
  [31;1m⨯[39;22m[90m [39m[90mFilament TariffResource integrates with TariffPolicy for viewAny action @ repetition 90 of 100[39m[90m              [39m [90m0.18s[39m  
  [32;1m✓[39;22m[90m [39m[90mFilament TariffResource integrates with TariffPolicy for viewAny action @ repetition 91 of 100[39m[90m              [39m [90m0.21s[39m  
  [32;1m✓[39;22m[90m [39m[90mFilament TariffResource integrates with TariffPolicy for viewAny action @ repetition 92 of 100[39m[90m              [39m [90m0.62s[39m  
  [32;1m✓[39;22m[90m [39m[90mFilament TariffResource integrates with TariffPolicy for viewAny action @ repetition 93 of 100[39m[90m              [39m [90m0.19s[39m  
  [31;1m⨯[39;22m[90m [39m[90mFilament TariffResource integrates with TariffPolicy for viewAny action @ repetition 94 of 100[39m[90m              [39m [90m0.20s[39m  
  [31;1m⨯[39;22m[90m [39m[90mFilament TariffResource integrates with TariffPolicy for viewAny action @ repetition 95 of 100[39m[90m              [39m [90m0.22s[39m  
  [31;1m⨯[39;22m[90m [39m[90mFilament TariffResource integrates with TariffPolicy for viewAny action @ repetition 96 of 100[39m[90m              [39m [90m0.20s[39m  
  [31;1m⨯[39;22m[90m [39m[90mFilament TariffResource integrates with TariffPolicy for viewAny action @ repetition 97 of 100[39m[90m              [39m [90m0.21s[39m  
  [31;1m⨯[39;22m[90m [39m[90mFilament TariffResource integrates with TariffPolicy for viewAny action @ repetition 98 of 100[39m[90m              [39m [90m0.20s[39m  
  [32;1m✓[39;22m[90m [39m[90mFilament TariffResource integrates with TariffPolicy for viewAny action @ repetition 99 of 100[39m[90m              [39m [90m0.19s[39m  
  [32;1m✓[39;22m[90m [39m[90mFilament TariffResource integrates with TariffPolicy for viewAny action @ repetition 100 of 100[39m[90m             [39m [90m0.58s[39m  
  [31;1m⨯[39;22m[90m [39m[90mFilament TariffResource integrates with TariffPolicy for create action @ repetition 1 of 100[39m[90m                [39m [90m0.18s[39m  
  [31;1m⨯[39;22m[90m [39m[90mFilament TariffResource integrates with TariffPolicy for create action @ repetition 2 of 100[39m[90m                [39m [90m0.60s[39m  
  [31;1m⨯[39;22m[90m [39m[90mFilament TariffResource integrates with TariffPolicy for create action @ repetition 3 of 100[39m[90m                [39m [90m0.20s[39m  
  [32;1m✓[39;22m[90m [39m[90mFilament TariffResource integrates with TariffPolicy for create action @ repetition 4 of 100[39m[90m                [39m [90m0.20s[39m  
  [31;1m⨯[39;22m[90m [39m[90mFilament TariffResource integrates with TariffPolicy for create action @ repetition 5 of 100[39m[90m                [39m [90m0.19s[39m  
  [32;1m✓[39;22m[90m [39m[90mFilament TariffResource integrates with TariffPolicy for create action @ repetition 6 of 100[39m[90m                [39m [90m0.22s[39m  
  [31;1m⨯[39;22m[90m [39m[90mFilament TariffResource integrates with TariffPolicy for create action @ repetition 7 of 100[39m[90m                [39m [90m0.22s[39m  
  [31;1m⨯[39;22m[90m [39m[90mFilament TariffResource integrates with TariffPolicy for create action @ repetition 8 of 100[39m[90m                [39m [90m0.19s[39m  
  [31;1m⨯[39;22m[90m [39m[90mFilament TariffResource integrates with TariffPolicy for create action @ repetition 9 of 100[39m[90m                [39m [90m0.18s[39m  
  [31;1m⨯[39;22m[90m [39m[90mFilament TariffResource integrates with TariffPolicy for create action @ repetition 10 of 100[39m[90m               [39m [90m0.57s[39m  
  [31;1m⨯[39;22m[90m [39m[90mFilament TariffResource integrates with TariffPolicy for create action @ repetition 11 of 100[39m[90m               [39m [90m0.18s[39m  
  [31;1m⨯[39;22m[90m [39m[90mFilament TariffResource integrates with TariffPolicy for create action @ repetition 12 of 100[39m[90m               [39m [90m0.20s[39m  
  [31;1m⨯[39;22m[90m [39m[90mFilament TariffResource integrates with TariffPolicy for create action @ repetition 13 of 100[39m[90m               [39m [90m0.17s[39m  
  [31;1m⨯[39;22m[90m [39m[90mFilament TariffResource integrates with TariffPolicy for create action @ repetition 14 of 100[39m[90m               [39m [90m0.22s[39m  
  [32;1m✓[39;22m[90m [39m[90mFilament TariffResource integrates with TariffPolicy for create action @ repetition 15 of 100[39m[90m               [39m [90m0.20s[39m  
  [32;1m✓[39;22m[90m [39m[90mFilament TariffResource integrates with TariffPolicy for create action @ repetition 16 of 100[39m[90m               [39m [90m0.18s[39m  
  [31;1m⨯[39;22m[90m [39m[90mFilament TariffResource integrates with TariffPolicy for create action @ repetition 17 of 100[39m[90m               [39m [90m0.23s[39m  
  [31;1m⨯[39;22m[90m [39m[90mFilament TariffResource integrates with TariffPolicy for create action @ repetition 18 of 100[39m[90m               [39m [90m0.54s[39m  
  [32;1m✓[39;22m[90m [39m[90mFilament TariffResource integrates with TariffPolicy for create action @ repetition 19 of 100[39m[90m               [39m [90m0.21s[39m  
  [32;1m✓[39;22m[90m [39m[90mFilament TariffResource integrates with TariffPolicy for create action @ repetition 20 of 100[39m[90m               [39m [90m0.20s[39m  
  [31;1m⨯[39;22m[90m [39m[90mFilament TariffResource integrates with TariffPolicy for create action @ repetition 21 of 100[39m[90m               [39m [90m0.23s[39m  
  [31;1m⨯[39;22m[90m [39m[90mFilament TariffResource integrates with TariffPolicy for create action @ repetition 22 of 100[39m[90m               [39m [90m0.23s[39m  
  [31;1m⨯[39;22m[90m [39m[90mFilament TariffResource integrates with TariffPolicy for create action @ repetition 23 of 100[39m[90m               [39m [90m0.19s[39m  
  [31;1m⨯[39;22m[90m [39m[90mFilament TariffResource integrates with TariffPolicy for create action @ repetition 24 of 100[39m[90m               [39m [90m0.25s[39m  
  [32;1m✓[39;22m[90m [39m[90mFilament TariffResource integrates with TariffPolicy for create action @ repetition 25 of 100[39m[90m               [39m [90m0.20s[39m  
  [32;1m✓[39;22m[90m [39m[90mFilament TariffResource integrates with TariffPolicy for create action @ repetition 26 of 100[39m[90m               [39m [90m0.64s[39m  
  [32;1m✓[39;22m[90m [39m[90mFilament TariffResource integrates with TariffPolicy for create action @ repetition 27 of 100[39m[90m               [39m [90m0.26s[39m  
  [32;1m✓[39;22m[90m [39m[90mFilament TariffResource integrates with TariffPolicy for create action @ repetition 28 of 100[39m[90m               [39m [90m0.21s[39m  
  [32;1m✓[39;22m[90m [39m[90mFilament TariffResource integrates with TariffPolicy for create action @ repetition 29 of 100[39m[90m               [39m [90m0.29s[39m  
  [31;1m⨯[39;22m[90m [39m[90mFilament TariffResource integrates with TariffPolicy for create action @ repetition 30 of 100[39m[90m               [39m [90m0.21s[39m  
  [31;1m⨯[39;22m[90m [39m[90mFilament TariffResource integrates with TariffPolicy for create action @ repetition 31 of 100[39m[90m               [39m [90m0.23s[39m  
  [31;1m⨯[39;22m[90m [39m[90mFilament TariffResource integrates with TariffPolicy for create action @ repetition 32 of 100[39m[90m               [39m [90m0.23s[39m  
  [32;1m✓[39;22m[90m [39m[90mFilament TariffResource integrates with TariffPolicy for create action @ repetition 33 of 100[39m[90m               [39m [90m0.21s[39m  
  [31;1m⨯[39;22m[90m [39m[90mFilament TariffResource integrates with TariffPolicy for create action @ repetition 34 of 100[39m[90m               [39m [90m0.57s[39m  
  [31;1m⨯[39;22m[90m [39m[90mFilament TariffResource integrates with TariffPolicy for create action @ repetition 35 of 100[39m[90m               [39m [90m0.23s[39m  
  [31;1m⨯[39;22m[90m [39m[90mFilament TariffResource integrates with TariffPolicy for create action @ repetition 36 of 100[39m[90m               [39m [90m0.27s[39m  
  [31;1m⨯[39;22m[90m [39m[90mFilament TariffResource integrates with TariffPolicy for create action @ repetition 37 of 100[39m[90m               [39m [90m0.25s[39m  
  [31;1m⨯[39;22m[90m [39m[90mFilament TariffResource integrates with TariffPolicy for create action @ repetition 38 of 100[39m[90m               [39m [90m0.22s[39m  
  [31;1m⨯[39;22m[90m [39m[90mFilament TariffResource integrates with TariffPolicy for create action @ repetition 39 of 100[39m[90m               [39m [90m0.20s[39m  
  [31;1m⨯[39;22m[90m [39m[90mFilament TariffResource integrates with TariffPolicy for create action @ repetition 40 of 100[39m[90m               [39m [90m0.18s[39m  
  [32;1m✓[39;22m[90m [39m[90mFilament TariffResource integrates with TariffPolicy for create action @ repetition 41 of 100[39m[90m               [39m [90m0.19s[39m  
  [32;1m✓[39;22m[90m [39m[90mFilament TariffResource integrates with TariffPolicy for create action @ repetition 42 of 100[39m[90m               [39m [90m0.60s[39m  
  [32;1m✓[39;22m[90m [39m[90mFilament TariffResource integrates with TariffPolicy for create action @ repetition 43 of 100[39m[90m               [39m [90m0.20s[39m  
  [31;1m⨯[39;22m[90m [39m[90mFilament TariffResource integrates with TariffPolicy for create action @ repetition 44 of 100[39m[90m               [39m [90m0.21s[39m  
  [32;1m✓[39;22m[90m [39m[90mFilament TariffResource integrates with TariffPolicy for create action @ repetition 45 of 100[39m[90m               [39m [90m0.21s[39m  
  [31;1m⨯[39;22m[90m [39m[90mFilament TariffResource integrates with TariffPolicy for create action @ repetition 46 of 100[39m[90m               [39m [90m0.23s[39m  
  [31;1m⨯[39;22m[90m [39m[90mFilament TariffResource integrates with TariffPolicy for create action @ repetition 47 of 100[39m[90m               [39m [90m0.18s[39m  
  [31;1m⨯[39;22m[90m [39m[90mFilament TariffResource integrates with TariffPolicy for create action @ repetition 48 of 100[39m[90m               [39m [90m0.19s[39m  
  [31;1m⨯[39;22m[90m [39m[90mFilament TariffResource integrates with TariffPolicy for create action @ repetition 49 of 100[39m[90m               [39m [90m0.22s[39m  
  [31;1m⨯[39;22m[90m [39m[90mFilament TariffResource integrates with TariffPolicy for create action @ repetition 50 of 100[39m[90m               [39m [90m0.57s[39m  
  [31;1m⨯[39;22m[90m [39m[90mFilament TariffResource integrates with TariffPolicy for create action @ repetition 51 of 100[39m[90m               [39m [90m0.21s[39m  
  [31;1m⨯[39;22m[90m [39m[90mFilament TariffResource integrates with TariffPolicy for create action @ repetition 52 of 100[39m[90m               [39m [90m0.21s[39m  
  [31;1m⨯[39;22m[90m [39m[90mFilament TariffResource integrates with TariffPolicy for create action @ repetition 53 of 100[39m[90m               [39m [90m0.21s[39m  
  [31;1m⨯[39;22m[90m [39m[90mFilament TariffResource integrates with TariffPolicy for create action @ repetition 54 of 100[39m[90m               [39m [90m0.20s[39m  
  [31;1m⨯[39;22m[90m [39m[90mFilament TariffResource integrates with TariffPolicy for create action @ repetition 55 of 100[39m[90m               [39m [90m0.23s[39m  
  [31;1m⨯[39;22m[90m [39m[90mFilament TariffResource integrates with TariffPolicy for create action @ repetition 56 of 100[39m[90m               [39m [90m0.23s[39m  
  [31;1m⨯[39;22m[90m [39m[90mFilament TariffResource integrates with TariffPolicy for create action @ repetition 57 of 100[39m[90m               [39m [90m0.26s[39m  
  [32;1m✓[39;22m[90m [39m[90mFilament TariffResource integrates with TariffPolicy for create action @ repetition 58 of 100[39m[90m               [39m [90m0.67s[39m  
  [31;1m⨯[39;22m[90m [39m[90mFilament TariffResource integrates with TariffPolicy for create action @ repetition 59 of 100[39m[90m               [39m [90m0.25s[39m  
  [32;1m✓[39;22m[90m [39m[90mFilament TariffResource integrates with TariffPolicy for create action @ repetition 60 of 100[39m[90m               [39m [90m0.22s[39m  
  [31;1m⨯[39;22m[90m [39m[90mFilament TariffResource integrates with TariffPolicy for create action @ repetition 61 of 100[39m[90m               [39m [90m0.24s[39m  
  [32;1m✓[39;22m[90m [39m[90mFilament TariffResource integrates with TariffPolicy for create action @ repetition 62 of 100[39m[90m               [39m [90m0.24s[39m  
  [32;1m✓[39;22m[90m [39m[90mFilament TariffResource integrates with TariffPolicy for create action @ repetition 63 of 100[39m[90m               [39m [90m0.21s[39m  
  [32;1m✓[39;22m[90m [39m[90mFilament TariffResource integrates with TariffPolicy for create action @ repetition 64 of 100[39m[90m               [39m [90m0.21s[39m  
  [31;1m⨯[39;22m[90m [39m[90mFilament TariffResource integrates with TariffPolicy for create action @ repetition 65 of 100[39m[90m               [39m [90m0.25s[39m  
  [31;1m⨯[39;22m[90m [39m[90mFilament TariffResource integrates with TariffPolicy for create action @ repetition 66 of 100[39m[90m               [39m [90m0.64s[39m  
  [31;1m⨯[39;22m[90m [39m[90mFilament TariffResource integrates with TariffPolicy for create action @ repetition 67 of 100[39m[90m               [39m [90m0.25s[39m  
  [31;1m⨯[39;22m[90m [39m[90mFilament TariffResource integrates with TariffPolicy for create action @ repetition 68 of 100[39m[90m               [39m [90m0.29s[39m  
  [32;1m✓[39;22m[90m [39m[90mFilament TariffResource integrates with TariffPolicy for create action @ repetition 69 of 100[39m[90m               [39m [90m0.22s[39m  
  [31;1m⨯[39;22m[90m [39m[90mFilament TariffResource integrates with TariffPolicy for create action @ repetition 70 of 100[39m[90m               [39m [90m0.25s[39m  
  [32;1m✓[39;22m[90m [39m[90mFilament TariffResource integrates with TariffPolicy for create action @ repetition 71 of 100[39m[90m               [39m [90m0.23s[39m  
  [31;1m⨯[39;22m[90m [39m[90mFilament TariffResource integrates with TariffPolicy for create action @ repetition 72 of 100[39m[90m               [39m [90m0.26s[39m  
  [31;1m⨯[39;22m[90m [39m[90mFilament TariffResource integrates with TariffPolicy for create action @ repetition 73 of 100[39m[90m               [39m [90m0.23s[39m  
  [31;1m⨯[39;22m[90m [39m[90mFilament TariffResource integrates with TariffPolicy for create action @ repetition 74 of 100[39m[90m               [39m [90m0.61s[39m  
  [31;1m⨯[39;22m[90m [39m[90mFilament TariffResource integrates with TariffPolicy for create action @ repetition 75 of 100[39m[90m               [39m [90m0.17s[39m  
  [31;1m⨯[39;22m[90m [39m[90mFilament TariffResource integrates with TariffPolicy for create action @ repetition 76 of 100[39m[90m               [39m [90m0.23s[39m  
  [32;1m✓[39;22m[90m [39m[90mFilament TariffResource integrates with TariffPolicy for create action @ repetition 77 of 100[39m[90m               [39m [90m0.23s[39m  
  [31;1m⨯[39;22m[90m [39m[90mFilament TariffResource integrates with TariffPolicy for create action @ repetition 78 of 100[39m[90m               [39m [90m0.21s[39m  
  [31;1m⨯[39;22m[90m [39m[90mFilament TariffResource integrates with TariffPolicy for create action @ repetition 79 of 100[39m[90m               [39m [90m0.22s[39m  
  [32;1m✓[39;22m[90m [39m[90mFilament TariffResource integrates with TariffPolicy for create action @ repetition 80 of 100[39m[90m               [39m [90m0.24s[39m  
  [31;1m⨯[39;22m[90m [39m[90mFilament TariffResource integrates with TariffPolicy for create action @ repetition 81 of 100[39m[90m               [39m [90m0.21s[39m  
  [32;1m✓[39;22m[90m [39m[90mFilament TariffResource integrates with TariffPolicy for create action @ repetition 82 of 100[39m[90m               [39m [90m0.65s[39m  
  [31;1m⨯[39;22m[90m [39m[90mFilament TariffResource integrates with TariffPolicy for create action @ repetition 83 of 100[39m[90m               [39m [90m0.17s[39m  
  [31;1m⨯[39;22m[90m [39m[90mFilament TariffResource integrates with TariffPolicy for create action @ repetition 84 of 100[39m[90m               [39m [90m0.20s[39m  
  [31;1m⨯[39;22m[90m [39m[90mFilament TariffResource integrates with TariffPolicy for create action @ repetition 85 of 100[39m[90m               [39m [90m0.24s[39m  
  [32;1m✓[39;22m[90m [39m[90mFilament TariffResource integrates with TariffPolicy for create action @ repetition 86 of 100[39m[90m               [39m [90m0.21s[39m  
  [31;1m⨯[39;22m[90m [39m[90mFilament TariffResource integrates with TariffPolicy for create action @ repetition 87 of 100[39m[90m               [39m [90m0.23s[39m  
  [32;1m✓[39;22m[90m [39m[90mFilament TariffResource integrates with TariffPolicy for create action @ repetition 88 of 100[39m[90m               [39m [90m0.25s[39m  
  [32;1m✓[39;22m[90m [39m[90mFilament TariffResource integrates with TariffPolicy for create action @ repetition 89 of 100[39m[90m               [39m [90m0.19s[39m  
  [31;1m⨯[39;22m[90m [39m[90mFilament TariffResource integrates with TariffPolicy for create action @ repetition 90 of 100[39m[90m               [39m [90m0.63s[39m  
  [32;1m✓[39;22m[90m [39m[90mFilament TariffResource integrates with TariffPolicy for create action @ repetition 91 of 100[39m[90m               [39m [90m0.21s[39m  
  [32;1m✓[39;22m[90m [39m[90mFilament TariffResource integrates with TariffPolicy for create action @ repetition 92 of 100[39m[90m               [39m [90m0.25s[39m  
  [32;1m✓[39;22m[90m [39m[90mFilament TariffResource integrates with TariffPolicy for create action @ repetition 93 of 100[39m[90m               [39m [90m0.19s[39m  
  [31;1m⨯[39;22m[90m [39m[90mFilament TariffResource integrates with TariffPolicy for create action @ repetition 94 of 100[39m[90m               [39m [90m0.25s[39m  
  [31;1m⨯[39;22m[90m [39m[90mFilament TariffResource integrates with TariffPolicy for create action @ repetition 95 of 100[39m[90m               [39m [90m0.24s[39m  
  [32;1m✓[39;22m[90m [39m[90mFilament TariffResource integrates with TariffPolicy for create action @ repetition 96 of 100[39m[90m               [39m [90m0.25s[39m  
  [31;1m⨯[39;22m[90m [39m[90mFilament TariffResource integrates with TariffPolicy for create action @ repetition 97 of 100[39m[90m               [39m [90m0.23s[39m  
  [31;1m⨯[39;22m[90m [39m[90mFilament TariffResource integrates with TariffPolicy for create action @ repetition 98 of 100[39m[90m               [39m [90m0.61s[39m  
  [31;1m⨯[39;22m[90m [39m[90mFilament TariffResource integrates with TariffPolicy for create action @ repetition 99 of 100[39m[90m               [39m [90m0.26s[39m  
  [31;1m⨯[39;22m[90m [39m[90mFilament TariffResource integrates with TariffPolicy for create action @ repetition 100 of 100[39m[90m              [39m [90m0.22s[39m  
  [32;1m✓[39;22m[90m [39m[90mFilament ProviderResource integrates with ProviderPolicy for viewAny action @ repetition 1 of 100[39m[90m           [39m [90m0.64s[39m  
  [32;1m✓[39;22m[90m [39m[90mFilament ProviderResource integrates with ProviderPolicy for viewAny action @ repetition 2 of 100[39m[90m           [39m [90m0.21s[39m  
  [32;1m✓[39;22m[90m [39m[90mFilament ProviderResource integrates with ProviderPolicy for viewAny action @ repetition 3 of 100[39m[90m           [39m [90m0.19s[39m  
  [32;1m✓[39;22m[90m [39m[90mFilament ProviderResource integrates with ProviderPolicy for viewAny action @ repetition 4 of 100[39m[90m           [39m [90m0.19s[39m  
  [32;1m✓[39;22m[90m [39m[90mFilament ProviderResource integrates with ProviderPolicy for viewAny action @ repetition 5 of 100[39m[90m           [39m [90m0.19s[39m  
  [32;1m✓[39;22m[90m [39m[90mFilament ProviderResource integrates with ProviderPolicy for viewAny action @ repetition 6 of 100[39m[90m           [39m [90m0.17s[39m  
  [32;1m✓[39;22m[90m [39m[90mFilament ProviderResource integrates with ProviderPolicy for viewAny action @ repetition 7 of 100[39m[90m           [39m [90m0.21s[39m  
  [32;1m✓[39;22m[90m [39m[90mFilament ProviderResource integrates with ProviderPolicy for viewAny action @ repetition 8 of 100[39m[90m           [39m [90m0.22s[39m  
  [32;1m✓[39;22m[90m [39m[90mFilament ProviderResource integrates with ProviderPolicy for viewAny action @ repetition 9 of 100[39m[90m           [39m [90m0.51s[39m  
  [32;1m✓[39;22m[90m [39m[90mFilament ProviderResource integrates with ProviderPolicy for viewAny action @ repetition 10 of 100[39m[90m          [39m [90m0.22s[39m  
  [32;1m✓[39;22m[90m [39m[90mFilament ProviderResource integrates with ProviderPolicy for viewAny action @ repetition 11 of 100[39m[90m          [39m [90m0.25s[39m  
  [32;1m✓[39;22m[90m [39m[90mFilament ProviderResource integrates with ProviderPolicy for viewAny action @ repetition 12 of 100[39m[90m          [39m [90m0.23s[39m  
  [32;1m✓[39;22m[90m [39m[90mFilament ProviderResource integrates with ProviderPolicy for viewAny action @ repetition 13 of 100[39m[90m          [39m [90m0.22s[39m  
  [32;1m✓[39;22m[90m [39m[90mFilament ProviderResource integrates with ProviderPolicy for viewAny action @ repetition 14 of 100[39m[90m          [39m [90m0.20s[39m  
  [32;1m✓[39;22m[90m [39m[90mFilament ProviderResource integrates with ProviderPolicy for viewAny action @ repetition 15 of 100[39m[90m          [39m [90m0.22s[39m  
  [32;1m✓[39;22m[90m [39m[90mFilament ProviderResource integrates with ProviderPolicy for viewAny action @ repetition 16 of 100[39m[90m          [39m [90m0.22s[39m  
  [32;1m✓[39;22m[90m [39m[90mFilament ProviderResource integrates with ProviderPolicy for viewAny action @ repetition 17 of 100[39m[90m          [39m [90m0.67s[39m  
  [32;1m✓[39;22m[90m [39m[90mFilament ProviderResource integrates with ProviderPolicy for viewAny action @ repetition 18 of 100[39m[90m          [39m [90m0.22s[39m  
  [32;1m✓[39;22m[90m [39m[90mFilament ProviderResource integrates with ProviderPolicy for viewAny action @ repetition 19 of 100[39m[90m          [39m [90m0.21s[39m  
  [32;1m✓[39;22m[90m [39m[90mFilament ProviderResource integrates with ProviderPolicy for viewAny action @ repetition 20 of 100[39m[90m          [39m [90m0.22s[39m  
  [32;1m✓[39;22m[90m [39m[90mFilament ProviderResource integrates with ProviderPolicy for viewAny action @ repetition 21 of 100[39m[90m          [39m [90m0.23s[39m  
  [32;1m✓[39;22m[90m [39m[90mFilament ProviderResource integrates with ProviderPolicy for viewAny action @ repetition 22 of 100[39m[90m          [39m [90m0.24s[39m  
  [32;1m✓[39;22m[90m [39m[90mFilament ProviderResource integrates with ProviderPolicy for viewAny action @ repetition 23 of 100[39m[90m          [39m [90m0.22s[39m  
  [32;1m✓[39;22m[90m [39m[90mFilament ProviderResource integrates with ProviderPolicy for viewAny action @ repetition 24 of 100[39m[90m          [39m [90m0.23s[39m  
  [32;1m✓[39;22m[90m [39m[90mFilament ProviderResource integrates with ProviderPolicy for viewAny action @ repetition 25 of 100[39m[90m          [39m [90m0.75s[39m  
  [32;1m✓[39;22m[90m [39m[90mFilament ProviderResource integrates with ProviderPolicy for viewAny action @ repetition 26 of 100[39m[90m          [39m [90m0.22s[39m  
  [32;1m✓[39;22m[90m [39m[90mFilament ProviderResource integrates with ProviderPolicy for viewAny action @ repetition 27 of 100[39m[90m          [39m [90m0.23s[39m  
  [32;1m✓[39;22m[90m [39m[90mFilament ProviderResource integrates with ProviderPolicy for viewAny action @ repetition 28 of 100[39m[90m          [39m [90m0.21s[39m  
  [32;1m✓[39;22m[90m [39m[90mFilament ProviderResource integrates with ProviderPolicy for viewAny action @ repetition 29 of 100[39m[90m          [39m [90m0.21s[39m  
  [32;1m✓[39;22m[90m [39m[90mFilament ProviderResource integrates with ProviderPolicy for viewAny action @ repetition 30 of 100[39m[90m          [39m [90m0.24s[39m  
  [32;1m✓[39;22m[90m [39m[90mFilament ProviderResource integrates with ProviderPolicy for viewAny action @ repetition 31 of 100[39m[90m          [39m [90m0.23s[39m  
  [32;1m✓[39;22m[90m [39m[90mFilament ProviderResource integrates with ProviderPolicy for viewAny action @ repetition 32 of 100[39m[90m          [39m [90m0.23s[39m  
  [32;1m✓[39;22m[90m [39m[90mFilament ProviderResource integrates with ProviderPolicy for viewAny action @ repetition 33 of 100[39m[90m          [39m [90m0.73s[39m  
  [32;1m✓[39;22m[90m [39m[90mFilament ProviderResource integrates with ProviderPolicy for viewAny action @ repetition 34 of 100[39m[90m          [39m [90m0.22s[39m  
  [32;1m✓[39;22m[90m [39m[90mFilament ProviderResource integrates with ProviderPolicy for viewAny action @ repetition 35 of 100[39m[90m          [39m [90m0.26s[39m  
  [32;1m✓[39;22m[90m [39m[90mFilament ProviderResource integrates with ProviderPolicy for viewAny action @ repetition 36 of 100[39m[90m          [39m [90m0.20s[39m  
  [32;1m✓[39;22m[90m [39m[90mFilament ProviderResource integrates with ProviderPolicy for viewAny action @ repetition 37 of 100[39m[90m          [39m [90m0.22s[39m  
  [32;1m✓[39;22m[90m [39m[90mFilament ProviderResource integrates with ProviderPolicy for viewAny action @ repetition 38 of 100[39m[90m          [39m [90m0.21s[39m  
  [32;1m✓[39;22m[90m [39m[90mFilament ProviderResource integrates with ProviderPolicy for viewAny action @ repetition 39 of 100[39m[90m          [39m [90m0.25s[39m  
  [32;1m✓[39;22m[90m [39m[90mFilament ProviderResource integrates with ProviderPolicy for viewAny action @ repetition 40 of 100[39m[90m          [39m [90m0.18s[39m  
  [32;1m✓[39;22m[90m [39m[90mFilament ProviderResource integrates with ProviderPolicy for viewAny action @ repetition 41 of 100[39m[90m          [39m [90m0.58s[39m  
  [32;1m✓[39;22m[90m [39m[90mFilament ProviderResource integrates with ProviderPolicy for viewAny action @ repetition 42 of 100[39m[90m          [39m [90m0.20s[39m  
  [32;1m✓[39;22m[90m [39m[90mFilament ProviderResource integrates with ProviderPolicy for viewAny action @ repetition 43 of 100[39m[90m          [39m [90m0.28s[39m  
  [32;1m✓[39;22m[90m [39m[90mFilament ProviderResource integrates with ProviderPolicy for viewAny action @ repetition 44 of 100[39m[90m          [39m [90m0.23s[39m  
  [32;1m✓[39;22m[90m [39m[90mFilament ProviderResource integrates with ProviderPolicy for viewAny action @ repetition 45 of 100[39m[90m          [39m [90m0.23s[39m  
  [32;1m✓[39;22m[90m [39m[90mFilament ProviderResource integrates with ProviderPolicy for viewAny action @ repetition 46 of 100[39m[90m          [39m [90m0.21s[39m  
  [32;1m✓[39;22m[90m [39m[90mFilament ProviderResource integrates with ProviderPolicy for viewAny action @ repetition 47 of 100[39m[90m          [39m [90m0.21s[39m  
  [32;1m✓[39;22m[90m [39m[90mFilament ProviderResource integrates with ProviderPolicy for viewAny action @ repetition 48 of 100[39m[90m          [39m [90m0.20s[39m  
  [32;1m✓[39;22m[90m [39m[90mFilament ProviderResource integrates with ProviderPolicy for viewAny action @ repetition 49 of 100[39m[90m          [39m [90m0.62s[39m  
  [32;1m✓[39;22m[90m [39m[90mFilament ProviderResource integrates with ProviderPolicy for viewAny action @ repetition 50 of 100[39m[90m          [39m [90m0.25s[39m  
  [32;1m✓[39;22m[90m [39m[90mFilament ProviderResource integrates with ProviderPolicy for viewAny action @ repetition 51 of 100[39m[90m          [39m [90m0.23s[39m  
  [32;1m✓[39;22m[90m [39m[90mFilament ProviderResource integrates with ProviderPolicy for viewAny action @ repetition 52 of 100[39m[90m          [39m [90m0.24s[39m  
  [32;1m✓[39;22m[90m [39m[90mFilament ProviderResource integrates with ProviderPolicy for viewAny action @ repetition 53 of 100[39m[90m          [39m [90m0.24s[39m  
  [32;1m✓[39;22m[90m [39m[90mFilament ProviderResource integrates with ProviderPolicy for viewAny action @ repetition 54 of 100[39m[90m          [39m [90m0.22s[39m  
  [32;1m✓[39;22m[90m [39m[90mFilament ProviderResource integrates with ProviderPolicy for viewAny action @ repetition 55 of 100[39m[90m          [39m [90m0.24s[39m  
  [32;1m✓[39;22m[90m [39m[90mFilament ProviderResource integrates with ProviderPolicy for viewAny action @ repetition 56 of 100[39m[90m          [39m [90m0.25s[39m  
  [32;1m✓[39;22m[90m [39m[90mFilament ProviderResource integrates with ProviderPolicy for viewAny action @ repetition 57 of 100[39m[90m          [39m [90m0.61s[39m  
  [32;1m✓[39;22m[90m [39m[90mFilament ProviderResource integrates with ProviderPolicy for viewAny action @ repetition 58 of 100[39m[90m          [39m [90m0.21s[39m  
  [32;1m✓[39;22m[90m [39m[90mFilament ProviderResource integrates with ProviderPolicy for viewAny action @ repetition 59 of 100[39m[90m          [39m [90m0.28s[39m  
  [32;1m✓[39;22m[90m [39m[90mFilament ProviderResource integrates with ProviderPolicy for viewAny action @ repetition 60 of 100[39m[90m          [39m [90m0.24s[39m  
  [32;1m✓[39;22m[90m [39m[90mFilament ProviderResource integrates with ProviderPolicy for viewAny action @ repetition 61 of 100[39m[90m          [39m [90m0.24s[39m  
  [32;1m✓[39;22m[90m [39m[90mFilament ProviderResource integrates with ProviderPolicy for viewAny action @ repetition 62 of 100[39m[90m          [39m [90m0.26s[39m  
  [32;1m✓[39;22m[90m [39m[90mFilament ProviderResource integrates with ProviderPolicy for viewAny action @ repetition 63 of 100[39m[90m          [39m [90m0.33s[39m  
  [32;1m✓[39;22m[90m [39m[90mFilament ProviderResource integrates with ProviderPolicy for viewAny action @ repetition 64 of 100[39m[90m          [39m [90m0.26s[39m  
  [32;1m✓[39;22m[90m [39m[90mFilament ProviderResource integrates with ProviderPolicy for viewAny action @ repetition 65 of 100[39m[90m          [39m [90m0.64s[39m  
  [32;1m✓[39;22m[90m [39m[90mFilament ProviderResource integrates with ProviderPolicy for viewAny action @ repetition 66 of 100[39m[90m          [39m [90m0.23s[39m  
  [32;1m✓[39;22m[90m [39m[90mFilament ProviderResource integrates with ProviderPolicy for viewAny action @ repetition 67 of 100[39m[90m          [39m [90m0.23s[39m  
  [32;1m✓[39;22m[90m [39m[90mFilament ProviderResource integrates with ProviderPolicy for viewAny action @ repetition 68 of 100[39m[90m          [39m [90m0.21s[39m  
  [32;1m✓[39;22m[90m [39m[90mFilament ProviderResource integrates with ProviderPolicy for viewAny action @ repetition 69 of 100[39m[90m          [39m [90m0.21s[39m  
  [32;1m✓[39;22m[90m [39m[90mFilament ProviderResource integrates with ProviderPolicy for viewAny action @ repetition 70 of 100[39m[90m          [39m [90m0.18s[39m  
  [32;1m✓[39;22m[90m [39m[90mFilament ProviderResource integrates with ProviderPolicy for viewAny action @ repetition 71 of 100[39m[90m          [39m [90m0.23s[39m  
  [32;1m✓[39;22m[90m [39m[90mFilament ProviderResource integrates with ProviderPolicy for viewAny action @ repetition 72 of 100[39m[90m          [39m [90m0.18s[39m  
  [32;1m✓[39;22m[90m [39m[90mFilament ProviderResource integrates with ProviderPolicy for viewAny action @ repetition 73 of 100[39m[90m          [39m [90m0.57s[39m  
  [32;1m✓[39;22m[90m [39m[90mFilament ProviderResource integrates with ProviderPolicy for viewAny action @ repetition 74 of 100[39m[90m          [39m [90m0.25s[39m  
  [32;1m✓[39;22m[90m [39m[90mFilament ProviderResource integrates with ProviderPolicy for viewAny action @ repetition 75 of 100[39m[90m          [39m [90m0.24s[39m  
  [32;1m✓[39;22m[90m [39m[90mFilament ProviderResource integrates with ProviderPolicy for viewAny action @ repetition 76 of 100[39m[90m          [39m [90m0.23s[39m  
  [32;1m✓[39;22m[90m [39m[90mFilament ProviderResource integrates with ProviderPolicy for viewAny action @ repetition 77 of 100[39m[90m          [39m [90m0.16s[39m  
  [32;1m✓[39;22m[90m [39m[90mFilament ProviderResource integrates with ProviderPolicy for viewAny action @ repetition 78 of 100[39m[90m          [39m [90m0.22s[39m  
  [32;1m✓[39;22m[90m [39m[90mFilament ProviderResource integrates with ProviderPolicy for viewAny action @ repetition 79 of 100[39m[90m          [39m [90m0.25s[39m  
  [32;1m✓[39;22m[90m [39m[90mFilament ProviderResource integrates with ProviderPolicy for viewAny action @ repetition 80 of 100[39m[90m          [39m [90m0.23s[39m  
  [32;1m✓[39;22m[90m [39m[90mFilament ProviderResource integrates with ProviderPolicy for viewAny action @ repetition 81 of 100[39m[90m          [39m [90m0.66s[39m  
  [32;1m✓[39;22m[90m [39m[90mFilament ProviderResource integrates with ProviderPolicy for viewAny action @ repetition 82 of 100[39m[90m          [39m [90m0.23s[39m  
  [32;1m✓[39;22m[90m [39m[90mFilament ProviderResource integrates with ProviderPolicy for viewAny action @ repetition 83 of 100[39m[90m          [39m [90m0.21s[39m  
  [32;1m✓[39;22m[90m [39m[90mFilament ProviderResource integrates with ProviderPolicy for viewAny action @ repetition 84 of 100[39m[90m          [39m [90m0.24s[39m  
  [32;1m✓[39;22m[90m [39m[90mFilament ProviderResource integrates with ProviderPolicy for viewAny action @ repetition 85 of 100[39m[90m          [39m [90m0.28s[39m  
  [32;1m✓[39;22m[90m [39m[90mFilament ProviderResource integrates with ProviderPolicy for viewAny action @ repetition 86 of 100[39m[90m          [39m [90m0.27s[39m  
  [32;1m✓[39;22m[90m [39m[90mFilament ProviderResource integrates with ProviderPolicy for viewAny action @ repetition 87 of 100[39m[90m          [39m [90m0.26s[39m  
  [32;1m✓[39;22m[90m [39m[90mFilament ProviderResource integrates with ProviderPolicy for viewAny action @ repetition 88 of 100[39m[90m          [39m [90m0.22s[39m  
  [32;1m✓[39;22m[90m [39m[90mFilament ProviderResource integrates with ProviderPolicy for viewAny action @ repetition 89 of 100[39m[90m          [39m [90m0.73s[39m  
  [32;1m✓[39;22m[90m [39m[90mFilament ProviderResource integrates with ProviderPolicy for viewAny action @ repetition 90 of 100[39m[90m          [39m [90m0.24s[39m  
  [32;1m✓[39;22m[90m [39m[90mFilament ProviderResource integrates with ProviderPolicy for viewAny action @ repetition 91 of 100[39m[90m          [39m [90m0.24s[39m  
  [32;1m✓[39;22m[90m [39m[90mFilament ProviderResource integrates with ProviderPolicy for viewAny action @ repetition 92 of 100[39m[90m          [39m [90m0.23s[39m  
  [32;1m✓[39;22m[90m [39m[90mFilament ProviderResource integrates with ProviderPolicy for viewAny action @ repetition 93 of 100[39m[90m          [39m [90m0.25s[39m  
  [32;1m✓[39;22m[90m [39m[90mFilament ProviderResource integrates with ProviderPolicy for viewAny action @ repetition 94 of 100[39m[90m          [39m [90m0.26s[39m  
  [32;1m✓[39;22m[90m [39m[90mFilament ProviderResource integrates with ProviderPolicy for viewAny action @ repetition 95 of 100[39m[90m          [39m [90m0.22s[39m  
  [32;1m✓[39;22m[90m [39m[90mFilament ProviderResource integrates with ProviderPolicy for viewAny action @ repetition 96 of 100[39m[90m          [39m [90m0.26s[39m  
  [32;1m✓[39;22m[90m [39m[90mFilament ProviderResource integrates with ProviderPolicy for viewAny action @ repetition 97 of 100[39m[90m          [39m [90m0.71s[39m  
  [32;1m✓[39;22m[90m [39m[90mFilament ProviderResource integrates with ProviderPolicy for viewAny action @ repetition 98 of 100[39m[90m          [39m [90m0.24s[39m  
  [32;1m✓[39;22m[90m [39m[90mFilament ProviderResource integrates with ProviderPolicy for viewAny action @ repetition 99 of 100[39m[90m          [39m [90m0.27s[39m  
  [32;1m✓[39;22m[90m [39m[90mFilament ProviderResource integrates with ProviderPolicy for viewAny action @ repetition 100 of 100[39m[90m         [39m [90m0.28s[39m  
  [32;1m✓[39;22m[90m [39m[90mFilament ProviderResource integrates with ProviderPolicy for create action @ repetition 1 of 100[39m[90m            [39m [90m0.25s[39m  
  [32;1m✓[39;22m[90m [39m[90mFilament ProviderResource integrates with ProviderPolicy for create action @ repetition 2 of 100[39m[90m            [39m [90m0.29s[39m  
  [32;1m✓[39;22m[90m [39m[90mFilament ProviderResource integrates with ProviderPolicy for create action @ repetition 3 of 100[39m[90m            [39m [90m0.21s[39m  
  [32;1m✓[39;22m[90m [39m[90mFilament ProviderResource integrates with ProviderPolicy for create action @ repetition 4 of 100[39m[90m            [39m [90m0.24s[39m  
  [32;1m✓[39;22m[90m [39m[90mFilament ProviderResource integrates with ProviderPolicy for create action @ repetition 5 of 100[39m[90m            [39m [90m0.22s[39m  
  [32;1m✓[39;22m[90m [39m[90mFilament ProviderResource integrates with ProviderPolicy for create action @ repetition 6 of 100[39m[90m            [39m [90m0.19s[39m  
  [32;1m✓[39;22m[90m [39m[90mFilament ProviderResource integrates with ProviderPolicy for create action @ repetition 7 of 100[39m[90m            [39m [90m0.21s[39m  
  [32;1m✓[39;22m[90m [39m[90mFilament ProviderResource integrates with ProviderPolicy for create action @ repetition 8 of 100[39m[90m            [39m [90m0.51s[39m  
  [32;1m✓[39;22m[90m [39m[90mFilament ProviderResource integrates with ProviderPolicy for create action @ repetition 9 of 100[39m[90m            [39m [90m0.28s[39m  
  [32;1m✓[39;22m[90m [39m[90mFilament ProviderResource integrates with ProviderPolicy for create action @ repetition 10 of 100[39m[90m           [39m [90m0.30s[39m  
  [32;1m✓[39;22m[90m [39m[90mFilament ProviderResource integrates with ProviderPolicy for create action @ repetition 11 of 100[39m[90m           [39m [90m0.35s[39m  
  [32;1m✓[39;22m[90m [39m[90mFilament ProviderResource integrates with ProviderPolicy for create action @ repetition 12 of 100[39m[90m           [39m [90m0.28s[39m  
  [32;1m✓[39;22m[90m [39m[90mFilament ProviderResource integrates with ProviderPolicy for create action @ repetition 13 of 100[39m[90m           [39m [90m0.29s[39m  
  [32;1m✓[39;22m[90m [39m[90mFilament ProviderResource integrates with ProviderPolicy for create action @ repetition 14 of 100[39m[90m           [39m [90m0.23s[39m  
  [32;1m✓[39;22m[90m [39m[90mFilament ProviderResource integrates with ProviderPolicy for create action @ repetition 15 of 100[39m[90m           [39m [90m0.25s[39m  
  [32;1m✓[39;22m[90m [39m[90mFilament ProviderResource integrates with ProviderPolicy for create action @ repetition 16 of 100[39m[90m           [39m [90m0.70s[39m  
  [32;1m✓[39;22m[90m [39m[90mFilament ProviderResource integrates with ProviderPolicy for create action @ repetition 17 of 100[39m[90m           [39m [90m0.21s[39m  
  [32;1m✓[39;22m[90m [39m[90mFilament ProviderResource integrates with ProviderPolicy for create action @ repetition 18 of 100[39m[90m           [39m [90m0.25s[39m  
  [32;1m✓[39;22m[90m [39m[90mFilament ProviderResource integrates with ProviderPolicy for create action @ repetition 19 of 100[39m[90m           [39m [90m0.22s[39m  
  [32;1m✓[39;22m[90m [39m[90mFilament ProviderResource integrates with ProviderPolicy for create action @ repetition 20 of 100[39m[90m           [39m [90m0.28s[39m  
  [32;1m✓[39;22m[90m [39m[90mFilament ProviderResource integrates with ProviderPolicy for create action @ repetition 21 of 100[39m[90m           [39m [90m0.28s[39m  
  [32;1m✓[39;22m[90m [39m[90mFilament ProviderResource integrates with ProviderPolicy for create action @ repetition 22 of 100[39m[90m           [39m [90m0.28s[39m  
  [32;1m✓[39;22m[90m [39m[90mFilament ProviderResource integrates with ProviderPolicy for create action @ repetition 23 of 100[39m[90m           [39m [90m0.28s[39m  
  [32;1m✓[39;22m[90m [39m[90mFilament ProviderResource integrates with ProviderPolicy for create action @ repetition 24 of 100[39m[90m           [39m [90m0.72s[39m  
  [32;1m✓[39;22m[90m [39m[90mFilament ProviderResource integrates with ProviderPolicy for create action @ repetition 25 of 100[39m[90m           [39m [90m0.31s[39m  
  [32;1m✓[39;22m[90m [39m[90mFilament ProviderResource integrates with ProviderPolicy for create action @ repetition 26 of 100[39m[90m           [39m [90m0.34s[39m  
  [32;1m✓[39;22m[90m [39m[90mFilament ProviderResource integrates with ProviderPolicy for create action @ repetition 27 of 100[39m[90m           [39m [90m0.29s[39m  
  [32;1m✓[39;22m[90m [39m[90mFilament ProviderResource integrates with ProviderPolicy for create action @ repetition 28 of 100[39m[90m           [39m [90m0.25s[39m  
  [32;1m✓[39;22m[90m [39m[90mFilament ProviderResource integrates with ProviderPolicy for create action @ repetition 29 of 100[39m[90m           [39m [90m0.27s[39m  
  [32;1m✓[39;22m[90m [39m[90mFilament ProviderResource integrates with ProviderPolicy for create action @ repetition 30 of 100[39m[90m           [39m [90m0.32s[39m  
  [32;1m✓[39;22m[90m [39m[90mFilament ProviderResource integrates with ProviderPolicy for create action @ repetition 31 of 100[39m[90m           [39m [90m0.23s[39m  
  [32;1m✓[39;22m[90m [39m[90mFilament ProviderResource integrates with ProviderPolicy for create action @ repetition 32 of 100[39m[90m           [39m [90m0.71s[39m  
  [32;1m✓[39;22m[90m [39m[90mFilament ProviderResource integrates with ProviderPolicy for create action @ repetition 33 of 100[39m[90m           [39m [90m0.30s[39m  
  [32;1m✓[39;22m[90m [39m[90mFilament ProviderResource integrates with ProviderPolicy for create action @ repetition 34 of 100[39m[90m           [39m [90m0.25s[39m  
  [32;1m✓[39;22m[90m [39m[90mFilament ProviderResource integrates with ProviderPolicy for create action @ repetition 35 of 100[39m[90m           [39m [90m0.32s[39m  
  [32;1m✓[39;22m[90m [39m[90mFilament ProviderResource integrates with ProviderPolicy for create action @ repetition 36 of 100[39m[90m           [39m [90m0.32s[39m  
  [32;1m✓[39;22m[90m [39m[90mFilament ProviderResource integrates with ProviderPolicy for create action @ repetition 37 of 100[39m[90m           [39m [90m0.37s[39m  
  [32;1m✓[39;22m[90m [39m[90mFilament ProviderResource integrates with ProviderPolicy for create action @ repetition 38 of 100[39m[90m           [39m [90m0.34s[39m  
  [32;1m✓[39;22m[90m [39m[90mFilament ProviderResource integrates with ProviderPolicy for create action @ repetition 39 of 100[39m[90m           [39m [90m0.29s[39m  
  [32;1m✓[39;22m[90m [39m[90mFilament ProviderResource integrates with ProviderPolicy for create action @ repetition 40 of 100[39m[90m           [39m [90m0.74s[39m  
  [32;1m✓[39;22m[90m [39m[90mFilament ProviderResource integrates with ProviderPolicy for create action @ repetition 41 of 100[39m[90m           [39m [90m0.25s[39m  
  [32;1m✓[39;22m[90m [39m[90mFilament ProviderResource integrates with ProviderPolicy for create action @ repetition 42 of 100[39m[90m           [39m [90m0.31s[39m  
  [32;1m✓[39;22m[90m [39m[90mFilament ProviderResource integrates with ProviderPolicy for create action @ repetition 43 of 100[39m[90m           [39m [90m0.31s[39m  
  [32;1m✓[39;22m[90m [39m[90mFilament ProviderResource integrates with ProviderPolicy for create action @ repetition 44 of 100[39m[90m           [39m [90m0.32s[39m  
  [32;1m✓[39;22m[90m [39m[90mFilament ProviderResource integrates with ProviderPolicy for create action @ repetition 45 of 100[39m[90m           [39m [90m0.27s[39m  
  [32;1m✓[39;22m[90m [39m[90mFilament ProviderResource integrates with ProviderPolicy for create action @ repetition 46 of 100[39m[90m           [39m [90m0.25s[39m  
  [32;1m✓[39;22m[90m [39m[90mFilament ProviderResource integrates with ProviderPolicy for create action @ repetition 47 of 100[39m[90m           [39m [90m0.24s[39m  
  [32;1m✓[39;22m[90m [39m[90mFilament ProviderResource integrates with ProviderPolicy for create action @ repetition 48 of 100[39m[90m           [39m [90m0.74s[39m  
  [32;1m✓[39;22m[90m [39m[90mFilament ProviderResource integrates with ProviderPolicy for create action @ repetition 49 of 100[39m[90m           [39m [90m0.31s[39m  
  [32;1m✓[39;22m[90m [39m[90mFilament ProviderResource integrates with ProviderPolicy for create action @ repetition 50 of 100[39m[90m           [39m [90m0.27s[39m  
  [32;1m✓[39;22m[90m [39m[90mFilament ProviderResource integrates with ProviderPolicy for create action @ repetition 51 of 100[39m[90m           [39m [90m0.25s[39m  
  [32;1m✓[39;22m[90m [39m[90mFilament ProviderResource integrates with ProviderPolicy for create action @ repetition 52 of 100[39m[90m           [39m [90m0.29s[39m  
  [32;1m✓[39;22m[90m [39m[90mFilament ProviderResource integrates with ProviderPolicy for create action @ repetition 53 of 100[39m[90m           [39m [90m0.34s[39m  
  [32;1m✓[39;22m[90m [39m[90mFilament ProviderResource integrates with ProviderPolicy for create action @ repetition 54 of 100[39m[90m           [39m [90m0.32s[39m  
  [32;1m✓[39;22m[90m [39m[90mFilament ProviderResource integrates with ProviderPolicy for create action @ repetition 55 of 100[39m[90m           [39m [90m0.30s[39m  
  [32;1m✓[39;22m[90m [39m[90mFilament ProviderResource integrates with ProviderPolicy for create action @ repetition 56 of 100[39m[90m           [39m [90m0.83s[39m  
  [32;1m✓[39;22m[90m [39m[90mFilament ProviderResource integrates with ProviderPolicy for create action @ repetition 57 of 100[39m[90m           [39m [90m0.25s[39m  
  [32;1m✓[39;22m[90m [39m[90mFilament ProviderResource integrates with ProviderPolicy for create action @ repetition 58 of 100[39m[90m           [39m [90m0.29s[39m  
  [32;1m✓[39;22m[90m [39m[90mFilament ProviderResource integrates with ProviderPolicy for create action @ repetition 59 of 100[39m[90m           [39m [90m0.29s[39m  
  [32;1m✓[39;22m[90m [39m[90mFilament ProviderResource integrates with ProviderPolicy for create action @ repetition 60 of 100[39m[90m           [39m [90m0.28s[39m  
  [32;1m✓[39;22m[90m [39m[90mFilament ProviderResource integrates with ProviderPolicy for create action @ repetition 61 of 100[39m[90m           [39m [90m0.29s[39m  
  [32;1m✓[39;22m[90m [39m[90mFilament ProviderResource integrates with ProviderPolicy for create action @ repetition 62 of 100[39m[90m           [39m [90m0.29s[39m  
  [32;1m✓[39;22m[90m [39m[90mFilament ProviderResource integrates with ProviderPolicy for create action @ repetition 63 of 100[39m[90m           [39m [90m0.36s[39m  
  [32;1m✓[39;22m[90m [39m[90mFilament ProviderResource integrates with ProviderPolicy for create action @ repetition 64 of 100[39m[90m           [39m [90m0.76s[39m  
  [32;1m✓[39;22m[90m [39m[90mFilament ProviderResource integrates with ProviderPolicy for create action @ repetition 65 of 100[39m[90m           [39m [90m0.37s[39m  
  [32;1m✓[39;22m[90m [39m[90mFilament ProviderResource integrates with ProviderPolicy for create action @ repetition 66 of 100[39m[90m           [39m [90m0.30s[39m  
  [32;1m✓[39;22m[90m [39m[90mFilament ProviderResource integrates with ProviderPolicy for create action @ repetition 67 of 100[39m[90m           [39m [90m0.38s[39m  
  [32;1m✓[39;22m[90m [39m[90mFilament ProviderResource integrates with ProviderPolicy for create action @ repetition 68 of 100[39m[90m           [39m [90m0.33s[39m  
  [32;1m✓[39;22m[90m [39m[90mFilament ProviderResource integrates with ProviderPolicy for create action @ repetition 69 of 100[39m[90m           [39m [90m0.33s[39m  
  [32;1m✓[39;22m[90m [39m[90mFilament ProviderResource integrates with ProviderPolicy for create action @ repetition 70 of 100[39m[90m           [39m [90m0.30s[39m  
  [32;1m✓[39;22m[90m [39m[90mFilament ProviderResource integrates with ProviderPolicy for create action @ repetition 71 of 100[39m[90m           [39m [90m0.28s[39m  
  [32;1m✓[39;22m[90m [39m[90mFilament ProviderResource integrates with ProviderPolicy for create action @ repetition 72 of 100[39m[90m           [39m [90m0.78s[39m  
  [32;1m✓[39;22m[90m [39m[90mFilament ProviderResource integrates with ProviderPolicy for create action @ repetition 73 of 100[39m[90m           [39m [90m0.39s[39m  
  [32;1m✓[39;22m[90m [39m[90mFilament ProviderResource integrates with ProviderPolicy for create action @ repetition 74 of 100[39m[90m           [39m [90m0.24s[39m  
  [32;1m✓[39;22m[90m [39m[90mFilament ProviderResource integrates with ProviderPolicy for create action @ repetition 75 of 100[39m[90m           [39m [90m0.34s[39m  
  [32;1m✓[39;22m[90m [39m[90mFilament ProviderResource integrates with ProviderPolicy for create action @ repetition 76 of 100[39m[90m           [39m [90m0.36s[39m  
  [32;1m✓[39;22m[90m [39m[90mFilament ProviderResource integrates with ProviderPolicy for create action @ repetition 77 of 100[39m[90m           [39m [90m0.43s[39m  
  [32;1m✓[39;22m[90m [39m[90mFilament ProviderResource integrates with ProviderPolicy for create action @ repetition 78 of 100[39m[90m           [39m [90m0.30s[39m  
  [32;1m✓[39;22m[90m [39m[90mFilament ProviderResource integrates with ProviderPolicy for create action @ repetition 79 of 100[39m[90m           [39m [90m0.25s[39m  
  [32;1m✓[39;22m[90m [39m[90mFilament ProviderResource integrates with ProviderPolicy for create action @ repetition 80 of 100[39m[90m           [39m [90m0.79s[39m  
  [32;1m✓[39;22m[90m [39m[90mFilament ProviderResource integrates with ProviderPolicy for create action @ repetition 81 of 100[39m[90m           [39m [90m0.33s[39m  
  [32;1m✓[39;22m[90m [39m[90mFilament ProviderResource integrates with ProviderPolicy for create action @ repetition 82 of 100[39m[90m           [39m [90m0.37s[39m  
  [32;1m✓[39;22m[90m [39m[90mFilament ProviderResource integrates with ProviderPolicy for create action @ repetition 83 of 100[39m[90m           [39m [90m0.35s[39m  
  [32;1m✓[39;22m[90m [39m[90mFilament ProviderResource integrates with ProviderPolicy for create action @ repetition 84 of 100[39m[90m           [39m [90m0.27s[39m  
  [32;1m✓[39;22m[90m [39m[90mFilament ProviderResource integrates with ProviderPolicy for create action @ repetition 85 of 100[39m[90m           [39m [90m0.31s[39m  
  [32;1m✓[39;22m[90m [39m[90mFilament ProviderResource integrates with ProviderPolicy for create action @ repetition 86 of 100[39m[90m           [39m [90m0.36s[39m  
  [32;1m✓[39;22m[90m [39m[90mFilament ProviderResource integrates with ProviderPolicy for create action @ repetition 87 of 100[39m[90m           [39m [90m0.33s[39m  
  [32;1m✓[39;22m[90m [39m[90mFilament ProviderResource integrates with ProviderPolicy for create action @ repetition 88 of 100[39m[90m           [39m [90m0.84s[39m  
  [32;1m✓[39;22m[90m [39m[90mFilament ProviderResource integrates with ProviderPolicy for create action @ repetition 89 of 100[39m[90m           [39m [90m0.32s[39m  
  [32;1m✓[39;22m[90m [39m[90mFilament ProviderResource integrates with ProviderPolicy for create action @ repetition 90 of 100[39m[90m           [39m [90m0.32s[39m  
  [32;1m✓[39;22m[90m [39m[90mFilament ProviderResource integrates with ProviderPolicy for create action @ repetition 91 of 100[39m[90m           [39m [90m0.33s[39m  
  [32;1m✓[39;22m[90m [39m[90mFilament ProviderResource integrates with ProviderPolicy for create action @ repetition 92 of 100[39m[90m           [39m [90m0.42s[39m  
  [32;1m✓[39;22m[90m [39m[90mFilament ProviderResource integrates with ProviderPolicy for create action @ repetition 93 of 100[39m[90m           [39m [90m0.28s[39m  
  [32;1m✓[39;22m[90m [39m[90mFilament ProviderResource integrates with ProviderPolicy for create action @ repetition 94 of 100[39m[90m           [39m [90m0.34s[39m  
  [32;1m✓[39;22m[90m [39m[90mFilament ProviderResource integrates with ProviderPolicy for create action @ repetition 95 of 100[39m[90m           [39m [90m0.38s[39m  
  [32;1m✓[39;22m[90m [39m[90mFilament ProviderResource integrates with ProviderPolicy for create action @ repetition 96 of 100[39m[90m           [39m [90m0.85s[39m  
  [32;1m✓[39;22m[90m [39m[90mFilament ProviderResource integrates with ProviderPolicy for create action @ repetition 97 of 100[39m[90m           [39m [90m0.34s[39m  
  [32;1m✓[39;22m[90m [39m[90mFilament ProviderResource integrates with ProviderPolicy for create action @ repetition 98 of 100[39m[90m           [39m [90m0.43s[39m  
  [32;1m✓[39;22m[90m [39m[90mFilament ProviderResource integrates with ProviderPolicy for create action @ repetition 99 of 100[39m[90m           [39m [90m0.41s[39m  
  [32;1m✓[39;22m[90m [39m[90mFilament ProviderResource integrates with ProviderPolicy for create action @ repetition 100 of 100[39m[90m          [39m [90m0.30s[39m  
  [32;1m✓[39;22m[90m [39m[90mFilament resources integrate with policies for view action on specific records @ repetition 1 of 100[39m[90m        [39m [90m0.26s[39m  
  [32;1m✓[39;22m[90m [39m[90mFilament resources integrate with policies for view action on specific records @ repetition 2 of 100[39m[90m        [39m [90m0.32s[39m  
  [32;1m✓[39;22m[90m [39m[90mFilament resources integrate with policies for view action on specific records @ repetition 3 of 100[39m[90m        [39m [90m0.31s[39m  
  [32;1m✓[39;22m[90m [39m[90mFilament resources integrate with policies for view action on specific records @ repetition 4 of 100[39m[90m        [39m [90m0.32s[39m  
  [32;1m✓[39;22m[90m [39m[90mFilament resources integrate with policies for view action on specific records @ repetition 5 of 100[39m[90m        [39m [90m0.29s[39m  
  [32;1m✓[39;22m[90m [39m[90mFilament resources integrate with policies for view action on specific records @ repetition 6 of 100[39m[90m        [39m [90m0.32s[39m  
  [32;1m✓[39;22m[90m [39m[90mFilament resources integrate with policies for view action on specific records @ repetition 7 of 100[39m[90m        [39m [90m0.82s[39m  
  [32;1m✓[39;22m[90m [39m[90mFilament resources integrate with policies for view action on specific records @ repetition 8 of 100[39m[90m        [39m [90m0.31s[39m  
  [32;1m✓[39;22m[90m [39m[90mFilament resources integrate with policies for view action on specific records @ repetition 9 of 100[39m[90m        [39m [90m0.25s[39m  
  [32;1m✓[39;22m[90m [39m[90mFilament resources integrate with policies for view action on specific records @ repetition 10 of 100[39m[90m       [39m [90m0.25s[39m  
  [32;1m✓[39;22m[90m [39m[90mFilament resources integrate with policies for view action on specific records @ repetition 11 of 100[39m[90m       [39m [90m0.29s[39m  
  [32;1m✓[39;22m[90m [39m[90mFilament resources integrate with policies for view action on specific records @ repetition 12 of 100[39m[90m       [39m [90m0.35s[39m  
  [32;1m✓[39;22m[90m [39m[90mFilament resources integrate with policies for view action on specific records @ repetition 13 of 100[39m[90m       [39m [90m0.44s[39m  
  [32;1m✓[39;22m[90m [39m[90mFilament resources integrate with policies for view action on specific records @ repetition 14 of 100[39m[90m       [39m [90m0.34s[39m  
  [32;1m✓[39;22m[90m [39m[90mFilament resources integrate with policies for view action on specific records @ repetition 15 of 100[39m[90m       [39m [90m0.86s[39m  
  [32;1m✓[39;22m[90m [39m[90mFilament resources integrate with policies for view action on specific records @ repetition 16 of 100[39m[90m       [39m [90m0.40s[39m  
  [32;1m✓[39;22m[90m [39m[90mFilament resources integrate with policies for view action on specific records @ repetition 17 of 100[39m[90m       [39m [90m0.35s[39m  
  [32;1m✓[39;22m[90m [39m[90mFilament resources integrate with policies for view action on specific records @ repetition 18 of 100[39m[90m       [39m [90m0.33s[39m  
  [32;1m✓[39;22m[90m [39m[90mFilament resources integrate with policies for view action on specific records @ repetition 19 of 100[39m[90m       [39m [90m0.26s[39m  
  [32;1m✓[39;22m[90m [39m[90mFilament resources integrate with policies for view action on specific records @ repetition 20 of 100[39m[90m       [39m [90m0.36s[39m  
  [32;1m✓[39;22m[90m [39m[90mFilament resources integrate with policies for view action on specific records @ repetition 21 of 100[39m[90m       [39m [90m0.34s[39m  
  [32;1m✓[39;22m[90m [39m[90mFilament resources integrate with policies for view action on specific records @ repetition 22 of 100[39m[90m       [39m [90m0.40s[39m  
  [32;1m✓[39;22m[90m [39m[90mFilament resources integrate with policies for view action on specific records @ repetition 23 of 100[39m[90m       [39m [90m0.92s[39m  
  [32;1m✓[39;22m[90m [39m[90mFilament resources integrate with policies for view action on specific records @ repetition 24 of 100[39m[90m       [39m [90m0.36s[39m  
  [32;1m✓[39;22m[90m [39m[90mFilament resources integrate with policies for view action on specific records @ repetition 25 of 100[39m[90m       [39m [90m0.32s[39m  
  [32;1m✓[39;22m[90m [39m[90mFilament resources integrate with policies for view action on specific records @ repetition 26 of 100[39m[90m       [39m [90m0.37s[39m  
  [32;1m✓[39;22m[90m [39m[90mFilament resources integrate with policies for view action on specific records @ repetition 27 of 100[39m[90m       [39m [90m0.28s[39m  
  [32;1m✓[39;22m[90m [39m[90mFilament resources integrate with policies for view action on specific records @ repetition 28 of 100[39m[90m       [39m [90m0.36s[39m  
  [32;1m✓[39;22m[90m [39m[90mFilament resources integrate with policies for view action on specific records @ repetition 29 of 100[39m[90m       [39m [90m0.31s[39m  
  [32;1m✓[39;22m[90m [39m[90mFilament resources integrate with policies for view action on specific records @ repetition 30 of 100[39m[90m       [39m [90m0.32s[39m  
  [32;1m✓[39;22m[90m [39m[90mFilament resources integrate with policies for view action on specific records @ repetition 31 of 100[39m[90m       [39m [90m0.97s[39m  
  [32;1m✓[39;22m[90m [39m[90mFilament resources integrate with policies for view action on specific records @ repetition 32 of 100[39m[90m       [39m [90m0.39s[39m  
  [32;1m✓[39;22m[90m [39m[90mFilament resources integrate with policies for view action on specific records @ repetition 33 of 100[39m[90m       [39m [90m0.43s[39m  
  [32;1m✓[39;22m[90m [39m[90mFilament resources integrate with policies for view action on specific records @ repetition 34 of 100[39m[90m       [39m [90m0.32s[39m  
  [32;1m✓[39;22m[90m [39m[90mFilament resources integrate with policies for view action on specific records @ repetition 35 of 100[39m[90m       [39m [90m0.34s[39m  
  [32;1m✓[39;22m[90m [39m[90mFilament resources integrate with policies for view action on specific records @ repetition 36 of 100[39m[90m       [39m [90m0.30s[39m  
  [32;1m✓[39;22m[90m [39m[90mFilament resources integrate with policies for view action on specific records @ repetition 37 of 100[39m[90m       [39m [90m0.31s[39m  
  [32;1m✓[39;22m[90m [39m[90mFilament resources integrate with policies for view action on specific records @ repetition 38 of 100[39m[90m       [39m [90m0.30s[39m  
  [32;1m✓[39;22m[90m [39m[90mFilament resources integrate with policies for view action on specific records @ repetition 39 of 100[39m[90m       [39m [90m0.88s[39m  
  [32;1m✓[39;22m[90m [39m[90mFilament resources integrate with policies for view action on specific records @ repetition 40 of 100[39m[90m       [39m [90m0.34s[39m  
  [32;1m✓[39;22m[90m [39m[90mFilament resources integrate with policies for view action on specific records @ repetition 41 of 100[39m[90m       [39m [90m0.33s[39m  
  [32;1m✓[39;22m[90m [39m[90mFilament resources integrate with policies for view action on specific records @ repetition 42 of 100[39m[90m       [39m [90m0.25s[39m  
  [32;1m✓[39;22m[90m [39m[90mFilament resources integrate with policies for view action on specific records @ repetition 43 of 100[39m[90m       [39m [90m0.30s[39m  
  [32;1m✓[39;22m[90m [39m[90mFilament resources integrate with policies for view action on specific records @ repetition 44 of 100[39m[90m       [39m [90m0.34s[39m  
  [32;1m✓[39;22m[90m [39m[90mFilament resources integrate with policies for view action on specific records @ repetition 45 of 100[39m[90m       [39m [90m0.28s[39m  
  [32;1m✓[39;22m[90m [39m[90mFilament resources integrate with policies for view action on specific records @ repetition 46 of 100[39m[90m       [39m [90m0.28s[39m  
  [32;1m✓[39;22m[90m [39m[90mFilament resources integrate with policies for view action on specific records @ repetition 47 of 100[39m[90m       [39m [90m1.01s[39m  
  [32;1m✓[39;22m[90m [39m[90mFilament resources integrate with policies for view action on specific records @ repetition 48 of 100[39m[90m       [39m [90m0.29s[39m  
  [32;1m✓[39;22m[90m [39m[90mFilament resources integrate with policies for view action on specific records @ repetition 49 of 100[39m[90m       [39m [90m0.26s[39m  
  [32;1m✓[39;22m[90m [39m[90mFilament resources integrate with policies for view action on specific records @ repetition 50 of 100[39m[90m       [39m [90m0.36s[39m  
  [32;1m✓[39;22m[90m [39m[90mFilament resources integrate with policies for view action on specific records @ repetition 51 of 100[39m[90m       [39m [90m0.30s[39m  
  [32;1m✓[39;22m[90m [39m[90mFilament resources integrate with policies for view action on specific records @ repetition 52 of 100[39m[90m       [39m [90m0.33s[39m  
  [32;1m✓[39;22m[90m [39m[90mFilament resources integrate with policies for view action on specific records @ repetition 53 of 100[39m[90m       [39m [90m0.30s[39m  
  [32;1m✓[39;22m[90m [39m[90mFilament resources integrate with policies for view action on specific records @ repetition 54 of 100[39m[90m       [39m [90m0.32s[39m  
  [32;1m✓[39;22m[90m [39m[90mFilament resources integrate with policies for view action on specific records @ repetition 55 of 100[39m[90m       [39m [90m0.82s[39m  
  [32;1m✓[39;22m[90m [39m[90mFilament resources integrate with policies for view action on specific records @ repetition 56 of 100[39m[90m       [39m [90m0.27s[39m  
  [32;1m✓[39;22m[90m [39m[90mFilament resources integrate with policies for view action on specific records @ repetition 57 of 100[39m[90m       [39m [90m0.30s[39m  
  [32;1m✓[39;22m[90m [39m[90mFilament resources integrate with policies for view action on specific records @ repetition 58 of 100[39m[90m       [39m [90m0.30s[39m  
  [32;1m✓[39;22m[90m [39m[90mFilament resources integrate with policies for view action on specific records @ repetition 59 of 100[39m[90m       [39m [90m0.31s[39m  
  [32;1m✓[39;22m[90m [39m[90mFilament resources integrate with policies for view action on specific records @ repetition 60 of 100[39m[90m       [39m [90m0.29s[39m  
  [32;1m✓[39;22m[90m [39m[90mFilament resources integrate with policies for view action on specific records @ repetition 61 of 100[39m[90m       [39m [90m0.28s[39m  
  [32;1m✓[39;22m[90m [39m[90mFilament resources integrate with policies for view action on specific records @ repetition 62 of 100[39m[90m       [39m [90m0.34s[39m  
  [32;1m✓[39;22m[90m [39m[90mFilament resources integrate with policies for view action on specific records @ repetition 63 of 100[39m[90m       [39m [90m0.81s[39m  
  [32;1m✓[39;22m[90m [39m[90mFilament resources integrate with policies for view action on specific records @ repetition 64 of 100[39m[90m       [39m [90m0.31s[39m  
  [32;1m✓[39;22m[90m [39m[90mFilament resources integrate with policies for view action on specific records @ repetition 65 of 100[39m[90m       [39m [90m0.31s[39m  
  [32;1m✓[39;22m[90m [39m[90mFilament resources integrate with policies for view action on specific records @ repetition 66 of 100[39m[90m       [39m [90m0.23s[39m  
  [32;1m✓[39;22m[90m [39m[90mFilament resources integrate with policies for view action on specific records @ repetition 67 of 100[39m[90m       [39m [90m0.24s[39m  
  [32;1m✓[39;22m[90m [39m[90mFilament resources integrate with policies for view action on specific records @ repetition 68 of 100[39m[90m       [39m [90m0.30s[39m  
  [32;1m✓[39;22m[90m [39m[90mFilament resources integrate with policies for view action on specific records @ repetition 69 of 100[39m[90m       [39m [90m0.24s[39m  
  [32;1m✓[39;22m[90m [39m[90mFilament resources integrate with policies for view action on specific records @ repetition 70 of 100[39m[90m       [39m [90m0.24s[39m  
  [32;1m✓[39;22m[90m [39m[90mFilament resources integrate with policies for view action on specific records @ repetition 71 of 100[39m[90m       [39m [90m0.75s[39m  
  [32;1m✓[39;22m[90m [39m[90mFilament resources integrate with policies for view action on specific records @ repetition 72 of 100[39m[90m       [39m [90m0.28s[39m  
  [32;1m✓[39;22m[90m [39m[90mFilament resources integrate with policies for view action on specific records @ repetition 73 of 100[39m[90m       [39m [90m0.24s[39m  
  [32;1m✓[39;22m[90m [39m[90mFilament resources integrate with policies for view action on specific records @ repetition 74 of 100[39m[90m       [39m [90m0.27s[39m  
  [32;1m✓[39;22m[90m [39m[90mFilament resources integrate with policies for view action on specific records @ repetition 75 of 100[39m[90m       [39m [90m0.26s[39m  
  [32;1m✓[39;22m[90m [39m[90mFilament resources integrate with policies for view action on specific records @ repetition 76 of 100[39m[90m       [39m [90m0.24s[39m  
  [32;1m✓[39;22m[90m [39m[90mFilament resources integrate with policies for view action on specific records @ repetition 77 of 100[39m[90m       [39m [90m0.25s[39m  
  [32;1m✓[39;22m[90m [39m[90mFilament resources integrate with policies for view action on specific records @ repetition 78 of 100[39m[90m       [39m [90m0.27s[39m  
  [32;1m✓[39;22m[90m [39m[90mFilament resources integrate with policies for view action on specific records @ repetition 79 of 100[39m[90m       [39m [90m0.74s[39m  
  [32;1m✓[39;22m[90m [39m[90mFilament resources integrate with policies for view action on specific records @ repetition 80 of 100[39m[90m       [39m [90m0.32s[39m  
  [32;1m✓[39;22m[90m [39m[90mFilament resources integrate with policies for view action on specific records @ repetition 81 of 100[39m[90m       [39m [90m0.29s[39m  
  [32;1m✓[39;22m[90m [39m[90mFilament resources integrate with policies for view action on specific records @ repetition 82 of 100[39m[90m       [39m [90m0.25s[39m  
  [32;1m✓[39;22m[90m [39m[90mFilament resources integrate with policies for view action on specific records @ repetition 83 of 100[39m[90m       [39m [90m0.24s[39m  
  [32;1m✓[39;22m[90m [39m[90mFilament resources integrate with policies for view action on specific records @ repetition 84 of 100[39m[90m       [39m [90m0.21s[39m  
  [32;1m✓[39;22m[90m [39m[90mFilament resources integrate with policies for view action on specific records @ repetition 85 of 100[39m[90m       [39m [90m0.20s[39m  
  [32;1m✓[39;22m[90m [39m[90mFilament resources integrate with policies for view action on specific records @ repetition 86 of 100[39m[90m       [39m [90m0.18s[39m  
  [32;1m✓[39;22m[90m [39m[90mFilament resources integrate with policies for view action on specific records @ repetition 87 of 100[39m[90m       [39m [90m0.68s[39m  
  [32;1m✓[39;22m[90m [39m[90mFilament resources integrate with policies for view action on specific records @ repetition 88 of 100[39m[90m       [39m [90m0.30s[39m  
  [32;1m✓[39;22m[90m [39m[90mFilament resources integrate with policies for view action on specific records @ repetition 89 of 100[39m[90m       [39m [90m0.22s[39m  
  [32;1m✓[39;22m[90m [39m[90mFilament resources integrate with policies for view action on specific records @ repetition 90 of 100[39m[90m       [39m [90m0.25s[39m  
  [32;1m✓[39;22m[90m [39m[90mFilament resources integrate with policies for view action on specific records @ repetition 91 of 100[39m[90m       [39m [90m0.27s[39m  
  [32;1m✓[39;22m[90m [39m[90mFilament resources integrate with policies for view action on specific records @ repetition 92 of 100[39m[90m       [39m [90m0.24s[39m  
  [32;1m✓[39;22m[90m [39m[90mFilament resources integrate with policies for view action on specific records @ repetition 93 of 100[39m[90m       [39m [90m0.23s[39m  
  [32;1m✓[39;22m[90m [39m[90mFilament resources integrate with policies for view action on specific records @ repetition 94 of 100[39m[90m       [39m [90m0.28s[39m  
  [32;1m✓[39;22m[90m [39m[90mFilament resources integrate with policies for view action on specific records @ repetition 95 of 100[39m[90m       [39m [90m0.73s[39m  
  [32;1m✓[39;22m[90m [39m[90mFilament resources integrate with policies for view action on specific records @ repetition 96 of 100[39m[90m       [39m [90m0.25s[39m  
  [32;1m✓[39;22m[90m [39m[90mFilament resources integrate with policies for view action on specific records @ repetition 97 of 100[39m[90m       [39m [90m0.23s[39m  
  [32;1m✓[39;22m[90m [39m[90mFilament resources integrate with policies for view action on specific records @ repetition 98 of 100[39m[90m       [39m [90m0.27s[39m  
  [32;1m✓[39;22m[90m [39m[90mFilament resources integrate with policies for view action on specific records @ repetition 99 of 100[39m[90m       [39m [90m0.27s[39m  
  [32;1m✓[39;22m[90m [39m[90mFilament resources integrate with policies for view action on specific records @ repetition 100 of 100[39m[90m      [39m [90m0.27s[39m  
  [31;1m⨯[39;22m[90m [39m[90mFilament resources integrate with policies for update action on specific records @ repetition 1 of 100[39m[90m      [39m [90m0.27s[39m  
  [31;1m⨯[39;22m[90m [39m[90mFilament resources integrate with policies for update action on specific records @ repetition 2 of 100[39m[90m      [39m [90m0.30s[39m  
  [31;1m⨯[39;22m[90m [39m[90mFilament resources integrate with policies for update action on specific records @ repetition 3 of 100[39m[90m      [39m [90m0.26s[39m  
  [31;1m⨯[39;22m[90m [39m[90mFilament resources integrate with policies for update action on specific records @ repetition 4 of 100[39m[90m      [39m [90m0.25s[39m  
  [31;1m⨯[39;22m[90m [39m[90mFilament resources integrate with policies for update action on specific records @ repetition 5 of 100[39m[90m      [39m [90m0.21s[39m  
  [31;1m⨯[39;22m[90m [39m[90mFilament resources integrate with policies for update action on specific records @ repetition 6 of 100[39m[90m      [39m [90m0.50s[39m  
  [31;1m⨯[39;22m[90m [39m[90mFilament resources integrate with policies for update action on specific records @ repetition 7 of 100[39m[90m      [39m [90m0.20s[39m  
  [31;1m⨯[39;22m[90m [39m[90mFilament resources integrate with policies for update action on specific records @ repetition 8 of 100[39m[90m      [39m [90m0.17s[39m  
  [31;1m⨯[39;22m[90m [39m[90mFilament resources integrate with policies for update action on specific records @ repetition 9 of 100[39m[90m      [39m [90m0.28s[39m  
  [31;1m⨯[39;22m[90m [39m[90mFilament resources integrate with policies for update action on specific records @ repetition 10 of 100[39m[90m     [39m [90m0.23s[39m  
  [31;1m⨯[39;22m[90m [39m[90mFilament resources integrate with policies for update action on specific records @ repetition 11 of 100[39m[90m     [39m [90m0.19s[39m  
  [31;1m⨯[39;22m[90m [39m[90mFilament resources integrate with policies for update action on specific records @ repetition 12 of 100[39m[90m     [39m [90m0.22s[39m  
  [31;1m⨯[39;22m[90m [39m[90mFilament resources integrate with policies for update action on specific records @ repetition 13 of 100[39m[90m     [39m [90m0.23s[39m  
  [31;1m⨯[39;22m[90m [39m[90mFilament resources integrate with policies for update action on specific records @ repetition 14 of 100[39m[90m     [39m [90m0.60s[39m  
  [31;1m⨯[39;22m[90m [39m[90mFilament resources integrate with policies for update action on specific records @ repetition 15 of 100[39m[90m     [39m [90m0.21s[39m  
  [31;1m⨯[39;22m[90m [39m[90mFilament resources integrate with policies for update action on specific records @ repetition 16 of 100[39m[90m     [39m [90m0.22s[39m  
  [31;1m⨯[39;22m[90m [39m[90mFilament resources integrate with policies for update action on specific records @ repetition 17 of 100[39m[90m     [39m [90m0.24s[39m  
  [31;1m⨯[39;22m[90m [39m[90mFilament resources integrate with policies for update action on specific records @ repetition 18 of 100[39m[90m     [39m [90m0.24s[39m  
  [31;1m⨯[39;22m[90m [39m[90mFilament resources integrate with policies for update action on specific records @ repetition 19 of 100[39m[90m     [39m [90m0.22s[39m  
  [31;1m⨯[39;22m[90m [39m[90mFilament resources integrate with policies for update action on specific records @ repetition 20 of 100[39m[90m     [39m [90m0.19s[39m  
  [31;1m⨯[39;22m[90m [39m[90mFilament resources integrate with policies for update action on specific records @ repetition 21 of 100[39m[90m     [39m [90m0.20s[39m  
  [31;1m⨯[39;22m[90m [39m[90mFilament resources integrate with policies for update action on specific records @ repetition 22 of 100[39m[90m     [39m [90m0.61s[39m  
  [31;1m⨯[39;22m[90m [39m[90mFilament resources integrate with policies for update action on specific records @ repetition 23 of 100[39m[90m     [39m [90m0.22s[39m  
  [31;1m⨯[39;22m[90m [39m[90mFilament resources integrate with policies for update action on specific records @ repetition 24 of 100[39m[90m     [39m [90m0.21s[39m  
  [31;1m⨯[39;22m[90m [39m[90mFilament resources integrate with policies for update action on specific records @ repetition 25 of 100[39m[90m     [39m [90m0.22s[39m  
  [31;1m⨯[39;22m[90m [39m[90mFilament resources integrate with policies for update action on specific records @ repetition 26 of 100[39m[90m     [39m [90m0.18s[39m  
  [31;1m⨯[39;22m[90m [39m[90mFilament resources integrate with policies for update action on specific records @ repetition 27 of 100[39m[90m     [39m [90m0.21s[39m  
  [31;1m⨯[39;22m[90m [39m[90mFilament resources integrate with policies for update action on specific records @ repetition 28 of 100[39m[90m     [39m [90m0.25s[39m  
  [31;1m⨯[39;22m[90m [39m[90mFilament resources integrate with policies for update action on specific records @ repetition 29 of 100[39m[90m     [39m [90m0.24s[39m  
  [31;1m⨯[39;22m[90m [39m[90mFilament resources integrate with policies for update action on specific records @ repetition 30 of 100[39m[90m     [39m [90m0.60s[39m  
  [31;1m⨯[39;22m[90m [39m[90mFilament resources integrate with policies for update action on specific records @ repetition 31 of 100[39m[90m     [39m [90m0.23s[39m  
  [31;1m⨯[39;22m[90m [39m[90mFilament resources integrate with policies for update action on specific records @ repetition 32 of 100[39m[90m     [39m [90m0.23s[39m  
  [31;1m⨯[39;22m[90m [39m[90mFilament resources integrate with policies for update action on specific records @ repetition 33 of 100[39m[90m     [39m [90m0.23s[39m  
  [31;1m⨯[39;22m[90m [39m[90mFilament resources integrate with policies for update action on specific records @ repetition 34 of 100[39m[90m     [39m [90m0.22s[39m  
  [31;1m⨯[39;22m[90m [39m[90mFilament resources integrate with policies for update action on specific records @ repetition 35 of 100[39m[90m     [39m [90m0.19s[39m  
  [31;1m⨯[39;22m[90m [39m[90mFilament resources integrate with policies for update action on specific records @ repetition 36 of 100[39m[90m     [39m [90m0.18s[39m  
  [31;1m⨯[39;22m[90m [39m[90mFilament resources integrate with policies for update action on specific records @ repetition 37 of 100[39m[90m     [39m [90m0.13s[39m  
  [31;1m⨯[39;22m[90m [39m[90mFilament resources integrate with policies for update action on specific records @ repetition 38 of 100[39m[90m     [39m [90m0.59s[39m  
  [31;1m⨯[39;22m[90m [39m[90mFilament resources integrate with policies for update action on specific records @ repetition 39 of 100[39m[90m     [39m [90m0.20s[39m  
  [31;1m⨯[39;22m[90m [39m[90mFilament resources integrate with policies for update action on specific records @ repetition 40 of 100[39m[90m     [39m [90m0.26s[39m  
  [31;1m⨯[39;22m[90m [39m[90mFilament resources integrate with policies for update action on specific records @ repetition 41 of 100[39m[90m     [39m [90m0.23s[39m  
  [31;1m⨯[39;22m[90m [39m[90mFilament resources integrate with policies for update action on specific records @ repetition 42 of 100[39m[90m     [39m [90m0.25s[39m  
  [31;1m⨯[39;22m[90m [39m[90mFilament resources integrate with policies for update action on specific records @ repetition 43 of 100[39m[90m     [39m [90m0.23s[39m  
  [31;1m⨯[39;22m[90m [39m[90mFilament resources integrate with policies for update action on specific records @ repetition 44 of 100[39m[90m     [39m [90m0.27s[39m  
  [31;1m⨯[39;22m[90m [39m[90mFilament resources integrate with policies for update action on specific records @ repetition 45 of 100[39m[90m     [39m [90m0.23s[39m  
  [31;1m⨯[39;22m[90m [39m[90mFilament resources integrate with policies for update action on specific records @ repetition 46 of 100[39m[90m     [39m [90m0.63s[39m  
  [31;1m⨯[39;22m[90m [39m[90mFilament resources integrate with policies for update action on specific records @ repetition 47 of 100[39m[90m     [39m [90m0.24s[39m  
  [31;1m⨯[39;22m[90m [39m[90mFilament resources integrate with policies for update action on specific records @ repetition 48 of 100[39m[90m     [39m [90m0.27s[39m  
  [31;1m⨯[39;22m[90m [39m[90mFilament resources integrate with policies for update action on specific records @ repetition 49 of 100[39m[90m     [39m [90m0.25s[39m  
  [31;1m⨯[39;22m[90m [39m[90mFilament resources integrate with policies for update action on specific records @ repetition 50 of 100[39m[90m     [39m [90m0.20s[39m  
  [31;1m⨯[39;22m[90m [39m[90mFilament resources integrate with policies for update action on specific records @ repetition 51 of 100[39m[90m     [39m [90m0.22s[39m  
  [31;1m⨯[39;22m[90m [39m[90mFilament resources integrate with policies for update action on specific records @ repetition 52 of 100[39m[90m     [39m [90m0.23s[39m  
  [31;1m⨯[39;22m[90m [39m[90mFilament resources integrate with policies for update action on specific records @ repetition 53 of 100[39m[90m     [39m [90m0.22s[39m  
  [31;1m⨯[39;22m[90m [39m[90mFilament resources integrate with policies for update action on specific records @ repetition 54 of 100[39m[90m     [39m [90m0.69s[39m  
  [31;1m⨯[39;22m[90m [39m[90mFilament resources integrate with policies for update action on specific records @ repetition 55 of 100[39m[90m     [39m [90m0.23s[39m  
  [31;1m⨯[39;22m[90m [39m[90mFilament resources integrate with policies for update action on specific records @ repetition 56 of 100[39m[90m     [39m [90m0.24s[39m  
  [31;1m⨯[39;22m[90m [39m[90mFilament resources integrate with policies for update action on specific records @ repetition 57 of 100[39m[90m     [39m [90m0.21s[39m  
  [31;1m⨯[39;22m[90m [39m[90mFilament resources integrate with policies for update action on specific records @ repetition 58 of 100[39m[90m     [39m [90m0.21s[39m  
  [31;1m⨯[39;22m[90m [39m[90mFilament resources integrate with policies for update action on specific records @ repetition 59 of 100[39m[90m     [39m [90m0.21s[39m  
  [31;1m⨯[39;22m[90m [39m[90mFilament resources integrate with policies for update action on specific records @ repetition 60 of 100[39m[90m     [39m [90m0.23s[39m  
  [31;1m⨯[39;22m[90m [39m[90mFilament resources integrate with policies for update action on specific records @ repetition 61 of 100[39m[90m     [39m [90m0.19s[39m  
  [31;1m⨯[39;22m[90m [39m[90mFilament resources integrate with policies for update action on specific records @ repetition 62 of 100[39m[90m     [39m [90m0.64s[39m  
  [31;1m⨯[39;22m[90m [39m[90mFilament resources integrate with policies for update action on specific records @ repetition 63 of 100[39m[90m     [39m [90m0.19s[39m  
  [31;1m⨯[39;22m[90m [39m[90mFilament resources integrate with policies for update action on specific records @ repetition 64 of 100[39m[90m     [39m [90m0.21s[39m  
  [31;1m⨯[39;22m[90m [39m[90mFilament resources integrate with policies for update action on specific records @ repetition 65 of 100[39m[90m     [39m [90m0.18s[39m  
  [31;1m⨯[39;22m[90m [39m[90mFilament resources integrate with policies for update action on specific records @ repetition 66 of 100[39m[90m     [39m [90m0.19s[39m  
  [31;1m⨯[39;22m[90m [39m[90mFilament resources integrate with policies for update action on specific records @ repetition 67 of 100[39m[90m     [39m [90m0.22s[39m  
  [31;1m⨯[39;22m[90m [39m[90mFilament resources integrate with policies for update action on specific records @ repetition 68 of 100[39m[90m     [39m [90m0.13s[39m  
  [31;1m⨯[39;22m[90m [39m[90mFilament resources integrate with policies for update action on specific records @ repetition 69 of 100[39m[90m     [39m [90m0.17s[39m  
  [31;1m⨯[39;22m[90m [39m[90mFilament resources integrate with policies for update action on specific records @ repetition 70 of 100[39m[90m     [39m [90m0.63s[39m  
  [31;1m⨯[39;22m[90m [39m[90mFilament resources integrate with policies for update action on specific records @ repetition 71 of 100[39m[90m     [39m [90m0.22s[39m  
  [31;1m⨯[39;22m[90m [39m[90mFilament resources integrate with policies for update action on specific records @ repetition 72 of 100[39m[90m     [39m [90m0.21s[39m  
  [31;1m⨯[39;22m[90m [39m[90mFilament resources integrate with policies for update action on specific records @ repetition 73 of 100[39m[90m     [39m [90m0.23s[39m  
  [31;1m⨯[39;22m[90m [39m[90mFilament resources integrate with policies for update action on specific records @ repetition 74 of 100[39m[90m     [39m [90m0.24s[39m  
  [31;1m⨯[39;22m[90m [39m[90mFilament resources integrate with policies for update action on specific records @ repetition 75 of 100[39m[90m     [39m [90m0.24s[39m  
  [31;1m⨯[39;22m[90m [39m[90mFilament resources integrate with policies for update action on specific records @ repetition 76 of 100[39m[90m     [39m [90m0.27s[39m  
  [31;1m⨯[39;22m[90m [39m[90mFilament resources integrate with policies for update action on specific records @ repetition 77 of 100[39m[90m     [39m [90m0.26s[39m  
  [31;1m⨯[39;22m[90m [39m[90mFilament resources integrate with policies for update action on specific records @ repetition 78 of 100[39m[90m     [39m [90m0.67s[39m  
  [31;1m⨯[39;22m[90m [39m[90mFilament resources integrate with policies for update action on specific records @ repetition 79 of 100[39m[90m     [39m [90m0.24s[39m  
  [31;1m⨯[39;22m[90m [39m[90mFilament resources integrate with policies for update action on specific records @ repetition 80 of 100[39m[90m     [39m [90m0.24s[39m  
  [31;1m⨯[39;22m[90m [39m[90mFilament resources integrate with policies for update action on specific records @ repetition 81 of 100[39m[90m     [39m [90m0.21s[39m  
  [31;1m⨯[39;22m[90m [39m[90mFilament resources integrate with policies for update action on specific records @ repetition 82 of 100[39m[90m     [39m [90m0.24s[39m  
  [31;1m⨯[39;22m[90m [39m[90mFilament resources integrate with policies for update action on specific records @ repetition 83 of 100[39m[90m     [39m [90m0.21s[39m  
  [31;1m⨯[39;22m[90m [39m[90mFilament resources integrate with policies for update action on specific records @ repetition 84 of 100[39m[90m     [39m [90m0.25s[39m  
  [31;1m⨯[39;22m[90m [39m[90mFilament resources integrate with policies for update action on specific records @ repetition 85 of 100[39m[90m     [39m [90m0.24s[39m  
  [31;1m⨯[39;22m[90m [39m[90mFilament resources integrate with policies for update action on specific records @ repetition 86 of 100[39m[90m     [39m [90m0.66s[39m  
  [31;1m⨯[39;22m[90m [39m[90mFilament resources integrate with policies for update action on specific records @ repetition 87 of 100[39m[90m     [39m [90m0.21s[39m  
  [31;1m⨯[39;22m[90m [39m[90mFilament resources integrate with policies for update action on specific records @ repetition 88 of 100[39m[90m     [39m [90m0.25s[39m  
  [31;1m⨯[39;22m[90m [39m[90mFilament resources integrate with policies for update action on specific records @ repetition 89 of 100[39m[90m     [39m [90m0.24s[39m  
  [31;1m⨯[39;22m[90m [39m[90mFilament resources integrate with policies for update action on specific records @ repetition 90 of 100[39m[90m     [39m [90m0.27s[39m  
  [31;1m⨯[39;22m[90m [39m[90mFilament resources integrate with policies for update action on specific records @ repetition 91 of 100[39m[90m     [39m [90m0.25s[39m  
  [31;1m⨯[39;22m[90m [39m[90mFilament resources integrate with policies for update action on specific records @ repetition 92 of 100[39m[90m     [39m [90m0.23s[39m  
  [31;1m⨯[39;22m[90m [39m[90mFilament resources integrate with policies for update action on specific records @ repetition 93 of 100[39m[90m     [39m [90m0.23s[39m  
  [31;1m⨯[39;22m[90m [39m[90mFilament resources integrate with policies for update action on specific records @ repetition 94 of 100[39m[90m     [39m [90m0.63s[39m  
  [31;1m⨯[39;22m[90m [39m[90mFilament resources integrate with policies for update action on specific records @ repetition 95 of 100[39m[90m     [39m [90m0.17s[39m  
  [31;1m⨯[39;22m[90m [39m[90mFilament resources integrate with policies for update action on specific records @ repetition 96 of 100[39m[90m     [39m [90m0.20s[39m  
  [31;1m⨯[39;22m[90m [39m[90mFilament resources integrate with policies for update action on specific records @ repetition 97 of 100[39m[90m     [39m [90m0.24s[39m  
  [31;1m⨯[39;22m[90m [39m[90mFilament resources integrate with policies for update action on specific records @ repetition 98 of 100[39m[90m     [39m [90m0.20s[39m  
  [31;1m⨯[39;22m[90m [39m[90mFilament resources integrate with policies for update action on specific records @ repetition 99 of 100[39m[90m     [39m [90m0.26s[39m  
  [31;1m⨯[39;22m[90m [39m[90mFilament resources integrate with policies for update action on specific records @ repetition 100 of 100[39m[90m    [39m [90m0.25s[39m  
  [32;1m✓[39;22m[90m [39m[90mFilament resources integrate with policies for delete action on specific records @ repetition 1 of 100[39m[90m      [39m [90m0.24s[39m  
  [32;1m✓[39;22m[90m [39m[90mFilament resources integrate with policies for delete action on specific records @ repetition 2 of 100[39m[90m      [39m [90m0.23s[39m  
  [32;1m✓[39;22m[90m [39m[90mFilament resources integrate with policies for delete action on specific records @ repetition 3 of 100[39m[90m      [39m [90m0.22s[39m  
  [32;1m✓[39;22m[90m [39m[90mFilament resources integrate with policies for delete action on specific records @ repetition 4 of 100[39m[90m      [39m [90m0.24s[39m  
  [32;1m✓[39;22m[90m [39m[90mFilament resources integrate with policies for delete action on specific records @ repetition 5 of 100[39m[90m      [39m [90m0.53s[39m  
  [32;1m✓[39;22m[90m [39m[90mFilament resources integrate with policies for delete action on specific records @ repetition 6 of 100[39m[90m      [39m [90m0.25s[39m  
  [32;1m✓[39;22m[90m [39m[90mFilament resources integrate with policies for delete action on specific records @ repetition 7 of 100[39m[90m      [39m [90m0.23s[39m  
  [32;1m✓[39;22m[90m [39m[90mFilament resources integrate with policies for delete action on specific records @ repetition 8 of 100[39m[90m      [39m [90m0.21s[39m  
  [32;1m✓[39;22m[90m [39m[90mFilament resources integrate with policies for delete action on specific records @ repetition 9 of 100[39m[90m      [39m [90m0.20s[39m  
  [32;1m✓[39;22m[90m [39m[90mFilament resources integrate with policies for delete action on specific records @ repetition 10 of 100[39m[90m     [39m [90m0.25s[39m  
  [32;1m✓[39;22m[90m [39m[90mFilament resources integrate with policies for delete action on specific records @ repetition 11 of 100[39m[90m     [39m [90m0.21s[39m  
  [32;1m✓[39;22m[90m [39m[90mFilament resources integrate with policies for delete action on specific records @ repetition 12 of 100[39m[90m     [39m [90m0.25s[39m  
  [32;1m✓[39;22m[90m [39m[90mFilament resources integrate with policies for delete action on specific records @ repetition 13 of 100[39m[90m     [39m [90m0.73s[39m  
  [32;1m✓[39;22m[90m [39m[90mFilament resources integrate with policies for delete action on specific records @ repetition 14 of 100[39m[90m     [39m [90m0.20s[39m  
  [32;1m✓[39;22m[90m [39m[90mFilament resources integrate with policies for delete action on specific records @ repetition 15 of 100[39m[90m     [39m [90m0.26s[39m  
  [32;1m✓[39;22m[90m [39m[90mFilament resources integrate with policies for delete action on specific records @ repetition 16 of 100[39m[90m     [39m [90m0.23s[39m  
  [32;1m✓[39;22m[90m [39m[90mFilament resources integrate with policies for delete action on specific records @ repetition 17 of 100[39m[90m     [39m [90m0.21s[39m  
  [32;1m✓[39;22m[90m [39m[90mFilament resources integrate with policies for delete action on specific records @ repetition 18 of 100[39m[90m     [39m [90m0.25s[39m  
  [32;1m✓[39;22m[90m [39m[90mFilament resources integrate with policies for delete action on specific records @ repetition 19 of 100[39m[90m     [39m [90m0.24s[39m  
  [32;1m✓[39;22m[90m [39m[90mFilament resources integrate with policies for delete action on specific records @ repetition 20 of 100[39m[90m     [39m [90m0.26s[39m  
  [32;1m✓[39;22m[90m [39m[90mFilament resources integrate with policies for delete action on specific records @ repetition 21 of 100[39m[90m     [39m [90m0.67s[39m  
  [32;1m✓[39;22m[90m [39m[90mFilament resources integrate with policies for delete action on specific records @ repetition 22 of 100[39m[90m     [39m [90m0.23s[39m  
  [32;1m✓[39;22m[90m [39m[90mFilament resources integrate with policies for delete action on specific records @ repetition 23 of 100[39m[90m     [39m [90m0.21s[39m  
  [32;1m✓[39;22m[90m [39m[90mFilament resources integrate with policies for delete action on specific records @ repetition 24 of 100[39m[90m     [39m [90m0.23s[39m  
  [32;1m✓[39;22m[90m [39m[90mFilament resources integrate with policies for delete action on specific records @ repetition 25 of 100[39m[90m     [39m [90m0.24s[39m  
  [32;1m✓[39;22m[90m [39m[90mFilament resources integrate with policies for delete action on specific records @ repetition 26 of 100[39m[90m     [39m [90m0.25s[39m  
  [32;1m✓[39;22m[90m [39m[90mFilament resources integrate with policies for delete action on specific records @ repetition 27 of 100[39m[90m     [39m [90m0.19s[39m  
  [32;1m✓[39;22m[90m [39m[90mFilament resources integrate with policies for delete action on specific records @ repetition 28 of 100[39m[90m     [39m [90m0.16s[39m  
  [32;1m✓[39;22m[90m [39m[90mFilament resources integrate with policies for delete action on specific records @ repetition 29 of 100[39m[90m     [39m [90m0.65s[39m  
  [32;1m✓[39;22m[90m [39m[90mFilament resources integrate with policies for delete action on specific records @ repetition 30 of 100[39m[90m     [39m [90m0.24s[39m  
  [32;1m✓[39;22m[90m [39m[90mFilament resources integrate with policies for delete action on specific records @ repetition 31 of 100[39m[90m     [39m [90m0.22s[39m  
  [32;1m✓[39;22m[90m [39m[90mFilament resources integrate with policies for delete action on specific records @ repetition 32 of 100[39m[90m     [39m [90m0.24s[39m  
  [32;1m✓[39;22m[90m [39m[90mFilament resources integrate with policies for delete action on specific records @ repetition 33 of 100[39m[90m     [39m [90m0.21s[39m  
  [32;1m✓[39;22m[90m [39m[90mFilament resources integrate with policies for delete action on specific records @ repetition 34 of 100[39m[90m     [39m [90m0.21s[39m  
  [32;1m✓[39;22m[90m [39m[90mFilament resources integrate with policies for delete action on specific records @ repetition 35 of 100[39m[90m     [39m [90m0.22s[39m  
  [32;1m✓[39;22m[90m [39m[90mFilament resources integrate with policies for delete action on specific records @ repetition 36 of 100[39m[90m     [39m [90m0.28s[39m  
  [32;1m✓[39;22m[90m [39m[90mFilament resources integrate with policies for delete action on specific records @ repetition 37 of 100[39m[90m     [39m [90m0.69s[39m  
  [32;1m✓[39;22m[90m [39m[90mFilament resources integrate with policies for delete action on specific records @ repetition 38 of 100[39m[90m     [39m [90m0.24s[39m  
  [32;1m✓[39;22m[90m [39m[90mFilament resources integrate with policies for delete action on specific records @ repetition 39 of 100[39m[90m     [39m [90m0.20s[39m  
  [32;1m✓[39;22m[90m [39m[90mFilament resources integrate with policies for delete action on specific records @ repetition 40 of 100[39m[90m     [39m [90m0.22s[39m  
  [32;1m✓[39;22m[90m [39m[90mFilament resources integrate with policies for delete action on specific records @ repetition 41 of 100[39m[90m     [39m [90m0.18s[39m  
  [32;1m✓[39;22m[90m [39m[90mFilament resources integrate with policies for delete action on specific records @ repetition 42 of 100[39m[90m     [39m [90m0.20s[39m  
  [32;1m✓[39;22m[90m [39m[90mFilament resources integrate with policies for delete action on specific records @ repetition 43 of 100[39m[90m     [39m [90m0.25s[39m  
  [32;1m✓[39;22m[90m [39m[90mFilament resources integrate with policies for delete action on specific records @ repetition 44 of 100[39m[90m     [39m [90m0.25s[39m  
  [32;1m✓[39;22m[90m [39m[90mFilament resources integrate with policies for delete action on specific records @ repetition 45 of 100[39m[90m     [39m [90m0.68s[39m  
  [32;1m✓[39;22m[90m [39m[90mFilament resources integrate with policies for delete action on specific records @ repetition 46 of 100[39m[90m     [39m [90m0.23s[39m  
  [32;1m✓[39;22m[90m [39m[90mFilament resources integrate with policies for delete action on specific records @ repetition 47 of 100[39m[90m     [39m [90m0.23s[39m  
  [32;1m✓[39;22m[90m [39m[90mFilament resources integrate with policies for delete action on specific records @ repetition 48 of 100[39m[90m     [39m [90m0.21s[39m  
  [32;1m✓[39;22m[90m [39m[90mFilament resources integrate with policies for delete action on specific records @ repetition 49 of 100[39m[90m     [39m [90m0.28s[39m  
  [32;1m✓[39;22m[90m [39m[90mFilament resources integrate with policies for delete action on specific records @ repetition 50 of 100[39m[90m     [39m [90m0.24s[39m  
  [32;1m✓[39;22m[90m [39m[90mFilament resources integrate with policies for delete action on specific records @ repetition 51 of 100[39m[90m     [39m [90m0.25s[39m  
  [32;1m✓[39;22m[90m [39m[90mFilament resources integrate with policies for delete action on specific records @ repetition 52 of 100[39m[90m     [39m [90m0.18s[39m  
  [32;1m✓[39;22m[90m [39m[90mFilament resources integrate with policies for delete action on specific records @ repetition 53 of 100[39m[90m     [39m [90m0.59s[39m  
  [32;1m✓[39;22m[90m [39m[90mFilament resources integrate with policies for delete action on specific records @ repetition 54 of 100[39m[90m     [39m [90m0.24s[39m  
  [32;1m✓[39;22m[90m [39m[90mFilament resources integrate with policies for delete action on specific records @ repetition 55 of 100[39m[90m     [39m [90m0.23s[39m  
  [32;1m✓[39;22m[90m [39m[90mFilament resources integrate with policies for delete action on specific records @ repetition 56 of 100[39m[90m     [39m [90m0.21s[39m  
  [32;1m✓[39;22m[90m [39m[90mFilament resources integrate with policies for delete action on specific records @ repetition 57 of 100[39m[90m     [39m [90m0.22s[39m  
  [32;1m✓[39;22m[90m [39m[90mFilament resources integrate with policies for delete action on specific records @ repetition 58 of 100[39m[90m     [39m [90m0.22s[39m  
  [32;1m✓[39;22m[90m [39m[90mFilament resources integrate with policies for delete action on specific records @ repetition 59 of 100[39m[90m     [39m [90m0.24s[39m  
  [32;1m✓[39;22m[90m [39m[90mFilament resources integrate with policies for delete action on specific records @ repetition 60 of 100[39m[90m     [39m [90m0.25s[39m  
  [32;1m✓[39;22m[90m [39m[90mFilament resources integrate with policies for delete action on specific records @ repetition 61 of 100[39m[90m     [39m [90m0.66s[39m  
  [32;1m✓[39;22m[90m [39m[90mFilament resources integrate with policies for delete action on specific records @ repetition 62 of 100[39m[90m     [39m [90m0.24s[39m  
  [32;1m✓[39;22m[90m [39m[90mFilament resources integrate with policies for delete action on specific records @ repetition 63 of 100[39m[90m     [39m [90m0.27s[39m  
  [32;1m✓[39;22m[90m [39m[90mFilament resources integrate with policies for delete action on specific records @ repetition 64 of 100[39m[90m     [39m [90m0.24s[39m  
  [32;1m✓[39;22m[90m [39m[90mFilament resources integrate with policies for delete action on specific records @ repetition 65 of 100[39m[90m     [39m [90m0.20s[39m  
  [32;1m✓[39;22m[90m [39m[90mFilament resources integrate with policies for delete action on specific records @ repetition 66 of 100[39m[90m     [39m [90m0.22s[39m  
  [32;1m✓[39;22m[90m [39m[90mFilament resources integrate with policies for delete action on specific records @ repetition 67 of 100[39m[90m     [39m [90m0.21s[39m  
  [32;1m✓[39;22m[90m [39m[90mFilament resources integrate with policies for delete action on specific records @ repetition 68 of 100[39m[90m     [39m [90m0.23s[39m  
  [32;1m✓[39;22m[90m [39m[90mFilament resources integrate with policies for delete action on specific records @ repetition 69 of 100[39m[90m     [39m [90m0.69s[39m  
  [32;1m✓[39;22m[90m [39m[90mFilament resources integrate with policies for delete action on specific records @ repetition 70 of 100[39m[90m     [39m [90m0.26s[39m  
  [32;1m✓[39;22m[90m [39m[90mFilament resources integrate with policies for delete action on specific records @ repetition 71 of 100[39m[90m     [39m [90m0.23s[39m  
  [32;1m✓[39;22m[90m [39m[90mFilament resources integrate with policies for delete action on specific records @ repetition 72 of 100[39m[90m     [39m [90m0.22s[39m  
  [32;1m✓[39;22m[90m [39m[90mFilament resources integrate with policies for delete action on specific records @ repetition 73 of 100[39m[90m     [39m [90m0.21s[39m  
  [32;1m✓[39;22m[90m [39m[90mFilament resources integrate with policies for delete action on specific records @ repetition 74 of 100[39m[90m     [39m [90m0.24s[39m  
  [32;1m✓[39;22m[90m [39m[90mFilament resources integrate with policies for delete action on specific records @ repetition 75 of 100[39m[90m     [39m [90m0.22s[39m  
  [32;1m✓[39;22m[90m [39m[90mFilament resources integrate with policies for delete action on specific records @ repetition 76 of 100[39m[90m     [39m [90m0.22s[39m  
  [32;1m✓[39;22m[90m [39m[90mFilament resources integrate with policies for delete action on specific records @ repetition 77 of 100[39m[90m     [39m [90m0.62s[39m  
  [32;1m✓[39;22m[90m [39m[90mFilament resources integrate with policies for delete action on specific records @ repetition 78 of 100[39m[90m     [39m [90m0.23s[39m  
  [32;1m✓[39;22m[90m [39m[90mFilament resources integrate with policies for delete action on specific records @ repetition 79 of 100[39m[90m     [39m [90m0.23s[39m  
  [32;1m✓[39;22m[90m [39m[90mFilament resources integrate with policies for delete action on specific records @ repetition 80 of 100[39m[90m     [39m [90m0.21s[39m  
  [32;1m✓[39;22m[90m [39m[90mFilament resources integrate with policies for delete action on specific records @ repetition 81 of 100[39m[90m     [39m [90m0.19s[39m  
  [32;1m✓[39;22m[90m [39m[90mFilament resources integrate with policies for delete action on specific records @ repetition 82 of 100[39m[90m     [39m [90m0.22s[39m  
  [32;1m✓[39;22m[90m [39m[90mFilament resources integrate with policies for delete action on specific records @ repetition 83 of 100[39m[90m     [39m [90m0.25s[39m  
  [32;1m✓[39;22m[90m [39m[90mFilament resources integrate with policies for delete action on specific records @ repetition 84 of 100[39m[90m     [39m [90m0.23s[39m  
  [32;1m✓[39;22m[90m [39m[90mFilament resources integrate with policies for delete action on specific records @ repetition 85 of 100[39m[90m     [39m [90m0.62s[39m  
  [32;1m✓[39;22m[90m [39m[90mFilament resources integrate with policies for delete action on specific records @ repetition 86 of 100[39m[90m     [39m [90m0.17s[39m  
  [32;1m✓[39;22m[90m [39m[90mFilament resources integrate with policies for delete action on specific records @ repetition 87 of 100[39m[90m     [39m [90m0.21s[39m  
  [32;1m✓[39;22m[90m [39m[90mFilament resources integrate with policies for delete action on specific records @ repetition 88 of 100[39m[90m     [39m [90m0.22s[39m  
  [32;1m✓[39;22m[90m [39m[90mFilament resources integrate with policies for delete action on specific records @ repetition 89 of 100[39m[90m     [39m [90m0.23s[39m  
  [32;1m✓[39;22m[90m [39m[90mFilament resources integrate with policies for delete action on specific records @ repetition 90 of 100[39m[90m     [39m [90m0.21s[39m  
  [32;1m✓[39;22m[90m [39m[90mFilament resources integrate with policies for delete action on specific records @ repetition 91 of 100[39m[90m     [39m [90m0.18s[39m  
  [32;1m✓[39;22m[90m [39m[90mFilament resources integrate with policies for delete action on specific records @ repetition 92 of 100[39m[90m     [39m [90m0.20s[39m  
  [32;1m✓[39;22m[90m [39m[90mFilament resources integrate with policies for delete action on specific records @ repetition 93 of 100[39m[90m     [39m [90m0.66s[39m  
  [32;1m✓[39;22m[90m [39m[90mFilament resources integrate with policies for delete action on specific records @ repetition 94 of 100[39m[90m     [39m [90m0.19s[39m  
  [32;1m✓[39;22m[90m [39m[90mFilament resources integrate with policies for delete action on specific records @ repetition 95 of 100[39m[90m     [39m [90m0.20s[39m  
  [32;1m✓[39;22m[90m [39m[90mFilament resources integrate with policies for delete action on specific records @ repetition 96 of 100[39m[90m     [39m [90m0.22s[39m  
  [32;1m✓[39;22m[90m [39m[90mFilament resources integrate with policies for delete action on specific records @ repetition 97 of 100[39m[90m     [39m [90m0.19s[39m  
  [32;1m✓[39;22m[90m [39m[90mFilament resources integrate with policies for delete action on specific records @ repetition 98 of 100[39m[90m     [39m [90m0.22s[39m  
  [32;1m✓[39;22m[90m [39m[90mFilament resources integrate with policies for delete action on specific records @ repetition 99 of 100[39m[90m     [39m [90m0.21s[39m  
  [32;1m✓[39;22m[90m [39m[90mFilament resources integrate with policies for delete action on specific records @ repetition 100 of 100[39m[90m    [39m [90m0.21s[39m  

  [39;41;1m FAIL [39;49;22m[39m Tests\Feature\FilamentPrivacyPagesTest[39m
  [31;1m⨯[39;22m[90m [39m[37mPrivacy Policy Page[39m[90m → privacy policy page is accessible to authenticated admin[39m[90m                              [39m [90m3.08s[39m  
  [31;1m⨯[39;22m[90m [39m[37mPrivacy Policy Page[39m[90m → privacy policy page is accessible to authenticated tenant[39m[90m                             [39m [90m0.86s[39m  
  [32;1m✓[39;22m[90m [39m[37mPrivacy Policy Page[39m[90m → privacy policy page requires authentication[39m[90m                                           [39m [90m0.88s[39m  
  [32;1m✓[39;22m[90m [39m[37mPrivacy Policy Page[39m[90m → privacy policy page class exists and is registered[39m[90m                                    [39m [90m0.78s[39m  
  [32;1m✓[39;22m[90m [39m[37mPrivacy Policy Page[39m[90m → privacy policy page has correct navigation configuration[39m[90m                              [39m [90m1.10s[39m  
  [31;1m⨯[39;22m[90m [39m[37mPrivacy Policy Page[39m[90m → privacy policy page contains expected sections[39m[90m                                        [39m [90m0.82s[39m  
  [31;1m⨯[39;22m[90m [39m[37mTerms of Service Page[39m[90m → terms of service page is accessible to authenticated admin[39m[90m                          [39m [90m0.89s[39m  
  [31;1m⨯[39;22m[90m [39m[37mTerms of Service Page[39m[90m → terms of service page is accessible to authenticated tenant[39m[90m                         [39m [90m0.86s[39m  
  [32;1m✓[39;22m[90m [39m[37mTerms of Service Page[39m[90m → terms of service page requires authentication[39m[90m                                       [39m [90m0.83s[39m  
  [32;1m✓[39;22m[90m [39m[37mTerms of Service Page[39m[90m → terms of service page class exists and is registered[39m[90m                                [39m [90m0.90s[39m  
  [32;1m✓[39;22m[90m [39m[37mTerms of Service Page[39m[90m → terms of service page has correct navigation configuration[39m[90m                          [39m [90m0.84s[39m  
  [31;1m⨯[39;22m[90m [39m[37mTerms of Service Page[39m[90m → terms of service page contains expected sections[39m[90m                                    [39m [90m1.46s[39m  
  [31;1m⨯[39;22m[90m [39m[37mGDPR Compliance Page[39m[90m → GDPR compliance page is accessible to authenticated admin[39m[90m                            [39m [90m0.89s[39m  
  [31;1m⨯[39;22m[90m [39m[37mGDPR Compliance Page[39m[90m → GDPR compliance page is accessible to authenticated tenant[39m[90m                           [39m [90m0.91s[39m  
  [31;1m⨯[39;22m[90m [39m[37mGDPR Compliance Page[39m[90m → GDPR compliance page requires authentication[39m[90m                                         [39m [90m0.86s[39m  
  [32;1m✓[39;22m[90m [39m[37mGDPR Compliance Page[39m[90m → GDPR compliance page class exists and is registered[39m[90m                                  [39m [90m0.88s[39m  
  [32;1m✓[39;22m[90m [39m[37mGDPR Compliance Page[39m[90m → GDPR compliance page has correct navigation configuration[39m[90m                            [39m [90m1.23s[39m  
  [31;1m⨯[39;22m[90m [39m[37mGDPR Compliance Page[39m[90m → GDPR compliance page contains expected sections[39m[90m                                      [39m [90m0.98s[39m  
  [31;1m⨯[39;22m[90m [39m[37mPrivacy Pages Navigation[39m[90m → all privacy pages appear in System navigation group[39m[90m                              [39m [90m0.98s[39m  
  [32;1m✓[39;22m[90m [39m[37mPrivacy Pages Navigation[39m[90m → privacy pages have correct navigation sort order[39m[90m                                 [39m [90m0.93s[39m  
  [32;1m✓[39;22m[90m [39m[37mPrivacy Pages Navigation[39m[90m → privacy pages have appropriate icons[39m[90m                                             [39m [90m0.90s[39m  
  [31;1m⨯[39;22m[90m [39m[37mPrivacy Pages Content[39m[90m → privacy policy page displays last updated date[39m[90m                                      [39m [90m0.89s[39m  
  [31;1m⨯[39;22m[90m [39m[37mPrivacy Pages Content[39m[90m → terms of service page displays last updated date[39m[90m                                    [39m [90m0.99s[39m  
  [31;1m⨯[39;22m[90m [39m[37mPrivacy Pages Content[39m[90m → GDPR compliance page displays last updated date[39m[90m                                     [39m [90m1.42s[39m  
  [31;1m⨯[39;22m[90m [39m[37mPrivacy Pages Content[39m[90m → all privacy pages use Filament panel layout[39m[90m                                         [39m [90m0.96s[39m  
  [31;1m⨯[39;22m[90m [39m[37mPrivacy Pages Content[39m[90m → privacy pages support dark mode styling[39m[90m                                             [39m [90m1.10s[39m  
  [31;1m⨯[39;22m[90m [39m[37mPrivacy Pages Access Control[39m[90m → all user roles can access privacy pages[39m[90m                                      [39m [90m1.12s[39m  
  [32;1m✓[39;22m[90m [39m[37mPrivacy Pages Access Control[39m[90m → inactive users cannot access privacy pages[39m[90m                                   [39m [90m1.14s[39m  

  [39;41;1m FAIL [39;49;22m[39m Tests\Feature\FilamentPropertyAutomaticTenantAssignmentPropertyTest[39m
  [31;1m⨯[39;22m[90m [39m[90mPropertyResource automatically assigns tenant_id from authenticated manager user when creating property @ r[39m[90m…[39m [90m0.72s[39m  
  [31;1m⨯[39;22m[90m [39m[90mPropertyResource automatically assigns tenant_id from authenticated manager user when creating property @ r[39m[90m…[39m [90m0.71s[39m  
  [31;1m⨯[39;22m[90m [39m[90mPropertyResource automatically assigns tenant_id from authenticated manager user when creating property @ r[39m[90m…[39m [90m0.63s[39m  
  [31;1m⨯[39;22m[90m [39m[90mPropertyResource automatically assigns tenant_id from authenticated manager user when creating property @ r[39m[90m…[39m [90m0.43s[39m  
  [31;1m⨯[39;22m[90m [39m[90mPropertyResource automatically assigns tenant_id from authenticated manager user when creating property @ r[39m[90m…[39m [90m0.73s[39m  
  [31;1m⨯[39;22m[90m [39m[90mPropertyResource automatically assigns tenant_id from authenticated manager user when creating property @ r[39m[90m…[39m [90m0.71s[39m  
  [31;1m⨯[39;22m[90m [39m[90mPropertyResource automatically assigns tenant_id from authenticated manager user when creating property @ r[39m[90m…[39m [90m0.77s[39m  
  [31;1m⨯[39;22m[90m [39m[90mPropertyResource automatically assigns tenant_id from authenticated manager user when creating property @ r[39m[90m…[39m [90m0.34s[39m  
  [31;1m⨯[39;22m[90m [39m[90mPropertyResource automatically assigns tenant_id from authenticated manager user when creating property @ r[39m[90m…[39m [90m0.67s[39m  
  [31;1m⨯[39;22m[90m [39m[90mPropertyResource automatically assigns tenant_id from authenticated manager user when creating property @ r[39m[90m…[39m [90m0.67s[39m  
  [31;1m⨯[39;22m[90m [39m[90mPropertyResource automatically assigns tenant_id from authenticated manager user when creating property @ r[39m[90m…[39m [90m0.85s[39m  
  [31;1m⨯[39;22m[90m [39m[90mPropertyResource automatically assigns tenant_id from authenticated manager user when creating property @ r[39m[90m…[39m [90m0.37s[39m  
  [31;1m⨯[39;22m[90m [39m[90mPropertyResource automatically assigns tenant_id from authenticated manager user when creating property @ r[39m[90m…[39m [90m0.69s[39m  
  [31;1m⨯[39;22m[90m [39m[90mPropertyResource automatically assigns tenant_id from authenticated manager user when creating property @ r[39m[90m…[39m [90m0.60s[39m  
  [31;1m⨯[39;22m[90m [39m[90mPropertyResource automatically assigns tenant_id from authenticated manager user when creating property @ r[39m[90m…[39m [90m0.90s[39m  
  [31;1m⨯[39;22m[90m [39m[90mPropertyResource automatically assigns tenant_id from authenticated manager user when creating property @ r[39m[90m…[39m [90m0.40s[39m  
  [31;1m⨯[39;22m[90m [39m[90mPropertyResource automatically assigns tenant_id from authenticated manager user when creating property @ r[39m[90m…[39m [90m0.81s[39m  
  [31;1m⨯[39;22m[90m [39m[90mPropertyResource automatically assigns tenant_id from authenticated manager user when creating property @ r[39m[90m…[39m [90m0.75s[39m  
  [31;1m⨯[39;22m[90m [39m[90mPropertyResource automatically assigns tenant_id from authenticated manager user when creating property @ r[39m[90m…[39m [90m0.82s[39m  
  [31;1m⨯[39;22m[90m [39m[90mPropertyResource automatically assigns tenant_id from authenticated manager user when creating property @ r[39m[90m…[39m [90m0.31s[39m  
  [31;1m⨯[39;22m[90m [39m[90mPropertyResource automatically assigns tenant_id from authenticated manager user when creating property @ r[39m[90m…[39m [90m0.74s[39m  
  [31;1m⨯[39;22m[90m [39m[90mPropertyResource automatically assigns tenant_id from authenticated manager user when creating property @ r[39m[90m…[39m [90m0.77s[39m  
  [31;1m⨯[39;22m[90m [39m[90mPropertyResource automatically assigns tenant_id from authenticated manager user when creating property @ r[39m[90m…[39m [90m0.90s[39m  
  [31;1m⨯[39;22m[90m [39m[90mPropertyResource automatically assigns tenant_id from authenticated manager user when creating property @ r[39m[90m…[39m [90m0.42s[39m  
  [31;1m⨯[39;22m[90m [39m[90mPropertyResource automatically assigns tenant_id from authenticated manager user when creating property @ r[39m[90m…[39m [90m0.74s[39m  
  [31;1m⨯[39;22m[90m [39m[90mPropertyResource automatically assigns tenant_id from authenticated manager user when creating property @ r[39m[90m…[39m [90m0.76s[39m  
  [31;1m⨯[39;22m[90m [39m[90mPropertyResource automatically assigns tenant_id from authenticated manager user when creating property @ r[39m[90m…[39m [90m0.89s[39m  
  [31;1m⨯[39;22m[90m [39m[90mPropertyResource automatically assigns tenant_id from authenticated manager user when creating property @ r[39m[90m…[39m [90m0.44s[39m  
  [31;1m⨯[39;22m[90m [39m[90mPropertyResource automatically assigns tenant_id from authenticated manager user when creating property @ r[39m[90m…[39m [90m0.84s[39m  
  [31;1m⨯[39;22m[90m [39m[90mPropertyResource automatically assigns tenant_id from authenticated manager user when creating property @ r[39m[90m…[39m [90m0.82s[39m  
  [31;1m⨯[39;22m[90m [39m[90mPropertyResource automatically assigns tenant_id from authenticated manager user when creating property @ r[39m[90m…[39m [90m0.94s[39m  
  [31;1m⨯[39;22m[90m [39m[90mPropertyResource automatically assigns tenant_id from authenticated manager user when creating property @ r[39m[90m…[39m [90m0.45s[39m  
  [31;1m⨯[39;22m[90m [39m[90mPropertyResource automatically assigns tenant_id from authenticated manager user when creating property @ r[39m[90m…[39m [90m0.81s[39m  
  [31;1m⨯[39;22m[90m [39m[90mPropertyResource automatically assigns tenant_id from authenticated manager user when creating property @ r[39m[90m…[39m [90m0.84s[39m  
  [31;1m⨯[39;22m[90m [39m[90mPropertyResource automatically assigns tenant_id from authenticated manager user when creating property @ r[39m[90m…[39m [90m1.07s[39m  
  [31;1m⨯[39;22m[90m [39m[90mPropertyResource automatically assigns tenant_id from authenticated manager user when creating property @ r[39m[90m…[39m [90m0.44s[39m  
  [31;1m⨯[39;22m[90m [39m[90mPropertyResource automatically assigns tenant_id from authenticated manager user when creating property @ r[39m[90m…[39m [90m0.81s[39m  
  [31;1m⨯[39;22m[90m [39m[90mPropertyResource automatically assigns tenant_id from authenticated manager user when creating property @ r[39m[90m…[39m [90m0.89s[39m  
  [31;1m⨯[39;22m[90m [39m[90mPropertyResource automatically assigns tenant_id from authenticated manager user when creating property @ r[39m[90m…[39m [90m1.02s[39m  
  [31;1m⨯[39;22m[90m [39m[90mPropertyResource automatically assigns tenant_id from authenticated manager user when creating property @ r[39m[90m…[39m [90m0.40s[39m  
  [31;1m⨯[39;22m[90m [39m[90mPropertyResource automatically assigns tenant_id from authenticated manager user when creating property @ r[39m[90m…[39m [90m0.87s[39m  
  [31;1m⨯[39;22m[90m [39m[90mPropertyResource automatically assigns tenant_id from authenticated manager user when creating property @ r[39m[90m…[39m [90m0.82s[39m  
  [31;1m⨯[39;22m[90m [39m[90mPropertyResource automatically assigns tenant_id from authenticated manager user when creating property @ r[39m[90m…[39m [90m1.10s[39m  
  [31;1m⨯[39;22m[90m [39m[90mPropertyResource automatically assigns tenant_id from authenticated manager user when creating property @ r[39m[90m…[39m [90m0.51s[39m  
  [31;1m⨯[39;22m[90m [39m[90mPropertyResource automatically assigns tenant_id from authenticated manager user when creating property @ r[39m[90m…[39m [90m0.91s[39m  
  [31;1m⨯[39;22m[90m [39m[90mPropertyResource automatically assigns tenant_id from authenticated manager user when creating property @ r[39m[90m…[39m [90m0.95s[39m  
  [31;1m⨯[39;22m[90m [39m[90mPropertyResource automatically assigns tenant_id from authenticated manager user when creating property @ r[39m[90m…[39m [90m1.05s[39m  
  [31;1m⨯[39;22m[90m [39m[90mPropertyResource automatically assigns tenant_id from authenticated manager user when creating property @ r[39m[90m…[39m [90m0.41s[39m  
  [31;1m⨯[39;22m[90m [39m[90mPropertyResource automatically assigns tenant_id from authenticated manager user when creating property @ r[39m[90m…[39m [90m1.04s[39m  
  [31;1m⨯[39;22m[90m [39m[90mPropertyResource automatically assigns tenant_id from authenticated manager user when creating property @ r[39m[90m…[39m [90m0.90s[39m  
  [31;1m⨯[39;22m[90m [39m[90mPropertyResource automatically assigns tenant_id from authenticated manager user when creating property @ r[39m[90m…[39m [90m1.05s[39m  
  [31;1m⨯[39;22m[90m [39m[90mPropertyResource automatically assigns tenant_id from authenticated manager user when creating property @ r[39m[90m…[39m [90m0.51s[39m  
  [31;1m⨯[39;22m[90m [39m[90mPropertyResource automatically assigns tenant_id from authenticated manager user when creating property @ r[39m[90m…[39m [90m1.02s[39m  
  [31;1m⨯[39;22m[90m [39m[90mPropertyResource automatically assigns tenant_id from authenticated manager user when creating property @ r[39m[90m…[39m [90m0.88s[39m  
  [31;1m⨯[39;22m[90m [39m[90mPropertyResource automatically assigns tenant_id from authenticated manager user when creating property @ r[39m[90m…[39m [90m0.96s[39m  
  [31;1m⨯[39;22m[90m [39m[90mPropertyResource automatically assigns tenant_id from authenticated manager user when creating property @ r[39m[90m…[39m [90m0.42s[39m  
  [31;1m⨯[39;22m[90m [39m[90mPropertyResource automatically assigns tenant_id from authenticated manager user when creating property @ r[39m[90m…[39m [90m0.95s[39m  
  [31;1m⨯[39;22m[90m [39m[90mPropertyResource automatically assigns tenant_id from authenticated manager user when creating property @ r[39m[90m…[39m [90m0.99s[39m  
  [31;1m⨯[39;22m[90m [39m[90mPropertyResource automatically assigns tenant_id from authenticated manager user when creating property @ r[39m[90m…[39m [90m1.05s[39m  
  [31;1m⨯[39;22m[90m [39m[90mPropertyResource automatically assigns tenant_id from authenticated manager user when creating property @ r[39m[90m…[39m [90m0.42s[39m  
  [31;1m⨯[39;22m[90m [39m[90mPropertyResource automatically assigns tenant_id from authenticated manager user when creating property @ r[39m[90m…[39m [90m0.80s[39m  
  [31;1m⨯[39;22m[90m [39m[90mPropertyResource automatically assigns tenant_id from authenticated manager user when creating property @ r[39m[90m…[39m [90m0.89s[39m  
  [31;1m⨯[39;22m[90m [39m[90mPropertyResource automatically assigns tenant_id from authenticated manager user when creating property @ r[39m[90m…[39m [90m1.25s[39m  
  [31;1m⨯[39;22m[90m [39m[90mPropertyResource automatically assigns tenant_id from authenticated manager user when creating property @ r[39m[90m…[39m [90m0.36s[39m  
  [31;1m⨯[39;22m[90m [39m[90mPropertyResource automatically assigns tenant_id from authenticated manager user when creating property @ r[39m[90m…[39m [90m0.98s[39m  
  [31;1m⨯[39;22m[90m [39m[90mPropertyResource automatically assigns tenant_id from authenticated manager user when creating property @ r[39m[90m…[39m [90m0.98s[39m  
  [31;1m⨯[39;22m[90m [39m[90mPropertyResource automatically assigns tenant_id from authenticated manager user when creating property @ r[39m[90m…[39m [90m1.18s[39m  
  [31;1m⨯[39;22m[90m [39m[90mPropertyResource automatically assigns tenant_id from authenticated manager user when creating property @ r[39m[90m…[39m [90m0.45s[39m  
  [31;1m⨯[39;22m[90m [39m[90mPropertyResource automatically assigns tenant_id from authenticated manager user when creating property @ r[39m[90m…[39m [90m0.77s[39m  
  [31;1m⨯[39;22m[90m [39m[90mPropertyResource automatically assigns tenant_id from authenticated manager user when creating property @ r[39m[90m…[39m [90m0.91s[39m  
  [31;1m⨯[39;22m[90m [39m[90mPropertyResource automatically assigns tenant_id from authenticated manager user when creating property @ r[39m[90m…[39m [90m0.94s[39m  
  [31;1m⨯[39;22m[90m [39m[90mPropertyResource automatically assigns tenant_id from authenticated manager user when creating property @ r[39m[90m…[39m [90m0.49s[39m  
  [31;1m⨯[39;22m[90m [39m[90mPropertyResource automatically assigns tenant_id from authenticated manager user when creating property @ r[39m[90m…[39m [90m0.74s[39m  
  [31;1m⨯[39;22m[90m [39m[90mPropertyResource automatically assigns tenant_id from authenticated manager user when creating property @ r[39m[90m…[39m [90m0.92s[39m  
  [31;1m⨯[39;22m[90m [39m[90mPropertyResource automatically assigns tenant_id from authenticated manager user when creating property @ r[39m[90m…[39m [90m1.13s[39m  
  [31;1m⨯[39;22m[90m [39m[90mPropertyResource automatically assigns tenant_id from authenticated manager user when creating property @ r[39m[90m…[39m [90m0.48s[39m  
  [31;1m⨯[39;22m[90m [39m[90mPropertyResource automatically assigns tenant_id from authenticated manager user when creating property @ r[39m[90m…[39m [90m0.79s[39m  
  [31;1m⨯[39;22m[90m [39m[90mPropertyResource automatically assigns tenant_id from authenticated manager user when creating property @ r[39m[90m…[39m [90m0.90s[39m  
  [31;1m⨯[39;22m[90m [39m[90mPropertyResource automatically assigns tenant_id from authenticated manager user when creating property @ r[39m[90m…[39m [90m0.96s[39m  
  [31;1m⨯[39;22m[90m [39m[90mPropertyResource automatically assigns tenant_id from authenticated manager user when creating property @ r[39m[90m…[39m [90m0.43s[39m  
  [31;1m⨯[39;22m[90m [39m[90mPropertyResource automatically assigns tenant_id from authenticated manager user when creating property @ r[39m[90m…[39m [90m0.86s[39m  
  [31;1m⨯[39;22m[90m [39m[90mPropertyResource automatically assigns tenant_id from authenticated manager user when creating property @ r[39m[90m…[39m [90m0.74s[39m  
  [31;1m⨯[39;22m[90m [39m[90mPropertyResource automatically assigns tenant_id from authenticated manager user when creating property @ r[39m[90m…[39m [90m0.80s[39m  
  [31;1m⨯[39;22m[90m [39m[90mPropertyResource automatically assigns tenant_id from authenticated manager user when creating property @ r[39m[90m…[39m [90m0.32s[39m  
  [31;1m⨯[39;22m[90m [39m[90mPropertyResource automatically assigns tenant_id from authenticated manager user when creating property @ r[39m[90m…[39m [90m0.70s[39m  
  [31;1m⨯[39;22m[90m [39m[90mPropertyResource automatically assigns tenant_id from authenticated manager user when creating property @ r[39m[90m…[39m [90m0.66s[39m  
  [31;1m⨯[39;22m[90m [39m[90mPropertyResource automatically assigns tenant_id from authenticated manager user when creating property @ r[39m[90m…[39m [90m0.85s[39m  
  [31;1m⨯[39;22m[90m [39m[90mPropertyResource automatically assigns tenant_id from authenticated manager user when creating property @ r[39m[90m…[39m [90m0.35s[39m  
  [31;1m⨯[39;22m[90m [39m[90mPropertyResource automatically assigns tenant_id from authenticated manager user when creating property @ r[39m[90m…[39m [90m0.72s[39m  
  [31;1m⨯[39;22m[90m [39m[90mPropertyResource automatically assigns tenant_id from authenticated manager user when creating property @ r[39m[90m…[39m [90m0.72s[39m  
  [31;1m⨯[39;22m[90m [39m[90mPropertyResource automatically assigns tenant_id from authenticated manager user when creating property @ r[39m[90m…[39m [90m0.92s[39m  
  [31;1m⨯[39;22m[90m [39m[90mPropertyResource automatically assigns tenant_id from authenticated manager user when creating property @ r[39m[90m…[39m [90m0.38s[39m  
  [31;1m⨯[39;22m[90m [39m[90mPropertyResource automatically assigns tenant_id from authenticated manager user when creating property @ r[39m[90m…[39m [90m0.74s[39m  
  [31;1m⨯[39;22m[90m [39m[90mPropertyResource automatically assigns tenant_id from authenticated manager user when creating property @ r[39m[90m…[39m [90m0.71s[39m  
  [31;1m⨯[39;22m[90m [39m[90mPropertyResource automatically assigns tenant_id from authenticated manager user when creating property @ r[39m[90m…[39m [90m1.02s[39m  
  [31;1m⨯[39;22m[90m [39m[90mPropertyResource automatically assigns tenant_id from authenticated manager user when creating property @ r[39m[90m…[39m [90m0.39s[39m  
  [31;1m⨯[39;22m[90m [39m[90mPropertyResource automatically assigns tenant_id from authenticated manager user when creating property @ r[39m[90m…[39m [90m0.70s[39m  
  [31;1m⨯[39;22m[90m [39m[90mPropertyResource automatically assigns tenant_id from authenticated manager user when creating property @ r[39m[90m…[39m [90m0.76s[39m  
  [31;1m⨯[39;22m[90m [39m[90mPropertyResource automatically assigns tenant_id from authenticated manager user when creating property @ r[39m[90m…[39m [90m0.68s[39m  
  [31;1m⨯[39;22m[90m [39m[90mPropertyResource automatically assigns tenant_id from authenticated manager user when creating property @ r[39m[90m…[39m [90m0.33s[39m  
  [31;1m⨯[39;22m[90m [39m[90mPropertyResource assigns tenant_id from authenticated user even when building is specified @ repetition 1 o[39m[90m…[39m [90m0.69s[39m  
  [31;1m⨯[39;22m[90m [39m[90mPropertyResource assigns tenant_id from authenticated user even when building is specified @ repetition 2 o[39m[90m…[39m [90m0.32s[39m  
  [31;1m⨯[39;22m[90m [39m[90mPropertyResource assigns tenant_id from authenticated user even when building is specified @ repetition 3 o[39m[90m…[39m [90m0.65s[39m  
  [31;1m⨯[39;22m[90m [39m[90mPropertyResource assigns tenant_id from authenticated user even when building is specified @ repetition 4 o[39m[90m…[39m [90m0.62s[39m  
  [31;1m⨯[39;22m[90m [39m[90mPropertyResource assigns tenant_id from authenticated user even when building is specified @ repetition 5 o[39m[90m…[39m [90m0.64s[39m  
  [31;1m⨯[39;22m[90m [39m[90mPropertyResource assigns tenant_id from authenticated user even when building is specified @ repetition 6 o[39m[90m…[39m [90m0.32s[39m  
  [31;1m⨯[39;22m[90m [39m[90mPropertyResource assigns tenant_id from authenticated user even when building is specified @ repetition 7 o[39m[90m…[39m [90m0.62s[39m  
  [31;1m⨯[39;22m[90m [39m[90mPropertyResource assigns tenant_id from authenticated user even when building is specified @ repetition 8 o[39m[90m…[39m [90m0.61s[39m  
  [31;1m⨯[39;22m[90m [39m[90mPropertyResource assigns tenant_id from authenticated user even when building is specified @ repetition 9 o[39m[90m…[39m [90m0.61s[39m  
  [31;1m⨯[39;22m[90m [39m[90mPropertyResource assigns tenant_id from authenticated user even when building is specified @ repetition 10[39m[90m… [39m [90m0.27s[39m  
  [31;1m⨯[39;22m[90m [39m[90mPropertyResource assigns tenant_id from authenticated user even when building is specified @ repetition 11[39m[90m… [39m [90m0.58s[39m  
  [31;1m⨯[39;22m[90m [39m[90mPropertyResource assigns tenant_id from authenticated user even when building is specified @ repetition 12[39m[90m… [39m [90m0.60s[39m  
  [31;1m⨯[39;22m[90m [39m[90mPropertyResource assigns tenant_id from authenticated user even when building is specified @ repetition 13[39m[90m… [39m [90m0.59s[39m  
  [31;1m⨯[39;22m[90m [39m[90mPropertyResource assigns tenant_id from authenticated user even when building is specified @ repetition 14[39m[90m… [39m [90m0.24s[39m  
  [31;1m⨯[39;22m[90m [39m[90mPropertyResource assigns tenant_id from authenticated user even when building is specified @ repetition 15[39m[90m… [39m [90m0.59s[39m  
  [31;1m⨯[39;22m[90m [39m[90mPropertyResource assigns tenant_id from authenticated user even when building is specified @ repetition 16[39m[90m… [39m [90m0.66s[39m  
  [31;1m⨯[39;22m[90m [39m[90mPropertyResource assigns tenant_id from authenticated user even when building is specified @ repetition 17[39m[90m… [39m [90m0.65s[39m  
  [31;1m⨯[39;22m[90m [39m[90mPropertyResource assigns tenant_id from authenticated user even when building is specified @ repetition 18[39m[90m… [39m [90m0.25s[39m  
  [31;1m⨯[39;22m[90m [39m[90mPropertyResource assigns tenant_id from authenticated user even when building is specified @ repetition 19[39m[90m… [39m [90m0.62s[39m  
  [31;1m⨯[39;22m[90m [39m[90mPropertyResource assigns tenant_id from authenticated user even when building is specified @ repetition 20[39m[90m… [39m [90m0.61s[39m  
  [31;1m⨯[39;22m[90m [39m[90mPropertyResource assigns tenant_id from authenticated user even when building is specified @ repetition 21[39m[90m… [39m [90m0.59s[39m  
  [31;1m⨯[39;22m[90m [39m[90mPropertyResource assigns tenant_id from authenticated user even when building is specified @ repetition 22[39m[90m… [39m [90m0.29s[39m  
  [31;1m⨯[39;22m[90m [39m[90mPropertyResource assigns tenant_id from authenticated user even when building is specified @ repetition 23[39m[90m… [39m [90m0.66s[39m  
  [31;1m⨯[39;22m[90m [39m[90mPropertyResource assigns tenant_id from authenticated user even when building is specified @ repetition 24[39m[90m… [39m [90m0.65s[39m  
  [31;1m⨯[39;22m[90m [39m[90mPropertyResource assigns tenant_id from authenticated user even when building is specified @ repetition 25[39m[90m… [39m [90m0.64s[39m  
  [31;1m⨯[39;22m[90m [39m[90mPropertyResource assigns tenant_id from authenticated user even when building is specified @ repetition 26[39m[90m… [39m [90m0.29s[39m  
  [31;1m⨯[39;22m[90m [39m[90mPropertyResource assigns tenant_id from authenticated user even when building is specified @ repetition 27[39m[90m… [39m [90m0.63s[39m  
  [31;1m⨯[39;22m[90m [39m[90mPropertyResource assigns tenant_id from authenticated user even when building is specified @ repetition 28[39m[90m… [39m [90m0.60s[39m  
  [31;1m⨯[39;22m[90m [39m[90mPropertyResource assigns tenant_id from authenticated user even when building is specified @ repetition 29[39m[90m… [39m [90m0.64s[39m  
  [31;1m⨯[39;22m[90m [39m[90mPropertyResource assigns tenant_id from authenticated user even when building is specified @ repetition 30[39m[90m… [39m [90m0.23s[39m  
  [31;1m⨯[39;22m[90m [39m[90mPropertyResource assigns tenant_id from authenticated user even when building is specified @ repetition 31[39m[90m… [39m [90m0.67s[39m  
  [31;1m⨯[39;22m[90m [39m[90mPropertyResource assigns tenant_id from authenticated user even when building is specified @ repetition 32[39m[90m… [39m [90m0.64s[39m  
  [31;1m⨯[39;22m[90m [39m[90mPropertyResource assigns tenant_id from authenticated user even when building is specified @ repetition 33[39m[90m… [39m [90m0.68s[39m  
  [31;1m⨯[39;22m[90m [39m[90mPropertyResource assigns tenant_id from authenticated user even when building is specified @ repetition 34[39m[90m… [39m [90m0.26s[39m  
  [31;1m⨯[39;22m[90m [39m[90mPropertyResource assigns tenant_id from authenticated user even when building is specified @ repetition 35[39m[90m… [39m [90m0.75s[39m  
  [31;1m⨯[39;22m[90m [39m[90mPropertyResource assigns tenant_id from authenticated user even when building is specified @ repetition 36[39m[90m… [39m [90m0.74s[39m  
  [31;1m⨯[39;22m[90m [39m[90mPropertyResource assigns tenant_id from authenticated user even when building is specified @ repetition 37[39m[90m… [39m [90m0.73s[39m  
  [31;1m⨯[39;22m[90m [39m[90mPropertyResource assigns tenant_id from authenticated user even when building is specified @ repetition 38[39m[90m… [39m [90m0.30s[39m  
  [31;1m⨯[39;22m[90m [39m[90mPropertyResource assigns tenant_id from authenticated user even when building is specified @ repetition 39[39m[90m… [39m [90m0.77s[39m  
  [31;1m⨯[39;22m[90m [39m[90mPropertyResource assigns tenant_id from authenticated user even when building is specified @ repetition 40[39m[90m… [39m [90m0.72s[39m  
  [31;1m⨯[39;22m[90m [39m[90mPropertyResource assigns tenant_id from authenticated user even when building is specified @ repetition 41[39m[90m… [39m [90m0.75s[39m  
  [31;1m⨯[39;22m[90m [39m[90mPropertyResource assigns tenant_id from authenticated user even when building is specified @ repetition 42[39m[90m… [39m [90m0.37s[39m  
  [31;1m⨯[39;22m[90m [39m[90mPropertyResource assigns tenant_id from authenticated user even when building is specified @ repetition 43[39m[90m… [39m [90m0.77s[39m  
  [31;1m⨯[39;22m[90m [39m[90mPropertyResource assigns tenant_id from authenticated user even when building is specified @ repetition 44[39m[90m… [39m [90m0.71s[39m  
  [31;1m⨯[39;22m[90m [39m[90mPropertyResource assigns tenant_id from authenticated user even when building is specified @ repetition 45[39m[90m… [39m [90m0.63s[39m  
  [31;1m⨯[39;22m[90m [39m[90mPropertyResource assigns tenant_id from authenticated user even when building is specified @ repetition 46[39m[90m… [39m [90m0.26s[39m  
  [31;1m⨯[39;22m[90m [39m[90mPropertyResource assigns tenant_id from authenticated user even when building is specified @ repetition 47[39m[90m… [39m [90m0.69s[39m  
  [31;1m⨯[39;22m[90m [39m[90mPropertyResource assigns tenant_id from authenticated user even when building is specified @ repetition 48[39m[90m… [39m [90m0.73s[39m  
  [31;1m⨯[39;22m[90m [39m[90mPropertyResource assigns tenant_id from authenticated user even when building is specified @ repetition 49[39m[90m… [39m [90m0.71s[39m  
  [31;1m⨯[39;22m[90m [39m[90mPropertyResource assigns tenant_id from authenticated user even when building is specified @ repetition 50[39m[90m… [39m [90m0.32s[39m  
  [31;1m⨯[39;22m[90m [39m[90mPropertyResource assigns tenant_id from authenticated user even when building is specified @ repetition 51[39m[90m… [39m [90m0.65s[39m  
  [31;1m⨯[39;22m[90m [39m[90mPropertyResource assigns tenant_id from authenticated user even when building is specified @ repetition 52[39m[90m… [39m [90m0.70s[39m  
  [31;1m⨯[39;22m[90m [39m[90mPropertyResource assigns tenant_id from authenticated user even when building is specified @ repetition 53[39m[90m… [39m [90m0.70s[39m  
  [31;1m⨯[39;22m[90m [39m[90mPropertyResource assigns tenant_id from authenticated user even when building is specified @ repetition 54[39m[90m… [39m [90m0.31s[39m  
  [31;1m⨯[39;22m[90m [39m[90mPropertyResource assigns tenant_id from authenticated user even when building is specified @ repetition 55[39m[90m… [39m [90m0.72s[39m  
  [31;1m⨯[39;22m[90m [39m[90mPropertyResource assigns tenant_id from authenticated user even when building is specified @ repetition 56[39m[90m… [39m [90m0.75s[39m  
  [31;1m⨯[39;22m[90m [39m[90mPropertyResource assigns tenant_id from authenticated user even when building is specified @ repetition 57[39m[90m… [39m [90m0.64s[39m  
  [31;1m⨯[39;22m[90m [39m[90mPropertyResource assigns tenant_id from authenticated user even when building is specified @ repetition 58[39m[90m… [39m [90m0.30s[39m  
  [31;1m⨯[39;22m[90m [39m[90mPropertyResource assigns tenant_id from authenticated user even when building is specified @ repetition 59[39m[90m… [39m [90m0.67s[39m  
  [31;1m⨯[39;22m[90m [39m[90mPropertyResource assigns tenant_id from authenticated user even when building is specified @ repetition 60[39m[90m… [39m [90m0.68s[39m  
  [31;1m⨯[39;22m[90m [39m[90mPropertyResource assigns tenant_id from authenticated user even when building is specified @ repetition 61[39m[90m… [39m [90m0.83s[39m  
  [31;1m⨯[39;22m[90m [39m[90mPropertyResource assigns tenant_id from authenticated user even when building is specified @ repetition 62[39m[90m… [39m [90m0.28s[39m  
  [31;1m⨯[39;22m[90m [39m[90mPropertyResource assigns tenant_id from authenticated user even when building is specified @ repetition 63[39m[90m… [39m [90m0.72s[39m  
  [31;1m⨯[39;22m[90m [39m[90mPropertyResource assigns tenant_id from authenticated user even when building is specified @ repetition 64[39m[90m… [39m [90m0.71s[39m  
  [31;1m⨯[39;22m[90m [39m[90mPropertyResource assigns tenant_id from authenticated user even when building is specified @ repetition 65[39m[90m… [39m [90m0.72s[39m  
  [31;1m⨯[39;22m[90m [39m[90mPropertyResource assigns tenant_id from authenticated user even when building is specified @ repetition 66[39m[90m… [39m [90m0.33s[39m  
  [31;1m⨯[39;22m[90m [39m[90mPropertyResource assigns tenant_id from authenticated user even when building is specified @ repetition 67[39m[90m… [39m [90m0.71s[39m  
  [31;1m⨯[39;22m[90m [39m[90mPropertyResource assigns tenant_id from authenticated user even when building is specified @ repetition 68[39m[90m… [39m [90m0.75s[39m  
  [31;1m⨯[39;22m[90m [39m[90mPropertyResource assigns tenant_id from authenticated user even when building is specified @ repetition 69[39m[90m… [39m [90m0.58s[39m  
  [31;1m⨯[39;22m[90m [39m[90mPropertyResource assigns tenant_id from authenticated user even when building is specified @ repetition 70[39m[90m… [39m [90m0.30s[39m  
  [31;1m⨯[39;22m[90m [39m[90mPropertyResource assigns tenant_id from authenticated user even when building is specified @ repetition 71[39m[90m… [39m [90m0.63s[39m  
  [31;1m⨯[39;22m[90m [39m[90mPropertyResource assigns tenant_id from authenticated user even when building is specified @ repetition 72[39m[90m… [39m [90m0.66s[39m  
  [31;1m⨯[39;22m[90m [39m[90mPropertyResource assigns tenant_id from authenticated user even when building is specified @ repetition 73[39m[90m… [39m [90m0.67s[39m  
  [31;1m⨯[39;22m[90m [39m[90mPropertyResource assigns tenant_id from authenticated user even when building is specified @ repetition 74[39m[90m… [39m [90m0.27s[39m  
  [31;1m⨯[39;22m[90m [39m[90mPropertyResource assigns tenant_id from authenticated user even when building is specified @ repetition 75[39m[90m… [39m [90m0.69s[39m  
  [31;1m⨯[39;22m[90m [39m[90mPropertyResource assigns tenant_id from authenticated user even when building is specified @ repetition 76[39m[90m… [39m [90m0.66s[39m  
  [31;1m⨯[39;22m[90m [39m[90mPropertyResource assigns tenant_id from authenticated user even when building is specified @ repetition 77[39m[90m… [39m [90m0.68s[39m  
  [31;1m⨯[39;22m[90m [39m[90mPropertyResource assigns tenant_id from authenticated user even when building is specified @ repetition 78[39m[90m… [39m [90m0.34s[39m  
  [31;1m⨯[39;22m[90m [39m[90mPropertyResource assigns tenant_id from authenticated user even when building is specified @ repetition 79[39m[90m… [39m [90m0.65s[39m  
  [31;1m⨯[39;22m[90m [39m[90mPropertyResource assigns tenant_id from authenticated user even when building is specified @ repetition 80[39m[90m… [39m [90m0.71s[39m  
  [31;1m⨯[39;22m[90m [39m[90mPropertyResource assigns tenant_id from authenticated user even when building is specified @ repetition 81[39m[90m… [39m [90m0.64s[39m  
  [31;1m⨯[39;22m[90m [39m[90mPropertyResource assigns tenant_id from authenticated user even when building is specified @ repetition 82[39m[90m… [39m [90m0.28s[39m  
  [31;1m⨯[39;22m[90m [39m[90mPropertyResource assigns tenant_id from authenticated user even when building is specified @ repetition 83[39m[90m… [39m [90m0.67s[39m  
  [31;1m⨯[39;22m[90m [39m[90mPropertyResource assigns tenant_id from authenticated user even when building is specified @ repetition 84[39m[90m… [39m [90m0.72s[39m  
  [31;1m⨯[39;22m[90m [39m[90mPropertyResource assigns tenant_id from authenticated user even when building is specified @ repetition 85[39m[90m… [39m [90m0.67s[39m  
  [31;1m⨯[39;22m[90m [39m[90mPropertyResource assigns tenant_id from authenticated user even when building is specified @ repetition 86[39m[90m… [39m [90m0.29s[39m  
  [31;1m⨯[39;22m[90m [39m[90mPropertyResource assigns tenant_id from authenticated user even when building is specified @ repetition 87[39m[90m… [39m [90m0.65s[39m  
  [31;1m⨯[39;22m[90m [39m[90mPropertyResource assigns tenant_id from authenticated user even when building is specified @ repetition 88[39m[90m… [39m [90m0.64s[39m  
  [31;1m⨯[39;22m[90m [39m[90mPropertyResource assigns tenant_id from authenticated user even when building is specified @ repetition 89[39m[90m… [39m [90m0.69s[39m  
  [31;1m⨯[39;22m[90m [39m[90mPropertyResource assigns tenant_id from authenticated user even when building is specified @ repetition 90[39m[90m… [39m [90m0.25s[39m  
  [31;1m⨯[39;22m[90m [39m[90mPropertyResource assigns tenant_id from authenticated user even when building is specified @ repetition 91[39m[90m… [39m [90m0.71s[39m  
  [31;1m⨯[39;22m[90m [39m[90mPropertyResource assigns tenant_id from authenticated user even when building is specified @ repetition 92[39m[90m… [39m [90m0.79s[39m  
  [31;1m⨯[39;22m[90m [39m[90mPropertyResource assigns tenant_id from authenticated user even when building is specified @ repetition 93[39m[90m… [39m [90m0.72s[39m  
  [31;1m⨯[39;22m[90m [39m[90mPropertyResource assigns tenant_id from authenticated user even when building is specified @ repetition 94[39m[90m… [39m [90m0.33s[39m  
  [31;1m⨯[39;22m[90m [39m[90mPropertyResource assigns tenant_id from authenticated user even when building is specified @ repetition 95[39m[90m… [39m [90m0.80s[39m  
  [31;1m⨯[39;22m[90m [39m[90mPropertyResource assigns tenant_id from authenticated user even when building is specified @ repetition 96[39m[90m… [39m [90m0.75s[39m  
  [31;1m⨯[39;22m[90m [39m[90mPropertyResource assigns tenant_id from authenticated user even when building is specified @ repetition 97[39m[90m… [39m [90m0.81s[39m  
  [31;1m⨯[39;22m[90m [39m[90mPropertyResource assigns tenant_id from authenticated user even when building is specified @ repetition 98[39m[90m… [39m [90m0.38s[39m  
  [31;1m⨯[39;22m[90m [39m[90mPropertyResource assigns tenant_id from authenticated user even when building is specified @ repetition 99[39m[90m… [39m [90m0.77s[39m  
  [31;1m⨯[39;22m[90m [39m[90mPropertyResource assigns tenant_id from authenticated user even when building is specified @ repetition 100[39m[90m…[39m [90m0.79s[39m  
  [31;1m⨯[39;22m[90m [39m[90mPropertyResource assigns different tenant_ids for different authenticated users @ repetition 1 of 100[39m[90m       [39m [90m0.54s[39m  
  [31;1m⨯[39;22m[90m [39m[90mPropertyResource assigns different tenant_ids for different authenticated users @ repetition 2 of 100[39m[90m       [39m [90m0.66s[39m  
  [31;1m⨯[39;22m[90m [39m[90mPropertyResource assigns different tenant_ids for different authenticated users @ repetition 3 of 100[39m[90m       [39m [90m0.71s[39m  
  [31;1m⨯[39;22m[90m [39m[90mPropertyResource assigns different tenant_ids for different authenticated users @ repetition 4 of 100[39m[90m       [39m [90m0.39s[39m  
  [31;1m⨯[39;22m[90m [39m[90mPropertyResource assigns different tenant_ids for different authenticated users @ repetition 5 of 100[39m[90m       [39m [90m0.76s[39m  
  [31;1m⨯[39;22m[90m [39m[90mPropertyResource assigns different tenant_ids for different authenticated users @ repetition 6 of 100[39m[90m       [39m [90m0.68s[39m  
  [31;1m⨯[39;22m[90m [39m[90mPropertyResource assigns different tenant_ids for different authenticated users @ repetition 7 of 100[39m[90m       [39m [90m0.73s[39m  
  [31;1m⨯[39;22m[90m [39m[90mPropertyResource assigns different tenant_ids for different authenticated users @ repetition 8 of 100[39m[90m       [39m [90m0.30s[39m  
  [31;1m⨯[39;22m[90m [39m[90mPropertyResource assigns different tenant_ids for different authenticated users @ repetition 9 of 100[39m[90m       [39m [90m0.66s[39m  
  [31;1m⨯[39;22m[90m [39m[90mPropertyResource assigns different tenant_ids for different authenticated users @ repetition 10 of 100[39m[90m      [39m [90m0.69s[39m  
  [31;1m⨯[39;22m[90m [39m[90mPropertyResource assigns different tenant_ids for different authenticated users @ repetition 11 of 100[39m[90m      [39m [90m0.74s[39m  
  [31;1m⨯[39;22m[90m [39m[90mPropertyResource assigns different tenant_ids for different authenticated users @ repetition 12 of 100[39m[90m      [39m [90m0.32s[39m  
  [31;1m⨯[39;22m[90m [39m[90mPropertyResource assigns different tenant_ids for different authenticated users @ repetition 13 of 100[39m[90m      [39m [90m0.70s[39m  
  [31;1m⨯[39;22m[90m [39m[90mPropertyResource assigns different tenant_ids for different authenticated users @ repetition 14 of 100[39m[90m      [39m [90m0.66s[39m  
  [31;1m⨯[39;22m[90m [39m[90mPropertyResource assigns different tenant_ids for different authenticated users @ repetition 15 of 100[39m[90m      [39m [90m0.66s[39m  
  [31;1m⨯[39;22m[90m [39m[90mPropertyResource assigns different tenant_ids for different authenticated users @ repetition 16 of 100[39m[90m      [39m [90m0.29s[39m  
  [31;1m⨯[39;22m[90m [39m[90mPropertyResource assigns different tenant_ids for different authenticated users @ repetition 17 of 100[39m[90m      [39m [90m0.71s[39m  
  [31;1m⨯[39;22m[90m [39m[90mPropertyResource assigns different tenant_ids for different authenticated users @ repetition 18 of 100[39m[90m      [39m [90m0.73s[39m  
  [31;1m⨯[39;22m[90m [39m[90mPropertyResource assigns different tenant_ids for different authenticated users @ repetition 19 of 100[39m[90m      [39m [90m0.69s[39m  
  [31;1m⨯[39;22m[90m [39m[90mPropertyResource assigns different tenant_ids for different authenticated users @ repetition 20 of 100[39m[90m      [39m [90m0.31s[39m  
  [31;1m⨯[39;22m[90m [39m[90mPropertyResource assigns different tenant_ids for different authenticated users @ repetition 21 of 100[39m[90m      [39m [90m0.74s[39m  
  [31;1m⨯[39;22m[90m [39m[90mPropertyResource assigns different tenant_ids for different authenticated users @ repetition 22 of 100[39m[90m      [39m [90m0.66s[39m  
  [31;1m⨯[39;22m[90m [39m[90mPropertyResource assigns different tenant_ids for different authenticated users @ repetition 23 of 100[39m[90m      [39m [90m0.81s[39m  
  [31;1m⨯[39;22m[90m [39m[90mPropertyResource assigns different tenant_ids for different authenticated users @ repetition 24 of 100[39m[90m      [39m [90m0.35s[39m  
  [31;1m⨯[39;22m[90m [39m[90mPropertyResource assigns different tenant_ids for different authenticated users @ repetition 25 of 100[39m[90m      [39m [90m0.80s[39m  
  [31;1m⨯[39;22m[90m [39m[90mPropertyResource assigns different tenant_ids for different authenticated users @ repetition 26 of 100[39m[90m      [39m [90m0.76s[39m  
  [31;1m⨯[39;22m[90m [39m[90mPropertyResource assigns different tenant_ids for different authenticated users @ repetition 27 of 100[39m[90m      [39m [90m0.79s[39m  
  [31;1m⨯[39;22m[90m [39m[90mPropertyResource assigns different tenant_ids for different authenticated users @ repetition 28 of 100[39m[90m      [39m [90m0.38s[39m  
  [31;1m⨯[39;22m[90m [39m[90mPropertyResource assigns different tenant_ids for different authenticated users @ repetition 29 of 100[39m[90m      [39m [90m0.83s[39m  
  [31;1m⨯[39;22m[90m [39m[90mPropertyResource assigns different tenant_ids for different authenticated users @ repetition 30 of 100[39m[90m      [39m [90m0.74s[39m  
  [31;1m⨯[39;22m[90m [39m[90mPropertyResource assigns different tenant_ids for different authenticated users @ repetition 31 of 100[39m[90m      [39m [90m0.84s[39m  
  [31;1m⨯[39;22m[90m [39m[90mPropertyResource assigns different tenant_ids for different authenticated users @ repetition 32 of 100[39m[90m      [39m [90m0.39s[39m  
  [31;1m⨯[39;22m[90m [39m[90mPropertyResource assigns different tenant_ids for different authenticated users @ repetition 33 of 100[39m[90m      [39m [90m0.87s[39m  
  [31;1m⨯[39;22m[90m [39m[90mPropertyResource assigns different tenant_ids for different authenticated users @ repetition 34 of 100[39m[90m      [39m [90m0.81s[39m  
  [31;1m⨯[39;22m[90m [39m[90mPropertyResource assigns different tenant_ids for different authenticated users @ repetition 35 of 100[39m[90m      [39m [90m0.84s[39m  
  [31;1m⨯[39;22m[90m [39m[90mPropertyResource assigns different tenant_ids for different authenticated users @ repetition 36 of 100[39m[90m      [39m [90m0.38s[39m  
  [31;1m⨯[39;22m[90m [39m[90mPropertyResource assigns different tenant_ids for different authenticated users @ repetition 37 of 100[39m[90m      [39m [90m0.82s[39m  
  [31;1m⨯[39;22m[90m [39m[90mPropertyResource assigns different tenant_ids for different authenticated users @ repetition 38 of 100[39m[90m      [39m [90m0.85s[39m  
  [31;1m⨯[39;22m[90m [39m[90mPropertyResource assigns different tenant_ids for different authenticated users @ repetition 39 of 100[39m[90m      [39m [90m0.89s[39m  
  [31;1m⨯[39;22m[90m [39m[90mPropertyResource assigns different tenant_ids for different authenticated users @ repetition 40 of 100[39m[90m      [39m [90m0.37s[39m  
  [31;1m⨯[39;22m[90m [39m[90mPropertyResource assigns different tenant_ids for different authenticated users @ repetition 41 of 100[39m[90m      [39m [90m0.85s[39m  
  [31;1m⨯[39;22m[90m [39m[90mPropertyResource assigns different tenant_ids for different authenticated users @ repetition 42 of 100[39m[90m      [39m [90m0.76s[39m  
  [31;1m⨯[39;22m[90m [39m[90mPropertyResource assigns different tenant_ids for different authenticated users @ repetition 43 of 100[39m[90m      [39m [90m0.83s[39m  
  [31;1m⨯[39;22m[90m [39m[90mPropertyResource assigns different tenant_ids for different authenticated users @ repetition 44 of 100[39m[90m      [39m [90m0.35s[39m  
  [31;1m⨯[39;22m[90m [39m[90mPropertyResource assigns different tenant_ids for different authenticated users @ repetition 45 of 100[39m[90m      [39m [90m0.90s[39m  
  [31;1m⨯[39;22m[90m [39m[90mPropertyResource assigns different tenant_ids for different authenticated users @ repetition 46 of 100[39m[90m      [39m [90m0.76s[39m  
  [31;1m⨯[39;22m[90m [39m[90mPropertyResource assigns different tenant_ids for different authenticated users @ repetition 47 of 100[39m[90m      [39m [90m0.76s[39m  
  [31;1m⨯[39;22m[90m [39m[90mPropertyResource assigns different tenant_ids for different authenticated users @ repetition 48 of 100[39m[90m      [39m [90m0.38s[39m  
  [31;1m⨯[39;22m[90m [39m[90mPropertyResource assigns different tenant_ids for different authenticated users @ repetition 49 of 100[39m[90m      [39m [90m1.02s[39m  
  [31;1m⨯[39;22m[90m [39m[90mPropertyResource assigns different tenant_ids for different authenticated users @ repetition 50 of 100[39m[90m      [39m [90m1.21s[39m  
  [31;1m⨯[39;22m[90m [39m[90mPropertyResource assigns different tenant_ids for different authenticated users @ repetition 51 of 100[39m[90m      [39m [90m0.93s[39m  
  [31;1m⨯[39;22m[90m [39m[90mPropertyResource assigns different tenant_ids for different authenticated users @ repetition 52 of 100[39m[90m      [39m [90m0.34s[39m  
  [31;1m⨯[39;22m[90m [39m[90mPropertyResource assigns different tenant_ids for different authenticated users @ repetition 53 of 100[39m[90m      [39m [90m0.85s[39m  
  [31;1m⨯[39;22m[90m [39m[90mPropertyResource assigns different tenant_ids for different authenticated users @ repetition 54 of 100[39m[90m      [39m [90m0.99s[39m  
  [31;1m⨯[39;22m[90m [39m[90mPropertyResource assigns different tenant_ids for different authenticated users @ repetition 55 of 100[39m[90m      [39m [90m0.97s[39m  
  [31;1m⨯[39;22m[90m [39m[90mPropertyResource assigns different tenant_ids for different authenticated users @ repetition 56 of 100[39m[90m      [39m [90m0.49s[39m  
  [31;1m⨯[39;22m[90m [39m[90mPropertyResource assigns different tenant_ids for different authenticated users @ repetition 57 of 100[39m[90m      [39m [90m0.95s[39m  
  [31;1m⨯[39;22m[90m [39m[90mPropertyResource assigns different tenant_ids for different authenticated users @ repetition 58 of 100[39m[90m      [39m [90m0.95s[39m  
  [31;1m⨯[39;22m[90m [39m[90mPropertyResource assigns different tenant_ids for different authenticated users @ repetition 59 of 100[39m[90m      [39m [90m1.15s[39m  
  [31;1m⨯[39;22m[90m [39m[90mPropertyResource assigns different tenant_ids for different authenticated users @ repetition 60 of 100[39m[90m      [39m [90m0.49s[39m  
  [31;1m⨯[39;22m[90m [39m[90mPropertyResource assigns different tenant_ids for different authenticated users @ repetition 61 of 100[39m[90m      [39m [90m0.96s[39m  
  [31;1m⨯[39;22m[90m [39m[90mPropertyResource assigns different tenant_ids for different authenticated users @ repetition 62 of 100[39m[90m      [39m [90m1.04s[39m  
  [31;1m⨯[39;22m[90m [39m[90mPropertyResource assigns different tenant_ids for different authenticated users @ repetition 63 of 100[39m[90m      [39m [90m0.99s[39m  
  [31;1m⨯[39;22m[90m [39m[90mPropertyResource assigns different tenant_ids for different authenticated users @ repetition 64 of 100[39m[90m      [39m [90m0.49s[39m  
  [31;1m⨯[39;22m[90m [39m[90mPropertyResource assigns different tenant_ids for different authenticated users @ repetition 65 of 100[39m[90m      [39m [90m1.02s[39m  
  [31;1m⨯[39;22m[90m [39m[90mPropertyResource assigns different tenant_ids for different authenticated users @ repetition 66 of 100[39m[90m      [39m [90m1.01s[39m  
  [31;1m⨯[39;22m[90m [39m[90mPropertyResource assigns different tenant_ids for different authenticated users @ repetition 67 of 100[39m[90m      [39m [90m1.07s[39m  
  [31;1m⨯[39;22m[90m [39m[90mPropertyResource assigns different tenant_ids for different authenticated users @ repetition 68 of 100[39m[90m      [39m [90m0.43s[39m  
  [31;1m⨯[39;22m[90m [39m[90mPropertyResource assigns different tenant_ids for different authenticated users @ repetition 69 of 100[39m[90m      [39m [90m1.03s[39m  
  [31;1m⨯[39;22m[90m [39m[90mPropertyResource assigns different tenant_ids for different authenticated users @ repetition 70 of 100[39m[90m      [39m [90m0.91s[39m  
  [31;1m⨯[39;22m[90m [39m[90mPropertyResource assigns different tenant_ids for different authenticated users @ repetition 71 of 100[39m[90m      [39m [90m1.06s[39m  
  [31;1m⨯[39;22m[90m [39m[90mPropertyResource assigns different tenant_ids for different authenticated users @ repetition 72 of 100[39m[90m      [39m [90m0.44s[39m  
  [31;1m⨯[39;22m[90m [39m[90mPropertyResource assigns different tenant_ids for different authenticated users @ repetition 73 of 100[39m[90m      [39m [90m1.08s[39m  
  [31;1m⨯[39;22m[90m [39m[90mPropertyResource assigns different tenant_ids for different authenticated users @ repetition 74 of 100[39m[90m      [39m [90m0.98s[39m  
  [31;1m⨯[39;22m[90m [39m[90mPropertyResource assigns different tenant_ids for different authenticated users @ repetition 75 of 100[39m[90m      [39m [90m1.05s[39m  
  [31;1m⨯[39;22m[90m [39m[90mPropertyResource assigns different tenant_ids for different authenticated users @ repetition 76 of 100[39m[90m      [39m [90m0.46s[39m  
  [31;1m⨯[39;22m[90m [39m[90mPropertyResource assigns different tenant_ids for different authenticated users @ repetition 77 of 100[39m[90m      [39m [90m1.07s[39m  
  [31;1m⨯[39;22m[90m [39m[90mPropertyResource assigns different tenant_ids for different authenticated users @ repetition 78 of 100[39m[90m      [39m [90m1.17s[39m  
  [31;1m⨯[39;22m[90m [39m[90mPropertyResource assigns different tenant_ids for different authenticated users @ repetition 79 of 100[39m[90m      [39m [90m1.09s[39m  
  [31;1m⨯[39;22m[90m [39m[90mPropertyResource assigns different tenant_ids for different authenticated users @ repetition 80 of 100[39m[90m      [39m [90m0.55s[39m  
  [31;1m⨯[39;22m[90m [39m[90mPropertyResource assigns different tenant_ids for different authenticated users @ repetition 81 of 100[39m[90m      [39m [90m0.95s[39m  
  [31;1m⨯[39;22m[90m [39m[90mPropertyResource assigns different tenant_ids for different authenticated users @ repetition 82 of 100[39m[90m      [39m [90m0.99s[39m  
  [31;1m⨯[39;22m[90m [39m[90mPropertyResource assigns different tenant_ids for different authenticated users @ repetition 83 of 100[39m[90m      [39m [90m1.05s[39m  
  [31;1m⨯[39;22m[90m [39m[90mPropertyResource assigns different tenant_ids for different authenticated users @ repetition 84 of 100[39m[90m      [39m [90m0.37s[39m  
  [31;1m⨯[39;22m[90m [39m[90mPropertyResource assigns different tenant_ids for different authenticated users @ repetition 85 of 100[39m[90m      [39m [90m1.18s[39m  
  [31;1m⨯[39;22m[90m [39m[90mPropertyResource assigns different tenant_ids for different authenticated users @ repetition 86 of 100[39m[90m      [39m [90m1.06s[39m  
  [31;1m⨯[39;22m[90m [39m[90mPropertyResource assigns different tenant_ids for different authenticated users @ repetition 87 of 100[39m[90m      [39m [90m1.10s[39m  
  [31;1m⨯[39;22m[90m [39m[90mPropertyResource assigns different tenant_ids for different authenticated users @ repetition 88 of 100[39m[90m      [39m [90m0.52s[39m  
  [31;1m⨯[39;22m[90m [39m[90mPropertyResource assigns different tenant_ids for different authenticated users @ repetition 89 of 100[39m[90m      [39m [90m1.19s[39m  
  [31;1m⨯[39;22m[90m [39m[90mPropertyResource assigns different tenant_ids for different authenticated users @ repetition 90 of 100[39m[90m      [39m [90m1.02s[39m  
  [31;1m⨯[39;22m[90m [39m[90mPropertyResource assigns different tenant_ids for different authenticated users @ repetition 91 of 100[39m[90m      [39m [90m1.07s[39m  
  [31;1m⨯[39;22m[90m [39m[90mPropertyResource assigns different tenant_ids for different authenticated users @ repetition 92 of 100[39m[90m      [39m [90m0.49s[39m  
  [31;1m⨯[39;22m[90m [39m[90mPropertyResource assigns different tenant_ids for different authenticated users @ repetition 93 of 100[39m[90m      [39m [90m0.93s[39m  
  [31;1m⨯[39;22m[90m [39m[90mPropertyResource assigns different tenant_ids for different authenticated users @ repetition 94 of 100[39m[90m      [39m [90m0.94s[39m  
  [31;1m⨯[39;22m[90m [39m[90mPropertyResource assigns different tenant_ids for different authenticated users @ repetition 95 of 100[39m[90m      [39m [90m1.10s[39m  
  [31;1m⨯[39;22m[90m [39m[90mPropertyResource assigns different tenant_ids for different authenticated users @ repetition 96 of 100[39m[90m      [39m [90m0.53s[39m  
  [31;1m⨯[39;22m[90m [39m[90mPropertyResource assigns different tenant_ids for different authenticated users @ repetition 97 of 100[39m[90m      [39m [90m0.98s[39m  
  [31;1m⨯[39;22m[90m [39m[90mPropertyResource assigns different tenant_ids for different authenticated users @ repetition 98 of 100[39m[90m      [39m [90m0.96s[39m  
  [31;1m⨯[39;22m[90m [39m[90mPropertyResource assigns different tenant_ids for different authenticated users @ repetition 99 of 100[39m[90m      [39m [90m1.04s[39m  
  [31;1m⨯[39;22m[90m [39m[90mPropertyResource assigns different tenant_ids for different authenticated users @ repetition 100 of 100[39m[90m     [39m [90m0.46s[39m  
  [31;1m⨯[39;22m[90m [39m[90mPropertyResource tenant_id assignment persists correctly in database @ repetition 1 of 100[39m[90m                  [39m [90m1.12s[39m  
  [31;1m⨯[39;22m[90m [39m[90mPropertyResource tenant_id assignment persists correctly in database @ repetition 2 of 100[39m[90m                  [39m [90m0.50s[39m  
  [31;1m⨯[39;22m[90m [39m[90mPropertyResource tenant_id assignment persists correctly in database @ repetition 3 of 100[39m[90m                  [39m [90m1.17s[39m  
  [31;1m⨯[39;22m[90m [39m[90mPropertyResource tenant_id assignment persists correctly in database @ repetition 4 of 100[39m[90m                  [39m [90m1.10s[39m  
  [31;1m⨯[39;22m[90m [39m[90mPropertyResource tenant_id assignment persists correctly in database @ repetition 5 of 100[39m[90m                  [39m [90m1.30s[39m  
  [31;1m⨯[39;22m[90m [39m[90mPropertyResource tenant_id assignment persists correctly in database @ repetition 6 of 100[39m[90m                  [39m [90m0.45s[39m  
  [31;1m⨯[39;22m[90m [39m[90mPropertyResource tenant_id assignment persists correctly in database @ repetition 7 of 100[39m[90m                  [39m [90m0.88s[39m  
  [31;1m⨯[39;22m[90m [39m[90mPropertyResource tenant_id assignment persists correctly in database @ repetition 8 of 100[39m[90m                  [39m [90m0.92s[39m  
  [31;1m⨯[39;22m[90m [39m[90mPropertyResource tenant_id assignment persists correctly in database @ repetition 9 of 100[39m[90m                  [39m [90m1.01s[39m  
  [31;1m⨯[39;22m[90m [39m[90mPropertyResource tenant_id assignment persists correctly in database @ repetition 10 of 100[39m[90m                 [39m [90m0.46s[39m  
  [31;1m⨯[39;22m[90m [39m[90mPropertyResource tenant_id assignment persists correctly in database @ repetition 11 of 100[39m[90m                 [39m [90m0.91s[39m  
  [31;1m⨯[39;22m[90m [39m[90mPropertyResource tenant_id assignment persists correctly in database @ repetition 12 of 100[39m[90m                 [39m [90m0.90s[39m  
  [31;1m⨯[39;22m[90m [39m[90mPropertyResource tenant_id assignment persists correctly in database @ repetition 13 of 100[39m[90m                 [39m [90m1.04s[39m  
  [31;1m⨯[39;22m[90m [39m[90mPropertyResource tenant_id assignment persists correctly in database @ repetition 14 of 100[39m[90m                 [39m [90m0.41s[39m  
  [31;1m⨯[39;22m[90m [39m[90mPropertyResource tenant_id assignment persists correctly in database @ repetition 15 of 100[39m[90m                 [39m [90m0.87s[39m  
  [31;1m⨯[39;22m[90m [39m[90mPropertyResource tenant_id assignment persists correctly in database @ repetition 16 of 100[39m[90m                 [39m [90m0.79s[39m  
  [31;1m⨯[39;22m[90m [39m[90mPropertyResource tenant_id assignment persists correctly in database @ repetition 17 of 100[39m[90m                 [39m [90m1.00s[39m  
  [31;1m⨯[39;22m[90m [39m[90mPropertyResource tenant_id assignment persists correctly in database @ repetition 18 of 100[39m[90m                 [39m [90m0.36s[39m  
  [31;1m⨯[39;22m[90m [39m[90mPropertyResource tenant_id assignment persists correctly in database @ repetition 19 of 100[39m[90m                 [39m [90m0.83s[39m  
  [31;1m⨯[39;22m[90m [39m[90mPropertyResource tenant_id assignment persists correctly in database @ repetition 20 of 100[39m[90m                 [39m [90m0.90s[39m  
  [31;1m⨯[39;22m[90m [39m[90mPropertyResource tenant_id assignment persists correctly in database @ repetition 21 of 100[39m[90m                 [39m [90m0.96s[39m  
  [31;1m⨯[39;22m[90m [39m[90mPropertyResource tenant_id assignment persists correctly in database @ repetition 22 of 100[39m[90m                 [39m [90m0.32s[39m  
  [31;1m⨯[39;22m[90m [39m[90mPropertyResource tenant_id assignment persists correctly in database @ repetition 23 of 100[39m[90m                 [39m [90m0.82s[39m  
  [31;1m⨯[39;22m[90m [39m[90mPropertyResource tenant_id assignment persists correctly in database @ repetition 24 of 100[39m[90m                 [39m [90m0.87s[39m  
  [31;1m⨯[39;22m[90m [39m[90mPropertyResource tenant_id assignment persists correctly in database @ repetition 25 of 100[39m[90m                 [39m [90m0.88s[39m  
  [31;1m⨯[39;22m[90m [39m[90mPropertyResource tenant_id assignment persists correctly in database @ repetition 26 of 100[39m[90m                 [39m [90m0.31s[39m  
  [31;1m⨯[39;22m[90m [39m[90mPropertyResource tenant_id assignment persists correctly in database @ repetition 27 of 100[39m[90m                 [39m [90m0.79s[39m  
  [31;1m⨯[39;22m[90m [39m[90mPropertyResource tenant_id assignment persists correctly in database @ repetition 28 of 100[39m[90m                 [39m [90m0.68s[39m  
  [31;1m⨯[39;22m[90m [39m[90mPropertyResource tenant_id assignment persists correctly in database @ repetition 29 of 100[39m[90m                 [39m [90m0.88s[39m  
  [31;1m⨯[39;22m[90m [39m[90mPropertyResource tenant_id assignment persists correctly in database @ repetition 30 of 100[39m[90m                 [39m [90m0.32s[39m  
  [31;1m⨯[39;22m[90m [39m[90mPropertyResource tenant_id assignment persists correctly in database @ repetition 31 of 100[39m[90m                 [39m [90m0.74s[39m  
  [31;1m⨯[39;22m[90m [39m[90mPropertyResource tenant_id assignment persists correctly in database @ repetition 32 of 100[39m[90m                 [39m [90m0.77s[39m  
  [31;1m⨯[39;22m[90m [39m[90mPropertyResource tenant_id assignment persists correctly in database @ repetition 33 of 100[39m[90m                 [39m [90m0.86s[39m  
  [31;1m⨯[39;22m[90m [39m[90mPropertyResource tenant_id assignment persists correctly in database @ repetition 34 of 100[39m[90m                 [39m [90m0.26s[39m  
  [31;1m⨯[39;22m[90m [39m[90mPropertyResource tenant_id assignment persists correctly in database @ repetition 35 of 100[39m[90m                 [39m [90m0.76s[39m  
  [31;1m⨯[39;22m[90m [39m[90mPropertyResource tenant_id assignment persists correctly in database @ repetition 36 of 100[39m[90m                 [39m [90m0.84s[39m  
  [31;1m⨯[39;22m[90m [39m[90mPropertyResource tenant_id assignment persists correctly in database @ repetition 37 of 100[39m[90m                 [39m [90m0.86s[39m  
  [31;1m⨯[39;22m[90m [39m[90mPropertyResource tenant_id assignment persists correctly in database @ repetition 38 of 100[39m[90m                 [39m [90m0.33s[39m  
  [31;1m⨯[39;22m[90m [39m[90mPropertyResource tenant_id assignment persists correctly in database @ repetition 39 of 100[39m[90m                 [39m [90m0.84s[39m  
  [31;1m⨯[39;22m[90m [39m[90mPropertyResource tenant_id assignment persists correctly in database @ repetition 40 of 100[39m[90m                 [39m [90m0.81s[39m  
  [31;1m⨯[39;22m[90m [39m[90mPropertyResource tenant_id assignment persists correctly in database @ repetition 41 of 100[39m[90m                 [39m [90m0.97s[39m  
  [31;1m⨯[39;22m[90m [39m[90mPropertyResource tenant_id assignment persists correctly in database @ repetition 42 of 100[39m[90m                 [39m [90m0.32s[39m  
  [31;1m⨯[39;22m[90m [39m[90mPropertyResource tenant_id assignment persists correctly in database @ repetition 43 of 100[39m[90m                 [39m [90m0.82s[39m  
  [31;1m⨯[39;22m[90m [39m[90mPropertyResource tenant_id assignment persists correctly in database @ repetition 44 of 100[39m[90m                 [39m [90m0.75s[39m  
  [31;1m⨯[39;22m[90m [39m[90mPropertyResource tenant_id assignment persists correctly in database @ repetition 45 of 100[39m[90m                 [39m [90m0.95s[39m  
  [31;1m⨯[39;22m[90m [39m[90mPropertyResource tenant_id assignment persists correctly in database @ repetition 46 of 100[39m[90m                 [39m [90m0.31s[39m  
  [31;1m⨯[39;22m[90m [39m[90mPropertyResource tenant_id assignment persists correctly in database @ repetition 47 of 100[39m[90m                 [39m [90m0.75s[39m  
  [31;1m⨯[39;22m[90m [39m[90mPropertyResource tenant_id assignment persists correctly in database @ repetition 48 of 100[39m[90m                 [39m [90m0.73s[39m  
  [31;1m⨯[39;22m[90m [39m[90mPropertyResource tenant_id assignment persists correctly in database @ repetition 49 of 100[39m[90m                 [39m [90m0.90s[39m  
  [31;1m⨯[39;22m[90m [39m[90mPropertyResource tenant_id assignment persists correctly in database @ repetition 50 of 100[39m[90m                 [39m [90m0.33s[39m  
  [31;1m⨯[39;22m[90m [39m[90mPropertyResource tenant_id assignment persists correctly in database @ repetition 51 of 100[39m[90m                 [39m [90m0.83s[39m  
  [31;1m⨯[39;22m[90m [39m[90mPropertyResource tenant_id assignment persists correctly in database @ repetition 52 of 100[39m[90m                 [39m [90m0.83s[39m  
  [31;1m⨯[39;22m[90m [39m[90mPropertyResource tenant_id assignment persists correctly in database @ repetition 53 of 100[39m[90m                 [39m [90m0.85s[39m  
  [31;1m⨯[39;22m[90m [39m[90mPropertyResource tenant_id assignment persists correctly in database @ repetition 54 of 100[39m[90m                 [39m [90m0.33s[39m  
  [31;1m⨯[39;22m[90m [39m[90mPropertyResource tenant_id assignment persists correctly in database @ repetition 55 of 100[39m[90m                 [39m [90m0.85s[39m  
  [31;1m⨯[39;22m[90m [39m[90mPropertyResource tenant_id assignment persists correctly in database @ repetition 56 of 100[39m[90m                 [39m [90m0.81s[39m  
  [31;1m⨯[39;22m[90m [39m[90mPropertyResource tenant_id assignment persists correctly in database @ repetition 57 of 100[39m[90m                 [39m [90m0.85s[39m  
  [31;1m⨯[39;22m[90m [39m[90mPropertyResource tenant_id assignment persists correctly in database @ repetition 58 of 100[39m[90m                 [39m [90m0.27s[39m  
  [31;1m⨯[39;22m[90m [39m[90mPropertyResource tenant_id assignment persists correctly in database @ repetition 59 of 100[39m[90m                 [39m [90m0.76s[39m  
  [31;1m⨯[39;22m[90m [39m[90mPropertyResource tenant_id assignment persists correctly in database @ repetition 60 of 100[39m[90m                 [39m [90m0.67s[39m  
  [31;1m⨯[39;22m[90m [39m[90mPropertyResource tenant_id assignment persists correctly in database @ repetition 61 of 100[39m[90m                 [39m [90m0.91s[39m  
  [31;1m⨯[39;22m[90m [39m[90mPropertyResource tenant_id assignment persists correctly in database @ repetition 62 of 100[39m[90m                 [39m [90m0.36s[39m  
  [31;1m⨯[39;22m[90m [39m[90mPropertyResource tenant_id assignment persists correctly in database @ repetition 63 of 100[39m[90m                 [39m [90m0.77s[39m  
  [31;1m⨯[39;22m[90m [39m[90mPropertyResource tenant_id assignment persists correctly in database @ repetition 64 of 100[39m[90m                 [39m [90m0.78s[39m  
  [31;1m⨯[39;22m[90m [39m[90mPropertyResource tenant_id assignment persists correctly in database @ repetition 65 of 100[39m[90m                 [39m [90m0.86s[39m  
  [31;1m⨯[39;22m[90m [39m[90mPropertyResource tenant_id assignment persists correctly in database @ repetition 66 of 100[39m[90m                 [39m [90m0.26s[39m  
  [31;1m⨯[39;22m[90m [39m[90mPropertyResource tenant_id assignment persists correctly in database @ repetition 67 of 100[39m[90m                 [39m [90m0.76s[39m  
  [31;1m⨯[39;22m[90m [39m[90mPropertyResource tenant_id assignment persists correctly in database @ repetition 68 of 100[39m[90m                 [39m [90m0.68s[39m  
  [31;1m⨯[39;22m[90m [39m[90mPropertyResource tenant_id assignment persists correctly in database @ repetition 69 of 100[39m[90m                 [39m [90m0.86s[39m  
  [31;1m⨯[39;22m[90m [39m[90mPropertyResource tenant_id assignment persists correctly in database @ repetition 70 of 100[39m[90m                 [39m [90m0.28s[39m  
  [31;1m⨯[39;22m[90m [39m[90mPropertyResource tenant_id assignment persists correctly in database @ repetition 71 of 100[39m[90m                 [39m [90m0.73s[39m  
  [31;1m⨯[39;22m[90m [39m[90mPropertyResource tenant_id assignment persists correctly in database @ repetition 72 of 100[39m[90m                 [39m [90m0.68s[39m  
  [31;1m⨯[39;22m[90m [39m[90mPropertyResource tenant_id assignment persists correctly in database @ repetition 73 of 100[39m[90m                 [39m [90m0.86s[39m  
  [31;1m⨯[39;22m[90m [39m[90mPropertyResource tenant_id assignment persists correctly in database @ repetition 74 of 100[39m[90m                 [39m [90m0.29s[39m  
  [31;1m⨯[39;22m[90m [39m[90mPropertyResource tenant_id assignment persists correctly in database @ repetition 75 of 100[39m[90m                 [39m [90m0.77s[39m  
  [31;1m⨯[39;22m[90m [39m[90mPropertyResource tenant_id assignment persists correctly in database @ repetition 76 of 100[39m[90m                 [39m [90m0.76s[39m  
  [31;1m⨯[39;22m[90m [39m[90mPropertyResource tenant_id assignment persists correctly in database @ repetition 77 of 100[39m[90m                 [39m [90m0.80s[39m  
  [31;1m⨯[39;22m[90m [39m[90mPropertyResource tenant_id assignment persists correctly in database @ repetition 78 of 100[39m[90m                 [39m [90m0.29s[39m  
  [31;1m⨯[39;22m[90m [39m[90mPropertyResource tenant_id assignment persists correctly in database @ repetition 79 of 100[39m[90m                 [39m [90m0.83s[39m  
  [31;1m⨯[39;22m[90m [39m[90mPropertyResource tenant_id assignment persists correctly in database @ repetition 80 of 100[39m[90m                 [39m [90m0.78s[39m  
  [31;1m⨯[39;22m[90m [39m[90mPropertyResource tenant_id assignment persists correctly in database @ repetition 81 of 100[39m[90m                 [39m [90m0.94s[39m  
  [31;1m⨯[39;22m[90m [39m[90mPropertyResource tenant_id assignment persists correctly in database @ repetition 82 of 100[39m[90m                 [39m [90m0.29s[39m  
  [31;1m⨯[39;22m[90m [39m[90mPropertyResource tenant_id assignment persists correctly in database @ repetition 83 of 100[39m[90m                 [39m [90m0.85s[39m  
  [31;1m⨯[39;22m[90m [39m[90mPropertyResource tenant_id assignment persists correctly in database @ repetition 84 of 100[39m[90m                 [39m [90m0.78s[39m  
  [31;1m⨯[39;22m[90m [39m[90mPropertyResource tenant_id assignment persists correctly in database @ repetition 85 of 100[39m[90m                 [39m [90m0.91s[39m  
  [31;1m⨯[39;22m[90m [39m[90mPropertyResource tenant_id assignment persists correctly in database @ repetition 86 of 100[39m[90m                 [39m [90m0.41s[39m  
  [31;1m⨯[39;22m[90m [39m[90mPropertyResource tenant_id assignment persists correctly in database @ repetition 87 of 100[39m[90m                 [39m [90m0.79s[39m  
  [31;1m⨯[39;22m[90m [39m[90mPropertyResource tenant_id assignment persists correctly in database @ repetition 88 of 100[39m[90m                 [39m [90m0.79s[39m  
  [31;1m⨯[39;22m[90m [39m[90mPropertyResource tenant_id assignment persists correctly in database @ repetition 89 of 100[39m[90m                 [39m [90m0.87s[39m  
  [31;1m⨯[39;22m[90m [39m[90mPropertyResource tenant_id assignment persists correctly in database @ repetition 90 of 100[39m[90m                 [39m [90m0.25s[39m  
  [31;1m⨯[39;22m[90m [39m[90mPropertyResource tenant_id assignment persists correctly in database @ repetition 91 of 100[39m[90m                 [39m [90m0.79s[39m  
  [31;1m⨯[39;22m[90m [39m[90mPropertyResource tenant_id assignment persists correctly in database @ repetition 92 of 100[39m[90m                 [39m [90m0.74s[39m  
  [31;1m⨯[39;22m[90m [39m[90mPropertyResource tenant_id assignment persists correctly in database @ repetition 93 of 100[39m[90m                 [39m [90m0.91s[39m  
  [31;1m⨯[39;22m[90m [39m[90mPropertyResource tenant_id assignment persists correctly in database @ repetition 94 of 100[39m[90m                 [39m [90m0.36s[39m  
  [31;1m⨯[39;22m[90m [39m[90mPropertyResource tenant_id assignment persists correctly in database @ repetition 95 of 100[39m[90m                 [39m [90m0.75s[39m  
  [31;1m⨯[39;22m[90m [39m[90mPropertyResource tenant_id assignment persists correctly in database @ repetition 96 of 100[39m[90m                 [39m [90m0.76s[39m  
  [31;1m⨯[39;22m[90m [39m[90mPropertyResource tenant_id assignment persists correctly in database @ repetition 97 of 100[39m[90m                 [39m [90m0.98s[39m  
  [31;1m⨯[39;22m[90m [39m[90mPropertyResource tenant_id assignment persists correctly in database @ repetition 98 of 100[39m[90m                 [39m [90m0.31s[39m  
  [31;1m⨯[39;22m[90m [39m[90mPropertyResource tenant_id assignment persists correctly in database @ repetition 99 of 100[39m[90m                 [39m [90m0.81s[39m  
  [31;1m⨯[39;22m[90m [39m[90mPropertyResource tenant_id assignment persists correctly in database @ repetition 100 of 100[39m[90m                [39m [90m0.96s[39m  

  [39;41;1m FAIL [39;49;22m[39m Tests\Feature\FilamentPropertyResourceTenantScopeTest[39m
  [32;1m✓[39;22m[90m [39m[90mPropertyResource automatically filters properties by authenticated user tenant_id @ repetition 1 of 100[39m[90m     [39m [90m1.63s[39m  
  [32;1m✓[39;22m[90m [39m[90mPropertyResource automatically filters properties by authenticated user tenant_id @ repetition 2 of 100[39m[90m     [39m [90m1.09s[39m  
  [32;1m✓[39;22m[90m [39m[90mPropertyResource automatically filters properties by authenticated user tenant_id @ repetition 3 of 100[39m[90m     [39m [90m0.94s[39m  
  [32;1m✓[39;22m[90m [39m[90mPropertyResource automatically filters properties by authenticated user tenant_id @ repetition 4 of 100[39m[90m     [39m [90m0.96s[39m  
  [32;1m✓[39;22m[90m [39m[90mPropertyResource automatically filters properties by authenticated user tenant_id @ repetition 5 of 100[39m[90m     [39m [90m0.97s[39m  
  [32;1m✓[39;22m[90m [39m[90mPropertyResource automatically filters properties by authenticated user tenant_id @ repetition 6 of 100[39m[90m     [39m [90m1.01s[39m  
  [32;1m✓[39;22m[90m [39m[90mPropertyResource automatically filters properties by authenticated user tenant_id @ repetition 7 of 100[39m[90m     [39m [90m1.03s[39m  
  [32;1m✓[39;22m[90m [39m[90mPropertyResource automatically filters properties by authenticated user tenant_id @ repetition 8 of 100[39m[90m     [39m [90m1.03s[39m  
  [32;1m✓[39;22m[90m [39m[90mPropertyResource automatically filters properties by authenticated user tenant_id @ repetition 9 of 100[39m[90m     [39m [90m0.92s[39m  
  [32;1m✓[39;22m[90m [39m[90mPropertyResource automatically filters properties by authenticated user tenant_id @ repetition 10 of 100[39m[90m    [39m [90m0.88s[39m  
  [32;1m✓[39;22m[90m [39m[90mPropertyResource automatically filters properties by authenticated user tenant_id @ repetition 11 of 100[39m[90m    [39m [90m0.91s[39m  
  [32;1m✓[39;22m[90m [39m[90mPropertyResource automatically filters properties by authenticated user tenant_id @ repetition 12 of 100[39m[90m    [39m [90m0.93s[39m  
  [32;1m✓[39;22m[90m [39m[90mPropertyResource automatically filters properties by authenticated user tenant_id @ repetition 13 of 100[39m[90m    [39m [90m1.05s[39m  
  [32;1m✓[39;22m[90m [39m[90mPropertyResource automatically filters properties by authenticated user tenant_id @ repetition 14 of 100[39m[90m    [39m [90m0.94s[39m  
  [32;1m✓[39;22m[90m [39m[90mPropertyResource automatically filters properties by authenticated user tenant_id @ repetition 15 of 100[39m[90m    [39m [90m1.06s[39m  
  [32;1m✓[39;22m[90m [39m[90mPropertyResource automatically filters properties by authenticated user tenant_id @ repetition 16 of 100[39m[90m    [39m [90m1.11s[39m  
  [32;1m✓[39;22m[90m [39m[90mPropertyResource automatically filters properties by authenticated user tenant_id @ repetition 17 of 100[39m[90m    [39m [90m1.19s[39m  
  [32;1m✓[39;22m[90m [39m[90mPropertyResource automatically filters properties by authenticated user tenant_id @ repetition 18 of 100[39m[90m    [39m [90m1.04s[39m  
  [32;1m✓[39;22m[90m [39m[90mPropertyResource automatically filters properties by authenticated user tenant_id @ repetition 19 of 100[39m[90m    [39m [90m1.01s[39m  
  [32;1m✓[39;22m[90m [39m[90mPropertyResource automatically filters properties by authenticated user tenant_id @ repetition 20 of 100[39m[90m    [39m [90m1.00s[39m  
  [32;1m✓[39;22m[90m [39m[90mPropertyResource automatically filters properties by authenticated user tenant_id @ repetition 21 of 100[39m[90m    [39m [90m1.15s[39m  
  [32;1m✓[39;22m[90m [39m[90mPropertyResource automatically filters properties by authenticated user tenant_id @ repetition 22 of 100[39m[90m    [39m [90m1.11s[39m  
  [32;1m✓[39;22m[90m [39m[90mPropertyResource automatically filters properties by authenticated user tenant_id @ repetition 23 of 100[39m[90m    [39m [90m1.13s[39m  
  [32;1m✓[39;22m[90m [39m[90mPropertyResource automatically filters properties by authenticated user tenant_id @ repetition 24 of 100[39m[90m    [39m [90m1.11s[39m  
  [32;1m✓[39;22m[90m [39m[90mPropertyResource automatically filters properties by authenticated user tenant_id @ repetition 25 of 100[39m[90m    [39m [90m1.12s[39m  
  [32;1m✓[39;22m[90m [39m[90mPropertyResource automatically filters properties by authenticated user tenant_id @ repetition 26 of 100[39m[90m    [39m [90m1.16s[39m  
  [32;1m✓[39;22m[90m [39m[90mPropertyResource automatically filters properties by authenticated user tenant_id @ repetition 27 of 100[39m[90m    [39m [90m1.02s[39m  
  [32;1m✓[39;22m[90m [39m[90mPropertyResource automatically filters properties by authenticated user tenant_id @ repetition 28 of 100[39m[90m    [39m [90m1.04s[39m  
  [32;1m✓[39;22m[90m [39m[90mPropertyResource automatically filters properties by authenticated user tenant_id @ repetition 29 of 100[39m[90m    [39m [90m1.12s[39m  
  [32;1m✓[39;22m[90m [39m[90mPropertyResource automatically filters properties by authenticated user tenant_id @ repetition 30 of 100[39m[90m    [39m [90m1.13s[39m  
  [32;1m✓[39;22m[90m [39m[90mPropertyResource automatically filters properties by authenticated user tenant_id @ repetition 31 of 100[39m[90m    [39m [90m1.02s[39m  
  [32;1m✓[39;22m[90m [39m[90mPropertyResource automatically filters properties by authenticated user tenant_id @ repetition 32 of 100[39m[90m    [39m [90m1.08s[39m  
  [32;1m✓[39;22m[90m [39m[90mPropertyResource automatically filters properties by authenticated user tenant_id @ repetition 33 of 100[39m[90m    [39m [90m1.07s[39m  
  [32;1m✓[39;22m[90m [39m[90mPropertyResource automatically filters properties by authenticated user tenant_id @ repetition 34 of 100[39m[90m    [39m [90m1.35s[39m  
  [32;1m✓[39;22m[90m [39m[90mPropertyResource automatically filters properties by authenticated user tenant_id @ repetition 35 of 100[39m[90m    [39m [90m1.24s[39m  
  [32;1m✓[39;22m[90m [39m[90mPropertyResource automatically filters properties by authenticated user tenant_id @ repetition 36 of 100[39m[90m    [39m [90m1.22s[39m  
  [32;1m✓[39;22m[90m [39m[90mPropertyResource automatically filters properties by authenticated user tenant_id @ repetition 37 of 100[39m[90m    [39m [90m1.23s[39m  
  [32;1m✓[39;22m[90m [39m[90mPropertyResource automatically filters properties by authenticated user tenant_id @ repetition 38 of 100[39m[90m    [39m [90m1.47s[39m  
  [32;1m✓[39;22m[90m [39m[90mPropertyResource automatically filters properties by authenticated user tenant_id @ repetition 39 of 100[39m[90m    [39m [90m1.31s[39m  
  [32;1m✓[39;22m[90m [39m[90mPropertyResource automatically filters properties by authenticated user tenant_id @ repetition 40 of 100[39m[90m    [39m [90m1.26s[39m  
  [32;1m✓[39;22m[90m [39m[90mPropertyResource automatically filters properties by authenticated user tenant_id @ repetition 41 of 100[39m[90m    [39m [90m1.32s[39m  
  [32;1m✓[39;22m[90m [39m[90mPropertyResource automatically filters properties by authenticated user tenant_id @ repetition 42 of 100[39m[90m    [39m [90m1.18s[39m  
  [32;1m✓[39;22m[90m [39m[90mPropertyResource automatically filters properties by authenticated user tenant_id @ repetition 43 of 100[39m[90m    [39m [90m1.28s[39m  
  [32;1m✓[39;22m[90m [39m[90mPropertyResource automatically filters properties by authenticated user tenant_id @ repetition 44 of 100[39m[90m    [39m [90m1.23s[39m  
  [32;1m✓[39;22m[90m [39m[90mPropertyResource automatically filters properties by authenticated user tenant_id @ repetition 45 of 100[39m[90m    [39m [90m1.60s[39m  
  [32;1m✓[39;22m[90m [39m[90mPropertyResource automatically filters properties by authenticated user tenant_id @ repetition 46 of 100[39m[90m    [39m [90m1.42s[39m  
  [32;1m✓[39;22m[90m [39m[90mPropertyResource automatically filters properties by authenticated user tenant_id @ repetition 47 of 100[39m[90m    [39m [90m1.35s[39m  
  [32;1m✓[39;22m[90m [39m[90mPropertyResource automatically filters properties by authenticated user tenant_id @ repetition 48 of 100[39m[90m    [39m [90m1.36s[39m  
  [32;1m✓[39;22m[90m [39m[90mPropertyResource automatically filters properties by authenticated user tenant_id @ repetition 49 of 100[39m[90m    [39m [90m1.51s[39m  
  [32;1m✓[39;22m[90m [39m[90mPropertyResource automatically filters properties by authenticated user tenant_id @ repetition 50 of 100[39m[90m    [39m [90m1.45s[39m  
  [32;1m✓[39;22m[90m [39m[90mPropertyResource automatically filters properties by authenticated user tenant_id @ repetition 51 of 100[39m[90m    [39m [90m1.48s[39m  
  [32;1m✓[39;22m[90m [39m[90mPropertyResource automatically filters properties by authenticated user tenant_id @ repetition 52 of 100[39m[90m    [39m [90m1.44s[39m  
  [32;1m✓[39;22m[90m [39m[90mPropertyResource automatically filters properties by authenticated user tenant_id @ repetition 53 of 100[39m[90m    [39m [90m1.42s[39m  
  [32;1m✓[39;22m[90m [39m[90mPropertyResource automatically filters properties by authenticated user tenant_id @ repetition 54 of 100[39m[90m    [39m [90m1.34s[39m  
  [32;1m✓[39;22m[90m [39m[90mPropertyResource automatically filters properties by authenticated user tenant_id @ repetition 55 of 100[39m[90m    [39m [90m1.53s[39m  
  [32;1m✓[39;22m[90m [39m[90mPropertyResource automatically filters properties by authenticated user tenant_id @ repetition 56 of 100[39m[90m    [39m [90m1.51s[39m  
  [32;1m✓[39;22m[90m [39m[90mPropertyResource automatically filters properties by authenticated user tenant_id @ repetition 57 of 100[39m[90m    [39m [90m1.31s[39m  
  [32;1m✓[39;22m[90m [39m[90mPropertyResource automatically filters properties by authenticated user tenant_id @ repetition 58 of 100[39m[90m    [39m [90m1.37s[39m  
  [32;1m✓[39;22m[90m [39m[90mPropertyResource automatically filters properties by authenticated user tenant_id @ repetition 59 of 100[39m[90m    [39m [90m1.50s[39m  
  [32;1m✓[39;22m[90m [39m[90mPropertyResource automatically filters properties by authenticated user tenant_id @ repetition 60 of 100[39m[90m    [39m [90m1.47s[39m  
  [32;1m✓[39;22m[90m [39m[90mPropertyResource automatically filters properties by authenticated user tenant_id @ repetition 61 of 100[39m[90m    [39m [90m1.47s[39m  
  [32;1m✓[39;22m[90m [39m[90mPropertyResource automatically filters properties by authenticated user tenant_id @ repetition 62 of 100[39m[90m    [39m [90m1.39s[39m  
  [32;1m✓[39;22m[90m [39m[90mPropertyResource automatically filters properties by authenticated user tenant_id @ repetition 63 of 100[39m[90m    [39m [90m1.28s[39m  
  [32;1m✓[39;22m[90m [39m[90mPropertyResource automatically filters properties by authenticated user tenant_id @ repetition 64 of 100[39m[90m    [39m [90m1.29s[39m  
  [32;1m✓[39;22m[90m [39m[90mPropertyResource automatically filters properties by authenticated user tenant_id @ repetition 65 of 100[39m[90m    [39m [90m1.63s[39m  
  [32;1m✓[39;22m[90m [39m[90mPropertyResource automatically filters properties by authenticated user tenant_id @ repetition 66 of 100[39m[90m    [39m [90m1.39s[39m  
  [32;1m✓[39;22m[90m [39m[90mPropertyResource automatically filters properties by authenticated user tenant_id @ repetition 67 of 100[39m[90m    [39m [90m1.42s[39m  
  [32;1m✓[39;22m[90m [39m[90mPropertyResource automatically filters properties by authenticated user tenant_id @ repetition 68 of 100[39m[90m    [39m [90m1.36s[39m  
  [32;1m✓[39;22m[90m [39m[90mPropertyResource automatically filters properties by authenticated user tenant_id @ repetition 69 of 100[39m[90m    [39m [90m1.47s[39m  
  [32;1m✓[39;22m[90m [39m[90mPropertyResource automatically filters properties by authenticated user tenant_id @ repetition 70 of 100[39m[90m    [39m [90m1.22s[39m  
  [32;1m✓[39;22m[90m [39m[90mPropertyResource automatically filters properties by authenticated user tenant_id @ repetition 71 of 100[39m[90m    [39m [90m1.42s[39m  
  [32;1m✓[39;22m[90m [39m[90mPropertyResource automatically filters properties by authenticated user tenant_id @ repetition 72 of 100[39m[90m    [39m [90m1.25s[39m  
  [32;1m✓[39;22m[90m [39m[90mPropertyResource automatically filters properties by authenticated user tenant_id @ repetition 73 of 100[39m[90m    [39m [90m1.23s[39m  
  [32;1m✓[39;22m[90m [39m[90mPropertyResource automatically filters properties by authenticated user tenant_id @ repetition 74 of 100[39m[90m    [39m [90m1.21s[39m  
  [32;1m✓[39;22m[90m [39m[90mPropertyResource automatically filters properties by authenticated user tenant_id @ repetition 75 of 100[39m[90m    [39m [90m1.26s[39m  
  [32;1m✓[39;22m[90m [39m[90mPropertyResource automatically filters properties by authenticated user tenant_id @ repetition 76 of 100[39m[90m    [39m [90m1.22s[39m  
  [32;1m✓[39;22m[90m [39m[90mPropertyResource automatically filters properties by authenticated user tenant_id @ repetition 77 of 100[39m[90m    [39m [90m1.15s[39m  
  [32;1m✓[39;22m[90m [39m[90mPropertyResource automatically filters properties by authenticated user tenant_id @ repetition 78 of 100[39m[90m    [39m [90m1.07s[39m  
  [32;1m✓[39;22m[90m [39m[90mPropertyResource automatically filters properties by authenticated user tenant_id @ repetition 79 of 100[39m[90m    [39m [90m1.16s[39m  
  [32;1m✓[39;22m[90m [39m[90mPropertyResource automatically filters properties by authenticated user tenant_id @ repetition 80 of 100[39m[90m    [39m [90m1.03s[39m  
  [32;1m✓[39;22m[90m [39m[90mPropertyResource automatically filters properties by authenticated user tenant_id @ repetition 81 of 100[39m[90m    [39m [90m1.14s[39m  
  [32;1m✓[39;22m[90m [39m[90mPropertyResource automatically filters properties by authenticated user tenant_id @ repetition 82 of 100[39m[90m    [39m [90m0.99s[39m  
  [32;1m✓[39;22m[90m [39m[90mPropertyResource automatically filters properties by authenticated user tenant_id @ repetition 83 of 100[39m[90m    [39m [90m0.95s[39m  
  [32;1m✓[39;22m[90m [39m[90mPropertyResource automatically filters properties by authenticated user tenant_id @ repetition 84 of 100[39m[90m    [39m [90m1.10s[39m  
  [32;1m✓[39;22m[90m [39m[90mPropertyResource automatically filters properties by authenticated user tenant_id @ repetition 85 of 100[39m[90m    [39m [90m1.07s[39m  
  [32;1m✓[39;22m[90m [39m[90mPropertyResource automatically filters properties by authenticated user tenant_id @ repetition 86 of 100[39m[90m    [39m [90m1.07s[39m  
  [32;1m✓[39;22m[90m [39m[90mPropertyResource automatically filters properties by authenticated user tenant_id @ repetition 87 of 100[39m[90m    [39m [90m1.00s[39m  
  [32;1m✓[39;22m[90m [39m[90mPropertyResource automatically filters properties by authenticated user tenant_id @ repetition 88 of 100[39m[90m    [39m [90m0.99s[39m  
  [32;1m✓[39;22m[90m [39m[90mPropertyResource automatically filters properties by authenticated user tenant_id @ repetition 89 of 100[39m[90m    [39m [90m0.97s[39m  
  [32;1m✓[39;22m[90m [39m[90mPropertyResource automatically filters properties by authenticated user tenant_id @ repetition 90 of 100[39m[90m    [39m [90m0.94s[39m  
  [32;1m✓[39;22m[90m [39m[90mPropertyResource automatically filters properties by authenticated user tenant_id @ repetition 91 of 100[39m[90m    [39m [90m1.07s[39m  
  [32;1m✓[39;22m[90m [39m[90mPropertyResource automatically filters properties by authenticated user tenant_id @ repetition 92 of 100[39m[90m    [39m [90m0.99s[39m  
  [32;1m✓[39;22m[90m [39m[90mPropertyResource automatically filters properties by authenticated user tenant_id @ repetition 93 of 100[39m[90m    [39m [90m0.98s[39m  
  [32;1m✓[39;22m[90m [39m[90mPropertyResource automatically filters properties by authenticated user tenant_id @ repetition 94 of 100[39m[90m    [39m [90m0.98s[39m  
  [32;1m✓[39;22m[90m [39m[90mPropertyResource automatically filters properties by authenticated user tenant_id @ repetition 95 of 100[39m[90m    [39m [90m0.93s[39m  
  [32;1m✓[39;22m[90m [39m[90mPropertyResource automatically filters properties by authenticated user tenant_id @ repetition 96 of 100[39m[90m    [39m [90m0.93s[39m  
  [32;1m✓[39;22m[90m [39m[90mPropertyResource automatically filters properties by authenticated user tenant_id @ repetition 97 of 100[39m[90m    [39m [90m0.88s[39m  
  [32;1m✓[39;22m[90m [39m[90mPropertyResource automatically filters properties by authenticated user tenant_id @ repetition 98 of 100[39m[90m    [39m [90m0.91s[39m  
  [32;1m✓[39;22m[90m [39m[90mPropertyResource automatically filters properties by authenticated user tenant_id @ repetition 99 of 100[39m[90m    [39m [90m0.95s[39m  
  [32;1m✓[39;22m[90m [39m[90mPropertyResource automatically filters properties by authenticated user tenant_id @ repetition 100 of 100[39m[90m   [39m [90m0.88s[39m  
  [31;1m⨯[39;22m[90m [39m[90mPropertyResource edit page only allows editing properties within tenant scope @ repetition 1 of 100[39m[90m         [39m [90m0.32s[39m  
  [31;1m⨯[39;22m[90m [39m[90mPropertyResource edit page only allows editing properties within tenant scope @ repetition 2 of 100[39m[90m         [39m [90m0.25s[39m  
  [31;1m⨯[39;22m[90m [39m[90mPropertyResource edit page only allows editing properties within tenant scope @ repetition 3 of 100[39m[90m         [39m [90m0.25s[39m  
  [31;1m⨯[39;22m[90m [39m[90mPropertyResource edit page only allows editing properties within tenant scope @ repetition 4 of 100[39m[90m         [39m [90m0.72s[39m  
  [31;1m⨯[39;22m[90m [39m[90mPropertyResource edit page only allows editing properties within tenant scope @ repetition 5 of 100[39m[90m         [39m [90m0.20s[39m  
  [31;1m⨯[39;22m[90m [39m[90mPropertyResource edit page only allows editing properties within tenant scope @ repetition 6 of 100[39m[90m         [39m [90m0.23s[39m  
  [31;1m⨯[39;22m[90m [39m[90mPropertyResource edit page only allows editing properties within tenant scope @ repetition 7 of 100[39m[90m         [39m [90m0.21s[39m  
  [31;1m⨯[39;22m[90m [39m[90mPropertyResource edit page only allows editing properties within tenant scope @ repetition 8 of 100[39m[90m         [39m [90m0.25s[39m  
  [31;1m⨯[39;22m[90m [39m[90mPropertyResource edit page only allows editing properties within tenant scope @ repetition 9 of 100[39m[90m         [39m [90m0.21s[39m  
  [31;1m⨯[39;22m[90m [39m[90mPropertyResource edit page only allows editing properties within tenant scope @ repetition 10 of 100[39m[90m        [39m [90m0.81s[39m  
  [31;1m⨯[39;22m[90m [39m[90mPropertyResource edit page only allows editing properties within tenant scope @ repetition 11 of 100[39m[90m        [39m [90m0.20s[39m  
  [31;1m⨯[39;22m[90m [39m[90mPropertyResource edit page only allows editing properties within tenant scope @ repetition 12 of 100[39m[90m        [39m [90m0.26s[39m  
  [31;1m⨯[39;22m[90m [39m[90mPropertyResource edit page only allows editing properties within tenant scope @ repetition 13 of 100[39m[90m        [39m [90m0.24s[39m  
  [31;1m⨯[39;22m[90m [39m[90mPropertyResource edit page only allows editing properties within tenant scope @ repetition 14 of 100[39m[90m        [39m [90m0.27s[39m  
  [31;1m⨯[39;22m[90m [39m[90mPropertyResource edit page only allows editing properties within tenant scope @ repetition 15 of 100[39m[90m        [39m [90m0.29s[39m  
  [31;1m⨯[39;22m[90m [39m[90mPropertyResource edit page only allows editing properties within tenant scope @ repetition 16 of 100[39m[90m        [39m [90m0.27s[39m  
  [31;1m⨯[39;22m[90m [39m[90mPropertyResource edit page only allows editing properties within tenant scope @ repetition 17 of 100[39m[90m        [39m [90m0.70s[39m  
  [31;1m⨯[39;22m[90m [39m[90mPropertyResource edit page only allows editing properties within tenant scope @ repetition 18 of 100[39m[90m        [39m [90m0.27s[39m  
  [31;1m⨯[39;22m[90m [39m[90mPropertyResource edit page only allows editing properties within tenant scope @ repetition 19 of 100[39m[90m        [39m [90m0.23s[39m  
  [31;1m⨯[39;22m[90m [39m[90mPropertyResource edit page only allows editing properties within tenant scope @ repetition 20 of 100[39m[90m        [39m [90m0.23s[39m  
  [31;1m⨯[39;22m[90m [39m[90mPropertyResource edit page only allows editing properties within tenant scope @ repetition 21 of 100[39m[90m        [39m [90m0.21s[39m  
  [31;1m⨯[39;22m[90m [39m[90mPropertyResource edit page only allows editing properties within tenant scope @ repetition 22 of 100[39m[90m        [39m [90m0.22s[39m  
  [31;1m⨯[39;22m[90m [39m[90mPropertyResource edit page only allows editing properties within tenant scope @ repetition 23 of 100[39m[90m        [39m [90m0.79s[39m  
  [31;1m⨯[39;22m[90m [39m[90mPropertyResource edit page only allows editing properties within tenant scope @ repetition 24 of 100[39m[90m        [39m [90m0.22s[39m  
  [31;1m⨯[39;22m[90m [39m[90mPropertyResource edit page only allows editing properties within tenant scope @ repetition 25 of 100[39m[90m        [39m [90m0.25s[39m  
  [31;1m⨯[39;22m[90m [39m[90mPropertyResource edit page only allows editing properties within tenant scope @ repetition 26 of 100[39m[90m        [39m [90m0.28s[39m  
  [31;1m⨯[39;22m[90m [39m[90mPropertyResource edit page only allows editing properties within tenant scope @ repetition 27 of 100[39m[90m        [39m [90m0.24s[39m  
  [31;1m⨯[39;22m[90m [39m[90mPropertyResource edit page only allows editing properties within tenant scope @ repetition 28 of 100[39m[90m        [39m [90m0.30s[39m  
  [31;1m⨯[39;22m[90m [39m[90mPropertyResource edit page only allows editing properties within tenant scope @ repetition 29 of 100[39m[90m        [39m [90m0.23s[39m  
  [31;1m⨯[39;22m[90m [39m[90mPropertyResource edit page only allows editing properties within tenant scope @ repetition 30 of 100[39m[90m        [39m [90m0.67s[39m  
  [31;1m⨯[39;22m[90m [39m[90mPropertyResource edit page only allows editing properties within tenant scope @ repetition 31 of 100[39m[90m        [39m [90m0.22s[39m  
  [31;1m⨯[39;22m[90m [39m[90mPropertyResource edit page only allows editing properties within tenant scope @ repetition 32 of 100[39m[90m        [39m [90m0.22s[39m  
  [31;1m⨯[39;22m[90m [39m[90mPropertyResource edit page only allows editing properties within tenant scope @ repetition 33 of 100[39m[90m        [39m [90m0.20s[39m  
  [31;1m⨯[39;22m[90m [39m[90mPropertyResource edit page only allows editing properties within tenant scope @ repetition 34 of 100[39m[90m        [39m [90m0.22s[39m  
  [31;1m⨯[39;22m[90m [39m[90mPropertyResource edit page only allows editing properties within tenant scope @ repetition 35 of 100[39m[90m        [39m [90m0.19s[39m  
  [31;1m⨯[39;22m[90m [39m[90mPropertyResource edit page only allows editing properties within tenant scope @ repetition 36 of 100[39m[90m        [39m [90m0.86s[39m  
  [31;1m⨯[39;22m[90m [39m[90mPropertyResource edit page only allows editing properties within tenant scope @ repetition 37 of 100[39m[90m        [39m [90m0.21s[39m  
  [31;1m⨯[39;22m[90m [39m[90mPropertyResource edit page only allows editing properties within tenant scope @ repetition 38 of 100[39m[90m        [39m [90m0.23s[39m  
  [31;1m⨯[39;22m[90m [39m[90mPropertyResource edit page only allows editing properties within tenant scope @ repetition 39 of 100[39m[90m        [39m [90m0.23s[39m  
  [31;1m⨯[39;22m[90m [39m[90mPropertyResource edit page only allows editing properties within tenant scope @ repetition 40 of 100[39m[90m        [39m [90m0.27s[39m  
  [31;1m⨯[39;22m[90m [39m[90mPropertyResource edit page only allows editing properties within tenant scope @ repetition 41 of 100[39m[90m        [39m [90m0.26s[39m  
  [31;1m⨯[39;22m[90m [39m[90mPropertyResource edit page only allows editing properties within tenant scope @ repetition 42 of 100[39m[90m        [39m [90m0.23s[39m  
  [31;1m⨯[39;22m[90m [39m[90mPropertyResource edit page only allows editing properties within tenant scope @ repetition 43 of 100[39m[90m        [39m [90m0.74s[39m  
  [31;1m⨯[39;22m[90m [39m[90mPropertyResource edit page only allows editing properties within tenant scope @ repetition 44 of 100[39m[90m        [39m [90m0.21s[39m  
  [31;1m⨯[39;22m[90m [39m[90mPropertyResource edit page only allows editing properties within tenant scope @ repetition 45 of 100[39m[90m        [39m [90m0.24s[39m  
  [31;1m⨯[39;22m[90m [39m[90mPropertyResource edit page only allows editing properties within tenant scope @ repetition 46 of 100[39m[90m        [39m [90m0.21s[39m  
  [31;1m⨯[39;22m[90m [39m[90mPropertyResource edit page only allows editing properties within tenant scope @ repetition 47 of 100[39m[90m        [39m [90m0.21s[39m  
  [31;1m⨯[39;22m[90m [39m[90mPropertyResource edit page only allows editing properties within tenant scope @ repetition 48 of 100[39m[90m        [39m [90m0.20s[39m  
  [31;1m⨯[39;22m[90m [39m[90mPropertyResource edit page only allows editing properties within tenant scope @ repetition 49 of 100[39m[90m        [39m [90m0.83s[39m  
  [31;1m⨯[39;22m[90m [39m[90mPropertyResource edit page only allows editing properties within tenant scope @ repetition 50 of 100[39m[90m        [39m [90m0.24s[39m  
  [31;1m⨯[39;22m[90m [39m[90mPropertyResource edit page only allows editing properties within tenant scope @ repetition 51 of 100[39m[90m        [39m [90m0.21s[39m  
  [31;1m⨯[39;22m[90m [39m[90mPropertyResource edit page only allows editing properties within tenant scope @ repetition 52 of 100[39m[90m        [39m [90m0.24s[39m  
  [31;1m⨯[39;22m[90m [39m[90mPropertyResource edit page only allows editing properties within tenant scope @ repetition 53 of 100[39m[90m        [39m [90m0.25s[39m  
  [31;1m⨯[39;22m[90m [39m[90mPropertyResource edit page only allows editing properties within tenant scope @ repetition 54 of 100[39m[90m        [39m [90m0.27s[39m  
  [31;1m⨯[39;22m[90m [39m[90mPropertyResource edit page only allows editing properties within tenant scope @ repetition 55 of 100[39m[90m        [39m [90m0.25s[39m  
  [31;1m⨯[39;22m[90m [39m[90mPropertyResource edit page only allows editing properties within tenant scope @ repetition 56 of 100[39m[90m        [39m [90m0.75s[39m  
  [31;1m⨯[39;22m[90m [39m[90mPropertyResource edit page only allows editing properties within tenant scope @ repetition 57 of 100[39m[90m        [39m [90m0.23s[39m  
  [31;1m⨯[39;22m[90m [39m[90mPropertyResource edit page only allows editing properties within tenant scope @ repetition 58 of 100[39m[90m        [39m [90m0.28s[39m  
  [31;1m⨯[39;22m[90m [39m[90mPropertyResource edit page only allows editing properties within tenant scope @ repetition 59 of 100[39m[90m        [39m [90m0.22s[39m  
  [31;1m⨯[39;22m[90m [39m[90mPropertyResource edit page only allows editing properties within tenant scope @ repetition 60 of 100[39m[90m        [39m [90m0.27s[39m  
  [31;1m⨯[39;22m[90m [39m[90mPropertyResource edit page only allows editing properties within tenant scope @ repetition 61 of 100[39m[90m        [39m [90m0.20s[39m  
  [31;1m⨯[39;22m[90m [39m[90mPropertyResource edit page only allows editing properties within tenant scope @ repetition 62 of 100[39m[90m        [39m [90m0.79s[39m  
  [31;1m⨯[39;22m[90m [39m[90mPropertyResource edit page only allows editing properties within tenant scope @ repetition 63 of 100[39m[90m        [39m [90m0.27s[39m  
  [31;1m⨯[39;22m[90m [39m[90mPropertyResource edit page only allows editing properties within tenant scope @ repetition 64 of 100[39m[90m        [39m [90m0.26s[39m  
  [31;1m⨯[39;22m[90m [39m[90mPropertyResource edit page only allows editing properties within tenant scope @ repetition 65 of 100[39m[90m        [39m [90m0.24s[39m  
  [31;1m⨯[39;22m[90m [39m[90mPropertyResource edit page only allows editing properties within tenant scope @ repetition 66 of 100[39m[90m        [39m [90m0.24s[39m  
  [31;1m⨯[39;22m[90m [39m[90mPropertyResource edit page only allows editing properties within tenant scope @ repetition 67 of 100[39m[90m        [39m [90m0.25s[39m  
  [31;1m⨯[39;22m[90m [39m[90mPropertyResource edit page only allows editing properties within tenant scope @ repetition 68 of 100[39m[90m        [39m [90m0.27s[39m  
  [31;1m⨯[39;22m[90m [39m[90mPropertyResource edit page only allows editing properties within tenant scope @ repetition 69 of 100[39m[90m        [39m [90m0.72s[39m  
  [31;1m⨯[39;22m[90m [39m[90mPropertyResource edit page only allows editing properties within tenant scope @ repetition 70 of 100[39m[90m        [39m [90m0.23s[39m  
  [31;1m⨯[39;22m[90m [39m[90mPropertyResource edit page only allows editing properties within tenant scope @ repetition 71 of 100[39m[90m        [39m [90m0.22s[39m  
  [31;1m⨯[39;22m[90m [39m[90mPropertyResource edit page only allows editing properties within tenant scope @ repetition 72 of 100[39m[90m        [39m [90m0.24s[39m  
  [31;1m⨯[39;22m[90m [39m[90mPropertyResource edit page only allows editing properties within tenant scope @ repetition 73 of 100[39m[90m        [39m [90m0.21s[39m  
  [31;1m⨯[39;22m[90m [39m[90mPropertyResource edit page only allows editing properties within tenant scope @ repetition 74 of 100[39m[90m        [39m [90m0.22s[39m  
  [31;1m⨯[39;22m[90m [39m[90mPropertyResource edit page only allows editing properties within tenant scope @ repetition 75 of 100[39m[90m        [39m [90m0.84s[39m  
  [31;1m⨯[39;22m[90m [39m[90mPropertyResource edit page only allows editing properties within tenant scope @ repetition 76 of 100[39m[90m        [39m [90m0.25s[39m  
  [31;1m⨯[39;22m[90m [39m[90mPropertyResource edit page only allows editing properties within tenant scope @ repetition 77 of 100[39m[90m        [39m [90m0.23s[39m  
  [31;1m⨯[39;22m[90m [39m[90mPropertyResource edit page only allows editing properties within tenant scope @ repetition 78 of 100[39m[90m        [39m [90m0.20s[39m  
  [31;1m⨯[39;22m[90m [39m[90mPropertyResource edit page only allows editing properties within tenant scope @ repetition 79 of 100[39m[90m        [39m [90m0.22s[39m  
  [31;1m⨯[39;22m[90m [39m[90mPropertyResource edit page only allows editing properties within tenant scope @ repetition 80 of 100[39m[90m        [39m [90m0.21s[39m  
  [31;1m⨯[39;22m[90m [39m[90mPropertyResource edit page only allows editing properties within tenant scope @ repetition 81 of 100[39m[90m        [39m [90m0.23s[39m  
  [31;1m⨯[39;22m[90m [39m[90mPropertyResource edit page only allows editing properties within tenant scope @ repetition 82 of 100[39m[90m        [39m [90m0.70s[39m  
  [31;1m⨯[39;22m[90m [39m[90mPropertyResource edit page only allows editing properties within tenant scope @ repetition 83 of 100[39m[90m        [39m [90m0.22s[39m  
  [31;1m⨯[39;22m[90m [39m[90mPropertyResource edit page only allows editing properties within tenant scope @ repetition 84 of 100[39m[90m        [39m [90m0.18s[39m  
  [31;1m⨯[39;22m[90m [39m[90mPropertyResource edit page only allows editing properties within tenant scope @ repetition 85 of 100[39m[90m        [39m [90m0.20s[39m  
  [31;1m⨯[39;22m[90m [39m[90mPropertyResource edit page only allows editing properties within tenant scope @ repetition 86 of 100[39m[90m        [39m [90m0.23s[39m  
  [31;1m⨯[39;22m[90m [39m[90mPropertyResource edit page only allows editing properties within tenant scope @ repetition 87 of 100[39m[90m        [39m [90m0.25s[39m  
  [31;1m⨯[39;22m[90m [39m[90mPropertyResource edit page only allows editing properties within tenant scope @ repetition 88 of 100[39m[90m        [39m [90m0.85s[39m  
  [31;1m⨯[39;22m[90m [39m[90mPropertyResource edit page only allows editing properties within tenant scope @ repetition 89 of 100[39m[90m        [39m [90m0.28s[39m  
  [31;1m⨯[39;22m[90m [39m[90mPropertyResource edit page only allows editing properties within tenant scope @ repetition 90 of 100[39m[90m        [39m [90m0.25s[39m  
  [31;1m⨯[39;22m[90m [39m[90mPropertyResource edit page only allows editing properties within tenant scope @ repetition 91 of 100[39m[90m        [39m [90m0.19s[39m  
  [31;1m⨯[39;22m[90m [39m[90mPropertyResource edit page only allows editing properties within tenant scope @ repetition 92 of 100[39m[90m        [39m [90m0.25s[39m  
  [31;1m⨯[39;22m[90m [39m[90mPropertyResource edit page only allows editing properties within tenant scope @ repetition 93 of 100[39m[90m        [39m [90m0.23s[39m  
  [31;1m⨯[39;22m[90m [39m[90mPropertyResource edit page only allows editing properties within tenant scope @ repetition 94 of 100[39m[90m        [39m [90m0.20s[39m  
  [31;1m⨯[39;22m[90m [39m[90mPropertyResource edit page only allows editing properties within tenant scope @ repetition 95 of 100[39m[90m        [39m [90m0.72s[39m  
  [31;1m⨯[39;22m[90m [39m[90mPropertyResource edit page only allows editing properties within tenant scope @ repetition 96 of 100[39m[90m        [39m [90m0.25s[39m  
  [31;1m⨯[39;22m[90m [39m[90mPropertyResource edit page only allows editing properties within tenant scope @ repetition 97 of 100[39m[90m        [39m [90m0.25s[39m  
  [31;1m⨯[39;22m[90m [39m[90mPropertyResource edit page only allows editing properties within tenant scope @ repetition 98 of 100[39m[90m        [39m [90m0.24s[39m  
  [31;1m⨯[39;22m[90m [39m[90mPropertyResource edit page only allows editing properties within tenant scope @ repetition 99 of 100[39m[90m        [39m [90m0.26s[39m  
  [31;1m⨯[39;22m[90m [39m[90mPropertyResource edit page only allows editing properties within tenant scope @ repetition 100 of 100[39m[90m       [39m [90m0.22s[39m  
  [31;1m⨯[39;22m[90m [39m[90mPropertyResource create page automatically assigns tenant_id from authenticated user @ repetition 1 of 100[39m[90m  [39m [90m0.80s[39m  
  [31;1m⨯[39;22m[90m [39m[90mPropertyResource create page automatically assigns tenant_id from authenticated user @ repetition 2 of 100[39m[90m  [39m [90m0.29s[39m  
  [31;1m⨯[39;22m[90m [39m[90mPropertyResource create page automatically assigns tenant_id from authenticated user @ repetition 3 of 100[39m[90m  [39m [90m0.83s[39m  
  [31;1m⨯[39;22m[90m [39m[90mPropertyResource create page automatically assigns tenant_id from authenticated user @ repetition 4 of 100[39m[90m  [39m [90m0.90s[39m  
  [31;1m⨯[39;22m[90m [39m[90mPropertyResource create page automatically assigns tenant_id from authenticated user @ repetition 5 of 100[39m[90m  [39m [90m1.01s[39m  
  [31;1m⨯[39;22m[90m [39m[90mPropertyResource create page automatically assigns tenant_id from authenticated user @ repetition 6 of 100[39m[90m  [39m [90m0.31s[39m  
  [31;1m⨯[39;22m[90m [39m[90mPropertyResource create page automatically assigns tenant_id from authenticated user @ repetition 7 of 100[39m[90m  [39m [90m0.75s[39m  
  [31;1m⨯[39;22m[90m [39m[90mPropertyResource create page automatically assigns tenant_id from authenticated user @ repetition 8 of 100[39m[90m  [39m [90m0.80s[39m  
  [31;1m⨯[39;22m[90m [39m[90mPropertyResource create page automatically assigns tenant_id from authenticated user @ repetition 9 of 100[39m[90m  [39m [90m0.91s[39m  
  [31;1m⨯[39;22m[90m [39m[90mPropertyResource create page automatically assigns tenant_id from authenticated user @ repetition 10 of 100[39m[90m [39m [90m0.30s[39m  
  [31;1m⨯[39;22m[90m [39m[90mPropertyResource create page automatically assigns tenant_id from authenticated user @ repetition 11 of 100[39m[90m [39m [90m0.85s[39m  
  [31;1m⨯[39;22m[90m [39m[90mPropertyResource create page automatically assigns tenant_id from authenticated user @ repetition 12 of 100[39m[90m [39m [90m0.75s[39m  
  [31;1m⨯[39;22m[90m [39m[90mPropertyResource create page automatically assigns tenant_id from authenticated user @ repetition 13 of 100[39m[90m [39m [90m0.89s[39m  
  [31;1m⨯[39;22m[90m [39m[90mPropertyResource create page automatically assigns tenant_id from authenticated user @ repetition 14 of 100[39m[90m [39m [90m0.29s[39m  
  [31;1m⨯[39;22m[90m [39m[90mPropertyResource create page automatically assigns tenant_id from authenticated user @ repetition 15 of 100[39m[90m [39m [90m0.80s[39m  
  [31;1m⨯[39;22m[90m [39m[90mPropertyResource create page automatically assigns tenant_id from authenticated user @ repetition 16 of 100[39m[90m [39m [90m0.81s[39m  
  [31;1m⨯[39;22m[90m [39m[90mPropertyResource create page automatically assigns tenant_id from authenticated user @ repetition 17 of 100[39m[90m [39m [90m0.90s[39m  
  [31;1m⨯[39;22m[90m [39m[90mPropertyResource create page automatically assigns tenant_id from authenticated user @ repetition 18 of 100[39m[90m [39m [90m0.33s[39m  
  [31;1m⨯[39;22m[90m [39m[90mPropertyResource create page automatically assigns tenant_id from authenticated user @ repetition 19 of 100[39m[90m [39m [90m0.73s[39m  
  [31;1m⨯[39;22m[90m [39m[90mPropertyResource create page automatically assigns tenant_id from authenticated user @ repetition 20 of 100[39m[90m [39m [90m0.72s[39m  
  [31;1m⨯[39;22m[90m [39m[90mPropertyResource create page automatically assigns tenant_id from authenticated user @ repetition 21 of 100[39m[90m [39m [90m0.88s[39m  
  [31;1m⨯[39;22m[90m [39m[90mPropertyResource create page automatically assigns tenant_id from authenticated user @ repetition 22 of 100[39m[90m [39m [90m0.29s[39m  
  [31;1m⨯[39;22m[90m [39m[90mPropertyResource create page automatically assigns tenant_id from authenticated user @ repetition 23 of 100[39m[90m [39m [90m0.77s[39m  
  [31;1m⨯[39;22m[90m [39m[90mPropertyResource create page automatically assigns tenant_id from authenticated user @ repetition 24 of 100[39m[90m [39m [90m0.77s[39m  
  [31;1m⨯[39;22m[90m [39m[90mPropertyResource create page automatically assigns tenant_id from authenticated user @ repetition 25 of 100[39m[90m [39m [90m0.97s[39m  
  [31;1m⨯[39;22m[90m [39m[90mPropertyResource create page automatically assigns tenant_id from authenticated user @ repetition 26 of 100[39m[90m [39m [90m0.31s[39m  
  [31;1m⨯[39;22m[90m [39m[90mPropertyResource create page automatically assigns tenant_id from authenticated user @ repetition 27 of 100[39m[90m [39m [90m0.82s[39m  
  [31;1m⨯[39;22m[90m [39m[90mPropertyResource create page automatically assigns tenant_id from authenticated user @ repetition 28 of 100[39m[90m [39m [90m0.84s[39m  
  [31;1m⨯[39;22m[90m [39m[90mPropertyResource create page automatically assigns tenant_id from authenticated user @ repetition 29 of 100[39m[90m [39m [90m0.96s[39m  
  [31;1m⨯[39;22m[90m [39m[90mPropertyResource create page automatically assigns tenant_id from authenticated user @ repetition 30 of 100[39m[90m [39m [90m0.29s[39m  
  [31;1m⨯[39;22m[90m [39m[90mPropertyResource create page automatically assigns tenant_id from authenticated user @ repetition 31 of 100[39m[90m [39m [90m0.92s[39m  
  [31;1m⨯[39;22m[90m [39m[90mPropertyResource create page automatically assigns tenant_id from authenticated user @ repetition 32 of 100[39m[90m [39m [90m0.88s[39m  
  [31;1m⨯[39;22m[90m [39m[90mPropertyResource create page automatically assigns tenant_id from authenticated user @ repetition 33 of 100[39m[90m [39m [90m0.94s[39m  
  [31;1m⨯[39;22m[90m [39m[90mPropertyResource create page automatically assigns tenant_id from authenticated user @ repetition 34 of 100[39m[90m [39m [90m0.35s[39m  
  [31;1m⨯[39;22m[90m [39m[90mPropertyResource create page automatically assigns tenant_id from authenticated user @ repetition 35 of 100[39m[90m [39m [90m0.84s[39m  
  [31;1m⨯[39;22m[90m [39m[90mPropertyResource create page automatically assigns tenant_id from authenticated user @ repetition 36 of 100[39m[90m [39m [90m0.79s[39m  
  [31;1m⨯[39;22m[90m [39m[90mPropertyResource create page automatically assigns tenant_id from authenticated user @ repetition 37 of 100[39m[90m [39m [90m0.95s[39m  
  [31;1m⨯[39;22m[90m [39m[90mPropertyResource create page automatically assigns tenant_id from authenticated user @ repetition 38 of 100[39m[90m [39m [90m0.30s[39m  
  [31;1m⨯[39;22m[90m [39m[90mPropertyResource create page automatically assigns tenant_id from authenticated user @ repetition 39 of 100[39m[90m [39m [90m0.86s[39m  
  [31;1m⨯[39;22m[90m [39m[90mPropertyResource create page automatically assigns tenant_id from authenticated user @ repetition 40 of 100[39m[90m [39m [90m0.87s[39m  
  [31;1m⨯[39;22m[90m [39m[90mPropertyResource create page automatically assigns tenant_id from authenticated user @ repetition 41 of 100[39m[90m [39m [90m1.02s[39m  
  [31;1m⨯[39;22m[90m [39m[90mPropertyResource create page automatically assigns tenant_id from authenticated user @ repetition 42 of 100[39m[90m [39m [90m0.25s[39m  
  [31;1m⨯[39;22m[90m [39m[90mPropertyResource create page automatically assigns tenant_id from authenticated user @ repetition 43 of 100[39m[90m [39m [90m0.80s[39m  
  [31;1m⨯[39;22m[90m [39m[90mPropertyResource create page automatically assigns tenant_id from authenticated user @ repetition 44 of 100[39m[90m [39m [90m0.79s[39m  
  [31;1m⨯[39;22m[90m [39m[90mPropertyResource create page automatically assigns tenant_id from authenticated user @ repetition 45 of 100[39m[90m [39m [90m0.94s[39m  
  [31;1m⨯[39;22m[90m [39m[90mPropertyResource create page automatically assigns tenant_id from authenticated user @ repetition 46 of 100[39m[90m [39m [90m0.35s[39m  
  [31;1m⨯[39;22m[90m [39m[90mPropertyResource create page automatically assigns tenant_id from authenticated user @ repetition 47 of 100[39m[90m [39m [90m0.86s[39m  
  [31;1m⨯[39;22m[90m [39m[90mPropertyResource create page automatically assigns tenant_id from authenticated user @ repetition 48 of 100[39m[90m [39m [90m0.89s[39m  
  [31;1m⨯[39;22m[90m [39m[90mPropertyResource create page automatically assigns tenant_id from authenticated user @ repetition 49 of 100[39m[90m [39m [90m0.96s[39m  
  [31;1m⨯[39;22m[90m [39m[90mPropertyResource create page automatically assigns tenant_id from authenticated user @ repetition 50 of 100[39m[90m [39m [90m0.36s[39m  
  [31;1m⨯[39;22m[90m [39m[90mPropertyResource create page automatically assigns tenant_id from authenticated user @ repetition 51 of 100[39m[90m [39m [90m0.82s[39m  
  [31;1m⨯[39;22m[90m [39m[90mPropertyResource create page automatically assigns tenant_id from authenticated user @ repetition 52 of 100[39m[90m [39m [90m0.88s[39m  
  [31;1m⨯[39;22m[90m [39m[90mPropertyResource create page automatically assigns tenant_id from authenticated user @ repetition 53 of 100[39m[90m [39m [90m1.13s[39m  
  [31;1m⨯[39;22m[90m [39m[90mPropertyResource create page automatically assigns tenant_id from authenticated user @ repetition 54 of 100[39m[90m [39m [90m0.25s[39m  
  [31;1m⨯[39;22m[90m [39m[90mPropertyResource create page automatically assigns tenant_id from authenticated user @ repetition 55 of 100[39m[90m [39m [90m0.89s[39m  
  [31;1m⨯[39;22m[90m [39m[90mPropertyResource create page automatically assigns tenant_id from authenticated user @ repetition 56 of 100[39m[90m [39m [90m0.98s[39m  
  [31;1m⨯[39;22m[90m [39m[90mPropertyResource create page automatically assigns tenant_id from authenticated user @ repetition 57 of 100[39m[90m [39m [90m1.05s[39m  
  [31;1m⨯[39;22m[90m [39m[90mPropertyResource create page automatically assigns tenant_id from authenticated user @ repetition 58 of 100[39m[90m [39m [90m0.36s[39m  
  [31;1m⨯[39;22m[90m [39m[90mPropertyResource create page automatically assigns tenant_id from authenticated user @ repetition 59 of 100[39m[90m [39m [90m0.93s[39m  
  [31;1m⨯[39;22m[90m [39m[90mPropertyResource create page automatically assigns tenant_id from authenticated user @ repetition 60 of 100[39m[90m [39m [90m0.93s[39m  
  [31;1m⨯[39;22m[90m [39m[90mPropertyResource create page automatically assigns tenant_id from authenticated user @ repetition 61 of 100[39m[90m [39m [90m1.12s[39m  
  [31;1m⨯[39;22m[90m [39m[90mPropertyResource create page automatically assigns tenant_id from authenticated user @ repetition 62 of 100[39m[90m [39m [90m0.30s[39m  
  [31;1m⨯[39;22m[90m [39m[90mPropertyResource create page automatically assigns tenant_id from authenticated user @ repetition 63 of 100[39m[90m [39m [90m1.01s[39m  
  [31;1m⨯[39;22m[90m [39m[90mPropertyResource create page automatically assigns tenant_id from authenticated user @ repetition 64 of 100[39m[90m [39m [90m0.99s[39m  
  [31;1m⨯[39;22m[90m [39m[90mPropertyResource create page automatically assigns tenant_id from authenticated user @ repetition 65 of 100[39m[90m [39m [90m1.21s[39m  
  [31;1m⨯[39;22m[90m [39m[90mPropertyResource create page automatically assigns tenant_id from authenticated user @ repetition 66 of 100[39m[90m [39m [90m0.45s[39m  
  [31;1m⨯[39;22m[90m [39m[90mPropertyResource create page automatically assigns tenant_id from authenticated user @ repetition 67 of 100[39m[90m [39m [90m1.01s[39m  
  [31;1m⨯[39;22m[90m [39m[90mPropertyResource create page automatically assigns tenant_id from authenticated user @ repetition 68 of 100[39m[90m [39m [90m1.01s[39m  
  [31;1m⨯[39;22m[90m [39m[90mPropertyResource create page automatically assigns tenant_id from authenticated user @ repetition 69 of 100[39m[90m [39m [90m1.27s[39m  
  [31;1m⨯[39;22m[90m [39m[90mPropertyResource create page automatically assigns tenant_id from authenticated user @ repetition 70 of 100[39m[90m [39m [90m0.43s[39m  
  [31;1m⨯[39;22m[90m [39m[90mPropertyResource create page automatically assigns tenant_id from authenticated user @ repetition 71 of 100[39m[90m [39m [90m1.03s[39m  
  [31;1m⨯[39;22m[90m [39m[90mPropertyResource create page automatically assigns tenant_id from authenticated user @ repetition 72 of 100[39m[90m [39m [90m1.00s[39m  
  [31;1m⨯[39;22m[90m [39m[90mPropertyResource create page automatically assigns tenant_id from authenticated user @ repetition 73 of 100[39m[90m [39m [90m1.25s[39m  
  [31;1m⨯[39;22m[90m [39m[90mPropertyResource create page automatically assigns tenant_id from authenticated user @ repetition 74 of 100[39m[90m [39m [90m0.48s[39m  
  [31;1m⨯[39;22m[90m [39m[90mPropertyResource create page automatically assigns tenant_id from authenticated user @ repetition 75 of 100[39m[90m [39m [90m1.11s[39m  
  [31;1m⨯[39;22m[90m [39m[90mPropertyResource create page automatically assigns tenant_id from authenticated user @ repetition 76 of 100[39m[90m [39m [90m1.02s[39m  
  [31;1m⨯[39;22m[90m [39m[90mPropertyResource create page automatically assigns tenant_id from authenticated user @ repetition 77 of 100[39m[90m [39m [90m1.36s[39m  
  [31;1m⨯[39;22m[90m [39m[90mPropertyResource create page automatically assigns tenant_id from authenticated user @ repetition 78 of 100[39m[90m [39m [90m0.36s[39m  
  [31;1m⨯[39;22m[90m [39m[90mPropertyResource create page automatically assigns tenant_id from authenticated user @ repetition 79 of 100[39m[90m [39m [90m0.98s[39m  
  [31;1m⨯[39;22m[90m [39m[90mPropertyResource create page automatically assigns tenant_id from authenticated user @ repetition 80 of 100[39m[90m [39m [90m1.12s[39m  
  [31;1m⨯[39;22m[90m [39m[90mPropertyResource create page automatically assigns tenant_id from authenticated user @ repetition 81 of 100[39m[90m [39m [90m1.38s[39m  
  [31;1m⨯[39;22m[90m [39m[90mPropertyResource create page automatically assigns tenant_id from authenticated user @ repetition 82 of 100[39m[90m [39m [90m0.45s[39m  
  [31;1m⨯[39;22m[90m [39m[90mPropertyResource create page automatically assigns tenant_id from authenticated user @ repetition 83 of 100[39m[90m [39m [90m1.11s[39m  
  [31;1m⨯[39;22m[90m [39m[90mPropertyResource create page automatically assigns tenant_id from authenticated user @ repetition 84 of 100[39m[90m [39m [90m1.10s[39m  
  [31;1m⨯[39;22m[90m [39m[90mPropertyResource create page automatically assigns tenant_id from authenticated user @ repetition 85 of 100[39m[90m [39m [90m1.22s[39m  
  [31;1m⨯[39;22m[90m [39m[90mPropertyResource create page automatically assigns tenant_id from authenticated user @ repetition 86 of 100[39m[90m [39m [90m0.48s[39m  
  [31;1m⨯[39;22m[90m [39m[90mPropertyResource create page automatically assigns tenant_id from authenticated user @ repetition 87 of 100[39m[90m [39m [90m1.29s[39m  
  [31;1m⨯[39;22m[90m [39m[90mPropertyResource create page automatically assigns tenant_id from authenticated user @ repetition 88 of 100[39m[90m [39m [90m1.28s[39m  
  [31;1m⨯[39;22m[90m [39m[90mPropertyResource create page automatically assigns tenant_id from authenticated user @ repetition 89 of 100[39m[90m [39m [90m1.48s[39m  
  [31;1m⨯[39;22m[90m [39m[90mPropertyResource create page automatically assigns tenant_id from authenticated user @ repetition 90 of 100[39m[90m [39m [90m0.43s[39m  
  [31;1m⨯[39;22m[90m [39m[90mPropertyResource create page automatically assigns tenant_id from authenticated user @ repetition 91 of 100[39m[90m [39m [90m1.28s[39m  
  [31;1m⨯[39;22m[90m [39m[90mPropertyResource create page automatically assigns tenant_id from authenticated user @ repetition 92 of 100[39m[90m [39m [90m1.10s[39m  
  [31;1m⨯[39;22m[90m [39m[90mPropertyResource create page automatically assigns tenant_id from authenticated user @ repetition 93 of 100[39m[90m [39m [90m1.39s[39m  
  [31;1m⨯[39;22m[90m [39m[90mPropertyResource create page automatically assigns tenant_id from authenticated user @ repetition 94 of 100[39m[90m [39m [90m0.58s[39m  
  [31;1m⨯[39;22m[90m [39m[90mPropertyResource create page automatically assigns tenant_id from authenticated user @ repetition 95 of 100[39m[90m [39m [90m1.12s[39m  
  [31;1m⨯[39;22m[90m [39m[90mPropertyResource create page automatically assigns tenant_id from authenticated user @ repetition 96 of 100[39m[90m [39m [90m1.09s[39m  
  [31;1m⨯[39;22m[90m [39m[90mPropertyResource create page automatically assigns tenant_id from authenticated user @ repetition 97 of 100[39m[90m [39m [90m1.47s[39m  
  [31;1m⨯[39;22m[90m [39m[90mPropertyResource create page automatically assigns tenant_id from authenticated user @ repetition 98 of 100[39m[90m [39m [90m0.47s[39m  
  [31;1m⨯[39;22m[90m [39m[90mPropertyResource create page automatically assigns tenant_id from authenticated user @ repetition 99 of 100[39m[90m [39m [90m1.20s[39m  
  [31;1m⨯[39;22m[90m [39m[90mPropertyResource create page automatically assigns tenant_id from authenticated user @ repetition 100 of 10[39m[90m…[39m [90m1.09s[39m  

  [39;41;1m FAIL [39;49;22m[39m Tests\Feature\FilamentPropertyValidationConsistencyPropertyTest[39m
  [31;1m⨯[39;22m[90m [39m[90mFilament PropertyResource applies same validation rules as StorePropertyRequest for create operations @ rep[39m[90m…[39m [90m0.81s[39m  
  [31;1m⨯[39;22m[90m [39m[90mFilament PropertyResource applies same validation rules as StorePropertyRequest for create operations @ rep[39m[90m…[39m [90m0.35s[39m  
  [31;1m⨯[39;22m[90m [39m[90mFilament PropertyResource applies same validation rules as StorePropertyRequest for create operations @ rep[39m[90m…[39m [90m0.28s[39m  
  [31;1m⨯[39;22m[90m [39m[90mFilament PropertyResource applies same validation rules as StorePropertyRequest for create operations @ rep[39m[90m…[39m [90m0.29s[39m  
  [31;1m⨯[39;22m[90m [39m[90mFilament PropertyResource applies same validation rules as StorePropertyRequest for create operations @ rep[39m[90m…[39m [90m0.26s[39m  
  [31;1m⨯[39;22m[90m [39m[90mFilament PropertyResource applies same validation rules as StorePropertyRequest for create operations @ rep[39m[90m…[39m [90m0.68s[39m  
  [31;1m⨯[39;22m[90m [39m[90mFilament PropertyResource applies same validation rules as StorePropertyRequest for create operations @ rep[39m[90m…[39m [90m0.26s[39m  
  [31;1m⨯[39;22m[90m [39m[90mFilament PropertyResource applies same validation rules as StorePropertyRequest for create operations @ rep[39m[90m…[39m [90m0.23s[39m  
  [31;1m⨯[39;22m[90m [39m[90mFilament PropertyResource applies same validation rules as StorePropertyRequest for create operations @ rep[39m[90m…[39m [90m0.25s[39m  
  [31;1m⨯[39;22m[90m [39m[90mFilament PropertyResource applies same validation rules as StorePropertyRequest for create operations @ rep[39m[90m…[39m [90m0.29s[39m  
  [31;1m⨯[39;22m[90m [39m[90mFilament PropertyResource applies same validation rules as StorePropertyRequest for create operations @ rep[39m[90m…[39m [90m0.29s[39m  
  [31;1m⨯[39;22m[90m [39m[90mFilament PropertyResource applies same validation rules as StorePropertyRequest for create operations @ rep[39m[90m…[39m [90m0.27s[39m  
  [31;1m⨯[39;22m[90m [39m[90mFilament PropertyResource applies same validation rules as StorePropertyRequest for create operations @ rep[39m[90m…[39m [90m0.31s[39m  
  [31;1m⨯[39;22m[90m [39m[90mFilament PropertyResource applies same validation rules as StorePropertyRequest for create operations @ rep[39m[90m…[39m [90m0.88s[39m  
  [31;1m⨯[39;22m[90m [39m[90mFilament PropertyResource applies same validation rules as StorePropertyRequest for create operations @ rep[39m[90m…[39m [90m0.30s[39m  
  [31;1m⨯[39;22m[90m [39m[90mFilament PropertyResource applies same validation rules as StorePropertyRequest for create operations @ rep[39m[90m…[39m [90m0.34s[39m  
  [31;1m⨯[39;22m[90m [39m[90mFilament PropertyResource applies same validation rules as StorePropertyRequest for create operations @ rep[39m[90m…[39m [90m0.25s[39m  
  [31;1m⨯[39;22m[90m [39m[90mFilament PropertyResource applies same validation rules as StorePropertyRequest for create operations @ rep[39m[90m…[39m [90m0.29s[39m  
  [31;1m⨯[39;22m[90m [39m[90mFilament PropertyResource applies same validation rules as StorePropertyRequest for create operations @ rep[39m[90m…[39m [90m0.36s[39m  
  [31;1m⨯[39;22m[90m [39m[90mFilament PropertyResource applies same validation rules as StorePropertyRequest for create operations @ rep[39m[90m…[39m [90m0.29s[39m  
  [31;1m⨯[39;22m[90m [39m[90mFilament PropertyResource applies same validation rules as StorePropertyRequest for create operations @ rep[39m[90m…[39m [90m0.22s[39m  
  [31;1m⨯[39;22m[90m [39m[90mFilament PropertyResource applies same validation rules as StorePropertyRequest for create operations @ rep[39m[90m…[39m [90m0.87s[39m  
  [31;1m⨯[39;22m[90m [39m[90mFilament PropertyResource applies same validation rules as StorePropertyRequest for create operations @ rep[39m[90m…[39m [90m0.28s[39m  
  [31;1m⨯[39;22m[90m [39m[90mFilament PropertyResource applies same validation rules as StorePropertyRequest for create operations @ rep[39m[90m…[39m [90m0.30s[39m  
  [31;1m⨯[39;22m[90m [39m[90mFilament PropertyResource applies same validation rules as StorePropertyRequest for create operations @ rep[39m[90m…[39m [90m0.32s[39m  
  [31;1m⨯[39;22m[90m [39m[90mFilament PropertyResource applies same validation rules as StorePropertyRequest for create operations @ rep[39m[90m…[39m [90m0.39s[39m  
  [31;1m⨯[39;22m[90m [39m[90mFilament PropertyResource applies same validation rules as StorePropertyRequest for create operations @ rep[39m[90m…[39m [90m0.29s[39m  
  [31;1m⨯[39;22m[90m [39m[90mFilament PropertyResource applies same validation rules as StorePropertyRequest for create operations @ rep[39m[90m…[39m [90m0.26s[39m  
  [31;1m⨯[39;22m[90m [39m[90mFilament PropertyResource applies same validation rules as StorePropertyRequest for create operations @ rep[39m[90m…[39m [90m0.29s[39m  
  [31;1m⨯[39;22m[90m [39m[90mFilament PropertyResource applies same validation rules as StorePropertyRequest for create operations @ rep[39m[90m…[39m [90m0.71s[39m  
  [31;1m⨯[39;22m[90m [39m[90mFilament PropertyResource applies same validation rules as StorePropertyRequest for create operations @ rep[39m[90m…[39m [90m0.19s[39m  
  [31;1m⨯[39;22m[90m [39m[90mFilament PropertyResource applies same validation rules as StorePropertyRequest for create operations @ rep[39m[90m…[39m [90m0.23s[39m  
  [31;1m⨯[39;22m[90m [39m[90mFilament PropertyResource applies same validation rules as StorePropertyRequest for create operations @ rep[39m[90m…[39m [90m0.24s[39m  
  [31;1m⨯[39;22m[90m [39m[90mFilament PropertyResource applies same validation rules as StorePropertyRequest for create operations @ rep[39m[90m…[39m [90m0.27s[39m  
  [31;1m⨯[39;22m[90m [39m[90mFilament PropertyResource applies same validation rules as StorePropertyRequest for create operations @ rep[39m[90m…[39m [90m0.26s[39m  
  [31;1m⨯[39;22m[90m [39m[90mFilament PropertyResource applies same validation rules as StorePropertyRequest for create operations @ rep[39m[90m…[39m [90m0.24s[39m  
  [31;1m⨯[39;22m[90m [39m[90mFilament PropertyResource applies same validation rules as StorePropertyRequest for create operations @ rep[39m[90m…[39m [90m0.22s[39m  
  [31;1m⨯[39;22m[90m [39m[90mFilament PropertyResource applies same validation rules as StorePropertyRequest for create operations @ rep[39m[90m…[39m [90m0.78s[39m  
  [31;1m⨯[39;22m[90m [39m[90mFilament PropertyResource applies same validation rules as StorePropertyRequest for create operations @ rep[39m[90m…[39m [90m0.26s[39m  
  [31;1m⨯[39;22m[90m [39m[90mFilament PropertyResource applies same validation rules as StorePropertyRequest for create operations @ rep[39m[90m…[39m [90m0.27s[39m  
  [31;1m⨯[39;22m[90m [39m[90mFilament PropertyResource applies same validation rules as StorePropertyRequest for create operations @ rep[39m[90m…[39m [90m0.23s[39m  
  [31;1m⨯[39;22m[90m [39m[90mFilament PropertyResource applies same validation rules as StorePropertyRequest for create operations @ rep[39m[90m…[39m [90m0.24s[39m  
  [31;1m⨯[39;22m[90m [39m[90mFilament PropertyResource applies same validation rules as StorePropertyRequest for create operations @ rep[39m[90m…[39m [90m0.23s[39m  
  [31;1m⨯[39;22m[90m [39m[90mFilament PropertyResource applies same validation rules as StorePropertyRequest for create operations @ rep[39m[90m…[39m [90m0.19s[39m  
  [31;1m⨯[39;22m[90m [39m[90mFilament PropertyResource applies same validation rules as StorePropertyRequest for create operations @ rep[39m[90m…[39m [90m0.25s[39m  
  [31;1m⨯[39;22m[90m [39m[90mFilament PropertyResource applies same validation rules as StorePropertyRequest for create operations @ rep[39m[90m…[39m [90m0.69s[39m  
  [31;1m⨯[39;22m[90m [39m[90mFilament PropertyResource applies same validation rules as StorePropertyRequest for create operations @ rep[39m[90m…[39m [90m0.25s[39m  
  [31;1m⨯[39;22m[90m [39m[90mFilament PropertyResource applies same validation rules as StorePropertyRequest for create operations @ rep[39m[90m…[39m [90m0.27s[39m  
  [31;1m⨯[39;22m[90m [39m[90mFilament PropertyResource applies same validation rules as StorePropertyRequest for create operations @ rep[39m[90m…[39m [90m0.21s[39m  
  [31;1m⨯[39;22m[90m [39m[90mFilament PropertyResource applies same validation rules as StorePropertyRequest for create operations @ rep[39m[90m…[39m [90m0.22s[39m  
  [31;1m⨯[39;22m[90m [39m[90mFilament PropertyResource applies same validation rules as StorePropertyRequest for create operations @ rep[39m[90m…[39m [90m0.10s[39m  
  [31;1m⨯[39;22m[90m [39m[90mFilament PropertyResource applies same validation rules as StorePropertyRequest for create operations @ rep[39m[90m…[39m [90m0.19s[39m  
  [31;1m⨯[39;22m[90m [39m[90mFilament PropertyResource applies same validation rules as StorePropertyRequest for create operations @ rep[39m[90m…[39m [90m0.25s[39m  
  [31;1m⨯[39;22m[90m [39m[90mFilament PropertyResource applies same validation rules as StorePropertyRequest for create operations @ rep[39m[90m…[39m [90m0.63s[39m  
  [31;1m⨯[39;22m[90m [39m[90mFilament PropertyResource applies same validation rules as StorePropertyRequest for create operations @ rep[39m[90m…[39m [90m0.24s[39m  
  [31;1m⨯[39;22m[90m [39m[90mFilament PropertyResource applies same validation rules as StorePropertyRequest for create operations @ rep[39m[90m…[39m [90m0.23s[39m  
  [31;1m⨯[39;22m[90m [39m[90mFilament PropertyResource applies same validation rules as StorePropertyRequest for create operations @ rep[39m[90m…[39m [90m0.22s[39m  
  [31;1m⨯[39;22m[90m [39m[90mFilament PropertyResource applies same validation rules as StorePropertyRequest for create operations @ rep[39m[90m…[39m [90m0.21s[39m  
  [31;1m⨯[39;22m[90m [39m[90mFilament PropertyResource applies same validation rules as StorePropertyRequest for create operations @ rep[39m[90m…[39m [90m0.18s[39m  
  [31;1m⨯[39;22m[90m [39m[90mFilament PropertyResource applies same validation rules as StorePropertyRequest for create operations @ rep[39m[90m…[39m [90m0.20s[39m  
  [31;1m⨯[39;22m[90m [39m[90mFilament PropertyResource applies same validation rules as StorePropertyRequest for create operations @ rep[39m[90m…[39m [90m0.23s[39m  
  [31;1m⨯[39;22m[90m [39m[90mFilament PropertyResource applies same validation rules as StorePropertyRequest for create operations @ rep[39m[90m…[39m [90m0.60s[39m  
  [31;1m⨯[39;22m[90m [39m[90mFilament PropertyResource applies same validation rules as StorePropertyRequest for create operations @ rep[39m[90m…[39m [90m0.20s[39m  
  [31;1m⨯[39;22m[90m [39m[90mFilament PropertyResource applies same validation rules as StorePropertyRequest for create operations @ rep[39m[90m…[39m [90m0.19s[39m  
  [31;1m⨯[39;22m[90m [39m[90mFilament PropertyResource applies same validation rules as StorePropertyRequest for create operations @ rep[39m[90m…[39m [90m0.21s[39m  
  [31;1m⨯[39;22m[90m [39m[90mFilament PropertyResource applies same validation rules as StorePropertyRequest for create operations @ rep[39m[90m…[39m [90m0.20s[39m  
  [31;1m⨯[39;22m[90m [39m[90mFilament PropertyResource applies same validation rules as StorePropertyRequest for create operations @ rep[39m[90m…[39m [90m0.18s[39m  
  [31;1m⨯[39;22m[90m [39m[90mFilament PropertyResource applies same validation rules as StorePropertyRequest for create operations @ rep[39m[90m…[39m [90m0.17s[39m  
  [31;1m⨯[39;22m[90m [39m[90mFilament PropertyResource applies same validation rules as StorePropertyRequest for create operations @ rep[39m[90m…[39m [90m0.24s[39m  
  [31;1m⨯[39;22m[90m [39m[90mFilament PropertyResource applies same validation rules as StorePropertyRequest for create operations @ rep[39m[90m…[39m [90m0.62s[39m  
  [31;1m⨯[39;22m[90m [39m[90mFilament PropertyResource applies same validation rules as StorePropertyRequest for create operations @ rep[39m[90m…[39m [90m0.22s[39m  
  [31;1m⨯[39;22m[90m [39m[90mFilament PropertyResource applies same validation rules as StorePropertyRequest for create operations @ rep[39m[90m…[39m [90m0.22s[39m  
  [31;1m⨯[39;22m[90m [39m[90mFilament PropertyResource applies same validation rules as StorePropertyRequest for create operations @ rep[39m[90m…[39m [90m0.17s[39m  
  [31;1m⨯[39;22m[90m [39m[90mFilament PropertyResource applies same validation rules as StorePropertyRequest for create operations @ rep[39m[90m…[39m [90m0.22s[39m  
  [31;1m⨯[39;22m[90m [39m[90mFilament PropertyResource applies same validation rules as StorePropertyRequest for create operations @ rep[39m[90m…[39m [90m0.16s[39m  
  [31;1m⨯[39;22m[90m [39m[90mFilament PropertyResource applies same validation rules as StorePropertyRequest for create operations @ rep[39m[90m…[39m [90m0.22s[39m  
  [31;1m⨯[39;22m[90m [39m[90mFilament PropertyResource applies same validation rules as StorePropertyRequest for create operations @ rep[39m[90m…[39m [90m0.21s[39m  
  [31;1m⨯[39;22m[90m [39m[90mFilament PropertyResource applies same validation rules as StorePropertyRequest for create operations @ rep[39m[90m…[39m [90m0.61s[39m  
  [31;1m⨯[39;22m[90m [39m[90mFilament PropertyResource applies same validation rules as StorePropertyRequest for create operations @ rep[39m[90m…[39m [90m0.20s[39m  
  [31;1m⨯[39;22m[90m [39m[90mFilament PropertyResource applies same validation rules as StorePropertyRequest for create operations @ rep[39m[90m…[39m [90m0.21s[39m  
  [31;1m⨯[39;22m[90m [39m[90mFilament PropertyResource applies same validation rules as StorePropertyRequest for create operations @ rep[39m[90m…[39m [90m0.22s[39m  
  [31;1m⨯[39;22m[90m [39m[90mFilament PropertyResource applies same validation rules as StorePropertyRequest for create operations @ rep[39m[90m…[39m [90m0.18s[39m  
  [31;1m⨯[39;22m[90m [39m[90mFilament PropertyResource applies same validation rules as StorePropertyRequest for create operations @ rep[39m[90m…[39m [90m0.17s[39m  
  [31;1m⨯[39;22m[90m [39m[90mFilament PropertyResource applies same validation rules as StorePropertyRequest for create operations @ rep[39m[90m…[39m [90m0.20s[39m  
  [31;1m⨯[39;22m[90m [39m[90mFilament PropertyResource applies same validation rules as StorePropertyRequest for create operations @ rep[39m[90m…[39m [90m0.21s[39m  
  [31;1m⨯[39;22m[90m [39m[90mFilament PropertyResource applies same validation rules as StorePropertyRequest for create operations @ rep[39m[90m…[39m [90m0.62s[39m  
  [31;1m⨯[39;22m[90m [39m[90mFilament PropertyResource applies same validation rules as StorePropertyRequest for create operations @ rep[39m[90m…[39m [90m0.17s[39m  
  [31;1m⨯[39;22m[90m [39m[90mFilament PropertyResource applies same validation rules as StorePropertyRequest for create operations @ rep[39m[90m…[39m [90m0.11s[39m  
  [31;1m⨯[39;22m[90m [39m[90mFilament PropertyResource applies same validation rules as StorePropertyRequest for create operations @ rep[39m[90m…[39m [90m0.19s[39m  
  [31;1m⨯[39;22m[90m [39m[90mFilament PropertyResource applies same validation rules as StorePropertyRequest for create operations @ rep[39m[90m…[39m [90m0.21s[39m  
  [31;1m⨯[39;22m[90m [39m[90mFilament PropertyResource applies same validation rules as StorePropertyRequest for create operations @ rep[39m[90m…[39m [90m0.18s[39m  
  [31;1m⨯[39;22m[90m [39m[90mFilament PropertyResource applies same validation rules as StorePropertyRequest for create operations @ rep[39m[90m…[39m [90m0.22s[39m  
  [31;1m⨯[39;22m[90m [39m[90mFilament PropertyResource applies same validation rules as StorePropertyRequest for create operations @ rep[39m[90m…[39m [90m0.20s[39m  
  [31;1m⨯[39;22m[90m [39m[90mFilament PropertyResource applies same validation rules as StorePropertyRequest for create operations @ rep[39m[90m…[39m [90m0.66s[39m  
  [31;1m⨯[39;22m[90m [39m[90mFilament PropertyResource applies same validation rules as StorePropertyRequest for create operations @ rep[39m[90m…[39m [90m0.20s[39m  
  [31;1m⨯[39;22m[90m [39m[90mFilament PropertyResource applies same validation rules as StorePropertyRequest for create operations @ rep[39m[90m…[39m [90m0.21s[39m  
  [31;1m⨯[39;22m[90m [39m[90mFilament PropertyResource applies same validation rules as StorePropertyRequest for create operations @ rep[39m[90m…[39m [90m0.20s[39m  
  [31;1m⨯[39;22m[90m [39m[90mFilament PropertyResource applies same validation rules as StorePropertyRequest for create operations @ rep[39m[90m…[39m [90m0.20s[39m  
  [31;1m⨯[39;22m[90m [39m[90mFilament PropertyResource applies same validation rules as StorePropertyRequest for create operations @ rep[39m[90m…[39m [90m0.22s[39m  
  [31;1m⨯[39;22m[90m [39m[90mFilament PropertyResource applies same validation rules as StorePropertyRequest for create operations @ rep[39m[90m…[39m [90m0.22s[39m  
  [31;1m⨯[39;22m[90m [39m[90mFilament PropertyResource rejects invalid data consistently with StorePropertyRequest @ repetition 1 of 100[39m[90m [39m [90m0.24s[39m  
  [31;1m⨯[39;22m[90m [39m[90mFilament PropertyResource rejects invalid data consistently with StorePropertyRequest @ repetition 2 of 100[39m[90m [39m [90m0.21s[39m  
  [31;1m⨯[39;22m[90m [39m[90mFilament PropertyResource rejects invalid data consistently with StorePropertyRequest @ repetition 3 of 100[39m[90m [39m [90m0.20s[39m  
  [31;1m⨯[39;22m[90m [39m[90mFilament PropertyResource rejects invalid data consistently with StorePropertyRequest @ repetition 4 of 100[39m[90m [39m [90m0.23s[39m  
  [31;1m⨯[39;22m[90m [39m[90mFilament PropertyResource rejects invalid data consistently with StorePropertyRequest @ repetition 5 of 100[39m[90m [39m [90m0.53s[39m  
  [31;1m⨯[39;22m[90m [39m[90mFilament PropertyResource rejects invalid data consistently with StorePropertyRequest @ repetition 6 of 100[39m[90m [39m [90m0.19s[39m  
  [31;1m⨯[39;22m[90m [39m[90mFilament PropertyResource rejects invalid data consistently with StorePropertyRequest @ repetition 7 of 100[39m[90m [39m [90m0.18s[39m  
  [31;1m⨯[39;22m[90m [39m[90mFilament PropertyResource rejects invalid data consistently with StorePropertyRequest @ repetition 8 of 100[39m[90m [39m [90m0.26s[39m  
  [31;1m⨯[39;22m[90m [39m[90mFilament PropertyResource rejects invalid data consistently with StorePropertyRequest @ repetition 9 of 100[39m[90m [39m [90m0.27s[39m  
  [31;1m⨯[39;22m[90m [39m[90mFilament PropertyResource rejects invalid data consistently with StorePropertyRequest @ repetition 10 of 10[39m[90m…[39m [90m0.22s[39m  
  [31;1m⨯[39;22m[90m [39m[90mFilament PropertyResource rejects invalid data consistently with StorePropertyRequest @ repetition 11 of 10[39m[90m…[39m [90m0.19s[39m  
  [31;1m⨯[39;22m[90m [39m[90mFilament PropertyResource rejects invalid data consistently with StorePropertyRequest @ repetition 12 of 10[39m[90m…[39m [90m0.18s[39m  
  [31;1m⨯[39;22m[90m [39m[90mFilament PropertyResource rejects invalid data consistently with StorePropertyRequest @ repetition 13 of 10[39m[90m…[39m [90m0.63s[39m  
  [31;1m⨯[39;22m[90m [39m[90mFilament PropertyResource rejects invalid data consistently with StorePropertyRequest @ repetition 14 of 10[39m[90m…[39m [90m0.18s[39m  
  [31;1m⨯[39;22m[90m [39m[90mFilament PropertyResource rejects invalid data consistently with StorePropertyRequest @ repetition 15 of 10[39m[90m…[39m [90m0.16s[39m  
  [31;1m⨯[39;22m[90m [39m[90mFilament PropertyResource rejects invalid data consistently with StorePropertyRequest @ repetition 16 of 10[39m[90m…[39m [90m0.19s[39m  
  [31;1m⨯[39;22m[90m [39m[90mFilament PropertyResource rejects invalid data consistently with StorePropertyRequest @ repetition 17 of 10[39m[90m…[39m [90m0.14s[39m  
  [31;1m⨯[39;22m[90m [39m[90mFilament PropertyResource rejects invalid data consistently with StorePropertyRequest @ repetition 18 of 10[39m[90m…[39m [90m0.21s[39m  
  [31;1m⨯[39;22m[90m [39m[90mFilament PropertyResource rejects invalid data consistently with StorePropertyRequest @ repetition 19 of 10[39m[90m…[39m [90m0.19s[39m  
  [31;1m⨯[39;22m[90m [39m[90mFilament PropertyResource rejects invalid data consistently with StorePropertyRequest @ repetition 20 of 10[39m[90m…[39m [90m0.20s[39m  
  [31;1m⨯[39;22m[90m [39m[90mFilament PropertyResource rejects invalid data consistently with StorePropertyRequest @ repetition 21 of 10[39m[90m…[39m [90m0.64s[39m  
  [31;1m⨯[39;22m[90m [39m[90mFilament PropertyResource rejects invalid data consistently with StorePropertyRequest @ repetition 22 of 10[39m[90m…[39m [90m0.22s[39m  
  [31;1m⨯[39;22m[90m [39m[90mFilament PropertyResource rejects invalid data consistently with StorePropertyRequest @ repetition 23 of 10[39m[90m…[39m [90m0.20s[39m  
  [31;1m⨯[39;22m[90m [39m[90mFilament PropertyResource rejects invalid data consistently with StorePropertyRequest @ repetition 24 of 10[39m[90m…[39m [90m0.22s[39m  
  [31;1m⨯[39;22m[90m [39m[90mFilament PropertyResource rejects invalid data consistently with StorePropertyRequest @ repetition 25 of 10[39m[90m…[39m [90m0.22s[39m  
  [31;1m⨯[39;22m[90m [39m[90mFilament PropertyResource rejects invalid data consistently with StorePropertyRequest @ repetition 26 of 10[39m[90m…[39m [90m0.21s[39m  
  [31;1m⨯[39;22m[90m [39m[90mFilament PropertyResource rejects invalid data consistently with StorePropertyRequest @ repetition 27 of 10[39m[90m…[39m [90m0.21s[39m  
  [31;1m⨯[39;22m[90m [39m[90mFilament PropertyResource rejects invalid data consistently with StorePropertyRequest @ repetition 28 of 10[39m[90m…[39m [90m0.19s[39m  
  [31;1m⨯[39;22m[90m [39m[90mFilament PropertyResource rejects invalid data consistently with StorePropertyRequest @ repetition 29 of 10[39m[90m…[39m [90m0.65s[39m  
  [31;1m⨯[39;22m[90m [39m[90mFilament PropertyResource rejects invalid data consistently with StorePropertyRequest @ repetition 30 of 10[39m[90m…[39m [90m0.20s[39m  
  [31;1m⨯[39;22m[90m [39m[90mFilament PropertyResource rejects invalid data consistently with StorePropertyRequest @ repetition 31 of 10[39m[90m…[39m [90m0.21s[39m  
  [31;1m⨯[39;22m[90m [39m[90mFilament PropertyResource rejects invalid data consistently with StorePropertyRequest @ repetition 32 of 10[39m[90m…[39m [90m0.21s[39m  
  [31;1m⨯[39;22m[90m [39m[90mFilament PropertyResource rejects invalid data consistently with StorePropertyRequest @ repetition 33 of 10[39m[90m…[39m [90m0.16s[39m  
  [31;1m⨯[39;22m[90m [39m[90mFilament PropertyResource rejects invalid data consistently with StorePropertyRequest @ repetition 34 of 10[39m[90m…[39m [90m0.21s[39m  
  [31;1m⨯[39;22m[90m [39m[90mFilament PropertyResource rejects invalid data consistently with StorePropertyRequest @ repetition 35 of 10[39m[90m…[39m [90m0.18s[39m  
  [31;1m⨯[39;22m[90m [39m[90mFilament PropertyResource rejects invalid data consistently with StorePropertyRequest @ repetition 36 of 10[39m[90m…[39m [90m0.18s[39m  
  [31;1m⨯[39;22m[90m [39m[90mFilament PropertyResource rejects invalid data consistently with StorePropertyRequest @ repetition 37 of 10[39m[90m…[39m [90m0.61s[39m  
  [31;1m⨯[39;22m[90m [39m[90mFilament PropertyResource rejects invalid data consistently with StorePropertyRequest @ repetition 38 of 10[39m[90m…[39m [90m0.20s[39m  
  [31;1m⨯[39;22m[90m [39m[90mFilament PropertyResource rejects invalid data consistently with StorePropertyRequest @ repetition 39 of 10[39m[90m…[39m [90m0.22s[39m  
  [31;1m⨯[39;22m[90m [39m[90mFilament PropertyResource rejects invalid data consistently with StorePropertyRequest @ repetition 40 of 10[39m[90m…[39m [90m0.18s[39m  
  [31;1m⨯[39;22m[90m [39m[90mFilament PropertyResource rejects invalid data consistently with StorePropertyRequest @ repetition 41 of 10[39m[90m…[39m [90m0.19s[39m  
  [31;1m⨯[39;22m[90m [39m[90mFilament PropertyResource rejects invalid data consistently with StorePropertyRequest @ repetition 42 of 10[39m[90m…[39m [90m0.23s[39m  
  [31;1m⨯[39;22m[90m [39m[90mFilament PropertyResource rejects invalid data consistently with StorePropertyRequest @ repetition 43 of 10[39m[90m…[39m [90m0.13s[39m  
  [31;1m⨯[39;22m[90m [39m[90mFilament PropertyResource rejects invalid data consistently with StorePropertyRequest @ repetition 44 of 10[39m[90m…[39m [90m0.21s[39m  
  [31;1m⨯[39;22m[90m [39m[90mFilament PropertyResource rejects invalid data consistently with StorePropertyRequest @ repetition 45 of 10[39m[90m…[39m [90m0.69s[39m  
  [31;1m⨯[39;22m[90m [39m[90mFilament PropertyResource rejects invalid data consistently with StorePropertyRequest @ repetition 46 of 10[39m[90m…[39m [90m0.18s[39m  
  [31;1m⨯[39;22m[90m [39m[90mFilament PropertyResource rejects invalid data consistently with StorePropertyRequest @ repetition 47 of 10[39m[90m…[39m [90m0.20s[39m  
  [31;1m⨯[39;22m[90m [39m[90mFilament PropertyResource rejects invalid data consistently with StorePropertyRequest @ repetition 48 of 10[39m[90m…[39m [90m0.22s[39m  
  [31;1m⨯[39;22m[90m [39m[90mFilament PropertyResource rejects invalid data consistently with StorePropertyRequest @ repetition 49 of 10[39m[90m…[39m [90m0.20s[39m  
  [31;1m⨯[39;22m[90m [39m[90mFilament PropertyResource rejects invalid data consistently with StorePropertyRequest @ repetition 50 of 10[39m[90m…[39m [90m0.18s[39m  
  [31;1m⨯[39;22m[90m [39m[90mFilament PropertyResource rejects invalid data consistently with StorePropertyRequest @ repetition 51 of 10[39m[90m…[39m [90m0.23s[39m  
  [31;1m⨯[39;22m[90m [39m[90mFilament PropertyResource rejects invalid data consistently with StorePropertyRequest @ repetition 52 of 10[39m[90m…[39m [90m0.22s[39m  
  [31;1m⨯[39;22m[90m [39m[90mFilament PropertyResource rejects invalid data consistently with StorePropertyRequest @ repetition 53 of 10[39m[90m…[39m [90m0.55s[39m  
  [31;1m⨯[39;22m[90m [39m[90mFilament PropertyResource rejects invalid data consistently with StorePropertyRequest @ repetition 54 of 10[39m[90m…[39m [90m0.21s[39m  
  [31;1m⨯[39;22m[90m [39m[90mFilament PropertyResource rejects invalid data consistently with StorePropertyRequest @ repetition 55 of 10[39m[90m…[39m [90m0.23s[39m  
  [31;1m⨯[39;22m[90m [39m[90mFilament PropertyResource rejects invalid data consistently with StorePropertyRequest @ repetition 56 of 10[39m[90m…[39m [90m0.23s[39m  
  [31;1m⨯[39;22m[90m [39m[90mFilament PropertyResource rejects invalid data consistently with StorePropertyRequest @ repetition 57 of 10[39m[90m…[39m [90m0.20s[39m  
  [31;1m⨯[39;22m[90m [39m[90mFilament PropertyResource rejects invalid data consistently with StorePropertyRequest @ repetition 58 of 10[39m[90m…[39m [90m0.20s[39m  
  [31;1m⨯[39;22m[90m [39m[90mFilament PropertyResource rejects invalid data consistently with StorePropertyRequest @ repetition 59 of 10[39m[90m…[39m [90m0.19s[39m  
  [31;1m⨯[39;22m[90m [39m[90mFilament PropertyResource rejects invalid data consistently with StorePropertyRequest @ repetition 60 of 10[39m[90m…[39m [90m0.22s[39m  
  [31;1m⨯[39;22m[90m [39m[90mFilament PropertyResource rejects invalid data consistently with StorePropertyRequest @ repetition 61 of 10[39m[90m…[39m [90m0.67s[39m  
  [31;1m⨯[39;22m[90m [39m[90mFilament PropertyResource rejects invalid data consistently with StorePropertyRequest @ repetition 62 of 10[39m[90m…[39m [90m0.14s[39m  
  [31;1m⨯[39;22m[90m [39m[90mFilament PropertyResource rejects invalid data consistently with StorePropertyRequest @ repetition 63 of 10[39m[90m…[39m [90m0.24s[39m  
  [31;1m⨯[39;22m[90m [39m[90mFilament PropertyResource rejects invalid data consistently with StorePropertyRequest @ repetition 64 of 10[39m[90m…[39m [90m0.20s[39m  
  [31;1m⨯[39;22m[90m [39m[90mFilament PropertyResource rejects invalid data consistently with StorePropertyRequest @ repetition 65 of 10[39m[90m…[39m [90m0.20s[39m  
  [31;1m⨯[39;22m[90m [39m[90mFilament PropertyResource rejects invalid data consistently with StorePropertyRequest @ repetition 66 of 10[39m[90m…[39m [90m0.20s[39m  
  [31;1m⨯[39;22m[90m [39m[90mFilament PropertyResource rejects invalid data consistently with StorePropertyRequest @ repetition 67 of 10[39m[90m…[39m [90m0.16s[39m  
  [31;1m⨯[39;22m[90m [39m[90mFilament PropertyResource rejects invalid data consistently with StorePropertyRequest @ repetition 68 of 10[39m[90m…[39m [90m0.14s[39m  
  [31;1m⨯[39;22m[90m [39m[90mFilament PropertyResource rejects invalid data consistently with StorePropertyRequest @ repetition 69 of 10[39m[90m…[39m [90m0.66s[39m  
  [31;1m⨯[39;22m[90m [39m[90mFilament PropertyResource rejects invalid data consistently with StorePropertyRequest @ repetition 70 of 10[39m[90m…[39m [90m0.23s[39m  
  [31;1m⨯[39;22m[90m [39m[90mFilament PropertyResource rejects invalid data consistently with StorePropertyRequest @ repetition 71 of 10[39m[90m…[39m [90m0.19s[39m  
  [31;1m⨯[39;22m[90m [39m[90mFilament PropertyResource rejects invalid data consistently with StorePropertyRequest @ repetition 72 of 10[39m[90m…[39m [90m0.16s[39m  
  [31;1m⨯[39;22m[90m [39m[90mFilament PropertyResource rejects invalid data consistently with StorePropertyRequest @ repetition 73 of 10[39m[90m…[39m [90m0.17s[39m  
  [31;1m⨯[39;22m[90m [39m[90mFilament PropertyResource rejects invalid data consistently with StorePropertyRequest @ repetition 74 of 10[39m[90m…[39m [90m0.25s[39m  
  [31;1m⨯[39;22m[90m [39m[90mFilament PropertyResource rejects invalid data consistently with StorePropertyRequest @ repetition 75 of 10[39m[90m…[39m [90m0.20s[39m  
  [31;1m⨯[39;22m[90m [39m[90mFilament PropertyResource rejects invalid data consistently with StorePropertyRequest @ repetition 76 of 10[39m[90m…[39m [90m0.26s[39m  
  [31;1m⨯[39;22m[90m [39m[90mFilament PropertyResource rejects invalid data consistently with StorePropertyRequest @ repetition 77 of 10[39m[90m…[39m [90m0.67s[39m  
  [31;1m⨯[39;22m[90m [39m[90mFilament PropertyResource rejects invalid data consistently with StorePropertyRequest @ repetition 78 of 10[39m[90m…[39m [90m0.24s[39m  
  [31;1m⨯[39;22m[90m [39m[90mFilament PropertyResource rejects invalid data consistently with StorePropertyRequest @ repetition 79 of 10[39m[90m…[39m [90m0.22s[39m  
  [31;1m⨯[39;22m[90m [39m[90mFilament PropertyResource rejects invalid data consistently with StorePropertyRequest @ repetition 80 of 10[39m[90m…[39m [90m0.16s[39m  
  [31;1m⨯[39;22m[90m [39m[90mFilament PropertyResource rejects invalid data consistently with StorePropertyRequest @ repetition 81 of 10[39m[90m…[39m [90m0.23s[39m  
  [31;1m⨯[39;22m[90m [39m[90mFilament PropertyResource rejects invalid data consistently with StorePropertyRequest @ repetition 82 of 10[39m[90m…[39m [90m0.22s[39m  
  [31;1m⨯[39;22m[90m [39m[90mFilament PropertyResource rejects invalid data consistently with StorePropertyRequest @ repetition 83 of 10[39m[90m…[39m [90m0.20s[39m  
  [31;1m⨯[39;22m[90m [39m[90mFilament PropertyResource rejects invalid data consistently with StorePropertyRequest @ repetition 84 of 10[39m[90m…[39m [90m0.23s[39m  
  [31;1m⨯[39;22m[90m [39m[90mFilament PropertyResource rejects invalid data consistently with StorePropertyRequest @ repetition 85 of 10[39m[90m…[39m [90m0.68s[39m  
  [31;1m⨯[39;22m[90m [39m[90mFilament PropertyResource rejects invalid data consistently with StorePropertyRequest @ repetition 86 of 10[39m[90m…[39m [90m0.21s[39m  
  [31;1m⨯[39;22m[90m [39m[90mFilament PropertyResource rejects invalid data consistently with StorePropertyRequest @ repetition 87 of 10[39m[90m…[39m [90m0.19s[39m  
  [31;1m⨯[39;22m[90m [39m[90mFilament PropertyResource rejects invalid data consistently with StorePropertyRequest @ repetition 88 of 10[39m[90m…[39m [90m0.25s[39m  
  [31;1m⨯[39;22m[90m [39m[90mFilament PropertyResource rejects invalid data consistently with StorePropertyRequest @ repetition 89 of 10[39m[90m…[39m [90m0.26s[39m  
  [31;1m⨯[39;22m[90m [39m[90mFilament PropertyResource rejects invalid data consistently with StorePropertyRequest @ repetition 90 of 10[39m[90m…[39m [90m0.19s[39m  
  [31;1m⨯[39;22m[90m [39m[90mFilament PropertyResource rejects invalid data consistently with StorePropertyRequest @ repetition 91 of 10[39m[90m…[39m [90m0.20s[39m  
  [31;1m⨯[39;22m[90m [39m[90mFilament PropertyResource rejects invalid data consistently with StorePropertyRequest @ repetition 92 of 10[39m[90m…[39m [90m0.22s[39m  
  [31;1m⨯[39;22m[90m [39m[90mFilament PropertyResource rejects invalid data consistently with StorePropertyRequest @ repetition 93 of 10[39m[90m…[39m [90m0.69s[39m  
  [31;1m⨯[39;22m[90m [39m[90mFilament PropertyResource rejects invalid data consistently with StorePropertyRequest @ repetition 94 of 10[39m[90m…[39m [90m0.25s[39m  
  [31;1m⨯[39;22m[90m [39m[90mFilament PropertyResource rejects invalid data consistently with StorePropertyRequest @ repetition 95 of 10[39m[90m…[39m [90m0.25s[39m  
  [31;1m⨯[39;22m[90m [39m[90mFilament PropertyResource rejects invalid data consistently with StorePropertyRequest @ repetition 96 of 10[39m[90m…[39m [90m0.26s[39m  
  [31;1m⨯[39;22m[90m [39m[90mFilament PropertyResource rejects invalid data consistently with StorePropertyRequest @ repetition 97 of 10[39m[90m…[39m [90m0.21s[39m  
  [31;1m⨯[39;22m[90m [39m[90mFilament PropertyResource rejects invalid data consistently with StorePropertyRequest @ repetition 98 of 10[39m[90m…[39m [90m0.27s[39m  
  [31;1m⨯[39;22m[90m [39m[90mFilament PropertyResource rejects invalid data consistently with StorePropertyRequest @ repetition 99 of 10[39m[90m…[39m [90m0.25s[39m  
  [31;1m⨯[39;22m[90m [39m[90mFilament PropertyResource rejects invalid data consistently with StorePropertyRequest @ repetition 100 of 1[39m[90m…[39m [90m0.16s[39m  
  [31;1m⨯[39;22m[90m [39m[90mFilament PropertyResource applies same validation rules as UpdatePropertyRequest for edit operations @ repe[39m[90m…[39m [90m0.23s[39m  
  [31;1m⨯[39;22m[90m [39m[90mFilament PropertyResource applies same validation rules as UpdatePropertyRequest for edit operations @ repe[39m[90m…[39m [90m0.22s[39m  
  [31;1m⨯[39;22m[90m [39m[90mFilament PropertyResource applies same validation rules as UpdatePropertyRequest for edit operations @ repe[39m[90m…[39m [90m0.21s[39m  
  [31;1m⨯[39;22m[90m [39m[90mFilament PropertyResource applies same validation rules as UpdatePropertyRequest for edit operations @ repe[39m[90m…[39m [90m0.55s[39m  
  [31;1m⨯[39;22m[90m [39m[90mFilament PropertyResource applies same validation rules as UpdatePropertyRequest for edit operations @ repe[39m[90m…[39m [90m0.24s[39m  
  [31;1m⨯[39;22m[90m [39m[90mFilament PropertyResource applies same validation rules as UpdatePropertyRequest for edit operations @ repe[39m[90m…[39m [90m0.23s[39m  
  [31;1m⨯[39;22m[90m [39m[90mFilament PropertyResource applies same validation rules as UpdatePropertyRequest for edit operations @ repe[39m[90m…[39m [90m0.31s[39m  
  [31;1m⨯[39;22m[90m [39m[90mFilament PropertyResource applies same validation rules as UpdatePropertyRequest for edit operations @ repe[39m[90m…[39m [90m0.20s[39m  
  [31;1m⨯[39;22m[90m [39m[90mFilament PropertyResource applies same validation rules as UpdatePropertyRequest for edit operations @ repe[39m[90m…[39m [90m0.18s[39m  
  [31;1m⨯[39;22m[90m [39m[90mFilament PropertyResource applies same validation rules as UpdatePropertyRequest for edit operations @ repe[39m[90m…[39m [90m0.25s[39m  
  [31;1m⨯[39;22m[90m [39m[90mFilament PropertyResource applies same validation rules as UpdatePropertyRequest for edit operations @ repe[39m[90m…[39m [90m0.21s[39m  
  [31;1m⨯[39;22m[90m [39m[90mFilament PropertyResource applies same validation rules as UpdatePropertyRequest for edit operations @ repe[39m[90m…[39m [90m0.68s[39m  
  [31;1m⨯[39;22m[90m [39m[90mFilament PropertyResource applies same validation rules as UpdatePropertyRequest for edit operations @ repe[39m[90m…[39m [90m0.18s[39m  
  [31;1m⨯[39;22m[90m [39m[90mFilament PropertyResource applies same validation rules as UpdatePropertyRequest for edit operations @ repe[39m[90m…[39m [90m0.18s[39m  
  [31;1m⨯[39;22m[90m [39m[90mFilament PropertyResource applies same validation rules as UpdatePropertyRequest for edit operations @ repe[39m[90m…[39m [90m0.28s[39m  
  [31;1m⨯[39;22m[90m [39m[90mFilament PropertyResource applies same validation rules as UpdatePropertyRequest for edit operations @ repe[39m[90m…[39m [90m0.19s[39m  
  [31;1m⨯[39;22m[90m [39m[90mFilament PropertyResource applies same validation rules as UpdatePropertyRequest for edit operations @ repe[39m[90m…[39m [90m0.22s[39m  
  [31;1m⨯[39;22m[90m [39m[90mFilament PropertyResource applies same validation rules as UpdatePropertyRequest for edit operations @ repe[39m[90m…[39m [90m0.21s[39m  
  [31;1m⨯[39;22m[90m [39m[90mFilament PropertyResource applies same validation rules as UpdatePropertyRequest for edit operations @ repe[39m[90m…[39m [90m0.24s[39m  
  [31;1m⨯[39;22m[90m [39m[90mFilament PropertyResource applies same validation rules as UpdatePropertyRequest for edit operations @ repe[39m[90m…[39m [90m0.73s[39m  
  [31;1m⨯[39;22m[90m [39m[90mFilament PropertyResource applies same validation rules as UpdatePropertyRequest for edit operations @ repe[39m[90m…[39m [90m0.32s[39m  
  [31;1m⨯[39;22m[90m [39m[90mFilament PropertyResource applies same validation rules as UpdatePropertyRequest for edit operations @ repe[39m[90m…[39m [90m0.20s[39m  
  [31;1m⨯[39;22m[90m [39m[90mFilament PropertyResource applies same validation rules as UpdatePropertyRequest for edit operations @ repe[39m[90m…[39m [90m0.20s[39m  
  [31;1m⨯[39;22m[90m [39m[90mFilament PropertyResource applies same validation rules as UpdatePropertyRequest for edit operations @ repe[39m[90m…[39m [90m0.21s[39m  
  [31;1m⨯[39;22m[90m [39m[90mFilament PropertyResource applies same validation rules as UpdatePropertyRequest for edit operations @ repe[39m[90m…[39m [90m0.21s[39m  
  [31;1m⨯[39;22m[90m [39m[90mFilament PropertyResource applies same validation rules as UpdatePropertyRequest for edit operations @ repe[39m[90m…[39m [90m0.23s[39m  
  [31;1m⨯[39;22m[90m [39m[90mFilament PropertyResource applies same validation rules as UpdatePropertyRequest for edit operations @ repe[39m[90m…[39m [90m0.15s[39m  
  [31;1m⨯[39;22m[90m [39m[90mFilament PropertyResource applies same validation rules as UpdatePropertyRequest for edit operations @ repe[39m[90m…[39m [90m0.60s[39m  
  [31;1m⨯[39;22m[90m [39m[90mFilament PropertyResource applies same validation rules as UpdatePropertyRequest for edit operations @ repe[39m[90m…[39m [90m0.24s[39m  
  [31;1m⨯[39;22m[90m [39m[90mFilament PropertyResource applies same validation rules as UpdatePropertyRequest for edit operations @ repe[39m[90m…[39m [90m0.21s[39m  
  [31;1m⨯[39;22m[90m [39m[90mFilament PropertyResource applies same validation rules as UpdatePropertyRequest for edit operations @ repe[39m[90m…[39m [90m0.19s[39m  
  [31;1m⨯[39;22m[90m [39m[90mFilament PropertyResource applies same validation rules as UpdatePropertyRequest for edit operations @ repe[39m[90m…[39m [90m0.17s[39m  
  [31;1m⨯[39;22m[90m [39m[90mFilament PropertyResource applies same validation rules as UpdatePropertyRequest for edit operations @ repe[39m[90m…[39m [90m0.22s[39m  
  [31;1m⨯[39;22m[90m [39m[90mFilament PropertyResource applies same validation rules as UpdatePropertyRequest for edit operations @ repe[39m[90m…[39m [90m0.26s[39m  
  [31;1m⨯[39;22m[90m [39m[90mFilament PropertyResource applies same validation rules as UpdatePropertyRequest for edit operations @ repe[39m[90m…[39m [90m0.24s[39m  
  [31;1m⨯[39;22m[90m [39m[90mFilament PropertyResource applies same validation rules as UpdatePropertyRequest for edit operations @ repe[39m[90m…[39m [90m0.86s[39m  
  [31;1m⨯[39;22m[90m [39m[90mFilament PropertyResource applies same validation rules as UpdatePropertyRequest for edit operations @ repe[39m[90m…[39m [90m0.26s[39m  
  [31;1m⨯[39;22m[90m [39m[90mFilament PropertyResource applies same validation rules as UpdatePropertyRequest for edit operations @ repe[39m[90m…[39m [90m0.20s[39m  
  [31;1m⨯[39;22m[90m [39m[90mFilament PropertyResource applies same validation rules as UpdatePropertyRequest for edit operations @ repe[39m[90m…[39m [90m0.22s[39m  
  [31;1m⨯[39;22m[90m [39m[90mFilament PropertyResource applies same validation rules as UpdatePropertyRequest for edit operations @ repe[39m[90m…[39m [90m0.20s[39m  
  [31;1m⨯[39;22m[90m [39m[90mFilament PropertyResource applies same validation rules as UpdatePropertyRequest for edit operations @ repe[39m[90m…[39m [90m0.19s[39m  
  [31;1m⨯[39;22m[90m [39m[90mFilament PropertyResource applies same validation rules as UpdatePropertyRequest for edit operations @ repe[39m[90m…[39m [90m0.22s[39m  
  [31;1m⨯[39;22m[90m [39m[90mFilament PropertyResource applies same validation rules as UpdatePropertyRequest for edit operations @ repe[39m[90m…[39m [90m0.20s[39m  
  [31;1m⨯[39;22m[90m [39m[90mFilament PropertyResource applies same validation rules as UpdatePropertyRequest for edit operations @ repe[39m[90m…[39m [90m0.57s[39m  
  [31;1m⨯[39;22m[90m [39m[90mFilament PropertyResource applies same validation rules as UpdatePropertyRequest for edit operations @ repe[39m[90m…[39m [90m0.21s[39m  
  [31;1m⨯[39;22m[90m [39m[90mFilament PropertyResource applies same validation rules as UpdatePropertyRequest for edit operations @ repe[39m[90m…[39m [90m0.21s[39m  
  [31;1m⨯[39;22m[90m [39m[90mFilament PropertyResource applies same validation rules as UpdatePropertyRequest for edit operations @ repe[39m[90m…[39m [90m0.21s[39m  
  [31;1m⨯[39;22m[90m [39m[90mFilament PropertyResource applies same validation rules as UpdatePropertyRequest for edit operations @ repe[39m[90m…[39m [90m0.24s[39m  
  [31;1m⨯[39;22m[90m [39m[90mFilament PropertyResource applies same validation rules as UpdatePropertyRequest for edit operations @ repe[39m[90m…[39m [90m0.20s[39m  
  [31;1m⨯[39;22m[90m [39m[90mFilament PropertyResource applies same validation rules as UpdatePropertyRequest for edit operations @ repe[39m[90m…[39m [90m0.19s[39m  
  [31;1m⨯[39;22m[90m [39m[90mFilament PropertyResource applies same validation rules as UpdatePropertyRequest for edit operations @ repe[39m[90m…[39m [90m0.20s[39m  
  [31;1m⨯[39;22m[90m [39m[90mFilament PropertyResource applies same validation rules as UpdatePropertyRequest for edit operations @ repe[39m[90m…[39m [90m0.61s[39m  
  [31;1m⨯[39;22m[90m [39m[90mFilament PropertyResource applies same validation rules as UpdatePropertyRequest for edit operations @ repe[39m[90m…[39m [90m0.21s[39m  
  [31;1m⨯[39;22m[90m [39m[90mFilament PropertyResource applies same validation rules as UpdatePropertyRequest for edit operations @ repe[39m[90m…[39m [90m0.23s[39m  
  [31;1m⨯[39;22m[90m [39m[90mFilament PropertyResource applies same validation rules as UpdatePropertyRequest for edit operations @ repe[39m[90m…[39m [90m0.23s[39m  
  [31;1m⨯[39;22m[90m [39m[90mFilament PropertyResource applies same validation rules as UpdatePropertyRequest for edit operations @ repe[39m[90m…[39m [90m0.20s[39m  
  [31;1m⨯[39;22m[90m [39m[90mFilament PropertyResource applies same validation rules as UpdatePropertyRequest for edit operations @ repe[39m[90m…[39m [90m0.19s[39m  
  [31;1m⨯[39;22m[90m [39m[90mFilament PropertyResource applies same validation rules as UpdatePropertyRequest for edit operations @ repe[39m[90m…[39m [90m0.21s[39m  
  [31;1m⨯[39;22m[90m [39m[90mFilament PropertyResource applies same validation rules as UpdatePropertyRequest for edit operations @ repe[39m[90m…[39m [90m0.21s[39m  
  [31;1m⨯[39;22m[90m [39m[90mFilament PropertyResource applies same validation rules as UpdatePropertyRequest for edit operations @ repe[39m[90m…[39m [90m0.65s[39m  
  [31;1m⨯[39;22m[90m [39m[90mFilament PropertyResource applies same validation rules as UpdatePropertyRequest for edit operations @ repe[39m[90m…[39m [90m0.22s[39m  
  [31;1m⨯[39;22m[90m [39m[90mFilament PropertyResource applies same validation rules as UpdatePropertyRequest for edit operations @ repe[39m[90m…[39m [90m0.20s[39m  
  [31;1m⨯[39;22m[90m [39m[90mFilament PropertyResource applies same validation rules as UpdatePropertyRequest for edit operations @ repe[39m[90m…[39m [90m0.20s[39m  
  [31;1m⨯[39;22m[90m [39m[90mFilament PropertyResource applies same validation rules as UpdatePropertyRequest for edit operations @ repe[39m[90m…[39m [90m0.23s[39m  
  [31;1m⨯[39;22m[90m [39m[90mFilament PropertyResource applies same validation rules as UpdatePropertyRequest for edit operations @ repe[39m[90m…[39m [90m0.20s[39m  
  [31;1m⨯[39;22m[90m [39m[90mFilament PropertyResource applies same validation rules as UpdatePropertyRequest for edit operations @ repe[39m[90m…[39m [90m0.19s[39m  
  [31;1m⨯[39;22m[90m [39m[90mFilament PropertyResource applies same validation rules as UpdatePropertyRequest for edit operations @ repe[39m[90m…[39m [90m0.18s[39m  
  [31;1m⨯[39;22m[90m [39m[90mFilament PropertyResource applies same validation rules as UpdatePropertyRequest for edit operations @ repe[39m[90m…[39m [90m0.62s[39m  
  [31;1m⨯[39;22m[90m [39m[90mFilament PropertyResource applies same validation rules as UpdatePropertyRequest for edit operations @ repe[39m[90m…[39m [90m0.19s[39m  
  [31;1m⨯[39;22m[90m [39m[90mFilament PropertyResource applies same validation rules as UpdatePropertyRequest for edit operations @ repe[39m[90m…[39m [90m0.23s[39m  
  [31;1m⨯[39;22m[90m [39m[90mFilament PropertyResource applies same validation rules as UpdatePropertyRequest for edit operations @ repe[39m[90m…[39m [90m0.21s[39m  
  [31;1m⨯[39;22m[90m [39m[90mFilament PropertyResource applies same validation rules as UpdatePropertyRequest for edit operations @ repe[39m[90m…[39m [90m0.22s[39m  
  [31;1m⨯[39;22m[90m [39m[90mFilament PropertyResource applies same validation rules as UpdatePropertyRequest for edit operations @ repe[39m[90m…[39m [90m0.18s[39m  
  [31;1m⨯[39;22m[90m [39m[90mFilament PropertyResource applies same validation rules as UpdatePropertyRequest for edit operations @ repe[39m[90m…[39m [90m0.28s[39m  
  [31;1m⨯[39;22m[90m [39m[90mFilament PropertyResource applies same validation rules as UpdatePropertyRequest for edit operations @ repe[39m[90m…[39m [90m0.25s[39m  
  [31;1m⨯[39;22m[90m [39m[90mFilament PropertyResource applies same validation rules as UpdatePropertyRequest for edit operations @ repe[39m[90m…[39m [90m0.72s[39m  
  [31;1m⨯[39;22m[90m [39m[90mFilament PropertyResource applies same validation rules as UpdatePropertyRequest for edit operations @ repe[39m[90m…[39m [90m0.19s[39m  
  [31;1m⨯[39;22m[90m [39m[90mFilament PropertyResource applies same validation rules as UpdatePropertyRequest for edit operations @ repe[39m[90m…[39m [90m0.26s[39m  
  [31;1m⨯[39;22m[90m [39m[90mFilament PropertyResource applies same validation rules as UpdatePropertyRequest for edit operations @ repe[39m[90m…[39m [90m0.21s[39m  
  [31;1m⨯[39;22m[90m [39m[90mFilament PropertyResource applies same validation rules as UpdatePropertyRequest for edit operations @ repe[39m[90m…[39m [90m0.21s[39m  
  [31;1m⨯[39;22m[90m [39m[90mFilament PropertyResource applies same validation rules as UpdatePropertyRequest for edit operations @ repe[39m[90m…[39m [90m0.20s[39m  
  [31;1m⨯[39;22m[90m [39m[90mFilament PropertyResource applies same validation rules as UpdatePropertyRequest for edit operations @ repe[39m[90m…[39m [90m0.21s[39m  
  [31;1m⨯[39;22m[90m [39m[90mFilament PropertyResource applies same validation rules as UpdatePropertyRequest for edit operations @ repe[39m[90m…[39m [90m0.22s[39m  
  [31;1m⨯[39;22m[90m [39m[90mFilament PropertyResource applies same validation rules as UpdatePropertyRequest for edit operations @ repe[39m[90m…[39m [90m0.59s[39m  
  [31;1m⨯[39;22m[90m [39m[90mFilament PropertyResource applies same validation rules as UpdatePropertyRequest for edit operations @ repe[39m[90m…[39m [90m0.18s[39m  
  [31;1m⨯[39;22m[90m [39m[90mFilament PropertyResource applies same validation rules as UpdatePropertyRequest for edit operations @ repe[39m[90m…[39m [90m0.23s[39m  
  [31;1m⨯[39;22m[90m [39m[90mFilament PropertyResource applies same validation rules as UpdatePropertyRequest for edit operations @ repe[39m[90m…[39m [90m0.23s[39m  
  [31;1m⨯[39;22m[90m [39m[90mFilament PropertyResource applies same validation rules as UpdatePropertyRequest for edit operations @ repe[39m[90m…[39m [90m0.26s[39m  
  [31;1m⨯[39;22m[90m [39m[90mFilament PropertyResource applies same validation rules as UpdatePropertyRequest for edit operations @ repe[39m[90m…[39m [90m0.26s[39m  
  [31;1m⨯[39;22m[90m [39m[90mFilament PropertyResource applies same validation rules as UpdatePropertyRequest for edit operations @ repe[39m[90m…[39m [90m0.26s[39m  
  [31;1m⨯[39;22m[90m [39m[90mFilament PropertyResource applies same validation rules as UpdatePropertyRequest for edit operations @ repe[39m[90m…[39m [90m0.20s[39m  
  [31;1m⨯[39;22m[90m [39m[90mFilament PropertyResource applies same validation rules as UpdatePropertyRequest for edit operations @ repe[39m[90m…[39m [90m0.69s[39m  
  [31;1m⨯[39;22m[90m [39m[90mFilament PropertyResource applies same validation rules as UpdatePropertyRequest for edit operations @ repe[39m[90m…[39m [90m0.19s[39m  
  [31;1m⨯[39;22m[90m [39m[90mFilament PropertyResource applies same validation rules as UpdatePropertyRequest for edit operations @ repe[39m[90m…[39m [90m0.26s[39m  
  [31;1m⨯[39;22m[90m [39m[90mFilament PropertyResource applies same validation rules as UpdatePropertyRequest for edit operations @ repe[39m[90m…[39m [90m0.23s[39m  
  [31;1m⨯[39;22m[90m [39m[90mFilament PropertyResource applies same validation rules as UpdatePropertyRequest for edit operations @ repe[39m[90m…[39m [90m0.18s[39m  
  [31;1m⨯[39;22m[90m [39m[90mFilament PropertyResource applies same validation rules as UpdatePropertyRequest for edit operations @ repe[39m[90m…[39m [90m0.23s[39m  
  [31;1m⨯[39;22m[90m [39m[90mFilament PropertyResource applies same validation rules as UpdatePropertyRequest for edit operations @ repe[39m[90m…[39m [90m0.24s[39m  
  [31;1m⨯[39;22m[90m [39m[90mFilament PropertyResource applies same validation rules as UpdatePropertyRequest for edit operations @ repe[39m[90m…[39m [90m0.19s[39m  
  [31;1m⨯[39;22m[90m [39m[90mFilament PropertyResource applies same validation rules as UpdatePropertyRequest for edit operations @ repe[39m[90m…[39m [90m0.75s[39m  
  [31;1m⨯[39;22m[90m [39m[90mFilament PropertyResource rejects invalid updates consistently with UpdatePropertyRequest @ repetition 1 of[39m[90m…[39m [90m0.26s[39m  
  [31;1m⨯[39;22m[90m [39m[90mFilament PropertyResource rejects invalid updates consistently with UpdatePropertyRequest @ repetition 2 of[39m[90m…[39m [90m0.74s[39m  
  [31;1m⨯[39;22m[90m [39m[90mFilament PropertyResource rejects invalid updates consistently with UpdatePropertyRequest @ repetition 3 of[39m[90m…[39m [90m0.22s[39m  
  [31;1m⨯[39;22m[90m [39m[90mFilament PropertyResource rejects invalid updates consistently with UpdatePropertyRequest @ repetition 4 of[39m[90m…[39m [90m0.22s[39m  
  [31;1m⨯[39;22m[90m [39m[90mFilament PropertyResource rejects invalid updates consistently with UpdatePropertyRequest @ repetition 5 of[39m[90m…[39m [90m0.18s[39m  
  [31;1m⨯[39;22m[90m [39m[90mFilament PropertyResource rejects invalid updates consistently with UpdatePropertyRequest @ repetition 6 of[39m[90m…[39m [90m0.25s[39m  
  [31;1m⨯[39;22m[90m [39m[90mFilament PropertyResource rejects invalid updates consistently with UpdatePropertyRequest @ repetition 7 of[39m[90m…[39m [90m0.24s[39m  
  [31;1m⨯[39;22m[90m [39m[90mFilament PropertyResource rejects invalid updates consistently with UpdatePropertyRequest @ repetition 8 of[39m[90m…[39m [90m0.25s[39m  
  [31;1m⨯[39;22m[90m [39m[90mFilament PropertyResource rejects invalid updates consistently with UpdatePropertyRequest @ repetition 9 of[39m[90m…[39m [90m0.24s[39m  
  [31;1m⨯[39;22m[90m [39m[90mFilament PropertyResource rejects invalid updates consistently with UpdatePropertyRequest @ repetition 10 o[39m[90m…[39m [90m0.75s[39m  
  [31;1m⨯[39;22m[90m [39m[90mFilament PropertyResource rejects invalid updates consistently with UpdatePropertyRequest @ repetition 11 o[39m[90m…[39m [90m0.20s[39m  
  [31;1m⨯[39;22m[90m [39m[90mFilament PropertyResource rejects invalid updates consistently with UpdatePropertyRequest @ repetition 12 o[39m[90m…[39m [90m0.22s[39m  
  [31;1m⨯[39;22m[90m [39m[90mFilament PropertyResource rejects invalid updates consistently with UpdatePropertyRequest @ repetition 13 o[39m[90m…[39m [90m0.23s[39m  
  [31;1m⨯[39;22m[90m [39m[90mFilament PropertyResource rejects invalid updates consistently with UpdatePropertyRequest @ repetition 14 o[39m[90m…[39m [90m0.26s[39m  
  [31;1m⨯[39;22m[90m [39m[90mFilament PropertyResource rejects invalid updates consistently with UpdatePropertyRequest @ repetition 15 o[39m[90m…[39m [90m0.27s[39m  
  [31;1m⨯[39;22m[90m [39m[90mFilament PropertyResource rejects invalid updates consistently with UpdatePropertyRequest @ repetition 16 o[39m[90m…[39m [90m0.24s[39m  
  [31;1m⨯[39;22m[90m [39m[90mFilament PropertyResource rejects invalid updates consistently with UpdatePropertyRequest @ repetition 17 o[39m[90m…[39m [90m0.25s[39m  
  [31;1m⨯[39;22m[90m [39m[90mFilament PropertyResource rejects invalid updates consistently with UpdatePropertyRequest @ repetition 18 o[39m[90m…[39m [90m0.75s[39m  
  [31;1m⨯[39;22m[90m [39m[90mFilament PropertyResource rejects invalid updates consistently with UpdatePropertyRequest @ repetition 19 o[39m[90m…[39m [90m0.22s[39m  
  [31;1m⨯[39;22m[90m [39m[90mFilament PropertyResource rejects invalid updates consistently with UpdatePropertyRequest @ repetition 20 o[39m[90m…[39m [90m0.22s[39m  
  [31;1m⨯[39;22m[90m [39m[90mFilament PropertyResource rejects invalid updates consistently with UpdatePropertyRequest @ repetition 21 o[39m[90m…[39m [90m0.23s[39m  
  [31;1m⨯[39;22m[90m [39m[90mFilament PropertyResource rejects invalid updates consistently with UpdatePropertyRequest @ repetition 22 o[39m[90m…[39m [90m0.15s[39m  
  [31;1m⨯[39;22m[90m [39m[90mFilament PropertyResource rejects invalid updates consistently with UpdatePropertyRequest @ repetition 23 o[39m[90m…[39m [90m0.23s[39m  
  [31;1m⨯[39;22m[90m [39m[90mFilament PropertyResource rejects invalid updates consistently with UpdatePropertyRequest @ repetition 24 o[39m[90m…[39m [90m0.22s[39m  
  [31;1m⨯[39;22m[90m [39m[90mFilament PropertyResource rejects invalid updates consistently with UpdatePropertyRequest @ repetition 25 o[39m[90m…[39m [90m0.22s[39m  
  [31;1m⨯[39;22m[90m [39m[90mFilament PropertyResource rejects invalid updates consistently with UpdatePropertyRequest @ repetition 26 o[39m[90m…[39m [90m0.77s[39m  
  [31;1m⨯[39;22m[90m [39m[90mFilament PropertyResource rejects invalid updates consistently with UpdatePropertyRequest @ repetition 27 o[39m[90m…[39m [90m0.25s[39m  
  [31;1m⨯[39;22m[90m [39m[90mFilament PropertyResource rejects invalid updates consistently with UpdatePropertyRequest @ repetition 28 o[39m[90m…[39m [90m0.35s[39m  
  [31;1m⨯[39;22m[90m [39m[90mFilament PropertyResource rejects invalid updates consistently with UpdatePropertyRequest @ repetition 29 o[39m[90m…[39m [90m0.23s[39m  
  [31;1m⨯[39;22m[90m [39m[90mFilament PropertyResource rejects invalid updates consistently with UpdatePropertyRequest @ repetition 30 o[39m[90m…[39m [90m0.27s[39m  
  [31;1m⨯[39;22m[90m [39m[90mFilament PropertyResource rejects invalid updates consistently with UpdatePropertyRequest @ repetition 31 o[39m[90m…[39m [90m0.24s[39m  
  [31;1m⨯[39;22m[90m [39m[90mFilament PropertyResource rejects invalid updates consistently with UpdatePropertyRequest @ repetition 32 o[39m[90m…[39m [90m0.20s[39m  
  [31;1m⨯[39;22m[90m [39m[90mFilament PropertyResource rejects invalid updates consistently with UpdatePropertyRequest @ repetition 33 o[39m[90m…[39m [90m0.22s[39m  
  [31;1m⨯[39;22m[90m [39m[90mFilament PropertyResource rejects invalid updates consistently with UpdatePropertyRequest @ repetition 34 o[39m[90m…[39m [90m0.76s[39m  
  [31;1m⨯[39;22m[90m [39m[90mFilament PropertyResource rejects invalid updates consistently with UpdatePropertyRequest @ repetition 35 o[39m[90m…[39m [90m0.24s[39m  
  [31;1m⨯[39;22m[90m [39m[90mFilament PropertyResource rejects invalid updates consistently with UpdatePropertyRequest @ repetition 36 o[39m[90m…[39m [90m0.28s[39m  
  [31;1m⨯[39;22m[90m [39m[90mFilament PropertyResource rejects invalid updates consistently with UpdatePropertyRequest @ repetition 37 o[39m[90m…[39m [90m0.22s[39m  
  [31;1m⨯[39;22m[90m [39m[90mFilament PropertyResource rejects invalid updates consistently with UpdatePropertyRequest @ repetition 38 o[39m[90m…[39m [90m0.24s[39m  
  [31;1m⨯[39;22m[90m [39m[90mFilament PropertyResource rejects invalid updates consistently with UpdatePropertyRequest @ repetition 39 o[39m[90m…[39m [90m0.23s[39m  
  [31;1m⨯[39;22m[90m [39m[90mFilament PropertyResource rejects invalid updates consistently with UpdatePropertyRequest @ repetition 40 o[39m[90m…[39m [90m0.24s[39m  
  [31;1m⨯[39;22m[90m [39m[90mFilament PropertyResource rejects invalid updates consistently with UpdatePropertyRequest @ repetition 41 o[39m[90m…[39m [90m0.25s[39m  
  [31;1m⨯[39;22m[90m [39m[90mFilament PropertyResource rejects invalid updates consistently with UpdatePropertyRequest @ repetition 42 o[39m[90m…[39m [90m0.70s[39m  
  [31;1m⨯[39;22m[90m [39m[90mFilament PropertyResource rejects invalid updates consistently with UpdatePropertyRequest @ repetition 43 o[39m[90m…[39m [90m0.22s[39m  
  [31;1m⨯[39;22m[90m [39m[90mFilament PropertyResource rejects invalid updates consistently with UpdatePropertyRequest @ repetition 44 o[39m[90m…[39m [90m0.25s[39m  
  [31;1m⨯[39;22m[90m [39m[90mFilament PropertyResource rejects invalid updates consistently with UpdatePropertyRequest @ repetition 45 o[39m[90m…[39m [90m0.30s[39m  
  [31;1m⨯[39;22m[90m [39m[90mFilament PropertyResource rejects invalid updates consistently with UpdatePropertyRequest @ repetition 46 o[39m[90m…[39m [90m0.25s[39m  
  [31;1m⨯[39;22m[90m [39m[90mFilament PropertyResource rejects invalid updates consistently with UpdatePropertyRequest @ repetition 47 o[39m[90m…[39m [90m0.22s[39m  
  [31;1m⨯[39;22m[90m [39m[90mFilament PropertyResource rejects invalid updates consistently with UpdatePropertyRequest @ repetition 48 o[39m[90m…[39m [90m0.25s[39m  
  [31;1m⨯[39;22m[90m [39m[90mFilament PropertyResource rejects invalid updates consistently with UpdatePropertyRequest @ repetition 49 o[39m[90m…[39m [90m0.25s[39m  
  [31;1m⨯[39;22m[90m [39m[90mFilament PropertyResource rejects invalid updates consistently with UpdatePropertyRequest @ repetition 50 o[39m[90m…[39m [90m0.84s[39m  
  [31;1m⨯[39;22m[90m [39m[90mFilament PropertyResource rejects invalid updates consistently with UpdatePropertyRequest @ repetition 51 o[39m[90m…[39m [90m0.26s[39m  
  [31;1m⨯[39;22m[90m [39m[90mFilament PropertyResource rejects invalid updates consistently with UpdatePropertyRequest @ repetition 52 o[39m[90m…[39m [90m0.25s[39m  
  [31;1m⨯[39;22m[90m [39m[90mFilament PropertyResource rejects invalid updates consistently with UpdatePropertyRequest @ repetition 53 o[39m[90m…[39m [90m0.32s[39m  
  [31;1m⨯[39;22m[90m [39m[90mFilament PropertyResource rejects invalid updates consistently with UpdatePropertyRequest @ repetition 54 o[39m[90m…[39m [90m0.25s[39m  
  [31;1m⨯[39;22m[90m [39m[90mFilament PropertyResource rejects invalid updates consistently with UpdatePropertyRequest @ repetition 55 o[39m[90m…[39m [90m0.29s[39m  
  [31;1m⨯[39;22m[90m [39m[90mFilament PropertyResource rejects invalid updates consistently with UpdatePropertyRequest @ repetition 56 o[39m[90m…[39m [90m0.23s[39m  
  [31;1m⨯[39;22m[90m [39m[90mFilament PropertyResource rejects invalid updates consistently with UpdatePropertyRequest @ repetition 57 o[39m[90m…[39m [90m0.22s[39m  
  [31;1m⨯[39;22m[90m [39m[90mFilament PropertyResource rejects invalid updates consistently with UpdatePropertyRequest @ repetition 58 o[39m[90m…[39m [90m0.76s[39m  
  [31;1m⨯[39;22m[90m [39m[90mFilament PropertyResource rejects invalid updates consistently with UpdatePropertyRequest @ repetition 59 o[39m[90m…[39m [90m0.28s[39m  
  [31;1m⨯[39;22m[90m [39m[90mFilament PropertyResource rejects invalid updates consistently with UpdatePropertyRequest @ repetition 60 o[39m[90m…[39m [90m0.35s[39m  
  [31;1m⨯[39;22m[90m [39m[90mFilament PropertyResource rejects invalid updates consistently with UpdatePropertyRequest @ repetition 61 o[39m[90m…[39m [90m0.36s[39m  
  [31;1m⨯[39;22m[90m [39m[90mFilament PropertyResource rejects invalid updates consistently with UpdatePropertyRequest @ repetition 62 o[39m[90m…[39m [90m0.37s[39m  
  [31;1m⨯[39;22m[90m [39m[90mFilament PropertyResource rejects invalid updates consistently with UpdatePropertyRequest @ repetition 63 o[39m[90m…[39m [90m0.25s[39m  
  [31;1m⨯[39;22m[90m [39m[90mFilament PropertyResource rejects invalid updates consistently with UpdatePropertyRequest @ repetition 64 o[39m[90m…[39m [90m0.33s[39m  
  [31;1m⨯[39;22m[90m [39m[90mFilament PropertyResource rejects invalid updates consistently with UpdatePropertyRequest @ repetition 65 o[39m[90m…[39m [90m0.29s[39m  
  [31;1m⨯[39;22m[90m [39m[90mFilament PropertyResource rejects invalid updates consistently with UpdatePropertyRequest @ repetition 66 o[39m[90m…[39m [90m0.83s[39m  
  [31;1m⨯[39;22m[90m [39m[90mFilament PropertyResource rejects invalid updates consistently with UpdatePropertyRequest @ repetition 67 o[39m[90m…[39m [90m0.29s[39m  
  [31;1m⨯[39;22m[90m [39m[90mFilament PropertyResource rejects invalid updates consistently with UpdatePropertyRequest @ repetition 68 o[39m[90m…[39m [90m0.23s[39m  
  [31;1m⨯[39;22m[90m [39m[90mFilament PropertyResource rejects invalid updates consistently with UpdatePropertyRequest @ repetition 69 o[39m[90m…[39m [90m0.32s[39m  
  [31;1m⨯[39;22m[90m [39m[90mFilament PropertyResource rejects invalid updates consistently with UpdatePropertyRequest @ repetition 70 o[39m[90m…[39m [90m0.27s[39m  
  [31;1m⨯[39;22m[90m [39m[90mFilament PropertyResource rejects invalid updates consistently with UpdatePropertyRequest @ repetition 71 o[39m[90m…[39m [90m0.23s[39m  
  [31;1m⨯[39;22m[90m [39m[90mFilament PropertyResource rejects invalid updates consistently with UpdatePropertyRequest @ repetition 72 o[39m[90m…[39m [90m0.27s[39m  
  [31;1m⨯[39;22m[90m [39m[90mFilament PropertyResource rejects invalid updates consistently with UpdatePropertyRequest @ repetition 73 o[39m[90m…[39m [90m0.30s[39m  
  [31;1m⨯[39;22m[90m [39m[90mFilament PropertyResource rejects invalid updates consistently with UpdatePropertyRequest @ repetition 74 o[39m[90m…[39m [90m0.82s[39m  
  [31;1m⨯[39;22m[90m [39m[90mFilament PropertyResource rejects invalid updates consistently with UpdatePropertyRequest @ repetition 75 o[39m[90m…[39m [90m0.32s[39m  
  [31;1m⨯[39;22m[90m [39m[90mFilament PropertyResource rejects invalid updates consistently with UpdatePropertyRequest @ repetition 76 o[39m[90m…[39m [90m0.26s[39m  
  [31;1m⨯[39;22m[90m [39m[90mFilament PropertyResource rejects invalid updates consistently with UpdatePropertyRequest @ repetition 77 o[39m[90m…[39m [90m0.31s[39m  
  [31;1m⨯[39;22m[90m [39m[90mFilament PropertyResource rejects invalid updates consistently with UpdatePropertyRequest @ repetition 78 o[39m[90m…[39m [90m0.30s[39m  
  [31;1m⨯[39;22m[90m [39m[90mFilament PropertyResource rejects invalid updates consistently with UpdatePropertyRequest @ repetition 79 o[39m[90m…[39m [90m0.39s[39m  
  [31;1m⨯[39;22m[90m [39m[90mFilament PropertyResource rejects invalid updates consistently with UpdatePropertyRequest @ repetition 80 o[39m[90m…[39m [90m0.25s[39m  
  [31;1m⨯[39;22m[90m [39m[90mFilament PropertyResource rejects invalid updates consistently with UpdatePropertyRequest @ repetition 81 o[39m[90m…[39m [90m0.31s[39m  
  [31;1m⨯[39;22m[90m [39m[90mFilament PropertyResource rejects invalid updates consistently with UpdatePropertyRequest @ repetition 82 o[39m[90m…[39m [90m0.82s[39m  
  [31;1m⨯[39;22m[90m [39m[90mFilament PropertyResource rejects invalid updates consistently with UpdatePropertyRequest @ repetition 83 o[39m[90m…[39m [90m0.27s[39m  
  [31;1m⨯[39;22m[90m [39m[90mFilament PropertyResource rejects invalid updates consistently with UpdatePropertyRequest @ repetition 84 o[39m[90m…[39m [90m0.34s[39m  
  [31;1m⨯[39;22m[90m [39m[90mFilament PropertyResource rejects invalid updates consistently with UpdatePropertyRequest @ repetition 85 o[39m[90m…[39m [90m0.28s[39m  
  [31;1m⨯[39;22m[90m [39m[90mFilament PropertyResource rejects invalid updates consistently with UpdatePropertyRequest @ repetition 86 o[39m[90m…[39m [90m0.26s[39m  
  [31;1m⨯[39;22m[90m [39m[90mFilament PropertyResource rejects invalid updates consistently with UpdatePropertyRequest @ repetition 87 o[39m[90m…[39m [90m0.21s[39m  
  [31;1m⨯[39;22m[90m [39m[90mFilament PropertyResource rejects invalid updates consistently with UpdatePropertyRequest @ repetition 88 o[39m[90m…[39m [90m0.33s[39m  
  [31;1m⨯[39;22m[90m [39m[90mFilament PropertyResource rejects invalid updates consistently with UpdatePropertyRequest @ repetition 89 o[39m[90m…[39m [90m0.32s[39m  
  [31;1m⨯[39;22m[90m [39m[90mFilament PropertyResource rejects invalid updates consistently with UpdatePropertyRequest @ repetition 90 o[39m[90m…[39m [90m0.86s[39m  
  [31;1m⨯[39;22m[90m [39m[90mFilament PropertyResource rejects invalid updates consistently with UpdatePropertyRequest @ repetition 91 o[39m[90m…[39m [90m0.27s[39m  
  [31;1m⨯[39;22m[90m [39m[90mFilament PropertyResource rejects invalid updates consistently with UpdatePropertyRequest @ repetition 92 o[39m[90m…[39m [90m0.38s[39m  
  [31;1m⨯[39;22m[90m [39m[90mFilament PropertyResource rejects invalid updates consistently with UpdatePropertyRequest @ repetition 93 o[39m[90m…[39m [90m0.25s[39m  
  [31;1m⨯[39;22m[90m [39m[90mFilament PropertyResource rejects invalid updates consistently with UpdatePropertyRequest @ repetition 94 o[39m[90m…[39m [90m0.26s[39m  
  [31;1m⨯[39;22m[90m [39m[90mFilament PropertyResource rejects invalid updates consistently with UpdatePropertyRequest @ repetition 95 o[39m[90m…[39m [90m0.27s[39m  
  [31;1m⨯[39;22m[90m [39m[90mFilament PropertyResource rejects invalid updates consistently with UpdatePropertyRequest @ repetition 96 o[39m[90m…[39m [90m0.41s[39m  
  [31;1m⨯[39;22m[90m [39m[90mFilament PropertyResource rejects invalid updates consistently with UpdatePropertyRequest @ repetition 97 o[39m[90m…[39m [90m0.44s[39m  
  [31;1m⨯[39;22m[90m [39m[90mFilament PropertyResource rejects invalid updates consistently with UpdatePropertyRequest @ repetition 98 o[39m[90m…[39m [90m0.82s[39m  
  [31;1m⨯[39;22m[90m [39m[90mFilament PropertyResource rejects invalid updates consistently with UpdatePropertyRequest @ repetition 99 o[39m[90m…[39m [90m0.36s[39m  
  [31;1m⨯[39;22m[90m [39m[90mFilament PropertyResource rejects invalid updates consistently with UpdatePropertyRequest @ repetition 100[39m[90m… [39m [90m0.30s[39m  

  [30;42;1m PASS [39;49;22m[39m Tests\Feature\FilamentProviderTariffRelationshipVisibilityPropertyTest[39m
  [32;1m✓[39;22m[90m [39m[90mProviderResource displays all associated tariffs in relationship manager @ repetition 1 of 100[39m[90m             [39m [90m14.90s[39m  
  [32;1m✓[39;22m[90m [39m[90mProviderResource displays all associated tariffs in relationship manager @ repetition 2 of 100[39m[90m             [39m [90m11.42s[39m  
  [32;1m✓[39;22m[90m [39m[90mProviderResource displays all associated tariffs in relationship manager @ repetition 3 of 100[39m[90m              [39m [90m9.78s[39m  
  [32;1m✓[39;22m[90m [39m[90mProviderResource displays all associated tariffs in relationship manager @ repetition 4 of 100[39m[90m              [39m [90m8.00s[39m  
  [32;1m✓[39;22m[90m [39m[90mProviderResource displays all associated tariffs in relationship manager @ repetition 5 of 100[39m[90m              [39m [90m7.73s[39m  
  [32;1m✓[39;22m[90m [39m[90mProviderResource displays all associated tariffs in relationship manager @ repetition 6 of 100[39m[90m              [39m [90m8.03s[39m  
  [32;1m✓[39;22m[90m [39m[90mProviderResource displays all associated tariffs in relationship manager @ repetition 7 of 100[39m[90m              [39m [90m8.43s[39m  
  [32;1m✓[39;22m[90m [39m[90mProviderResource displays all associated tariffs in relationship manager @ repetition 8 of 100[39m[90m              [39m [90m8.12s[39m  
  [32;1m✓[39;22m[90m [39m[90mProviderResource displays all associated tariffs in relationship manager @ repetition 9 of 100[39m[90m              [39m [90m8.16s[39m  
  [32;1m✓[39;22m[90m [39m[90mProviderResource displays all associated tariffs in relationship manager @ repetition 10 of 100[39m[90m             [39m [90m8.35s[39m  
  [32;1m✓[39;22m[90m [39m[90mProviderResource displays all associated tariffs in relationship manager @ repetition 11 of 100[39m[90m             [39m [90m8.63s[39m  
  [32;1m✓[39;22m[90m [39m[90mProviderResource displays all associated tariffs in relationship manager @ repetition 12 of 100[39m[90m             [39m [90m9.52s[39m  
  [32;1m✓[39;22m[90m [39m[90mProviderResource displays all associated tariffs in relationship manager @ repetition 13 of 100[39m[90m             [39m [90m9.84s[39m  
  [32;1m✓[39;22m[90m [39m[90mProviderResource displays all associated tariffs in relationship manager @ repetition 14 of 100[39m[90m            [39m [90m10.13s[39m  
  [32;1m✓[39;22m[90m [39m[90mProviderResource displays all associated tariffs in relationship manager @ repetition 15 of 100[39m[90m            [39m [90m11.54s[39m  
  [32;1m✓[39;22m[90m [39m[90mProviderResource displays all associated tariffs in relationship manager @ repetition 16 of 100[39m[90m            [39m [90m12.99s[39m  
  [32;1m✓[39;22m[90m [39m[90mProviderResource displays all associated tariffs in relationship manager @ repetition 17 of 100[39m[90m            [39m [90m13.26s[39m  
  [32;1m✓[39;22m[90m [39m[90mProviderResource displays all associated tariffs in relationship manager @ repetition 18 of 100[39m[90m            [39m [90m11.21s[39m  
  [32;1m✓[39;22m[90m [39m[90mProviderResource displays all associated tariffs in relationship manager @ repetition 19 of 100[39m[90m             [39m [90m9.21s[39m  
  [32;1m✓[39;22m[90m [39m[90mProviderResource displays all associated tariffs in relationship manager @ repetition 20 of 100[39m[90m             [39m [90m8.10s[39m  
  [32;1m✓[39;22m[90m [39m[90mProviderResource displays all associated tariffs in relationship manager @ repetition 21 of 100[39m[90m             [39m [90m8.42s[39m  
  [32;1m✓[39;22m[90m [39m[90mProviderResource displays all associated tariffs in relationship manager @ repetition 22 of 100[39m[90m             [39m [90m9.17s[39m  
  [32;1m✓[39;22m[90m [39m[90mProviderResource displays all associated tariffs in relationship manager @ repetition 23 of 100[39m[90m             [39m [90m8.59s[39m  
  [32;1m✓[39;22m[90m [39m[90mProviderResource displays all associated tariffs in relationship manager @ repetition 24 of 100[39m[90m             [39m [90m8.59s[39m  
  [32;1m✓[39;22m[90m [39m[90mProviderResource displays all associated tariffs in relationship manager @ repetition 25 of 100[39m[90m             [39m [90m9.77s[39m  
  [32;1m✓[39;22m[90m [39m[90mProviderResource displays all associated tariffs in relationship manager @ repetition 26 of 100[39m[90m             [39m [90m9.47s[39m  
  [32;1m✓[39;22m[90m [39m[90mProviderResource displays all associated tariffs in relationship manager @ repetition 27 of 100[39m[90m            [39m [90m10.03s[39m  
  [32;1m✓[39;22m[90m [39m[90mProviderResource displays all associated tariffs in relationship manager @ repetition 28 of 100[39m[90m            [39m [90m10.11s[39m  
  [32;1m✓[39;22m[90m [39m[90mProviderResource displays all associated tariffs in relationship manager @ repetition 29 of 100[39m[90m            [39m [90m11.52s[39m  
  [32;1m✓[39;22m[90m [39m[90mProviderResource displays all associated tariffs in relationship manager @ repetition 30 of 100[39m[90m            [39m [90m12.60s[39m  
  [32;1m✓[39;22m[90m [39m[90mProviderResource displays all associated tariffs in relationship manager @ repetition 31 of 100[39m[90m            [39m [90m13.30s[39m  
  [32;1m✓[39;22m[90m [39m[90mProviderResource displays all associated tariffs in relationship manager @ repetition 32 of 100[39m[90m            [39m [90m11.19s[39m  
  [32;1m✓[39;22m[90m [39m[90mProviderResource displays all associated tariffs in relationship manager @ repetition 33 of 100[39m[90m             [39m [90m9.25s[39m  
  [32;1m✓[39;22m[90m [39m[90mProviderResource displays all associated tariffs in relationship manager @ repetition 34 of 100[39m[90m             [39m [90m8.68s[39m  
  [32;1m✓[39;22m[90m [39m[90mProviderResource displays all associated tariffs in relationship manager @ repetition 35 of 100[39m[90m             [39m [90m8.54s[39m  
  [32;1m✓[39;22m[90m [39m[90mProviderResource displays all associated tariffs in relationship manager @ repetition 36 of 100[39m[90m             [39m [90m8.34s[39m  
  [32;1m✓[39;22m[90m [39m[90mProviderResource displays all associated tariffs in relationship manager @ repetition 37 of 100[39m[90m             [39m [90m8.63s[39m  
  [32;1m✓[39;22m[90m [39m[90mProviderResource displays all associated tariffs in relationship manager @ repetition 38 of 100[39m[90m             [39m [90m9.19s[39m  
  [32;1m✓[39;22m[90m [39m[90mProviderResource displays all associated tariffs in relationship manager @ repetition 39 of 100[39m[90m             [39m [90m9.25s[39m  
  [32;1m✓[39;22m[90m [39m[90mProviderResource displays all associated tariffs in relationship manager @ repetition 40 of 100[39m[90m             [39m [90m9.49s[39m  
  [32;1m✓[39;22m[90m [39m[90mProviderResource displays all associated tariffs in relationship manager @ repetition 41 of 100[39m[90m             [39m [90m9.96s[39m  
  [32;1m✓[39;22m[90m [39m[90mProviderResource displays all associated tariffs in relationship manager @ repetition 42 of 100[39m[90m            [39m [90m10.44s[39m  
  [32;1m✓[39;22m[90m [39m[90mProviderResource displays all associated tariffs in relationship manager @ repetition 43 of 100[39m[90m            [39m [90m12.61s[39m  
  [32;1m✓[39;22m[90m [39m[90mProviderResource displays all associated tariffs in relationship manager @ repetition 44 of 100[39m[90m            [39m [90m14.71s[39m  
  [32;1m✓[39;22m[90m [39m[90mProviderResource displays all associated tariffs in relationship manager @ repetition 45 of 100[39m[90m            [39m [90m13.74s[39m  
  [32;1m✓[39;22m[90m [39m[90mProviderResource displays all associated tariffs in relationship manager @ repetition 46 of 100[39m[90m            [39m [90m10.57s[39m  
  [32;1m✓[39;22m[90m [39m[90mProviderResource displays all associated tariffs in relationship manager @ repetition 47 of 100[39m[90m             [39m [90m9.19s[39m  
  [32;1m✓[39;22m[90m [39m[90mProviderResource displays all associated tariffs in relationship manager @ repetition 48 of 100[39m[90m             [39m [90m8.76s[39m  
  [32;1m✓[39;22m[90m [39m[90mProviderResource displays all associated tariffs in relationship manager @ repetition 49 of 100[39m[90m             [39m [90m8.57s[39m  
  [32;1m✓[39;22m[90m [39m[90mProviderResource displays all associated tariffs in relationship manager @ repetition 50 of 100[39m[90m             [39m [90m8.34s[39m  
  [32;1m✓[39;22m[90m [39m[90mProviderResource displays all associated tariffs in relationship manager @ repetition 51 of 100[39m[90m             [39m [90m8.50s[39m  
  [32;1m✓[39;22m[90m [39m[90mProviderResource displays all associated tariffs in relationship manager @ repetition 52 of 100[39m[90m             [39m [90m8.71s[39m  
  [32;1m✓[39;22m[90m [39m[90mProviderResource displays all associated tariffs in relationship manager @ repetition 53 of 100[39m[90m             [39m [90m8.17s[39m  
  [32;1m✓[39;22m[90m [39m[90mProviderResource displays all associated tariffs in relationship manager @ repetition 54 of 100[39m[90m            [39m [90m10.71s[39m  
  [32;1m✓[39;22m[90m [39m[90mProviderResource displays all associated tariffs in relationship manager @ repetition 55 of 100[39m[90m            [39m [90m10.35s[39m  
  [32;1m✓[39;22m[90m [39m[90mProviderResource displays all associated tariffs in relationship manager @ repetition 56 of 100[39m[90m            [39m [90m11.34s[39m  
  [32;1m✓[39;22m[90m [39m[90mProviderResource displays all associated tariffs in relationship manager @ repetition 57 of 100[39m[90m            [39m [90m12.43s[39m  
  [32;1m✓[39;22m[90m [39m[90mProviderResource displays all associated tariffs in relationship manager @ repetition 58 of 100[39m[90m            [39m [90m13.45s[39m  
  [32;1m✓[39;22m[90m [39m[90mProviderResource displays all associated tariffs in relationship manager @ repetition 59 of 100[39m[90m            [39m [90m13.53s[39m  
  [32;1m✓[39;22m[90m [39m[90mProviderResource displays all associated tariffs in relationship manager @ repetition 60 of 100[39m[90m            [39m [90m10.08s[39m  
  [32;1m✓[39;22m[90m [39m[90mProviderResource displays all associated tariffs in relationship manager @ repetition 61 of 100[39m[90m             [39m [90m8.68s[39m  
  [32;1m✓[39;22m[90m [39m[90mProviderResource displays all associated tariffs in relationship manager @ repetition 62 of 100[39m[90m             [39m [90m8.57s[39m  
  [32;1m✓[39;22m[90m [39m[90mProviderResource displays all associated tariffs in relationship manager @ repetition 63 of 100[39m[90m             [39m [90m8.50s[39m  
  [32;1m✓[39;22m[90m [39m[90mProviderResource displays all associated tariffs in relationship manager @ repetition 64 of 100[39m[90m             [39m [90m8.66s[39m  
  [32;1m✓[39;22m[90m [39m[90mProviderResource displays all associated tariffs in relationship manager @ repetition 65 of 100[39m[90m             [39m [90m8.40s[39m  
  [32;1m✓[39;22m[90m [39m[90mProviderResource displays all associated tariffs in relationship manager @ repetition 66 of 100[39m[90m             [39m [90m8.62s[39m  
  [32;1m✓[39;22m[90m [39m[90mProviderResource displays all associated tariffs in relationship manager @ repetition 67 of 100[39m[90m             [39m [90m8.66s[39m  
  [32;1m✓[39;22m[90m [39m[90mProviderResource displays all associated tariffs in relationship manager @ repetition 68 of 100[39m[90m             [39m [90m8.30s[39m  
  [32;1m✓[39;22m[90m [39m[90mProviderResource displays all associated tariffs in relationship manager @ repetition 69 of 100[39m[90m             [39m [90m8.66s[39m  
  [32;1m✓[39;22m[90m [39m[90mProviderResource displays all associated tariffs in relationship manager @ repetition 70 of 100[39m[90m             [39m [90m9.44s[39m  
  [32;1m✓[39;22m[90m [39m[90mProviderResource displays all associated tariffs in relationship manager @ repetition 71 of 100[39m[90m            [39m [90m10.55s[39m  
  [32;1m✓[39;22m[90m [39m[90mProviderResource displays all associated tariffs in relationship manager @ repetition 72 of 100[39m[90m            [39m [90m11.43s[39m  
  [32;1m✓[39;22m[90m [39m[90mProviderResource displays all associated tariffs in relationship manager @ repetition 73 of 100[39m[90m            [39m [90m13.33s[39m  
  [32;1m✓[39;22m[90m [39m[90mProviderResource displays all associated tariffs in relationship manager @ repetition 74 of 100[39m[90m            [39m [90m12.21s[39m  
  [32;1m✓[39;22m[90m [39m[90mProviderResource displays all associated tariffs in relationship manager @ repetition 75 of 100[39m[90m             [39m [90m9.69s[39m  
  [32;1m✓[39;22m[90m [39m[90mProviderResource displays all associated tariffs in relationship manager @ repetition 76 of 100[39m[90m             [39m [90m8.54s[39m  
  [32;1m✓[39;22m[90m [39m[90mProviderResource displays all associated tariffs in relationship manager @ repetition 77 of 100[39m[90m             [39m [90m8.27s[39m  
  [32;1m✓[39;22m[90m [39m[90mProviderResource displays all associated tariffs in relationship manager @ repetition 78 of 100[39m[90m             [39m [90m8.35s[39m  
  [32;1m✓[39;22m[90m [39m[90mProviderResource displays all associated tariffs in relationship manager @ repetition 79 of 100[39m[90m             [39m [90m8.40s[39m  
  [32;1m✓[39;22m[90m [39m[90mProviderResource displays all associated tariffs in relationship manager @ repetition 80 of 100[39m[90m             [39m [90m8.34s[39m  
  [32;1m✓[39;22m[90m [39m[90mProviderResource displays all associated tariffs in relationship manager @ repetition 81 of 100[39m[90m             [39m [90m8.92s[39m  
  [32;1m✓[39;22m[90m [39m[90mProviderResource displays all associated tariffs in relationship manager @ repetition 82 of 100[39m[90m             [39m [90m8.88s[39m  
  [32;1m✓[39;22m[90m [39m[90mProviderResource displays all associated tariffs in relationship manager @ repetition 83 of 100[39m[90m             [39m [90m9.20s[39m  
  [32;1m✓[39;22m[90m [39m[90mProviderResource displays all associated tariffs in relationship manager @ repetition 84 of 100[39m[90m             [39m [90m9.54s[39m  
  [32;1m✓[39;22m[90m [39m[90mProviderResource displays all associated tariffs in relationship manager @ repetition 85 of 100[39m[90m             [39m [90m9.12s[39m  
  [32;1m✓[39;22m[90m [39m[90mProviderResource displays all associated tariffs in relationship manager @ repetition 86 of 100[39m[90m            [39m [90m10.40s[39m  
  [32;1m✓[39;22m[90m [39m[90mProviderResource displays all associated tariffs in relationship manager @ repetition 87 of 100[39m[90m            [39m [90m11.42s[39m  
  [32;1m✓[39;22m[90m [39m[90mProviderResource displays all associated tariffs in relationship manager @ repetition 88 of 100[39m[90m            [39m [90m12.47s[39m  
  [32;1m✓[39;22m[90m [39m[90mProviderResource displays all associated tariffs in relationship manager @ repetition 89 of 100[39m[90m            [39m [90m13.07s[39m  
  [32;1m✓[39;22m[90m [39m[90mProviderResource displays all associated tariffs in relationship manager @ repetition 90 of 100[39m[90m            [39m [90m11.40s[39m  
  [32;1m✓[39;22m[90m [39m[90mProviderResource displays all associated tariffs in relationship manager @ repetition 91 of 100[39m[90m             [39m [90m9.55s[39m  
  [32;1m✓[39;22m[90m [39m[90mProviderResource displays all associated tariffs in relationship manager @ repetition 92 of 100[39m[90m             [39m [90m8.89s[39m  
  [32;1m✓[39;22m[90m [39m[90mProviderResource displays all associated tariffs in relationship manager @ repetition 93 of 100[39m[90m             [39m [90m8.94s[39m  
  [32;1m✓[39;22m[90m [39m[90mProviderResource displays all associated tariffs in relationship manager @ repetition 94 of 100[39m[90m             [39m [90m9.06s[39m  
  [32;1m✓[39;22m[90m [39m[90mProviderResource displays all associated tariffs in relationship manager @ repetition 95 of 100[39m[90m             [39m [90m8.74s[39m  
  [32;1m✓[39;22m[90m [39m[90mProviderResource displays all associated tariffs in relationship manager @ repetition 96 of 100[39m[90m             [39m [90m8.12s[39m  
  [32;1m✓[39;22m[90m [39m[90mProviderResource displays all associated tariffs in relationship manager @ repetition 97 of 100[39m[90m             [39m [90m8.33s[39m  
  [32;1m✓[39;22m[90m [39m[90mProviderResource displays all associated tariffs in relationship manager @ repetition 98 of 100[39m[90m             [39m [90m8.26s[39m  
  [32;1m✓[39;22m[90m [39m[90mProviderResource displays all associated tariffs in relationship manager @ repetition 99 of 100[39m[90m             [39m [90m8.43s[39m  
  [32;1m✓[39;22m[90m [39m[90mProviderResource displays all associated tariffs in relationship manager @ repetition 100 of 100[39m[90m            [39m [90m8.49s[39m  
  [32;1m✓[39;22m[90m [39m[90mProviderResource displays tariffs even when provider has no tariffs @ repetition 1 of 100[39m[90m                   [39m [90m0.35s[39m  
  [32;1m✓[39;22m[90m [39m[90mProviderResource displays tariffs even when provider has no tariffs @ repetition 2 of 100[39m[90m                   [39m [90m0.34s[39m  
  [32;1m✓[39;22m[90m [39m[90mProviderResource displays tariffs even when provider has no tariffs @ repetition 3 of 100[39m[90m                   [39m [90m0.34s[39m  
  [32;1m✓[39;22m[90m [39m[90mProviderResource displays tariffs even when provider has no tariffs @ repetition 4 of 100[39m[90m                   [39m [90m0.34s[39m  
  [32;1m✓[39;22m[90m [39m[90mProviderResource displays tariffs even when provider has no tariffs @ repetition 5 of 100[39m[90m                   [39m [90m0.40s[39m  
  [32;1m✓[39;22m[90m [39m[90mProviderResource displays tariffs even when provider has no tariffs @ repetition 6 of 100[39m[90m                   [39m [90m0.32s[39m  
  [32;1m✓[39;22m[90m [39m[90mProviderResource displays tariffs even when provider has no tariffs @ repetition 7 of 100[39m[90m                   [39m [90m0.35s[39m  
  [32;1m✓[39;22m[90m [39m[90mProviderResource displays tariffs even when provider has no tariffs @ repetition 8 of 100[39m[90m                   [39m [90m0.35s[39m  
  [32;1m✓[39;22m[90m [39m[90mProviderResource displays tariffs even when provider has no tariffs @ repetition 9 of 100[39m[90m                   [39m [90m0.32s[39m  
  [32;1m✓[39;22m[90m [39m[90mProviderResource displays tariffs even when provider has no tariffs @ repetition 10 of 100[39m[90m                  [39m [90m0.41s[39m  
  [32;1m✓[39;22m[90m [39m[90mProviderResource displays tariffs even when provider has no tariffs @ repetition 11 of 100[39m[90m                  [39m [90m0.40s[39m  
  [32;1m✓[39;22m[90m [39m[90mProviderResource displays tariffs even when provider has no tariffs @ repetition 12 of 100[39m[90m                  [39m [90m0.39s[39m  
  [32;1m✓[39;22m[90m [39m[90mProviderResource displays tariffs even when provider has no tariffs @ repetition 13 of 100[39m[90m                  [39m [90m0.37s[39m  
  [32;1m✓[39;22m[90m [39m[90mProviderResource displays tariffs even when provider has no tariffs @ repetition 14 of 100[39m[90m                  [39m [90m0.36s[39m  
  [32;1m✓[39;22m[90m [39m[90mProviderResource displays tariffs even when provider has no tariffs @ repetition 15 of 100[39m[90m                  [39m [90m0.37s[39m  
  [32;1m✓[39;22m[90m [39m[90mProviderResource displays tariffs even when provider has no tariffs @ repetition 16 of 100[39m[90m                  [39m [90m0.39s[39m  
  [32;1m✓[39;22m[90m [39m[90mProviderResource displays tariffs even when provider has no tariffs @ repetition 17 of 100[39m[90m                  [39m [90m0.36s[39m  
  [32;1m✓[39;22m[90m [39m[90mProviderResource displays tariffs even when provider has no tariffs @ repetition 18 of 100[39m[90m                  [39m [90m0.38s[39m  
  [32;1m✓[39;22m[90m [39m[90mProviderResource displays tariffs even when provider has no tariffs @ repetition 19 of 100[39m[90m                  [39m [90m0.32s[39m  
  [32;1m✓[39;22m[90m [39m[90mProviderResource displays tariffs even when provider has no tariffs @ repetition 20 of 100[39m[90m                  [39m [90m0.36s[39m  
  [32;1m✓[39;22m[90m [39m[90mProviderResource displays tariffs even when provider has no tariffs @ repetition 21 of 100[39m[90m                  [39m [90m0.37s[39m  
  [32;1m✓[39;22m[90m [39m[90mProviderResource displays tariffs even when provider has no tariffs @ repetition 22 of 100[39m[90m                  [39m [90m0.40s[39m  
  [32;1m✓[39;22m[90m [39m[90mProviderResource displays tariffs even when provider has no tariffs @ repetition 23 of 100[39m[90m                  [39m [90m0.40s[39m  
  [32;1m✓[39;22m[90m [39m[90mProviderResource displays tariffs even when provider has no tariffs @ repetition 24 of 100[39m[90m                  [39m [90m0.47s[39m  
  [32;1m✓[39;22m[90m [39m[90mProviderResource displays tariffs even when provider has no tariffs @ repetition 25 of 100[39m[90m                  [39m [90m0.40s[39m  
  [32;1m✓[39;22m[90m [39m[90mProviderResource displays tariffs even when provider has no tariffs @ repetition 26 of 100[39m[90m                  [39m [90m0.38s[39m  
  [32;1m✓[39;22m[90m [39m[90mProviderResource displays tariffs even when provider has no tariffs @ repetition 27 of 100[39m[90m                  [39m [90m0.35s[39m  
  [32;1m✓[39;22m[90m [39m[90mProviderResource displays tariffs even when provider has no tariffs @ repetition 28 of 100[39m[90m                  [39m [90m0.37s[39m  
  [32;1m✓[39;22m[90m [39m[90mProviderResource displays tariffs even when provider has no tariffs @ repetition 29 of 100[39m[90m                  [39m [90m0.33s[39m  
  [32;1m✓[39;22m[90m [39m[90mProviderResource displays tariffs even when provider has no tariffs @ repetition 30 of 100[39m[90m                  [39m [90m0.39s[39m  
  [32;1m✓[39;22m[90m [39m[90mProviderResource displays tariffs even when provider has no tariffs @ repetition 31 of 100[39m[90m                  [39m [90m0.45s[39m  
  [32;1m✓[39;22m[90m [39m[90mProviderResource displays tariffs even when provider has no tariffs @ repetition 32 of 100[39m[90m                  [39m [90m0.40s[39m  
  [32;1m✓[39;22m[90m [39m[90mProviderResource displays tariffs even when provider has no tariffs @ repetition 33 of 100[39m[90m                  [39m [90m0.42s[39m  
  [32;1m✓[39;22m[90m [39m[90mProviderResource displays tariffs even when provider has no tariffs @ repetition 34 of 100[39m[90m                  [39m [90m0.39s[39m  
  [32;1m✓[39;22m[90m [39m[90mProviderResource displays tariffs even when provider has no tariffs @ repetition 35 of 100[39m[90m                  [39m [90m1.38s[39m  
  [32;1m✓[39;22m[90m [39m[90mProviderResource displays tariffs even when provider has no tariffs @ repetition 36 of 100[39m[90m                  [39m [90m0.42s[39m  
  [32;1m✓[39;22m[90m [39m[90mProviderResource displays tariffs even when provider has no tariffs @ repetition 37 of 100[39m[90m                  [39m [90m0.44s[39m  
  [32;1m✓[39;22m[90m [39m[90mProviderResource displays tariffs even when provider has no tariffs @ repetition 38 of 100[39m[90m                  [39m [90m0.35s[39m  
  [32;1m✓[39;22m[90m [39m[90mProviderResource displays tariffs even when provider has no tariffs @ repetition 39 of 100[39m[90m                  [39m [90m0.36s[39m  
  [32;1m✓[39;22m[90m [39m[90mProviderResource displays tariffs even when provider has no tariffs @ repetition 40 of 100[39m[90m                  [39m [90m0.41s[39m  
  [32;1m✓[39;22m[90m [39m[90mProviderResource displays tariffs even when provider has no tariffs @ repetition 41 of 100[39m[90m                  [39m [90m0.43s[39m  
  [32;1m✓[39;22m[90m [39m[90mProviderResource displays tariffs even when provider has no tariffs @ repetition 42 of 100[39m[90m                  [39m [90m0.42s[39m  
  [32;1m✓[39;22m[90m [39m[90mProviderResource displays tariffs even when provider has no tariffs @ repetition 43 of 100[39m[90m                  [39m [90m0.38s[39m  
  [32;1m✓[39;22m[90m [39m[90mProviderResource displays tariffs even when provider has no tariffs @ repetition 44 of 100[39m[90m                  [39m [90m0.38s[39m  
  [32;1m✓[39;22m[90m [39m[90mProviderResource displays tariffs even when provider has no tariffs @ repetition 45 of 100[39m[90m                  [39m [90m0.42s[39m  
  [32;1m✓[39;22m[90m [39m[90mProviderResource displays tariffs even when provider has no tariffs @ repetition 46 of 100[39m[90m                  [39m [90m0.40s[39m  
  [32;1m✓[39;22m[90m [39m[90mProviderResource displays tariffs even when provider has no tariffs @ repetition 47 of 100[39m[90m                  [39m [90m0.40s[39m  
  [32;1m✓[39;22m[90m [39m[90mProviderResource displays tariffs even when provider has no tariffs @ repetition 48 of 100[39m[90m                  [39m [90m0.40s[39m  
  [32;1m✓[39;22m[90m [39m[90mProviderResource displays tariffs even when provider has no tariffs @ repetition 49 of 100[39m[90m                  [39m [90m0.49s[39m  
  [32;1m✓[39;22m[90m [39m[90mProviderResource displays tariffs even when provider has no tariffs @ repetition 50 of 100[39m[90m                  [39m [90m0.47s[39m  
  [32;1m✓[39;22m[90m [39m[90mProviderResource displays tariffs even when provider has no tariffs @ repetition 51 of 100[39m[90m                  [39m [90m0.46s[39m  
  [32;1m✓[39;22m[90m [39m[90mProviderResource displays tariffs even when provider has no tariffs @ repetition 52 of 100[39m[90m                  [39m [90m0.43s[39m  
  [32;1m✓[39;22m[90m [39m[90mProviderResource displays tariffs even when provider has no tariffs @ repetition 53 of 100[39m[90m                  [39m [90m0.47s[39m  
  [32;1m✓[39;22m[90m [39m[90mProviderResource displays tariffs even when provider has no tariffs @ repetition 54 of 100[39m[90m                  [39m [90m0.41s[39m  
  [32;1m✓[39;22m[90m [39m[90mProviderResource displays tariffs even when provider has no tariffs @ repetition 55 of 100[39m[90m                  [39m [90m0.42s[39m  
  [32;1m✓[39;22m[90m [39m[90mProviderResource displays tariffs even when provider has no tariffs @ repetition 56 of 100[39m[90m                  [39m [90m0.47s[39m  
  [32;1m✓[39;22m[90m [39m[90mProviderResource displays tariffs even when provider has no tariffs @ repetition 57 of 100[39m[90m                  [39m [90m0.45s[39m  
  [32;1m✓[39;22m[90m [39m[90mProviderResource displays tariffs even when provider has no tariffs @ repetition 58 of 100[39m[90m                  [39m [90m0.39s[39m  
  [32;1m✓[39;22m[90m [39m[90mProviderResource displays tariffs even when provider has no tariffs @ repetition 59 of 100[39m[90m                  [39m [90m0.49s[39m  
  [32;1m✓[39;22m[90m [39m[90mProviderResource displays tariffs even when provider has no tariffs @ repetition 60 of 100[39m[90m                  [39m [90m0.46s[39m  
  [32;1m✓[39;22m[90m [39m[90mProviderResource displays tariffs even when provider has no tariffs @ repetition 61 of 100[39m[90m                  [39m [90m0.53s[39m  
  [32;1m✓[39;22m[90m [39m[90mProviderResource displays tariffs even when provider has no tariffs @ repetition 62 of 100[39m[90m                  [39m [90m0.42s[39m  
  [32;1m✓[39;22m[90m [39m[90mProviderResource displays tariffs even when provider has no tariffs @ repetition 63 of 100[39m[90m                  [39m [90m0.39s[39m  
  [32;1m✓[39;22m[90m [39m[90mProviderResource displays tariffs even when provider has no tariffs @ repetition 64 of 100[39m[90m                  [39m [90m0.40s[39m  
  [32;1m✓[39;22m[90m [39m[90mProviderResource displays tariffs even when provider has no tariffs @ repetition 65 of 100[39m[90m                  [39m [90m0.49s[39m  
  [32;1m✓[39;22m[90m [39m[90mProviderResource displays tariffs even when provider has no tariffs @ repetition 66 of 100[39m[90m                  [39m [90m0.53s[39m  
  [32;1m✓[39;22m[90m [39m[90mProviderResource displays tariffs even when provider has no tariffs @ repetition 67 of 100[39m[90m                  [39m [90m0.47s[39m  
  [32;1m✓[39;22m[90m [39m[90mProviderResource displays tariffs even when provider has no tariffs @ repetition 68 of 100[39m[90m                  [39m [90m0.52s[39m  
  [32;1m✓[39;22m[90m [39m[90mProviderResource displays tariffs even when provider has no tariffs @ repetition 69 of 100[39m[90m                  [39m [90m0.46s[39m  
  [32;1m✓[39;22m[90m [39m[90mProviderResource displays tariffs even when provider has no tariffs @ repetition 70 of 100[39m[90m                  [39m [90m0.49s[39m  
  [32;1m✓[39;22m[90m [39m[90mProviderResource displays tariffs even when provider has no tariffs @ repetition 71 of 100[39m[90m                  [39m [90m0.49s[39m  
  [32;1m✓[39;22m[90m [39m[90mProviderResource displays tariffs even when provider has no tariffs @ repetition 72 of 100[39m[90m                  [39m [90m0.46s[39m  
  [32;1m✓[39;22m[90m [39m[90mProviderResource displays tariffs even when provider has no tariffs @ repetition 73 of 100[39m[90m                  [39m [90m0.49s[39m  
  [32;1m✓[39;22m[90m [39m[90mProviderResource displays tariffs even when provider has no tariffs @ repetition 74 of 100[39m[90m                  [39m [90m0.44s[39m  
  [32;1m✓[39;22m[90m [39m[90mProviderResource displays tariffs even when provider has no tariffs @ repetition 75 of 100[39m[90m                  [39m [90m0.53s[39m  
  [32;1m✓[39;22m[90m [39m[90mProviderResource displays tariffs even when provider has no tariffs @ repetition 76 of 100[39m[90m                  [39m [90m0.47s[39m  
  [32;1m✓[39;22m[90m [39m[90mProviderResource displays tariffs even when provider has no tariffs @ repetition 77 of 100[39m[90m                  [39m [90m0.57s[39m  
  [32;1m✓[39;22m[90m [39m[90mProviderResource displays tariffs even when provider has no tariffs @ repetition 78 of 100[39m[90m                  [39m [90m0.46s[39m  
  [32;1m✓[39;22m[90m [39m[90mProviderResource displays tariffs even when provider has no tariffs @ repetition 79 of 100[39m[90m                  [39m [90m0.52s[39m  
  [32;1m✓[39;22m[90m [39m[90mProviderResource displays tariffs even when provider has no tariffs @ repetition 80 of 100[39m[90m                  [39m [90m0.52s[39m  
  [32;1m✓[39;22m[90m [39m[90mProviderResource displays tariffs even when provider has no tariffs @ repetition 81 of 100[39m[90m                  [39m [90m0.47s[39m  
  [32;1m✓[39;22m[90m [39m[90mProviderResource displays tariffs even when provider has no tariffs @ repetition 82 of 100[39m[90m                  [39m [90m0.54s[39m  
  [32;1m✓[39;22m[90m [39m[90mProviderResource displays tariffs even when provider has no tariffs @ repetition 83 of 100[39m[90m                  [39m [90m0.59s[39m  
  [32;1m✓[39;22m[90m [39m[90mProviderResource displays tariffs even when provider has no tariffs @ repetition 84 of 100[39m[90m                  [39m [90m0.60s[39m  
  [32;1m✓[39;22m[90m [39m[90mProviderResource displays tariffs even when provider has no tariffs @ repetition 85 of 100[39m[90m                  [39m [90m0.63s[39m  
  [32;1m✓[39;22m[90m [39m[90mProviderResource displays tariffs even when provider has no tariffs @ repetition 86 of 100[39m[90m                  [39m [90m0.53s[39m  
  [32;1m✓[39;22m[90m [39m[90mProviderResource displays tariffs even when provider has no tariffs @ repetition 87 of 100[39m[90m                  [39m [90m0.53s[39m  
  [32;1m✓[39;22m[90m [39m[90mProviderResource displays tariffs even when provider has no tariffs @ repetition 88 of 100[39m[90m                  [39m [90m0.48s[39m  
  [32;1m✓[39;22m[90m [39m[90mProviderResource displays tariffs even when provider has no tariffs @ repetition 89 of 100[39m[90m                  [39m [90m0.51s[39m  
  [32;1m✓[39;22m[90m [39m[90mProviderResource displays tariffs even when provider has no tariffs @ repetition 90 of 100[39m[90m                  [39m [90m0.56s[39m  
  [32;1m✓[39;22m[90m [39m[90mProviderResource displays tariffs even when provider has no tariffs @ repetition 91 of 100[39m[90m                  [39m [90m0.55s[39m  
  [32;1m✓[39;22m[90m [39m[90mProviderResource displays tariffs even when provider has no tariffs @ repetition 92 of 100[39m[90m                  [39m [90m0.48s[39m  
  [32;1m✓[39;22m[90m [39m[90mProviderResource displays tariffs even when provider has no tariffs @ repetition 93 of 100[39m[90m                  [39m [90m0.58s[39m  
  [32;1m✓[39;22m[90m [39m[90mProviderResource displays tariffs even when provider has no tariffs @ repetition 94 of 100[39m[90m                  [39m [90m0.58s[39m  
  [32;1m✓[39;22m[90m [39m[90mProviderResource displays tariffs even when provider has no tariffs @ repetition 95 of 100[39m[90m                  [39m [90m0.52s[39m  
  [32;1m✓[39;22m[90m [39m[90mProviderResource displays tariffs even when provider has no tariffs @ repetition 96 of 100[39m[90m                  [39m [90m0.45s[39m  
  [32;1m✓[39;22m[90m [39m[90mProviderResource displays tariffs even when provider has no tariffs @ repetition 97 of 100[39m[90m                  [39m [90m0.51s[39m  
  [32;1m✓[39;22m[90m [39m[90mProviderResource displays tariffs even when provider has no tariffs @ repetition 98 of 100[39m[90m                  [39m [90m0.47s[39m  
  [32;1m✓[39;22m[90m [39m[90mProviderResource displays tariffs even when provider has no tariffs @ repetition 99 of 100[39m[90m                  [39m [90m0.53s[39m  
  [32;1m✓[39;22m[90m [39m[90mProviderResource displays tariffs even when provider has no tariffs @ repetition 100 of 100[39m[90m                 [39m [90m0.47s[39m  
  [32;1m✓[39;22m[90m [39m[90mProviderResource only displays tariffs belonging to the provider @ repetition 1 of 100[39m[90m                     [39m [90m13.35s[39m  
  [32;1m✓[39;22m[90m [39m[90mProviderResource only displays tariffs belonging to the provider @ repetition 2 of 100[39m[90m                     [39m [90m13.22s[39m  
  [32;1m✓[39;22m[90m [39m[90mProviderResource only displays tariffs belonging to the provider @ repetition 3 of 100[39m[90m                     [39m [90m11.25s[39m  
  [32;1m✓[39;22m[90m [39m[90mProviderResource only displays tariffs belonging to the provider @ repetition 4 of 100[39m[90m                      [39m [90m9.41s[39m  
  [32;1m✓[39;22m[90m [39m[90mProviderResource only displays tariffs belonging to the provider @ repetition 5 of 100[39m[90m                      [39m [90m9.06s[39m  
  [32;1m✓[39;22m[90m [39m[90mProviderResource only displays tariffs belonging to the provider @ repetition 6 of 100[39m[90m                      [39m [90m9.03s[39m  
  [32;1m✓[39;22m[90m [39m[90mProviderResource only displays tariffs belonging to the provider @ repetition 7 of 100[39m[90m                      [39m [90m8.96s[39m  
  [32;1m✓[39;22m[90m [39m[90mProviderResource only displays tariffs belonging to the provider @ repetition 8 of 100[39m[90m                      [39m [90m9.12s[39m  
  [32;1m✓[39;22m[90m [39m[90mProviderResource only displays tariffs belonging to the provider @ repetition 9 of 100[39m[90m                      [39m [90m9.91s[39m  
  [32;1m✓[39;22m[90m [39m[90mProviderResource only displays tariffs belonging to the provider @ repetition 10 of 100[39m[90m                     [39m [90m8.69s[39m  
  [32;1m✓[39;22m[90m [39m[90mProviderResource only displays tariffs belonging to the provider @ repetition 11 of 100[39m[90m                     [39m [90m9.48s[39m  
  [32;1m✓[39;22m[90m [39m[90mProviderResource only displays tariffs belonging to the provider @ repetition 12 of 100[39m[90m                     [39m [90m9.69s[39m  
  [32;1m✓[39;22m[90m [39m[90mProviderResource only displays tariffs belonging to the provider @ repetition 13 of 100[39m[90m                    [39m [90m10.49s[39m  
  [32;1m✓[39;22m[90m [39m[90mProviderResource only displays tariffs belonging to the provider @ repetition 14 of 100[39m[90m                    [39m [90m14.34s[39m  
  [32;1m✓[39;22m[90m [39m[90mProviderResource only displays tariffs belonging to the provider @ repetition 15 of 100[39m[90m                    [39m [90m12.51s[39m  
  [32;1m✓[39;22m[90m [39m[90mProviderResource only displays tariffs belonging to the provider @ repetition 16 of 100[39m[90m                    [39m [90m13.05s[39m  
  [32;1m✓[39;22m[90m [39m[90mProviderResource only displays tariffs belonging to the provider @ repetition 17 of 100[39m[90m                    [39m [90m13.34s[39m  
  [32;1m✓[39;22m[90m [39m[90mProviderResource only displays tariffs belonging to the provider @ repetition 18 of 100[39m[90m                    [39m [90m13.99s[39m  
  [32;1m✓[39;22m[90m [39m[90mProviderResource only displays tariffs belonging to the provider @ repetition 19 of 100[39m[90m                    [39m [90m11.19s[39m  
  [32;1m✓[39;22m[90m [39m[90mProviderResource only displays tariffs belonging to the provider @ repetition 20 of 100[39m[90m                     [39m [90m8.74s[39m  
  [32;1m✓[39;22m[90m [39m[90mProviderResource only displays tariffs belonging to the provider @ repetition 21 of 100[39m[90m                     [39m [90m8.40s[39m  
  [32;1m✓[39;22m[90m [39m[90mProviderResource only displays tariffs belonging to the provider @ repetition 22 of 100[39m[90m                     [39m [90m8.89s[39m  
  [32;1m✓[39;22m[90m [39m[90mProviderResource only displays tariffs belonging to the provider @ repetition 23 of 100[39m[90m                     [39m [90m9.03s[39m  
  [32;1m✓[39;22m[90m [39m[90mProviderResource only displays tariffs belonging to the provider @ repetition 24 of 100[39m[90m                     [39m [90m8.73s[39m  
  [32;1m✓[39;22m[90m [39m[90mProviderResource only displays tariffs belonging to the provider @ repetition 25 of 100[39m[90m                     [39m [90m8.16s[39m  
  [32;1m✓[39;22m[90m [39m[90mProviderResource only displays tariffs belonging to the provider @ repetition 26 of 100[39m[90m                     [39m [90m8.81s[39m  
  [32;1m✓[39;22m[90m [39m[90mProviderResource only displays tariffs belonging to the provider @ repetition 27 of 100[39m[90m                     [39m [90m9.73s[39m  
  [32;1m✓[39;22m[90m [39m[90mProviderResource only displays tariffs belonging to the provider @ repetition 28 of 100[39m[90m                     [39m [90m9.55s[39m  
  [32;1m✓[39;22m[90m [39m[90mProviderResource only displays tariffs belonging to the provider @ repetition 29 of 100[39m[90m                    [39m [90m10.30s[39m  
  [32;1m✓[39;22m[90m [39m[90mProviderResource only displays tariffs belonging to the provider @ repetition 30 of 100[39m[90m                    [39m [90m11.40s[39m  
  [32;1m✓[39;22m[90m [39m[90mProviderResource only displays tariffs belonging to the provider @ repetition 31 of 100[39m[90m                    [39m [90m12.74s[39m  
  [32;1m✓[39;22m[90m [39m[90mProviderResource only displays tariffs belonging to the provider @ repetition 32 of 100[39m[90m                    [39m [90m13.19s[39m  
  [32;1m✓[39;22m[90m [39m[90mProviderResource only displays tariffs belonging to the provider @ repetition 33 of 100[39m[90m                    [39m [90m11.19s[39m  
  [32;1m✓[39;22m[90m [39m[90mProviderResource only displays tariffs belonging to the provider @ repetition 34 of 100[39m[90m                     [39m [90m9.61s[39m  
  [32;1m✓[39;22m[90m [39m[90mProviderResource only displays tariffs belonging to the provider @ repetition 35 of 100[39m[90m                     [39m [90m8.80s[39m  
  [32;1m✓[39;22m[90m [39m[90mProviderResource only displays tariffs belonging to the provider @ repetition 36 of 100[39m[90m                     [39m [90m9.00s[39m  
  [32;1m✓[39;22m[90m [39m[90mProviderResource only displays tariffs belonging to the provider @ repetition 37 of 100[39m[90m                     [39m [90m8.98s[39m  
  [32;1m✓[39;22m[90m [39m[90mProviderResource only displays tariffs belonging to the provider @ repetition 38 of 100[39m[90m                     [39m [90m9.15s[39m  
  [32;1m✓[39;22m[90m [39m[90mProviderResource only displays tariffs belonging to the provider @ repetition 39 of 100[39m[90m                     [39m [90m8.99s[39m  
  [32;1m✓[39;22m[90m [39m[90mProviderResource only displays tariffs belonging to the provider @ repetition 40 of 100[39m[90m                     [39m [90m9.39s[39m  
  [32;1m✓[39;22m[90m [39m[90mProviderResource only displays tariffs belonging to the provider @ repetition 41 of 100[39m[90m                    [39m [90m10.03s[39m  
  [32;1m✓[39;22m[90m [39m[90mProviderResource only displays tariffs belonging to the provider @ repetition 42 of 100[39m[90m                    [39m [90m10.48s[39m  
  [32;1m✓[39;22m[90m [39m[90mProviderResource only displays tariffs belonging to the provider @ repetition 43 of 100[39m[90m                    [39m [90m11.47s[39m  
  [32;1m✓[39;22m[90m [39m[90mProviderResource only displays tariffs belonging to the provider @ repetition 44 of 100[39m[90m                    [39m [90m12.77s[39m  
  [32;1m✓[39;22m[90m [39m[90mProviderResource only displays tariffs belonging to the provider @ repetition 45 of 100[39m[90m                    [39m [90m14.02s[39m  
  [32;1m✓[39;22m[90m [39m[90mProviderResource only displays tariffs belonging to the provider @ repetition 46 of 100[39m[90m                    [39m [90m13.88s[39m  
  [32;1m✓[39;22m[90m [39m[90mProviderResource only displays tariffs belonging to the provider @ repetition 47 of 100[39m[90m                    [39m [90m12.24s[39m  
  [32;1m✓[39;22m[90m [39m[90mProviderResource only displays tariffs belonging to the provider @ repetition 48 of 100[39m[90m                    [39m [90m10.20s[39m  
  [32;1m✓[39;22m[90m [39m[90mProviderResource only displays tariffs belonging to the provider @ repetition 49 of 100[39m[90m                     [39m [90m9.90s[39m  
  [32;1m✓[39;22m[90m [39m[90mProviderResource only displays tariffs belonging to the provider @ repetition 50 of 100[39m[90m                     [39m [90m9.27s[39m  
  [32;1m✓[39;22m[90m [39m[90mProviderResource only displays tariffs belonging to the provider @ repetition 51 of 100[39m[90m                     [39m [90m9.19s[39m  
  [32;1m✓[39;22m[90m [39m[90mProviderResource only displays tariffs belonging to the provider @ repetition 52 of 100[39m[90m                     [39m [90m9.11s[39m  
  [32;1m✓[39;22m[90m [39m[90mProviderResource only displays tariffs belonging to the provider @ repetition 53 of 100[39m[90m                     [39m [90m9.19s[39m  
  [32;1m✓[39;22m[90m [39m[90mProviderResource only displays tariffs belonging to the provider @ repetition 54 of 100[39m[90m                     [39m [90m9.02s[39m  
  [32;1m✓[39;22m[90m [39m[90mProviderResource only displays tariffs belonging to the provider @ repetition 55 of 100[39m[90m                     [39m [90m9.55s[39m  
  [32;1m✓[39;22m[90m [39m[90mProviderResource only displays tariffs belonging to the provider @ repetition 56 of 100[39m[90m                     [39m [90m9.10s[39m  
  [32;1m✓[39;22m[90m [39m[90mProviderResource only displays tariffs belonging to the provider @ repetition 57 of 100[39m[90m                    [39m [90m10.43s[39m  
  [32;1m✓[39;22m[90m [39m[90mProviderResource only displays tariffs belonging to the provider @ repetition 58 of 100[39m[90m                    [39m [90m11.17s[39m  
  [32;1m✓[39;22m[90m [39m[90mProviderResource only displays tariffs belonging to the provider @ repetition 59 of 100[39m[90m                    [39m [90m12.45s[39m  
  [32;1m✓[39;22m[90m [39m[90mProviderResource only displays tariffs belonging to the provider @ repetition 60 of 100[39m[90m                    [39m [90m13.89s[39m  
  [32;1m✓[39;22m[90m [39m[90mProviderResource only displays tariffs belonging to the provider @ repetition 61 of 100[39m[90m                    [39m [90m14.52s[39m  
  [32;1m✓[39;22m[90m [39m[90mProviderResource only displays tariffs belonging to the provider @ repetition 62 of 100[39m[90m                    [39m [90m11.85s[39m  
  [32;1m✓[39;22m[90m [39m[90mProviderResource only displays tariffs belonging to the provider @ repetition 63 of 100[39m[90m                     [39m [90m9.75s[39m  
  [32;1m✓[39;22m[90m [39m[90mProviderResource only displays tariffs belonging to the provider @ repetition 64 of 100[39m[90m                     [39m [90m9.30s[39m  
  [32;1m✓[39;22m[90m [39m[90mProviderResource only displays tariffs belonging to the provider @ repetition 65 of 100[39m[90m                     [39m [90m8.75s[39m  
  [32;1m✓[39;22m[90m [39m[90mProviderResource only displays tariffs belonging to the provider @ repetition 66 of 100[39m[90m                     [39m [90m8.96s[39m  
  [32;1m✓[39;22m[90m [39m[90mProviderResource only displays tariffs belonging to the provider @ repetition 67 of 100[39m[90m                     [39m [90m8.78s[39m  
  [32;1m✓[39;22m[90m [39m[90mProviderResource only displays tariffs belonging to the provider @ repetition 68 of 100[39m[90m                     [39m [90m8.58s[39m  
  [32;1m✓[39;22m[90m [39m[90mProviderResource only displays tariffs belonging to the provider @ repetition 69 of 100[39m[90m                     [39m [90m8.84s[39m  
  [32;1m✓[39;22m[90m [39m[90mProviderResource only displays tariffs belonging to the provider @ repetition 70 of 100[39m[90m                     [39m [90m8.81s[39m  
  [32;1m✓[39;22m[90m [39m[90mProviderResource only displays tariffs belonging to the provider @ repetition 71 of 100[39m[90m                     [39m [90m9.39s[39m  
  [32;1m✓[39;22m[90m [39m[90mProviderResource only displays tariffs belonging to the provider @ repetition 72 of 100[39m[90m                     [39m [90m9.90s[39m  
  [32;1m✓[39;22m[90m [39m[90mProviderResource only displays tariffs belonging to the provider @ repetition 73 of 100[39m[90m                    [39m [90m11.98s[39m  
  [32;1m✓[39;22m[90m [39m[90mProviderResource only displays tariffs belonging to the provider @ repetition 74 of 100[39m[90m                    [39m [90m12.71s[39m  
  [32;1m✓[39;22m[90m [39m[90mProviderResource only displays tariffs belonging to the provider @ repetition 75 of 100[39m[90m                    [39m [90m13.72s[39m  
  [32;1m✓[39;22m[90m [39m[90mProviderResource only displays tariffs belonging to the provider @ repetition 76 of 100[39m[90m                    [39m [90m12.69s[39m  
  [32;1m✓[39;22m[90m [39m[90mProviderResource only displays tariffs belonging to the provider @ repetition 77 of 100[39m[90m                    [39m [90m11.60s[39m  
  [32;1m✓[39;22m[90m [39m[90mProviderResource only displays tariffs belonging to the provider @ repetition 78 of 100[39m[90m                     [39m [90m9.13s[39m  
  [32;1m✓[39;22m[90m [39m[90mProviderResource only displays tariffs belonging to the provider @ repetition 79 of 100[39m[90m                     [39m [90m8.15s[39m  
  [32;1m✓[39;22m[90m [39m[90mProviderResource only displays tariffs belonging to the provider @ repetition 80 of 100[39m[90m                     [39m [90m8.36s[39m  
  [32;1m✓[39;22m[90m [39m[90mProviderResource only displays tariffs belonging to the provider @ repetition 81 of 100[39m[90m                     [39m [90m8.32s[39m  
  [32;1m✓[39;22m[90m [39m[90mProviderResource only displays tariffs belonging to the provider @ repetition 82 of 100[39m[90m                     [39m [90m8.19s[39m  
  [32;1m✓[39;22m[90m [39m[90mProviderResource only displays tariffs belonging to the provider @ repetition 83 of 100[39m[90m                     [39m [90m8.36s[39m  
  [32;1m✓[39;22m[90m [39m[90mProviderResource only displays tariffs belonging to the provider @ repetition 84 of 100[39m[90m                     [39m [90m8.53s[39m  
  [32;1m✓[39;22m[90m [39m[90mProviderResource only displays tariffs belonging to the provider @ repetition 85 of 100[39m[90m                     [39m [90m8.77s[39m  
  [32;1m✓[39;22m[90m [39m[90mProviderResource only displays tariffs belonging to the provider @ repetition 86 of 100[39m[90m                    [39m [90m10.29s[39m  
  [32;1m✓[39;22m[90m [39m[90mProviderResource only displays tariffs belonging to the provider @ repetition 87 of 100[39m[90m                    [39m [90m11.18s[39m  
  [32;1m✓[39;22m[90m [39m[90mProviderResource only displays tariffs belonging to the provider @ repetition 88 of 100[39m[90m                    [39m [90m11.46s[39m  
  [32;1m✓[39;22m[90m [39m[90mProviderResource only displays tariffs belonging to the provider @ repetition 89 of 100[39m[90m                    [39m [90m12.55s[39m  
  [32;1m✓[39;22m[90m [39m[90mProviderResource only displays tariffs belonging to the provider @ repetition 90 of 100[39m[90m                    [39m [90m13.52s[39m  
  [32;1m✓[39;22m[90m [39m[90mProviderResource only displays tariffs belonging to the provider @ repetition 91 of 100[39m[90m                    [39m [90m11.48s[39m  
  [32;1m✓[39;22m[90m [39m[90mProviderResource only displays tariffs belonging to the provider @ repetition 92 of 100[39m[90m                     [39m [90m9.52s[39m  
  [32;1m✓[39;22m[90m [39m[90mProviderResource only displays tariffs belonging to the provider @ repetition 93 of 100[39m[90m                     [39m [90m8.46s[39m  
  [32;1m✓[39;22m[90m [39m[90mProviderResource only displays tariffs belonging to the provider @ repetition 94 of 100[39m[90m                     [39m [90m8.35s[39m  
  [32;1m✓[39;22m[90m [39m[90mProviderResource only displays tariffs belonging to the provider @ repetition 95 of 100[39m[90m                     [39m [90m8.85s[39m  
  [32;1m✓[39;22m[90m [39m[90mProviderResource only displays tariffs belonging to the provider @ repetition 96 of 100[39m[90m                     [39m [90m9.23s[39m  
  [32;1m✓[39;22m[90m [39m[90mProviderResource only displays tariffs belonging to the provider @ repetition 97 of 100[39m[90m                     [39m [90m8.47s[39m  
  [32;1m✓[39;22m[90m [39m[90mProviderResource only displays tariffs belonging to the provider @ repetition 98 of 100[39m[90m                     [39m [90m8.21s[39m  
  [32;1m✓[39;22m[90m [39m[90mProviderResource only displays tariffs belonging to the provider @ repetition 99 of 100[39m[90m                     [39m [90m9.07s[39m  
  [32;1m✓[39;22m[90m [39m[90mProviderResource only displays tariffs belonging to the provider @ repetition 100 of 100[39m[90m                    [39m [90m8.74s[39m  
  [32;1m✓[39;22m[90m [39m[90mProviderResource displays tariff details correctly in relationship manager @ repetition 1 of 100[39m[90m            [39m [90m8.64s[39m  
  [32;1m✓[39;22m[90m [39m[90mProviderResource displays tariff details correctly in relationship manager @ repetition 2 of 100[39m[90m            [39m [90m9.76s[39m  
  [32;1m✓[39;22m[90m [39m[90mProviderResource displays tariff details correctly in relationship manager @ repetition 3 of 100[39m[90m           [39m [90m10.85s[39m  
  [32;1m✓[39;22m[90m [39m[90mProviderResource displays tariff details correctly in relationship manager @ repetition 4 of 100[39m[90m           [39m [90m11.90s[39m  
  [32;1m✓[39;22m[90m [39m[90mProviderResource displays tariff details correctly in relationship manager @ repetition 5 of 100[39m[90m           [39m [90m12.25s[39m  
  [32;1m✓[39;22m[90m [39m[90mProviderResource displays tariff details correctly in relationship manager @ repetition 6 of 100[39m[90m           [39m [90m11.86s[39m  
  [32;1m✓[39;22m[90m [39m[90mProviderResource displays tariff details correctly in relationship manager @ repetition 7 of 100[39m[90m           [39m [90m10.66s[39m  
  [32;1m✓[39;22m[90m [39m[90mProviderResource displays tariff details correctly in relationship manager @ repetition 8 of 100[39m[90m            [39m [90m9.01s[39m  
  [32;1m✓[39;22m[90m [39m[90mProviderResource displays tariff details correctly in relationship manager @ repetition 9 of 100[39m[90m            [39m [90m8.60s[39m  
  [32;1m✓[39;22m[90m [39m[90mProviderResource displays tariff details correctly in relationship manager @ repetition 10 of 100[39m[90m           [39m [90m7.99s[39m  
  [32;1m✓[39;22m[90m [39m[90mProviderResource displays tariff details correctly in relationship manager @ repetition 11 of 100[39m[90m           [39m [90m8.52s[39m  
  [32;1m✓[39;22m[90m [39m[90mProviderResource displays tariff details correctly in relationship manager @ repetition 12 of 100[39m[90m           [39m [90m8.26s[39m  
  [32;1m✓[39;22m[90m [39m[90mProviderResource displays tariff details correctly in relationship manager @ repetition 13 of 100[39m[90m           [39m [90m8.26s[39m  
  [32;1m✓[39;22m[90m [39m[90mProviderResource displays tariff details correctly in relationship manager @ repetition 14 of 100[39m[90m           [39m [90m8.41s[39m  
  [32;1m✓[39;22m[90m [39m[90mProviderResource displays tariff details correctly in relationship manager @ repetition 15 of 100[39m[90m           [39m [90m9.41s[39m  
  [32;1m✓[39;22m[90m [39m[90mProviderResource displays tariff details correctly in relationship manager @ repetition 16 of 100[39m[90m           [39m [90m8.93s[39m  
  [32;1m✓[39;22m[90m [39m[90mProviderResource displays tariff details correctly in relationship manager @ repetition 17 of 100[39m[90m           [39m [90m8.64s[39m  
  [32;1m✓[39;22m[90m [39m[90mProviderResource displays tariff details correctly in relationship manager @ repetition 18 of 100[39m[90m           [39m [90m9.77s[39m  
  [32;1m✓[39;22m[90m [39m[90mProviderResource displays tariff details correctly in relationship manager @ repetition 19 of 100[39m[90m          [39m [90m10.62s[39m  
  [32;1m✓[39;22m[90m [39m[90mProviderResource displays tariff details correctly in relationship manager @ repetition 20 of 100[39m[90m          [39m [90m11.88s[39m  
  [32;1m✓[39;22m[90m [39m[90mProviderResource displays tariff details correctly in relationship manager @ repetition 21 of 100[39m[90m          [39m [90m12.24s[39m  
  [32;1m✓[39;22m[90m [39m[90mProviderResource displays tariff details correctly in relationship manager @ repetition 22 of 100[39m[90m          [39m [90m12.80s[39m  
  [32;1m✓[39;22m[90m [39m[90mProviderResource displays tariff details correctly in relationship manager @ repetition 23 of 100[39m[90m          [39m [90m12.24s[39m  
  [32;1m✓[39;22m[90m [39m[90mProviderResource displays tariff details correctly in relationship manager @ repetition 24 of 100[39m[90m           [39m [90m9.28s[39m  
  [32;1m✓[39;22m[90m [39m[90mProviderResource displays tariff details correctly in relationship manager @ repetition 25 of 100[39m[90m           [39m [90m8.21s[39m  
  [32;1m✓[39;22m[90m [39m[90mProviderResource displays tariff details correctly in relationship manager @ repetition 26 of 100[39m[90m           [39m [90m8.42s[39m  
  [32;1m✓[39;22m[90m [39m[90mProviderResource displays tariff details correctly in relationship manager @ repetition 27 of 100[39m[90m           [39m [90m9.18s[39m  
  [32;1m✓[39;22m[90m [39m[90mProviderResource displays tariff details correctly in relationship manager @ repetition 28 of 100[39m[90m           [39m [90m9.36s[39m  
  [32;1m✓[39;22m[90m [39m[90mProviderResource displays tariff details correctly in relationship manager @ repetition 29 of 100[39m[90m           [39m [90m8.84s[39m  
  [32;1m✓[39;22m[90m [39m[90mProviderResource displays tariff details correctly in relationship manager @ repetition 30 of 100[39m[90m           [39m [90m8.95s[39m  
  [32;1m✓[39;22m[90m [39m[90mProviderResource displays tariff details correctly in relationship manager @ repetition 31 of 100[39m[90m           [39m [90m8.75s[39m  
  [32;1m✓[39;22m[90m [39m[90mProviderResource displays tariff details correctly in relationship manager @ repetition 32 of 100[39m[90m           [39m [90m9.68s[39m  
  [32;1m✓[39;22m[90m [39m[90mProviderResource displays tariff details correctly in relationship manager @ repetition 33 of 100[39m[90m          [39m [90m10.58s[39m  
  [32;1m✓[39;22m[90m [39m[90mProviderResource displays tariff details correctly in relationship manager @ repetition 34 of 100[39m[90m          [39m [90m11.14s[39m  
  [32;1m✓[39;22m[90m [39m[90mProviderResource displays tariff details correctly in relationship manager @ repetition 35 of 100[39m[90m          [39m [90m13.26s[39m  
  [32;1m✓[39;22m[90m [39m[90mProviderResource displays tariff details correctly in relationship manager @ repetition 36 of 100[39m[90m          [39m [90m13.82s[39m  
  [32;1m✓[39;22m[90m [39m[90mProviderResource displays tariff details correctly in relationship manager @ repetition 37 of 100[39m[90m          [39m [90m14.00s[39m  
  [32;1m✓[39;22m[90m [39m[90mProviderResource displays tariff details correctly in relationship manager @ repetition 38 of 100[39m[90m          [39m [90m11.27s[39m  
  [32;1m✓[39;22m[90m [39m[90mProviderResource displays tariff details correctly in relationship manager @ repetition 39 of 100[39m[90m           [39m [90m9.72s[39m  
  [32;1m✓[39;22m[90m [39m[90mProviderResource displays tariff details correctly in relationship manager @ repetition 40 of 100[39m[90m           [39m [90m8.91s[39m  
  [32;1m✓[39;22m[90m [39m[90mProviderResource displays tariff details correctly in relationship manager @ repetition 41 of 100[39m[90m           [39m [90m8.39s[39m  
  [32;1m✓[39;22m[90m [39m[90mProviderResource displays tariff details correctly in relationship manager @ repetition 42 of 100[39m[90m           [39m [90m8.70s[39m  
  [32;1m✓[39;22m[90m [39m[90mProviderResource displays tariff details correctly in relationship manager @ repetition 43 of 100[39m[90m           [39m [90m8.65s[39m  
  [32;1m✓[39;22m[90m [39m[90mProviderResource displays tariff details correctly in relationship manager @ repetition 44 of 100[39m[90m           [39m [90m8.73s[39m  
  [32;1m✓[39;22m[90m [39m[90mProviderResource displays tariff details correctly in relationship manager @ repetition 45 of 100[39m[90m           [39m [90m8.75s[39m  
  [32;1m✓[39;22m[90m [39m[90mProviderResource displays tariff details correctly in relationship manager @ repetition 46 of 100[39m[90m           [39m [90m8.63s[39m  
  [32;1m✓[39;22m[90m [39m[90mProviderResource displays tariff details correctly in relationship manager @ repetition 47 of 100[39m[90m           [39m [90m8.95s[39m  
  [32;1m✓[39;22m[90m [39m[90mProviderResource displays tariff details correctly in relationship manager @ repetition 48 of 100[39m[90m           [39m [90m8.61s[39m  
  [32;1m✓[39;22m[90m [39m[90mProviderResource displays tariff details correctly in relationship manager @ repetition 49 of 100[39m[90m           [39m [90m8.89s[39m  
  [32;1m✓[39;22m[90m [39m[90mProviderResource displays tariff details correctly in relationship manager @ repetition 50 of 100[39m[90m           [39m [90m9.81s[39m  
  [32;1m✓[39;22m[90m [39m[90mProviderResource displays tariff details correctly in relationship manager @ repetition 51 of 100[39m[90m          [39m [90m11.18s[39m  
  [32;1m✓[39;22m[90m [39m[90mProviderResource displays tariff details correctly in relationship manager @ repetition 52 of 100[39m[90m          [39m [90m12.17s[39m  
  [32;1m✓[39;22m[90m [39m[90mProviderResource displays tariff details correctly in relationship manager @ repetition 53 of 100[39m[90m          [39m [90m13.58s[39m  
  [32;1m✓[39;22m[90m [39m[90mProviderResource displays tariff details correctly in relationship manager @ repetition 54 of 100[39m[90m          [39m [90m13.00s[39m  
  [32;1m✓[39;22m[90m [39m[90mProviderResource displays tariff details correctly in relationship manager @ repetition 55 of 100[39m[90m          [39m [90m10.85s[39m  
  [32;1m✓[39;22m[90m [39m[90mProviderResource displays tariff details correctly in relationship manager @ repetition 56 of 100[39m[90m           [39m [90m8.86s[39m  
  [32;1m✓[39;22m[90m [39m[90mProviderResource displays tariff details correctly in relationship manager @ repetition 57 of 100[39m[90m           [39m [90m8.68s[39m  
  [32;1m✓[39;22m[90m [39m[90mProviderResource displays tariff details correctly in relationship manager @ repetition 58 of 100[39m[90m           [39m [90m8.10s[39m  
  [32;1m✓[39;22m[90m [39m[90mProviderResource displays tariff details correctly in relationship manager @ repetition 59 of 100[39m[90m           [39m [90m8.83s[39m  
  [32;1m✓[39;22m[90m [39m[90mProviderResource displays tariff details correctly in relationship manager @ repetition 60 of 100[39m[90m          [39m [90m10.38s[39m  
  [32;1m✓[39;22m[90m [39m[90mProviderResource displays tariff details correctly in relationship manager @ repetition 61 of 100[39m[90m           [39m [90m8.63s[39m  
  [32;1m✓[39;22m[90m [39m[90mProviderResource displays tariff details correctly in relationship manager @ repetition 62 of 100[39m[90m           [39m [90m8.85s[39m  
  [32;1m✓[39;22m[90m [39m[90mProviderResource displays tariff details correctly in relationship manager @ repetition 63 of 100[39m[90m           [39m [90m8.88s[39m  
  [32;1m✓[39;22m[90m [39m[90mProviderResource displays tariff details correctly in relationship manager @ repetition 64 of 100[39m[90m           [39m [90m8.83s[39m  
  [32;1m✓[39;22m[90m [39m[90mProviderResource displays tariff details correctly in relationship manager @ repetition 65 of 100[39m[90m          [39m [90m10.05s[39m  
  [32;1m✓[39;22m[90m [39m[90mProviderResource displays tariff details correctly in relationship manager @ repetition 66 of 100[39m[90m           [39m [90m9.75s[39m  
  [32;1m✓[39;22m[90m [39m[90mProviderResource displays tariff details correctly in relationship manager @ repetition 67 of 100[39m[90m          [39m [90m10.54s[39m  
  [32;1m✓[39;22m[90m [39m[90mProviderResource displays tariff details correctly in relationship manager @ repetition 68 of 100[39m[90m          [39m [90m12.33s[39m  
  [32;1m✓[39;22m[90m [39m[90mProviderResource displays tariff details correctly in relationship manager @ repetition 69 of 100[39m[90m          [39m [90m12.85s[39m  
  [32;1m✓[39;22m[90m [39m[90mProviderResource displays tariff details correctly in relationship manager @ repetition 70 of 100[39m[90m          [39m [90m12.50s[39m  
  [32;1m✓[39;22m[90m [39m[90mProviderResource displays tariff details correctly in relationship manager @ repetition 71 of 100[39m[90m          [39m [90m10.31s[39m  
  [32;1m✓[39;22m[90m [39m[90mProviderResource displays tariff details correctly in relationship manager @ repetition 72 of 100[39m[90m           [39m [90m8.99s[39m  
  [32;1m✓[39;22m[90m [39m[90mProviderResource displays tariff details correctly in relationship manager @ repetition 73 of 100[39m[90m           [39m [90m8.72s[39m  
  [32;1m✓[39;22m[90m [39m[90mProviderResource displays tariff details correctly in relationship manager @ repetition 74 of 100[39m[90m           [39m [90m8.40s[39m  
  [32;1m✓[39;22m[90m [39m[90mProviderResource displays tariff details correctly in relationship manager @ repetition 75 of 100[39m[90m           [39m [90m8.95s[39m  
  [32;1m✓[39;22m[90m [39m[90mProviderResource displays tariff details correctly in relationship manager @ repetition 76 of 100[39m[90m           [39m [90m7.96s[39m  
  [32;1m✓[39;22m[90m [39m[90mProviderResource displays tariff details correctly in relationship manager @ repetition 77 of 100[39m[90m           [39m [90m8.01s[39m  
  [32;1m✓[39;22m[90m [39m[90mProviderResource displays tariff details correctly in relationship manager @ repetition 78 of 100[39m[90m           [39m [90m8.63s[39m  
  [32;1m✓[39;22m[90m [39m[90mProviderResource displays tariff details correctly in relationship manager @ repetition 79 of 100[39m[90m           [39m [90m8.31s[39m  
  [32;1m✓[39;22m[90m [39m[90mProviderResource displays tariff details correctly in relationship manager @ repetition 80 of 100[39m[90m           [39m [90m8.45s[39m  
  [32;1m✓[39;22m[90m [39m[90mProviderResource displays tariff details correctly in relationship manager @ repetition 81 of 100[39m[90m           [39m [90m8.50s[39m  
  [32;1m✓[39;22m[90m [39m[90mProviderResource displays tariff details correctly in relationship manager @ repetition 82 of 100[39m[90m          [39m [90m10.16s[39m  
  [32;1m✓[39;22m[90m [39m[90mProviderResource displays tariff details correctly in relationship manager @ repetition 83 of 100[39m[90m           [39m [90m9.59s[39m  
  [32;1m✓[39;22m[90m [39m[90mProviderResource displays tariff details correctly in relationship manager @ repetition 84 of 100[39m[90m          [39m [90m11.05s[39m  
  [32;1m✓[39;22m[90m [39m[90mProviderResource displays tariff details correctly in relationship manager @ repetition 85 of 100[39m[90m          [39m [90m12.84s[39m  
  [32;1m✓[39;22m[90m [39m[90mProviderResource displays tariff details correctly in relationship manager @ repetition 86 of 100[39m[90m          [39m [90m12.22s[39m  
  [32;1m✓[39;22m[90m [39m[90mProviderResource displays tariff details correctly in relationship manager @ repetition 87 of 100[39m[90m          [39m [90m11.58s[39m  
  [32;1m✓[39;22m[90m [39m[90mProviderResource displays tariff details correctly in relationship manager @ repetition 88 of 100[39m[90m           [39m [90m9.54s[39m  
  [32;1m✓[39;22m[90m [39m[90mProviderResource displays tariff details correctly in relationship manager @ repetition 89 of 100[39m[90m           [39m [90m8.93s[39m  
  [32;1m✓[39;22m[90m [39m[90mProviderResource displays tariff details correctly in relationship manager @ repetition 90 of 100[39m[90m           [39m [90m8.48s[39m  
  [32;1m✓[39;22m[90m [39m[90mProviderResource displays tariff details correctly in relationship manager @ repetition 91 of 100[39m[90m           [39m [90m8.73s[39m  
  [32;1m✓[39;22m[90m [39m[90mProviderResource displays tariff details correctly in relationship manager @ repetition 92 of 100[39m[90m           [39m [90m9.32s[39m  
  [32;1m✓[39;22m[90m [39m[90mProviderResource displays tariff details correctly in relationship manager @ repetition 93 of 100[39m[90m           [39m [90m8.57s[39m  
  [32;1m✓[39;22m[90m [39m[90mProviderResource displays tariff details correctly in relationship manager @ repetition 94 of 100[39m[90m           [39m [90m8.93s[39m  
  [32;1m✓[39;22m[90m [39m[90mProviderResource displays tariff details correctly in relationship manager @ repetition 95 of 100[39m[90m           [39m [90m8.63s[39m  
  [32;1m✓[39;22m[90m [39m[90mProviderResource displays tariff details correctly in relationship manager @ repetition 96 of 100[39m[90m           [39m [90m8.44s[39m  
  [32;1m✓[39;22m[90m [39m[90mProviderResource displays tariff details correctly in relationship manager @ repetition 97 of 100[39m[90m           [39m [90m9.28s[39m  
  [32;1m✓[39;22m[90m [39m[90mProviderResource displays tariff details correctly in relationship manager @ repetition 98 of 100[39m[90m           [39m [90m9.18s[39m  
  [32;1m✓[39;22m[90m [39m[90mProviderResource displays tariff details correctly in relationship manager @ repetition 99 of 100[39m[90m          [39m [90m10.01s[39m  
  [32;1m✓[39;22m[90m [39m[90mProviderResource displays tariff details correctly in relationship manager @ repetition 100 of 100[39m[90m         [39m [90m10.97s[39m  

  [39;41;1m FAIL [39;49;22m[39m Tests\Feature\FilamentTariffConfigurationJsonPersistencePropertyTest[39m
  [31;1m⨯[39;22m[90m [39m[90mFilament TariffResource persists flat rate configuration as valid JSON @ repetition 1 of 100[39m[90m                [39m [90m1.88s[39m  
  [31;1m⨯[39;22m[90m [39m[90mFilament TariffResource persists flat rate configuration as valid JSON @ repetition 2 of 100[39m[90m                [39m [90m0.86s[39m  
  [31;1m⨯[39;22m[90m [39m[90mFilament TariffResource persists flat rate configuration as valid JSON @ repetition 3 of 100[39m[90m                [39m [90m1.01s[39m  
  [31;1m⨯[39;22m[90m [39m[90mFilament TariffResource persists flat rate configuration as valid JSON @ repetition 4 of 100[39m[90m                [39m [90m1.04s[39m  
  [31;1m⨯[39;22m[90m [39m[90mFilament TariffResource persists flat rate configuration as valid JSON @ repetition 5 of 100[39m[90m                [39m [90m1.14s[39m  
  [31;1m⨯[39;22m[90m [39m[90mFilament TariffResource persists flat rate configuration as valid JSON @ repetition 6 of 100[39m[90m                [39m [90m1.47s[39m  
  [31;1m⨯[39;22m[90m [39m[90mFilament TariffResource persists flat rate configuration as valid JSON @ repetition 7 of 100[39m[90m                [39m [90m2.70s[39m  
  [31;1m⨯[39;22m[90m [39m[90mFilament TariffResource persists flat rate configuration as valid JSON @ repetition 8 of 100[39m[90m                [39m [90m1.16s[39m  
  [31;1m⨯[39;22m[90m [39m[90mFilament TariffResource persists flat rate configuration as valid JSON @ repetition 9 of 100[39m[90m                [39m [90m1.17s[39m  
  [31;1m⨯[39;22m[90m [39m[90mFilament TariffResource persists flat rate configuration as valid JSON @ repetition 10 of 100[39m[90m               [39m [90m0.97s[39m  
  [31;1m⨯[39;22m[90m [39m[90mFilament TariffResource persists flat rate configuration as valid JSON @ repetition 11 of 100[39m[90m               [39m [90m1.20s[39m  
  [31;1m⨯[39;22m[90m [39m[90mFilament TariffResource persists flat rate configuration as valid JSON @ repetition 12 of 100[39m[90m               [39m [90m1.17s[39m  
  [31;1m⨯[39;22m[90m [39m[90mFilament TariffResource persists flat rate configuration as valid JSON @ repetition 13 of 100[39m[90m               [39m [90m1.31s[39m  
  [31;1m⨯[39;22m[90m [39m[90mFilament TariffResource persists flat rate configuration as valid JSON @ repetition 14 of 100[39m[90m               [39m [90m1.33s[39m  
  [31;1m⨯[39;22m[90m [39m[90mFilament TariffResource persists flat rate configuration as valid JSON @ repetition 15 of 100[39m[90m               [39m [90m1.26s[39m  
  [31;1m⨯[39;22m[90m [39m[90mFilament TariffResource persists flat rate configuration as valid JSON @ repetition 16 of 100[39m[90m               [39m [90m1.11s[39m  
  [31;1m⨯[39;22m[90m [39m[90mFilament TariffResource persists flat rate configuration as valid JSON @ repetition 17 of 100[39m[90m               [39m [90m1.34s[39m  
  [31;1m⨯[39;22m[90m [39m[90mFilament TariffResource persists flat rate configuration as valid JSON @ repetition 18 of 100[39m[90m               [39m [90m1.09s[39m  
  [31;1m⨯[39;22m[90m [39m[90mFilament TariffResource persists flat rate configuration as valid JSON @ repetition 19 of 100[39m[90m               [39m [90m1.27s[39m  
  [31;1m⨯[39;22m[90m [39m[90mFilament TariffResource persists flat rate configuration as valid JSON @ repetition 20 of 100[39m[90m               [39m [90m1.34s[39m  
  [31;1m⨯[39;22m[90m [39m[90mFilament TariffResource persists flat rate configuration as valid JSON @ repetition 21 of 100[39m[90m               [39m [90m2.27s[39m  
  [31;1m⨯[39;22m[90m [39m[90mFilament TariffResource persists flat rate configuration as valid JSON @ repetition 22 of 100[39m[90m               [39m [90m0.82s[39m  
  [31;1m⨯[39;22m[90m [39m[90mFilament TariffResource persists flat rate configuration as valid JSON @ repetition 23 of 100[39m[90m               [39m [90m0.86s[39m  
  [31;1m⨯[39;22m[90m [39m[90mFilament TariffResource persists flat rate configuration as valid JSON @ repetition 24 of 100[39m[90m               [39m [90m0.91s[39m  
  [31;1m⨯[39;22m[90m [39m[90mFilament TariffResource persists flat rate configuration as valid JSON @ repetition 25 of 100[39m[90m               [39m [90m0.89s[39m  
  [31;1m⨯[39;22m[90m [39m[90mFilament TariffResource persists flat rate configuration as valid JSON @ repetition 26 of 100[39m[90m               [39m [90m0.77s[39m  
  [31;1m⨯[39;22m[90m [39m[90mFilament TariffResource persists flat rate configuration as valid JSON @ repetition 27 of 100[39m[90m               [39m [90m0.69s[39m  
  [31;1m⨯[39;22m[90m [39m[90mFilament TariffResource persists flat rate configuration as valid JSON @ repetition 28 of 100[39m[90m               [39m [90m0.79s[39m  
  [31;1m⨯[39;22m[90m [39m[90mFilament TariffResource persists flat rate configuration as valid JSON @ repetition 29 of 100[39m[90m               [39m [90m0.70s[39m  
  [31;1m⨯[39;22m[90m [39m[90mFilament TariffResource persists flat rate configuration as valid JSON @ repetition 30 of 100[39m[90m               [39m [90m0.80s[39m  
  [31;1m⨯[39;22m[90m [39m[90mFilament TariffResource persists flat rate configuration as valid JSON @ repetition 31 of 100[39m[90m               [39m [90m0.66s[39m  
  [31;1m⨯[39;22m[90m [39m[90mFilament TariffResource persists flat rate configuration as valid JSON @ repetition 32 of 100[39m[90m               [39m [90m0.85s[39m  
  [31;1m⨯[39;22m[90m [39m[90mFilament TariffResource persists flat rate configuration as valid JSON @ repetition 33 of 100[39m[90m               [39m [90m0.76s[39m  
  [31;1m⨯[39;22m[90m [39m[90mFilament TariffResource persists flat rate configuration as valid JSON @ repetition 34 of 100[39m[90m               [39m [90m0.79s[39m  
  [31;1m⨯[39;22m[90m [39m[90mFilament TariffResource persists flat rate configuration as valid JSON @ repetition 35 of 100[39m[90m               [39m [90m0.83s[39m  
  [31;1m⨯[39;22m[90m [39m[90mFilament TariffResource persists flat rate configuration as valid JSON @ repetition 36 of 100[39m[90m               [39m [90m1.69s[39m  
  [31;1m⨯[39;22m[90m [39m[90mFilament TariffResource persists flat rate configuration as valid JSON @ repetition 37 of 100[39m[90m               [39m [90m0.65s[39m  
  [31;1m⨯[39;22m[90m [39m[90mFilament TariffResource persists flat rate configuration as valid JSON @ repetition 38 of 100[39m[90m               [39m [90m0.66s[39m  
  [31;1m⨯[39;22m[90m [39m[90mFilament TariffResource persists flat rate configuration as valid JSON @ repetition 39 of 100[39m[90m               [39m [90m0.62s[39m  
  [31;1m⨯[39;22m[90m [39m[90mFilament TariffResource persists flat rate configuration as valid JSON @ repetition 40 of 100[39m[90m               [39m [90m0.63s[39m  
  [31;1m⨯[39;22m[90m [39m[90mFilament TariffResource persists flat rate configuration as valid JSON @ repetition 41 of 100[39m[90m               [39m [90m0.69s[39m  
  [31;1m⨯[39;22m[90m [39m[90mFilament TariffResource persists flat rate configuration as valid JSON @ repetition 42 of 100[39m[90m               [39m [90m0.58s[39m  
  [31;1m⨯[39;22m[90m [39m[90mFilament TariffResource persists flat rate configuration as valid JSON @ repetition 43 of 100[39m[90m               [39m [90m0.70s[39m  
  [31;1m⨯[39;22m[90m [39m[90mFilament TariffResource persists flat rate configuration as valid JSON @ repetition 44 of 100[39m[90m               [39m [90m0.57s[39m  
  [31;1m⨯[39;22m[90m [39m[90mFilament TariffResource persists flat rate configuration as valid JSON @ repetition 45 of 100[39m[90m               [39m [90m0.59s[39m  
  [31;1m⨯[39;22m[90m [39m[90mFilament TariffResource persists flat rate configuration as valid JSON @ repetition 46 of 100[39m[90m               [39m [90m0.66s[39m  
  [31;1m⨯[39;22m[90m [39m[90mFilament TariffResource persists flat rate configuration as valid JSON @ repetition 47 of 100[39m[90m               [39m [90m0.56s[39m  
  [31;1m⨯[39;22m[90m [39m[90mFilament TariffResource persists flat rate configuration as valid JSON @ repetition 48 of 100[39m[90m               [39m [90m0.61s[39m  
  [31;1m⨯[39;22m[90m [39m[90mFilament TariffResource persists flat rate configuration as valid JSON @ repetition 49 of 100[39m[90m               [39m [90m0.63s[39m  
  [31;1m⨯[39;22m[90m [39m[90mFilament TariffResource persists flat rate configuration as valid JSON @ repetition 50 of 100[39m[90m               [39m [90m1.24s[39m  
  [31;1m⨯[39;22m[90m [39m[90mFilament TariffResource persists flat rate configuration as valid JSON @ repetition 51 of 100[39m[90m               [39m [90m0.59s[39m  
  [31;1m⨯[39;22m[90m [39m[90mFilament TariffResource persists flat rate configuration as valid JSON @ repetition 52 of 100[39m[90m               [39m [90m0.58s[39m  
  [31;1m⨯[39;22m[90m [39m[90mFilament TariffResource persists flat rate configuration as valid JSON @ repetition 53 of 100[39m[90m               [39m [90m0.62s[39m  
  [31;1m⨯[39;22m[90m [39m[90mFilament TariffResource persists flat rate configuration as valid JSON @ repetition 54 of 100[39m[90m               [39m [90m0.68s[39m  
  [31;1m⨯[39;22m[90m [39m[90mFilament TariffResource persists flat rate configuration as valid JSON @ repetition 55 of 100[39m[90m               [39m [90m0.60s[39m  
  [31;1m⨯[39;22m[90m [39m[90mFilament TariffResource persists flat rate configuration as valid JSON @ repetition 56 of 100[39m[90m               [39m [90m0.56s[39m  
  [31;1m⨯[39;22m[90m [39m[90mFilament TariffResource persists flat rate configuration as valid JSON @ repetition 57 of 100[39m[90m               [39m [90m0.60s[39m  
  [31;1m⨯[39;22m[90m [39m[90mFilament TariffResource persists flat rate configuration as valid JSON @ repetition 58 of 100[39m[90m               [39m [90m0.57s[39m  
  [31;1m⨯[39;22m[90m [39m[90mFilament TariffResource persists flat rate configuration as valid JSON @ repetition 59 of 100[39m[90m               [39m [90m0.60s[39m  
  [31;1m⨯[39;22m[90m [39m[90mFilament TariffResource persists flat rate configuration as valid JSON @ repetition 60 of 100[39m[90m               [39m [90m0.61s[39m  
  [31;1m⨯[39;22m[90m [39m[90mFilament TariffResource persists flat rate configuration as valid JSON @ repetition 61 of 100[39m[90m               [39m [90m0.68s[39m  
  [31;1m⨯[39;22m[90m [39m[90mFilament TariffResource persists flat rate configuration as valid JSON @ repetition 62 of 100[39m[90m               [39m [90m0.60s[39m  
  [31;1m⨯[39;22m[90m [39m[90mFilament TariffResource persists flat rate configuration as valid JSON @ repetition 63 of 100[39m[90m               [39m [90m1.41s[39m  
  [31;1m⨯[39;22m[90m [39m[90mFilament TariffResource persists flat rate configuration as valid JSON @ repetition 64 of 100[39m[90m               [39m [90m0.58s[39m  
  [31;1m⨯[39;22m[90m [39m[90mFilament TariffResource persists flat rate configuration as valid JSON @ repetition 65 of 100[39m[90m               [39m [90m0.66s[39m  
  [31;1m⨯[39;22m[90m [39m[90mFilament TariffResource persists flat rate configuration as valid JSON @ repetition 66 of 100[39m[90m               [39m [90m0.63s[39m  
  [31;1m⨯[39;22m[90m [39m[90mFilament TariffResource persists flat rate configuration as valid JSON @ repetition 67 of 100[39m[90m               [39m [90m0.60s[39m  
  [31;1m⨯[39;22m[90m [39m[90mFilament TariffResource persists flat rate configuration as valid JSON @ repetition 68 of 100[39m[90m               [39m [90m0.57s[39m  
  [31;1m⨯[39;22m[90m [39m[90mFilament TariffResource persists flat rate configuration as valid JSON @ repetition 69 of 100[39m[90m               [39m [90m0.60s[39m  
  [31;1m⨯[39;22m[90m [39m[90mFilament TariffResource persists flat rate configuration as valid JSON @ repetition 70 of 100[39m[90m               [39m [90m0.53s[39m  
  [31;1m⨯[39;22m[90m [39m[90mFilament TariffResource persists flat rate configuration as valid JSON @ repetition 71 of 100[39m[90m               [39m [90m0.55s[39m  
  [31;1m⨯[39;22m[90m [39m[90mFilament TariffResource persists flat rate configuration as valid JSON @ repetition 72 of 100[39m[90m               [39m [90m0.58s[39m  
  [31;1m⨯[39;22m[90m [39m[90mFilament TariffResource persists flat rate configuration as valid JSON @ repetition 73 of 100[39m[90m               [39m [90m0.53s[39m  
  [31;1m⨯[39;22m[90m [39m[90mFilament TariffResource persists flat rate configuration as valid JSON @ repetition 74 of 100[39m[90m               [39m [90m0.58s[39m  
  [31;1m⨯[39;22m[90m [39m[90mFilament TariffResource persists flat rate configuration as valid JSON @ repetition 75 of 100[39m[90m               [39m [90m0.63s[39m  
  [31;1m⨯[39;22m[90m [39m[90mFilament TariffResource persists flat rate configuration as valid JSON @ repetition 76 of 100[39m[90m               [39m [90m0.82s[39m  
  [31;1m⨯[39;22m[90m [39m[90mFilament TariffResource persists flat rate configuration as valid JSON @ repetition 77 of 100[39m[90m               [39m [90m1.38s[39m  
  [31;1m⨯[39;22m[90m [39m[90mFilament TariffResource persists flat rate configuration as valid JSON @ repetition 78 of 100[39m[90m               [39m [90m0.59s[39m  
  [31;1m⨯[39;22m[90m [39m[90mFilament TariffResource persists flat rate configuration as valid JSON @ repetition 79 of 100[39m[90m               [39m [90m0.64s[39m  
  [31;1m⨯[39;22m[90m [39m[90mFilament TariffResource persists flat rate configuration as valid JSON @ repetition 80 of 100[39m[90m               [39m [90m0.55s[39m  
  [31;1m⨯[39;22m[90m [39m[90mFilament TariffResource persists flat rate configuration as valid JSON @ repetition 81 of 100[39m[90m               [39m [90m0.69s[39m  
  [31;1m⨯[39;22m[90m [39m[90mFilament TariffResource persists flat rate configuration as valid JSON @ repetition 82 of 100[39m[90m               [39m [90m0.52s[39m  
  [31;1m⨯[39;22m[90m [39m[90mFilament TariffResource persists flat rate configuration as valid JSON @ repetition 83 of 100[39m[90m               [39m [90m0.49s[39m  
  [31;1m⨯[39;22m[90m [39m[90mFilament TariffResource persists flat rate configuration as valid JSON @ repetition 84 of 100[39m[90m               [39m [90m0.61s[39m  
  [31;1m⨯[39;22m[90m [39m[90mFilament TariffResource persists flat rate configuration as valid JSON @ repetition 85 of 100[39m[90m               [39m [90m0.56s[39m  
  [31;1m⨯[39;22m[90m [39m[90mFilament TariffResource persists flat rate configuration as valid JSON @ repetition 86 of 100[39m[90m               [39m [90m0.67s[39m  
  [31;1m⨯[39;22m[90m [39m[90mFilament TariffResource persists flat rate configuration as valid JSON @ repetition 87 of 100[39m[90m               [39m [90m0.55s[39m  
  [31;1m⨯[39;22m[90m [39m[90mFilament TariffResource persists flat rate configuration as valid JSON @ repetition 88 of 100[39m[90m               [39m [90m0.57s[39m  
  [31;1m⨯[39;22m[90m [39m[90mFilament TariffResource persists flat rate configuration as valid JSON @ repetition 89 of 100[39m[90m               [39m [90m0.59s[39m  
  [31;1m⨯[39;22m[90m [39m[90mFilament TariffResource persists flat rate configuration as valid JSON @ repetition 90 of 100[39m[90m               [39m [90m1.29s[39m  
  [31;1m⨯[39;22m[90m [39m[90mFilament TariffResource persists flat rate configuration as valid JSON @ repetition 91 of 100[39m[90m               [39m [90m0.64s[39m  
  [31;1m⨯[39;22m[90m [39m[90mFilament TariffResource persists flat rate configuration as valid JSON @ repetition 92 of 100[39m[90m               [39m [90m0.66s[39m  
  [31;1m⨯[39;22m[90m [39m[90mFilament TariffResource persists flat rate configuration as valid JSON @ repetition 93 of 100[39m[90m               [39m [90m0.56s[39m  
  [31;1m⨯[39;22m[90m [39m[90mFilament TariffResource persists flat rate configuration as valid JSON @ repetition 94 of 100[39m[90m               [39m [90m0.68s[39m  
  [31;1m⨯[39;22m[90m [39m[90mFilament TariffResource persists flat rate configuration as valid JSON @ repetition 95 of 100[39m[90m               [39m [90m0.64s[39m  
  [31;1m⨯[39;22m[90m [39m[90mFilament TariffResource persists flat rate configuration as valid JSON @ repetition 96 of 100[39m[90m               [39m [90m0.62s[39m  
  [31;1m⨯[39;22m[90m [39m[90mFilament TariffResource persists flat rate configuration as valid JSON @ repetition 97 of 100[39m[90m               [39m [90m0.61s[39m  
  [31;1m⨯[39;22m[90m [39m[90mFilament TariffResource persists flat rate configuration as valid JSON @ repetition 98 of 100[39m[90m               [39m [90m0.68s[39m  
  [31;1m⨯[39;22m[90m [39m[90mFilament TariffResource persists flat rate configuration as valid JSON @ repetition 99 of 100[39m[90m               [39m [90m0.57s[39m  
  [31;1m⨯[39;22m[90m [39m[90mFilament TariffResource persists flat rate configuration as valid JSON @ repetition 100 of 100[39m[90m              [39m [90m0.65s[39m  
  [32;1m✓[39;22m[90m [39m[90mFilament TariffResource persists time-of-use configuration as valid JSON @ repetition 1 of 100[39m[90m              [39m [90m0.80s[39m  
  [32;1m✓[39;22m[90m [39m[90mFilament TariffResource persists time-of-use configuration as valid JSON @ repetition 2 of 100[39m[90m              [39m [90m0.84s[39m  
  [32;1m✓[39;22m[90m [39m[90mFilament TariffResource persists time-of-use configuration as valid JSON @ repetition 3 of 100[39m[90m              [39m [90m1.48s[39m  
  [32;1m✓[39;22m[90m [39m[90mFilament TariffResource persists time-of-use configuration as valid JSON @ repetition 4 of 100[39m[90m              [39m [90m0.64s[39m  
  [32;1m✓[39;22m[90m [39m[90mFilament TariffResource persists time-of-use configuration as valid JSON @ repetition 5 of 100[39m[90m              [39m [90m0.60s[39m  
  [32;1m✓[39;22m[90m [39m[90mFilament TariffResource persists time-of-use configuration as valid JSON @ repetition 6 of 100[39m[90m              [39m [90m0.69s[39m  
  [32;1m✓[39;22m[90m [39m[90mFilament TariffResource persists time-of-use configuration as valid JSON @ repetition 7 of 100[39m[90m              [39m [90m0.70s[39m  
  [32;1m✓[39;22m[90m [39m[90mFilament TariffResource persists time-of-use configuration as valid JSON @ repetition 8 of 100[39m[90m              [39m [90m0.60s[39m  
  [32;1m✓[39;22m[90m [39m[90mFilament TariffResource persists time-of-use configuration as valid JSON @ repetition 9 of 100[39m[90m              [39m [90m0.58s[39m  
  [32;1m✓[39;22m[90m [39m[90mFilament TariffResource persists time-of-use configuration as valid JSON @ repetition 10 of 100[39m[90m             [39m [90m0.71s[39m  
  [32;1m✓[39;22m[90m [39m[90mFilament TariffResource persists time-of-use configuration as valid JSON @ repetition 11 of 100[39m[90m             [39m [90m0.66s[39m  
  [32;1m✓[39;22m[90m [39m[90mFilament TariffResource persists time-of-use configuration as valid JSON @ repetition 12 of 100[39m[90m             [39m [90m0.58s[39m  
  [32;1m✓[39;22m[90m [39m[90mFilament TariffResource persists time-of-use configuration as valid JSON @ repetition 13 of 100[39m[90m             [39m [90m0.74s[39m  
  [32;1m✓[39;22m[90m [39m[90mFilament TariffResource persists time-of-use configuration as valid JSON @ repetition 14 of 100[39m[90m             [39m [90m0.69s[39m  
  [32;1m✓[39;22m[90m [39m[90mFilament TariffResource persists time-of-use configuration as valid JSON @ repetition 15 of 100[39m[90m             [39m [90m1.44s[39m  
  [32;1m✓[39;22m[90m [39m[90mFilament TariffResource persists time-of-use configuration as valid JSON @ repetition 16 of 100[39m[90m             [39m [90m0.66s[39m  
  [32;1m✓[39;22m[90m [39m[90mFilament TariffResource persists time-of-use configuration as valid JSON @ repetition 17 of 100[39m[90m             [39m [90m0.63s[39m  
  [32;1m✓[39;22m[90m [39m[90mFilament TariffResource persists time-of-use configuration as valid JSON @ repetition 18 of 100[39m[90m             [39m [90m0.77s[39m  
  [32;1m✓[39;22m[90m [39m[90mFilament TariffResource persists time-of-use configuration as valid JSON @ repetition 19 of 100[39m[90m             [39m [90m0.61s[39m  
  [32;1m✓[39;22m[90m [39m[90mFilament TariffResource persists time-of-use configuration as valid JSON @ repetition 20 of 100[39m[90m             [39m [90m0.57s[39m  
  [32;1m✓[39;22m[90m [39m[90mFilament TariffResource persists time-of-use configuration as valid JSON @ repetition 21 of 100[39m[90m             [39m [90m0.54s[39m  
  [32;1m✓[39;22m[90m [39m[90mFilament TariffResource persists time-of-use configuration as valid JSON @ repetition 22 of 100[39m[90m             [39m [90m0.59s[39m  
  [32;1m✓[39;22m[90m [39m[90mFilament TariffResource persists time-of-use configuration as valid JSON @ repetition 23 of 100[39m[90m             [39m [90m0.59s[39m  
  [32;1m✓[39;22m[90m [39m[90mFilament TariffResource persists time-of-use configuration as valid JSON @ repetition 24 of 100[39m[90m             [39m [90m0.61s[39m  
  [32;1m✓[39;22m[90m [39m[90mFilament TariffResource persists time-of-use configuration as valid JSON @ repetition 25 of 100[39m[90m             [39m [90m0.65s[39m  
  [32;1m✓[39;22m[90m [39m[90mFilament TariffResource persists time-of-use configuration as valid JSON @ repetition 26 of 100[39m[90m             [39m [90m0.70s[39m  
  [32;1m✓[39;22m[90m [39m[90mFilament TariffResource persists time-of-use configuration as valid JSON @ repetition 27 of 100[39m[90m             [39m [90m1.51s[39m  
  [32;1m✓[39;22m[90m [39m[90mFilament TariffResource persists time-of-use configuration as valid JSON @ repetition 28 of 100[39m[90m             [39m [90m0.71s[39m  
  [32;1m✓[39;22m[90m [39m[90mFilament TariffResource persists time-of-use configuration as valid JSON @ repetition 29 of 100[39m[90m             [39m [90m0.60s[39m  
  [32;1m✓[39;22m[90m [39m[90mFilament TariffResource persists time-of-use configuration as valid JSON @ repetition 30 of 100[39m[90m             [39m [90m0.61s[39m  
  [32;1m✓[39;22m[90m [39m[90mFilament TariffResource persists time-of-use configuration as valid JSON @ repetition 31 of 100[39m[90m             [39m [90m0.69s[39m  
  [32;1m✓[39;22m[90m [39m[90mFilament TariffResource persists time-of-use configuration as valid JSON @ repetition 32 of 100[39m[90m             [39m [90m0.59s[39m  
  [32;1m✓[39;22m[90m [39m[90mFilament TariffResource persists time-of-use configuration as valid JSON @ repetition 33 of 100[39m[90m             [39m [90m0.56s[39m  
  [32;1m✓[39;22m[90m [39m[90mFilament TariffResource persists time-of-use configuration as valid JSON @ repetition 34 of 100[39m[90m             [39m [90m0.57s[39m  
  [32;1m✓[39;22m[90m [39m[90mFilament TariffResource persists time-of-use configuration as valid JSON @ repetition 35 of 100[39m[90m             [39m [90m0.68s[39m  
  [32;1m✓[39;22m[90m [39m[90mFilament TariffResource persists time-of-use configuration as valid JSON @ repetition 36 of 100[39m[90m             [39m [90m0.64s[39m  
  [32;1m✓[39;22m[90m [39m[90mFilament TariffResource persists time-of-use configuration as valid JSON @ repetition 37 of 100[39m[90m             [39m [90m0.56s[39m  
  [32;1m✓[39;22m[90m [39m[90mFilament TariffResource persists time-of-use configuration as valid JSON @ repetition 38 of 100[39m[90m             [39m [90m0.65s[39m  
  [32;1m✓[39;22m[90m [39m[90mFilament TariffResource persists time-of-use configuration as valid JSON @ repetition 39 of 100[39m[90m             [39m [90m1.36s[39m  
  [32;1m✓[39;22m[90m [39m[90mFilament TariffResource persists time-of-use configuration as valid JSON @ repetition 40 of 100[39m[90m             [39m [90m0.63s[39m  
  [32;1m✓[39;22m[90m [39m[90mFilament TariffResource persists time-of-use configuration as valid JSON @ repetition 41 of 100[39m[90m             [39m [90m0.63s[39m  
  [32;1m✓[39;22m[90m [39m[90mFilament TariffResource persists time-of-use configuration as valid JSON @ repetition 42 of 100[39m[90m             [39m [90m0.62s[39m  
  [32;1m✓[39;22m[90m [39m[90mFilament TariffResource persists time-of-use configuration as valid JSON @ repetition 43 of 100[39m[90m             [39m [90m0.60s[39m  
  [32;1m✓[39;22m[90m [39m[90mFilament TariffResource persists time-of-use configuration as valid JSON @ repetition 44 of 100[39m[90m             [39m [90m0.61s[39m  
  [32;1m✓[39;22m[90m [39m[90mFilament TariffResource persists time-of-use configuration as valid JSON @ repetition 45 of 100[39m[90m             [39m [90m0.65s[39m  
  [32;1m✓[39;22m[90m [39m[90mFilament TariffResource persists time-of-use configuration as valid JSON @ repetition 46 of 100[39m[90m             [39m [90m0.71s[39m  
  [32;1m✓[39;22m[90m [39m[90mFilament TariffResource persists time-of-use configuration as valid JSON @ repetition 47 of 100[39m[90m             [39m [90m0.62s[39m  
  [32;1m✓[39;22m[90m [39m[90mFilament TariffResource persists time-of-use configuration as valid JSON @ repetition 48 of 100[39m[90m             [39m [90m0.72s[39m  
  [32;1m✓[39;22m[90m [39m[90mFilament TariffResource persists time-of-use configuration as valid JSON @ repetition 49 of 100[39m[90m             [39m [90m0.59s[39m  
  [32;1m✓[39;22m[90m [39m[90mFilament TariffResource persists time-of-use configuration as valid JSON @ repetition 50 of 100[39m[90m             [39m [90m0.91s[39m  
  [32;1m✓[39;22m[90m [39m[90mFilament TariffResource persists time-of-use configuration as valid JSON @ repetition 51 of 100[39m[90m             [39m [90m1.53s[39m  
  [32;1m✓[39;22m[90m [39m[90mFilament TariffResource persists time-of-use configuration as valid JSON @ repetition 52 of 100[39m[90m             [39m [90m0.61s[39m  
  [32;1m✓[39;22m[90m [39m[90mFilament TariffResource persists time-of-use configuration as valid JSON @ repetition 53 of 100[39m[90m             [39m [90m0.57s[39m  
  [32;1m✓[39;22m[90m [39m[90mFilament TariffResource persists time-of-use configuration as valid JSON @ repetition 54 of 100[39m[90m             [39m [90m0.64s[39m  
  [32;1m✓[39;22m[90m [39m[90mFilament TariffResource persists time-of-use configuration as valid JSON @ repetition 55 of 100[39m[90m             [39m [90m0.62s[39m  
  [32;1m✓[39;22m[90m [39m[90mFilament TariffResource persists time-of-use configuration as valid JSON @ repetition 56 of 100[39m[90m             [39m [90m0.66s[39m  
  [32;1m✓[39;22m[90m [39m[90mFilament TariffResource persists time-of-use configuration as valid JSON @ repetition 57 of 100[39m[90m             [39m [90m0.60s[39m  
  [32;1m✓[39;22m[90m [39m[90mFilament TariffResource persists time-of-use configuration as valid JSON @ repetition 58 of 100[39m[90m             [39m [90m0.64s[39m  
  [32;1m✓[39;22m[90m [39m[90mFilament TariffResource persists time-of-use configuration as valid JSON @ repetition 59 of 100[39m[90m             [39m [90m0.63s[39m  
  [32;1m✓[39;22m[90m [39m[90mFilament TariffResource persists time-of-use configuration as valid JSON @ repetition 60 of 100[39m[90m             [39m [90m0.65s[39m  
  [32;1m✓[39;22m[90m [39m[90mFilament TariffResource persists time-of-use configuration as valid JSON @ repetition 61 of 100[39m[90m             [39m [90m0.64s[39m  
  [32;1m✓[39;22m[90m [39m[90mFilament TariffResource persists time-of-use configuration as valid JSON @ repetition 62 of 100[39m[90m             [39m [90m1.51s[39m  
  [32;1m✓[39;22m[90m [39m[90mFilament TariffResource persists time-of-use configuration as valid JSON @ repetition 63 of 100[39m[90m             [39m [90m0.65s[39m  
  [32;1m✓[39;22m[90m [39m[90mFilament TariffResource persists time-of-use configuration as valid JSON @ repetition 64 of 100[39m[90m             [39m [90m0.70s[39m  
  [32;1m✓[39;22m[90m [39m[90mFilament TariffResource persists time-of-use configuration as valid JSON @ repetition 65 of 100[39m[90m             [39m [90m0.65s[39m  
  [32;1m✓[39;22m[90m [39m[90mFilament TariffResource persists time-of-use configuration as valid JSON @ repetition 66 of 100[39m[90m             [39m [90m0.60s[39m  
  [32;1m✓[39;22m[90m [39m[90mFilament TariffResource persists time-of-use configuration as valid JSON @ repetition 67 of 100[39m[90m             [39m [90m0.70s[39m  
  [32;1m✓[39;22m[90m [39m[90mFilament TariffResource persists time-of-use configuration as valid JSON @ repetition 68 of 100[39m[90m             [39m [90m0.69s[39m  
  [32;1m✓[39;22m[90m [39m[90mFilament TariffResource persists time-of-use configuration as valid JSON @ repetition 69 of 100[39m[90m             [39m [90m0.63s[39m  
  [32;1m✓[39;22m[90m [39m[90mFilament TariffResource persists time-of-use configuration as valid JSON @ repetition 70 of 100[39m[90m             [39m [90m0.65s[39m  
  [32;1m✓[39;22m[90m [39m[90mFilament TariffResource persists time-of-use configuration as valid JSON @ repetition 71 of 100[39m[90m             [39m [90m0.69s[39m  
  [32;1m✓[39;22m[90m [39m[90mFilament TariffResource persists time-of-use configuration as valid JSON @ repetition 72 of 100[39m[90m             [39m [90m0.79s[39m  
  [32;1m✓[39;22m[90m [39m[90mFilament TariffResource persists time-of-use configuration as valid JSON @ repetition 73 of 100[39m[90m             [39m [90m1.70s[39m  
  [32;1m✓[39;22m[90m [39m[90mFilament TariffResource persists time-of-use configuration as valid JSON @ repetition 74 of 100[39m[90m             [39m [90m0.80s[39m  
  [32;1m✓[39;22m[90m [39m[90mFilament TariffResource persists time-of-use configuration as valid JSON @ repetition 75 of 100[39m[90m             [39m [90m0.78s[39m  
  [32;1m✓[39;22m[90m [39m[90mFilament TariffResource persists time-of-use configuration as valid JSON @ repetition 76 of 100[39m[90m             [39m [90m0.76s[39m  
  [32;1m✓[39;22m[90m [39m[90mFilament TariffResource persists time-of-use configuration as valid JSON @ repetition 77 of 100[39m[90m             [39m [90m0.81s[39m  
  [32;1m✓[39;22m[90m [39m[90mFilament TariffResource persists time-of-use configuration as valid JSON @ repetition 78 of 100[39m[90m             [39m [90m0.80s[39m  
  [32;1m✓[39;22m[90m [39m[90mFilament TariffResource persists time-of-use configuration as valid JSON @ repetition 79 of 100[39m[90m             [39m [90m0.78s[39m  
  [32;1m✓[39;22m[90m [39m[90mFilament TariffResource persists time-of-use configuration as valid JSON @ repetition 80 of 100[39m[90m             [39m [90m0.70s[39m  
  [32;1m✓[39;22m[90m [39m[90mFilament TariffResource persists time-of-use configuration as valid JSON @ repetition 81 of 100[39m[90m             [39m [90m0.66s[39m  
  [32;1m✓[39;22m[90m [39m[90mFilament TariffResource persists time-of-use configuration as valid JSON @ repetition 82 of 100[39m[90m             [39m [90m0.88s[39m  
  [32;1m✓[39;22m[90m [39m[90mFilament TariffResource persists time-of-use configuration as valid JSON @ repetition 83 of 100[39m[90m             [39m [90m0.79s[39m  
  [32;1m✓[39;22m[90m [39m[90mFilament TariffResource persists time-of-use configuration as valid JSON @ repetition 84 of 100[39m[90m             [39m [90m1.63s[39m  
  [32;1m✓[39;22m[90m [39m[90mFilament TariffResource persists time-of-use configuration as valid JSON @ repetition 85 of 100[39m[90m             [39m [90m0.81s[39m  
  [32;1m✓[39;22m[90m [39m[90mFilament TariffResource persists time-of-use configuration as valid JSON @ repetition 86 of 100[39m[90m             [39m [90m0.70s[39m  
  [32;1m✓[39;22m[90m [39m[90mFilament TariffResource persists time-of-use configuration as valid JSON @ repetition 87 of 100[39m[90m             [39m [90m0.83s[39m  
  [32;1m✓[39;22m[90m [39m[90mFilament TariffResource persists time-of-use configuration as valid JSON @ repetition 88 of 100[39m[90m             [39m [90m0.87s[39m  
  [32;1m✓[39;22m[90m [39m[90mFilament TariffResource persists time-of-use configuration as valid JSON @ repetition 89 of 100[39m[90m             [39m [90m0.84s[39m  
  [32;1m✓[39;22m[90m [39m[90mFilament TariffResource persists time-of-use configuration as valid JSON @ repetition 90 of 100[39m[90m             [39m [90m0.78s[39m  
  [32;1m✓[39;22m[90m [39m[90mFilament TariffResource persists time-of-use configuration as valid JSON @ repetition 91 of 100[39m[90m             [39m [90m0.78s[39m  
  [32;1m✓[39;22m[90m [39m[90mFilament TariffResource persists time-of-use configuration as valid JSON @ repetition 92 of 100[39m[90m             [39m [90m0.77s[39m  
  [32;1m✓[39;22m[90m [39m[90mFilament TariffResource persists time-of-use configuration as valid JSON @ repetition 93 of 100[39m[90m             [39m [90m0.90s[39m  
  [32;1m✓[39;22m[90m [39m[90mFilament TariffResource persists time-of-use configuration as valid JSON @ repetition 94 of 100[39m[90m             [39m [90m1.95s[39m  
  [32;1m✓[39;22m[90m [39m[90mFilament TariffResource persists time-of-use configuration as valid JSON @ repetition 95 of 100[39m[90m             [39m [90m1.02s[39m  
  [32;1m✓[39;22m[90m [39m[90mFilament TariffResource persists time-of-use configuration as valid JSON @ repetition 96 of 100[39m[90m             [39m [90m0.95s[39m  
  [32;1m✓[39;22m[90m [39m[90mFilament TariffResource persists time-of-use configuration as valid JSON @ repetition 97 of 100[39m[90m             [39m [90m0.78s[39m  
  [32;1m✓[39;22m[90m [39m[90mFilament TariffResource persists time-of-use configuration as valid JSON @ repetition 98 of 100[39m[90m             [39m [90m0.84s[39m  
  [32;1m✓[39;22m[90m [39m[90mFilament TariffResource persists time-of-use configuration as valid JSON @ repetition 99 of 100[39m[90m             [39m [90m0.92s[39m  
  [32;1m✓[39;22m[90m [39m[90mFilament TariffResource persists time-of-use configuration as valid JSON @ repetition 100 of 100[39m[90m            [39m [90m1.03s[39m  
  [31;1m⨯[39;22m[90m [39m[90mFilament TariffResource persists optional configuration fields as valid JSON @ repetition 1 of 100[39m[90m          [39m [90m1.03s[39m  
  [31;1m⨯[39;22m[90m [39m[90mFilament TariffResource persists optional configuration fields as valid JSON @ repetition 2 of 100[39m[90m          [39m [90m0.88s[39m  
  [31;1m⨯[39;22m[90m [39m[90mFilament TariffResource persists optional configuration fields as valid JSON @ repetition 3 of 100[39m[90m          [39m [90m0.98s[39m  
  [31;1m⨯[39;22m[90m [39m[90mFilament TariffResource persists optional configuration fields as valid JSON @ repetition 4 of 100[39m[90m          [39m [90m1.93s[39m  
  [31;1m⨯[39;22m[90m [39m[90mFilament TariffResource persists optional configuration fields as valid JSON @ repetition 5 of 100[39m[90m          [39m [90m0.93s[39m  
  [31;1m⨯[39;22m[90m [39m[90mFilament TariffResource persists optional configuration fields as valid JSON @ repetition 6 of 100[39m[90m          [39m [90m0.85s[39m  
  [31;1m⨯[39;22m[90m [39m[90mFilament TariffResource persists optional configuration fields as valid JSON @ repetition 7 of 100[39m[90m          [39m [90m0.94s[39m  
  [31;1m⨯[39;22m[90m [39m[90mFilament TariffResource persists optional configuration fields as valid JSON @ repetition 8 of 100[39m[90m          [39m [90m0.93s[39m  
  [31;1m⨯[39;22m[90m [39m[90mFilament TariffResource persists optional configuration fields as valid JSON @ repetition 9 of 100[39m[90m          [39m [90m1.01s[39m  
  [31;1m⨯[39;22m[90m [39m[90mFilament TariffResource persists optional configuration fields as valid JSON @ repetition 10 of 100[39m[90m         [39m [90m0.83s[39m  
  [31;1m⨯[39;22m[90m [39m[90mFilament TariffResource persists optional configuration fields as valid JSON @ repetition 11 of 100[39m[90m         [39m [90m1.05s[39m  
  [31;1m⨯[39;22m[90m [39m[90mFilament TariffResource persists optional configuration fields as valid JSON @ repetition 12 of 100[39m[90m         [39m [90m1.18s[39m  
  [31;1m⨯[39;22m[90m [39m[90mFilament TariffResource persists optional configuration fields as valid JSON @ repetition 13 of 100[39m[90m         [39m [90m1.18s[39m  
  [31;1m⨯[39;22m[90m [39m[90mFilament TariffResource persists optional configuration fields as valid JSON @ repetition 14 of 100[39m[90m         [39m [90m1.91s[39m  
  [31;1m⨯[39;22m[90m [39m[90mFilament TariffResource persists optional configuration fields as valid JSON @ repetition 15 of 100[39m[90m         [39m [90m1.01s[39m  
  [31;1m⨯[39;22m[90m [39m[90mFilament TariffResource persists optional configuration fields as valid JSON @ repetition 16 of 100[39m[90m         [39m [90m1.05s[39m  
  [31;1m⨯[39;22m[90m [39m[90mFilament TariffResource persists optional configuration fields as valid JSON @ repetition 17 of 100[39m[90m         [39m [90m0.97s[39m  
  [31;1m⨯[39;22m[90m [39m[90mFilament TariffResource persists optional configuration fields as valid JSON @ repetition 18 of 100[39m[90m         [39m [90m0.90s[39m  
  [31;1m⨯[39;22m[90m [39m[90mFilament TariffResource persists optional configuration fields as valid JSON @ repetition 19 of 100[39m[90m         [39m [90m0.98s[39m  
  [31;1m⨯[39;22m[90m [39m[90mFilament TariffResource persists optional configuration fields as valid JSON @ repetition 20 of 100[39m[90m         [39m [90m1.02s[39m  
  [31;1m⨯[39;22m[90m [39m[90mFilament TariffResource persists optional configuration fields as valid JSON @ repetition 21 of 100[39m[90m         [39m [90m0.81s[39m  
  [31;1m⨯[39;22m[90m [39m[90mFilament TariffResource persists optional configuration fields as valid JSON @ repetition 22 of 100[39m[90m         [39m [90m0.88s[39m  
  [31;1m⨯[39;22m[90m [39m[90mFilament TariffResource persists optional configuration fields as valid JSON @ repetition 23 of 100[39m[90m         [39m [90m1.84s[39m  
  [31;1m⨯[39;22m[90m [39m[90mFilament TariffResource persists optional configuration fields as valid JSON @ repetition 24 of 100[39m[90m         [39m [90m1.09s[39m  
  [31;1m⨯[39;22m[90m [39m[90mFilament TariffResource persists optional configuration fields as valid JSON @ repetition 25 of 100[39m[90m         [39m [90m1.05s[39m  
  [31;1m⨯[39;22m[90m [39m[90mFilament TariffResource persists optional configuration fields as valid JSON @ repetition 26 of 100[39m[90m         [39m [90m0.82s[39m  
  [31;1m⨯[39;22m[90m [39m[90mFilament TariffResource persists optional configuration fields as valid JSON @ repetition 27 of 100[39m[90m         [39m [90m0.88s[39m  
  [31;1m⨯[39;22m[90m [39m[90mFilament TariffResource persists optional configuration fields as valid JSON @ repetition 28 of 100[39m[90m         [39m [90m0.81s[39m  
  [31;1m⨯[39;22m[90m [39m[90mFilament TariffResource persists optional configuration fields as valid JSON @ repetition 29 of 100[39m[90m         [39m [90m0.86s[39m  
  [31;1m⨯[39;22m[90m [39m[90mFilament TariffResource persists optional configuration fields as valid JSON @ repetition 30 of 100[39m[90m         [39m [90m1.02s[39m  
  [31;1m⨯[39;22m[90m [39m[90mFilament TariffResource persists optional configuration fields as valid JSON @ repetition 31 of 100[39m[90m         [39m [90m0.92s[39m  
  [31;1m⨯[39;22m[90m [39m[90mFilament TariffResource persists optional configuration fields as valid JSON @ repetition 32 of 100[39m[90m         [39m [90m1.70s[39m  
  [31;1m⨯[39;22m[90m [39m[90mFilament TariffResource persists optional configuration fields as valid JSON @ repetition 33 of 100[39m[90m         [39m [90m0.98s[39m  
  [31;1m⨯[39;22m[90m [39m[90mFilament TariffResource persists optional configuration fields as valid JSON @ repetition 34 of 100[39m[90m         [39m [90m0.78s[39m  
  [31;1m⨯[39;22m[90m [39m[90mFilament TariffResource persists optional configuration fields as valid JSON @ repetition 35 of 100[39m[90m         [39m [90m0.78s[39m  
  [31;1m⨯[39;22m[90m [39m[90mFilament TariffResource persists optional configuration fields as valid JSON @ repetition 36 of 100[39m[90m         [39m [90m0.76s[39m  
  [31;1m⨯[39;22m[90m [39m[90mFilament TariffResource persists optional configuration fields as valid JSON @ repetition 37 of 100[39m[90m         [39m [90m0.73s[39m  
  [31;1m⨯[39;22m[90m [39m[90mFilament TariffResource persists optional configuration fields as valid JSON @ repetition 38 of 100[39m[90m         [39m [90m0.88s[39m  
  [31;1m⨯[39;22m[90m [39m[90mFilament TariffResource persists optional configuration fields as valid JSON @ repetition 39 of 100[39m[90m         [39m [90m0.80s[39m  
  [31;1m⨯[39;22m[90m [39m[90mFilament TariffResource persists optional configuration fields as valid JSON @ repetition 40 of 100[39m[90m         [39m [90m0.73s[39m  
  [31;1m⨯[39;22m[90m [39m[90mFilament TariffResource persists optional configuration fields as valid JSON @ repetition 41 of 100[39m[90m         [39m [90m1.55s[39m  
  [31;1m⨯[39;22m[90m [39m[90mFilament TariffResource persists optional configuration fields as valid JSON @ repetition 42 of 100[39m[90m         [39m [90m0.74s[39m  
  [31;1m⨯[39;22m[90m [39m[90mFilament TariffResource persists optional configuration fields as valid JSON @ repetition 43 of 100[39m[90m         [39m [90m0.62s[39m  
  [31;1m⨯[39;22m[90m [39m[90mFilament TariffResource persists optional configuration fields as valid JSON @ repetition 44 of 100[39m[90m         [39m [90m0.68s[39m  
  [31;1m⨯[39;22m[90m [39m[90mFilament TariffResource persists optional configuration fields as valid JSON @ repetition 45 of 100[39m[90m         [39m [90m0.74s[39m  
  [31;1m⨯[39;22m[90m [39m[90mFilament TariffResource persists optional configuration fields as valid JSON @ repetition 46 of 100[39m[90m         [39m [90m0.66s[39m  
  [31;1m⨯[39;22m[90m [39m[90mFilament TariffResource persists optional configuration fields as valid JSON @ repetition 47 of 100[39m[90m         [39m [90m0.81s[39m  
  [31;1m⨯[39;22m[90m [39m[90mFilament TariffResource persists optional configuration fields as valid JSON @ repetition 48 of 100[39m[90m         [39m [90m0.76s[39m  
  [31;1m⨯[39;22m[90m [39m[90mFilament TariffResource persists optional configuration fields as valid JSON @ repetition 49 of 100[39m[90m         [39m [90m0.64s[39m  
  [31;1m⨯[39;22m[90m [39m[90mFilament TariffResource persists optional configuration fields as valid JSON @ repetition 50 of 100[39m[90m         [39m [90m1.42s[39m  
  [31;1m⨯[39;22m[90m [39m[90mFilament TariffResource persists optional configuration fields as valid JSON @ repetition 51 of 100[39m[90m         [39m [90m0.67s[39m  
  [31;1m⨯[39;22m[90m [39m[90mFilament TariffResource persists optional configuration fields as valid JSON @ repetition 52 of 100[39m[90m         [39m [90m0.56s[39m  
  [31;1m⨯[39;22m[90m [39m[90mFilament TariffResource persists optional configuration fields as valid JSON @ repetition 53 of 100[39m[90m         [39m [90m0.80s[39m  
  [31;1m⨯[39;22m[90m [39m[90mFilament TariffResource persists optional configuration fields as valid JSON @ repetition 54 of 100[39m[90m         [39m [90m0.69s[39m  
  [31;1m⨯[39;22m[90m [39m[90mFilament TariffResource persists optional configuration fields as valid JSON @ repetition 55 of 100[39m[90m         [39m [90m0.69s[39m  
  [31;1m⨯[39;22m[90m [39m[90mFilament TariffResource persists optional configuration fields as valid JSON @ repetition 56 of 100[39m[90m         [39m [90m0.75s[39m  
  [31;1m⨯[39;22m[90m [39m[90mFilament TariffResource persists optional configuration fields as valid JSON @ repetition 57 of 100[39m[90m         [39m [90m0.65s[39m  
  [31;1m⨯[39;22m[90m [39m[90mFilament TariffResource persists optional configuration fields as valid JSON @ repetition 58 of 100[39m[90m         [39m [90m1.33s[39m  
  [31;1m⨯[39;22m[90m [39m[90mFilament TariffResource persists optional configuration fields as valid JSON @ repetition 59 of 100[39m[90m         [39m [90m0.68s[39m  
  [31;1m⨯[39;22m[90m [39m[90mFilament TariffResource persists optional configuration fields as valid JSON @ repetition 60 of 100[39m[90m         [39m [90m0.70s[39m  
  [31;1m⨯[39;22m[90m [39m[90mFilament TariffResource persists optional configuration fields as valid JSON @ repetition 61 of 100[39m[90m         [39m [90m0.69s[39m  
  [31;1m⨯[39;22m[90m [39m[90mFilament TariffResource persists optional configuration fields as valid JSON @ repetition 62 of 100[39m[90m         [39m [90m0.63s[39m  
  [31;1m⨯[39;22m[90m [39m[90mFilament TariffResource persists optional configuration fields as valid JSON @ repetition 63 of 100[39m[90m         [39m [90m0.56s[39m  
  [31;1m⨯[39;22m[90m [39m[90mFilament TariffResource persists optional configuration fields as valid JSON @ repetition 64 of 100[39m[90m         [39m [90m0.71s[39m  
  [31;1m⨯[39;22m[90m [39m[90mFilament TariffResource persists optional configuration fields as valid JSON @ repetition 65 of 100[39m[90m         [39m [90m0.78s[39m  
  [31;1m⨯[39;22m[90m [39m[90mFilament TariffResource persists optional configuration fields as valid JSON @ repetition 66 of 100[39m[90m         [39m [90m1.38s[39m  
  [31;1m⨯[39;22m[90m [39m[90mFilament TariffResource persists optional configuration fields as valid JSON @ repetition 67 of 100[39m[90m         [39m [90m0.68s[39m  
  [31;1m⨯[39;22m[90m [39m[90mFilament TariffResource persists optional configuration fields as valid JSON @ repetition 68 of 100[39m[90m         [39m [90m0.63s[39m  
  [31;1m⨯[39;22m[90m [39m[90mFilament TariffResource persists optional configuration fields as valid JSON @ repetition 69 of 100[39m[90m         [39m [90m0.59s[39m  
  [31;1m⨯[39;22m[90m [39m[90mFilament TariffResource persists optional configuration fields as valid JSON @ repetition 70 of 100[39m[90m         [39m [90m0.60s[39m  
  [31;1m⨯[39;22m[90m [39m[90mFilament TariffResource persists optional configuration fields as valid JSON @ repetition 71 of 100[39m[90m         [39m [90m0.62s[39m  
  [31;1m⨯[39;22m[90m [39m[90mFilament TariffResource persists optional configuration fields as valid JSON @ repetition 72 of 100[39m[90m         [39m [90m0.81s[39m  
  [31;1m⨯[39;22m[90m [39m[90mFilament TariffResource persists optional configuration fields as valid JSON @ repetition 73 of 100[39m[90m         [39m [90m0.72s[39m  
  [31;1m⨯[39;22m[90m [39m[90mFilament TariffResource persists optional configuration fields as valid JSON @ repetition 74 of 100[39m[90m         [39m [90m1.40s[39m  
  [31;1m⨯[39;22m[90m [39m[90mFilament TariffResource persists optional configuration fields as valid JSON @ repetition 75 of 100[39m[90m         [39m [90m0.64s[39m  
  [31;1m⨯[39;22m[90m [39m[90mFilament TariffResource persists optional configuration fields as valid JSON @ repetition 76 of 100[39m[90m         [39m [90m0.66s[39m  
  [31;1m⨯[39;22m[90m [39m[90mFilament TariffResource persists optional configuration fields as valid JSON @ repetition 77 of 100[39m[90m         [39m [90m0.68s[39m  
  [31;1m⨯[39;22m[90m [39m[90mFilament TariffResource persists optional configuration fields as valid JSON @ repetition 78 of 100[39m[90m         [39m [90m0.80s[39m  
  [31;1m⨯[39;22m[90m [39m[90mFilament TariffResource persists optional configuration fields as valid JSON @ repetition 79 of 100[39m[90m         [39m [90m0.55s[39m  
  [31;1m⨯[39;22m[90m [39m[90mFilament TariffResource persists optional configuration fields as valid JSON @ repetition 80 of 100[39m[90m         [39m [90m0.56s[39m  
  [31;1m⨯[39;22m[90m [39m[90mFilament TariffResource persists optional configuration fields as valid JSON @ repetition 81 of 100[39m[90m         [39m [90m1.36s[39m  
  [31;1m⨯[39;22m[90m [39m[90mFilament TariffResource persists optional configuration fields as valid JSON @ repetition 82 of 100[39m[90m         [39m [90m0.67s[39m  
  [31;1m⨯[39;22m[90m [39m[90mFilament TariffResource persists optional configuration fields as valid JSON @ repetition 83 of 100[39m[90m         [39m [90m0.73s[39m  
  [31;1m⨯[39;22m[90m [39m[90mFilament TariffResource persists optional configuration fields as valid JSON @ repetition 84 of 100[39m[90m         [39m [90m0.66s[39m  
  [31;1m⨯[39;22m[90m [39m[90mFilament TariffResource persists optional configuration fields as valid JSON @ repetition 85 of 100[39m[90m         [39m [90m0.55s[39m  
  [31;1m⨯[39;22m[90m [39m[90mFilament TariffResource persists optional configuration fields as valid JSON @ repetition 86 of 100[39m[90m         [39m [90m0.70s[39m  
  [31;1m⨯[39;22m[90m [39m[90mFilament TariffResource persists optional configuration fields as valid JSON @ repetition 87 of 100[39m[90m         [39m [90m0.70s[39m  
  [31;1m⨯[39;22m[90m [39m[90mFilament TariffResource persists optional configuration fields as valid JSON @ repetition 88 of 100[39m[90m         [39m [90m1.42s[39m  
  [31;1m⨯[39;22m[90m [39m[90mFilament TariffResource persists optional configuration fields as valid JSON @ repetition 89 of 100[39m[90m         [39m [90m0.74s[39m  
  [31;1m⨯[39;22m[90m [39m[90mFilament TariffResource persists optional configuration fields as valid JSON @ repetition 90 of 100[39m[90m         [39m [90m0.62s[39m  
  [31;1m⨯[39;22m[90m [39m[90mFilament TariffResource persists optional configuration fields as valid JSON @ repetition 91 of 100[39m[90m         [39m [90m0.57s[39m  
  [31;1m⨯[39;22m[90m [39m[90mFilament TariffResource persists optional configuration fields as valid JSON @ repetition 92 of 100[39m[90m         [39m [90m0.71s[39m  
  [31;1m⨯[39;22m[90m [39m[90mFilament TariffResource persists optional configuration fields as valid JSON @ repetition 93 of 100[39m[90m         [39m [90m0.62s[39m  
  [31;1m⨯[39;22m[90m [39m[90mFilament TariffResource persists optional configuration fields as valid JSON @ repetition 94 of 100[39m[90m         [39m [90m0.69s[39m  
  [31;1m⨯[39;22m[90m [39m[90mFilament TariffResource persists optional configuration fields as valid JSON @ repetition 95 of 100[39m[90m         [39m [90m1.40s[39m  
  [31;1m⨯[39;22m[90m [39m[90mFilament TariffResource persists optional configuration fields as valid JSON @ repetition 96 of 100[39m[90m         [39m [90m0.71s[39m  
  [31;1m⨯[39;22m[90m [39m[90mFilament TariffResource persists optional configuration fields as valid JSON @ repetition 97 of 100[39m[90m         [39m [90m0.69s[39m  
  [31;1m⨯[39;22m[90m [39m[90mFilament TariffResource persists optional configuration fields as valid JSON @ repetition 98 of 100[39m[90m         [39m [90m0.60s[39m  
  [31;1m⨯[39;22m[90m [39m[90mFilament TariffResource persists optional configuration fields as valid JSON @ repetition 99 of 100[39m[90m         [39m [90m0.59s[39m  
  [31;1m⨯[39;22m[90m [39m[90mFilament TariffResource persists optional configuration fields as valid JSON @ repetition 100 of 100[39m[90m        [39m [90m0.65s[39m  
  [31;1m⨯[39;22m[90m [39m[90mFilament TariffResource can update tariff configuration and maintain valid JSON @ repetition 1 of 100[39m[90m       [39m [90m1.57s[39m  
  [31;1m⨯[39;22m[90m [39m[90mFilament TariffResource can update tariff configuration and maintain valid JSON @ repetition 2 of 100[39m[90m       [39m [90m0.68s[39m  
  [31;1m⨯[39;22m[90m [39m[90mFilament TariffResource can update tariff configuration and maintain valid JSON @ repetition 3 of 100[39m[90m       [39m [90m0.80s[39m  
  [31;1m⨯[39;22m[90m [39m[90mFilament TariffResource can update tariff configuration and maintain valid JSON @ repetition 4 of 100[39m[90m       [39m [90m0.84s[39m  
  [31;1m⨯[39;22m[90m [39m[90mFilament TariffResource can update tariff configuration and maintain valid JSON @ repetition 5 of 100[39m[90m       [39m [90m0.88s[39m  
  [31;1m⨯[39;22m[90m [39m[90mFilament TariffResource can update tariff configuration and maintain valid JSON @ repetition 6 of 100[39m[90m       [39m [90m1.04s[39m  
  [31;1m⨯[39;22m[90m [39m[90mFilament TariffResource can update tariff configuration and maintain valid JSON @ repetition 7 of 100[39m[90m       [39m [90m1.63s[39m  
  [31;1m⨯[39;22m[90m [39m[90mFilament TariffResource can update tariff configuration and maintain valid JSON @ repetition 8 of 100[39m[90m       [39m [90m0.89s[39m  
  [31;1m⨯[39;22m[90m [39m[90mFilament TariffResource can update tariff configuration and maintain valid JSON @ repetition 9 of 100[39m[90m       [39m [90m0.86s[39m  
  [31;1m⨯[39;22m[90m [39m[90mFilament TariffResource can update tariff configuration and maintain valid JSON @ repetition 10 of 100[39m[90m      [39m [90m0.69s[39m  
  [31;1m⨯[39;22m[90m [39m[90mFilament TariffResource can update tariff configuration and maintain valid JSON @ repetition 11 of 100[39m[90m      [39m [90m0.76s[39m  
  [31;1m⨯[39;22m[90m [39m[90mFilament TariffResource can update tariff configuration and maintain valid JSON @ repetition 12 of 100[39m[90m      [39m [90m0.74s[39m  
  [31;1m⨯[39;22m[90m [39m[90mFilament TariffResource can update tariff configuration and maintain valid JSON @ repetition 13 of 100[39m[90m      [39m [90m1.55s[39m  
  [31;1m⨯[39;22m[90m [39m[90mFilament TariffResource can update tariff configuration and maintain valid JSON @ repetition 14 of 100[39m[90m      [39m [90m0.84s[39m  
  [31;1m⨯[39;22m[90m [39m[90mFilament TariffResource can update tariff configuration and maintain valid JSON @ repetition 15 of 100[39m[90m      [39m [90m0.87s[39m  
  [31;1m⨯[39;22m[90m [39m[90mFilament TariffResource can update tariff configuration and maintain valid JSON @ repetition 16 of 100[39m[90m      [39m [90m0.73s[39m  
  [31;1m⨯[39;22m[90m [39m[90mFilament TariffResource can update tariff configuration and maintain valid JSON @ repetition 17 of 100[39m[90m      [39m [90m0.88s[39m  
  [31;1m⨯[39;22m[90m [39m[90mFilament TariffResource can update tariff configuration and maintain valid JSON @ repetition 18 of 100[39m[90m      [39m [90m1.51s[39m  
  [31;1m⨯[39;22m[90m [39m[90mFilament TariffResource can update tariff configuration and maintain valid JSON @ repetition 19 of 100[39m[90m      [39m [90m0.77s[39m  
  [31;1m⨯[39;22m[90m [39m[90mFilament TariffResource can update tariff configuration and maintain valid JSON @ repetition 20 of 100[39m[90m      [39m [90m0.79s[39m  
  [31;1m⨯[39;22m[90m [39m[90mFilament TariffResource can update tariff configuration and maintain valid JSON @ repetition 21 of 100[39m[90m      [39m [90m0.76s[39m  
  [31;1m⨯[39;22m[90m [39m[90mFilament TariffResource can update tariff configuration and maintain valid JSON @ repetition 22 of 100[39m[90m      [39m [90m0.86s[39m  
  [31;1m⨯[39;22m[90m [39m[90mFilament TariffResource can update tariff configuration and maintain valid JSON @ repetition 23 of 100[39m[90m      [39m [90m1.52s[39m  
  [31;1m⨯[39;22m[90m [39m[90mFilament TariffResource can update tariff configuration and maintain valid JSON @ repetition 24 of 100[39m[90m      [39m [90m0.86s[39m  
  [31;1m⨯[39;22m[90m [39m[90mFilament TariffResource can update tariff configuration and maintain valid JSON @ repetition 25 of 100[39m[90m      [39m [90m0.69s[39m  
  [31;1m⨯[39;22m[90m [39m[90mFilament TariffResource can update tariff configuration and maintain valid JSON @ repetition 26 of 100[39m[90m      [39m [90m0.73s[39m  
  [31;1m⨯[39;22m[90m [39m[90mFilament TariffResource can update tariff configuration and maintain valid JSON @ repetition 27 of 100[39m[90m      [39m [90m1.58s[39m  
  [31;1m⨯[39;22m[90m [39m[90mFilament TariffResource can update tariff configuration and maintain valid JSON @ repetition 28 of 100[39m[90m      [39m [90m0.80s[39m  
  [31;1m⨯[39;22m[90m [39m[90mFilament TariffResource can update tariff configuration and maintain valid JSON @ repetition 29 of 100[39m[90m      [39m [90m0.69s[39m  
  [31;1m⨯[39;22m[90m [39m[90mFilament TariffResource can update tariff configuration and maintain valid JSON @ repetition 30 of 100[39m[90m      [39m [90m0.83s[39m  
  [31;1m⨯[39;22m[90m [39m[90mFilament TariffResource can update tariff configuration and maintain valid JSON @ repetition 31 of 100[39m[90m      [39m [90m1.50s[39m  
  [31;1m⨯[39;22m[90m [39m[90mFilament TariffResource can update tariff configuration and maintain valid JSON @ repetition 32 of 100[39m[90m      [39m [90m0.79s[39m  
  [31;1m⨯[39;22m[90m [39m[90mFilament TariffResource can update tariff configuration and maintain valid JSON @ repetition 33 of 100[39m[90m      [39m [90m0.85s[39m  
  [31;1m⨯[39;22m[90m [39m[90mFilament TariffResource can update tariff configuration and maintain valid JSON @ repetition 34 of 100[39m[90m      [39m [90m0.87s[39m  
  [31;1m⨯[39;22m[90m [39m[90mFilament TariffResource can update tariff configuration and maintain valid JSON @ repetition 35 of 100[39m[90m      [39m [90m1.66s[39m  
  [31;1m⨯[39;22m[90m [39m[90mFilament TariffResource can update tariff configuration and maintain valid JSON @ repetition 36 of 100[39m[90m      [39m [90m0.86s[39m  
  [31;1m⨯[39;22m[90m [39m[90mFilament TariffResource can update tariff configuration and maintain valid JSON @ repetition 37 of 100[39m[90m      [39m [90m0.81s[39m  
  [31;1m⨯[39;22m[90m [39m[90mFilament TariffResource can update tariff configuration and maintain valid JSON @ repetition 38 of 100[39m[90m      [39m [90m0.90s[39m  
  [31;1m⨯[39;22m[90m [39m[90mFilament TariffResource can update tariff configuration and maintain valid JSON @ repetition 39 of 100[39m[90m      [39m [90m1.70s[39m  
  [31;1m⨯[39;22m[90m [39m[90mFilament TariffResource can update tariff configuration and maintain valid JSON @ repetition 40 of 100[39m[90m      [39m [90m0.85s[39m  
  [31;1m⨯[39;22m[90m [39m[90mFilament TariffResource can update tariff configuration and maintain valid JSON @ repetition 41 of 100[39m[90m      [39m [90m0.96s[39m  
  [31;1m⨯[39;22m[90m [39m[90mFilament TariffResource can update tariff configuration and maintain valid JSON @ repetition 42 of 100[39m[90m      [39m [90m0.88s[39m  
  [31;1m⨯[39;22m[90m [39m[90mFilament TariffResource can update tariff configuration and maintain valid JSON @ repetition 43 of 100[39m[90m      [39m [90m1.59s[39m  
  [31;1m⨯[39;22m[90m [39m[90mFilament TariffResource can update tariff configuration and maintain valid JSON @ repetition 44 of 100[39m[90m      [39m [90m0.82s[39m  
  [31;1m⨯[39;22m[90m [39m[90mFilament TariffResource can update tariff configuration and maintain valid JSON @ repetition 45 of 100[39m[90m      [39m [90m0.87s[39m  
  [31;1m⨯[39;22m[90m [39m[90mFilament TariffResource can update tariff configuration and maintain valid JSON @ repetition 46 of 100[39m[90m      [39m [90m1.74s[39m  
  [31;1m⨯[39;22m[90m [39m[90mFilament TariffResource can update tariff configuration and maintain valid JSON @ repetition 47 of 100[39m[90m      [39m [90m0.91s[39m  
  [31;1m⨯[39;22m[90m [39m[90mFilament TariffResource can update tariff configuration and maintain valid JSON @ repetition 48 of 100[39m[90m      [39m [90m0.86s[39m  
  [31;1m⨯[39;22m[90m [39m[90mFilament TariffResource can update tariff configuration and maintain valid JSON @ repetition 49 of 100[39m[90m      [39m [90m1.67s[39m  
  [31;1m⨯[39;22m[90m [39m[90mFilament TariffResource can update tariff configuration and maintain valid JSON @ repetition 50 of 100[39m[90m      [39m [90m1.12s[39m  
  [31;1m⨯[39;22m[90m [39m[90mFilament TariffResource can update tariff configuration and maintain valid JSON @ repetition 51 of 100[39m[90m      [39m [90m0.89s[39m  
  [31;1m⨯[39;22m[90m [39m[90mFilament TariffResource can update tariff configuration and maintain valid JSON @ repetition 52 of 100[39m[90m      [39m [90m1.73s[39m  
  [31;1m⨯[39;22m[90m [39m[90mFilament TariffResource can update tariff configuration and maintain valid JSON @ repetition 53 of 100[39m[90m      [39m [90m0.95s[39m  
  [31;1m⨯[39;22m[90m [39m[90mFilament TariffResource can update tariff configuration and maintain valid JSON @ repetition 54 of 100[39m[90m      [39m [90m1.77s[39m  
  [31;1m⨯[39;22m[90m [39m[90mFilament TariffResource can update tariff configuration and maintain valid JSON @ repetition 55 of 100[39m[90m      [39m [90m1.12s[39m  
  [31;1m⨯[39;22m[90m [39m[90mFilament TariffResource can update tariff configuration and maintain valid JSON @ repetition 56 of 100[39m[90m      [39m [90m1.82s[39m  
  [31;1m⨯[39;22m[90m [39m[90mFilament TariffResource can update tariff configuration and maintain valid JSON @ repetition 57 of 100[39m[90m      [39m [90m0.99s[39m  
  [31;1m⨯[39;22m[90m [39m[90mFilament TariffResource can update tariff configuration and maintain valid JSON @ repetition 58 of 100[39m[90m      [39m [90m1.99s[39m  
  [31;1m⨯[39;22m[90m [39m[90mFilament TariffResource can update tariff configuration and maintain valid JSON @ repetition 59 of 100[39m[90m      [39m [90m1.87s[39m  
  [31;1m⨯[39;22m[90m [39m[90mFilament TariffResource can update tariff configuration and maintain valid JSON @ repetition 60 of 100[39m[90m      [39m [90m1.22s[39m  
  [31;1m⨯[39;22m[90m [39m[90mFilament TariffResource can update tariff configuration and maintain valid JSON @ repetition 61 of 100[39m[90m      [39m [90m1.94s[39m  
  [31;1m⨯[39;22m[90m [39m[90mFilament TariffResource can update tariff configuration and maintain valid JSON @ repetition 62 of 100[39m[90m      [39m [90m2.10s[39m  
  [31;1m⨯[39;22m[90m [39m[90mFilament TariffResource can update tariff configuration and maintain valid JSON @ repetition 63 of 100[39m[90m      [39m [90m3.46s[39m  
  [31;1m⨯[39;22m[90m [39m[90mFilament TariffResource can update tariff configuration and maintain valid JSON @ repetition 64 of 100[39m[90m      [39m [90m3.37s[39m  
  [31;1m⨯[39;22m[90m [39m[90mFilament TariffResource can update tariff configuration and maintain valid JSON @ repetition 65 of 100[39m[90m      [39m [90m3.56s[39m  
  [31;1m⨯[39;22m[90m [39m[90mFilament TariffResource can update tariff configuration and maintain valid JSON @ repetition 66 of 100[39m[90m      [39m [90m3.51s[39m  
  [31;1m⨯[39;22m[90m [39m[90mFilament TariffResource can update tariff configuration and maintain valid JSON @ repetition 67 of 100[39m[90m      [39m [90m3.27s[39m  
  [31;1m⨯[39;22m[90m [39m[90mFilament TariffResource can update tariff configuration and maintain valid JSON @ repetition 68 of 100[39m[90m      [39m [90m3.66s[39m  
  [31;1m⨯[39;22m[90m [39m[90mFilament TariffResource can update tariff configuration and maintain valid JSON @ repetition 69 of 100[39m[90m      [39m [90m3.18s[39m  
  [31;1m⨯[39;22m[90m [39m[90mFilament TariffResource can update tariff configuration and maintain valid JSON @ repetition 70 of 100[39m[90m      [39m [90m2.87s[39m  
  [31;1m⨯[39;22m[90m [39m[90mFilament TariffResource can update tariff configuration and maintain valid JSON @ repetition 71 of 100[39m[90m      [39m [90m3.16s[39m  
  [31;1m⨯[39;22m[90m [39m[90mFilament TariffResource can update tariff configuration and maintain valid JSON @ repetition 72 of 100[39m[90m      [39m [90m2.82s[39m  
  [31;1m⨯[39;22m[90m [39m[90mFilament TariffResource can update tariff configuration and maintain valid JSON @ repetition 73 of 100[39m[90m      [39m [90m2.49s[39m  
  [31;1m⨯[39;22m[90m [39m[90mFilament TariffResource can update tariff configuration and maintain valid JSON @ repetition 74 of 100[39m[90m      [39m [90m2.93s[39m  
  [31;1m⨯[39;22m[90m [39m[90mFilament TariffResource can update tariff configuration and maintain valid JSON @ repetition 75 of 100[39m[90m      [39m [90m2.75s[39m  
  [31;1m⨯[39;22m[90m [39m[90mFilament TariffResource can update tariff configuration and maintain valid JSON @ repetition 76 of 100[39m[90m      [39m [90m2.38s[39m  
  [31;1m⨯[39;22m[90m [39m[90mFilament TariffResource can update tariff configuration and maintain valid JSON @ repetition 77 of 100[39m[90m      [39m [90m2.61s[39m  
  [31;1m⨯[39;22m[90m [39m[90mFilament TariffResource can update tariff configuration and maintain valid JSON @ repetition 78 of 100[39m[90m      [39m [90m2.59s[39m  
  [31;1m⨯[39;22m[90m [39m[90mFilament TariffResource can update tariff configuration and maintain valid JSON @ repetition 79 of 100[39m[90m      [39m [90m2.33s[39m  
  [31;1m⨯[39;22m[90m [39m[90mFilament TariffResource can update tariff configuration and maintain valid JSON @ repetition 80 of 100[39m[90m      [39m [90m2.64s[39m  
  [31;1m⨯[39;22m[90m [39m[90mFilament TariffResource can update tariff configuration and maintain valid JSON @ repetition 81 of 100[39m[90m      [39m [90m2.41s[39m  
  [31;1m⨯[39;22m[90m [39m[90mFilament TariffResource can update tariff configuration and maintain valid JSON @ repetition 82 of 100[39m[90m      [39m [90m2.40s[39m  
  [31;1m⨯[39;22m[90m [39m[90mFilament TariffResource can update tariff configuration and maintain valid JSON @ repetition 83 of 100[39m[90m      [39m [90m2.68s[39m  
  [31;1m⨯[39;22m[90m [39m[90mFilament TariffResource can update tariff configuration and maintain valid JSON @ repetition 84 of 100[39m[90m      [39m [90m2.63s[39m  
  [31;1m⨯[39;22m[90m [39m[90mFilament TariffResource can update tariff configuration and maintain valid JSON @ repetition 85 of 100[39m[90m      [39m [90m2.51s[39m  
  [31;1m⨯[39;22m[90m [39m[90mFilament TariffResource can update tariff configuration and maintain valid JSON @ repetition 86 of 100[39m[90m      [39m [90m2.76s[39m  
  [31;1m⨯[39;22m[90m [39m[90mFilament TariffResource can update tariff configuration and maintain valid JSON @ repetition 87 of 100[39m[90m      [39m [90m2.49s[39m  
  [31;1m⨯[39;22m[90m [39m[90mFilament TariffResource can update tariff configuration and maintain valid JSON @ repetition 88 of 100[39m[90m      [39m [90m2.54s[39m  
  [31;1m⨯[39;22m[90m [39m[90mFilament TariffResource can update tariff configuration and maintain valid JSON @ repetition 89 of 100[39m[90m      [39m [90m2.71s[39m  
  [31;1m⨯[39;22m[90m [39m[90mFilament TariffResource can update tariff configuration and maintain valid JSON @ repetition 90 of 100[39m[90m      [39m [90m2.41s[39m  
  [31;1m⨯[39;22m[90m [39m[90mFilament TariffResource can update tariff configuration and maintain valid JSON @ repetition 91 of 100[39m[90m      [39m [90m2.31s[39m  
  [31;1m⨯[39;22m[90m [39m[90mFilament TariffResource can update tariff configuration and maintain valid JSON @ repetition 92 of 100[39m[90m      [39m [90m2.76s[39m  
  [31;1m⨯[39;22m[90m [39m[90mFilament TariffResource can update tariff configuration and maintain valid JSON @ repetition 93 of 100[39m[90m      [39m [90m2.54s[39m  
  [31;1m⨯[39;22m[90m [39m[90mFilament TariffResource can update tariff configuration and maintain valid JSON @ repetition 94 of 100[39m[90m      [39m [90m2.36s[39m  
  [31;1m⨯[39;22m[90m [39m[90mFilament TariffResource can update tariff configuration and maintain valid JSON @ repetition 95 of 100[39m[90m      [39m [90m2.69s[39m  
  [31;1m⨯[39;22m[90m [39m[90mFilament TariffResource can update tariff configuration and maintain valid JSON @ repetition 96 of 100[39m[90m      [39m [90m2.62s[39m  
  [31;1m⨯[39;22m[90m [39m[90mFilament TariffResource can update tariff configuration and maintain valid JSON @ repetition 97 of 100[39m[90m      [39m [90m2.35s[39m  
  [31;1m⨯[39;22m[90m [39m[90mFilament TariffResource can update tariff configuration and maintain valid JSON @ repetition 98 of 100[39m[90m      [39m [90m2.68s[39m  
  [31;1m⨯[39;22m[90m [39m[90mFilament TariffResource can update tariff configuration and maintain valid JSON @ repetition 99 of 100[39m[90m      [39m [90m2.70s[39m  
  [31;1m⨯[39;22m[90m [39m[90mFilament TariffResource can update tariff configuration and maintain valid JSON @ repetition 100 of 100[39m[90m     [39m [90m2.55s[39m  
